CONFIG SEC=0 CACHE=1 PRED=0 DUAL=0 MODE=0 ZC=0 SCR=0 ICECC=0 OFFSET=1 PMP=0
C 3 00000000 0 0 0 1 0 0
C 4 00000000 0 0 0 1 1 0
C 5 00000000 0 0 0 0 4 0
CSRDBG 6 addr=007 priv=3 dec=0 csr=0 raw=1 pw=0 dbg=0 op=0
C 6 00000080 1 0 0 0 5 0
W 7 1 00000007 000000000
CSRDBG 7 addr=008 priv=3 dec=0 csr=0 raw=1 pw=0 dbg=0 op=0
C 7 00000084 1 0 0 0 5 0
CSRDBG 8 addr=008 priv=3 dec=0 csr=0 raw=1 pw=0 dbg=0 op=0
R 8 1 00000080 00700093
C 8 00000084 1 0 0 1 6 0
R 9 2 00000084 00800113
C 9 00000084 0 0 0 0 5 0
CSRDBG 10 addr=342 priv=3 dec=0 csr=0 raw=0 pw=0 dbg=0 op=0
C 10 00000000 1 0 0 0 5 0
W 11 10 00000001 000000000
CSRDBG 11 addr=341 priv=3 dec=0 csr=0 raw=0 pw=0 dbg=0 op=0
C 11 00000004 1 0 0 0 5 0
W 12 11 00000084 000000000
CSRDBG 12 addr=343 priv=3 dec=0 csr=0 raw=0 pw=0 dbg=0 op=0
R 12 3 00000000 34202573
C 12 00000008 1 0 0 0 5 0
W 13 12 00000084 000000000
CSRDBG 13 addr=077 priv=3 dec=0 csr=0 raw=1 pw=0 dbg=0 op=0
R 13 4 00000004 341025f3
C 13 0000000c 1 0 0 0 5 0
W 14 15 00000077 000000000
CSRDBG 14 addr=000 priv=3 dec=0 csr=0 raw=1 pw=0 dbg=0 op=0
R 14 5 00000008 34302673
C 14 00000010 1 0 0 1 5 0
R 15 6 0000000c 07700793
C 15 00000010 0 0 0 0 5 0
CSRDBG 16 addr=000 priv=3 dec=0 csr=0 raw=1 pw=0 dbg=0 op=0
R 16 7 00000010 0000006f
C 16 00000010 1 0 0 1 5 0
C 17 00000010 0 0 0 0 5 0
CSRDBG 18 addr=000 priv=3 dec=0 csr=0 raw=1 pw=0 dbg=0 op=0
R 18 8 00000010 0000006f
C 18 00000010 1 0 0 1 5 0
C 19 00000010 0 0 0 0 5 0
CSRDBG 20 addr=000 priv=3 dec=0 csr=0 raw=1 pw=0 dbg=0 op=0
R 20 9 00000010 0000006f
C 20 00000010 1 0 0 1 5 0
C 21 00000010 0 0 0 0 5 0
CSRDBG 22 addr=000 priv=3 dec=0 csr=0 raw=1 pw=0 dbg=0 op=0
R 22 10 00000010 0000006f
C 22 00000010 1 0 0 1 5 0
C 23 00000010 0 0 0 0 5 0
CSRDBG 24 addr=000 priv=3 dec=0 csr=0 raw=1 pw=0 dbg=0 op=0
R 24 11 00000010 0000006f
C 24 00000010 1 0 0 1 5 0
C 25 00000010 0 0 0 0 5 0
CSRDBG 26 addr=000 priv=3 dec=0 csr=0 raw=1 pw=0 dbg=0 op=0
R 26 12 00000010 0000006f
C 26 00000010 1 0 0 1 5 0
C 27 00000010 0 0 0 0 5 0
CSRDBG 28 addr=000 priv=3 dec=0 csr=0 raw=1 pw=0 dbg=0 op=0
R 28 13 00000010 0000006f
C 28 00000010 1 0 0 1 5 0
C 29 00000010 0 0 0 0 5 0
CSRDBG 30 addr=000 priv=3 dec=0 csr=0 raw=1 pw=0 dbg=0 op=0
R 30 14 00000010 0000006f
C 30 00000010 1 0 0 1 5 0
C 31 00000010 0 0 0 0 5 0
CSRDBG 32 addr=000 priv=3 dec=0 csr=0 raw=1 pw=0 dbg=0 op=0
R 32 15 00000010 0000006f
C 32 00000010 1 0 0 1 5 0
C 33 00000010 0 0 0 0 5 0
CSRDBG 34 addr=000 priv=3 dec=0 csr=0 raw=1 pw=0 dbg=0 op=0
R 34 16 00000010 0000006f
C 34 00000010 1 0 0 1 5 0
C 35 00000010 0 0 0 0 5 0
CSRDBG 36 addr=000 priv=3 dec=0 csr=0 raw=1 pw=0 dbg=0 op=0
R 36 17 00000010 0000006f
C 36 00000010 1 0 0 1 5 0
C 37 00000010 0 0 0 0 5 0
CSRDBG 38 addr=000 priv=3 dec=0 csr=0 raw=1 pw=0 dbg=0 op=0
R 38 18 00000010 0000006f
C 38 00000010 1 0 0 1 5 0
C 39 00000010 0 0 0 0 5 0
CSRDBG 40 addr=000 priv=3 dec=0 csr=0 raw=1 pw=0 dbg=0 op=0
R 40 19 00000010 0000006f
C 40 00000010 1 0 0 1 5 0
C 41 00000010 0 0 0 0 5 0
CSRDBG 42 addr=000 priv=3 dec=0 csr=0 raw=1 pw=0 dbg=0 op=0
R 42 20 00000010 0000006f
C 42 00000010 1 0 0 1 5 0
C 43 00000010 0 0 0 0 5 0
CSRDBG 44 addr=000 priv=3 dec=0 csr=0 raw=1 pw=0 dbg=0 op=0
R 44 21 00000010 0000006f
C 44 00000010 1 0 0 1 5 0
C 45 00000010 0 0 0 0 5 0
CSRDBG 46 addr=000 priv=3 dec=0 csr=0 raw=1 pw=0 dbg=0 op=0
R 46 22 00000010 0000006f
C 46 00000010 1 0 0 1 5 0
C 47 00000010 0 0 0 0 5 0
CSRDBG 48 addr=000 priv=3 dec=0 csr=0 raw=1 pw=0 dbg=0 op=0
R 48 23 00000010 0000006f
C 48 00000010 1 0 0 1 5 0
C 49 00000010 0 0 0 0 5 0
CSRDBG 50 addr=000 priv=3 dec=0 csr=0 raw=1 pw=0 dbg=0 op=0
R 50 24 00000010 0000006f
C 50 00000010 1 0 0 1 5 0
C 51 00000010 0 0 0 0 5 0
CSRDBG 52 addr=000 priv=3 dec=0 csr=0 raw=1 pw=0 dbg=0 op=0
R 52 25 00000010 0000006f
C 52 00000010 1 0 0 1 5 0
C 53 00000010 0 0 0 0 5 0
CSRDBG 54 addr=000 priv=3 dec=0 csr=0 raw=1 pw=0 dbg=0 op=0
R 54 26 00000010 0000006f
C 54 00000010 1 0 0 1 5 0
C 55 00000010 0 0 0 0 5 0
CSRDBG 56 addr=000 priv=3 dec=0 csr=0 raw=1 pw=0 dbg=0 op=0
R 56 27 00000010 0000006f
C 56 00000010 1 0 0 1 5 0
C 57 00000010 0 0 0 0 5 0
CSRDBG 58 addr=000 priv=3 dec=0 csr=0 raw=1 pw=0 dbg=0 op=0
R 58 28 00000010 0000006f
C 58 00000010 1 0 0 1 5 0
C 59 00000010 0 0 0 0 5 0
CSRDBG 60 addr=000 priv=3 dec=0 csr=0 raw=1 pw=0 dbg=0 op=0
R 60 29 00000010 0000006f
C 60 00000010 1 0 0 1 5 0
C 61 00000010 0 0 0 0 5 0
CSRDBG 62 addr=000 priv=3 dec=0 csr=0 raw=1 pw=0 dbg=0 op=0
R 62 30 00000010 0000006f
C 62 00000010 1 0 0 1 5 0
C 63 00000010 0 0 0 0 5 0
CSRDBG 64 addr=000 priv=3 dec=0 csr=0 raw=1 pw=0 dbg=0 op=0
R 64 31 00000010 0000006f
C 64 00000010 1 0 0 1 5 0
C 65 00000010 0 0 0 0 5 0
CSRDBG 66 addr=000 priv=3 dec=0 csr=0 raw=1 pw=0 dbg=0 op=0
R 66 32 00000010 0000006f
C 66 00000010 1 0 0 1 5 0
C 67 00000010 0 0 0 0 5 0
CSRDBG 68 addr=000 priv=3 dec=0 csr=0 raw=1 pw=0 dbg=0 op=0
R 68 33 00000010 0000006f
C 68 00000010 1 0 0 1 5 0
C 69 00000010 0 0 0 0 5 0
CSRDBG 70 addr=000 priv=3 dec=0 csr=0 raw=1 pw=0 dbg=0 op=0
R 70 34 00000010 0000006f
C 70 00000010 1 0 0 1 5 0
C 71 00000010 0 0 0 0 5 0
CSRDBG 72 addr=000 priv=3 dec=0 csr=0 raw=1 pw=0 dbg=0 op=0
R 72 35 00000010 0000006f
C 72 00000010 1 0 0 1 5 0
C 73 00000010 0 0 0 0 5 0
CSRDBG 74 addr=000 priv=3 dec=0 csr=0 raw=1 pw=0 dbg=0 op=0
R 74 36 00000010 0000006f
C 74 00000010 1 0 0 1 5 0
C 75 00000010 0 0 0 0 5 0
CSRDBG 76 addr=000 priv=3 dec=0 csr=0 raw=1 pw=0 dbg=0 op=0
R 76 37 00000010 0000006f
C 76 00000010 1 0 0 1 5 0
C 77 00000010 0 0 0 0 5 0
CSRDBG 78 addr=000 priv=3 dec=0 csr=0 raw=1 pw=0 dbg=0 op=0
R 78 38 00000010 0000006f
C 78 00000010 1 0 0 1 5 0
C 79 00000010 0 0 0 0 5 0
R 80 39 00000010 0000006f
C 80 00000010 1 0 0 1 5 0
C 81 00000010 0 0 0 0 5 0
R 82 40 00000010 0000006f
C 82 00000010 1 0 0 1 5 0
C 83 00000010 0 0 0 0 5 0
R 84 41 00000010 0000006f
C 84 00000010 1 0 0 1 5 0
C 85 00000010 0 0 0 0 5 0
R 86 42 00000010 0000006f
C 86 00000010 1 0 0 1 5 0
C 87 00000010 0 0 0 0 5 0
R 88 43 00000010 0000006f
C 88 00000010 1 0 0 1 5 0
C 89 00000010 0 0 0 0 5 0
R 90 44 00000010 0000006f
C 90 00000010 1 0 0 1 5 0
C 91 00000010 0 0 0 0 5 0
R 92 45 00000010 0000006f
C 92 00000010 1 0 0 1 5 0
C 93 00000010 0 0 0 0 5 0
R 94 46 00000010 0000006f
C 94 00000010 1 0 0 1 5 0
C 95 00000010 0 0 0 0 5 0
R 96 47 00000010 0000006f
C 96 00000010 1 0 0 1 5 0
C 97 00000010 0 0 0 0 5 0
R 98 48 00000010 0000006f
C 98 00000010 1 0 0 1 5 0
C 99 00000010 0 0 0 0 5 0
R 100 49 00000010 0000006f
C 100 00000010 1 0 0 1 5 0
C 101 00000010 0 0 0 0 5 0
R 102 50 00000010 0000006f
C 102 00000010 1 0 0 1 5 0
C 103 00000010 0 0 0 0 5 0
R 104 51 00000010 0000006f
C 104 00000010 1 0 0 1 5 0
C 105 00000010 0 0 0 0 5 0
R 106 52 00000010 0000006f
C 106 00000010 1 0 0 1 5 0
C 107 00000010 0 0 0 0 5 0
R 108 53 00000010 0000006f
C 108 00000010 1 0 0 1 5 0
C 109 00000010 0 0 0 0 5 0
R 110 54 00000010 0000006f
C 110 00000010 1 0 0 1 5 0
C 111 00000010 0 0 0 0 5 0
R 112 55 00000010 0000006f
C 112 00000010 1 0 0 1 5 0
C 113 00000010 0 0 0 0 5 0
R 114 56 00000010 0000006f
C 114 00000010 1 0 0 1 5 0
C 115 00000010 0 0 0 0 5 0
R 116 57 00000010 0000006f
C 116 00000010 1 0 0 1 5 0
C 117 00000010 0 0 0 0 5 0
R 118 58 00000010 0000006f
C 118 00000010 1 0 0 1 5 0
C 119 00000010 0 0 0 0 5 0
R 120 59 00000010 0000006f
C 120 00000010 1 0 0 1 5 0
C 121 00000010 0 0 0 0 5 0
R 122 60 00000010 0000006f
C 122 00000010 1 0 0 1 5 0
C 123 00000010 0 0 0 0 5 0
R 124 61 00000010 0000006f
C 124 00000010 1 0 0 1 5 0
C 125 00000010 0 0 0 0 5 0
R 126 62 00000010 0000006f
C 126 00000010 1 0 0 1 5 0
C 127 00000010 0 0 0 0 5 0
R 128 63 00000010 0000006f
C 128 00000010 1 0 0 1 5 0
C 129 00000010 0 0 0 0 5 0
R 130 64 00000010 0000006f
C 130 00000010 1 0 0 1 5 0
C 131 00000010 0 0 0 0 5 0
R 132 65 00000010 0000006f
C 132 00000010 1 0 0 1 5 0
C 133 00000010 0 0 0 0 5 0
R 134 66 00000010 0000006f
C 134 00000010 1 0 0 1 5 0
C 135 00000010 0 0 0 0 5 0
R 136 67 00000010 0000006f
C 136 00000010 1 0 0 1 5 0
C 137 00000010 0 0 0 0 5 0
R 138 68 00000010 0000006f
C 138 00000010 1 0 0 1 5 0
C 139 00000010 0 0 0 0 5 0
R 140 69 00000010 0000006f
C 140 00000010 1 0 0 1 5 0
C 141 00000010 0 0 0 0 5 0
R 142 70 00000010 0000006f
C 142 00000010 1 0 0 1 5 0
C 143 00000010 0 0 0 0 5 0
R 144 71 00000010 0000006f
C 144 00000010 1 0 0 1 5 0
C 145 00000010 0 0 0 0 5 0
R 146 72 00000010 0000006f
C 146 00000010 1 0 0 1 5 0
C 147 00000010 0 0 0 0 5 0
R 148 73 00000010 0000006f
C 148 00000010 1 0 0 1 5 0
C 149 00000010 0 0 0 0 5 0
R 150 74 00000010 0000006f
C 150 00000010 1 0 0 1 5 0
C 151 00000010 0 0 0 0 5 0
R 152 75 00000010 0000006f
C 152 00000010 1 0 0 1 5 0
C 153 00000010 0 0 0 0 5 0
R 154 76 00000010 0000006f
C 154 00000010 1 0 0 1 5 0
C 155 00000010 0 0 0 0 5 0
R 156 77 00000010 0000006f
C 156 00000010 1 0 0 1 5 0
C 157 00000010 0 0 0 0 5 0
R 158 78 00000010 0000006f
C 158 00000010 1 0 0 1 5 0
C 159 00000010 0 0 0 0 5 0
R 160 79 00000010 0000006f
C 160 00000010 1 0 0 1 5 0
C 161 00000010 0 0 0 0 5 0
R 162 80 00000010 0000006f
C 162 00000010 1 0 0 1 5 0
C 163 00000010 0 0 0 0 5 0
R 164 81 00000010 0000006f
C 164 00000010 1 0 0 1 5 0
C 165 00000010 0 0 0 0 5 0
R 166 82 00000010 0000006f
C 166 00000010 1 0 0 1 5 0
C 167 00000010 0 0 0 0 5 0
R 168 83 00000010 0000006f
C 168 00000010 1 0 0 1 5 0
C 169 00000010 0 0 0 0 5 0
R 170 84 00000010 0000006f
C 170 00000010 1 0 0 1 5 0
C 171 00000010 0 0 0 0 5 0
R 172 85 00000010 0000006f
C 172 00000010 1 0 0 1 5 0
C 173 00000010 0 0 0 0 5 0
R 174 86 00000010 0000006f
C 174 00000010 1 0 0 1 5 0
C 175 00000010 0 0 0 0 5 0
R 176 87 00000010 0000006f
C 176 00000010 1 0 0 1 5 0
C 177 00000010 0 0 0 0 5 0
R 178 88 00000010 0000006f
C 178 00000010 1 0 0 1 5 0
C 179 00000010 0 0 0 0 5 0
R 180 89 00000010 0000006f
R 182 90 00000010 0000006f
R 184 91 00000010 0000006f
R 186 92 00000010 0000006f
R 188 93 00000010 0000006f
R 190 94 00000010 0000006f
R 192 95 00000010 0000006f
R 194 96 00000010 0000006f
R 196 97 00000010 0000006f
R 198 98 00000010 0000006f
R 200 99 00000010 0000006f
R 202 100 00000010 0000006f
R 204 101 00000010 0000006f
R 206 102 00000010 0000006f
R 208 103 00000010 0000006f
R 210 104 00000010 0000006f
R 212 105 00000010 0000006f
R 214 106 00000010 0000006f
R 216 107 00000010 0000006f
R 218 108 00000010 0000006f
R 220 109 00000010 0000006f
R 222 110 00000010 0000006f
R 224 111 00000010 0000006f
R 226 112 00000010 0000006f
R 228 113 00000010 0000006f
R 230 114 00000010 0000006f
R 232 115 00000010 0000006f
R 234 116 00000010 0000006f
R 236 117 00000010 0000006f
R 238 118 00000010 0000006f
R 240 119 00000010 0000006f
R 242 120 00000010 0000006f
R 244 121 00000010 0000006f
R 246 122 00000010 0000006f
R 248 123 00000010 0000006f
R 250 124 00000010 0000006f
R 252 125 00000010 0000006f
R 254 126 00000010 0000006f
R 256 127 00000010 0000006f
R 258 128 00000010 0000006f
R 260 129 00000010 0000006f
R 262 130 00000010 0000006f
R 264 131 00000010 0000006f
R 266 132 00000010 0000006f
R 268 133 00000010 0000006f
R 270 134 00000010 0000006f
R 272 135 00000010 0000006f
R 274 136 00000010 0000006f
R 276 137 00000010 0000006f
R 278 138 00000010 0000006f
R 280 139 00000010 0000006f
R 282 140 00000010 0000006f
R 284 141 00000010 0000006f
R 286 142 00000010 0000006f
R 288 143 00000010 0000006f
R 290 144 00000010 0000006f
R 292 145 00000010 0000006f
R 294 146 00000010 0000006f
R 296 147 00000010 0000006f
R 298 148 00000010 0000006f
R 300 149 00000010 0000006f
R 302 150 00000010 0000006f
R 304 151 00000010 0000006f
R 306 152 00000010 0000006f
R 308 153 00000010 0000006f
R 310 154 00000010 0000006f
R 312 155 00000010 0000006f
R 314 156 00000010 0000006f
R 316 157 00000010 0000006f
R 318 158 00000010 0000006f
R 320 159 00000010 0000006f
R 322 160 00000010 0000006f
R 324 161 00000010 0000006f
R 326 162 00000010 0000006f
R 328 163 00000010 0000006f
R 330 164 00000010 0000006f
R 332 165 00000010 0000006f
R 334 166 00000010 0000006f
R 336 167 00000010 0000006f
R 338 168 00000010 0000006f
R 340 169 00000010 0000006f
R 342 170 00000010 0000006f
R 344 171 00000010 0000006f
R 346 172 00000010 0000006f
R 348 173 00000010 0000006f
R 350 174 00000010 0000006f
R 352 175 00000010 0000006f
R 354 176 00000010 0000006f
R 356 177 00000010 0000006f
R 358 178 00000010 0000006f
R 360 179 00000010 0000006f
R 362 180 00000010 0000006f
R 364 181 00000010 0000006f
R 366 182 00000010 0000006f
R 368 183 00000010 0000006f
R 370 184 00000010 0000006f
R 372 185 00000010 0000006f
R 374 186 00000010 0000006f
R 376 187 00000010 0000006f
R 378 188 00000010 0000006f
R 380 189 00000010 0000006f
R 382 190 00000010 0000006f
R 384 191 00000010 0000006f
R 386 192 00000010 0000006f
R 388 193 00000010 0000006f
R 390 194 00000010 0000006f
R 392 195 00000010 0000006f
R 394 196 00000010 0000006f
R 396 197 00000010 0000006f
R 398 198 00000010 0000006f
R 400 199 00000010 0000006f
R 402 200 00000010 0000006f
R 404 201 00000010 0000006f
R 406 202 00000010 0000006f
R 408 203 00000010 0000006f
R 410 204 00000010 0000006f
R 412 205 00000010 0000006f
R 414 206 00000010 0000006f
R 416 207 00000010 0000006f
R 418 208 00000010 0000006f
R 420 209 00000010 0000006f
R 422 210 00000010 0000006f
R 424 211 00000010 0000006f
R 426 212 00000010 0000006f
R 428 213 00000010 0000006f
R 430 214 00000010 0000006f
R 432 215 00000010 0000006f
R 434 216 00000010 0000006f
R 436 217 00000010 0000006f
R 438 218 00000010 0000006f
R 440 219 00000010 0000006f
R 442 220 00000010 0000006f
R 444 221 00000010 0000006f
R 446 222 00000010 0000006f
R 448 223 00000010 0000006f
R 450 224 00000010 0000006f
R 452 225 00000010 0000006f
R 454 226 00000010 0000006f
R 456 227 00000010 0000006f
R 458 228 00000010 0000006f
R 460 229 00000010 0000006f
R 462 230 00000010 0000006f
R 464 231 00000010 0000006f
R 466 232 00000010 0000006f
R 468 233 00000010 0000006f
R 470 234 00000010 0000006f
R 472 235 00000010 0000006f
R 474 236 00000010 0000006f
R 476 237 00000010 0000006f
R 478 238 00000010 0000006f
R 480 239 00000010 0000006f
R 482 240 00000010 0000006f
R 484 241 00000010 0000006f
R 486 242 00000010 0000006f
R 488 243 00000010 0000006f
R 490 244 00000010 0000006f
R 492 245 00000010 0000006f
R 494 246 00000010 0000006f
R 496 247 00000010 0000006f
R 498 248 00000010 0000006f
R 500 249 00000010 0000006f
R 502 250 00000010 0000006f
R 504 251 00000010 0000006f
R 506 252 00000010 0000006f
R 508 253 00000010 0000006f
R 510 254 00000010 0000006f
R 512 255 00000010 0000006f
R 514 256 00000010 0000006f
R 516 257 00000010 0000006f
R 518 258 00000010 0000006f
R 520 259 00000010 0000006f
R 522 260 00000010 0000006f
R 524 261 00000010 0000006f
R 526 262 00000010 0000006f
R 528 263 00000010 0000006f
R 530 264 00000010 0000006f
R 532 265 00000010 0000006f
R 534 266 00000010 0000006f
R 536 267 00000010 0000006f
R 538 268 00000010 0000006f
R 540 269 00000010 0000006f
R 542 270 00000010 0000006f
R 544 271 00000010 0000006f
R 546 272 00000010 0000006f
R 548 273 00000010 0000006f
R 550 274 00000010 0000006f
R 552 275 00000010 0000006f
R 554 276 00000010 0000006f
R 556 277 00000010 0000006f
R 558 278 00000010 0000006f
R 560 279 00000010 0000006f
R 562 280 00000010 0000006f
R 564 281 00000010 0000006f
R 566 282 00000010 0000006f
R 568 283 00000010 0000006f
R 570 284 00000010 0000006f
R 572 285 00000010 0000006f
R 574 286 00000010 0000006f
R 576 287 00000010 0000006f
R 578 288 00000010 0000006f
R 580 289 00000010 0000006f
R 582 290 00000010 0000006f
R 584 291 00000010 0000006f
R 586 292 00000010 0000006f
R 588 293 00000010 0000006f
R 590 294 00000010 0000006f
R 592 295 00000010 0000006f
R 594 296 00000010 0000006f
R 596 297 00000010 0000006f
R 598 298 00000010 0000006f
R 600 299 00000010 0000006f
R 602 300 00000010 0000006f
R 604 301 00000010 0000006f
R 606 302 00000010 0000006f
R 608 303 00000010 0000006f
R 610 304 00000010 0000006f
R 612 305 00000010 0000006f
R 614 306 00000010 0000006f
R 616 307 00000010 0000006f
R 618 308 00000010 0000006f
R 620 309 00000010 0000006f
R 622 310 00000010 0000006f
R 624 311 00000010 0000006f
R 626 312 00000010 0000006f
R 628 313 00000010 0000006f
R 630 314 00000010 0000006f
R 632 315 00000010 0000006f
R 634 316 00000010 0000006f
R 636 317 00000010 0000006f
R 638 318 00000010 0000006f
R 640 319 00000010 0000006f
R 642 320 00000010 0000006f
R 644 321 00000010 0000006f
R 646 322 00000010 0000006f
R 648 323 00000010 0000006f
R 650 324 00000010 0000006f
R 652 325 00000010 0000006f
R 654 326 00000010 0000006f
R 656 327 00000010 0000006f
R 658 328 00000010 0000006f
R 660 329 00000010 0000006f
R 662 330 00000010 0000006f
R 664 331 00000010 0000006f
R 666 332 00000010 0000006f
R 668 333 00000010 0000006f
R 670 334 00000010 0000006f
R 672 335 00000010 0000006f
R 674 336 00000010 0000006f
R 676 337 00000010 0000006f
R 678 338 00000010 0000006f
R 680 339 00000010 0000006f
R 682 340 00000010 0000006f
R 684 341 00000010 0000006f
R 686 342 00000010 0000006f
R 688 343 00000010 0000006f
R 690 344 00000010 0000006f
R 692 345 00000010 0000006f
R 694 346 00000010 0000006f
R 696 347 00000010 0000006f
R 698 348 00000010 0000006f
R 700 349 00000010 0000006f
R 702 350 00000010 0000006f
R 704 351 00000010 0000006f
R 706 352 00000010 0000006f
R 708 353 00000010 0000006f
R 710 354 00000010 0000006f
R 712 355 00000010 0000006f
R 714 356 00000010 0000006f
R 716 357 00000010 0000006f
R 718 358 00000010 0000006f
R 720 359 00000010 0000006f
R 722 360 00000010 0000006f
R 724 361 00000010 0000006f
R 726 362 00000010 0000006f
R 728 363 00000010 0000006f
R 730 364 00000010 0000006f
R 732 365 00000010 0000006f
R 734 366 00000010 0000006f
R 736 367 00000010 0000006f
R 738 368 00000010 0000006f
R 740 369 00000010 0000006f
R 742 370 00000010 0000006f
R 744 371 00000010 0000006f
R 746 372 00000010 0000006f
R 748 373 00000010 0000006f
R 750 374 00000010 0000006f
R 752 375 00000010 0000006f
R 754 376 00000010 0000006f
R 756 377 00000010 0000006f
R 758 378 00000010 0000006f
R 760 379 00000010 0000006f
R 762 380 00000010 0000006f
R 764 381 00000010 0000006f
R 766 382 00000010 0000006f
R 768 383 00000010 0000006f
R 770 384 00000010 0000006f
R 772 385 00000010 0000006f
R 774 386 00000010 0000006f
R 776 387 00000010 0000006f
R 778 388 00000010 0000006f
R 780 389 00000010 0000006f
R 782 390 00000010 0000006f
R 784 391 00000010 0000006f
R 786 392 00000010 0000006f
R 788 393 00000010 0000006f
R 790 394 00000010 0000006f
R 792 395 00000010 0000006f
R 794 396 00000010 0000006f
R 796 397 00000010 0000006f
R 798 398 00000010 0000006f
R 800 399 00000010 0000006f
R 802 400 00000010 0000006f
R 804 401 00000010 0000006f
R 806 402 00000010 0000006f
R 808 403 00000010 0000006f
R 810 404 00000010 0000006f
R 812 405 00000010 0000006f
R 814 406 00000010 0000006f
R 816 407 00000010 0000006f
R 818 408 00000010 0000006f
R 820 409 00000010 0000006f
R 822 410 00000010 0000006f
R 824 411 00000010 0000006f
R 826 412 00000010 0000006f
R 828 413 00000010 0000006f
R 830 414 00000010 0000006f
R 832 415 00000010 0000006f
R 834 416 00000010 0000006f
R 836 417 00000010 0000006f
R 838 418 00000010 0000006f
R 840 419 00000010 0000006f
R 842 420 00000010 0000006f
R 844 421 00000010 0000006f
R 846 422 00000010 0000006f
R 848 423 00000010 0000006f
R 850 424 00000010 0000006f
R 852 425 00000010 0000006f
R 854 426 00000010 0000006f
R 856 427 00000010 0000006f
R 858 428 00000010 0000006f
R 860 429 00000010 0000006f
R 862 430 00000010 0000006f
R 864 431 00000010 0000006f
R 866 432 00000010 0000006f
R 868 433 00000010 0000006f
R 870 434 00000010 0000006f
R 872 435 00000010 0000006f
R 874 436 00000010 0000006f
R 876 437 00000010 0000006f
R 878 438 00000010 0000006f
R 880 439 00000010 0000006f
R 882 440 00000010 0000006f
R 884 441 00000010 0000006f
R 886 442 00000010 0000006f
R 888 443 00000010 0000006f
R 890 444 00000010 0000006f
R 892 445 00000010 0000006f
R 894 446 00000010 0000006f
R 896 447 00000010 0000006f
R 898 448 00000010 0000006f
R 900 449 00000010 0000006f
R 902 450 00000010 0000006f
R 904 451 00000010 0000006f
R 906 452 00000010 0000006f
R 908 453 00000010 0000006f
R 910 454 00000010 0000006f
R 912 455 00000010 0000006f
R 914 456 00000010 0000006f
R 916 457 00000010 0000006f
R 918 458 00000010 0000006f
R 920 459 00000010 0000006f
R 922 460 00000010 0000006f
R 924 461 00000010 0000006f
R 926 462 00000010 0000006f
R 928 463 00000010 0000006f
R 930 464 00000010 0000006f
R 932 465 00000010 0000006f
R 934 466 00000010 0000006f
R 936 467 00000010 0000006f
R 938 468 00000010 0000006f
R 940 469 00000010 0000006f
R 942 470 00000010 0000006f
R 944 471 00000010 0000006f
R 946 472 00000010 0000006f
R 948 473 00000010 0000006f
R 950 474 00000010 0000006f
R 952 475 00000010 0000006f
R 954 476 00000010 0000006f
R 956 477 00000010 0000006f
R 958 478 00000010 0000006f
R 960 479 00000010 0000006f
R 962 480 00000010 0000006f
R 964 481 00000010 0000006f
R 966 482 00000010 0000006f
R 968 483 00000010 0000006f
R 970 484 00000010 0000006f
R 972 485 00000010 0000006f
R 974 486 00000010 0000006f
R 976 487 00000010 0000006f
R 978 488 00000010 0000006f
R 980 489 00000010 0000006f
R 982 490 00000010 0000006f
R 984 491 00000010 0000006f
R 986 492 00000010 0000006f
R 988 493 00000010 0000006f
R 990 494 00000010 0000006f
R 992 495 00000010 0000006f
R 994 496 00000010 0000006f
R 996 497 00000010 0000006f
R 998 498 00000010 0000006f
R 1000 499 00000010 0000006f
R 1002 500 00000010 0000006f
R 1004 501 00000010 0000006f
R 1006 502 00000010 0000006f
R 1008 503 00000010 0000006f
R 1010 504 00000010 0000006f
R 1012 505 00000010 0000006f
R 1014 506 00000010 0000006f
R 1016 507 00000010 0000006f
R 1018 508 00000010 0000006f
R 1020 509 00000010 0000006f
R 1022 510 00000010 0000006f
R 1024 511 00000010 0000006f
R 1026 512 00000010 0000006f
R 1028 513 00000010 0000006f
R 1030 514 00000010 0000006f
R 1032 515 00000010 0000006f
R 1034 516 00000010 0000006f
R 1036 517 00000010 0000006f
R 1038 518 00000010 0000006f
R 1040 519 00000010 0000006f
R 1042 520 00000010 0000006f
R 1044 521 00000010 0000006f
R 1046 522 00000010 0000006f
R 1048 523 00000010 0000006f
R 1050 524 00000010 0000006f
R 1052 525 00000010 0000006f
R 1054 526 00000010 0000006f
R 1056 527 00000010 0000006f
R 1058 528 00000010 0000006f
R 1060 529 00000010 0000006f
R 1062 530 00000010 0000006f
R 1064 531 00000010 0000006f
R 1066 532 00000010 0000006f
R 1068 533 00000010 0000006f
R 1070 534 00000010 0000006f
R 1072 535 00000010 0000006f
R 1074 536 00000010 0000006f
R 1076 537 00000010 0000006f
R 1078 538 00000010 0000006f
R 1080 539 00000010 0000006f
R 1082 540 00000010 0000006f
R 1084 541 00000010 0000006f
R 1086 542 00000010 0000006f
R 1088 543 00000010 0000006f
R 1090 544 00000010 0000006f
R 1092 545 00000010 0000006f
R 1094 546 00000010 0000006f
R 1096 547 00000010 0000006f
R 1098 548 00000010 0000006f
R 1100 549 00000010 0000006f
R 1102 550 00000010 0000006f
R 1104 551 00000010 0000006f
R 1106 552 00000010 0000006f
R 1108 553 00000010 0000006f
R 1110 554 00000010 0000006f
R 1112 555 00000010 0000006f
R 1114 556 00000010 0000006f
R 1116 557 00000010 0000006f
R 1118 558 00000010 0000006f
R 1120 559 00000010 0000006f
R 1122 560 00000010 0000006f
R 1124 561 00000010 0000006f
R 1126 562 00000010 0000006f
R 1128 563 00000010 0000006f
R 1130 564 00000010 0000006f
R 1132 565 00000010 0000006f
R 1134 566 00000010 0000006f
R 1136 567 00000010 0000006f
R 1138 568 00000010 0000006f
R 1140 569 00000010 0000006f
R 1142 570 00000010 0000006f
R 1144 571 00000010 0000006f
R 1146 572 00000010 0000006f
R 1148 573 00000010 0000006f
R 1150 574 00000010 0000006f
R 1152 575 00000010 0000006f
R 1154 576 00000010 0000006f
R 1156 577 00000010 0000006f
R 1158 578 00000010 0000006f
R 1160 579 00000010 0000006f
R 1162 580 00000010 0000006f
R 1164 581 00000010 0000006f
R 1166 582 00000010 0000006f
R 1168 583 00000010 0000006f
R 1170 584 00000010 0000006f
R 1172 585 00000010 0000006f
R 1174 586 00000010 0000006f
R 1176 587 00000010 0000006f
R 1178 588 00000010 0000006f
R 1180 589 00000010 0000006f
R 1182 590 00000010 0000006f
R 1184 591 00000010 0000006f
R 1186 592 00000010 0000006f
R 1188 593 00000010 0000006f
R 1190 594 00000010 0000006f
R 1192 595 00000010 0000006f
R 1194 596 00000010 0000006f
R 1196 597 00000010 0000006f
R 1198 598 00000010 0000006f
REG 0 00000000
REG 1 00000007
REG 2 00000000
REG 3 00000000
REG 4 00000000
REG 5 00000000
REG 6 00000000
REG 7 00000000
REG 8 00000000
REG 9 00000000
REG 10 00000001
REG 11 00000084
REG 12 00000084
REG 13 00000000
REG 14 00000000
REG 15 00000077
REG 16 00000000
REG 17 00000000
REG 18 00000000
REG 19 00000000
REG 20 00000000
REG 21 00000000
REG 22 00000000
REG 23 00000000
REG 24 00000000
REG 25 00000000
REG 26 00000000
REG 27 00000000
REG 28 00000000
REG 29 00000000
REG 30 00000000
REG 31 00000000
COUNTS sleep=1 clocks=1197 ai=0 ab=0 am=0 ifetch=1196 data=0 bitmap=0 hit=0 miss=0 dummy=0 expanded=0 predict=0 mispredict=0
FINISH
- /home/dungpc/ndmoney4porche/projects/ibex/doc/dungpc/microarchitecture/scripts/top_tb.sv:188: Verilog $finish
