CONFIG SEC=0 CACHE=1 PRED=0 DUAL=0 MODE=0 ZC=0 SCR=0 ICECC=0 OFFSET=1 PMP=0
C 3 00000000 0 0 0 1 0 0
C 4 00000000 0 0 0 1 1 0
C 5 00000000 0 0 0 0 4 0
CSRDBG 6 addr=001 priv=3 dec=0 csr=0 raw=1 pw=0 dbg=0 op=0
C 6 00000080 1 0 0 0 5 0
W 7 1 00000001 000000000
CSRDBG 7 addr=7c0 priv=3 dec=0 csr=0 raw=0 pw=0 dbg=0 op=1
C 7 00000084 1 0 0 0 5 0
CSRDBG 8 addr=7c0 priv=3 dec=0 csr=0 raw=0 pw=0 dbg=0 op=1
R 8 1 00000080 00100093
C 8 00000084 1 0 0 0 6 0
R 9 2 00000084 7c009073
C 9 00000084 0 0 0 0 5 0
CSRDBG 10 addr=0b4 priv=3 dec=0 csr=0 raw=1 pw=0 dbg=0 op=0
C 10 00000088 1 0 0 0 5 0
W 11 2 000000b4 000000000
CSRDBG 11 addr=fff priv=3 dec=0 csr=0 raw=1 pw=0 dbg=0 op=0
C 11 0000008c 1 0 0 0 5 0
W 12 2 000000b3 000000000
CSRDBG 12 addr=fe0 priv=3 dec=0 csr=0 raw=1 pw=0 dbg=0 op=0
R 12 3 00000088 0b400113
C 12 00000090 1 0 0 1 5 0
R 13 4 0000008c fff10113
C 13 00000090 0 0 0 0 5 0
CSRDBG 14 addr=fff priv=3 dec=0 csr=0 raw=1 pw=0 dbg=0 op=0
R 14 5 00000090 fe011ee3
C 14 0000008c 1 0 0 0 5 0
W 15 2 000000b2 000000000
C 15 0000008c 0 0 0 0 5 0
CSRDBG 16 addr=fe0 priv=3 dec=0 csr=0 raw=1 pw=0 dbg=0 op=0
R 16 6 0000008c fff10113
C 16 00000090 1 0 0 1 5 0
C 17 00000090 0 0 0 0 5 0
CSRDBG 18 addr=fff priv=3 dec=0 csr=0 raw=1 pw=0 dbg=0 op=0
R 18 7 00000090 fe011ee3
C 18 0000008c 1 0 0 0 5 0
W 19 2 000000b1 000000000
C 19 0000008c 0 0 0 0 5 0
R 20 8 0000008c fff10113
C 20 0000008c 0 0 0 0 5 0
CSRDBG 21 addr=fe0 priv=3 dec=0 csr=0 raw=1 pw=0 dbg=0 op=0
C 21 00000090 1 0 0 1 5 0
C 22 00000090 0 0 0 0 5 0
CSRDBG 23 addr=fff priv=3 dec=0 csr=0 raw=1 pw=0 dbg=0 op=0
R 23 9 00000090 fe011ee3
C 23 0000008c 1 0 0 0 5 0
W 24 2 000000b0 000000000
C 24 0000008c 0 0 0 0 5 0
R 25 10 0000008c fff10113
C 25 0000008c 0 0 0 0 5 0
CSRDBG 26 addr=fe0 priv=3 dec=0 csr=0 raw=1 pw=0 dbg=0 op=0
C 26 00000090 1 0 0 1 5 0
C 27 00000090 0 0 0 0 5 0
CSRDBG 28 addr=fff priv=3 dec=0 csr=0 raw=1 pw=0 dbg=0 op=0
R 28 11 00000090 fe011ee3
C 28 0000008c 1 0 0 0 5 0
W 29 2 000000af 000000000
C 29 0000008c 0 0 0 0 5 0
R 30 12 0000008c fff10113
C 30 0000008c 0 0 0 0 5 0
CSRDBG 31 addr=fe0 priv=3 dec=0 csr=0 raw=1 pw=0 dbg=0 op=0
C 31 00000090 1 0 0 1 5 0
C 32 00000090 0 0 0 0 5 0
CSRDBG 33 addr=fff priv=3 dec=0 csr=0 raw=1 pw=0 dbg=0 op=0
R 33 13 00000090 fe011ee3
C 33 0000008c 1 0 0 0 5 0
W 34 2 000000ae 000000000
C 34 0000008c 0 0 0 0 5 0
R 35 14 0000008c fff10113
C 35 0000008c 0 0 0 0 5 0
CSRDBG 36 addr=fe0 priv=3 dec=0 csr=0 raw=1 pw=0 dbg=0 op=0
C 36 00000090 1 0 0 1 5 0
C 37 00000090 0 0 0 0 5 0
CSRDBG 38 addr=fff priv=3 dec=0 csr=0 raw=1 pw=0 dbg=0 op=0
R 38 15 00000090 fe011ee3
C 38 0000008c 1 0 0 0 5 0
W 39 2 000000ad 000000000
C 39 0000008c 0 0 0 0 5 0
R 40 16 0000008c fff10113
C 40 0000008c 0 0 0 0 5 0
CSRDBG 41 addr=fe0 priv=3 dec=0 csr=0 raw=1 pw=0 dbg=0 op=0
C 41 00000090 1 0 0 1 5 0
C 42 00000090 0 0 0 0 5 0
CSRDBG 43 addr=fff priv=3 dec=0 csr=0 raw=1 pw=0 dbg=0 op=0
R 43 17 00000090 fe011ee3
C 43 0000008c 1 0 0 0 5 0
W 44 2 000000ac 000000000
C 44 0000008c 0 0 0 0 5 0
R 45 18 0000008c fff10113
C 45 0000008c 0 0 0 0 5 0
CSRDBG 46 addr=fe0 priv=3 dec=0 csr=0 raw=1 pw=0 dbg=0 op=0
C 46 00000090 1 0 0 1 5 0
C 47 00000090 0 0 0 0 5 0
CSRDBG 48 addr=fff priv=3 dec=0 csr=0 raw=1 pw=0 dbg=0 op=0
R 48 19 00000090 fe011ee3
C 48 0000008c 1 0 0 0 5 0
W 49 2 000000ab 000000000
C 49 0000008c 0 0 0 0 5 0
R 50 20 0000008c fff10113
C 50 0000008c 0 0 0 0 5 0
CSRDBG 51 addr=fe0 priv=3 dec=0 csr=0 raw=1 pw=0 dbg=0 op=0
C 51 00000090 1 0 0 1 5 0
C 52 00000090 0 0 0 0 5 0
CSRDBG 53 addr=fff priv=3 dec=0 csr=0 raw=1 pw=0 dbg=0 op=0
R 53 21 00000090 fe011ee3
C 53 0000008c 1 0 0 0 5 0
W 54 2 000000aa 000000000
C 54 0000008c 0 0 0 0 5 0
R 55 22 0000008c fff10113
C 55 0000008c 0 0 0 0 5 0
CSRDBG 56 addr=fe0 priv=3 dec=0 csr=0 raw=1 pw=0 dbg=0 op=0
C 56 00000090 1 0 0 1 5 0
C 57 00000090 0 0 0 0 5 0
CSRDBG 58 addr=fff priv=3 dec=0 csr=0 raw=1 pw=0 dbg=0 op=0
R 58 23 00000090 fe011ee3
C 58 0000008c 1 0 0 0 5 0
W 59 2 000000a9 000000000
C 59 0000008c 0 0 0 0 5 0
R 60 24 0000008c fff10113
C 60 0000008c 0 0 0 0 5 0
CSRDBG 61 addr=fe0 priv=3 dec=0 csr=0 raw=1 pw=0 dbg=0 op=0
C 61 00000090 1 0 0 1 5 0
C 62 00000090 0 0 0 0 5 0
CSRDBG 63 addr=fff priv=3 dec=0 csr=0 raw=1 pw=0 dbg=0 op=0
R 63 25 00000090 fe011ee3
C 63 0000008c 1 0 0 0 5 0
W 64 2 000000a8 000000000
C 64 0000008c 0 0 0 0 5 0
R 65 26 0000008c fff10113
C 65 0000008c 0 0 0 0 5 0
CSRDBG 66 addr=fe0 priv=3 dec=0 csr=0 raw=1 pw=0 dbg=0 op=0
C 66 00000090 1 0 0 1 5 0
C 67 00000090 0 0 0 0 5 0
CSRDBG 68 addr=fff priv=3 dec=0 csr=0 raw=1 pw=0 dbg=0 op=0
R 68 27 00000090 fe011ee3
C 68 0000008c 1 0 0 0 5 0
W 69 2 000000a7 000000000
C 69 0000008c 0 0 0 0 5 0
R 70 28 0000008c fff10113
C 70 0000008c 0 0 0 0 5 0
CSRDBG 71 addr=fe0 priv=3 dec=0 csr=0 raw=1 pw=0 dbg=0 op=0
C 71 00000090 1 0 0 1 5 0
C 72 00000090 0 0 0 0 5 0
CSRDBG 73 addr=fff priv=3 dec=0 csr=0 raw=1 pw=0 dbg=0 op=0
R 73 29 00000090 fe011ee3
C 73 0000008c 1 0 0 0 5 0
W 74 2 000000a6 000000000
C 74 0000008c 0 0 0 0 5 0
R 75 30 0000008c fff10113
C 75 0000008c 0 0 0 0 5 0
CSRDBG 76 addr=fe0 priv=3 dec=0 csr=0 raw=1 pw=0 dbg=0 op=0
C 76 00000090 1 0 0 1 5 0
C 77 00000090 0 0 0 0 5 0
CSRDBG 78 addr=fff priv=3 dec=0 csr=0 raw=1 pw=0 dbg=0 op=0
R 78 31 00000090 fe011ee3
C 78 0000008c 1 0 0 0 5 0
W 79 2 000000a5 000000000
C 79 0000008c 0 0 0 0 5 0
R 80 32 0000008c fff10113
C 80 0000008c 0 0 0 0 5 0
C 81 00000090 1 0 0 1 5 0
C 82 00000090 0 0 0 0 5 0
R 83 33 00000090 fe011ee3
C 83 0000008c 1 0 0 0 5 0
W 84 2 000000a4 000000000
C 84 0000008c 0 0 0 0 5 0
R 85 34 0000008c fff10113
C 85 0000008c 0 0 0 0 5 0
C 86 00000090 1 0 0 1 5 0
C 87 00000090 0 0 0 0 5 0
R 88 35 00000090 fe011ee3
C 88 0000008c 1 0 0 0 5 0
W 89 2 000000a3 000000000
C 89 0000008c 0 0 0 0 5 0
R 90 36 0000008c fff10113
C 90 0000008c 0 0 0 0 5 0
C 91 00000090 1 0 0 1 5 0
C 92 00000090 0 0 0 0 5 0
R 93 37 00000090 fe011ee3
C 93 0000008c 1 0 0 0 5 0
W 94 2 000000a2 000000000
C 94 0000008c 0 0 0 0 5 0
R 95 38 0000008c fff10113
C 95 0000008c 0 0 0 0 5 0
C 96 00000090 1 0 0 1 5 0
C 97 00000090 0 0 0 0 5 0
R 98 39 00000090 fe011ee3
C 98 0000008c 1 0 0 0 5 0
W 99 2 000000a1 000000000
C 99 0000008c 0 0 0 0 5 0
R 100 40 0000008c fff10113
C 100 0000008c 0 0 0 0 5 0
C 101 00000090 1 0 0 1 5 0
C 102 00000090 0 0 0 0 5 0
R 103 41 00000090 fe011ee3
C 103 0000008c 1 0 0 0 5 0
W 104 2 000000a0 000000000
C 104 0000008c 0 0 0 0 5 0
R 105 42 0000008c fff10113
C 105 0000008c 0 0 0 0 5 0
C 106 00000090 1 0 0 1 5 0
C 107 00000090 0 0 0 0 5 0
R 108 43 00000090 fe011ee3
C 108 0000008c 1 0 0 0 5 0
W 109 2 0000009f 000000000
C 109 0000008c 0 0 0 0 5 0
R 110 44 0000008c fff10113
C 110 0000008c 0 0 0 0 5 0
C 111 00000090 1 0 0 1 5 0
C 112 00000090 0 0 0 0 5 0
R 113 45 00000090 fe011ee3
C 113 0000008c 1 0 0 0 5 0
W 114 2 0000009e 000000000
C 114 0000008c 0 0 0 0 5 0
R 115 46 0000008c fff10113
C 115 0000008c 0 0 0 0 5 0
C 116 00000090 1 0 0 1 5 0
C 117 00000090 0 0 0 0 5 0
R 118 47 00000090 fe011ee3
C 118 0000008c 1 0 0 0 5 0
W 119 2 0000009d 000000000
C 119 0000008c 0 0 0 0 5 0
R 120 48 0000008c fff10113
C 120 0000008c 0 0 0 0 5 0
C 121 00000090 1 0 0 1 5 0
C 122 00000090 0 0 0 0 5 0
R 123 49 00000090 fe011ee3
C 123 0000008c 1 0 0 0 5 0
W 124 2 0000009c 000000000
C 124 0000008c 0 0 0 0 5 0
R 125 50 0000008c fff10113
C 125 0000008c 0 0 0 0 5 0
C 126 00000090 1 0 0 1 5 0
C 127 00000090 0 0 0 0 5 0
R 128 51 00000090 fe011ee3
C 128 0000008c 1 0 0 0 5 0
W 129 2 0000009b 000000000
C 129 0000008c 0 0 0 0 5 0
R 130 52 0000008c fff10113
C 130 0000008c 0 0 0 0 5 0
C 131 00000090 1 0 0 1 5 0
C 132 00000090 0 0 0 0 5 0
R 133 53 00000090 fe011ee3
C 133 0000008c 1 0 0 0 5 0
W 134 2 0000009a 000000000
C 134 0000008c 0 0 0 0 5 0
R 135 54 0000008c fff10113
C 135 0000008c 0 0 0 0 5 0
C 136 00000090 1 0 0 1 5 0
C 137 00000090 0 0 0 0 5 0
R 138 55 00000090 fe011ee3
C 138 0000008c 1 0 0 0 5 0
W 139 2 00000099 000000000
C 139 0000008c 0 0 0 0 5 0
R 140 56 0000008c fff10113
C 140 0000008c 0 0 0 0 5 0
C 141 00000090 1 0 0 1 5 0
C 142 00000090 0 0 0 0 5 0
R 143 57 00000090 fe011ee3
C 143 0000008c 1 0 0 0 5 0
W 144 2 00000098 000000000
C 144 0000008c 0 0 0 0 5 0
R 145 58 0000008c fff10113
C 145 0000008c 0 0 0 0 5 0
C 146 00000090 1 0 0 1 5 0
C 147 00000090 0 0 0 0 5 0
R 148 59 00000090 fe011ee3
C 148 0000008c 1 0 0 0 5 0
W 149 2 00000097 000000000
C 149 0000008c 0 0 0 0 5 0
R 150 60 0000008c fff10113
C 150 0000008c 0 0 0 0 5 0
C 151 00000090 1 0 0 1 5 0
C 152 00000090 0 0 0 0 5 0
R 153 61 00000090 fe011ee3
C 153 0000008c 1 0 0 0 5 0
W 154 2 00000096 000000000
C 154 0000008c 0 0 0 0 5 0
R 155 62 0000008c fff10113
C 155 0000008c 0 0 0 0 5 0
C 156 00000090 1 0 0 1 5 0
C 157 00000090 0 0 0 0 5 0
R 158 63 00000090 fe011ee3
C 158 0000008c 1 0 0 0 5 0
W 159 2 00000095 000000000
C 159 0000008c 0 0 0 0 5 0
R 160 64 0000008c fff10113
C 160 0000008c 0 0 0 0 5 0
C 161 00000090 1 0 0 1 5 0
C 162 00000090 0 0 0 0 5 0
R 163 65 00000090 fe011ee3
C 163 0000008c 1 0 0 0 5 0
W 164 2 00000094 000000000
C 164 0000008c 0 0 0 0 5 0
R 165 66 0000008c fff10113
C 165 0000008c 0 0 0 0 5 0
C 166 00000090 1 0 0 1 5 0
C 167 00000090 0 0 0 0 5 0
R 168 67 00000090 fe011ee3
C 168 0000008c 1 0 0 0 5 0
W 169 2 00000093 000000000
C 169 0000008c 0 0 0 0 5 0
R 170 68 0000008c fff10113
C 170 0000008c 0 0 0 0 5 0
C 171 00000090 1 0 0 1 5 0
C 172 00000090 0 0 0 0 5 0
R 173 69 00000090 fe011ee3
C 173 0000008c 1 0 0 0 5 0
W 174 2 00000092 000000000
C 174 0000008c 0 0 0 0 5 0
R 175 70 0000008c fff10113
C 175 0000008c 0 0 0 0 5 0
C 176 00000090 1 0 0 1 5 0
C 177 00000090 0 0 0 0 5 0
R 178 71 00000090 fe011ee3
C 178 0000008c 1 0 0 0 5 0
W 179 2 00000091 000000000
C 179 0000008c 0 0 0 0 5 0
R 180 72 0000008c fff10113
R 183 73 00000090 fe011ee3
W 184 2 00000090 000000000
R 185 74 0000008c fff10113
R 188 75 00000090 fe011ee3
W 189 2 0000008f 000000000
R 190 76 0000008c fff10113
R 193 77 00000090 fe011ee3
W 194 2 0000008e 000000000
R 195 78 0000008c fff10113
R 198 79 00000090 fe011ee3
W 199 2 0000008d 000000000
R 200 80 0000008c fff10113
R 203 81 00000090 fe011ee3
W 204 2 0000008c 000000000
R 205 82 0000008c fff10113
R 208 83 00000090 fe011ee3
W 209 2 0000008b 000000000
R 210 84 0000008c fff10113
R 213 85 00000090 fe011ee3
W 214 2 0000008a 000000000
R 215 86 0000008c fff10113
R 218 87 00000090 fe011ee3
W 219 2 00000089 000000000
R 220 88 0000008c fff10113
R 223 89 00000090 fe011ee3
W 224 2 00000088 000000000
R 225 90 0000008c fff10113
R 228 91 00000090 fe011ee3
W 229 2 00000087 000000000
R 230 92 0000008c fff10113
R 233 93 00000090 fe011ee3
W 234 2 00000086 000000000
R 235 94 0000008c fff10113
R 238 95 00000090 fe011ee3
W 239 2 00000085 000000000
R 240 96 0000008c fff10113
R 243 97 00000090 fe011ee3
W 244 2 00000084 000000000
R 245 98 0000008c fff10113
R 248 99 00000090 fe011ee3
W 249 2 00000083 000000000
R 250 100 0000008c fff10113
R 253 101 00000090 fe011ee3
W 254 2 00000082 000000000
R 255 102 0000008c fff10113
R 258 103 00000090 fe011ee3
W 259 2 00000081 000000000
R 260 104 0000008c fff10113
R 263 105 00000090 fe011ee3
W 264 2 00000080 000000000
R 265 106 0000008c fff10113
R 268 107 00000090 fe011ee3
W 269 2 0000007f 000000000
R 270 108 0000008c fff10113
R 272 109 00000090 fe011ee3
W 273 2 0000007e 000000000
R 274 110 0000008c fff10113
R 277 111 00000090 fe011ee3
W 278 2 0000007d 000000000
R 279 112 0000008c fff10113
R 280 113 00000090 fe011ee3
W 281 2 0000007c 000000000
R 282 114 0000008c fff10113
R 283 115 00000090 fe011ee3
W 284 2 0000007b 000000000
R 285 116 0000008c fff10113
R 286 117 00000090 fe011ee3
W 287 2 0000007a 000000000
R 288 118 0000008c fff10113
R 289 119 00000090 fe011ee3
W 290 2 00000079 000000000
R 291 120 0000008c fff10113
R 292 121 00000090 fe011ee3
W 293 2 00000078 000000000
R 294 122 0000008c fff10113
R 295 123 00000090 fe011ee3
W 296 2 00000077 000000000
R 297 124 0000008c fff10113
R 298 125 00000090 fe011ee3
W 299 2 00000076 000000000
R 300 126 0000008c fff10113
R 301 127 00000090 fe011ee3
W 302 2 00000075 000000000
R 303 128 0000008c fff10113
R 304 129 00000090 fe011ee3
W 305 2 00000074 000000000
R 306 130 0000008c fff10113
R 307 131 00000090 fe011ee3
W 308 2 00000073 000000000
R 309 132 0000008c fff10113
R 310 133 00000090 fe011ee3
W 311 2 00000072 000000000
R 312 134 0000008c fff10113
R 313 135 00000090 fe011ee3
W 314 2 00000071 000000000
R 315 136 0000008c fff10113
R 316 137 00000090 fe011ee3
W 317 2 00000070 000000000
R 318 138 0000008c fff10113
R 319 139 00000090 fe011ee3
W 320 2 0000006f 000000000
R 321 140 0000008c fff10113
R 322 141 00000090 fe011ee3
W 323 2 0000006e 000000000
R 324 142 0000008c fff10113
R 325 143 00000090 fe011ee3
W 326 2 0000006d 000000000
R 327 144 0000008c fff10113
R 328 145 00000090 fe011ee3
W 329 2 0000006c 000000000
R 330 146 0000008c fff10113
R 331 147 00000090 fe011ee3
W 332 2 0000006b 000000000
R 333 148 0000008c fff10113
R 334 149 00000090 fe011ee3
W 335 2 0000006a 000000000
R 336 150 0000008c fff10113
R 337 151 00000090 fe011ee3
W 338 2 00000069 000000000
R 339 152 0000008c fff10113
R 340 153 00000090 fe011ee3
W 341 2 00000068 000000000
R 342 154 0000008c fff10113
R 343 155 00000090 fe011ee3
W 344 2 00000067 000000000
R 345 156 0000008c fff10113
R 346 157 00000090 fe011ee3
W 347 2 00000066 000000000
R 348 158 0000008c fff10113
R 349 159 00000090 fe011ee3
W 350 2 00000065 000000000
R 351 160 0000008c fff10113
R 352 161 00000090 fe011ee3
W 353 2 00000064 000000000
R 354 162 0000008c fff10113
R 355 163 00000090 fe011ee3
W 356 2 00000063 000000000
R 357 164 0000008c fff10113
R 358 165 00000090 fe011ee3
W 359 2 00000062 000000000
R 360 166 0000008c fff10113
R 361 167 00000090 fe011ee3
W 362 2 00000061 000000000
R 363 168 0000008c fff10113
R 364 169 00000090 fe011ee3
W 365 2 00000060 000000000
R 366 170 0000008c fff10113
R 367 171 00000090 fe011ee3
W 368 2 0000005f 000000000
R 369 172 0000008c fff10113
R 370 173 00000090 fe011ee3
W 371 2 0000005e 000000000
R 372 174 0000008c fff10113
R 373 175 00000090 fe011ee3
W 374 2 0000005d 000000000
R 375 176 0000008c fff10113
R 376 177 00000090 fe011ee3
W 377 2 0000005c 000000000
R 378 178 0000008c fff10113
R 379 179 00000090 fe011ee3
W 380 2 0000005b 000000000
R 381 180 0000008c fff10113
R 382 181 00000090 fe011ee3
W 383 2 0000005a 000000000
R 384 182 0000008c fff10113
R 385 183 00000090 fe011ee3
W 386 2 00000059 000000000
R 387 184 0000008c fff10113
R 388 185 00000090 fe011ee3
W 389 2 00000058 000000000
R 390 186 0000008c fff10113
R 391 187 00000090 fe011ee3
W 392 2 00000057 000000000
R 393 188 0000008c fff10113
R 394 189 00000090 fe011ee3
W 395 2 00000056 000000000
R 396 190 0000008c fff10113
R 397 191 00000090 fe011ee3
W 398 2 00000055 000000000
R 399 192 0000008c fff10113
R 400 193 00000090 fe011ee3
W 401 2 00000054 000000000
R 402 194 0000008c fff10113
R 403 195 00000090 fe011ee3
W 404 2 00000053 000000000
R 405 196 0000008c fff10113
R 406 197 00000090 fe011ee3
W 407 2 00000052 000000000
R 408 198 0000008c fff10113
R 409 199 00000090 fe011ee3
W 410 2 00000051 000000000
R 411 200 0000008c fff10113
R 412 201 00000090 fe011ee3
W 413 2 00000050 000000000
R 414 202 0000008c fff10113
R 415 203 00000090 fe011ee3
W 416 2 0000004f 000000000
R 417 204 0000008c fff10113
R 418 205 00000090 fe011ee3
W 419 2 0000004e 000000000
R 420 206 0000008c fff10113
R 421 207 00000090 fe011ee3
W 422 2 0000004d 000000000
R 423 208 0000008c fff10113
R 424 209 00000090 fe011ee3
W 425 2 0000004c 000000000
R 426 210 0000008c fff10113
R 427 211 00000090 fe011ee3
W 428 2 0000004b 000000000
R 429 212 0000008c fff10113
R 430 213 00000090 fe011ee3
W 431 2 0000004a 000000000
R 432 214 0000008c fff10113
R 433 215 00000090 fe011ee3
W 434 2 00000049 000000000
R 435 216 0000008c fff10113
R 436 217 00000090 fe011ee3
W 437 2 00000048 000000000
R 438 218 0000008c fff10113
R 439 219 00000090 fe011ee3
W 440 2 00000047 000000000
R 441 220 0000008c fff10113
R 442 221 00000090 fe011ee3
W 443 2 00000046 000000000
R 444 222 0000008c fff10113
R 445 223 00000090 fe011ee3
W 446 2 00000045 000000000
R 447 224 0000008c fff10113
R 448 225 00000090 fe011ee3
W 449 2 00000044 000000000
R 450 226 0000008c fff10113
R 451 227 00000090 fe011ee3
W 452 2 00000043 000000000
R 453 228 0000008c fff10113
R 454 229 00000090 fe011ee3
W 455 2 00000042 000000000
R 456 230 0000008c fff10113
R 457 231 00000090 fe011ee3
W 458 2 00000041 000000000
R 459 232 0000008c fff10113
R 460 233 00000090 fe011ee3
W 461 2 00000040 000000000
R 462 234 0000008c fff10113
R 463 235 00000090 fe011ee3
W 464 2 0000003f 000000000
R 465 236 0000008c fff10113
R 466 237 00000090 fe011ee3
W 467 2 0000003e 000000000
R 468 238 0000008c fff10113
R 469 239 00000090 fe011ee3
W 470 2 0000003d 000000000
R 471 240 0000008c fff10113
R 472 241 00000090 fe011ee3
W 473 2 0000003c 000000000
R 474 242 0000008c fff10113
R 475 243 00000090 fe011ee3
W 476 2 0000003b 000000000
R 477 244 0000008c fff10113
R 478 245 00000090 fe011ee3
W 479 2 0000003a 000000000
R 480 246 0000008c fff10113
R 481 247 00000090 fe011ee3
W 482 2 00000039 000000000
R 483 248 0000008c fff10113
R 484 249 00000090 fe011ee3
W 485 2 00000038 000000000
R 486 250 0000008c fff10113
R 487 251 00000090 fe011ee3
W 488 2 00000037 000000000
R 489 252 0000008c fff10113
R 490 253 00000090 fe011ee3
W 491 2 00000036 000000000
R 492 254 0000008c fff10113
R 493 255 00000090 fe011ee3
W 494 2 00000035 000000000
R 495 256 0000008c fff10113
R 496 257 00000090 fe011ee3
W 497 2 00000034 000000000
R 498 258 0000008c fff10113
R 499 259 00000090 fe011ee3
W 500 2 00000033 000000000
R 501 260 0000008c fff10113
R 502 261 00000090 fe011ee3
W 503 2 00000032 000000000
R 504 262 0000008c fff10113
R 505 263 00000090 fe011ee3
W 506 2 00000031 000000000
R 507 264 0000008c fff10113
R 508 265 00000090 fe011ee3
W 509 2 00000030 000000000
R 510 266 0000008c fff10113
R 511 267 00000090 fe011ee3
W 512 2 0000002f 000000000
R 513 268 0000008c fff10113
R 514 269 00000090 fe011ee3
W 515 2 0000002e 000000000
R 516 270 0000008c fff10113
R 517 271 00000090 fe011ee3
W 518 2 0000002d 000000000
R 519 272 0000008c fff10113
R 520 273 00000090 fe011ee3
W 521 2 0000002c 000000000
R 522 274 0000008c fff10113
R 523 275 00000090 fe011ee3
W 524 2 0000002b 000000000
R 525 276 0000008c fff10113
R 526 277 00000090 fe011ee3
W 527 2 0000002a 000000000
R 528 278 0000008c fff10113
R 529 279 00000090 fe011ee3
W 530 2 00000029 000000000
R 531 280 0000008c fff10113
R 532 281 00000090 fe011ee3
W 533 2 00000028 000000000
R 534 282 0000008c fff10113
R 535 283 00000090 fe011ee3
W 536 2 00000027 000000000
R 537 284 0000008c fff10113
R 538 285 00000090 fe011ee3
W 539 2 00000026 000000000
R 540 286 0000008c fff10113
R 541 287 00000090 fe011ee3
W 542 2 00000025 000000000
R 543 288 0000008c fff10113
R 544 289 00000090 fe011ee3
W 545 2 00000024 000000000
R 546 290 0000008c fff10113
R 547 291 00000090 fe011ee3
W 548 2 00000023 000000000
R 549 292 0000008c fff10113
R 550 293 00000090 fe011ee3
W 551 2 00000022 000000000
R 552 294 0000008c fff10113
R 553 295 00000090 fe011ee3
W 554 2 00000021 000000000
R 555 296 0000008c fff10113
R 556 297 00000090 fe011ee3
W 557 2 00000020 000000000
R 558 298 0000008c fff10113
R 559 299 00000090 fe011ee3
W 560 2 0000001f 000000000
R 561 300 0000008c fff10113
R 562 301 00000090 fe011ee3
W 563 2 0000001e 000000000
R 564 302 0000008c fff10113
R 565 303 00000090 fe011ee3
W 566 2 0000001d 000000000
R 567 304 0000008c fff10113
R 568 305 00000090 fe011ee3
W 569 2 0000001c 000000000
R 570 306 0000008c fff10113
R 571 307 00000090 fe011ee3
W 572 2 0000001b 000000000
R 573 308 0000008c fff10113
R 574 309 00000090 fe011ee3
W 575 2 0000001a 000000000
R 576 310 0000008c fff10113
R 577 311 00000090 fe011ee3
W 578 2 00000019 000000000
R 579 312 0000008c fff10113
R 580 313 00000090 fe011ee3
W 581 2 00000018 000000000
R 582 314 0000008c fff10113
R 583 315 00000090 fe011ee3
W 584 2 00000017 000000000
R 585 316 0000008c fff10113
R 586 317 00000090 fe011ee3
W 587 2 00000016 000000000
R 588 318 0000008c fff10113
R 589 319 00000090 fe011ee3
W 590 2 00000015 000000000
R 591 320 0000008c fff10113
R 592 321 00000090 fe011ee3
W 593 2 00000014 000000000
R 594 322 0000008c fff10113
R 595 323 00000090 fe011ee3
W 596 2 00000013 000000000
R 597 324 0000008c fff10113
R 598 325 00000090 fe011ee3
W 599 2 00000012 000000000
R 600 326 0000008c fff10113
R 601 327 00000090 fe011ee3
W 602 2 00000011 000000000
R 603 328 0000008c fff10113
R 604 329 00000090 fe011ee3
W 605 2 00000010 000000000
R 606 330 0000008c fff10113
R 607 331 00000090 fe011ee3
W 608 2 0000000f 000000000
R 609 332 0000008c fff10113
R 610 333 00000090 fe011ee3
W 611 2 0000000e 000000000
R 612 334 0000008c fff10113
R 613 335 00000090 fe011ee3
W 614 2 0000000d 000000000
R 615 336 0000008c fff10113
R 616 337 00000090 fe011ee3
W 617 2 0000000c 000000000
R 618 338 0000008c fff10113
R 619 339 00000090 fe011ee3
W 620 2 0000000b 000000000
R 621 340 0000008c fff10113
R 622 341 00000090 fe011ee3
W 623 2 0000000a 000000000
R 624 342 0000008c fff10113
R 625 343 00000090 fe011ee3
W 626 2 00000009 000000000
R 627 344 0000008c fff10113
R 628 345 00000090 fe011ee3
W 629 2 00000008 000000000
R 630 346 0000008c fff10113
R 631 347 00000090 fe011ee3
W 632 2 00000007 000000000
R 633 348 0000008c fff10113
R 634 349 00000090 fe011ee3
W 635 2 00000006 000000000
R 636 350 0000008c fff10113
R 637 351 00000090 fe011ee3
W 638 2 00000005 000000000
R 639 352 0000008c fff10113
R 640 353 00000090 fe011ee3
W 641 2 00000004 000000000
R 642 354 0000008c fff10113
R 643 355 00000090 fe011ee3
W 644 2 00000003 000000000
R 645 356 0000008c fff10113
R 646 357 00000090 fe011ee3
W 647 2 00000002 000000000
R 648 358 0000008c fff10113
R 649 359 00000090 fe011ee3
W 650 2 00000001 000000000
R 651 360 0000008c fff10113
R 652 361 00000090 fe011ee3
W 653 2 00000000 000000000
R 654 362 0000008c fff10113
R 655 363 00000090 fe011ee3
R 656 364 00000094 0000100f
W 659 15 0000007b 000000000
R 660 365 00000098 07b00793
R 661 366 0000009c 0000006f
R 663 367 0000009c 0000006f
R 665 368 0000009c 0000006f
R 667 369 0000009c 0000006f
R 669 370 0000009c 0000006f
R 671 371 0000009c 0000006f
R 673 372 0000009c 0000006f
R 675 373 0000009c 0000006f
R 677 374 0000009c 0000006f
R 679 375 0000009c 0000006f
R 681 376 0000009c 0000006f
R 683 377 0000009c 0000006f
R 685 378 0000009c 0000006f
R 687 379 0000009c 0000006f
R 689 380 0000009c 0000006f
R 691 381 0000009c 0000006f
R 693 382 0000009c 0000006f
R 695 383 0000009c 0000006f
R 697 384 0000009c 0000006f
R 699 385 0000009c 0000006f
R 701 386 0000009c 0000006f
R 703 387 0000009c 0000006f
R 705 388 0000009c 0000006f
R 707 389 0000009c 0000006f
R 709 390 0000009c 0000006f
R 711 391 0000009c 0000006f
R 713 392 0000009c 0000006f
R 715 393 0000009c 0000006f
R 717 394 0000009c 0000006f
R 719 395 0000009c 0000006f
R 721 396 0000009c 0000006f
R 723 397 0000009c 0000006f
R 725 398 0000009c 0000006f
R 727 399 0000009c 0000006f
R 729 400 0000009c 0000006f
R 731 401 0000009c 0000006f
R 733 402 0000009c 0000006f
R 735 403 0000009c 0000006f
R 737 404 0000009c 0000006f
R 739 405 0000009c 0000006f
R 741 406 0000009c 0000006f
R 743 407 0000009c 0000006f
R 745 408 0000009c 0000006f
R 747 409 0000009c 0000006f
R 749 410 0000009c 0000006f
R 751 411 0000009c 0000006f
R 753 412 0000009c 0000006f
R 755 413 0000009c 0000006f
R 757 414 0000009c 0000006f
R 759 415 0000009c 0000006f
R 761 416 0000009c 0000006f
R 763 417 0000009c 0000006f
R 765 418 0000009c 0000006f
R 767 419 0000009c 0000006f
R 769 420 0000009c 0000006f
R 771 421 0000009c 0000006f
R 773 422 0000009c 0000006f
R 775 423 0000009c 0000006f
R 777 424 0000009c 0000006f
R 779 425 0000009c 0000006f
R 781 426 0000009c 0000006f
R 783 427 0000009c 0000006f
R 785 428 0000009c 0000006f
R 787 429 0000009c 0000006f
R 789 430 0000009c 0000006f
R 791 431 0000009c 0000006f
R 793 432 0000009c 0000006f
R 795 433 0000009c 0000006f
R 797 434 0000009c 0000006f
R 799 435 0000009c 0000006f
R 801 436 0000009c 0000006f
R 803 437 0000009c 0000006f
R 805 438 0000009c 0000006f
R 807 439 0000009c 0000006f
R 809 440 0000009c 0000006f
R 811 441 0000009c 0000006f
R 813 442 0000009c 0000006f
R 815 443 0000009c 0000006f
R 817 444 0000009c 0000006f
R 819 445 0000009c 0000006f
R 821 446 0000009c 0000006f
R 823 447 0000009c 0000006f
R 825 448 0000009c 0000006f
R 827 449 0000009c 0000006f
R 829 450 0000009c 0000006f
R 831 451 0000009c 0000006f
R 833 452 0000009c 0000006f
R 835 453 0000009c 0000006f
R 837 454 0000009c 0000006f
R 839 455 0000009c 0000006f
R 841 456 0000009c 0000006f
R 843 457 0000009c 0000006f
R 845 458 0000009c 0000006f
R 847 459 0000009c 0000006f
R 849 460 0000009c 0000006f
R 851 461 0000009c 0000006f
R 853 462 0000009c 0000006f
R 855 463 0000009c 0000006f
R 857 464 0000009c 0000006f
R 859 465 0000009c 0000006f
R 861 466 0000009c 0000006f
R 863 467 0000009c 0000006f
R 865 468 0000009c 0000006f
R 867 469 0000009c 0000006f
R 869 470 0000009c 0000006f
R 871 471 0000009c 0000006f
R 873 472 0000009c 0000006f
R 875 473 0000009c 0000006f
R 877 474 0000009c 0000006f
R 879 475 0000009c 0000006f
R 881 476 0000009c 0000006f
R 883 477 0000009c 0000006f
R 885 478 0000009c 0000006f
R 887 479 0000009c 0000006f
R 889 480 0000009c 0000006f
R 891 481 0000009c 0000006f
R 893 482 0000009c 0000006f
R 895 483 0000009c 0000006f
R 897 484 0000009c 0000006f
R 899 485 0000009c 0000006f
R 901 486 0000009c 0000006f
R 903 487 0000009c 0000006f
R 905 488 0000009c 0000006f
R 907 489 0000009c 0000006f
R 909 490 0000009c 0000006f
R 911 491 0000009c 0000006f
R 913 492 0000009c 0000006f
R 915 493 0000009c 0000006f
R 919 494 0000009c 0000006f
R 925 495 0000009c 0000006f
R 928 496 0000009c 0000006f
R 931 497 0000009c 0000006f
R 933 498 0000009c 0000006f
R 935 499 0000009c 0000006f
R 937 500 0000009c 0000006f
R 939 501 0000009c 0000006f
R 941 502 0000009c 0000006f
R 943 503 0000009c 0000006f
R 945 504 0000009c 0000006f
R 947 505 0000009c 0000006f
R 949 506 0000009c 0000006f
R 951 507 0000009c 0000006f
R 953 508 0000009c 0000006f
R 955 509 0000009c 0000006f
R 957 510 0000009c 0000006f
R 959 511 0000009c 0000006f
R 961 512 0000009c 0000006f
R 963 513 0000009c 0000006f
R 965 514 0000009c 0000006f
R 967 515 0000009c 0000006f
R 969 516 0000009c 0000006f
R 971 517 0000009c 0000006f
R 973 518 0000009c 0000006f
R 975 519 0000009c 0000006f
R 977 520 0000009c 0000006f
R 979 521 0000009c 0000006f
R 981 522 0000009c 0000006f
R 983 523 0000009c 0000006f
R 985 524 0000009c 0000006f
R 987 525 0000009c 0000006f
R 989 526 0000009c 0000006f
R 991 527 0000009c 0000006f
R 993 528 0000009c 0000006f
R 995 529 0000009c 0000006f
R 997 530 0000009c 0000006f
R 999 531 0000009c 0000006f
R 1001 532 0000009c 0000006f
R 1003 533 0000009c 0000006f
R 1005 534 0000009c 0000006f
R 1007 535 0000009c 0000006f
R 1009 536 0000009c 0000006f
R 1011 537 0000009c 0000006f
R 1013 538 0000009c 0000006f
R 1015 539 0000009c 0000006f
R 1017 540 0000009c 0000006f
R 1019 541 0000009c 0000006f
R 1021 542 0000009c 0000006f
R 1023 543 0000009c 0000006f
R 1025 544 0000009c 0000006f
R 1027 545 0000009c 0000006f
R 1029 546 0000009c 0000006f
R 1031 547 0000009c 0000006f
R 1033 548 0000009c 0000006f
R 1035 549 0000009c 0000006f
R 1037 550 0000009c 0000006f
R 1039 551 0000009c 0000006f
R 1041 552 0000009c 0000006f
R 1043 553 0000009c 0000006f
R 1045 554 0000009c 0000006f
R 1047 555 0000009c 0000006f
R 1049 556 0000009c 0000006f
R 1051 557 0000009c 0000006f
R 1053 558 0000009c 0000006f
R 1055 559 0000009c 0000006f
R 1057 560 0000009c 0000006f
R 1059 561 0000009c 0000006f
R 1061 562 0000009c 0000006f
R 1063 563 0000009c 0000006f
R 1065 564 0000009c 0000006f
R 1067 565 0000009c 0000006f
R 1069 566 0000009c 0000006f
R 1071 567 0000009c 0000006f
R 1073 568 0000009c 0000006f
R 1075 569 0000009c 0000006f
R 1077 570 0000009c 0000006f
R 1079 571 0000009c 0000006f
R 1081 572 0000009c 0000006f
R 1083 573 0000009c 0000006f
R 1085 574 0000009c 0000006f
R 1087 575 0000009c 0000006f
R 1089 576 0000009c 0000006f
R 1091 577 0000009c 0000006f
R 1093 578 0000009c 0000006f
R 1095 579 0000009c 0000006f
R 1097 580 0000009c 0000006f
R 1099 581 0000009c 0000006f
R 1101 582 0000009c 0000006f
R 1103 583 0000009c 0000006f
R 1105 584 0000009c 0000006f
R 1107 585 0000009c 0000006f
R 1109 586 0000009c 0000006f
R 1111 587 0000009c 0000006f
R 1113 588 0000009c 0000006f
R 1115 589 0000009c 0000006f
R 1117 590 0000009c 0000006f
R 1119 591 0000009c 0000006f
R 1121 592 0000009c 0000006f
R 1123 593 0000009c 0000006f
R 1125 594 0000009c 0000006f
R 1127 595 0000009c 0000006f
R 1129 596 0000009c 0000006f
R 1131 597 0000009c 0000006f
R 1133 598 0000009c 0000006f
R 1135 599 0000009c 0000006f
R 1137 600 0000009c 0000006f
R 1139 601 0000009c 0000006f
R 1141 602 0000009c 0000006f
R 1143 603 0000009c 0000006f
R 1145 604 0000009c 0000006f
R 1147 605 0000009c 0000006f
R 1149 606 0000009c 0000006f
R 1151 607 0000009c 0000006f
R 1153 608 0000009c 0000006f
R 1155 609 0000009c 0000006f
R 1157 610 0000009c 0000006f
R 1159 611 0000009c 0000006f
R 1161 612 0000009c 0000006f
R 1163 613 0000009c 0000006f
R 1165 614 0000009c 0000006f
R 1167 615 0000009c 0000006f
R 1169 616 0000009c 0000006f
R 1171 617 0000009c 0000006f
R 1173 618 0000009c 0000006f
R 1175 619 0000009c 0000006f
R 1177 620 0000009c 0000006f
R 1179 621 0000009c 0000006f
R 1181 622 0000009c 0000006f
R 1183 623 0000009c 0000006f
R 1185 624 0000009c 0000006f
R 1187 625 0000009c 0000006f
R 1189 626 0000009c 0000006f
R 1191 627 0000009c 0000006f
R 1193 628 0000009c 0000006f
R 1195 629 0000009c 0000006f
R 1197 630 0000009c 0000006f
R 1199 631 0000009c 0000006f
REG 0 00000000
REG 1 00000001
REG 2 00000000
REG 3 00000000
REG 4 00000000
REG 5 00000000
REG 6 00000000
REG 7 00000000
REG 8 00000000
REG 9 00000000
REG 10 00000000
REG 11 00000000
REG 12 00000000
REG 13 00000000
REG 14 00000000
REG 15 0000007b
REG 16 00000000
REG 17 00000000
REG 18 00000000
REG 19 00000000
REG 20 00000000
REG 21 00000000
REG 22 00000000
REG 23 00000000
REG 24 00000000
REG 25 00000000
REG 26 00000000
REG 27 00000000
REG 28 00000000
REG 29 00000000
REG 30 00000000
REG 31 00000000
COUNTS sleep=1 clocks=1197 ai=0 ab=0 am=0 ifetch=573 data=0 bitmap=0 hit=656 miss=12 dummy=0 expanded=0 predict=0 mispredict=0
FINISH
- /home/dungpc/ndmoney4porche/projects/ibex/doc/dungpc/microarchitecture/scripts/top_tb.sv:188: Verilog $finish
