CONFIG SEC=0 CACHE=1 PRED=0 DUAL=0 MODE=0 ZC=0 SCR=0 ICECC=0 OFFSET=1 PMP=0
C 3 00000000 0 0 0 1 0 0
C 4 00000000 0 0 0 1 1 0
C 5 00000000 0 0 0 0 4 0
CSRDBG 6 addr=001 priv=3 dec=0 csr=0 raw=1 pw=0 dbg=0 op=0
C 6 00000080 1 0 0 0 5 0
W 7 1 00000001 000000000
CSRDBG 7 addr=000 priv=3 dec=0 csr=0 raw=1 pw=0 dbg=0 op=0
C 7 00000084 1 0 0 0 5 0
CSRDBG 8 addr=002 priv=3 dec=0 csr=0 raw=1 pw=0 dbg=0 op=0
R 8 1 00000080 00100093
C 8 00000088 1 0 0 0 5 0
W 9 2 00000002 000000000
CSRDBG 9 addr=001 priv=3 dec=0 csr=0 raw=1 pw=0 dbg=0 op=0
R 9 2 00000084 00008463
C 9 0000008c 1 0 0 1 5 0
R 10 3 00000088 00200113
C 10 0000008c 0 0 0 0 5 0
CSRDBG 11 addr=008 priv=3 dec=0 csr=0 raw=1 pw=0 dbg=0 op=0
R 11 4 0000008c 00108463
C 11 00000094 1 0 0 1 5 0
W 12 3 00000098 000000000
C 12 00000094 0 0 0 0 5 0
CSRDBG 13 addr=0a8 priv=3 dec=0 csr=0 raw=1 pw=0 dbg=0 op=0
R 13 5 00000094 008001ef
C 13 0000009c 1 0 0 0 5 0
W 14 4 000000a8 000000000
CSRDBG 14 addr=000 priv=3 dec=0 csr=0 raw=1 pw=0 dbg=0 op=0
C 14 000000a0 1 0 0 1 5 0
W 15 5 000000a4 000000000
R 15 6 0000009c 0a800213
C 15 000000a0 0 0 0 0 5 0
CSRDBG 16 addr=07b priv=3 dec=0 csr=0 raw=1 pw=0 dbg=0 op=0
R 16 7 000000a0 000202e7
C 16 000000a8 1 0 0 0 5 0
W 17 31 0000007b 000000000
CSRDBG 17 addr=000 priv=3 dec=0 csr=0 raw=1 pw=0 dbg=0 op=0
C 17 000000ac 1 0 0 1 5 0
R 18 8 000000a8 07b00f93
C 18 000000ac 0 0 0 0 5 0
CSRDBG 19 addr=000 priv=3 dec=0 csr=0 raw=1 pw=0 dbg=0 op=0
R 19 9 000000ac 0000006f
C 19 000000ac 1 0 0 1 5 0
C 20 000000ac 0 0 0 0 5 0
CSRDBG 21 addr=000 priv=3 dec=0 csr=0 raw=1 pw=0 dbg=0 op=0
R 21 10 000000ac 0000006f
C 21 000000ac 1 0 0 1 5 0
C 22 000000ac 0 0 0 0 5 0
CSRDBG 23 addr=000 priv=3 dec=0 csr=0 raw=1 pw=0 dbg=0 op=0
R 23 11 000000ac 0000006f
C 23 000000ac 1 0 0 1 5 0
C 24 000000ac 0 0 0 0 5 0
CSRDBG 25 addr=000 priv=3 dec=0 csr=0 raw=1 pw=0 dbg=0 op=0
R 25 12 000000ac 0000006f
C 25 000000ac 1 0 0 1 5 0
C 26 000000ac 0 0 0 0 5 0
CSRDBG 27 addr=000 priv=3 dec=0 csr=0 raw=1 pw=0 dbg=0 op=0
R 27 13 000000ac 0000006f
C 27 000000ac 1 0 0 1 5 0
C 28 000000ac 0 0 0 0 5 0
CSRDBG 29 addr=000 priv=3 dec=0 csr=0 raw=1 pw=0 dbg=0 op=0
R 29 14 000000ac 0000006f
C 29 000000ac 1 0 0 1 5 0
C 30 000000ac 0 0 0 0 5 0
CSRDBG 31 addr=000 priv=3 dec=0 csr=0 raw=1 pw=0 dbg=0 op=0
R 31 15 000000ac 0000006f
C 31 000000ac 1 0 0 1 5 0
C 32 000000ac 0 0 0 0 5 0
CSRDBG 33 addr=000 priv=3 dec=0 csr=0 raw=1 pw=0 dbg=0 op=0
R 33 16 000000ac 0000006f
C 33 000000ac 1 0 0 1 5 0
C 34 000000ac 0 0 0 0 5 0
CSRDBG 35 addr=000 priv=3 dec=0 csr=0 raw=1 pw=0 dbg=0 op=0
R 35 17 000000ac 0000006f
C 35 000000ac 1 0 0 1 5 0
C 36 000000ac 0 0 0 0 5 0
CSRDBG 37 addr=000 priv=3 dec=0 csr=0 raw=1 pw=0 dbg=0 op=0
R 37 18 000000ac 0000006f
C 37 000000ac 1 0 0 1 5 0
C 38 000000ac 0 0 0 0 5 0
CSRDBG 39 addr=000 priv=3 dec=0 csr=0 raw=1 pw=0 dbg=0 op=0
R 39 19 000000ac 0000006f
C 39 000000ac 1 0 0 1 5 0
C 40 000000ac 0 0 0 0 5 0
CSRDBG 41 addr=000 priv=3 dec=0 csr=0 raw=1 pw=0 dbg=0 op=0
R 41 20 000000ac 0000006f
C 41 000000ac 1 0 0 1 5 0
C 42 000000ac 0 0 0 0 5 0
CSRDBG 43 addr=000 priv=3 dec=0 csr=0 raw=1 pw=0 dbg=0 op=0
R 43 21 000000ac 0000006f
C 43 000000ac 1 0 0 1 5 0
C 44 000000ac 0 0 0 0 5 0
CSRDBG 45 addr=000 priv=3 dec=0 csr=0 raw=1 pw=0 dbg=0 op=0
R 45 22 000000ac 0000006f
C 45 000000ac 1 0 0 1 5 0
C 46 000000ac 0 0 0 0 5 0
CSRDBG 47 addr=000 priv=3 dec=0 csr=0 raw=1 pw=0 dbg=0 op=0
R 47 23 000000ac 0000006f
C 47 000000ac 1 0 0 1 5 0
C 48 000000ac 0 0 0 0 5 0
CSRDBG 49 addr=000 priv=3 dec=0 csr=0 raw=1 pw=0 dbg=0 op=0
R 49 24 000000ac 0000006f
C 49 000000ac 1 0 0 1 5 0
C 50 000000ac 0 0 0 0 5 0
CSRDBG 51 addr=000 priv=3 dec=0 csr=0 raw=1 pw=0 dbg=0 op=0
R 51 25 000000ac 0000006f
C 51 000000ac 1 0 0 1 5 0
C 52 000000ac 0 0 0 0 5 0
CSRDBG 53 addr=000 priv=3 dec=0 csr=0 raw=1 pw=0 dbg=0 op=0
R 53 26 000000ac 0000006f
C 53 000000ac 1 0 0 1 5 0
C 54 000000ac 0 0 0 0 5 0
CSRDBG 55 addr=000 priv=3 dec=0 csr=0 raw=1 pw=0 dbg=0 op=0
R 55 27 000000ac 0000006f
C 55 000000ac 1 0 0 1 5 0
C 56 000000ac 0 0 0 0 5 0
CSRDBG 57 addr=000 priv=3 dec=0 csr=0 raw=1 pw=0 dbg=0 op=0
R 57 28 000000ac 0000006f
C 57 000000ac 1 0 0 1 5 0
C 58 000000ac 0 0 0 0 5 0
CSRDBG 59 addr=000 priv=3 dec=0 csr=0 raw=1 pw=0 dbg=0 op=0
R 59 29 000000ac 0000006f
C 59 000000ac 1 0 0 1 5 0
C 60 000000ac 0 0 0 0 5 0
CSRDBG 61 addr=000 priv=3 dec=0 csr=0 raw=1 pw=0 dbg=0 op=0
R 61 30 000000ac 0000006f
C 61 000000ac 1 0 0 1 5 0
C 62 000000ac 0 0 0 0 5 0
CSRDBG 63 addr=000 priv=3 dec=0 csr=0 raw=1 pw=0 dbg=0 op=0
R 63 31 000000ac 0000006f
C 63 000000ac 1 0 0 1 5 0
C 64 000000ac 0 0 0 0 5 0
CSRDBG 65 addr=000 priv=3 dec=0 csr=0 raw=1 pw=0 dbg=0 op=0
R 65 32 000000ac 0000006f
C 65 000000ac 1 0 0 1 5 0
C 66 000000ac 0 0 0 0 5 0
CSRDBG 67 addr=000 priv=3 dec=0 csr=0 raw=1 pw=0 dbg=0 op=0
R 67 33 000000ac 0000006f
C 67 000000ac 1 0 0 1 5 0
C 68 000000ac 0 0 0 0 5 0
CSRDBG 69 addr=000 priv=3 dec=0 csr=0 raw=1 pw=0 dbg=0 op=0
R 69 34 000000ac 0000006f
C 69 000000ac 1 0 0 1 5 0
C 70 000000ac 0 0 0 0 5 0
CSRDBG 71 addr=000 priv=3 dec=0 csr=0 raw=1 pw=0 dbg=0 op=0
R 71 35 000000ac 0000006f
C 71 000000ac 1 0 0 1 5 0
C 72 000000ac 0 0 0 0 5 0
CSRDBG 73 addr=000 priv=3 dec=0 csr=0 raw=1 pw=0 dbg=0 op=0
R 73 36 000000ac 0000006f
C 73 000000ac 1 0 0 1 5 0
C 74 000000ac 0 0 0 0 5 0
CSRDBG 75 addr=000 priv=3 dec=0 csr=0 raw=1 pw=0 dbg=0 op=0
R 75 37 000000ac 0000006f
C 75 000000ac 1 0 0 1 5 0
C 76 000000ac 0 0 0 0 5 0
CSRDBG 77 addr=000 priv=3 dec=0 csr=0 raw=1 pw=0 dbg=0 op=0
R 77 38 000000ac 0000006f
C 77 000000ac 1 0 0 1 5 0
C 78 000000ac 0 0 0 0 5 0
CSRDBG 79 addr=000 priv=3 dec=0 csr=0 raw=1 pw=0 dbg=0 op=0
R 79 39 000000ac 0000006f
C 79 000000ac 1 0 0 1 5 0
C 80 000000ac 0 0 0 0 5 0
R 81 40 000000ac 0000006f
C 81 000000ac 1 0 0 1 5 0
C 82 000000ac 0 0 0 0 5 0
R 83 41 000000ac 0000006f
C 83 000000ac 1 0 0 1 5 0
C 84 000000ac 0 0 0 0 5 0
R 85 42 000000ac 0000006f
C 85 000000ac 1 0 0 1 5 0
C 86 000000ac 0 0 0 0 5 0
R 87 43 000000ac 0000006f
C 87 000000ac 1 0 0 1 5 0
C 88 000000ac 0 0 0 0 5 0
R 89 44 000000ac 0000006f
C 89 000000ac 1 0 0 1 5 0
C 90 000000ac 0 0 0 0 5 0
R 91 45 000000ac 0000006f
C 91 000000ac 1 0 0 1 5 0
C 92 000000ac 0 0 0 0 5 0
R 93 46 000000ac 0000006f
C 93 000000ac 1 0 0 1 5 0
C 94 000000ac 0 0 0 0 5 0
R 95 47 000000ac 0000006f
C 95 000000ac 1 0 0 1 5 0
C 96 000000ac 0 0 0 0 5 0
R 97 48 000000ac 0000006f
C 97 000000ac 1 0 0 1 5 0
C 98 000000ac 0 0 0 0 5 0
R 99 49 000000ac 0000006f
C 99 000000ac 1 0 0 1 5 0
C 100 000000ac 0 0 0 0 5 0
R 101 50 000000ac 0000006f
C 101 000000ac 1 0 0 1 5 0
C 102 000000ac 0 0 0 0 5 0
R 103 51 000000ac 0000006f
C 103 000000ac 1 0 0 1 5 0
C 104 000000ac 0 0 0 0 5 0
R 105 52 000000ac 0000006f
C 105 000000ac 1 0 0 1 5 0
C 106 000000ac 0 0 0 0 5 0
R 107 53 000000ac 0000006f
C 107 000000ac 1 0 0 1 5 0
C 108 000000ac 0 0 0 0 5 0
R 109 54 000000ac 0000006f
C 109 000000ac 1 0 0 1 5 0
C 110 000000ac 0 0 0 0 5 0
R 111 55 000000ac 0000006f
C 111 000000ac 1 0 0 1 5 0
C 112 000000ac 0 0 0 0 5 0
R 113 56 000000ac 0000006f
C 113 000000ac 1 0 0 1 5 0
C 114 000000ac 0 0 0 0 5 0
R 115 57 000000ac 0000006f
C 115 000000ac 1 0 0 1 5 0
C 116 000000ac 0 0 0 0 5 0
R 117 58 000000ac 0000006f
C 117 000000ac 1 0 0 1 5 0
C 118 000000ac 0 0 0 0 5 0
R 119 59 000000ac 0000006f
C 119 000000ac 1 0 0 1 5 0
C 120 000000ac 0 0 0 0 5 0
R 121 60 000000ac 0000006f
C 121 000000ac 1 0 0 1 5 0
C 122 000000ac 0 0 0 0 5 0
R 123 61 000000ac 0000006f
C 123 000000ac 1 0 0 1 5 0
C 124 000000ac 0 0 0 0 5 0
R 125 62 000000ac 0000006f
C 125 000000ac 1 0 0 1 5 0
C 126 000000ac 0 0 0 0 5 0
R 127 63 000000ac 0000006f
C 127 000000ac 1 0 0 1 5 0
C 128 000000ac 0 0 0 0 5 0
R 129 64 000000ac 0000006f
C 129 000000ac 1 0 0 1 5 0
C 130 000000ac 0 0 0 0 5 0
R 131 65 000000ac 0000006f
C 131 000000ac 1 0 0 1 5 0
C 132 000000ac 0 0 0 0 5 0
R 133 66 000000ac 0000006f
C 133 000000ac 1 0 0 1 5 0
C 134 000000ac 0 0 0 0 5 0
R 135 67 000000ac 0000006f
C 135 000000ac 1 0 0 1 5 0
C 136 000000ac 0 0 0 0 5 0
R 137 68 000000ac 0000006f
C 137 000000ac 1 0 0 1 5 0
C 138 000000ac 0 0 0 0 5 0
R 139 69 000000ac 0000006f
C 139 000000ac 1 0 0 1 5 0
C 140 000000ac 0 0 0 0 5 0
R 141 70 000000ac 0000006f
C 141 000000ac 1 0 0 1 5 0
C 142 000000ac 0 0 0 0 5 0
R 143 71 000000ac 0000006f
C 143 000000ac 1 0 0 1 5 0
C 144 000000ac 0 0 0 0 5 0
R 145 72 000000ac 0000006f
C 145 000000ac 1 0 0 1 5 0
C 146 000000ac 0 0 0 0 5 0
R 147 73 000000ac 0000006f
C 147 000000ac 1 0 0 1 5 0
C 148 000000ac 0 0 0 0 5 0
R 149 74 000000ac 0000006f
C 149 000000ac 1 0 0 1 5 0
C 150 000000ac 0 0 0 0 5 0
R 151 75 000000ac 0000006f
C 151 000000ac 1 0 0 1 5 0
C 152 000000ac 0 0 0 0 5 0
R 153 76 000000ac 0000006f
C 153 000000ac 1 0 0 1 5 0
C 154 000000ac 0 0 0 0 5 0
R 155 77 000000ac 0000006f
C 155 000000ac 1 0 0 1 5 0
C 156 000000ac 0 0 0 0 5 0
R 157 78 000000ac 0000006f
C 157 000000ac 1 0 0 1 5 0
C 158 000000ac 0 0 0 0 5 0
R 159 79 000000ac 0000006f
C 159 000000ac 1 0 0 1 5 0
C 160 000000ac 0 0 0 0 5 0
R 161 80 000000ac 0000006f
C 161 000000ac 1 0 0 1 5 0
C 162 000000ac 0 0 0 0 5 0
R 163 81 000000ac 0000006f
C 163 000000ac 1 0 0 1 5 0
C 164 000000ac 0 0 0 0 5 0
R 165 82 000000ac 0000006f
C 165 000000ac 1 0 0 1 5 0
C 166 000000ac 0 0 0 0 5 0
R 167 83 000000ac 0000006f
C 167 000000ac 1 0 0 1 5 0
C 168 000000ac 0 0 0 0 5 0
R 169 84 000000ac 0000006f
C 169 000000ac 1 0 0 1 5 0
C 170 000000ac 0 0 0 0 5 0
R 171 85 000000ac 0000006f
C 171 000000ac 1 0 0 1 5 0
C 172 000000ac 0 0 0 0 5 0
R 173 86 000000ac 0000006f
C 173 000000ac 1 0 0 1 5 0
C 174 000000ac 0 0 0 0 5 0
R 175 87 000000ac 0000006f
C 175 000000ac 1 0 0 1 5 0
C 176 000000ac 0 0 0 0 5 0
R 177 88 000000ac 0000006f
C 177 000000ac 1 0 0 1 5 0
C 178 000000ac 0 0 0 0 5 0
R 179 89 000000ac 0000006f
C 179 000000ac 1 0 0 1 5 0
R 181 90 000000ac 0000006f
R 183 91 000000ac 0000006f
R 185 92 000000ac 0000006f
R 187 93 000000ac 0000006f
R 189 94 000000ac 0000006f
R 191 95 000000ac 0000006f
R 193 96 000000ac 0000006f
R 195 97 000000ac 0000006f
R 197 98 000000ac 0000006f
R 199 99 000000ac 0000006f
R 201 100 000000ac 0000006f
R 203 101 000000ac 0000006f
R 205 102 000000ac 0000006f
R 207 103 000000ac 0000006f
R 209 104 000000ac 0000006f
R 211 105 000000ac 0000006f
R 213 106 000000ac 0000006f
R 215 107 000000ac 0000006f
R 217 108 000000ac 0000006f
R 219 109 000000ac 0000006f
R 221 110 000000ac 0000006f
R 223 111 000000ac 0000006f
R 225 112 000000ac 0000006f
R 227 113 000000ac 0000006f
R 229 114 000000ac 0000006f
R 231 115 000000ac 0000006f
R 233 116 000000ac 0000006f
R 235 117 000000ac 0000006f
R 237 118 000000ac 0000006f
R 239 119 000000ac 0000006f
R 241 120 000000ac 0000006f
R 243 121 000000ac 0000006f
R 245 122 000000ac 0000006f
R 247 123 000000ac 0000006f
R 249 124 000000ac 0000006f
R 251 125 000000ac 0000006f
R 253 126 000000ac 0000006f
R 255 127 000000ac 0000006f
R 257 128 000000ac 0000006f
R 259 129 000000ac 0000006f
R 261 130 000000ac 0000006f
R 263 131 000000ac 0000006f
R 265 132 000000ac 0000006f
R 267 133 000000ac 0000006f
R 269 134 000000ac 0000006f
R 271 135 000000ac 0000006f
R 273 136 000000ac 0000006f
R 275 137 000000ac 0000006f
R 277 138 000000ac 0000006f
R 279 139 000000ac 0000006f
R 281 140 000000ac 0000006f
R 283 141 000000ac 0000006f
R 285 142 000000ac 0000006f
R 287 143 000000ac 0000006f
R 289 144 000000ac 0000006f
R 291 145 000000ac 0000006f
R 293 146 000000ac 0000006f
R 295 147 000000ac 0000006f
R 297 148 000000ac 0000006f
R 299 149 000000ac 0000006f
R 301 150 000000ac 0000006f
R 303 151 000000ac 0000006f
R 305 152 000000ac 0000006f
R 307 153 000000ac 0000006f
R 309 154 000000ac 0000006f
R 311 155 000000ac 0000006f
R 313 156 000000ac 0000006f
R 315 157 000000ac 0000006f
R 317 158 000000ac 0000006f
R 319 159 000000ac 0000006f
R 321 160 000000ac 0000006f
R 323 161 000000ac 0000006f
R 325 162 000000ac 0000006f
R 327 163 000000ac 0000006f
R 329 164 000000ac 0000006f
R 331 165 000000ac 0000006f
R 333 166 000000ac 0000006f
R 335 167 000000ac 0000006f
R 337 168 000000ac 0000006f
R 339 169 000000ac 0000006f
R 341 170 000000ac 0000006f
R 343 171 000000ac 0000006f
R 345 172 000000ac 0000006f
R 347 173 000000ac 0000006f
R 349 174 000000ac 0000006f
R 351 175 000000ac 0000006f
R 353 176 000000ac 0000006f
R 355 177 000000ac 0000006f
R 357 178 000000ac 0000006f
R 359 179 000000ac 0000006f
R 361 180 000000ac 0000006f
R 363 181 000000ac 0000006f
R 365 182 000000ac 0000006f
R 367 183 000000ac 0000006f
R 369 184 000000ac 0000006f
R 371 185 000000ac 0000006f
R 373 186 000000ac 0000006f
R 375 187 000000ac 0000006f
R 377 188 000000ac 0000006f
R 379 189 000000ac 0000006f
R 381 190 000000ac 0000006f
R 383 191 000000ac 0000006f
R 385 192 000000ac 0000006f
R 387 193 000000ac 0000006f
R 389 194 000000ac 0000006f
R 391 195 000000ac 0000006f
R 393 196 000000ac 0000006f
R 395 197 000000ac 0000006f
R 397 198 000000ac 0000006f
R 399 199 000000ac 0000006f
R 401 200 000000ac 0000006f
R 403 201 000000ac 0000006f
R 405 202 000000ac 0000006f
R 407 203 000000ac 0000006f
R 409 204 000000ac 0000006f
R 411 205 000000ac 0000006f
R 413 206 000000ac 0000006f
R 415 207 000000ac 0000006f
R 417 208 000000ac 0000006f
R 419 209 000000ac 0000006f
R 421 210 000000ac 0000006f
R 423 211 000000ac 0000006f
R 425 212 000000ac 0000006f
R 427 213 000000ac 0000006f
R 429 214 000000ac 0000006f
R 431 215 000000ac 0000006f
R 433 216 000000ac 0000006f
R 435 217 000000ac 0000006f
R 437 218 000000ac 0000006f
R 439 219 000000ac 0000006f
R 441 220 000000ac 0000006f
R 443 221 000000ac 0000006f
R 445 222 000000ac 0000006f
R 447 223 000000ac 0000006f
R 449 224 000000ac 0000006f
R 451 225 000000ac 0000006f
R 453 226 000000ac 0000006f
R 455 227 000000ac 0000006f
R 457 228 000000ac 0000006f
R 459 229 000000ac 0000006f
R 461 230 000000ac 0000006f
R 463 231 000000ac 0000006f
R 465 232 000000ac 0000006f
R 467 233 000000ac 0000006f
R 469 234 000000ac 0000006f
R 471 235 000000ac 0000006f
R 473 236 000000ac 0000006f
R 475 237 000000ac 0000006f
R 477 238 000000ac 0000006f
R 479 239 000000ac 0000006f
R 481 240 000000ac 0000006f
R 483 241 000000ac 0000006f
R 485 242 000000ac 0000006f
R 487 243 000000ac 0000006f
R 489 244 000000ac 0000006f
R 491 245 000000ac 0000006f
R 493 246 000000ac 0000006f
R 495 247 000000ac 0000006f
R 497 248 000000ac 0000006f
R 499 249 000000ac 0000006f
R 501 250 000000ac 0000006f
R 503 251 000000ac 0000006f
R 505 252 000000ac 0000006f
R 507 253 000000ac 0000006f
R 509 254 000000ac 0000006f
R 511 255 000000ac 0000006f
R 513 256 000000ac 0000006f
R 515 257 000000ac 0000006f
R 517 258 000000ac 0000006f
R 519 259 000000ac 0000006f
R 521 260 000000ac 0000006f
R 523 261 000000ac 0000006f
R 525 262 000000ac 0000006f
R 527 263 000000ac 0000006f
R 529 264 000000ac 0000006f
R 531 265 000000ac 0000006f
R 533 266 000000ac 0000006f
R 535 267 000000ac 0000006f
R 537 268 000000ac 0000006f
R 539 269 000000ac 0000006f
R 541 270 000000ac 0000006f
R 543 271 000000ac 0000006f
R 545 272 000000ac 0000006f
R 547 273 000000ac 0000006f
R 549 274 000000ac 0000006f
R 551 275 000000ac 0000006f
R 553 276 000000ac 0000006f
R 555 277 000000ac 0000006f
R 557 278 000000ac 0000006f
R 559 279 000000ac 0000006f
R 561 280 000000ac 0000006f
R 563 281 000000ac 0000006f
R 565 282 000000ac 0000006f
R 567 283 000000ac 0000006f
R 569 284 000000ac 0000006f
R 571 285 000000ac 0000006f
R 573 286 000000ac 0000006f
R 575 287 000000ac 0000006f
R 577 288 000000ac 0000006f
R 579 289 000000ac 0000006f
R 581 290 000000ac 0000006f
R 583 291 000000ac 0000006f
R 585 292 000000ac 0000006f
R 587 293 000000ac 0000006f
R 589 294 000000ac 0000006f
R 591 295 000000ac 0000006f
R 593 296 000000ac 0000006f
R 595 297 000000ac 0000006f
R 597 298 000000ac 0000006f
R 599 299 000000ac 0000006f
R 601 300 000000ac 0000006f
R 603 301 000000ac 0000006f
R 605 302 000000ac 0000006f
R 607 303 000000ac 0000006f
R 609 304 000000ac 0000006f
R 611 305 000000ac 0000006f
R 613 306 000000ac 0000006f
R 615 307 000000ac 0000006f
R 617 308 000000ac 0000006f
R 619 309 000000ac 0000006f
R 621 310 000000ac 0000006f
R 623 311 000000ac 0000006f
R 625 312 000000ac 0000006f
R 627 313 000000ac 0000006f
R 629 314 000000ac 0000006f
R 631 315 000000ac 0000006f
R 633 316 000000ac 0000006f
R 635 317 000000ac 0000006f
R 637 318 000000ac 0000006f
R 639 319 000000ac 0000006f
R 641 320 000000ac 0000006f
R 643 321 000000ac 0000006f
R 645 322 000000ac 0000006f
R 647 323 000000ac 0000006f
R 649 324 000000ac 0000006f
R 651 325 000000ac 0000006f
R 653 326 000000ac 0000006f
R 655 327 000000ac 0000006f
R 657 328 000000ac 0000006f
R 659 329 000000ac 0000006f
R 661 330 000000ac 0000006f
R 663 331 000000ac 0000006f
R 665 332 000000ac 0000006f
R 667 333 000000ac 0000006f
R 669 334 000000ac 0000006f
R 671 335 000000ac 0000006f
R 673 336 000000ac 0000006f
R 675 337 000000ac 0000006f
R 677 338 000000ac 0000006f
R 679 339 000000ac 0000006f
R 681 340 000000ac 0000006f
R 683 341 000000ac 0000006f
R 685 342 000000ac 0000006f
R 687 343 000000ac 0000006f
R 689 344 000000ac 0000006f
R 691 345 000000ac 0000006f
R 693 346 000000ac 0000006f
R 695 347 000000ac 0000006f
R 697 348 000000ac 0000006f
R 699 349 000000ac 0000006f
R 701 350 000000ac 0000006f
R 703 351 000000ac 0000006f
R 705 352 000000ac 0000006f
R 707 353 000000ac 0000006f
R 709 354 000000ac 0000006f
R 711 355 000000ac 0000006f
R 713 356 000000ac 0000006f
R 715 357 000000ac 0000006f
R 717 358 000000ac 0000006f
R 719 359 000000ac 0000006f
R 721 360 000000ac 0000006f
R 723 361 000000ac 0000006f
R 725 362 000000ac 0000006f
R 727 363 000000ac 0000006f
R 729 364 000000ac 0000006f
R 731 365 000000ac 0000006f
R 733 366 000000ac 0000006f
R 735 367 000000ac 0000006f
R 737 368 000000ac 0000006f
R 739 369 000000ac 0000006f
R 741 370 000000ac 0000006f
R 743 371 000000ac 0000006f
R 745 372 000000ac 0000006f
R 747 373 000000ac 0000006f
R 749 374 000000ac 0000006f
R 751 375 000000ac 0000006f
R 753 376 000000ac 0000006f
R 755 377 000000ac 0000006f
R 757 378 000000ac 0000006f
R 759 379 000000ac 0000006f
R 761 380 000000ac 0000006f
R 763 381 000000ac 0000006f
R 765 382 000000ac 0000006f
R 767 383 000000ac 0000006f
R 769 384 000000ac 0000006f
R 771 385 000000ac 0000006f
R 773 386 000000ac 0000006f
R 775 387 000000ac 0000006f
R 777 388 000000ac 0000006f
R 779 389 000000ac 0000006f
R 781 390 000000ac 0000006f
R 783 391 000000ac 0000006f
R 785 392 000000ac 0000006f
R 787 393 000000ac 0000006f
R 789 394 000000ac 0000006f
R 791 395 000000ac 0000006f
R 793 396 000000ac 0000006f
R 795 397 000000ac 0000006f
R 797 398 000000ac 0000006f
R 799 399 000000ac 0000006f
R 801 400 000000ac 0000006f
R 803 401 000000ac 0000006f
R 805 402 000000ac 0000006f
R 807 403 000000ac 0000006f
R 809 404 000000ac 0000006f
R 811 405 000000ac 0000006f
R 813 406 000000ac 0000006f
R 815 407 000000ac 0000006f
R 817 408 000000ac 0000006f
R 819 409 000000ac 0000006f
R 821 410 000000ac 0000006f
R 823 411 000000ac 0000006f
R 825 412 000000ac 0000006f
R 827 413 000000ac 0000006f
R 829 414 000000ac 0000006f
R 831 415 000000ac 0000006f
R 833 416 000000ac 0000006f
R 835 417 000000ac 0000006f
R 837 418 000000ac 0000006f
R 839 419 000000ac 0000006f
R 841 420 000000ac 0000006f
R 843 421 000000ac 0000006f
R 845 422 000000ac 0000006f
R 847 423 000000ac 0000006f
R 849 424 000000ac 0000006f
R 851 425 000000ac 0000006f
R 853 426 000000ac 0000006f
R 855 427 000000ac 0000006f
R 857 428 000000ac 0000006f
R 859 429 000000ac 0000006f
R 861 430 000000ac 0000006f
R 863 431 000000ac 0000006f
R 865 432 000000ac 0000006f
R 867 433 000000ac 0000006f
R 869 434 000000ac 0000006f
R 871 435 000000ac 0000006f
R 873 436 000000ac 0000006f
R 875 437 000000ac 0000006f
R 877 438 000000ac 0000006f
R 879 439 000000ac 0000006f
R 881 440 000000ac 0000006f
R 883 441 000000ac 0000006f
R 885 442 000000ac 0000006f
R 887 443 000000ac 0000006f
R 889 444 000000ac 0000006f
R 891 445 000000ac 0000006f
R 893 446 000000ac 0000006f
R 895 447 000000ac 0000006f
R 897 448 000000ac 0000006f
R 899 449 000000ac 0000006f
R 901 450 000000ac 0000006f
R 903 451 000000ac 0000006f
R 905 452 000000ac 0000006f
R 907 453 000000ac 0000006f
R 909 454 000000ac 0000006f
R 911 455 000000ac 0000006f
R 913 456 000000ac 0000006f
R 915 457 000000ac 0000006f
R 917 458 000000ac 0000006f
R 919 459 000000ac 0000006f
R 921 460 000000ac 0000006f
R 923 461 000000ac 0000006f
R 925 462 000000ac 0000006f
R 927 463 000000ac 0000006f
R 929 464 000000ac 0000006f
R 931 465 000000ac 0000006f
R 933 466 000000ac 0000006f
R 935 467 000000ac 0000006f
R 937 468 000000ac 0000006f
R 939 469 000000ac 0000006f
R 941 470 000000ac 0000006f
R 943 471 000000ac 0000006f
R 945 472 000000ac 0000006f
R 947 473 000000ac 0000006f
R 949 474 000000ac 0000006f
R 951 475 000000ac 0000006f
R 953 476 000000ac 0000006f
R 955 477 000000ac 0000006f
R 957 478 000000ac 0000006f
R 959 479 000000ac 0000006f
R 961 480 000000ac 0000006f
R 963 481 000000ac 0000006f
R 965 482 000000ac 0000006f
R 967 483 000000ac 0000006f
R 969 484 000000ac 0000006f
R 971 485 000000ac 0000006f
R 973 486 000000ac 0000006f
R 975 487 000000ac 0000006f
R 977 488 000000ac 0000006f
R 979 489 000000ac 0000006f
R 981 490 000000ac 0000006f
R 983 491 000000ac 0000006f
R 985 492 000000ac 0000006f
R 987 493 000000ac 0000006f
R 989 494 000000ac 0000006f
R 991 495 000000ac 0000006f
R 993 496 000000ac 0000006f
R 995 497 000000ac 0000006f
R 997 498 000000ac 0000006f
R 999 499 000000ac 0000006f
R 1001 500 000000ac 0000006f
R 1003 501 000000ac 0000006f
R 1005 502 000000ac 0000006f
R 1007 503 000000ac 0000006f
R 1009 504 000000ac 0000006f
R 1011 505 000000ac 0000006f
R 1013 506 000000ac 0000006f
R 1015 507 000000ac 0000006f
R 1017 508 000000ac 0000006f
R 1019 509 000000ac 0000006f
R 1021 510 000000ac 0000006f
R 1023 511 000000ac 0000006f
R 1025 512 000000ac 0000006f
R 1027 513 000000ac 0000006f
R 1029 514 000000ac 0000006f
R 1031 515 000000ac 0000006f
R 1033 516 000000ac 0000006f
R 1035 517 000000ac 0000006f
R 1037 518 000000ac 0000006f
R 1039 519 000000ac 0000006f
R 1041 520 000000ac 0000006f
R 1043 521 000000ac 0000006f
R 1045 522 000000ac 0000006f
R 1047 523 000000ac 0000006f
R 1049 524 000000ac 0000006f
R 1051 525 000000ac 0000006f
R 1053 526 000000ac 0000006f
R 1055 527 000000ac 0000006f
R 1057 528 000000ac 0000006f
R 1059 529 000000ac 0000006f
R 1061 530 000000ac 0000006f
R 1063 531 000000ac 0000006f
R 1065 532 000000ac 0000006f
R 1067 533 000000ac 0000006f
R 1069 534 000000ac 0000006f
R 1071 535 000000ac 0000006f
R 1073 536 000000ac 0000006f
R 1075 537 000000ac 0000006f
R 1077 538 000000ac 0000006f
R 1079 539 000000ac 0000006f
R 1081 540 000000ac 0000006f
R 1083 541 000000ac 0000006f
R 1085 542 000000ac 0000006f
R 1087 543 000000ac 0000006f
R 1089 544 000000ac 0000006f
R 1091 545 000000ac 0000006f
R 1093 546 000000ac 0000006f
R 1095 547 000000ac 0000006f
R 1097 548 000000ac 0000006f
R 1099 549 000000ac 0000006f
R 1101 550 000000ac 0000006f
R 1103 551 000000ac 0000006f
R 1105 552 000000ac 0000006f
R 1107 553 000000ac 0000006f
R 1109 554 000000ac 0000006f
R 1111 555 000000ac 0000006f
R 1113 556 000000ac 0000006f
R 1115 557 000000ac 0000006f
R 1117 558 000000ac 0000006f
R 1119 559 000000ac 0000006f
R 1121 560 000000ac 0000006f
R 1123 561 000000ac 0000006f
R 1125 562 000000ac 0000006f
R 1127 563 000000ac 0000006f
R 1129 564 000000ac 0000006f
R 1131 565 000000ac 0000006f
R 1133 566 000000ac 0000006f
R 1135 567 000000ac 0000006f
R 1137 568 000000ac 0000006f
R 1139 569 000000ac 0000006f
R 1141 570 000000ac 0000006f
R 1143 571 000000ac 0000006f
R 1145 572 000000ac 0000006f
R 1147 573 000000ac 0000006f
R 1149 574 000000ac 0000006f
R 1151 575 000000ac 0000006f
R 1153 576 000000ac 0000006f
R 1155 577 000000ac 0000006f
R 1157 578 000000ac 0000006f
R 1159 579 000000ac 0000006f
R 1161 580 000000ac 0000006f
R 1163 581 000000ac 0000006f
R 1165 582 000000ac 0000006f
R 1167 583 000000ac 0000006f
R 1169 584 000000ac 0000006f
R 1171 585 000000ac 0000006f
R 1173 586 000000ac 0000006f
R 1175 587 000000ac 0000006f
R 1177 588 000000ac 0000006f
R 1179 589 000000ac 0000006f
R 1181 590 000000ac 0000006f
R 1183 591 000000ac 0000006f
R 1185 592 000000ac 0000006f
R 1187 593 000000ac 0000006f
R 1189 594 000000ac 0000006f
R 1191 595 000000ac 0000006f
R 1193 596 000000ac 0000006f
R 1195 597 000000ac 0000006f
R 1197 598 000000ac 0000006f
R 1199 599 000000ac 0000006f
REG 0 00000000
REG 1 00000001
REG 2 00000002
REG 3 00000098
REG 4 000000a8
REG 5 000000a4
REG 6 00000000
REG 7 00000000
REG 8 00000000
REG 9 00000000
REG 10 00000000
REG 11 00000000
REG 12 00000000
REG 13 00000000
REG 14 00000000
REG 15 00000000
REG 16 00000000
REG 17 00000000
REG 18 00000000
REG 19 00000000
REG 20 00000000
REG 21 00000000
REG 22 00000000
REG 23 00000000
REG 24 00000000
REG 25 00000000
REG 26 00000000
REG 27 00000000
REG 28 00000000
REG 29 00000000
REG 30 00000000
REG 31 0000007b
COUNTS sleep=1 clocks=1197 ai=0 ab=0 am=0 ifetch=1196 data=0 bitmap=0 hit=0 miss=0 dummy=0 expanded=0 predict=0 mispredict=0
FINISH
- /home/dungpc/ndmoney4porche/projects/ibex/doc/dungpc/microarchitecture/scripts/top_tb.sv:188: Verilog $finish
