CONFIG SEC=0 CACHE=0 PRED=0 DUAL=1 MODE=1 ZC=0 SCR=0 ICECC=0 OFFSET=1 PMP=0
C 3 00000000 0 0 0 1 0 0
C 4 00000000 0 0 0 1 1 0
C 5 00000000 0 0 0 0 4 0
CSRDBG 6 addr=200 priv=3 dec=0 csr=0 raw=1 pw=0 dbg=0 op=0
C 6 00000080 1 0 0 0 5 0
W 7 1 00000200 000000000
CSRDBG 7 addr=000 priv=3 dec=0 csr=0 raw=1 pw=0 dbg=0 op=0
C 7 00000084 1 0 0 0 5 0
CSRDBG 8 addr=07b priv=3 dec=0 csr=0 raw=1 pw=0 dbg=0 op=0
R 8 1 00000080 20000093
C 8 00000088 1 0 0 0 5 0
CSRDBG 9 addr=07b priv=3 dec=0 csr=0 raw=1 pw=0 dbg=0 op=0
R 9 2 00000084 0000b103
C 9 00000088 1 0 0 1 6 0
C 10 00000088 0 0 0 0 5 0
CSRDBG 11 addr=342 priv=3 dec=0 csr=0 raw=0 pw=0 dbg=0 op=0
C 11 00000000 1 0 0 0 5 0
W 12 10 0000001c 000000000
CSRDBG 12 addr=03f priv=3 dec=0 csr=0 raw=1 pw=0 dbg=0 op=0
C 12 00000004 1 0 0 0 5 0
W 13 11 00000084 15e3e0000
CSRDBG 13 addr=343 priv=3 dec=0 csr=0 raw=0 pw=0 dbg=0 op=0
R 13 3 00000000 34202573
C 13 00000008 1 0 0 0 5 0
W 14 12 00000022 000000000
CSRDBG 14 addr=077 priv=3 dec=0 csr=0 raw=1 pw=0 dbg=0 op=0
R 14 4 00000004 03f005db
C 14 0000000c 1 0 0 0 5 0
W 15 15 00000077 000000000
CSRDBG 15 addr=000 priv=3 dec=0 csr=0 raw=1 pw=0 dbg=0 op=0
R 15 5 00000008 34302673
C 15 00000010 1 0 0 1 5 0
R 16 6 0000000c 07700793
C 16 00000010 0 0 0 0 5 0
CSRDBG 17 addr=000 priv=3 dec=0 csr=0 raw=1 pw=0 dbg=0 op=0
R 17 7 00000010 0000006f
C 17 00000010 1 0 0 1 5 0
C 18 00000010 0 0 0 0 5 0
CSRDBG 19 addr=000 priv=3 dec=0 csr=0 raw=1 pw=0 dbg=0 op=0
R 19 8 00000010 0000006f
C 19 00000010 1 0 0 1 5 0
C 20 00000010 0 0 0 0 5 0
CSRDBG 21 addr=000 priv=3 dec=0 csr=0 raw=1 pw=0 dbg=0 op=0
R 21 9 00000010 0000006f
C 21 00000010 1 0 0 1 5 0
C 22 00000010 0 0 0 0 5 0
CSRDBG 23 addr=000 priv=3 dec=0 csr=0 raw=1 pw=0 dbg=0 op=0
R 23 10 00000010 0000006f
C 23 00000010 1 0 0 1 5 0
C 24 00000010 0 0 0 0 5 0
CSRDBG 25 addr=000 priv=3 dec=0 csr=0 raw=1 pw=0 dbg=0 op=0
R 25 11 00000010 0000006f
C 25 00000010 1 0 0 1 5 0
C 26 00000010 0 0 0 0 5 0
CSRDBG 27 addr=000 priv=3 dec=0 csr=0 raw=1 pw=0 dbg=0 op=0
R 27 12 00000010 0000006f
C 27 00000010 1 0 0 1 5 0
C 28 00000010 0 0 0 0 5 0
CSRDBG 29 addr=000 priv=3 dec=0 csr=0 raw=1 pw=0 dbg=0 op=0
R 29 13 00000010 0000006f
C 29 00000010 1 0 0 1 5 0
C 30 00000010 0 0 0 0 5 0
CSRDBG 31 addr=000 priv=3 dec=0 csr=0 raw=1 pw=0 dbg=0 op=0
R 31 14 00000010 0000006f
C 31 00000010 1 0 0 1 5 0
C 32 00000010 0 0 0 0 5 0
CSRDBG 33 addr=000 priv=3 dec=0 csr=0 raw=1 pw=0 dbg=0 op=0
R 33 15 00000010 0000006f
C 33 00000010 1 0 0 1 5 0
C 34 00000010 0 0 0 0 5 0
CSRDBG 35 addr=000 priv=3 dec=0 csr=0 raw=1 pw=0 dbg=0 op=0
R 35 16 00000010 0000006f
C 35 00000010 1 0 0 1 5 0
C 36 00000010 0 0 0 0 5 0
CSRDBG 37 addr=000 priv=3 dec=0 csr=0 raw=1 pw=0 dbg=0 op=0
R 37 17 00000010 0000006f
C 37 00000010 1 0 0 1 5 0
C 38 00000010 0 0 0 0 5 0
CSRDBG 39 addr=000 priv=3 dec=0 csr=0 raw=1 pw=0 dbg=0 op=0
R 39 18 00000010 0000006f
C 39 00000010 1 0 0 1 5 0
C 40 00000010 0 0 0 0 5 0
CSRDBG 41 addr=000 priv=3 dec=0 csr=0 raw=1 pw=0 dbg=0 op=0
R 41 19 00000010 0000006f
C 41 00000010 1 0 0 1 5 0
C 42 00000010 0 0 0 0 5 0
CSRDBG 43 addr=000 priv=3 dec=0 csr=0 raw=1 pw=0 dbg=0 op=0
R 43 20 00000010 0000006f
C 43 00000010 1 0 0 1 5 0
C 44 00000010 0 0 0 0 5 0
CSRDBG 45 addr=000 priv=3 dec=0 csr=0 raw=1 pw=0 dbg=0 op=0
R 45 21 00000010 0000006f
C 45 00000010 1 0 0 1 5 0
C 46 00000010 0 0 0 0 5 0
CSRDBG 47 addr=000 priv=3 dec=0 csr=0 raw=1 pw=0 dbg=0 op=0
R 47 22 00000010 0000006f
C 47 00000010 1 0 0 1 5 0
C 48 00000010 0 0 0 0 5 0
CSRDBG 49 addr=000 priv=3 dec=0 csr=0 raw=1 pw=0 dbg=0 op=0
R 49 23 00000010 0000006f
C 49 00000010 1 0 0 1 5 0
C 50 00000010 0 0 0 0 5 0
CSRDBG 51 addr=000 priv=3 dec=0 csr=0 raw=1 pw=0 dbg=0 op=0
R 51 24 00000010 0000006f
C 51 00000010 1 0 0 1 5 0
C 52 00000010 0 0 0 0 5 0
CSRDBG 53 addr=000 priv=3 dec=0 csr=0 raw=1 pw=0 dbg=0 op=0
R 53 25 00000010 0000006f
C 53 00000010 1 0 0 1 5 0
C 54 00000010 0 0 0 0 5 0
CSRDBG 55 addr=000 priv=3 dec=0 csr=0 raw=1 pw=0 dbg=0 op=0
R 55 26 00000010 0000006f
C 55 00000010 1 0 0 1 5 0
C 56 00000010 0 0 0 0 5 0
CSRDBG 57 addr=000 priv=3 dec=0 csr=0 raw=1 pw=0 dbg=0 op=0
R 57 27 00000010 0000006f
C 57 00000010 1 0 0 1 5 0
C 58 00000010 0 0 0 0 5 0
CSRDBG 59 addr=000 priv=3 dec=0 csr=0 raw=1 pw=0 dbg=0 op=0
R 59 28 00000010 0000006f
C 59 00000010 1 0 0 1 5 0
C 60 00000010 0 0 0 0 5 0
CSRDBG 61 addr=000 priv=3 dec=0 csr=0 raw=1 pw=0 dbg=0 op=0
R 61 29 00000010 0000006f
C 61 00000010 1 0 0 1 5 0
C 62 00000010 0 0 0 0 5 0
CSRDBG 63 addr=000 priv=3 dec=0 csr=0 raw=1 pw=0 dbg=0 op=0
R 63 30 00000010 0000006f
C 63 00000010 1 0 0 1 5 0
C 64 00000010 0 0 0 0 5 0
CSRDBG 65 addr=000 priv=3 dec=0 csr=0 raw=1 pw=0 dbg=0 op=0
R 65 31 00000010 0000006f
C 65 00000010 1 0 0 1 5 0
C 66 00000010 0 0 0 0 5 0
CSRDBG 67 addr=000 priv=3 dec=0 csr=0 raw=1 pw=0 dbg=0 op=0
R 67 32 00000010 0000006f
C 67 00000010 1 0 0 1 5 0
C 68 00000010 0 0 0 0 5 0
CSRDBG 69 addr=000 priv=3 dec=0 csr=0 raw=1 pw=0 dbg=0 op=0
R 69 33 00000010 0000006f
C 69 00000010 1 0 0 1 5 0
C 70 00000010 0 0 0 0 5 0
CSRDBG 71 addr=000 priv=3 dec=0 csr=0 raw=1 pw=0 dbg=0 op=0
R 71 34 00000010 0000006f
C 71 00000010 1 0 0 1 5 0
C 72 00000010 0 0 0 0 5 0
CSRDBG 73 addr=000 priv=3 dec=0 csr=0 raw=1 pw=0 dbg=0 op=0
R 73 35 00000010 0000006f
C 73 00000010 1 0 0 1 5 0
C 74 00000010 0 0 0 0 5 0
CSRDBG 75 addr=000 priv=3 dec=0 csr=0 raw=1 pw=0 dbg=0 op=0
R 75 36 00000010 0000006f
C 75 00000010 1 0 0 1 5 0
C 76 00000010 0 0 0 0 5 0
CSRDBG 77 addr=000 priv=3 dec=0 csr=0 raw=1 pw=0 dbg=0 op=0
R 77 37 00000010 0000006f
C 77 00000010 1 0 0 1 5 0
C 78 00000010 0 0 0 0 5 0
CSRDBG 79 addr=000 priv=3 dec=0 csr=0 raw=1 pw=0 dbg=0 op=0
R 79 38 00000010 0000006f
C 79 00000010 1 0 0 1 5 0
C 80 00000010 0 0 0 0 5 0
R 81 39 00000010 0000006f
C 81 00000010 1 0 0 1 5 0
C 82 00000010 0 0 0 0 5 0
R 83 40 00000010 0000006f
C 83 00000010 1 0 0 1 5 0
C 84 00000010 0 0 0 0 5 0
R 85 41 00000010 0000006f
C 85 00000010 1 0 0 1 5 0
C 86 00000010 0 0 0 0 5 0
R 87 42 00000010 0000006f
C 87 00000010 1 0 0 1 5 0
C 88 00000010 0 0 0 0 5 0
R 89 43 00000010 0000006f
C 89 00000010 1 0 0 1 5 0
C 90 00000010 0 0 0 0 5 0
R 91 44 00000010 0000006f
C 91 00000010 1 0 0 1 5 0
C 92 00000010 0 0 0 0 5 0
R 93 45 00000010 0000006f
C 93 00000010 1 0 0 1 5 0
C 94 00000010 0 0 0 0 5 0
R 95 46 00000010 0000006f
C 95 00000010 1 0 0 1 5 0
C 96 00000010 0 0 0 0 5 0
R 97 47 00000010 0000006f
C 97 00000010 1 0 0 1 5 0
C 98 00000010 0 0 0 0 5 0
R 99 48 00000010 0000006f
C 99 00000010 1 0 0 1 5 0
C 100 00000010 0 0 0 0 5 0
R 101 49 00000010 0000006f
C 101 00000010 1 0 0 1 5 0
C 102 00000010 0 0 0 0 5 0
R 103 50 00000010 0000006f
C 103 00000010 1 0 0 1 5 0
C 104 00000010 0 0 0 0 5 0
R 105 51 00000010 0000006f
C 105 00000010 1 0 0 1 5 0
C 106 00000010 0 0 0 0 5 0
R 107 52 00000010 0000006f
C 107 00000010 1 0 0 1 5 0
C 108 00000010 0 0 0 0 5 0
R 109 53 00000010 0000006f
C 109 00000010 1 0 0 1 5 0
C 110 00000010 0 0 0 0 5 0
R 111 54 00000010 0000006f
C 111 00000010 1 0 0 1 5 0
C 112 00000010 0 0 0 0 5 0
R 113 55 00000010 0000006f
C 113 00000010 1 0 0 1 5 0
C 114 00000010 0 0 0 0 5 0
R 115 56 00000010 0000006f
C 115 00000010 1 0 0 1 5 0
C 116 00000010 0 0 0 0 5 0
R 117 57 00000010 0000006f
C 117 00000010 1 0 0 1 5 0
C 118 00000010 0 0 0 0 5 0
R 119 58 00000010 0000006f
C 119 00000010 1 0 0 1 5 0
C 120 00000010 0 0 0 0 5 0
R 121 59 00000010 0000006f
C 121 00000010 1 0 0 1 5 0
C 122 00000010 0 0 0 0 5 0
R 123 60 00000010 0000006f
C 123 00000010 1 0 0 1 5 0
C 124 00000010 0 0 0 0 5 0
R 125 61 00000010 0000006f
C 125 00000010 1 0 0 1 5 0
C 126 00000010 0 0 0 0 5 0
R 127 62 00000010 0000006f
C 127 00000010 1 0 0 1 5 0
C 128 00000010 0 0 0 0 5 0
R 129 63 00000010 0000006f
C 129 00000010 1 0 0 1 5 0
C 130 00000010 0 0 0 0 5 0
R 131 64 00000010 0000006f
C 131 00000010 1 0 0 1 5 0
C 132 00000010 0 0 0 0 5 0
R 133 65 00000010 0000006f
C 133 00000010 1 0 0 1 5 0
C 134 00000010 0 0 0 0 5 0
R 135 66 00000010 0000006f
C 135 00000010 1 0 0 1 5 0
C 136 00000010 0 0 0 0 5 0
R 137 67 00000010 0000006f
C 137 00000010 1 0 0 1 5 0
C 138 00000010 0 0 0 0 5 0
R 139 68 00000010 0000006f
C 139 00000010 1 0 0 1 5 0
C 140 00000010 0 0 0 0 5 0
R 141 69 00000010 0000006f
C 141 00000010 1 0 0 1 5 0
C 142 00000010 0 0 0 0 5 0
R 143 70 00000010 0000006f
C 143 00000010 1 0 0 1 5 0
C 144 00000010 0 0 0 0 5 0
R 145 71 00000010 0000006f
C 145 00000010 1 0 0 1 5 0
C 146 00000010 0 0 0 0 5 0
R 147 72 00000010 0000006f
C 147 00000010 1 0 0 1 5 0
C 148 00000010 0 0 0 0 5 0
R 149 73 00000010 0000006f
C 149 00000010 1 0 0 1 5 0
C 150 00000010 0 0 0 0 5 0
R 151 74 00000010 0000006f
C 151 00000010 1 0 0 1 5 0
C 152 00000010 0 0 0 0 5 0
R 153 75 00000010 0000006f
C 153 00000010 1 0 0 1 5 0
C 154 00000010 0 0 0 0 5 0
R 155 76 00000010 0000006f
C 155 00000010 1 0 0 1 5 0
C 156 00000010 0 0 0 0 5 0
R 157 77 00000010 0000006f
C 157 00000010 1 0 0 1 5 0
C 158 00000010 0 0 0 0 5 0
R 159 78 00000010 0000006f
C 159 00000010 1 0 0 1 5 0
C 160 00000010 0 0 0 0 5 0
R 161 79 00000010 0000006f
C 161 00000010 1 0 0 1 5 0
C 162 00000010 0 0 0 0 5 0
R 163 80 00000010 0000006f
C 163 00000010 1 0 0 1 5 0
C 164 00000010 0 0 0 0 5 0
R 165 81 00000010 0000006f
C 165 00000010 1 0 0 1 5 0
C 166 00000010 0 0 0 0 5 0
R 167 82 00000010 0000006f
C 167 00000010 1 0 0 1 5 0
C 168 00000010 0 0 0 0 5 0
R 169 83 00000010 0000006f
C 169 00000010 1 0 0 1 5 0
C 170 00000010 0 0 0 0 5 0
R 171 84 00000010 0000006f
C 171 00000010 1 0 0 1 5 0
C 172 00000010 0 0 0 0 5 0
R 173 85 00000010 0000006f
C 173 00000010 1 0 0 1 5 0
C 174 00000010 0 0 0 0 5 0
R 175 86 00000010 0000006f
C 175 00000010 1 0 0 1 5 0
C 176 00000010 0 0 0 0 5 0
R 177 87 00000010 0000006f
C 177 00000010 1 0 0 1 5 0
C 178 00000010 0 0 0 0 5 0
R 179 88 00000010 0000006f
C 179 00000010 1 0 0 1 5 0
R 181 89 00000010 0000006f
R 183 90 00000010 0000006f
R 185 91 00000010 0000006f
R 187 92 00000010 0000006f
R 189 93 00000010 0000006f
R 191 94 00000010 0000006f
R 193 95 00000010 0000006f
R 195 96 00000010 0000006f
R 197 97 00000010 0000006f
R 199 98 00000010 0000006f
R 201 99 00000010 0000006f
R 203 100 00000010 0000006f
R 205 101 00000010 0000006f
R 207 102 00000010 0000006f
R 209 103 00000010 0000006f
R 211 104 00000010 0000006f
R 213 105 00000010 0000006f
R 215 106 00000010 0000006f
R 217 107 00000010 0000006f
R 219 108 00000010 0000006f
R 221 109 00000010 0000006f
R 223 110 00000010 0000006f
R 225 111 00000010 0000006f
R 227 112 00000010 0000006f
R 229 113 00000010 0000006f
R 231 114 00000010 0000006f
R 233 115 00000010 0000006f
R 235 116 00000010 0000006f
R 237 117 00000010 0000006f
R 239 118 00000010 0000006f
R 241 119 00000010 0000006f
R 243 120 00000010 0000006f
R 245 121 00000010 0000006f
R 247 122 00000010 0000006f
R 249 123 00000010 0000006f
R 251 124 00000010 0000006f
R 253 125 00000010 0000006f
R 255 126 00000010 0000006f
R 257 127 00000010 0000006f
R 259 128 00000010 0000006f
R 261 129 00000010 0000006f
R 263 130 00000010 0000006f
R 265 131 00000010 0000006f
R 267 132 00000010 0000006f
R 269 133 00000010 0000006f
R 271 134 00000010 0000006f
R 273 135 00000010 0000006f
R 275 136 00000010 0000006f
R 277 137 00000010 0000006f
R 279 138 00000010 0000006f
R 281 139 00000010 0000006f
R 283 140 00000010 0000006f
R 285 141 00000010 0000006f
R 287 142 00000010 0000006f
R 289 143 00000010 0000006f
R 291 144 00000010 0000006f
R 293 145 00000010 0000006f
R 295 146 00000010 0000006f
R 297 147 00000010 0000006f
R 299 148 00000010 0000006f
R 301 149 00000010 0000006f
R 303 150 00000010 0000006f
R 305 151 00000010 0000006f
R 307 152 00000010 0000006f
R 309 153 00000010 0000006f
R 311 154 00000010 0000006f
R 313 155 00000010 0000006f
R 315 156 00000010 0000006f
R 317 157 00000010 0000006f
R 319 158 00000010 0000006f
R 321 159 00000010 0000006f
R 323 160 00000010 0000006f
R 325 161 00000010 0000006f
R 327 162 00000010 0000006f
R 329 163 00000010 0000006f
R 331 164 00000010 0000006f
R 333 165 00000010 0000006f
R 335 166 00000010 0000006f
R 337 167 00000010 0000006f
R 339 168 00000010 0000006f
R 341 169 00000010 0000006f
R 343 170 00000010 0000006f
R 345 171 00000010 0000006f
R 347 172 00000010 0000006f
R 349 173 00000010 0000006f
R 351 174 00000010 0000006f
R 353 175 00000010 0000006f
R 355 176 00000010 0000006f
R 357 177 00000010 0000006f
R 359 178 00000010 0000006f
R 361 179 00000010 0000006f
R 363 180 00000010 0000006f
R 365 181 00000010 0000006f
R 367 182 00000010 0000006f
R 369 183 00000010 0000006f
R 371 184 00000010 0000006f
R 373 185 00000010 0000006f
R 375 186 00000010 0000006f
R 377 187 00000010 0000006f
R 379 188 00000010 0000006f
R 381 189 00000010 0000006f
R 383 190 00000010 0000006f
R 385 191 00000010 0000006f
R 387 192 00000010 0000006f
R 389 193 00000010 0000006f
R 391 194 00000010 0000006f
R 393 195 00000010 0000006f
R 395 196 00000010 0000006f
R 397 197 00000010 0000006f
R 399 198 00000010 0000006f
R 401 199 00000010 0000006f
R 403 200 00000010 0000006f
R 405 201 00000010 0000006f
R 407 202 00000010 0000006f
R 409 203 00000010 0000006f
R 411 204 00000010 0000006f
R 413 205 00000010 0000006f
R 415 206 00000010 0000006f
R 417 207 00000010 0000006f
R 419 208 00000010 0000006f
R 421 209 00000010 0000006f
R 423 210 00000010 0000006f
R 425 211 00000010 0000006f
R 427 212 00000010 0000006f
R 429 213 00000010 0000006f
R 431 214 00000010 0000006f
R 433 215 00000010 0000006f
R 435 216 00000010 0000006f
R 437 217 00000010 0000006f
R 439 218 00000010 0000006f
R 441 219 00000010 0000006f
R 443 220 00000010 0000006f
R 445 221 00000010 0000006f
R 447 222 00000010 0000006f
R 449 223 00000010 0000006f
R 451 224 00000010 0000006f
R 453 225 00000010 0000006f
R 455 226 00000010 0000006f
R 457 227 00000010 0000006f
R 459 228 00000010 0000006f
R 461 229 00000010 0000006f
R 463 230 00000010 0000006f
R 465 231 00000010 0000006f
R 467 232 00000010 0000006f
R 469 233 00000010 0000006f
R 471 234 00000010 0000006f
R 473 235 00000010 0000006f
R 475 236 00000010 0000006f
R 477 237 00000010 0000006f
R 479 238 00000010 0000006f
R 481 239 00000010 0000006f
R 483 240 00000010 0000006f
R 485 241 00000010 0000006f
R 487 242 00000010 0000006f
R 489 243 00000010 0000006f
R 491 244 00000010 0000006f
R 493 245 00000010 0000006f
R 495 246 00000010 0000006f
R 497 247 00000010 0000006f
R 499 248 00000010 0000006f
R 501 249 00000010 0000006f
R 503 250 00000010 0000006f
R 505 251 00000010 0000006f
R 507 252 00000010 0000006f
R 509 253 00000010 0000006f
R 511 254 00000010 0000006f
R 513 255 00000010 0000006f
R 515 256 00000010 0000006f
R 517 257 00000010 0000006f
R 519 258 00000010 0000006f
R 521 259 00000010 0000006f
R 523 260 00000010 0000006f
R 525 261 00000010 0000006f
R 527 262 00000010 0000006f
R 529 263 00000010 0000006f
R 531 264 00000010 0000006f
R 533 265 00000010 0000006f
R 535 266 00000010 0000006f
R 537 267 00000010 0000006f
R 539 268 00000010 0000006f
R 541 269 00000010 0000006f
R 543 270 00000010 0000006f
R 545 271 00000010 0000006f
R 547 272 00000010 0000006f
R 549 273 00000010 0000006f
R 551 274 00000010 0000006f
R 553 275 00000010 0000006f
R 555 276 00000010 0000006f
R 557 277 00000010 0000006f
R 559 278 00000010 0000006f
R 561 279 00000010 0000006f
R 563 280 00000010 0000006f
R 565 281 00000010 0000006f
R 567 282 00000010 0000006f
R 569 283 00000010 0000006f
R 571 284 00000010 0000006f
R 573 285 00000010 0000006f
R 575 286 00000010 0000006f
R 577 287 00000010 0000006f
R 579 288 00000010 0000006f
R 581 289 00000010 0000006f
R 583 290 00000010 0000006f
R 585 291 00000010 0000006f
R 587 292 00000010 0000006f
R 589 293 00000010 0000006f
R 591 294 00000010 0000006f
R 593 295 00000010 0000006f
R 595 296 00000010 0000006f
R 597 297 00000010 0000006f
R 599 298 00000010 0000006f
R 601 299 00000010 0000006f
R 603 300 00000010 0000006f
R 605 301 00000010 0000006f
R 607 302 00000010 0000006f
R 609 303 00000010 0000006f
R 611 304 00000010 0000006f
R 613 305 00000010 0000006f
R 615 306 00000010 0000006f
R 617 307 00000010 0000006f
R 619 308 00000010 0000006f
R 621 309 00000010 0000006f
R 623 310 00000010 0000006f
R 625 311 00000010 0000006f
R 627 312 00000010 0000006f
R 629 313 00000010 0000006f
R 631 314 00000010 0000006f
R 633 315 00000010 0000006f
R 635 316 00000010 0000006f
R 637 317 00000010 0000006f
R 639 318 00000010 0000006f
R 641 319 00000010 0000006f
R 643 320 00000010 0000006f
R 645 321 00000010 0000006f
R 647 322 00000010 0000006f
R 649 323 00000010 0000006f
R 651 324 00000010 0000006f
R 653 325 00000010 0000006f
R 655 326 00000010 0000006f
R 657 327 00000010 0000006f
R 659 328 00000010 0000006f
R 661 329 00000010 0000006f
R 663 330 00000010 0000006f
R 665 331 00000010 0000006f
R 667 332 00000010 0000006f
R 669 333 00000010 0000006f
R 671 334 00000010 0000006f
R 673 335 00000010 0000006f
R 675 336 00000010 0000006f
R 677 337 00000010 0000006f
R 679 338 00000010 0000006f
R 681 339 00000010 0000006f
R 683 340 00000010 0000006f
R 685 341 00000010 0000006f
R 687 342 00000010 0000006f
R 689 343 00000010 0000006f
R 691 344 00000010 0000006f
R 693 345 00000010 0000006f
R 695 346 00000010 0000006f
R 697 347 00000010 0000006f
R 699 348 00000010 0000006f
R 701 349 00000010 0000006f
R 703 350 00000010 0000006f
R 705 351 00000010 0000006f
R 707 352 00000010 0000006f
R 709 353 00000010 0000006f
R 711 354 00000010 0000006f
R 713 355 00000010 0000006f
R 715 356 00000010 0000006f
R 717 357 00000010 0000006f
R 719 358 00000010 0000006f
R 721 359 00000010 0000006f
R 723 360 00000010 0000006f
R 725 361 00000010 0000006f
R 727 362 00000010 0000006f
R 729 363 00000010 0000006f
R 731 364 00000010 0000006f
R 733 365 00000010 0000006f
R 735 366 00000010 0000006f
R 737 367 00000010 0000006f
R 739 368 00000010 0000006f
R 741 369 00000010 0000006f
R 743 370 00000010 0000006f
R 745 371 00000010 0000006f
R 747 372 00000010 0000006f
R 749 373 00000010 0000006f
R 751 374 00000010 0000006f
R 753 375 00000010 0000006f
R 755 376 00000010 0000006f
R 757 377 00000010 0000006f
R 759 378 00000010 0000006f
R 761 379 00000010 0000006f
R 763 380 00000010 0000006f
R 765 381 00000010 0000006f
R 767 382 00000010 0000006f
R 769 383 00000010 0000006f
R 771 384 00000010 0000006f
R 773 385 00000010 0000006f
R 775 386 00000010 0000006f
R 777 387 00000010 0000006f
R 779 388 00000010 0000006f
R 781 389 00000010 0000006f
R 783 390 00000010 0000006f
R 785 391 00000010 0000006f
R 787 392 00000010 0000006f
R 789 393 00000010 0000006f
R 791 394 00000010 0000006f
R 793 395 00000010 0000006f
R 795 396 00000010 0000006f
R 797 397 00000010 0000006f
R 799 398 00000010 0000006f
R 801 399 00000010 0000006f
R 803 400 00000010 0000006f
R 805 401 00000010 0000006f
R 807 402 00000010 0000006f
R 809 403 00000010 0000006f
R 811 404 00000010 0000006f
R 813 405 00000010 0000006f
R 815 406 00000010 0000006f
R 817 407 00000010 0000006f
R 819 408 00000010 0000006f
R 821 409 00000010 0000006f
R 823 410 00000010 0000006f
R 825 411 00000010 0000006f
R 827 412 00000010 0000006f
R 829 413 00000010 0000006f
R 831 414 00000010 0000006f
R 833 415 00000010 0000006f
R 835 416 00000010 0000006f
R 837 417 00000010 0000006f
R 839 418 00000010 0000006f
R 841 419 00000010 0000006f
R 843 420 00000010 0000006f
R 845 421 00000010 0000006f
R 847 422 00000010 0000006f
R 849 423 00000010 0000006f
R 851 424 00000010 0000006f
R 853 425 00000010 0000006f
R 855 426 00000010 0000006f
R 857 427 00000010 0000006f
R 859 428 00000010 0000006f
R 861 429 00000010 0000006f
R 863 430 00000010 0000006f
R 865 431 00000010 0000006f
R 867 432 00000010 0000006f
R 869 433 00000010 0000006f
R 871 434 00000010 0000006f
R 873 435 00000010 0000006f
R 875 436 00000010 0000006f
R 877 437 00000010 0000006f
R 879 438 00000010 0000006f
R 881 439 00000010 0000006f
R 883 440 00000010 0000006f
R 885 441 00000010 0000006f
R 887 442 00000010 0000006f
R 889 443 00000010 0000006f
R 891 444 00000010 0000006f
R 893 445 00000010 0000006f
R 895 446 00000010 0000006f
R 897 447 00000010 0000006f
R 899 448 00000010 0000006f
R 901 449 00000010 0000006f
R 903 450 00000010 0000006f
R 905 451 00000010 0000006f
R 907 452 00000010 0000006f
R 909 453 00000010 0000006f
R 911 454 00000010 0000006f
R 913 455 00000010 0000006f
R 915 456 00000010 0000006f
R 917 457 00000010 0000006f
R 919 458 00000010 0000006f
R 921 459 00000010 0000006f
R 923 460 00000010 0000006f
R 925 461 00000010 0000006f
R 927 462 00000010 0000006f
R 929 463 00000010 0000006f
R 931 464 00000010 0000006f
R 933 465 00000010 0000006f
R 935 466 00000010 0000006f
R 937 467 00000010 0000006f
R 939 468 00000010 0000006f
R 941 469 00000010 0000006f
R 943 470 00000010 0000006f
R 945 471 00000010 0000006f
R 947 472 00000010 0000006f
R 949 473 00000010 0000006f
R 951 474 00000010 0000006f
R 953 475 00000010 0000006f
R 955 476 00000010 0000006f
R 957 477 00000010 0000006f
R 959 478 00000010 0000006f
R 961 479 00000010 0000006f
R 963 480 00000010 0000006f
R 965 481 00000010 0000006f
R 967 482 00000010 0000006f
R 969 483 00000010 0000006f
R 971 484 00000010 0000006f
R 973 485 00000010 0000006f
R 975 486 00000010 0000006f
R 977 487 00000010 0000006f
R 979 488 00000010 0000006f
R 981 489 00000010 0000006f
R 983 490 00000010 0000006f
R 985 491 00000010 0000006f
R 987 492 00000010 0000006f
R 989 493 00000010 0000006f
R 991 494 00000010 0000006f
R 993 495 00000010 0000006f
R 995 496 00000010 0000006f
R 997 497 00000010 0000006f
R 999 498 00000010 0000006f
R 1001 499 00000010 0000006f
R 1003 500 00000010 0000006f
R 1005 501 00000010 0000006f
R 1007 502 00000010 0000006f
R 1009 503 00000010 0000006f
R 1011 504 00000010 0000006f
R 1013 505 00000010 0000006f
R 1015 506 00000010 0000006f
R 1017 507 00000010 0000006f
R 1019 508 00000010 0000006f
R 1021 509 00000010 0000006f
R 1023 510 00000010 0000006f
R 1025 511 00000010 0000006f
R 1027 512 00000010 0000006f
R 1029 513 00000010 0000006f
R 1031 514 00000010 0000006f
R 1033 515 00000010 0000006f
R 1035 516 00000010 0000006f
R 1037 517 00000010 0000006f
R 1039 518 00000010 0000006f
R 1041 519 00000010 0000006f
R 1043 520 00000010 0000006f
R 1045 521 00000010 0000006f
R 1047 522 00000010 0000006f
R 1049 523 00000010 0000006f
R 1051 524 00000010 0000006f
R 1053 525 00000010 0000006f
R 1055 526 00000010 0000006f
R 1057 527 00000010 0000006f
R 1059 528 00000010 0000006f
R 1061 529 00000010 0000006f
R 1063 530 00000010 0000006f
R 1065 531 00000010 0000006f
R 1067 532 00000010 0000006f
R 1069 533 00000010 0000006f
R 1071 534 00000010 0000006f
R 1073 535 00000010 0000006f
R 1075 536 00000010 0000006f
R 1077 537 00000010 0000006f
R 1079 538 00000010 0000006f
R 1081 539 00000010 0000006f
R 1083 540 00000010 0000006f
R 1085 541 00000010 0000006f
R 1087 542 00000010 0000006f
R 1089 543 00000010 0000006f
R 1091 544 00000010 0000006f
R 1093 545 00000010 0000006f
R 1095 546 00000010 0000006f
R 1097 547 00000010 0000006f
R 1099 548 00000010 0000006f
R 1101 549 00000010 0000006f
R 1103 550 00000010 0000006f
R 1105 551 00000010 0000006f
R 1107 552 00000010 0000006f
R 1109 553 00000010 0000006f
R 1111 554 00000010 0000006f
R 1113 555 00000010 0000006f
R 1115 556 00000010 0000006f
R 1117 557 00000010 0000006f
R 1119 558 00000010 0000006f
R 1121 559 00000010 0000006f
R 1123 560 00000010 0000006f
R 1125 561 00000010 0000006f
R 1127 562 00000010 0000006f
R 1129 563 00000010 0000006f
R 1131 564 00000010 0000006f
R 1133 565 00000010 0000006f
R 1135 566 00000010 0000006f
R 1137 567 00000010 0000006f
R 1139 568 00000010 0000006f
R 1141 569 00000010 0000006f
R 1143 570 00000010 0000006f
R 1145 571 00000010 0000006f
R 1147 572 00000010 0000006f
R 1149 573 00000010 0000006f
R 1151 574 00000010 0000006f
R 1153 575 00000010 0000006f
R 1155 576 00000010 0000006f
R 1157 577 00000010 0000006f
R 1159 578 00000010 0000006f
R 1161 579 00000010 0000006f
R 1163 580 00000010 0000006f
R 1165 581 00000010 0000006f
R 1167 582 00000010 0000006f
R 1169 583 00000010 0000006f
R 1171 584 00000010 0000006f
R 1173 585 00000010 0000006f
R 1175 586 00000010 0000006f
R 1177 587 00000010 0000006f
R 1179 588 00000010 0000006f
R 1181 589 00000010 0000006f
R 1183 590 00000010 0000006f
R 1185 591 00000010 0000006f
R 1187 592 00000010 0000006f
R 1189 593 00000010 0000006f
R 1191 594 00000010 0000006f
R 1193 595 00000010 0000006f
R 1195 596 00000010 0000006f
R 1197 597 00000010 0000006f
R 1199 598 00000010 0000006f
REG 0 00000000
REG 1 00000200
REG 2 00000000
REG 3 00000000
REG 4 00000000
REG 5 00000000
REG 6 00000000
REG 7 00000000
REG 8 00000000
REG 9 00000000
REG 10 0000001c
REG 11 00000084
REG 12 00000022
REG 13 00000000
REG 14 00000000
REG 15 00000077
REG 16 00000000
REG 17 00000000
REG 18 00000000
REG 19 00000000
REG 20 00000000
REG 21 00000000
REG 22 00000000
REG 23 00000000
REG 24 00000000
REG 25 00000000
REG 26 00000000
REG 27 00000000
REG 28 00000000
REG 29 00000000
REG 30 00000000
REG 31 00000000
COUNTS sleep=1 clocks=1197 ai=0 ab=0 am=0 ifetch=1196 data=0 bitmap=0 hit=0 miss=0 dummy=0 expanded=0 predict=0 mispredict=0
FINISH
- /home/dungpc/ndmoney4porche/projects/ibex/doc/dungpc/microarchitecture/scripts/top_tb.sv:188: Verilog $finish
