CONFIG SEC=0 CACHE=0 PRED=0 DUAL=0 MODE=0 ZC=0 SCR=0 ICECC=0 OFFSET=1 PMP=1
C 3 00000000 0 0 0 1 0 0
C 4 00000000 0 0 0 1 1 0
C 5 00000000 0 0 0 0 4 0
CSRDBG 6 addr=080 priv=3 dec=0 csr=0 raw=1 pw=0 dbg=0 op=0
C 6 00000080 1 0 0 0 5 0
W 7 1 00000080 000000000
CSRDBG 7 addr=3b0 priv=3 dec=0 csr=0 raw=0 pw=0 dbg=0 op=1
C 7 00000084 1 0 0 0 5 0
CSRDBG 8 addr=3b0 priv=3 dec=0 csr=0 raw=0 pw=0 dbg=0 op=1
R 8 1 00000080 08000093
C 8 00000084 1 0 0 0 6 0
R 9 2 00000084 3b009073
C 9 00000084 0 0 0 0 5 0
CSRDBG 10 addr=098 priv=3 dec=0 csr=0 raw=1 pw=0 dbg=0 op=0
C 10 00000088 1 0 0 0 5 0
W 11 1 00000098 000000000
CSRDBG 11 addr=3a0 priv=3 dec=0 csr=0 raw=0 pw=0 dbg=0 op=1
C 11 0000008c 1 0 0 0 5 0
CSRDBG 12 addr=3a0 priv=3 dec=0 csr=0 raw=0 pw=0 dbg=0 op=1
R 12 3 00000088 09800093
C 12 0000008c 1 0 0 0 6 0
R 13 4 0000008c 3a009073
C 13 0000008c 0 0 0 0 5 0
CSRDBG 14 addr=200 priv=3 dec=0 csr=0 raw=1 pw=0 dbg=0 op=0
C 14 00000090 1 0 0 0 5 0
W 15 2 00000200 000000000
CSRDBG 15 addr=000 priv=3 dec=0 csr=0 raw=1 pw=0 dbg=0 op=0
C 15 00000094 1 1 0 0 5 0
CSRDBG 16 addr=000 priv=3 dec=0 csr=0 raw=1 pw=0 dbg=0 op=0
R 16 5 00000090 20000113
C 16 00000094 1 0 0 0 5 0
CSRDBG 17 addr=07b priv=3 dec=0 csr=0 raw=1 pw=0 dbg=0 op=0
C 17 00000098 1 0 0 0 5 0
CSRDBG 18 addr=07b priv=3 dec=0 csr=0 raw=1 pw=0 dbg=0 op=0
R 18 6 00000094 00012183
C 18 00000098 1 0 0 1 6 0
C 19 00000098 0 0 0 0 5 0
CSRDBG 20 addr=342 priv=3 dec=0 csr=0 raw=0 pw=0 dbg=0 op=0
C 20 00000000 1 0 0 0 5 0
W 21 10 00000005 000000000
CSRDBG 21 addr=341 priv=3 dec=0 csr=0 raw=0 pw=0 dbg=0 op=0
C 21 00000004 1 0 0 0 5 0
W 22 11 00000094 000000000
CSRDBG 22 addr=343 priv=3 dec=0 csr=0 raw=0 pw=0 dbg=0 op=0
R 22 7 00000000 34202573
C 22 00000008 1 0 0 0 5 0
W 23 12 00000200 000000000
CSRDBG 23 addr=077 priv=3 dec=0 csr=0 raw=1 pw=0 dbg=0 op=0
R 23 8 00000004 341025f3
C 23 0000000c 1 0 0 0 5 0
W 24 15 00000077 000000000
CSRDBG 24 addr=000 priv=3 dec=0 csr=0 raw=1 pw=0 dbg=0 op=0
R 24 9 00000008 34302673
C 24 00000010 1 0 0 1 5 0
R 25 10 0000000c 07700793
C 25 00000010 0 0 0 0 5 0
CSRDBG 26 addr=000 priv=3 dec=0 csr=0 raw=1 pw=0 dbg=0 op=0
R 26 11 00000010 0000006f
C 26 00000010 1 0 0 1 5 0
C 27 00000010 0 0 0 0 5 0
CSRDBG 28 addr=000 priv=3 dec=0 csr=0 raw=1 pw=0 dbg=0 op=0
R 28 12 00000010 0000006f
C 28 00000010 1 0 0 1 5 0
C 29 00000010 0 0 0 0 5 0
CSRDBG 30 addr=000 priv=3 dec=0 csr=0 raw=1 pw=0 dbg=0 op=0
R 30 13 00000010 0000006f
C 30 00000010 1 0 0 1 5 0
C 31 00000010 0 0 0 0 5 0
CSRDBG 32 addr=000 priv=3 dec=0 csr=0 raw=1 pw=0 dbg=0 op=0
R 32 14 00000010 0000006f
C 32 00000010 1 0 0 1 5 0
C 33 00000010 0 0 0 0 5 0
CSRDBG 34 addr=000 priv=3 dec=0 csr=0 raw=1 pw=0 dbg=0 op=0
R 34 15 00000010 0000006f
C 34 00000010 1 0 0 1 5 0
C 35 00000010 0 0 0 0 5 0
CSRDBG 36 addr=000 priv=3 dec=0 csr=0 raw=1 pw=0 dbg=0 op=0
R 36 16 00000010 0000006f
C 36 00000010 1 0 0 1 5 0
C 37 00000010 0 0 0 0 5 0
CSRDBG 38 addr=000 priv=3 dec=0 csr=0 raw=1 pw=0 dbg=0 op=0
R 38 17 00000010 0000006f
C 38 00000010 1 0 0 1 5 0
C 39 00000010 0 0 0 0 5 0
CSRDBG 40 addr=000 priv=3 dec=0 csr=0 raw=1 pw=0 dbg=0 op=0
R 40 18 00000010 0000006f
C 40 00000010 1 0 0 1 5 0
C 41 00000010 0 0 0 0 5 0
CSRDBG 42 addr=000 priv=3 dec=0 csr=0 raw=1 pw=0 dbg=0 op=0
R 42 19 00000010 0000006f
C 42 00000010 1 0 0 1 5 0
C 43 00000010 0 0 0 0 5 0
CSRDBG 44 addr=000 priv=3 dec=0 csr=0 raw=1 pw=0 dbg=0 op=0
R 44 20 00000010 0000006f
C 44 00000010 1 0 0 1 5 0
C 45 00000010 0 0 0 0 5 0
CSRDBG 46 addr=000 priv=3 dec=0 csr=0 raw=1 pw=0 dbg=0 op=0
R 46 21 00000010 0000006f
C 46 00000010 1 0 0 1 5 0
C 47 00000010 0 0 0 0 5 0
CSRDBG 48 addr=000 priv=3 dec=0 csr=0 raw=1 pw=0 dbg=0 op=0
R 48 22 00000010 0000006f
C 48 00000010 1 0 0 1 5 0
C 49 00000010 0 0 0 0 5 0
CSRDBG 50 addr=000 priv=3 dec=0 csr=0 raw=1 pw=0 dbg=0 op=0
R 50 23 00000010 0000006f
C 50 00000010 1 0 0 1 5 0
C 51 00000010 0 0 0 0 5 0
CSRDBG 52 addr=000 priv=3 dec=0 csr=0 raw=1 pw=0 dbg=0 op=0
R 52 24 00000010 0000006f
C 52 00000010 1 0 0 1 5 0
C 53 00000010 0 0 0 0 5 0
CSRDBG 54 addr=000 priv=3 dec=0 csr=0 raw=1 pw=0 dbg=0 op=0
R 54 25 00000010 0000006f
C 54 00000010 1 0 0 1 5 0
C 55 00000010 0 0 0 0 5 0
CSRDBG 56 addr=000 priv=3 dec=0 csr=0 raw=1 pw=0 dbg=0 op=0
R 56 26 00000010 0000006f
C 56 00000010 1 0 0 1 5 0
C 57 00000010 0 0 0 0 5 0
CSRDBG 58 addr=000 priv=3 dec=0 csr=0 raw=1 pw=0 dbg=0 op=0
R 58 27 00000010 0000006f
C 58 00000010 1 0 0 1 5 0
C 59 00000010 0 0 0 0 5 0
CSRDBG 60 addr=000 priv=3 dec=0 csr=0 raw=1 pw=0 dbg=0 op=0
R 60 28 00000010 0000006f
C 60 00000010 1 0 0 1 5 0
C 61 00000010 0 0 0 0 5 0
CSRDBG 62 addr=000 priv=3 dec=0 csr=0 raw=1 pw=0 dbg=0 op=0
R 62 29 00000010 0000006f
C 62 00000010 1 0 0 1 5 0
C 63 00000010 0 0 0 0 5 0
CSRDBG 64 addr=000 priv=3 dec=0 csr=0 raw=1 pw=0 dbg=0 op=0
R 64 30 00000010 0000006f
C 64 00000010 1 0 0 1 5 0
C 65 00000010 0 0 0 0 5 0
CSRDBG 66 addr=000 priv=3 dec=0 csr=0 raw=1 pw=0 dbg=0 op=0
R 66 31 00000010 0000006f
C 66 00000010 1 0 0 1 5 0
C 67 00000010 0 0 0 0 5 0
CSRDBG 68 addr=000 priv=3 dec=0 csr=0 raw=1 pw=0 dbg=0 op=0
R 68 32 00000010 0000006f
C 68 00000010 1 0 0 1 5 0
C 69 00000010 0 0 0 0 5 0
CSRDBG 70 addr=000 priv=3 dec=0 csr=0 raw=1 pw=0 dbg=0 op=0
R 70 33 00000010 0000006f
C 70 00000010 1 0 0 1 5 0
C 71 00000010 0 0 0 0 5 0
CSRDBG 72 addr=000 priv=3 dec=0 csr=0 raw=1 pw=0 dbg=0 op=0
R 72 34 00000010 0000006f
C 72 00000010 1 0 0 1 5 0
C 73 00000010 0 0 0 0 5 0
CSRDBG 74 addr=000 priv=3 dec=0 csr=0 raw=1 pw=0 dbg=0 op=0
R 74 35 00000010 0000006f
C 74 00000010 1 0 0 1 5 0
C 75 00000010 0 0 0 0 5 0
CSRDBG 76 addr=000 priv=3 dec=0 csr=0 raw=1 pw=0 dbg=0 op=0
R 76 36 00000010 0000006f
C 76 00000010 1 0 0 1 5 0
C 77 00000010 0 0 0 0 5 0
CSRDBG 78 addr=000 priv=3 dec=0 csr=0 raw=1 pw=0 dbg=0 op=0
R 78 37 00000010 0000006f
C 78 00000010 1 0 0 1 5 0
C 79 00000010 0 0 0 0 5 0
R 80 38 00000010 0000006f
C 80 00000010 1 0 0 1 5 0
C 81 00000010 0 0 0 0 5 0
R 82 39 00000010 0000006f
C 82 00000010 1 0 0 1 5 0
C 83 00000010 0 0 0 0 5 0
R 84 40 00000010 0000006f
C 84 00000010 1 0 0 1 5 0
C 85 00000010 0 0 0 0 5 0
R 86 41 00000010 0000006f
C 86 00000010 1 0 0 1 5 0
C 87 00000010 0 0 0 0 5 0
R 88 42 00000010 0000006f
C 88 00000010 1 0 0 1 5 0
C 89 00000010 0 0 0 0 5 0
R 90 43 00000010 0000006f
C 90 00000010 1 0 0 1 5 0
C 91 00000010 0 0 0 0 5 0
R 92 44 00000010 0000006f
C 92 00000010 1 0 0 1 5 0
C 93 00000010 0 0 0 0 5 0
R 94 45 00000010 0000006f
C 94 00000010 1 0 0 1 5 0
C 95 00000010 0 0 0 0 5 0
R 96 46 00000010 0000006f
C 96 00000010 1 0 0 1 5 0
C 97 00000010 0 0 0 0 5 0
R 98 47 00000010 0000006f
C 98 00000010 1 0 0 1 5 0
C 99 00000010 0 0 0 0 5 0
R 100 48 00000010 0000006f
C 100 00000010 1 0 0 1 5 0
C 101 00000010 0 0 0 0 5 0
R 102 49 00000010 0000006f
C 102 00000010 1 0 0 1 5 0
C 103 00000010 0 0 0 0 5 0
R 104 50 00000010 0000006f
C 104 00000010 1 0 0 1 5 0
C 105 00000010 0 0 0 0 5 0
R 106 51 00000010 0000006f
C 106 00000010 1 0 0 1 5 0
C 107 00000010 0 0 0 0 5 0
R 108 52 00000010 0000006f
C 108 00000010 1 0 0 1 5 0
C 109 00000010 0 0 0 0 5 0
R 110 53 00000010 0000006f
C 110 00000010 1 0 0 1 5 0
C 111 00000010 0 0 0 0 5 0
R 112 54 00000010 0000006f
C 112 00000010 1 0 0 1 5 0
C 113 00000010 0 0 0 0 5 0
R 114 55 00000010 0000006f
C 114 00000010 1 0 0 1 5 0
C 115 00000010 0 0 0 0 5 0
R 116 56 00000010 0000006f
C 116 00000010 1 0 0 1 5 0
C 117 00000010 0 0 0 0 5 0
R 118 57 00000010 0000006f
C 118 00000010 1 0 0 1 5 0
C 119 00000010 0 0 0 0 5 0
R 120 58 00000010 0000006f
C 120 00000010 1 0 0 1 5 0
C 121 00000010 0 0 0 0 5 0
R 122 59 00000010 0000006f
C 122 00000010 1 0 0 1 5 0
C 123 00000010 0 0 0 0 5 0
R 124 60 00000010 0000006f
C 124 00000010 1 0 0 1 5 0
C 125 00000010 0 0 0 0 5 0
R 126 61 00000010 0000006f
C 126 00000010 1 0 0 1 5 0
C 127 00000010 0 0 0 0 5 0
R 128 62 00000010 0000006f
C 128 00000010 1 0 0 1 5 0
C 129 00000010 0 0 0 0 5 0
R 130 63 00000010 0000006f
C 130 00000010 1 0 0 1 5 0
C 131 00000010 0 0 0 0 5 0
R 132 64 00000010 0000006f
C 132 00000010 1 0 0 1 5 0
C 133 00000010 0 0 0 0 5 0
R 134 65 00000010 0000006f
C 134 00000010 1 0 0 1 5 0
C 135 00000010 0 0 0 0 5 0
R 136 66 00000010 0000006f
C 136 00000010 1 0 0 1 5 0
C 137 00000010 0 0 0 0 5 0
R 138 67 00000010 0000006f
C 138 00000010 1 0 0 1 5 0
C 139 00000010 0 0 0 0 5 0
R 140 68 00000010 0000006f
C 140 00000010 1 0 0 1 5 0
C 141 00000010 0 0 0 0 5 0
R 142 69 00000010 0000006f
C 142 00000010 1 0 0 1 5 0
C 143 00000010 0 0 0 0 5 0
R 144 70 00000010 0000006f
C 144 00000010 1 0 0 1 5 0
C 145 00000010 0 0 0 0 5 0
R 146 71 00000010 0000006f
C 146 00000010 1 0 0 1 5 0
C 147 00000010 0 0 0 0 5 0
R 148 72 00000010 0000006f
C 148 00000010 1 0 0 1 5 0
C 149 00000010 0 0 0 0 5 0
R 150 73 00000010 0000006f
C 150 00000010 1 0 0 1 5 0
C 151 00000010 0 0 0 0 5 0
R 152 74 00000010 0000006f
C 152 00000010 1 0 0 1 5 0
C 153 00000010 0 0 0 0 5 0
R 154 75 00000010 0000006f
C 154 00000010 1 0 0 1 5 0
C 155 00000010 0 0 0 0 5 0
R 156 76 00000010 0000006f
C 156 00000010 1 0 0 1 5 0
C 157 00000010 0 0 0 0 5 0
R 158 77 00000010 0000006f
C 158 00000010 1 0 0 1 5 0
C 159 00000010 0 0 0 0 5 0
R 160 78 00000010 0000006f
C 160 00000010 1 0 0 1 5 0
C 161 00000010 0 0 0 0 5 0
R 162 79 00000010 0000006f
C 162 00000010 1 0 0 1 5 0
C 163 00000010 0 0 0 0 5 0
R 164 80 00000010 0000006f
C 164 00000010 1 0 0 1 5 0
C 165 00000010 0 0 0 0 5 0
R 166 81 00000010 0000006f
C 166 00000010 1 0 0 1 5 0
C 167 00000010 0 0 0 0 5 0
R 168 82 00000010 0000006f
C 168 00000010 1 0 0 1 5 0
C 169 00000010 0 0 0 0 5 0
R 170 83 00000010 0000006f
C 170 00000010 1 0 0 1 5 0
C 171 00000010 0 0 0 0 5 0
R 172 84 00000010 0000006f
C 172 00000010 1 0 0 1 5 0
C 173 00000010 0 0 0 0 5 0
R 174 85 00000010 0000006f
C 174 00000010 1 0 0 1 5 0
C 175 00000010 0 0 0 0 5 0
R 176 86 00000010 0000006f
C 176 00000010 1 0 0 1 5 0
C 177 00000010 0 0 0 0 5 0
R 178 87 00000010 0000006f
C 178 00000010 1 0 0 1 5 0
C 179 00000010 0 0 0 0 5 0
R 180 88 00000010 0000006f
R 182 89 00000010 0000006f
R 184 90 00000010 0000006f
R 186 91 00000010 0000006f
R 188 92 00000010 0000006f
R 190 93 00000010 0000006f
R 192 94 00000010 0000006f
R 194 95 00000010 0000006f
R 196 96 00000010 0000006f
R 198 97 00000010 0000006f
R 200 98 00000010 0000006f
R 202 99 00000010 0000006f
R 204 100 00000010 0000006f
R 206 101 00000010 0000006f
R 208 102 00000010 0000006f
R 210 103 00000010 0000006f
R 212 104 00000010 0000006f
R 214 105 00000010 0000006f
R 216 106 00000010 0000006f
R 218 107 00000010 0000006f
R 220 108 00000010 0000006f
R 222 109 00000010 0000006f
R 224 110 00000010 0000006f
R 226 111 00000010 0000006f
R 228 112 00000010 0000006f
R 230 113 00000010 0000006f
R 232 114 00000010 0000006f
R 234 115 00000010 0000006f
R 236 116 00000010 0000006f
R 238 117 00000010 0000006f
R 240 118 00000010 0000006f
R 242 119 00000010 0000006f
R 244 120 00000010 0000006f
R 246 121 00000010 0000006f
R 248 122 00000010 0000006f
R 250 123 00000010 0000006f
R 252 124 00000010 0000006f
R 254 125 00000010 0000006f
R 256 126 00000010 0000006f
R 258 127 00000010 0000006f
R 260 128 00000010 0000006f
R 262 129 00000010 0000006f
R 264 130 00000010 0000006f
R 266 131 00000010 0000006f
R 268 132 00000010 0000006f
R 270 133 00000010 0000006f
R 272 134 00000010 0000006f
R 274 135 00000010 0000006f
R 276 136 00000010 0000006f
R 278 137 00000010 0000006f
R 280 138 00000010 0000006f
R 282 139 00000010 0000006f
R 284 140 00000010 0000006f
R 286 141 00000010 0000006f
R 288 142 00000010 0000006f
R 290 143 00000010 0000006f
R 292 144 00000010 0000006f
R 294 145 00000010 0000006f
R 296 146 00000010 0000006f
R 298 147 00000010 0000006f
R 300 148 00000010 0000006f
R 302 149 00000010 0000006f
R 304 150 00000010 0000006f
R 306 151 00000010 0000006f
R 308 152 00000010 0000006f
R 310 153 00000010 0000006f
R 312 154 00000010 0000006f
R 314 155 00000010 0000006f
R 316 156 00000010 0000006f
R 318 157 00000010 0000006f
R 320 158 00000010 0000006f
R 322 159 00000010 0000006f
R 324 160 00000010 0000006f
R 326 161 00000010 0000006f
R 328 162 00000010 0000006f
R 330 163 00000010 0000006f
R 332 164 00000010 0000006f
R 334 165 00000010 0000006f
R 336 166 00000010 0000006f
R 338 167 00000010 0000006f
R 340 168 00000010 0000006f
R 342 169 00000010 0000006f
R 344 170 00000010 0000006f
R 346 171 00000010 0000006f
R 348 172 00000010 0000006f
R 350 173 00000010 0000006f
R 352 174 00000010 0000006f
R 354 175 00000010 0000006f
R 356 176 00000010 0000006f
R 358 177 00000010 0000006f
R 360 178 00000010 0000006f
R 362 179 00000010 0000006f
R 364 180 00000010 0000006f
R 366 181 00000010 0000006f
R 368 182 00000010 0000006f
R 370 183 00000010 0000006f
R 372 184 00000010 0000006f
R 374 185 00000010 0000006f
R 376 186 00000010 0000006f
R 378 187 00000010 0000006f
R 380 188 00000010 0000006f
R 382 189 00000010 0000006f
R 384 190 00000010 0000006f
R 386 191 00000010 0000006f
R 388 192 00000010 0000006f
R 390 193 00000010 0000006f
R 392 194 00000010 0000006f
R 394 195 00000010 0000006f
R 396 196 00000010 0000006f
R 398 197 00000010 0000006f
R 400 198 00000010 0000006f
R 402 199 00000010 0000006f
R 404 200 00000010 0000006f
R 406 201 00000010 0000006f
R 408 202 00000010 0000006f
R 410 203 00000010 0000006f
R 412 204 00000010 0000006f
R 414 205 00000010 0000006f
R 416 206 00000010 0000006f
R 418 207 00000010 0000006f
R 420 208 00000010 0000006f
R 422 209 00000010 0000006f
R 424 210 00000010 0000006f
R 426 211 00000010 0000006f
R 428 212 00000010 0000006f
R 430 213 00000010 0000006f
R 432 214 00000010 0000006f
R 434 215 00000010 0000006f
R 436 216 00000010 0000006f
R 438 217 00000010 0000006f
R 440 218 00000010 0000006f
R 442 219 00000010 0000006f
R 444 220 00000010 0000006f
R 446 221 00000010 0000006f
R 448 222 00000010 0000006f
R 450 223 00000010 0000006f
R 452 224 00000010 0000006f
R 454 225 00000010 0000006f
R 456 226 00000010 0000006f
R 458 227 00000010 0000006f
R 460 228 00000010 0000006f
R 462 229 00000010 0000006f
R 464 230 00000010 0000006f
R 466 231 00000010 0000006f
R 468 232 00000010 0000006f
R 470 233 00000010 0000006f
R 472 234 00000010 0000006f
R 474 235 00000010 0000006f
R 476 236 00000010 0000006f
R 478 237 00000010 0000006f
R 480 238 00000010 0000006f
R 482 239 00000010 0000006f
R 484 240 00000010 0000006f
R 486 241 00000010 0000006f
R 488 242 00000010 0000006f
R 490 243 00000010 0000006f
R 492 244 00000010 0000006f
R 494 245 00000010 0000006f
R 496 246 00000010 0000006f
R 498 247 00000010 0000006f
R 500 248 00000010 0000006f
R 502 249 00000010 0000006f
R 504 250 00000010 0000006f
R 506 251 00000010 0000006f
R 508 252 00000010 0000006f
R 510 253 00000010 0000006f
R 512 254 00000010 0000006f
R 514 255 00000010 0000006f
R 516 256 00000010 0000006f
R 518 257 00000010 0000006f
R 520 258 00000010 0000006f
R 522 259 00000010 0000006f
R 524 260 00000010 0000006f
R 526 261 00000010 0000006f
R 528 262 00000010 0000006f
R 530 263 00000010 0000006f
R 532 264 00000010 0000006f
R 534 265 00000010 0000006f
R 536 266 00000010 0000006f
R 538 267 00000010 0000006f
R 540 268 00000010 0000006f
R 542 269 00000010 0000006f
R 544 270 00000010 0000006f
R 546 271 00000010 0000006f
R 548 272 00000010 0000006f
R 550 273 00000010 0000006f
R 552 274 00000010 0000006f
R 554 275 00000010 0000006f
R 556 276 00000010 0000006f
R 558 277 00000010 0000006f
R 560 278 00000010 0000006f
R 562 279 00000010 0000006f
R 564 280 00000010 0000006f
R 566 281 00000010 0000006f
R 568 282 00000010 0000006f
R 570 283 00000010 0000006f
R 572 284 00000010 0000006f
R 574 285 00000010 0000006f
R 576 286 00000010 0000006f
R 578 287 00000010 0000006f
R 580 288 00000010 0000006f
R 582 289 00000010 0000006f
R 584 290 00000010 0000006f
R 586 291 00000010 0000006f
R 588 292 00000010 0000006f
R 590 293 00000010 0000006f
R 592 294 00000010 0000006f
R 594 295 00000010 0000006f
R 596 296 00000010 0000006f
R 598 297 00000010 0000006f
R 600 298 00000010 0000006f
R 602 299 00000010 0000006f
R 604 300 00000010 0000006f
R 606 301 00000010 0000006f
R 608 302 00000010 0000006f
R 610 303 00000010 0000006f
R 612 304 00000010 0000006f
R 614 305 00000010 0000006f
R 616 306 00000010 0000006f
R 618 307 00000010 0000006f
R 620 308 00000010 0000006f
R 622 309 00000010 0000006f
R 624 310 00000010 0000006f
R 626 311 00000010 0000006f
R 628 312 00000010 0000006f
R 630 313 00000010 0000006f
R 632 314 00000010 0000006f
R 634 315 00000010 0000006f
R 636 316 00000010 0000006f
R 638 317 00000010 0000006f
R 640 318 00000010 0000006f
R 642 319 00000010 0000006f
R 644 320 00000010 0000006f
R 646 321 00000010 0000006f
R 648 322 00000010 0000006f
R 650 323 00000010 0000006f
R 652 324 00000010 0000006f
R 654 325 00000010 0000006f
R 656 326 00000010 0000006f
R 658 327 00000010 0000006f
R 660 328 00000010 0000006f
R 662 329 00000010 0000006f
R 664 330 00000010 0000006f
R 666 331 00000010 0000006f
R 668 332 00000010 0000006f
R 670 333 00000010 0000006f
R 672 334 00000010 0000006f
R 674 335 00000010 0000006f
R 676 336 00000010 0000006f
R 678 337 00000010 0000006f
R 680 338 00000010 0000006f
R 682 339 00000010 0000006f
R 684 340 00000010 0000006f
R 686 341 00000010 0000006f
R 688 342 00000010 0000006f
R 690 343 00000010 0000006f
R 692 344 00000010 0000006f
R 694 345 00000010 0000006f
R 696 346 00000010 0000006f
R 698 347 00000010 0000006f
R 700 348 00000010 0000006f
R 702 349 00000010 0000006f
R 704 350 00000010 0000006f
R 706 351 00000010 0000006f
R 708 352 00000010 0000006f
R 710 353 00000010 0000006f
R 712 354 00000010 0000006f
R 714 355 00000010 0000006f
R 716 356 00000010 0000006f
R 718 357 00000010 0000006f
R 720 358 00000010 0000006f
R 722 359 00000010 0000006f
R 724 360 00000010 0000006f
R 726 361 00000010 0000006f
R 728 362 00000010 0000006f
R 730 363 00000010 0000006f
R 732 364 00000010 0000006f
R 734 365 00000010 0000006f
R 736 366 00000010 0000006f
R 738 367 00000010 0000006f
R 740 368 00000010 0000006f
R 742 369 00000010 0000006f
R 744 370 00000010 0000006f
R 746 371 00000010 0000006f
R 748 372 00000010 0000006f
R 750 373 00000010 0000006f
R 752 374 00000010 0000006f
R 754 375 00000010 0000006f
R 756 376 00000010 0000006f
R 758 377 00000010 0000006f
R 760 378 00000010 0000006f
R 762 379 00000010 0000006f
R 764 380 00000010 0000006f
R 766 381 00000010 0000006f
R 768 382 00000010 0000006f
R 770 383 00000010 0000006f
R 772 384 00000010 0000006f
R 774 385 00000010 0000006f
R 776 386 00000010 0000006f
R 778 387 00000010 0000006f
R 780 388 00000010 0000006f
R 782 389 00000010 0000006f
R 784 390 00000010 0000006f
R 786 391 00000010 0000006f
R 788 392 00000010 0000006f
R 790 393 00000010 0000006f
R 792 394 00000010 0000006f
R 794 395 00000010 0000006f
R 796 396 00000010 0000006f
R 798 397 00000010 0000006f
R 800 398 00000010 0000006f
R 802 399 00000010 0000006f
R 804 400 00000010 0000006f
R 806 401 00000010 0000006f
R 808 402 00000010 0000006f
R 810 403 00000010 0000006f
R 812 404 00000010 0000006f
R 814 405 00000010 0000006f
R 816 406 00000010 0000006f
R 818 407 00000010 0000006f
R 820 408 00000010 0000006f
R 822 409 00000010 0000006f
R 824 410 00000010 0000006f
R 826 411 00000010 0000006f
R 828 412 00000010 0000006f
R 830 413 00000010 0000006f
R 832 414 00000010 0000006f
R 834 415 00000010 0000006f
R 836 416 00000010 0000006f
R 838 417 00000010 0000006f
R 840 418 00000010 0000006f
R 842 419 00000010 0000006f
R 844 420 00000010 0000006f
R 846 421 00000010 0000006f
R 848 422 00000010 0000006f
R 850 423 00000010 0000006f
R 852 424 00000010 0000006f
R 854 425 00000010 0000006f
R 856 426 00000010 0000006f
R 858 427 00000010 0000006f
R 860 428 00000010 0000006f
R 862 429 00000010 0000006f
R 864 430 00000010 0000006f
R 866 431 00000010 0000006f
R 868 432 00000010 0000006f
R 870 433 00000010 0000006f
R 872 434 00000010 0000006f
R 874 435 00000010 0000006f
R 876 436 00000010 0000006f
R 878 437 00000010 0000006f
R 880 438 00000010 0000006f
R 882 439 00000010 0000006f
R 884 440 00000010 0000006f
R 886 441 00000010 0000006f
R 888 442 00000010 0000006f
R 890 443 00000010 0000006f
R 892 444 00000010 0000006f
R 894 445 00000010 0000006f
R 896 446 00000010 0000006f
R 898 447 00000010 0000006f
R 900 448 00000010 0000006f
R 902 449 00000010 0000006f
R 904 450 00000010 0000006f
R 906 451 00000010 0000006f
R 908 452 00000010 0000006f
R 910 453 00000010 0000006f
R 912 454 00000010 0000006f
R 914 455 00000010 0000006f
R 916 456 00000010 0000006f
R 918 457 00000010 0000006f
R 920 458 00000010 0000006f
R 922 459 00000010 0000006f
R 924 460 00000010 0000006f
R 926 461 00000010 0000006f
R 928 462 00000010 0000006f
R 930 463 00000010 0000006f
R 932 464 00000010 0000006f
R 934 465 00000010 0000006f
R 936 466 00000010 0000006f
R 938 467 00000010 0000006f
R 940 468 00000010 0000006f
R 942 469 00000010 0000006f
R 944 470 00000010 0000006f
R 946 471 00000010 0000006f
R 948 472 00000010 0000006f
R 950 473 00000010 0000006f
R 952 474 00000010 0000006f
R 954 475 00000010 0000006f
R 956 476 00000010 0000006f
R 958 477 00000010 0000006f
R 960 478 00000010 0000006f
R 962 479 00000010 0000006f
R 964 480 00000010 0000006f
R 966 481 00000010 0000006f
R 968 482 00000010 0000006f
R 970 483 00000010 0000006f
R 972 484 00000010 0000006f
R 974 485 00000010 0000006f
R 976 486 00000010 0000006f
R 978 487 00000010 0000006f
R 980 488 00000010 0000006f
R 982 489 00000010 0000006f
R 984 490 00000010 0000006f
R 986 491 00000010 0000006f
R 988 492 00000010 0000006f
R 990 493 00000010 0000006f
R 992 494 00000010 0000006f
R 994 495 00000010 0000006f
R 996 496 00000010 0000006f
R 998 497 00000010 0000006f
R 1000 498 00000010 0000006f
R 1002 499 00000010 0000006f
R 1004 500 00000010 0000006f
R 1006 501 00000010 0000006f
R 1008 502 00000010 0000006f
R 1010 503 00000010 0000006f
R 1012 504 00000010 0000006f
R 1014 505 00000010 0000006f
R 1016 506 00000010 0000006f
R 1018 507 00000010 0000006f
R 1020 508 00000010 0000006f
R 1022 509 00000010 0000006f
R 1024 510 00000010 0000006f
R 1026 511 00000010 0000006f
R 1028 512 00000010 0000006f
R 1030 513 00000010 0000006f
R 1032 514 00000010 0000006f
R 1034 515 00000010 0000006f
R 1036 516 00000010 0000006f
R 1038 517 00000010 0000006f
R 1040 518 00000010 0000006f
R 1042 519 00000010 0000006f
R 1044 520 00000010 0000006f
R 1046 521 00000010 0000006f
R 1048 522 00000010 0000006f
R 1050 523 00000010 0000006f
R 1052 524 00000010 0000006f
R 1054 525 00000010 0000006f
R 1056 526 00000010 0000006f
R 1058 527 00000010 0000006f
R 1060 528 00000010 0000006f
R 1062 529 00000010 0000006f
R 1064 530 00000010 0000006f
R 1066 531 00000010 0000006f
R 1068 532 00000010 0000006f
R 1070 533 00000010 0000006f
R 1072 534 00000010 0000006f
R 1074 535 00000010 0000006f
R 1076 536 00000010 0000006f
R 1078 537 00000010 0000006f
R 1080 538 00000010 0000006f
R 1082 539 00000010 0000006f
R 1084 540 00000010 0000006f
R 1086 541 00000010 0000006f
R 1088 542 00000010 0000006f
R 1090 543 00000010 0000006f
R 1092 544 00000010 0000006f
R 1094 545 00000010 0000006f
R 1096 546 00000010 0000006f
R 1098 547 00000010 0000006f
R 1100 548 00000010 0000006f
R 1102 549 00000010 0000006f
R 1104 550 00000010 0000006f
R 1106 551 00000010 0000006f
R 1108 552 00000010 0000006f
R 1110 553 00000010 0000006f
R 1112 554 00000010 0000006f
R 1114 555 00000010 0000006f
R 1116 556 00000010 0000006f
R 1118 557 00000010 0000006f
R 1120 558 00000010 0000006f
R 1122 559 00000010 0000006f
R 1124 560 00000010 0000006f
R 1126 561 00000010 0000006f
R 1128 562 00000010 0000006f
R 1130 563 00000010 0000006f
R 1132 564 00000010 0000006f
R 1134 565 00000010 0000006f
R 1136 566 00000010 0000006f
R 1138 567 00000010 0000006f
R 1140 568 00000010 0000006f
R 1142 569 00000010 0000006f
R 1144 570 00000010 0000006f
R 1146 571 00000010 0000006f
R 1148 572 00000010 0000006f
R 1150 573 00000010 0000006f
R 1152 574 00000010 0000006f
R 1154 575 00000010 0000006f
R 1156 576 00000010 0000006f
R 1158 577 00000010 0000006f
R 1160 578 00000010 0000006f
R 1162 579 00000010 0000006f
R 1164 580 00000010 0000006f
R 1166 581 00000010 0000006f
R 1168 582 00000010 0000006f
R 1170 583 00000010 0000006f
R 1172 584 00000010 0000006f
R 1174 585 00000010 0000006f
R 1176 586 00000010 0000006f
R 1178 587 00000010 0000006f
R 1180 588 00000010 0000006f
R 1182 589 00000010 0000006f
R 1184 590 00000010 0000006f
R 1186 591 00000010 0000006f
R 1188 592 00000010 0000006f
R 1190 593 00000010 0000006f
R 1192 594 00000010 0000006f
R 1194 595 00000010 0000006f
R 1196 596 00000010 0000006f
R 1198 597 00000010 0000006f
REG 0 00000000
REG 1 00000098
REG 2 00000200
REG 3 00000000
REG 4 00000000
REG 5 00000000
REG 6 00000000
REG 7 00000000
REG 8 00000000
REG 9 00000000
REG 10 00000005
REG 11 00000094
REG 12 00000200
REG 13 00000000
REG 14 00000000
REG 15 00000077
REG 16 00000000
REG 17 00000000
REG 18 00000000
REG 19 00000000
REG 20 00000000
REG 21 00000000
REG 22 00000000
REG 23 00000000
REG 24 00000000
REG 25 00000000
REG 26 00000000
REG 27 00000000
REG 28 00000000
REG 29 00000000
REG 30 00000000
REG 31 00000000
COUNTS sleep=1 clocks=1197 ai=0 ab=0 am=0 ifetch=1192 data=0 bitmap=0 hit=0 miss=0 dummy=0 expanded=0 predict=0 mispredict=0
FINISH
- /home/dungpc/ndmoney4porche/projects/ibex/doc/dungpc/microarchitecture/scripts/top_tb.sv:188: Verilog $finish
