CONFIG SEC=0 CACHE=0 PRED=1 DUAL=0 MODE=0 ZC=0 SCR=0 ICECC=0 OFFSET=1 PMP=0
C 3 00000000 0 0 0 1 0 0
C 4 00000000 0 0 0 1 1 0
C 5 00000000 0 0 0 0 4 0
CSRDBG 6 addr=001 priv=3 dec=0 csr=0 raw=1 pw=0 dbg=0 op=0
C 6 00000080 1 0 0 0 5 0
W 7 1 00000001 000000000
CSRDBG 7 addr=000 priv=3 dec=0 csr=0 raw=1 pw=0 dbg=0 op=0
C 7 00000084 1 0 0 0 5 0
CSRDBG 8 addr=002 priv=3 dec=0 csr=0 raw=1 pw=0 dbg=0 op=0
R 8 1 00000080 00100093
C 8 00000088 1 0 0 0 5 0
W 9 2 00000002 000000000
CSRDBG 9 addr=001 priv=3 dec=0 csr=0 raw=1 pw=0 dbg=0 op=0
R 9 2 00000084 00008463
C 9 0000008c 1 0 0 1 5 0
R 10 3 00000088 00200113
C 10 0000008c 0 0 0 0 5 0
CSRDBG 11 addr=008 priv=3 dec=0 csr=0 raw=1 pw=0 dbg=0 op=0
R 11 4 0000008c 00108463
C 11 00000094 1 0 0 0 5 0
W 12 3 00000098 000000000
CSRDBG 12 addr=0a8 priv=3 dec=0 csr=0 raw=1 pw=0 dbg=0 op=0
C 12 0000009c 1 0 0 0 5 0
W 13 4 000000a8 000000000
CSRDBG 13 addr=000 priv=3 dec=0 csr=0 raw=1 pw=0 dbg=0 op=0
R 13 5 00000094 008001ef
C 13 000000a0 1 0 0 1 5 0
W 14 5 000000a4 000000000
R 14 6 0000009c 0a800213
C 14 000000a0 0 0 0 0 5 0
CSRDBG 15 addr=07b priv=3 dec=0 csr=0 raw=1 pw=0 dbg=0 op=0
R 15 7 000000a0 000202e7
C 15 000000a8 1 0 0 0 5 0
W 16 31 0000007b 000000000
CSRDBG 16 addr=000 priv=3 dec=0 csr=0 raw=1 pw=0 dbg=0 op=0
C 16 000000ac 1 0 0 0 5 0
CSRDBG 17 addr=000 priv=3 dec=0 csr=0 raw=1 pw=0 dbg=0 op=0
R 17 8 000000a8 07b00f93
C 17 000000ac 1 0 0 0 5 0
CSRDBG 18 addr=000 priv=3 dec=0 csr=0 raw=1 pw=0 dbg=0 op=0
R 18 9 000000ac 0000006f
C 18 000000ac 1 0 0 0 5 0
CSRDBG 19 addr=000 priv=3 dec=0 csr=0 raw=1 pw=0 dbg=0 op=0
R 19 10 000000ac 0000006f
C 19 000000ac 1 0 0 0 5 0
CSRDBG 20 addr=000 priv=3 dec=0 csr=0 raw=1 pw=0 dbg=0 op=0
R 20 11 000000ac 0000006f
C 20 000000ac 1 0 0 0 5 0
CSRDBG 21 addr=000 priv=3 dec=0 csr=0 raw=1 pw=0 dbg=0 op=0
R 21 12 000000ac 0000006f
C 21 000000ac 1 0 0 0 5 0
CSRDBG 22 addr=000 priv=3 dec=0 csr=0 raw=1 pw=0 dbg=0 op=0
R 22 13 000000ac 0000006f
C 22 000000ac 1 0 0 0 5 0
CSRDBG 23 addr=000 priv=3 dec=0 csr=0 raw=1 pw=0 dbg=0 op=0
R 23 14 000000ac 0000006f
C 23 000000ac 1 0 0 0 5 0
CSRDBG 24 addr=000 priv=3 dec=0 csr=0 raw=1 pw=0 dbg=0 op=0
R 24 15 000000ac 0000006f
C 24 000000ac 1 0 0 0 5 0
CSRDBG 25 addr=000 priv=3 dec=0 csr=0 raw=1 pw=0 dbg=0 op=0
R 25 16 000000ac 0000006f
C 25 000000ac 1 0 0 0 5 0
CSRDBG 26 addr=000 priv=3 dec=0 csr=0 raw=1 pw=0 dbg=0 op=0
R 26 17 000000ac 0000006f
C 26 000000ac 1 0 0 0 5 0
CSRDBG 27 addr=000 priv=3 dec=0 csr=0 raw=1 pw=0 dbg=0 op=0
R 27 18 000000ac 0000006f
C 27 000000ac 1 0 0 0 5 0
CSRDBG 28 addr=000 priv=3 dec=0 csr=0 raw=1 pw=0 dbg=0 op=0
R 28 19 000000ac 0000006f
C 28 000000ac 1 0 0 0 5 0
CSRDBG 29 addr=000 priv=3 dec=0 csr=0 raw=1 pw=0 dbg=0 op=0
R 29 20 000000ac 0000006f
C 29 000000ac 1 0 0 0 5 0
CSRDBG 30 addr=000 priv=3 dec=0 csr=0 raw=1 pw=0 dbg=0 op=0
R 30 21 000000ac 0000006f
C 30 000000ac 1 0 0 0 5 0
CSRDBG 31 addr=000 priv=3 dec=0 csr=0 raw=1 pw=0 dbg=0 op=0
R 31 22 000000ac 0000006f
C 31 000000ac 1 0 0 0 5 0
CSRDBG 32 addr=000 priv=3 dec=0 csr=0 raw=1 pw=0 dbg=0 op=0
R 32 23 000000ac 0000006f
C 32 000000ac 1 0 0 0 5 0
CSRDBG 33 addr=000 priv=3 dec=0 csr=0 raw=1 pw=0 dbg=0 op=0
R 33 24 000000ac 0000006f
C 33 000000ac 1 0 0 0 5 0
CSRDBG 34 addr=000 priv=3 dec=0 csr=0 raw=1 pw=0 dbg=0 op=0
R 34 25 000000ac 0000006f
C 34 000000ac 1 0 0 0 5 0
CSRDBG 35 addr=000 priv=3 dec=0 csr=0 raw=1 pw=0 dbg=0 op=0
R 35 26 000000ac 0000006f
C 35 000000ac 1 0 0 0 5 0
CSRDBG 36 addr=000 priv=3 dec=0 csr=0 raw=1 pw=0 dbg=0 op=0
R 36 27 000000ac 0000006f
C 36 000000ac 1 0 0 0 5 0
CSRDBG 37 addr=000 priv=3 dec=0 csr=0 raw=1 pw=0 dbg=0 op=0
R 37 28 000000ac 0000006f
C 37 000000ac 1 0 0 0 5 0
CSRDBG 38 addr=000 priv=3 dec=0 csr=0 raw=1 pw=0 dbg=0 op=0
R 38 29 000000ac 0000006f
C 38 000000ac 1 0 0 0 5 0
CSRDBG 39 addr=000 priv=3 dec=0 csr=0 raw=1 pw=0 dbg=0 op=0
R 39 30 000000ac 0000006f
C 39 000000ac 1 0 0 0 5 0
CSRDBG 40 addr=000 priv=3 dec=0 csr=0 raw=1 pw=0 dbg=0 op=0
R 40 31 000000ac 0000006f
C 40 000000ac 1 0 0 0 5 0
CSRDBG 41 addr=000 priv=3 dec=0 csr=0 raw=1 pw=0 dbg=0 op=0
R 41 32 000000ac 0000006f
C 41 000000ac 1 0 0 0 5 0
CSRDBG 42 addr=000 priv=3 dec=0 csr=0 raw=1 pw=0 dbg=0 op=0
R 42 33 000000ac 0000006f
C 42 000000ac 1 0 0 0 5 0
CSRDBG 43 addr=000 priv=3 dec=0 csr=0 raw=1 pw=0 dbg=0 op=0
R 43 34 000000ac 0000006f
C 43 000000ac 1 0 0 0 5 0
CSRDBG 44 addr=000 priv=3 dec=0 csr=0 raw=1 pw=0 dbg=0 op=0
R 44 35 000000ac 0000006f
C 44 000000ac 1 0 0 0 5 0
CSRDBG 45 addr=000 priv=3 dec=0 csr=0 raw=1 pw=0 dbg=0 op=0
R 45 36 000000ac 0000006f
C 45 000000ac 1 0 0 0 5 0
CSRDBG 46 addr=000 priv=3 dec=0 csr=0 raw=1 pw=0 dbg=0 op=0
R 46 37 000000ac 0000006f
C 46 000000ac 1 0 0 0 5 0
CSRDBG 47 addr=000 priv=3 dec=0 csr=0 raw=1 pw=0 dbg=0 op=0
R 47 38 000000ac 0000006f
C 47 000000ac 1 0 0 0 5 0
CSRDBG 48 addr=000 priv=3 dec=0 csr=0 raw=1 pw=0 dbg=0 op=0
R 48 39 000000ac 0000006f
C 48 000000ac 1 0 0 0 5 0
CSRDBG 49 addr=000 priv=3 dec=0 csr=0 raw=1 pw=0 dbg=0 op=0
R 49 40 000000ac 0000006f
C 49 000000ac 1 0 0 0 5 0
CSRDBG 50 addr=000 priv=3 dec=0 csr=0 raw=1 pw=0 dbg=0 op=0
R 50 41 000000ac 0000006f
C 50 000000ac 1 0 0 0 5 0
CSRDBG 51 addr=000 priv=3 dec=0 csr=0 raw=1 pw=0 dbg=0 op=0
R 51 42 000000ac 0000006f
C 51 000000ac 1 0 0 0 5 0
CSRDBG 52 addr=000 priv=3 dec=0 csr=0 raw=1 pw=0 dbg=0 op=0
R 52 43 000000ac 0000006f
C 52 000000ac 1 0 0 0 5 0
CSRDBG 53 addr=000 priv=3 dec=0 csr=0 raw=1 pw=0 dbg=0 op=0
R 53 44 000000ac 0000006f
C 53 000000ac 1 0 0 0 5 0
CSRDBG 54 addr=000 priv=3 dec=0 csr=0 raw=1 pw=0 dbg=0 op=0
R 54 45 000000ac 0000006f
C 54 000000ac 1 0 0 0 5 0
CSRDBG 55 addr=000 priv=3 dec=0 csr=0 raw=1 pw=0 dbg=0 op=0
R 55 46 000000ac 0000006f
C 55 000000ac 1 0 0 0 5 0
CSRDBG 56 addr=000 priv=3 dec=0 csr=0 raw=1 pw=0 dbg=0 op=0
R 56 47 000000ac 0000006f
C 56 000000ac 1 0 0 0 5 0
CSRDBG 57 addr=000 priv=3 dec=0 csr=0 raw=1 pw=0 dbg=0 op=0
R 57 48 000000ac 0000006f
C 57 000000ac 1 0 0 0 5 0
CSRDBG 58 addr=000 priv=3 dec=0 csr=0 raw=1 pw=0 dbg=0 op=0
R 58 49 000000ac 0000006f
C 58 000000ac 1 0 0 0 5 0
CSRDBG 59 addr=000 priv=3 dec=0 csr=0 raw=1 pw=0 dbg=0 op=0
R 59 50 000000ac 0000006f
C 59 000000ac 1 0 0 0 5 0
CSRDBG 60 addr=000 priv=3 dec=0 csr=0 raw=1 pw=0 dbg=0 op=0
R 60 51 000000ac 0000006f
C 60 000000ac 1 0 0 0 5 0
CSRDBG 61 addr=000 priv=3 dec=0 csr=0 raw=1 pw=0 dbg=0 op=0
R 61 52 000000ac 0000006f
C 61 000000ac 1 0 0 0 5 0
CSRDBG 62 addr=000 priv=3 dec=0 csr=0 raw=1 pw=0 dbg=0 op=0
R 62 53 000000ac 0000006f
C 62 000000ac 1 0 0 0 5 0
CSRDBG 63 addr=000 priv=3 dec=0 csr=0 raw=1 pw=0 dbg=0 op=0
R 63 54 000000ac 0000006f
C 63 000000ac 1 0 0 0 5 0
CSRDBG 64 addr=000 priv=3 dec=0 csr=0 raw=1 pw=0 dbg=0 op=0
R 64 55 000000ac 0000006f
C 64 000000ac 1 0 0 0 5 0
CSRDBG 65 addr=000 priv=3 dec=0 csr=0 raw=1 pw=0 dbg=0 op=0
R 65 56 000000ac 0000006f
C 65 000000ac 1 0 0 0 5 0
CSRDBG 66 addr=000 priv=3 dec=0 csr=0 raw=1 pw=0 dbg=0 op=0
R 66 57 000000ac 0000006f
C 66 000000ac 1 0 0 0 5 0
CSRDBG 67 addr=000 priv=3 dec=0 csr=0 raw=1 pw=0 dbg=0 op=0
R 67 58 000000ac 0000006f
C 67 000000ac 1 0 0 0 5 0
CSRDBG 68 addr=000 priv=3 dec=0 csr=0 raw=1 pw=0 dbg=0 op=0
R 68 59 000000ac 0000006f
C 68 000000ac 1 0 0 0 5 0
CSRDBG 69 addr=000 priv=3 dec=0 csr=0 raw=1 pw=0 dbg=0 op=0
R 69 60 000000ac 0000006f
C 69 000000ac 1 0 0 0 5 0
CSRDBG 70 addr=000 priv=3 dec=0 csr=0 raw=1 pw=0 dbg=0 op=0
R 70 61 000000ac 0000006f
C 70 000000ac 1 0 0 0 5 0
CSRDBG 71 addr=000 priv=3 dec=0 csr=0 raw=1 pw=0 dbg=0 op=0
R 71 62 000000ac 0000006f
C 71 000000ac 1 0 0 0 5 0
CSRDBG 72 addr=000 priv=3 dec=0 csr=0 raw=1 pw=0 dbg=0 op=0
R 72 63 000000ac 0000006f
C 72 000000ac 1 0 0 0 5 0
CSRDBG 73 addr=000 priv=3 dec=0 csr=0 raw=1 pw=0 dbg=0 op=0
R 73 64 000000ac 0000006f
C 73 000000ac 1 0 0 0 5 0
CSRDBG 74 addr=000 priv=3 dec=0 csr=0 raw=1 pw=0 dbg=0 op=0
R 74 65 000000ac 0000006f
C 74 000000ac 1 0 0 0 5 0
CSRDBG 75 addr=000 priv=3 dec=0 csr=0 raw=1 pw=0 dbg=0 op=0
R 75 66 000000ac 0000006f
C 75 000000ac 1 0 0 0 5 0
CSRDBG 76 addr=000 priv=3 dec=0 csr=0 raw=1 pw=0 dbg=0 op=0
R 76 67 000000ac 0000006f
C 76 000000ac 1 0 0 0 5 0
CSRDBG 77 addr=000 priv=3 dec=0 csr=0 raw=1 pw=0 dbg=0 op=0
R 77 68 000000ac 0000006f
C 77 000000ac 1 0 0 0 5 0
CSRDBG 78 addr=000 priv=3 dec=0 csr=0 raw=1 pw=0 dbg=0 op=0
R 78 69 000000ac 0000006f
C 78 000000ac 1 0 0 0 5 0
CSRDBG 79 addr=000 priv=3 dec=0 csr=0 raw=1 pw=0 dbg=0 op=0
R 79 70 000000ac 0000006f
C 79 000000ac 1 0 0 0 5 0
R 80 71 000000ac 0000006f
C 80 000000ac 1 0 0 0 5 0
R 81 72 000000ac 0000006f
C 81 000000ac 1 0 0 0 5 0
R 82 73 000000ac 0000006f
C 82 000000ac 1 0 0 0 5 0
R 83 74 000000ac 0000006f
C 83 000000ac 1 0 0 0 5 0
R 84 75 000000ac 0000006f
C 84 000000ac 1 0 0 0 5 0
R 85 76 000000ac 0000006f
C 85 000000ac 1 0 0 0 5 0
R 86 77 000000ac 0000006f
C 86 000000ac 1 0 0 0 5 0
R 87 78 000000ac 0000006f
C 87 000000ac 1 0 0 0 5 0
R 88 79 000000ac 0000006f
C 88 000000ac 1 0 0 0 5 0
R 89 80 000000ac 0000006f
C 89 000000ac 1 0 0 0 5 0
R 90 81 000000ac 0000006f
C 90 000000ac 1 0 0 0 5 0
R 91 82 000000ac 0000006f
C 91 000000ac 1 0 0 0 5 0
R 92 83 000000ac 0000006f
C 92 000000ac 1 0 0 0 5 0
R 93 84 000000ac 0000006f
C 93 000000ac 1 0 0 0 5 0
R 94 85 000000ac 0000006f
C 94 000000ac 1 0 0 0 5 0
R 95 86 000000ac 0000006f
C 95 000000ac 1 0 0 0 5 0
R 96 87 000000ac 0000006f
C 96 000000ac 1 0 0 0 5 0
R 97 88 000000ac 0000006f
C 97 000000ac 1 0 0 0 5 0
R 98 89 000000ac 0000006f
C 98 000000ac 1 0 0 0 5 0
R 99 90 000000ac 0000006f
C 99 000000ac 1 0 0 0 5 0
R 100 91 000000ac 0000006f
C 100 000000ac 1 0 0 0 5 0
R 101 92 000000ac 0000006f
C 101 000000ac 1 0 0 0 5 0
R 102 93 000000ac 0000006f
C 102 000000ac 1 0 0 0 5 0
R 103 94 000000ac 0000006f
C 103 000000ac 1 0 0 0 5 0
R 104 95 000000ac 0000006f
C 104 000000ac 1 0 0 0 5 0
R 105 96 000000ac 0000006f
C 105 000000ac 1 0 0 0 5 0
R 106 97 000000ac 0000006f
C 106 000000ac 1 0 0 0 5 0
R 107 98 000000ac 0000006f
C 107 000000ac 1 0 0 0 5 0
R 108 99 000000ac 0000006f
C 108 000000ac 1 0 0 0 5 0
R 109 100 000000ac 0000006f
C 109 000000ac 1 0 0 0 5 0
R 110 101 000000ac 0000006f
C 110 000000ac 1 0 0 0 5 0
R 111 102 000000ac 0000006f
C 111 000000ac 1 0 0 0 5 0
R 112 103 000000ac 0000006f
C 112 000000ac 1 0 0 0 5 0
R 113 104 000000ac 0000006f
C 113 000000ac 1 0 0 0 5 0
R 114 105 000000ac 0000006f
C 114 000000ac 1 0 0 0 5 0
R 115 106 000000ac 0000006f
C 115 000000ac 1 0 0 0 5 0
R 116 107 000000ac 0000006f
C 116 000000ac 1 0 0 0 5 0
R 117 108 000000ac 0000006f
C 117 000000ac 1 0 0 0 5 0
R 118 109 000000ac 0000006f
C 118 000000ac 1 0 0 0 5 0
R 119 110 000000ac 0000006f
C 119 000000ac 1 0 0 0 5 0
R 120 111 000000ac 0000006f
C 120 000000ac 1 0 0 0 5 0
R 121 112 000000ac 0000006f
C 121 000000ac 1 0 0 0 5 0
R 122 113 000000ac 0000006f
C 122 000000ac 1 0 0 0 5 0
R 123 114 000000ac 0000006f
C 123 000000ac 1 0 0 0 5 0
R 124 115 000000ac 0000006f
C 124 000000ac 1 0 0 0 5 0
R 125 116 000000ac 0000006f
C 125 000000ac 1 0 0 0 5 0
R 126 117 000000ac 0000006f
C 126 000000ac 1 0 0 0 5 0
R 127 118 000000ac 0000006f
C 127 000000ac 1 0 0 0 5 0
R 128 119 000000ac 0000006f
C 128 000000ac 1 0 0 0 5 0
R 129 120 000000ac 0000006f
C 129 000000ac 1 0 0 0 5 0
R 130 121 000000ac 0000006f
C 130 000000ac 1 0 0 0 5 0
R 131 122 000000ac 0000006f
C 131 000000ac 1 0 0 0 5 0
R 132 123 000000ac 0000006f
C 132 000000ac 1 0 0 0 5 0
R 133 124 000000ac 0000006f
C 133 000000ac 1 0 0 0 5 0
R 134 125 000000ac 0000006f
C 134 000000ac 1 0 0 0 5 0
R 135 126 000000ac 0000006f
C 135 000000ac 1 0 0 0 5 0
R 136 127 000000ac 0000006f
C 136 000000ac 1 0 0 0 5 0
R 137 128 000000ac 0000006f
C 137 000000ac 1 0 0 0 5 0
R 138 129 000000ac 0000006f
C 138 000000ac 1 0 0 0 5 0
R 139 130 000000ac 0000006f
C 139 000000ac 1 0 0 0 5 0
R 140 131 000000ac 0000006f
C 140 000000ac 1 0 0 0 5 0
R 141 132 000000ac 0000006f
C 141 000000ac 1 0 0 0 5 0
R 142 133 000000ac 0000006f
C 142 000000ac 1 0 0 0 5 0
R 143 134 000000ac 0000006f
C 143 000000ac 1 0 0 0 5 0
R 144 135 000000ac 0000006f
C 144 000000ac 1 0 0 0 5 0
R 145 136 000000ac 0000006f
C 145 000000ac 1 0 0 0 5 0
R 146 137 000000ac 0000006f
C 146 000000ac 1 0 0 0 5 0
R 147 138 000000ac 0000006f
C 147 000000ac 1 0 0 0 5 0
R 148 139 000000ac 0000006f
C 148 000000ac 1 0 0 0 5 0
R 149 140 000000ac 0000006f
C 149 000000ac 1 0 0 0 5 0
R 150 141 000000ac 0000006f
C 150 000000ac 1 0 0 0 5 0
R 151 142 000000ac 0000006f
C 151 000000ac 1 0 0 0 5 0
R 152 143 000000ac 0000006f
C 152 000000ac 1 0 0 0 5 0
R 153 144 000000ac 0000006f
C 153 000000ac 1 0 0 0 5 0
R 154 145 000000ac 0000006f
C 154 000000ac 1 0 0 0 5 0
R 155 146 000000ac 0000006f
C 155 000000ac 1 0 0 0 5 0
R 156 147 000000ac 0000006f
C 156 000000ac 1 0 0 0 5 0
R 157 148 000000ac 0000006f
C 157 000000ac 1 0 0 0 5 0
R 158 149 000000ac 0000006f
C 158 000000ac 1 0 0 0 5 0
R 159 150 000000ac 0000006f
C 159 000000ac 1 0 0 0 5 0
R 160 151 000000ac 0000006f
C 160 000000ac 1 0 0 0 5 0
R 161 152 000000ac 0000006f
C 161 000000ac 1 0 0 0 5 0
R 162 153 000000ac 0000006f
C 162 000000ac 1 0 0 0 5 0
R 163 154 000000ac 0000006f
C 163 000000ac 1 0 0 0 5 0
R 164 155 000000ac 0000006f
C 164 000000ac 1 0 0 0 5 0
R 165 156 000000ac 0000006f
C 165 000000ac 1 0 0 0 5 0
R 166 157 000000ac 0000006f
C 166 000000ac 1 0 0 0 5 0
R 167 158 000000ac 0000006f
C 167 000000ac 1 0 0 0 5 0
R 168 159 000000ac 0000006f
C 168 000000ac 1 0 0 0 5 0
R 169 160 000000ac 0000006f
C 169 000000ac 1 0 0 0 5 0
R 170 161 000000ac 0000006f
C 170 000000ac 1 0 0 0 5 0
R 171 162 000000ac 0000006f
C 171 000000ac 1 0 0 0 5 0
R 172 163 000000ac 0000006f
C 172 000000ac 1 0 0 0 5 0
R 173 164 000000ac 0000006f
C 173 000000ac 1 0 0 0 5 0
R 174 165 000000ac 0000006f
C 174 000000ac 1 0 0 0 5 0
R 175 166 000000ac 0000006f
C 175 000000ac 1 0 0 0 5 0
R 176 167 000000ac 0000006f
C 176 000000ac 1 0 0 0 5 0
R 177 168 000000ac 0000006f
C 177 000000ac 1 0 0 0 5 0
R 178 169 000000ac 0000006f
C 178 000000ac 1 0 0 0 5 0
R 179 170 000000ac 0000006f
C 179 000000ac 1 0 0 0 5 0
R 180 171 000000ac 0000006f
R 181 172 000000ac 0000006f
R 182 173 000000ac 0000006f
R 183 174 000000ac 0000006f
R 184 175 000000ac 0000006f
R 185 176 000000ac 0000006f
R 186 177 000000ac 0000006f
R 187 178 000000ac 0000006f
R 188 179 000000ac 0000006f
R 189 180 000000ac 0000006f
R 190 181 000000ac 0000006f
R 191 182 000000ac 0000006f
R 192 183 000000ac 0000006f
R 193 184 000000ac 0000006f
R 194 185 000000ac 0000006f
R 195 186 000000ac 0000006f
R 196 187 000000ac 0000006f
R 197 188 000000ac 0000006f
R 198 189 000000ac 0000006f
R 199 190 000000ac 0000006f
R 200 191 000000ac 0000006f
R 201 192 000000ac 0000006f
R 202 193 000000ac 0000006f
R 203 194 000000ac 0000006f
R 204 195 000000ac 0000006f
R 205 196 000000ac 0000006f
R 206 197 000000ac 0000006f
R 207 198 000000ac 0000006f
R 208 199 000000ac 0000006f
R 209 200 000000ac 0000006f
R 210 201 000000ac 0000006f
R 211 202 000000ac 0000006f
R 212 203 000000ac 0000006f
R 213 204 000000ac 0000006f
R 214 205 000000ac 0000006f
R 215 206 000000ac 0000006f
R 216 207 000000ac 0000006f
R 217 208 000000ac 0000006f
R 218 209 000000ac 0000006f
R 219 210 000000ac 0000006f
R 220 211 000000ac 0000006f
R 221 212 000000ac 0000006f
R 222 213 000000ac 0000006f
R 223 214 000000ac 0000006f
R 224 215 000000ac 0000006f
R 225 216 000000ac 0000006f
R 226 217 000000ac 0000006f
R 227 218 000000ac 0000006f
R 228 219 000000ac 0000006f
R 229 220 000000ac 0000006f
R 230 221 000000ac 0000006f
R 231 222 000000ac 0000006f
R 232 223 000000ac 0000006f
R 233 224 000000ac 0000006f
R 234 225 000000ac 0000006f
R 235 226 000000ac 0000006f
R 236 227 000000ac 0000006f
R 237 228 000000ac 0000006f
R 238 229 000000ac 0000006f
R 239 230 000000ac 0000006f
R 240 231 000000ac 0000006f
R 241 232 000000ac 0000006f
R 242 233 000000ac 0000006f
R 243 234 000000ac 0000006f
R 244 235 000000ac 0000006f
R 245 236 000000ac 0000006f
R 246 237 000000ac 0000006f
R 247 238 000000ac 0000006f
R 248 239 000000ac 0000006f
R 249 240 000000ac 0000006f
R 250 241 000000ac 0000006f
R 251 242 000000ac 0000006f
R 252 243 000000ac 0000006f
R 253 244 000000ac 0000006f
R 254 245 000000ac 0000006f
R 255 246 000000ac 0000006f
R 256 247 000000ac 0000006f
R 257 248 000000ac 0000006f
R 258 249 000000ac 0000006f
R 259 250 000000ac 0000006f
R 260 251 000000ac 0000006f
R 261 252 000000ac 0000006f
R 262 253 000000ac 0000006f
R 263 254 000000ac 0000006f
R 264 255 000000ac 0000006f
R 265 256 000000ac 0000006f
R 266 257 000000ac 0000006f
R 267 258 000000ac 0000006f
R 268 259 000000ac 0000006f
R 269 260 000000ac 0000006f
R 270 261 000000ac 0000006f
R 271 262 000000ac 0000006f
R 272 263 000000ac 0000006f
R 273 264 000000ac 0000006f
R 274 265 000000ac 0000006f
R 275 266 000000ac 0000006f
R 276 267 000000ac 0000006f
R 277 268 000000ac 0000006f
R 278 269 000000ac 0000006f
R 279 270 000000ac 0000006f
R 280 271 000000ac 0000006f
R 281 272 000000ac 0000006f
R 282 273 000000ac 0000006f
R 283 274 000000ac 0000006f
R 284 275 000000ac 0000006f
R 285 276 000000ac 0000006f
R 286 277 000000ac 0000006f
R 287 278 000000ac 0000006f
R 288 279 000000ac 0000006f
R 289 280 000000ac 0000006f
R 290 281 000000ac 0000006f
R 291 282 000000ac 0000006f
R 292 283 000000ac 0000006f
R 293 284 000000ac 0000006f
R 294 285 000000ac 0000006f
R 295 286 000000ac 0000006f
R 296 287 000000ac 0000006f
R 297 288 000000ac 0000006f
R 298 289 000000ac 0000006f
R 299 290 000000ac 0000006f
R 300 291 000000ac 0000006f
R 301 292 000000ac 0000006f
R 302 293 000000ac 0000006f
R 303 294 000000ac 0000006f
R 304 295 000000ac 0000006f
R 305 296 000000ac 0000006f
R 306 297 000000ac 0000006f
R 307 298 000000ac 0000006f
R 308 299 000000ac 0000006f
R 309 300 000000ac 0000006f
R 310 301 000000ac 0000006f
R 311 302 000000ac 0000006f
R 312 303 000000ac 0000006f
R 313 304 000000ac 0000006f
R 314 305 000000ac 0000006f
R 315 306 000000ac 0000006f
R 316 307 000000ac 0000006f
R 317 308 000000ac 0000006f
R 318 309 000000ac 0000006f
R 319 310 000000ac 0000006f
R 320 311 000000ac 0000006f
R 321 312 000000ac 0000006f
R 322 313 000000ac 0000006f
R 323 314 000000ac 0000006f
R 324 315 000000ac 0000006f
R 325 316 000000ac 0000006f
R 326 317 000000ac 0000006f
R 327 318 000000ac 0000006f
R 328 319 000000ac 0000006f
R 329 320 000000ac 0000006f
R 330 321 000000ac 0000006f
R 331 322 000000ac 0000006f
R 332 323 000000ac 0000006f
R 333 324 000000ac 0000006f
R 334 325 000000ac 0000006f
R 335 326 000000ac 0000006f
R 336 327 000000ac 0000006f
R 337 328 000000ac 0000006f
R 338 329 000000ac 0000006f
R 339 330 000000ac 0000006f
R 340 331 000000ac 0000006f
R 341 332 000000ac 0000006f
R 342 333 000000ac 0000006f
R 343 334 000000ac 0000006f
R 344 335 000000ac 0000006f
R 345 336 000000ac 0000006f
R 346 337 000000ac 0000006f
R 347 338 000000ac 0000006f
R 348 339 000000ac 0000006f
R 349 340 000000ac 0000006f
R 350 341 000000ac 0000006f
R 351 342 000000ac 0000006f
R 352 343 000000ac 0000006f
R 353 344 000000ac 0000006f
R 354 345 000000ac 0000006f
R 355 346 000000ac 0000006f
R 356 347 000000ac 0000006f
R 357 348 000000ac 0000006f
R 358 349 000000ac 0000006f
R 359 350 000000ac 0000006f
R 360 351 000000ac 0000006f
R 361 352 000000ac 0000006f
R 362 353 000000ac 0000006f
R 363 354 000000ac 0000006f
R 364 355 000000ac 0000006f
R 365 356 000000ac 0000006f
R 366 357 000000ac 0000006f
R 367 358 000000ac 0000006f
R 368 359 000000ac 0000006f
R 369 360 000000ac 0000006f
R 370 361 000000ac 0000006f
R 371 362 000000ac 0000006f
R 372 363 000000ac 0000006f
R 373 364 000000ac 0000006f
R 374 365 000000ac 0000006f
R 375 366 000000ac 0000006f
R 376 367 000000ac 0000006f
R 377 368 000000ac 0000006f
R 378 369 000000ac 0000006f
R 379 370 000000ac 0000006f
R 380 371 000000ac 0000006f
R 381 372 000000ac 0000006f
R 382 373 000000ac 0000006f
R 383 374 000000ac 0000006f
R 384 375 000000ac 0000006f
R 385 376 000000ac 0000006f
R 386 377 000000ac 0000006f
R 387 378 000000ac 0000006f
R 388 379 000000ac 0000006f
R 389 380 000000ac 0000006f
R 390 381 000000ac 0000006f
R 391 382 000000ac 0000006f
R 392 383 000000ac 0000006f
R 393 384 000000ac 0000006f
R 394 385 000000ac 0000006f
R 395 386 000000ac 0000006f
R 396 387 000000ac 0000006f
R 397 388 000000ac 0000006f
R 398 389 000000ac 0000006f
R 399 390 000000ac 0000006f
R 400 391 000000ac 0000006f
R 401 392 000000ac 0000006f
R 402 393 000000ac 0000006f
R 403 394 000000ac 0000006f
R 404 395 000000ac 0000006f
R 405 396 000000ac 0000006f
R 406 397 000000ac 0000006f
R 407 398 000000ac 0000006f
R 408 399 000000ac 0000006f
R 409 400 000000ac 0000006f
R 410 401 000000ac 0000006f
R 411 402 000000ac 0000006f
R 412 403 000000ac 0000006f
R 413 404 000000ac 0000006f
R 414 405 000000ac 0000006f
R 415 406 000000ac 0000006f
R 416 407 000000ac 0000006f
R 417 408 000000ac 0000006f
R 418 409 000000ac 0000006f
R 419 410 000000ac 0000006f
R 420 411 000000ac 0000006f
R 421 412 000000ac 0000006f
R 422 413 000000ac 0000006f
R 423 414 000000ac 0000006f
R 424 415 000000ac 0000006f
R 425 416 000000ac 0000006f
R 426 417 000000ac 0000006f
R 427 418 000000ac 0000006f
R 428 419 000000ac 0000006f
R 429 420 000000ac 0000006f
R 430 421 000000ac 0000006f
R 431 422 000000ac 0000006f
R 432 423 000000ac 0000006f
R 433 424 000000ac 0000006f
R 434 425 000000ac 0000006f
R 435 426 000000ac 0000006f
R 436 427 000000ac 0000006f
R 437 428 000000ac 0000006f
R 438 429 000000ac 0000006f
R 439 430 000000ac 0000006f
R 440 431 000000ac 0000006f
R 441 432 000000ac 0000006f
R 442 433 000000ac 0000006f
R 443 434 000000ac 0000006f
R 444 435 000000ac 0000006f
R 445 436 000000ac 0000006f
R 446 437 000000ac 0000006f
R 447 438 000000ac 0000006f
R 448 439 000000ac 0000006f
R 449 440 000000ac 0000006f
R 450 441 000000ac 0000006f
R 451 442 000000ac 0000006f
R 452 443 000000ac 0000006f
R 453 444 000000ac 0000006f
R 454 445 000000ac 0000006f
R 455 446 000000ac 0000006f
R 456 447 000000ac 0000006f
R 457 448 000000ac 0000006f
R 458 449 000000ac 0000006f
R 459 450 000000ac 0000006f
R 460 451 000000ac 0000006f
R 461 452 000000ac 0000006f
R 462 453 000000ac 0000006f
R 463 454 000000ac 0000006f
R 464 455 000000ac 0000006f
R 465 456 000000ac 0000006f
R 466 457 000000ac 0000006f
R 467 458 000000ac 0000006f
R 468 459 000000ac 0000006f
R 469 460 000000ac 0000006f
R 470 461 000000ac 0000006f
R 471 462 000000ac 0000006f
R 472 463 000000ac 0000006f
R 473 464 000000ac 0000006f
R 474 465 000000ac 0000006f
R 475 466 000000ac 0000006f
R 476 467 000000ac 0000006f
R 477 468 000000ac 0000006f
R 478 469 000000ac 0000006f
R 479 470 000000ac 0000006f
R 480 471 000000ac 0000006f
R 481 472 000000ac 0000006f
R 482 473 000000ac 0000006f
R 483 474 000000ac 0000006f
R 484 475 000000ac 0000006f
R 485 476 000000ac 0000006f
R 486 477 000000ac 0000006f
R 487 478 000000ac 0000006f
R 488 479 000000ac 0000006f
R 489 480 000000ac 0000006f
R 490 481 000000ac 0000006f
R 491 482 000000ac 0000006f
R 492 483 000000ac 0000006f
R 493 484 000000ac 0000006f
R 494 485 000000ac 0000006f
R 495 486 000000ac 0000006f
R 496 487 000000ac 0000006f
R 497 488 000000ac 0000006f
R 498 489 000000ac 0000006f
R 499 490 000000ac 0000006f
R 500 491 000000ac 0000006f
R 501 492 000000ac 0000006f
R 502 493 000000ac 0000006f
R 503 494 000000ac 0000006f
R 504 495 000000ac 0000006f
R 505 496 000000ac 0000006f
R 506 497 000000ac 0000006f
R 507 498 000000ac 0000006f
R 508 499 000000ac 0000006f
R 509 500 000000ac 0000006f
R 510 501 000000ac 0000006f
R 511 502 000000ac 0000006f
R 512 503 000000ac 0000006f
R 513 504 000000ac 0000006f
R 514 505 000000ac 0000006f
R 515 506 000000ac 0000006f
R 516 507 000000ac 0000006f
R 517 508 000000ac 0000006f
R 518 509 000000ac 0000006f
R 519 510 000000ac 0000006f
R 520 511 000000ac 0000006f
R 521 512 000000ac 0000006f
R 522 513 000000ac 0000006f
R 523 514 000000ac 0000006f
R 524 515 000000ac 0000006f
R 525 516 000000ac 0000006f
R 526 517 000000ac 0000006f
R 527 518 000000ac 0000006f
R 528 519 000000ac 0000006f
R 529 520 000000ac 0000006f
R 530 521 000000ac 0000006f
R 531 522 000000ac 0000006f
R 532 523 000000ac 0000006f
R 533 524 000000ac 0000006f
R 534 525 000000ac 0000006f
R 535 526 000000ac 0000006f
R 536 527 000000ac 0000006f
R 537 528 000000ac 0000006f
R 538 529 000000ac 0000006f
R 539 530 000000ac 0000006f
R 540 531 000000ac 0000006f
R 541 532 000000ac 0000006f
R 542 533 000000ac 0000006f
R 543 534 000000ac 0000006f
R 544 535 000000ac 0000006f
R 545 536 000000ac 0000006f
R 546 537 000000ac 0000006f
R 547 538 000000ac 0000006f
R 548 539 000000ac 0000006f
R 549 540 000000ac 0000006f
R 550 541 000000ac 0000006f
R 551 542 000000ac 0000006f
R 552 543 000000ac 0000006f
R 553 544 000000ac 0000006f
R 554 545 000000ac 0000006f
R 555 546 000000ac 0000006f
R 556 547 000000ac 0000006f
R 557 548 000000ac 0000006f
R 558 549 000000ac 0000006f
R 559 550 000000ac 0000006f
R 560 551 000000ac 0000006f
R 561 552 000000ac 0000006f
R 562 553 000000ac 0000006f
R 563 554 000000ac 0000006f
R 564 555 000000ac 0000006f
R 565 556 000000ac 0000006f
R 566 557 000000ac 0000006f
R 567 558 000000ac 0000006f
R 568 559 000000ac 0000006f
R 569 560 000000ac 0000006f
R 570 561 000000ac 0000006f
R 571 562 000000ac 0000006f
R 572 563 000000ac 0000006f
R 573 564 000000ac 0000006f
R 574 565 000000ac 0000006f
R 575 566 000000ac 0000006f
R 576 567 000000ac 0000006f
R 577 568 000000ac 0000006f
R 578 569 000000ac 0000006f
R 579 570 000000ac 0000006f
R 580 571 000000ac 0000006f
R 581 572 000000ac 0000006f
R 582 573 000000ac 0000006f
R 583 574 000000ac 0000006f
R 584 575 000000ac 0000006f
R 585 576 000000ac 0000006f
R 586 577 000000ac 0000006f
R 587 578 000000ac 0000006f
R 588 579 000000ac 0000006f
R 589 580 000000ac 0000006f
R 590 581 000000ac 0000006f
R 591 582 000000ac 0000006f
R 592 583 000000ac 0000006f
R 593 584 000000ac 0000006f
R 594 585 000000ac 0000006f
R 595 586 000000ac 0000006f
R 596 587 000000ac 0000006f
R 597 588 000000ac 0000006f
R 598 589 000000ac 0000006f
R 599 590 000000ac 0000006f
R 600 591 000000ac 0000006f
R 601 592 000000ac 0000006f
R 602 593 000000ac 0000006f
R 603 594 000000ac 0000006f
R 604 595 000000ac 0000006f
R 605 596 000000ac 0000006f
R 606 597 000000ac 0000006f
R 607 598 000000ac 0000006f
R 608 599 000000ac 0000006f
R 609 600 000000ac 0000006f
R 610 601 000000ac 0000006f
R 611 602 000000ac 0000006f
R 612 603 000000ac 0000006f
R 613 604 000000ac 0000006f
R 614 605 000000ac 0000006f
R 615 606 000000ac 0000006f
R 616 607 000000ac 0000006f
R 617 608 000000ac 0000006f
R 618 609 000000ac 0000006f
R 619 610 000000ac 0000006f
R 620 611 000000ac 0000006f
R 621 612 000000ac 0000006f
R 622 613 000000ac 0000006f
R 623 614 000000ac 0000006f
R 624 615 000000ac 0000006f
R 625 616 000000ac 0000006f
R 626 617 000000ac 0000006f
R 627 618 000000ac 0000006f
R 628 619 000000ac 0000006f
R 629 620 000000ac 0000006f
R 630 621 000000ac 0000006f
R 631 622 000000ac 0000006f
R 632 623 000000ac 0000006f
R 633 624 000000ac 0000006f
R 634 625 000000ac 0000006f
R 635 626 000000ac 0000006f
R 636 627 000000ac 0000006f
R 637 628 000000ac 0000006f
R 638 629 000000ac 0000006f
R 639 630 000000ac 0000006f
R 640 631 000000ac 0000006f
R 641 632 000000ac 0000006f
R 642 633 000000ac 0000006f
R 643 634 000000ac 0000006f
R 644 635 000000ac 0000006f
R 645 636 000000ac 0000006f
R 646 637 000000ac 0000006f
R 647 638 000000ac 0000006f
R 648 639 000000ac 0000006f
R 649 640 000000ac 0000006f
R 650 641 000000ac 0000006f
R 651 642 000000ac 0000006f
R 652 643 000000ac 0000006f
R 653 644 000000ac 0000006f
R 654 645 000000ac 0000006f
R 655 646 000000ac 0000006f
R 656 647 000000ac 0000006f
R 657 648 000000ac 0000006f
R 658 649 000000ac 0000006f
R 659 650 000000ac 0000006f
R 660 651 000000ac 0000006f
R 661 652 000000ac 0000006f
R 662 653 000000ac 0000006f
R 663 654 000000ac 0000006f
R 664 655 000000ac 0000006f
R 665 656 000000ac 0000006f
R 666 657 000000ac 0000006f
R 667 658 000000ac 0000006f
R 668 659 000000ac 0000006f
R 669 660 000000ac 0000006f
R 670 661 000000ac 0000006f
R 671 662 000000ac 0000006f
R 672 663 000000ac 0000006f
R 673 664 000000ac 0000006f
R 674 665 000000ac 0000006f
R 675 666 000000ac 0000006f
R 676 667 000000ac 0000006f
R 677 668 000000ac 0000006f
R 678 669 000000ac 0000006f
R 679 670 000000ac 0000006f
R 680 671 000000ac 0000006f
R 681 672 000000ac 0000006f
R 682 673 000000ac 0000006f
R 683 674 000000ac 0000006f
R 684 675 000000ac 0000006f
R 685 676 000000ac 0000006f
R 686 677 000000ac 0000006f
R 687 678 000000ac 0000006f
R 688 679 000000ac 0000006f
R 689 680 000000ac 0000006f
R 690 681 000000ac 0000006f
R 691 682 000000ac 0000006f
R 692 683 000000ac 0000006f
R 693 684 000000ac 0000006f
R 694 685 000000ac 0000006f
R 695 686 000000ac 0000006f
R 696 687 000000ac 0000006f
R 697 688 000000ac 0000006f
R 698 689 000000ac 0000006f
R 699 690 000000ac 0000006f
R 700 691 000000ac 0000006f
R 701 692 000000ac 0000006f
R 702 693 000000ac 0000006f
R 703 694 000000ac 0000006f
R 704 695 000000ac 0000006f
R 705 696 000000ac 0000006f
R 706 697 000000ac 0000006f
R 707 698 000000ac 0000006f
R 708 699 000000ac 0000006f
R 709 700 000000ac 0000006f
R 710 701 000000ac 0000006f
R 711 702 000000ac 0000006f
R 712 703 000000ac 0000006f
R 713 704 000000ac 0000006f
R 714 705 000000ac 0000006f
R 715 706 000000ac 0000006f
R 716 707 000000ac 0000006f
R 717 708 000000ac 0000006f
R 718 709 000000ac 0000006f
R 719 710 000000ac 0000006f
R 720 711 000000ac 0000006f
R 721 712 000000ac 0000006f
R 722 713 000000ac 0000006f
R 723 714 000000ac 0000006f
R 724 715 000000ac 0000006f
R 725 716 000000ac 0000006f
R 726 717 000000ac 0000006f
R 727 718 000000ac 0000006f
R 728 719 000000ac 0000006f
R 729 720 000000ac 0000006f
R 730 721 000000ac 0000006f
R 731 722 000000ac 0000006f
R 732 723 000000ac 0000006f
R 733 724 000000ac 0000006f
R 734 725 000000ac 0000006f
R 735 726 000000ac 0000006f
R 736 727 000000ac 0000006f
R 737 728 000000ac 0000006f
R 738 729 000000ac 0000006f
R 739 730 000000ac 0000006f
R 740 731 000000ac 0000006f
R 741 732 000000ac 0000006f
R 742 733 000000ac 0000006f
R 743 734 000000ac 0000006f
R 744 735 000000ac 0000006f
R 745 736 000000ac 0000006f
R 746 737 000000ac 0000006f
R 747 738 000000ac 0000006f
R 748 739 000000ac 0000006f
R 749 740 000000ac 0000006f
R 750 741 000000ac 0000006f
R 751 742 000000ac 0000006f
R 752 743 000000ac 0000006f
R 753 744 000000ac 0000006f
R 754 745 000000ac 0000006f
R 755 746 000000ac 0000006f
R 756 747 000000ac 0000006f
R 757 748 000000ac 0000006f
R 758 749 000000ac 0000006f
R 759 750 000000ac 0000006f
R 760 751 000000ac 0000006f
R 761 752 000000ac 0000006f
R 762 753 000000ac 0000006f
R 763 754 000000ac 0000006f
R 764 755 000000ac 0000006f
R 765 756 000000ac 0000006f
R 766 757 000000ac 0000006f
R 767 758 000000ac 0000006f
R 768 759 000000ac 0000006f
R 769 760 000000ac 0000006f
R 770 761 000000ac 0000006f
R 771 762 000000ac 0000006f
R 772 763 000000ac 0000006f
R 773 764 000000ac 0000006f
R 774 765 000000ac 0000006f
R 775 766 000000ac 0000006f
R 776 767 000000ac 0000006f
R 777 768 000000ac 0000006f
R 778 769 000000ac 0000006f
R 779 770 000000ac 0000006f
R 780 771 000000ac 0000006f
R 781 772 000000ac 0000006f
R 782 773 000000ac 0000006f
R 783 774 000000ac 0000006f
R 784 775 000000ac 0000006f
R 785 776 000000ac 0000006f
R 786 777 000000ac 0000006f
R 787 778 000000ac 0000006f
R 788 779 000000ac 0000006f
R 789 780 000000ac 0000006f
R 790 781 000000ac 0000006f
R 791 782 000000ac 0000006f
R 792 783 000000ac 0000006f
R 793 784 000000ac 0000006f
R 794 785 000000ac 0000006f
R 795 786 000000ac 0000006f
R 796 787 000000ac 0000006f
R 797 788 000000ac 0000006f
R 798 789 000000ac 0000006f
R 799 790 000000ac 0000006f
R 800 791 000000ac 0000006f
R 801 792 000000ac 0000006f
R 802 793 000000ac 0000006f
R 803 794 000000ac 0000006f
R 804 795 000000ac 0000006f
R 805 796 000000ac 0000006f
R 806 797 000000ac 0000006f
R 807 798 000000ac 0000006f
R 808 799 000000ac 0000006f
R 809 800 000000ac 0000006f
R 810 801 000000ac 0000006f
R 811 802 000000ac 0000006f
R 812 803 000000ac 0000006f
R 813 804 000000ac 0000006f
R 814 805 000000ac 0000006f
R 815 806 000000ac 0000006f
R 816 807 000000ac 0000006f
R 817 808 000000ac 0000006f
R 818 809 000000ac 0000006f
R 819 810 000000ac 0000006f
R 820 811 000000ac 0000006f
R 821 812 000000ac 0000006f
R 822 813 000000ac 0000006f
R 823 814 000000ac 0000006f
R 824 815 000000ac 0000006f
R 825 816 000000ac 0000006f
R 826 817 000000ac 0000006f
R 827 818 000000ac 0000006f
R 828 819 000000ac 0000006f
R 829 820 000000ac 0000006f
R 830 821 000000ac 0000006f
R 831 822 000000ac 0000006f
R 832 823 000000ac 0000006f
R 833 824 000000ac 0000006f
R 834 825 000000ac 0000006f
R 835 826 000000ac 0000006f
R 836 827 000000ac 0000006f
R 837 828 000000ac 0000006f
R 838 829 000000ac 0000006f
R 839 830 000000ac 0000006f
R 840 831 000000ac 0000006f
R 841 832 000000ac 0000006f
R 842 833 000000ac 0000006f
R 843 834 000000ac 0000006f
R 844 835 000000ac 0000006f
R 845 836 000000ac 0000006f
R 846 837 000000ac 0000006f
R 847 838 000000ac 0000006f
R 848 839 000000ac 0000006f
R 849 840 000000ac 0000006f
R 850 841 000000ac 0000006f
R 851 842 000000ac 0000006f
R 852 843 000000ac 0000006f
R 853 844 000000ac 0000006f
R 854 845 000000ac 0000006f
R 855 846 000000ac 0000006f
R 856 847 000000ac 0000006f
R 857 848 000000ac 0000006f
R 858 849 000000ac 0000006f
R 859 850 000000ac 0000006f
R 860 851 000000ac 0000006f
R 861 852 000000ac 0000006f
R 862 853 000000ac 0000006f
R 863 854 000000ac 0000006f
R 864 855 000000ac 0000006f
R 865 856 000000ac 0000006f
R 866 857 000000ac 0000006f
R 867 858 000000ac 0000006f
R 868 859 000000ac 0000006f
R 869 860 000000ac 0000006f
R 870 861 000000ac 0000006f
R 871 862 000000ac 0000006f
R 872 863 000000ac 0000006f
R 873 864 000000ac 0000006f
R 874 865 000000ac 0000006f
R 875 866 000000ac 0000006f
R 876 867 000000ac 0000006f
R 877 868 000000ac 0000006f
R 878 869 000000ac 0000006f
R 879 870 000000ac 0000006f
R 880 871 000000ac 0000006f
R 881 872 000000ac 0000006f
R 882 873 000000ac 0000006f
R 883 874 000000ac 0000006f
R 884 875 000000ac 0000006f
R 885 876 000000ac 0000006f
R 886 877 000000ac 0000006f
R 887 878 000000ac 0000006f
R 888 879 000000ac 0000006f
R 889 880 000000ac 0000006f
R 890 881 000000ac 0000006f
R 891 882 000000ac 0000006f
R 892 883 000000ac 0000006f
R 893 884 000000ac 0000006f
R 894 885 000000ac 0000006f
R 895 886 000000ac 0000006f
R 896 887 000000ac 0000006f
R 897 888 000000ac 0000006f
R 898 889 000000ac 0000006f
R 899 890 000000ac 0000006f
R 900 891 000000ac 0000006f
R 901 892 000000ac 0000006f
R 902 893 000000ac 0000006f
R 903 894 000000ac 0000006f
R 904 895 000000ac 0000006f
R 905 896 000000ac 0000006f
R 906 897 000000ac 0000006f
R 907 898 000000ac 0000006f
R 908 899 000000ac 0000006f
R 909 900 000000ac 0000006f
R 910 901 000000ac 0000006f
R 911 902 000000ac 0000006f
R 912 903 000000ac 0000006f
R 913 904 000000ac 0000006f
R 914 905 000000ac 0000006f
R 915 906 000000ac 0000006f
R 916 907 000000ac 0000006f
R 917 908 000000ac 0000006f
R 918 909 000000ac 0000006f
R 919 910 000000ac 0000006f
R 920 911 000000ac 0000006f
R 921 912 000000ac 0000006f
R 922 913 000000ac 0000006f
R 923 914 000000ac 0000006f
R 924 915 000000ac 0000006f
R 925 916 000000ac 0000006f
R 926 917 000000ac 0000006f
R 927 918 000000ac 0000006f
R 928 919 000000ac 0000006f
R 929 920 000000ac 0000006f
R 930 921 000000ac 0000006f
R 931 922 000000ac 0000006f
R 932 923 000000ac 0000006f
R 933 924 000000ac 0000006f
R 934 925 000000ac 0000006f
R 935 926 000000ac 0000006f
R 936 927 000000ac 0000006f
R 937 928 000000ac 0000006f
R 938 929 000000ac 0000006f
R 939 930 000000ac 0000006f
R 940 931 000000ac 0000006f
R 941 932 000000ac 0000006f
R 942 933 000000ac 0000006f
R 943 934 000000ac 0000006f
R 944 935 000000ac 0000006f
R 945 936 000000ac 0000006f
R 946 937 000000ac 0000006f
R 947 938 000000ac 0000006f
R 948 939 000000ac 0000006f
R 949 940 000000ac 0000006f
R 950 941 000000ac 0000006f
R 951 942 000000ac 0000006f
R 952 943 000000ac 0000006f
R 953 944 000000ac 0000006f
R 954 945 000000ac 0000006f
R 955 946 000000ac 0000006f
R 956 947 000000ac 0000006f
R 957 948 000000ac 0000006f
R 958 949 000000ac 0000006f
R 959 950 000000ac 0000006f
R 960 951 000000ac 0000006f
R 961 952 000000ac 0000006f
R 962 953 000000ac 0000006f
R 963 954 000000ac 0000006f
R 964 955 000000ac 0000006f
R 965 956 000000ac 0000006f
R 966 957 000000ac 0000006f
R 967 958 000000ac 0000006f
R 968 959 000000ac 0000006f
R 969 960 000000ac 0000006f
R 970 961 000000ac 0000006f
R 971 962 000000ac 0000006f
R 972 963 000000ac 0000006f
R 973 964 000000ac 0000006f
R 974 965 000000ac 0000006f
R 975 966 000000ac 0000006f
R 976 967 000000ac 0000006f
R 977 968 000000ac 0000006f
R 978 969 000000ac 0000006f
R 979 970 000000ac 0000006f
R 980 971 000000ac 0000006f
R 981 972 000000ac 0000006f
R 982 973 000000ac 0000006f
R 983 974 000000ac 0000006f
R 984 975 000000ac 0000006f
R 985 976 000000ac 0000006f
R 986 977 000000ac 0000006f
R 987 978 000000ac 0000006f
R 988 979 000000ac 0000006f
R 989 980 000000ac 0000006f
R 990 981 000000ac 0000006f
R 991 982 000000ac 0000006f
R 992 983 000000ac 0000006f
R 993 984 000000ac 0000006f
R 994 985 000000ac 0000006f
R 995 986 000000ac 0000006f
R 996 987 000000ac 0000006f
R 997 988 000000ac 0000006f
R 998 989 000000ac 0000006f
R 999 990 000000ac 0000006f
R 1000 991 000000ac 0000006f
R 1001 992 000000ac 0000006f
R 1002 993 000000ac 0000006f
R 1003 994 000000ac 0000006f
R 1004 995 000000ac 0000006f
R 1005 996 000000ac 0000006f
R 1006 997 000000ac 0000006f
R 1007 998 000000ac 0000006f
R 1008 999 000000ac 0000006f
R 1009 1000 000000ac 0000006f
R 1010 1001 000000ac 0000006f
R 1011 1002 000000ac 0000006f
R 1012 1003 000000ac 0000006f
R 1013 1004 000000ac 0000006f
R 1014 1005 000000ac 0000006f
R 1015 1006 000000ac 0000006f
R 1016 1007 000000ac 0000006f
R 1017 1008 000000ac 0000006f
R 1018 1009 000000ac 0000006f
R 1019 1010 000000ac 0000006f
R 1020 1011 000000ac 0000006f
R 1021 1012 000000ac 0000006f
R 1022 1013 000000ac 0000006f
R 1023 1014 000000ac 0000006f
R 1024 1015 000000ac 0000006f
R 1025 1016 000000ac 0000006f
R 1026 1017 000000ac 0000006f
R 1027 1018 000000ac 0000006f
R 1028 1019 000000ac 0000006f
R 1029 1020 000000ac 0000006f
R 1030 1021 000000ac 0000006f
R 1031 1022 000000ac 0000006f
R 1032 1023 000000ac 0000006f
R 1033 1024 000000ac 0000006f
R 1034 1025 000000ac 0000006f
R 1035 1026 000000ac 0000006f
R 1036 1027 000000ac 0000006f
R 1037 1028 000000ac 0000006f
R 1038 1029 000000ac 0000006f
R 1039 1030 000000ac 0000006f
R 1040 1031 000000ac 0000006f
R 1041 1032 000000ac 0000006f
R 1042 1033 000000ac 0000006f
R 1043 1034 000000ac 0000006f
R 1044 1035 000000ac 0000006f
R 1045 1036 000000ac 0000006f
R 1046 1037 000000ac 0000006f
R 1047 1038 000000ac 0000006f
R 1048 1039 000000ac 0000006f
R 1049 1040 000000ac 0000006f
R 1050 1041 000000ac 0000006f
R 1051 1042 000000ac 0000006f
R 1052 1043 000000ac 0000006f
R 1053 1044 000000ac 0000006f
R 1054 1045 000000ac 0000006f
R 1055 1046 000000ac 0000006f
R 1056 1047 000000ac 0000006f
R 1057 1048 000000ac 0000006f
R 1058 1049 000000ac 0000006f
R 1059 1050 000000ac 0000006f
R 1060 1051 000000ac 0000006f
R 1061 1052 000000ac 0000006f
R 1062 1053 000000ac 0000006f
R 1063 1054 000000ac 0000006f
R 1064 1055 000000ac 0000006f
R 1065 1056 000000ac 0000006f
R 1066 1057 000000ac 0000006f
R 1067 1058 000000ac 0000006f
R 1068 1059 000000ac 0000006f
R 1069 1060 000000ac 0000006f
R 1070 1061 000000ac 0000006f
R 1071 1062 000000ac 0000006f
R 1072 1063 000000ac 0000006f
R 1073 1064 000000ac 0000006f
R 1074 1065 000000ac 0000006f
R 1075 1066 000000ac 0000006f
R 1076 1067 000000ac 0000006f
R 1077 1068 000000ac 0000006f
R 1078 1069 000000ac 0000006f
R 1079 1070 000000ac 0000006f
R 1080 1071 000000ac 0000006f
R 1081 1072 000000ac 0000006f
R 1082 1073 000000ac 0000006f
R 1083 1074 000000ac 0000006f
R 1084 1075 000000ac 0000006f
R 1085 1076 000000ac 0000006f
R 1086 1077 000000ac 0000006f
R 1087 1078 000000ac 0000006f
R 1088 1079 000000ac 0000006f
R 1089 1080 000000ac 0000006f
R 1090 1081 000000ac 0000006f
R 1091 1082 000000ac 0000006f
R 1092 1083 000000ac 0000006f
R 1093 1084 000000ac 0000006f
R 1094 1085 000000ac 0000006f
R 1095 1086 000000ac 0000006f
R 1096 1087 000000ac 0000006f
R 1097 1088 000000ac 0000006f
R 1098 1089 000000ac 0000006f
R 1099 1090 000000ac 0000006f
R 1100 1091 000000ac 0000006f
R 1101 1092 000000ac 0000006f
R 1102 1093 000000ac 0000006f
R 1103 1094 000000ac 0000006f
R 1104 1095 000000ac 0000006f
R 1105 1096 000000ac 0000006f
R 1106 1097 000000ac 0000006f
R 1107 1098 000000ac 0000006f
R 1108 1099 000000ac 0000006f
R 1109 1100 000000ac 0000006f
R 1110 1101 000000ac 0000006f
R 1111 1102 000000ac 0000006f
R 1112 1103 000000ac 0000006f
R 1113 1104 000000ac 0000006f
R 1114 1105 000000ac 0000006f
R 1115 1106 000000ac 0000006f
R 1116 1107 000000ac 0000006f
R 1117 1108 000000ac 0000006f
R 1118 1109 000000ac 0000006f
R 1119 1110 000000ac 0000006f
R 1120 1111 000000ac 0000006f
R 1121 1112 000000ac 0000006f
R 1122 1113 000000ac 0000006f
R 1123 1114 000000ac 0000006f
R 1124 1115 000000ac 0000006f
R 1125 1116 000000ac 0000006f
R 1126 1117 000000ac 0000006f
R 1127 1118 000000ac 0000006f
R 1128 1119 000000ac 0000006f
R 1129 1120 000000ac 0000006f
R 1130 1121 000000ac 0000006f
R 1131 1122 000000ac 0000006f
R 1132 1123 000000ac 0000006f
R 1133 1124 000000ac 0000006f
R 1134 1125 000000ac 0000006f
R 1135 1126 000000ac 0000006f
R 1136 1127 000000ac 0000006f
R 1137 1128 000000ac 0000006f
R 1138 1129 000000ac 0000006f
R 1139 1130 000000ac 0000006f
R 1140 1131 000000ac 0000006f
R 1141 1132 000000ac 0000006f
R 1142 1133 000000ac 0000006f
R 1143 1134 000000ac 0000006f
R 1144 1135 000000ac 0000006f
R 1145 1136 000000ac 0000006f
R 1146 1137 000000ac 0000006f
R 1147 1138 000000ac 0000006f
R 1148 1139 000000ac 0000006f
R 1149 1140 000000ac 0000006f
R 1150 1141 000000ac 0000006f
R 1151 1142 000000ac 0000006f
R 1152 1143 000000ac 0000006f
R 1153 1144 000000ac 0000006f
R 1154 1145 000000ac 0000006f
R 1155 1146 000000ac 0000006f
R 1156 1147 000000ac 0000006f
R 1157 1148 000000ac 0000006f
R 1158 1149 000000ac 0000006f
R 1159 1150 000000ac 0000006f
R 1160 1151 000000ac 0000006f
R 1161 1152 000000ac 0000006f
R 1162 1153 000000ac 0000006f
R 1163 1154 000000ac 0000006f
R 1164 1155 000000ac 0000006f
R 1165 1156 000000ac 0000006f
R 1166 1157 000000ac 0000006f
R 1167 1158 000000ac 0000006f
R 1168 1159 000000ac 0000006f
R 1169 1160 000000ac 0000006f
R 1170 1161 000000ac 0000006f
R 1171 1162 000000ac 0000006f
R 1172 1163 000000ac 0000006f
R 1173 1164 000000ac 0000006f
R 1174 1165 000000ac 0000006f
R 1175 1166 000000ac 0000006f
R 1176 1167 000000ac 0000006f
R 1177 1168 000000ac 0000006f
R 1178 1169 000000ac 0000006f
R 1179 1170 000000ac 0000006f
R 1180 1171 000000ac 0000006f
R 1181 1172 000000ac 0000006f
R 1182 1173 000000ac 0000006f
R 1183 1174 000000ac 0000006f
R 1184 1175 000000ac 0000006f
R 1185 1176 000000ac 0000006f
R 1186 1177 000000ac 0000006f
R 1187 1178 000000ac 0000006f
R 1188 1179 000000ac 0000006f
R 1189 1180 000000ac 0000006f
R 1190 1181 000000ac 0000006f
R 1191 1182 000000ac 0000006f
R 1192 1183 000000ac 0000006f
R 1193 1184 000000ac 0000006f
R 1194 1185 000000ac 0000006f
R 1195 1186 000000ac 0000006f
R 1196 1187 000000ac 0000006f
R 1197 1188 000000ac 0000006f
R 1198 1189 000000ac 0000006f
R 1199 1190 000000ac 0000006f
REG 0 00000000
REG 1 00000001
REG 2 00000002
REG 3 00000098
REG 4 000000a8
REG 5 000000a4
REG 6 00000000
REG 7 00000000
REG 8 00000000
REG 9 00000000
REG 10 00000000
REG 11 00000000
REG 12 00000000
REG 13 00000000
REG 14 00000000
REG 15 00000000
REG 16 00000000
REG 17 00000000
REG 18 00000000
REG 19 00000000
REG 20 00000000
REG 21 00000000
REG 22 00000000
REG 23 00000000
REG 24 00000000
REG 25 00000000
REG 26 00000000
REG 27 00000000
REG 28 00000000
REG 29 00000000
REG 30 00000000
REG 31 0000007b
COUNTS sleep=1 clocks=1197 ai=0 ab=0 am=0 ifetch=1196 data=0 bitmap=0 hit=0 miss=0 dummy=0 expanded=0 predict=1186 mispredict=0
FINISH
- /home/dungpc/ndmoney4porche/projects/ibex/doc/dungpc/microarchitecture/scripts/top_tb.sv:188: Verilog $finish
