CONFIG SEC=0 CACHE=0 PRED=1 DUAL=0 MODE=0 ZC=0 SCR=0 ICECC=0 OFFSET=1 PMP=0
C 3 00000000 0 0 0 1 0 0
C 4 00000000 0 0 0 1 1 0
C 5 00000000 0 0 0 0 4 0
CSRDBG 6 addr=003 priv=3 dec=0 csr=0 raw=1 pw=0 dbg=0 op=0
C 6 00000080 1 0 0 0 5 0
W 7 1 00000003 000000000
CSRDBG 7 addr=fff priv=3 dec=0 csr=0 raw=1 pw=0 dbg=0 op=0
C 7 00000084 1 0 0 0 5 0
W 8 1 00000002 000000000
CSRDBG 8 addr=fe0 priv=3 dec=0 csr=0 raw=1 pw=0 dbg=0 op=0
R 8 1 00000080 00300093
C 8 00000088 1 0 0 0 5 0
CSRDBG 9 addr=fff priv=3 dec=0 csr=0 raw=1 pw=0 dbg=0 op=0
R 9 2 00000084 fff08093
C 9 00000084 1 0 0 0 5 0
W 10 1 00000001 000000000
CSRDBG 10 addr=fe0 priv=3 dec=0 csr=0 raw=1 pw=0 dbg=0 op=0
R 10 3 00000088 fe009ee3
C 10 00000088 1 0 0 0 5 0
CSRDBG 11 addr=fff priv=3 dec=0 csr=0 raw=1 pw=0 dbg=0 op=0
R 11 4 00000084 fff08093
C 11 00000084 1 0 0 0 5 0
W 12 1 00000000 000000000
CSRDBG 12 addr=fe0 priv=3 dec=0 csr=0 raw=1 pw=0 dbg=0 op=0
R 12 5 00000088 fe009ee3
C 12 00000088 1 0 0 0 5 0
R 13 6 00000084 fff08093
C 13 00000088 0 0 0 0 5 0
CSRDBG 14 addr=07b priv=3 dec=0 csr=0 raw=1 pw=0 dbg=0 op=0
R 14 7 00000088 fe009ee3
C 14 0000008c 1 0 0 0 5 0
W 15 15 0000007b 000000000
CSRDBG 15 addr=000 priv=3 dec=0 csr=0 raw=1 pw=0 dbg=0 op=0
C 15 00000090 1 0 0 0 5 0
CSRDBG 16 addr=000 priv=3 dec=0 csr=0 raw=1 pw=0 dbg=0 op=0
R 16 8 0000008c 07b00793
C 16 00000090 1 0 0 0 5 0
CSRDBG 17 addr=000 priv=3 dec=0 csr=0 raw=1 pw=0 dbg=0 op=0
R 17 9 00000090 0000006f
C 17 00000090 1 0 0 0 5 0
CSRDBG 18 addr=000 priv=3 dec=0 csr=0 raw=1 pw=0 dbg=0 op=0
R 18 10 00000090 0000006f
C 18 00000090 1 0 0 0 5 0
CSRDBG 19 addr=000 priv=3 dec=0 csr=0 raw=1 pw=0 dbg=0 op=0
R 19 11 00000090 0000006f
C 19 00000090 1 0 0 0 5 0
CSRDBG 20 addr=000 priv=3 dec=0 csr=0 raw=1 pw=0 dbg=0 op=0
R 20 12 00000090 0000006f
C 20 00000090 1 0 0 0 5 0
CSRDBG 21 addr=000 priv=3 dec=0 csr=0 raw=1 pw=0 dbg=0 op=0
R 21 13 00000090 0000006f
C 21 00000090 1 0 0 0 5 0
CSRDBG 22 addr=000 priv=3 dec=0 csr=0 raw=1 pw=0 dbg=0 op=0
R 22 14 00000090 0000006f
C 22 00000090 1 0 0 0 5 0
CSRDBG 23 addr=000 priv=3 dec=0 csr=0 raw=1 pw=0 dbg=0 op=0
R 23 15 00000090 0000006f
C 23 00000090 1 0 0 0 5 0
CSRDBG 24 addr=000 priv=3 dec=0 csr=0 raw=1 pw=0 dbg=0 op=0
R 24 16 00000090 0000006f
C 24 00000090 1 0 0 0 5 0
CSRDBG 25 addr=000 priv=3 dec=0 csr=0 raw=1 pw=0 dbg=0 op=0
R 25 17 00000090 0000006f
C 25 00000090 1 0 0 0 5 0
CSRDBG 26 addr=000 priv=3 dec=0 csr=0 raw=1 pw=0 dbg=0 op=0
R 26 18 00000090 0000006f
C 26 00000090 1 0 0 0 5 0
CSRDBG 27 addr=000 priv=3 dec=0 csr=0 raw=1 pw=0 dbg=0 op=0
R 27 19 00000090 0000006f
C 27 00000090 1 0 0 0 5 0
CSRDBG 28 addr=000 priv=3 dec=0 csr=0 raw=1 pw=0 dbg=0 op=0
R 28 20 00000090 0000006f
C 28 00000090 1 0 0 0 5 0
CSRDBG 29 addr=000 priv=3 dec=0 csr=0 raw=1 pw=0 dbg=0 op=0
R 29 21 00000090 0000006f
C 29 00000090 1 0 0 0 5 0
CSRDBG 30 addr=000 priv=3 dec=0 csr=0 raw=1 pw=0 dbg=0 op=0
R 30 22 00000090 0000006f
C 30 00000090 1 0 0 0 5 0
CSRDBG 31 addr=000 priv=3 dec=0 csr=0 raw=1 pw=0 dbg=0 op=0
R 31 23 00000090 0000006f
C 31 00000090 1 0 0 0 5 0
CSRDBG 32 addr=000 priv=3 dec=0 csr=0 raw=1 pw=0 dbg=0 op=0
R 32 24 00000090 0000006f
C 32 00000090 1 0 0 0 5 0
CSRDBG 33 addr=000 priv=3 dec=0 csr=0 raw=1 pw=0 dbg=0 op=0
R 33 25 00000090 0000006f
C 33 00000090 1 0 0 0 5 0
CSRDBG 34 addr=000 priv=3 dec=0 csr=0 raw=1 pw=0 dbg=0 op=0
R 34 26 00000090 0000006f
C 34 00000090 1 0 0 0 5 0
CSRDBG 35 addr=000 priv=3 dec=0 csr=0 raw=1 pw=0 dbg=0 op=0
R 35 27 00000090 0000006f
C 35 00000090 1 0 0 0 5 0
CSRDBG 36 addr=000 priv=3 dec=0 csr=0 raw=1 pw=0 dbg=0 op=0
R 36 28 00000090 0000006f
C 36 00000090 1 0 0 0 5 0
CSRDBG 37 addr=000 priv=3 dec=0 csr=0 raw=1 pw=0 dbg=0 op=0
R 37 29 00000090 0000006f
C 37 00000090 1 0 0 0 5 0
CSRDBG 38 addr=000 priv=3 dec=0 csr=0 raw=1 pw=0 dbg=0 op=0
R 38 30 00000090 0000006f
C 38 00000090 1 0 0 0 5 0
CSRDBG 39 addr=000 priv=3 dec=0 csr=0 raw=1 pw=0 dbg=0 op=0
R 39 31 00000090 0000006f
C 39 00000090 1 0 0 0 5 0
CSRDBG 40 addr=000 priv=3 dec=0 csr=0 raw=1 pw=0 dbg=0 op=0
R 40 32 00000090 0000006f
C 40 00000090 1 0 0 0 5 0
CSRDBG 41 addr=000 priv=3 dec=0 csr=0 raw=1 pw=0 dbg=0 op=0
R 41 33 00000090 0000006f
C 41 00000090 1 0 0 0 5 0
CSRDBG 42 addr=000 priv=3 dec=0 csr=0 raw=1 pw=0 dbg=0 op=0
R 42 34 00000090 0000006f
C 42 00000090 1 0 0 0 5 0
CSRDBG 43 addr=000 priv=3 dec=0 csr=0 raw=1 pw=0 dbg=0 op=0
R 43 35 00000090 0000006f
C 43 00000090 1 0 0 0 5 0
CSRDBG 44 addr=000 priv=3 dec=0 csr=0 raw=1 pw=0 dbg=0 op=0
R 44 36 00000090 0000006f
C 44 00000090 1 0 0 0 5 0
CSRDBG 45 addr=000 priv=3 dec=0 csr=0 raw=1 pw=0 dbg=0 op=0
R 45 37 00000090 0000006f
C 45 00000090 1 0 0 0 5 0
CSRDBG 46 addr=000 priv=3 dec=0 csr=0 raw=1 pw=0 dbg=0 op=0
R 46 38 00000090 0000006f
C 46 00000090 1 0 0 0 5 0
CSRDBG 47 addr=000 priv=3 dec=0 csr=0 raw=1 pw=0 dbg=0 op=0
R 47 39 00000090 0000006f
C 47 00000090 1 0 0 0 5 0
CSRDBG 48 addr=000 priv=3 dec=0 csr=0 raw=1 pw=0 dbg=0 op=0
R 48 40 00000090 0000006f
C 48 00000090 1 0 0 0 5 0
CSRDBG 49 addr=000 priv=3 dec=0 csr=0 raw=1 pw=0 dbg=0 op=0
R 49 41 00000090 0000006f
C 49 00000090 1 0 0 0 5 0
CSRDBG 50 addr=000 priv=3 dec=0 csr=0 raw=1 pw=0 dbg=0 op=0
R 50 42 00000090 0000006f
C 50 00000090 1 0 0 0 5 0
CSRDBG 51 addr=000 priv=3 dec=0 csr=0 raw=1 pw=0 dbg=0 op=0
R 51 43 00000090 0000006f
C 51 00000090 1 0 0 0 5 0
CSRDBG 52 addr=000 priv=3 dec=0 csr=0 raw=1 pw=0 dbg=0 op=0
R 52 44 00000090 0000006f
C 52 00000090 1 0 0 0 5 0
CSRDBG 53 addr=000 priv=3 dec=0 csr=0 raw=1 pw=0 dbg=0 op=0
R 53 45 00000090 0000006f
C 53 00000090 1 0 0 0 5 0
CSRDBG 54 addr=000 priv=3 dec=0 csr=0 raw=1 pw=0 dbg=0 op=0
R 54 46 00000090 0000006f
C 54 00000090 1 0 0 0 5 0
CSRDBG 55 addr=000 priv=3 dec=0 csr=0 raw=1 pw=0 dbg=0 op=0
R 55 47 00000090 0000006f
C 55 00000090 1 0 0 0 5 0
CSRDBG 56 addr=000 priv=3 dec=0 csr=0 raw=1 pw=0 dbg=0 op=0
R 56 48 00000090 0000006f
C 56 00000090 1 0 0 0 5 0
CSRDBG 57 addr=000 priv=3 dec=0 csr=0 raw=1 pw=0 dbg=0 op=0
R 57 49 00000090 0000006f
C 57 00000090 1 0 0 0 5 0
CSRDBG 58 addr=000 priv=3 dec=0 csr=0 raw=1 pw=0 dbg=0 op=0
R 58 50 00000090 0000006f
C 58 00000090 1 0 0 0 5 0
CSRDBG 59 addr=000 priv=3 dec=0 csr=0 raw=1 pw=0 dbg=0 op=0
R 59 51 00000090 0000006f
C 59 00000090 1 0 0 0 5 0
CSRDBG 60 addr=000 priv=3 dec=0 csr=0 raw=1 pw=0 dbg=0 op=0
R 60 52 00000090 0000006f
C 60 00000090 1 0 0 0 5 0
CSRDBG 61 addr=000 priv=3 dec=0 csr=0 raw=1 pw=0 dbg=0 op=0
R 61 53 00000090 0000006f
C 61 00000090 1 0 0 0 5 0
CSRDBG 62 addr=000 priv=3 dec=0 csr=0 raw=1 pw=0 dbg=0 op=0
R 62 54 00000090 0000006f
C 62 00000090 1 0 0 0 5 0
CSRDBG 63 addr=000 priv=3 dec=0 csr=0 raw=1 pw=0 dbg=0 op=0
R 63 55 00000090 0000006f
C 63 00000090 1 0 0 0 5 0
CSRDBG 64 addr=000 priv=3 dec=0 csr=0 raw=1 pw=0 dbg=0 op=0
R 64 56 00000090 0000006f
C 64 00000090 1 0 0 0 5 0
CSRDBG 65 addr=000 priv=3 dec=0 csr=0 raw=1 pw=0 dbg=0 op=0
R 65 57 00000090 0000006f
C 65 00000090 1 0 0 0 5 0
CSRDBG 66 addr=000 priv=3 dec=0 csr=0 raw=1 pw=0 dbg=0 op=0
R 66 58 00000090 0000006f
C 66 00000090 1 0 0 0 5 0
CSRDBG 67 addr=000 priv=3 dec=0 csr=0 raw=1 pw=0 dbg=0 op=0
R 67 59 00000090 0000006f
C 67 00000090 1 0 0 0 5 0
CSRDBG 68 addr=000 priv=3 dec=0 csr=0 raw=1 pw=0 dbg=0 op=0
R 68 60 00000090 0000006f
C 68 00000090 1 0 0 0 5 0
CSRDBG 69 addr=000 priv=3 dec=0 csr=0 raw=1 pw=0 dbg=0 op=0
R 69 61 00000090 0000006f
C 69 00000090 1 0 0 0 5 0
CSRDBG 70 addr=000 priv=3 dec=0 csr=0 raw=1 pw=0 dbg=0 op=0
R 70 62 00000090 0000006f
C 70 00000090 1 0 0 0 5 0
CSRDBG 71 addr=000 priv=3 dec=0 csr=0 raw=1 pw=0 dbg=0 op=0
R 71 63 00000090 0000006f
C 71 00000090 1 0 0 0 5 0
CSRDBG 72 addr=000 priv=3 dec=0 csr=0 raw=1 pw=0 dbg=0 op=0
R 72 64 00000090 0000006f
C 72 00000090 1 0 0 0 5 0
CSRDBG 73 addr=000 priv=3 dec=0 csr=0 raw=1 pw=0 dbg=0 op=0
R 73 65 00000090 0000006f
C 73 00000090 1 0 0 0 5 0
CSRDBG 74 addr=000 priv=3 dec=0 csr=0 raw=1 pw=0 dbg=0 op=0
R 74 66 00000090 0000006f
C 74 00000090 1 0 0 0 5 0
CSRDBG 75 addr=000 priv=3 dec=0 csr=0 raw=1 pw=0 dbg=0 op=0
R 75 67 00000090 0000006f
C 75 00000090 1 0 0 0 5 0
CSRDBG 76 addr=000 priv=3 dec=0 csr=0 raw=1 pw=0 dbg=0 op=0
R 76 68 00000090 0000006f
C 76 00000090 1 0 0 0 5 0
CSRDBG 77 addr=000 priv=3 dec=0 csr=0 raw=1 pw=0 dbg=0 op=0
R 77 69 00000090 0000006f
C 77 00000090 1 0 0 0 5 0
CSRDBG 78 addr=000 priv=3 dec=0 csr=0 raw=1 pw=0 dbg=0 op=0
R 78 70 00000090 0000006f
C 78 00000090 1 0 0 0 5 0
CSRDBG 79 addr=000 priv=3 dec=0 csr=0 raw=1 pw=0 dbg=0 op=0
R 79 71 00000090 0000006f
C 79 00000090 1 0 0 0 5 0
R 80 72 00000090 0000006f
C 80 00000090 1 0 0 0 5 0
R 81 73 00000090 0000006f
C 81 00000090 1 0 0 0 5 0
R 82 74 00000090 0000006f
C 82 00000090 1 0 0 0 5 0
R 83 75 00000090 0000006f
C 83 00000090 1 0 0 0 5 0
R 84 76 00000090 0000006f
C 84 00000090 1 0 0 0 5 0
R 85 77 00000090 0000006f
C 85 00000090 1 0 0 0 5 0
R 86 78 00000090 0000006f
C 86 00000090 1 0 0 0 5 0
R 87 79 00000090 0000006f
C 87 00000090 1 0 0 0 5 0
R 88 80 00000090 0000006f
C 88 00000090 1 0 0 0 5 0
R 89 81 00000090 0000006f
C 89 00000090 1 0 0 0 5 0
R 90 82 00000090 0000006f
C 90 00000090 1 0 0 0 5 0
R 91 83 00000090 0000006f
C 91 00000090 1 0 0 0 5 0
R 92 84 00000090 0000006f
C 92 00000090 1 0 0 0 5 0
R 93 85 00000090 0000006f
C 93 00000090 1 0 0 0 5 0
R 94 86 00000090 0000006f
C 94 00000090 1 0 0 0 5 0
R 95 87 00000090 0000006f
C 95 00000090 1 0 0 0 5 0
R 96 88 00000090 0000006f
C 96 00000090 1 0 0 0 5 0
R 97 89 00000090 0000006f
C 97 00000090 1 0 0 0 5 0
R 98 90 00000090 0000006f
C 98 00000090 1 0 0 0 5 0
R 99 91 00000090 0000006f
C 99 00000090 1 0 0 0 5 0
R 100 92 00000090 0000006f
C 100 00000090 1 0 0 0 5 0
R 101 93 00000090 0000006f
C 101 00000090 1 0 0 0 5 0
R 102 94 00000090 0000006f
C 102 00000090 1 0 0 0 5 0
R 103 95 00000090 0000006f
C 103 00000090 1 0 0 0 5 0
R 104 96 00000090 0000006f
C 104 00000090 1 0 0 0 5 0
R 105 97 00000090 0000006f
C 105 00000090 1 0 0 0 5 0
R 106 98 00000090 0000006f
C 106 00000090 1 0 0 0 5 0
R 107 99 00000090 0000006f
C 107 00000090 1 0 0 0 5 0
R 108 100 00000090 0000006f
C 108 00000090 1 0 0 0 5 0
R 109 101 00000090 0000006f
C 109 00000090 1 0 0 0 5 0
R 110 102 00000090 0000006f
C 110 00000090 1 0 0 0 5 0
R 111 103 00000090 0000006f
C 111 00000090 1 0 0 0 5 0
R 112 104 00000090 0000006f
C 112 00000090 1 0 0 0 5 0
R 113 105 00000090 0000006f
C 113 00000090 1 0 0 0 5 0
R 114 106 00000090 0000006f
C 114 00000090 1 0 0 0 5 0
R 115 107 00000090 0000006f
C 115 00000090 1 0 0 0 5 0
R 116 108 00000090 0000006f
C 116 00000090 1 0 0 0 5 0
R 117 109 00000090 0000006f
C 117 00000090 1 0 0 0 5 0
R 118 110 00000090 0000006f
C 118 00000090 1 0 0 0 5 0
R 119 111 00000090 0000006f
C 119 00000090 1 0 0 0 5 0
R 120 112 00000090 0000006f
C 120 00000090 1 0 0 0 5 0
R 121 113 00000090 0000006f
C 121 00000090 1 0 0 0 5 0
R 122 114 00000090 0000006f
C 122 00000090 1 0 0 0 5 0
R 123 115 00000090 0000006f
C 123 00000090 1 0 0 0 5 0
R 124 116 00000090 0000006f
C 124 00000090 1 0 0 0 5 0
R 125 117 00000090 0000006f
C 125 00000090 1 0 0 0 5 0
R 126 118 00000090 0000006f
C 126 00000090 1 0 0 0 5 0
R 127 119 00000090 0000006f
C 127 00000090 1 0 0 0 5 0
R 128 120 00000090 0000006f
C 128 00000090 1 0 0 0 5 0
R 129 121 00000090 0000006f
C 129 00000090 1 0 0 0 5 0
R 130 122 00000090 0000006f
C 130 00000090 1 0 0 0 5 0
R 131 123 00000090 0000006f
C 131 00000090 1 0 0 0 5 0
R 132 124 00000090 0000006f
C 132 00000090 1 0 0 0 5 0
R 133 125 00000090 0000006f
C 133 00000090 1 0 0 0 5 0
R 134 126 00000090 0000006f
C 134 00000090 1 0 0 0 5 0
R 135 127 00000090 0000006f
C 135 00000090 1 0 0 0 5 0
R 136 128 00000090 0000006f
C 136 00000090 1 0 0 0 5 0
R 137 129 00000090 0000006f
C 137 00000090 1 0 0 0 5 0
R 138 130 00000090 0000006f
C 138 00000090 1 0 0 0 5 0
R 139 131 00000090 0000006f
C 139 00000090 1 0 0 0 5 0
R 140 132 00000090 0000006f
C 140 00000090 1 0 0 0 5 0
R 141 133 00000090 0000006f
C 141 00000090 1 0 0 0 5 0
R 142 134 00000090 0000006f
C 142 00000090 1 0 0 0 5 0
R 143 135 00000090 0000006f
C 143 00000090 1 0 0 0 5 0
R 144 136 00000090 0000006f
C 144 00000090 1 0 0 0 5 0
R 145 137 00000090 0000006f
C 145 00000090 1 0 0 0 5 0
R 146 138 00000090 0000006f
C 146 00000090 1 0 0 0 5 0
R 147 139 00000090 0000006f
C 147 00000090 1 0 0 0 5 0
R 148 140 00000090 0000006f
C 148 00000090 1 0 0 0 5 0
R 149 141 00000090 0000006f
C 149 00000090 1 0 0 0 5 0
R 150 142 00000090 0000006f
C 150 00000090 1 0 0 0 5 0
R 151 143 00000090 0000006f
C 151 00000090 1 0 0 0 5 0
R 152 144 00000090 0000006f
C 152 00000090 1 0 0 0 5 0
R 153 145 00000090 0000006f
C 153 00000090 1 0 0 0 5 0
R 154 146 00000090 0000006f
C 154 00000090 1 0 0 0 5 0
R 155 147 00000090 0000006f
C 155 00000090 1 0 0 0 5 0
R 156 148 00000090 0000006f
C 156 00000090 1 0 0 0 5 0
R 157 149 00000090 0000006f
C 157 00000090 1 0 0 0 5 0
R 158 150 00000090 0000006f
C 158 00000090 1 0 0 0 5 0
R 159 151 00000090 0000006f
C 159 00000090 1 0 0 0 5 0
R 160 152 00000090 0000006f
C 160 00000090 1 0 0 0 5 0
R 161 153 00000090 0000006f
C 161 00000090 1 0 0 0 5 0
R 162 154 00000090 0000006f
C 162 00000090 1 0 0 0 5 0
R 163 155 00000090 0000006f
C 163 00000090 1 0 0 0 5 0
R 164 156 00000090 0000006f
C 164 00000090 1 0 0 0 5 0
R 165 157 00000090 0000006f
C 165 00000090 1 0 0 0 5 0
R 166 158 00000090 0000006f
C 166 00000090 1 0 0 0 5 0
R 167 159 00000090 0000006f
C 167 00000090 1 0 0 0 5 0
R 168 160 00000090 0000006f
C 168 00000090 1 0 0 0 5 0
R 169 161 00000090 0000006f
C 169 00000090 1 0 0 0 5 0
R 170 162 00000090 0000006f
C 170 00000090 1 0 0 0 5 0
R 171 163 00000090 0000006f
C 171 00000090 1 0 0 0 5 0
R 172 164 00000090 0000006f
C 172 00000090 1 0 0 0 5 0
R 173 165 00000090 0000006f
C 173 00000090 1 0 0 0 5 0
R 174 166 00000090 0000006f
C 174 00000090 1 0 0 0 5 0
R 175 167 00000090 0000006f
C 175 00000090 1 0 0 0 5 0
R 176 168 00000090 0000006f
C 176 00000090 1 0 0 0 5 0
R 177 169 00000090 0000006f
C 177 00000090 1 0 0 0 5 0
R 178 170 00000090 0000006f
C 178 00000090 1 0 0 0 5 0
R 179 171 00000090 0000006f
C 179 00000090 1 0 0 0 5 0
R 180 172 00000090 0000006f
R 181 173 00000090 0000006f
R 182 174 00000090 0000006f
R 183 175 00000090 0000006f
R 184 176 00000090 0000006f
R 185 177 00000090 0000006f
R 186 178 00000090 0000006f
R 187 179 00000090 0000006f
R 188 180 00000090 0000006f
R 189 181 00000090 0000006f
R 190 182 00000090 0000006f
R 191 183 00000090 0000006f
R 192 184 00000090 0000006f
R 193 185 00000090 0000006f
R 194 186 00000090 0000006f
R 195 187 00000090 0000006f
R 196 188 00000090 0000006f
R 197 189 00000090 0000006f
R 198 190 00000090 0000006f
R 199 191 00000090 0000006f
R 200 192 00000090 0000006f
R 201 193 00000090 0000006f
R 202 194 00000090 0000006f
R 203 195 00000090 0000006f
R 204 196 00000090 0000006f
R 205 197 00000090 0000006f
R 206 198 00000090 0000006f
R 207 199 00000090 0000006f
R 208 200 00000090 0000006f
R 209 201 00000090 0000006f
R 210 202 00000090 0000006f
R 211 203 00000090 0000006f
R 212 204 00000090 0000006f
R 213 205 00000090 0000006f
R 214 206 00000090 0000006f
R 215 207 00000090 0000006f
R 216 208 00000090 0000006f
R 217 209 00000090 0000006f
R 218 210 00000090 0000006f
R 219 211 00000090 0000006f
R 220 212 00000090 0000006f
R 221 213 00000090 0000006f
R 222 214 00000090 0000006f
R 223 215 00000090 0000006f
R 224 216 00000090 0000006f
R 225 217 00000090 0000006f
R 226 218 00000090 0000006f
R 227 219 00000090 0000006f
R 228 220 00000090 0000006f
R 229 221 00000090 0000006f
R 230 222 00000090 0000006f
R 231 223 00000090 0000006f
R 232 224 00000090 0000006f
R 233 225 00000090 0000006f
R 234 226 00000090 0000006f
R 235 227 00000090 0000006f
R 236 228 00000090 0000006f
R 237 229 00000090 0000006f
R 238 230 00000090 0000006f
R 239 231 00000090 0000006f
R 240 232 00000090 0000006f
R 241 233 00000090 0000006f
R 242 234 00000090 0000006f
R 243 235 00000090 0000006f
R 244 236 00000090 0000006f
R 245 237 00000090 0000006f
R 246 238 00000090 0000006f
R 247 239 00000090 0000006f
R 248 240 00000090 0000006f
R 249 241 00000090 0000006f
R 250 242 00000090 0000006f
R 251 243 00000090 0000006f
R 252 244 00000090 0000006f
R 253 245 00000090 0000006f
R 254 246 00000090 0000006f
R 255 247 00000090 0000006f
R 256 248 00000090 0000006f
R 257 249 00000090 0000006f
R 258 250 00000090 0000006f
R 259 251 00000090 0000006f
R 260 252 00000090 0000006f
R 261 253 00000090 0000006f
R 262 254 00000090 0000006f
R 263 255 00000090 0000006f
R 264 256 00000090 0000006f
R 265 257 00000090 0000006f
R 266 258 00000090 0000006f
R 267 259 00000090 0000006f
R 268 260 00000090 0000006f
R 269 261 00000090 0000006f
R 270 262 00000090 0000006f
R 271 263 00000090 0000006f
R 272 264 00000090 0000006f
R 273 265 00000090 0000006f
R 274 266 00000090 0000006f
R 275 267 00000090 0000006f
R 276 268 00000090 0000006f
R 277 269 00000090 0000006f
R 278 270 00000090 0000006f
R 279 271 00000090 0000006f
R 280 272 00000090 0000006f
R 281 273 00000090 0000006f
R 282 274 00000090 0000006f
R 283 275 00000090 0000006f
R 284 276 00000090 0000006f
R 285 277 00000090 0000006f
R 286 278 00000090 0000006f
R 287 279 00000090 0000006f
R 288 280 00000090 0000006f
R 289 281 00000090 0000006f
R 290 282 00000090 0000006f
R 291 283 00000090 0000006f
R 292 284 00000090 0000006f
R 293 285 00000090 0000006f
R 294 286 00000090 0000006f
R 295 287 00000090 0000006f
R 296 288 00000090 0000006f
R 297 289 00000090 0000006f
R 298 290 00000090 0000006f
R 299 291 00000090 0000006f
R 300 292 00000090 0000006f
R 301 293 00000090 0000006f
R 302 294 00000090 0000006f
R 303 295 00000090 0000006f
R 304 296 00000090 0000006f
R 305 297 00000090 0000006f
R 306 298 00000090 0000006f
R 307 299 00000090 0000006f
R 308 300 00000090 0000006f
R 309 301 00000090 0000006f
R 310 302 00000090 0000006f
R 311 303 00000090 0000006f
R 312 304 00000090 0000006f
R 313 305 00000090 0000006f
R 314 306 00000090 0000006f
R 315 307 00000090 0000006f
R 316 308 00000090 0000006f
R 317 309 00000090 0000006f
R 318 310 00000090 0000006f
R 319 311 00000090 0000006f
R 320 312 00000090 0000006f
R 321 313 00000090 0000006f
R 322 314 00000090 0000006f
R 323 315 00000090 0000006f
R 324 316 00000090 0000006f
R 325 317 00000090 0000006f
R 326 318 00000090 0000006f
R 327 319 00000090 0000006f
R 328 320 00000090 0000006f
R 329 321 00000090 0000006f
R 330 322 00000090 0000006f
R 331 323 00000090 0000006f
R 332 324 00000090 0000006f
R 333 325 00000090 0000006f
R 334 326 00000090 0000006f
R 335 327 00000090 0000006f
R 336 328 00000090 0000006f
R 337 329 00000090 0000006f
R 338 330 00000090 0000006f
R 339 331 00000090 0000006f
R 340 332 00000090 0000006f
R 341 333 00000090 0000006f
R 342 334 00000090 0000006f
R 343 335 00000090 0000006f
R 344 336 00000090 0000006f
R 345 337 00000090 0000006f
R 346 338 00000090 0000006f
R 347 339 00000090 0000006f
R 348 340 00000090 0000006f
R 349 341 00000090 0000006f
R 350 342 00000090 0000006f
R 351 343 00000090 0000006f
R 352 344 00000090 0000006f
R 353 345 00000090 0000006f
R 354 346 00000090 0000006f
R 355 347 00000090 0000006f
R 356 348 00000090 0000006f
R 357 349 00000090 0000006f
R 358 350 00000090 0000006f
R 359 351 00000090 0000006f
R 360 352 00000090 0000006f
R 361 353 00000090 0000006f
R 362 354 00000090 0000006f
R 363 355 00000090 0000006f
R 364 356 00000090 0000006f
R 365 357 00000090 0000006f
R 366 358 00000090 0000006f
R 367 359 00000090 0000006f
R 368 360 00000090 0000006f
R 369 361 00000090 0000006f
R 370 362 00000090 0000006f
R 371 363 00000090 0000006f
R 372 364 00000090 0000006f
R 373 365 00000090 0000006f
R 374 366 00000090 0000006f
R 375 367 00000090 0000006f
R 376 368 00000090 0000006f
R 377 369 00000090 0000006f
R 378 370 00000090 0000006f
R 379 371 00000090 0000006f
R 380 372 00000090 0000006f
R 381 373 00000090 0000006f
R 382 374 00000090 0000006f
R 383 375 00000090 0000006f
R 384 376 00000090 0000006f
R 385 377 00000090 0000006f
R 386 378 00000090 0000006f
R 387 379 00000090 0000006f
R 388 380 00000090 0000006f
R 389 381 00000090 0000006f
R 390 382 00000090 0000006f
R 391 383 00000090 0000006f
R 392 384 00000090 0000006f
R 393 385 00000090 0000006f
R 394 386 00000090 0000006f
R 395 387 00000090 0000006f
R 396 388 00000090 0000006f
R 397 389 00000090 0000006f
R 398 390 00000090 0000006f
R 399 391 00000090 0000006f
R 400 392 00000090 0000006f
R 401 393 00000090 0000006f
R 402 394 00000090 0000006f
R 403 395 00000090 0000006f
R 404 396 00000090 0000006f
R 405 397 00000090 0000006f
R 406 398 00000090 0000006f
R 407 399 00000090 0000006f
R 408 400 00000090 0000006f
R 409 401 00000090 0000006f
R 410 402 00000090 0000006f
R 411 403 00000090 0000006f
R 412 404 00000090 0000006f
R 413 405 00000090 0000006f
R 414 406 00000090 0000006f
R 415 407 00000090 0000006f
R 416 408 00000090 0000006f
R 417 409 00000090 0000006f
R 418 410 00000090 0000006f
R 419 411 00000090 0000006f
R 420 412 00000090 0000006f
R 421 413 00000090 0000006f
R 422 414 00000090 0000006f
R 423 415 00000090 0000006f
R 424 416 00000090 0000006f
R 425 417 00000090 0000006f
R 426 418 00000090 0000006f
R 427 419 00000090 0000006f
R 428 420 00000090 0000006f
R 429 421 00000090 0000006f
R 430 422 00000090 0000006f
R 431 423 00000090 0000006f
R 432 424 00000090 0000006f
R 433 425 00000090 0000006f
R 434 426 00000090 0000006f
R 435 427 00000090 0000006f
R 436 428 00000090 0000006f
R 437 429 00000090 0000006f
R 438 430 00000090 0000006f
R 439 431 00000090 0000006f
R 440 432 00000090 0000006f
R 441 433 00000090 0000006f
R 442 434 00000090 0000006f
R 443 435 00000090 0000006f
R 444 436 00000090 0000006f
R 445 437 00000090 0000006f
R 446 438 00000090 0000006f
R 447 439 00000090 0000006f
R 448 440 00000090 0000006f
R 449 441 00000090 0000006f
R 450 442 00000090 0000006f
R 451 443 00000090 0000006f
R 452 444 00000090 0000006f
R 453 445 00000090 0000006f
R 454 446 00000090 0000006f
R 455 447 00000090 0000006f
R 456 448 00000090 0000006f
R 457 449 00000090 0000006f
R 458 450 00000090 0000006f
R 459 451 00000090 0000006f
R 460 452 00000090 0000006f
R 461 453 00000090 0000006f
R 462 454 00000090 0000006f
R 463 455 00000090 0000006f
R 464 456 00000090 0000006f
R 465 457 00000090 0000006f
R 466 458 00000090 0000006f
R 467 459 00000090 0000006f
R 468 460 00000090 0000006f
R 469 461 00000090 0000006f
R 470 462 00000090 0000006f
R 471 463 00000090 0000006f
R 472 464 00000090 0000006f
R 473 465 00000090 0000006f
R 474 466 00000090 0000006f
R 475 467 00000090 0000006f
R 476 468 00000090 0000006f
R 477 469 00000090 0000006f
R 478 470 00000090 0000006f
R 479 471 00000090 0000006f
R 480 472 00000090 0000006f
R 481 473 00000090 0000006f
R 482 474 00000090 0000006f
R 483 475 00000090 0000006f
R 484 476 00000090 0000006f
R 485 477 00000090 0000006f
R 486 478 00000090 0000006f
R 487 479 00000090 0000006f
R 488 480 00000090 0000006f
R 489 481 00000090 0000006f
R 490 482 00000090 0000006f
R 491 483 00000090 0000006f
R 492 484 00000090 0000006f
R 493 485 00000090 0000006f
R 494 486 00000090 0000006f
R 495 487 00000090 0000006f
R 496 488 00000090 0000006f
R 497 489 00000090 0000006f
R 498 490 00000090 0000006f
R 499 491 00000090 0000006f
R 500 492 00000090 0000006f
R 501 493 00000090 0000006f
R 502 494 00000090 0000006f
R 503 495 00000090 0000006f
R 504 496 00000090 0000006f
R 505 497 00000090 0000006f
R 506 498 00000090 0000006f
R 507 499 00000090 0000006f
R 508 500 00000090 0000006f
R 509 501 00000090 0000006f
R 510 502 00000090 0000006f
R 511 503 00000090 0000006f
R 512 504 00000090 0000006f
R 513 505 00000090 0000006f
R 514 506 00000090 0000006f
R 515 507 00000090 0000006f
R 516 508 00000090 0000006f
R 517 509 00000090 0000006f
R 518 510 00000090 0000006f
R 519 511 00000090 0000006f
R 520 512 00000090 0000006f
R 521 513 00000090 0000006f
R 522 514 00000090 0000006f
R 523 515 00000090 0000006f
R 524 516 00000090 0000006f
R 525 517 00000090 0000006f
R 526 518 00000090 0000006f
R 527 519 00000090 0000006f
R 528 520 00000090 0000006f
R 529 521 00000090 0000006f
R 530 522 00000090 0000006f
R 531 523 00000090 0000006f
R 532 524 00000090 0000006f
R 533 525 00000090 0000006f
R 534 526 00000090 0000006f
R 535 527 00000090 0000006f
R 536 528 00000090 0000006f
R 537 529 00000090 0000006f
R 538 530 00000090 0000006f
R 539 531 00000090 0000006f
R 540 532 00000090 0000006f
R 541 533 00000090 0000006f
R 542 534 00000090 0000006f
R 543 535 00000090 0000006f
R 544 536 00000090 0000006f
R 545 537 00000090 0000006f
R 546 538 00000090 0000006f
R 547 539 00000090 0000006f
R 548 540 00000090 0000006f
R 549 541 00000090 0000006f
R 550 542 00000090 0000006f
R 551 543 00000090 0000006f
R 552 544 00000090 0000006f
R 553 545 00000090 0000006f
R 554 546 00000090 0000006f
R 555 547 00000090 0000006f
R 556 548 00000090 0000006f
R 557 549 00000090 0000006f
R 558 550 00000090 0000006f
R 559 551 00000090 0000006f
R 560 552 00000090 0000006f
R 561 553 00000090 0000006f
R 562 554 00000090 0000006f
R 563 555 00000090 0000006f
R 564 556 00000090 0000006f
R 565 557 00000090 0000006f
R 566 558 00000090 0000006f
R 567 559 00000090 0000006f
R 568 560 00000090 0000006f
R 569 561 00000090 0000006f
R 570 562 00000090 0000006f
R 571 563 00000090 0000006f
R 572 564 00000090 0000006f
R 573 565 00000090 0000006f
R 574 566 00000090 0000006f
R 575 567 00000090 0000006f
R 576 568 00000090 0000006f
R 577 569 00000090 0000006f
R 578 570 00000090 0000006f
R 579 571 00000090 0000006f
R 580 572 00000090 0000006f
R 581 573 00000090 0000006f
R 582 574 00000090 0000006f
R 583 575 00000090 0000006f
R 584 576 00000090 0000006f
R 585 577 00000090 0000006f
R 586 578 00000090 0000006f
R 587 579 00000090 0000006f
R 588 580 00000090 0000006f
R 589 581 00000090 0000006f
R 590 582 00000090 0000006f
R 591 583 00000090 0000006f
R 592 584 00000090 0000006f
R 593 585 00000090 0000006f
R 594 586 00000090 0000006f
R 595 587 00000090 0000006f
R 596 588 00000090 0000006f
R 597 589 00000090 0000006f
R 598 590 00000090 0000006f
R 599 591 00000090 0000006f
R 600 592 00000090 0000006f
R 601 593 00000090 0000006f
R 602 594 00000090 0000006f
R 603 595 00000090 0000006f
R 604 596 00000090 0000006f
R 605 597 00000090 0000006f
R 606 598 00000090 0000006f
R 607 599 00000090 0000006f
R 608 600 00000090 0000006f
R 609 601 00000090 0000006f
R 610 602 00000090 0000006f
R 611 603 00000090 0000006f
R 612 604 00000090 0000006f
R 613 605 00000090 0000006f
R 614 606 00000090 0000006f
R 615 607 00000090 0000006f
R 616 608 00000090 0000006f
R 617 609 00000090 0000006f
R 618 610 00000090 0000006f
R 619 611 00000090 0000006f
R 620 612 00000090 0000006f
R 621 613 00000090 0000006f
R 622 614 00000090 0000006f
R 623 615 00000090 0000006f
R 624 616 00000090 0000006f
R 625 617 00000090 0000006f
R 626 618 00000090 0000006f
R 627 619 00000090 0000006f
R 628 620 00000090 0000006f
R 629 621 00000090 0000006f
R 630 622 00000090 0000006f
R 631 623 00000090 0000006f
R 632 624 00000090 0000006f
R 633 625 00000090 0000006f
R 634 626 00000090 0000006f
R 635 627 00000090 0000006f
R 636 628 00000090 0000006f
R 637 629 00000090 0000006f
R 638 630 00000090 0000006f
R 639 631 00000090 0000006f
R 640 632 00000090 0000006f
R 641 633 00000090 0000006f
R 642 634 00000090 0000006f
R 643 635 00000090 0000006f
R 644 636 00000090 0000006f
R 645 637 00000090 0000006f
R 646 638 00000090 0000006f
R 647 639 00000090 0000006f
R 648 640 00000090 0000006f
R 649 641 00000090 0000006f
R 650 642 00000090 0000006f
R 651 643 00000090 0000006f
R 652 644 00000090 0000006f
R 653 645 00000090 0000006f
R 654 646 00000090 0000006f
R 655 647 00000090 0000006f
R 656 648 00000090 0000006f
R 657 649 00000090 0000006f
R 658 650 00000090 0000006f
R 659 651 00000090 0000006f
R 660 652 00000090 0000006f
R 661 653 00000090 0000006f
R 662 654 00000090 0000006f
R 663 655 00000090 0000006f
R 664 656 00000090 0000006f
R 665 657 00000090 0000006f
R 666 658 00000090 0000006f
R 667 659 00000090 0000006f
R 668 660 00000090 0000006f
R 669 661 00000090 0000006f
R 670 662 00000090 0000006f
R 671 663 00000090 0000006f
R 672 664 00000090 0000006f
R 673 665 00000090 0000006f
R 674 666 00000090 0000006f
R 675 667 00000090 0000006f
R 676 668 00000090 0000006f
R 677 669 00000090 0000006f
R 678 670 00000090 0000006f
R 679 671 00000090 0000006f
R 680 672 00000090 0000006f
R 681 673 00000090 0000006f
R 682 674 00000090 0000006f
R 683 675 00000090 0000006f
R 684 676 00000090 0000006f
R 685 677 00000090 0000006f
R 686 678 00000090 0000006f
R 687 679 00000090 0000006f
R 688 680 00000090 0000006f
R 689 681 00000090 0000006f
R 690 682 00000090 0000006f
R 691 683 00000090 0000006f
R 692 684 00000090 0000006f
R 693 685 00000090 0000006f
R 694 686 00000090 0000006f
R 695 687 00000090 0000006f
R 696 688 00000090 0000006f
R 697 689 00000090 0000006f
R 698 690 00000090 0000006f
R 699 691 00000090 0000006f
R 700 692 00000090 0000006f
R 701 693 00000090 0000006f
R 702 694 00000090 0000006f
R 703 695 00000090 0000006f
R 704 696 00000090 0000006f
R 705 697 00000090 0000006f
R 706 698 00000090 0000006f
R 707 699 00000090 0000006f
R 708 700 00000090 0000006f
R 709 701 00000090 0000006f
R 710 702 00000090 0000006f
R 711 703 00000090 0000006f
R 712 704 00000090 0000006f
R 713 705 00000090 0000006f
R 714 706 00000090 0000006f
R 715 707 00000090 0000006f
R 716 708 00000090 0000006f
R 717 709 00000090 0000006f
R 718 710 00000090 0000006f
R 719 711 00000090 0000006f
R 720 712 00000090 0000006f
R 721 713 00000090 0000006f
R 722 714 00000090 0000006f
R 723 715 00000090 0000006f
R 724 716 00000090 0000006f
R 725 717 00000090 0000006f
R 726 718 00000090 0000006f
R 727 719 00000090 0000006f
R 728 720 00000090 0000006f
R 729 721 00000090 0000006f
R 730 722 00000090 0000006f
R 731 723 00000090 0000006f
R 732 724 00000090 0000006f
R 733 725 00000090 0000006f
R 734 726 00000090 0000006f
R 735 727 00000090 0000006f
R 736 728 00000090 0000006f
R 737 729 00000090 0000006f
R 738 730 00000090 0000006f
R 739 731 00000090 0000006f
R 740 732 00000090 0000006f
R 741 733 00000090 0000006f
R 742 734 00000090 0000006f
R 743 735 00000090 0000006f
R 744 736 00000090 0000006f
R 745 737 00000090 0000006f
R 746 738 00000090 0000006f
R 747 739 00000090 0000006f
R 748 740 00000090 0000006f
R 749 741 00000090 0000006f
R 750 742 00000090 0000006f
R 751 743 00000090 0000006f
R 752 744 00000090 0000006f
R 753 745 00000090 0000006f
R 754 746 00000090 0000006f
R 755 747 00000090 0000006f
R 756 748 00000090 0000006f
R 757 749 00000090 0000006f
R 758 750 00000090 0000006f
R 759 751 00000090 0000006f
R 760 752 00000090 0000006f
R 761 753 00000090 0000006f
R 762 754 00000090 0000006f
R 763 755 00000090 0000006f
R 764 756 00000090 0000006f
R 765 757 00000090 0000006f
R 766 758 00000090 0000006f
R 767 759 00000090 0000006f
R 768 760 00000090 0000006f
R 769 761 00000090 0000006f
R 770 762 00000090 0000006f
R 771 763 00000090 0000006f
R 772 764 00000090 0000006f
R 773 765 00000090 0000006f
R 774 766 00000090 0000006f
R 775 767 00000090 0000006f
R 776 768 00000090 0000006f
R 777 769 00000090 0000006f
R 778 770 00000090 0000006f
R 779 771 00000090 0000006f
R 780 772 00000090 0000006f
R 781 773 00000090 0000006f
R 782 774 00000090 0000006f
R 783 775 00000090 0000006f
R 784 776 00000090 0000006f
R 785 777 00000090 0000006f
R 786 778 00000090 0000006f
R 787 779 00000090 0000006f
R 788 780 00000090 0000006f
R 789 781 00000090 0000006f
R 790 782 00000090 0000006f
R 791 783 00000090 0000006f
R 792 784 00000090 0000006f
R 793 785 00000090 0000006f
R 794 786 00000090 0000006f
R 795 787 00000090 0000006f
R 796 788 00000090 0000006f
R 797 789 00000090 0000006f
R 798 790 00000090 0000006f
R 799 791 00000090 0000006f
R 800 792 00000090 0000006f
R 801 793 00000090 0000006f
R 802 794 00000090 0000006f
R 803 795 00000090 0000006f
R 804 796 00000090 0000006f
R 805 797 00000090 0000006f
R 806 798 00000090 0000006f
R 807 799 00000090 0000006f
R 808 800 00000090 0000006f
R 809 801 00000090 0000006f
R 810 802 00000090 0000006f
R 811 803 00000090 0000006f
R 812 804 00000090 0000006f
R 813 805 00000090 0000006f
R 814 806 00000090 0000006f
R 815 807 00000090 0000006f
R 816 808 00000090 0000006f
R 817 809 00000090 0000006f
R 818 810 00000090 0000006f
R 819 811 00000090 0000006f
R 820 812 00000090 0000006f
R 821 813 00000090 0000006f
R 822 814 00000090 0000006f
R 823 815 00000090 0000006f
R 824 816 00000090 0000006f
R 825 817 00000090 0000006f
R 826 818 00000090 0000006f
R 827 819 00000090 0000006f
R 828 820 00000090 0000006f
R 829 821 00000090 0000006f
R 830 822 00000090 0000006f
R 831 823 00000090 0000006f
R 832 824 00000090 0000006f
R 833 825 00000090 0000006f
R 834 826 00000090 0000006f
R 835 827 00000090 0000006f
R 836 828 00000090 0000006f
R 837 829 00000090 0000006f
R 838 830 00000090 0000006f
R 839 831 00000090 0000006f
R 840 832 00000090 0000006f
R 841 833 00000090 0000006f
R 842 834 00000090 0000006f
R 843 835 00000090 0000006f
R 844 836 00000090 0000006f
R 845 837 00000090 0000006f
R 846 838 00000090 0000006f
R 847 839 00000090 0000006f
R 848 840 00000090 0000006f
R 849 841 00000090 0000006f
R 850 842 00000090 0000006f
R 851 843 00000090 0000006f
R 852 844 00000090 0000006f
R 853 845 00000090 0000006f
R 854 846 00000090 0000006f
R 855 847 00000090 0000006f
R 856 848 00000090 0000006f
R 857 849 00000090 0000006f
R 858 850 00000090 0000006f
R 859 851 00000090 0000006f
R 860 852 00000090 0000006f
R 861 853 00000090 0000006f
R 862 854 00000090 0000006f
R 863 855 00000090 0000006f
R 864 856 00000090 0000006f
R 865 857 00000090 0000006f
R 866 858 00000090 0000006f
R 867 859 00000090 0000006f
R 868 860 00000090 0000006f
R 869 861 00000090 0000006f
R 870 862 00000090 0000006f
R 871 863 00000090 0000006f
R 872 864 00000090 0000006f
R 873 865 00000090 0000006f
R 874 866 00000090 0000006f
R 875 867 00000090 0000006f
R 876 868 00000090 0000006f
R 877 869 00000090 0000006f
R 878 870 00000090 0000006f
R 879 871 00000090 0000006f
R 880 872 00000090 0000006f
R 881 873 00000090 0000006f
R 882 874 00000090 0000006f
R 883 875 00000090 0000006f
R 884 876 00000090 0000006f
R 885 877 00000090 0000006f
R 886 878 00000090 0000006f
R 887 879 00000090 0000006f
R 888 880 00000090 0000006f
R 889 881 00000090 0000006f
R 890 882 00000090 0000006f
R 891 883 00000090 0000006f
R 892 884 00000090 0000006f
R 893 885 00000090 0000006f
R 894 886 00000090 0000006f
R 895 887 00000090 0000006f
R 896 888 00000090 0000006f
R 897 889 00000090 0000006f
R 898 890 00000090 0000006f
R 899 891 00000090 0000006f
R 900 892 00000090 0000006f
R 901 893 00000090 0000006f
R 902 894 00000090 0000006f
R 903 895 00000090 0000006f
R 904 896 00000090 0000006f
R 905 897 00000090 0000006f
R 906 898 00000090 0000006f
R 907 899 00000090 0000006f
R 908 900 00000090 0000006f
R 909 901 00000090 0000006f
R 910 902 00000090 0000006f
R 911 903 00000090 0000006f
R 912 904 00000090 0000006f
R 913 905 00000090 0000006f
R 914 906 00000090 0000006f
R 915 907 00000090 0000006f
R 916 908 00000090 0000006f
R 917 909 00000090 0000006f
R 918 910 00000090 0000006f
R 919 911 00000090 0000006f
R 920 912 00000090 0000006f
R 921 913 00000090 0000006f
R 922 914 00000090 0000006f
R 923 915 00000090 0000006f
R 924 916 00000090 0000006f
R 925 917 00000090 0000006f
R 926 918 00000090 0000006f
R 927 919 00000090 0000006f
R 928 920 00000090 0000006f
R 929 921 00000090 0000006f
R 930 922 00000090 0000006f
R 931 923 00000090 0000006f
R 932 924 00000090 0000006f
R 933 925 00000090 0000006f
R 934 926 00000090 0000006f
R 935 927 00000090 0000006f
R 936 928 00000090 0000006f
R 937 929 00000090 0000006f
R 938 930 00000090 0000006f
R 939 931 00000090 0000006f
R 940 932 00000090 0000006f
R 941 933 00000090 0000006f
R 942 934 00000090 0000006f
R 943 935 00000090 0000006f
R 944 936 00000090 0000006f
R 945 937 00000090 0000006f
R 946 938 00000090 0000006f
R 947 939 00000090 0000006f
R 948 940 00000090 0000006f
R 949 941 00000090 0000006f
R 950 942 00000090 0000006f
R 951 943 00000090 0000006f
R 952 944 00000090 0000006f
R 953 945 00000090 0000006f
R 954 946 00000090 0000006f
R 955 947 00000090 0000006f
R 956 948 00000090 0000006f
R 957 949 00000090 0000006f
R 958 950 00000090 0000006f
R 959 951 00000090 0000006f
R 960 952 00000090 0000006f
R 961 953 00000090 0000006f
R 962 954 00000090 0000006f
R 963 955 00000090 0000006f
R 964 956 00000090 0000006f
R 965 957 00000090 0000006f
R 966 958 00000090 0000006f
R 967 959 00000090 0000006f
R 968 960 00000090 0000006f
R 969 961 00000090 0000006f
R 970 962 00000090 0000006f
R 971 963 00000090 0000006f
R 972 964 00000090 0000006f
R 973 965 00000090 0000006f
R 974 966 00000090 0000006f
R 975 967 00000090 0000006f
R 976 968 00000090 0000006f
R 977 969 00000090 0000006f
R 978 970 00000090 0000006f
R 979 971 00000090 0000006f
R 980 972 00000090 0000006f
R 981 973 00000090 0000006f
R 982 974 00000090 0000006f
R 983 975 00000090 0000006f
R 984 976 00000090 0000006f
R 985 977 00000090 0000006f
R 986 978 00000090 0000006f
R 987 979 00000090 0000006f
R 988 980 00000090 0000006f
R 989 981 00000090 0000006f
R 990 982 00000090 0000006f
R 991 983 00000090 0000006f
R 992 984 00000090 0000006f
R 993 985 00000090 0000006f
R 994 986 00000090 0000006f
R 995 987 00000090 0000006f
R 996 988 00000090 0000006f
R 997 989 00000090 0000006f
R 998 990 00000090 0000006f
R 999 991 00000090 0000006f
R 1000 992 00000090 0000006f
R 1001 993 00000090 0000006f
R 1002 994 00000090 0000006f
R 1003 995 00000090 0000006f
R 1004 996 00000090 0000006f
R 1005 997 00000090 0000006f
R 1006 998 00000090 0000006f
R 1007 999 00000090 0000006f
R 1008 1000 00000090 0000006f
R 1009 1001 00000090 0000006f
R 1010 1002 00000090 0000006f
R 1011 1003 00000090 0000006f
R 1012 1004 00000090 0000006f
R 1013 1005 00000090 0000006f
R 1014 1006 00000090 0000006f
R 1015 1007 00000090 0000006f
R 1016 1008 00000090 0000006f
R 1017 1009 00000090 0000006f
R 1018 1010 00000090 0000006f
R 1019 1011 00000090 0000006f
R 1020 1012 00000090 0000006f
R 1021 1013 00000090 0000006f
R 1022 1014 00000090 0000006f
R 1023 1015 00000090 0000006f
R 1024 1016 00000090 0000006f
R 1025 1017 00000090 0000006f
R 1026 1018 00000090 0000006f
R 1027 1019 00000090 0000006f
R 1028 1020 00000090 0000006f
R 1029 1021 00000090 0000006f
R 1030 1022 00000090 0000006f
R 1031 1023 00000090 0000006f
R 1032 1024 00000090 0000006f
R 1033 1025 00000090 0000006f
R 1034 1026 00000090 0000006f
R 1035 1027 00000090 0000006f
R 1036 1028 00000090 0000006f
R 1037 1029 00000090 0000006f
R 1038 1030 00000090 0000006f
R 1039 1031 00000090 0000006f
R 1040 1032 00000090 0000006f
R 1041 1033 00000090 0000006f
R 1042 1034 00000090 0000006f
R 1043 1035 00000090 0000006f
R 1044 1036 00000090 0000006f
R 1045 1037 00000090 0000006f
R 1046 1038 00000090 0000006f
R 1047 1039 00000090 0000006f
R 1048 1040 00000090 0000006f
R 1049 1041 00000090 0000006f
R 1050 1042 00000090 0000006f
R 1051 1043 00000090 0000006f
R 1052 1044 00000090 0000006f
R 1053 1045 00000090 0000006f
R 1054 1046 00000090 0000006f
R 1055 1047 00000090 0000006f
R 1056 1048 00000090 0000006f
R 1057 1049 00000090 0000006f
R 1058 1050 00000090 0000006f
R 1059 1051 00000090 0000006f
R 1060 1052 00000090 0000006f
R 1061 1053 00000090 0000006f
R 1062 1054 00000090 0000006f
R 1063 1055 00000090 0000006f
R 1064 1056 00000090 0000006f
R 1065 1057 00000090 0000006f
R 1066 1058 00000090 0000006f
R 1067 1059 00000090 0000006f
R 1068 1060 00000090 0000006f
R 1069 1061 00000090 0000006f
R 1070 1062 00000090 0000006f
R 1071 1063 00000090 0000006f
R 1072 1064 00000090 0000006f
R 1073 1065 00000090 0000006f
R 1074 1066 00000090 0000006f
R 1075 1067 00000090 0000006f
R 1076 1068 00000090 0000006f
R 1077 1069 00000090 0000006f
R 1078 1070 00000090 0000006f
R 1079 1071 00000090 0000006f
R 1080 1072 00000090 0000006f
R 1081 1073 00000090 0000006f
R 1082 1074 00000090 0000006f
R 1083 1075 00000090 0000006f
R 1084 1076 00000090 0000006f
R 1085 1077 00000090 0000006f
R 1086 1078 00000090 0000006f
R 1087 1079 00000090 0000006f
R 1088 1080 00000090 0000006f
R 1089 1081 00000090 0000006f
R 1090 1082 00000090 0000006f
R 1091 1083 00000090 0000006f
R 1092 1084 00000090 0000006f
R 1093 1085 00000090 0000006f
R 1094 1086 00000090 0000006f
R 1095 1087 00000090 0000006f
R 1096 1088 00000090 0000006f
R 1097 1089 00000090 0000006f
R 1098 1090 00000090 0000006f
R 1099 1091 00000090 0000006f
R 1100 1092 00000090 0000006f
R 1101 1093 00000090 0000006f
R 1102 1094 00000090 0000006f
R 1103 1095 00000090 0000006f
R 1104 1096 00000090 0000006f
R 1105 1097 00000090 0000006f
R 1106 1098 00000090 0000006f
R 1107 1099 00000090 0000006f
R 1108 1100 00000090 0000006f
R 1109 1101 00000090 0000006f
R 1110 1102 00000090 0000006f
R 1111 1103 00000090 0000006f
R 1112 1104 00000090 0000006f
R 1113 1105 00000090 0000006f
R 1114 1106 00000090 0000006f
R 1115 1107 00000090 0000006f
R 1116 1108 00000090 0000006f
R 1117 1109 00000090 0000006f
R 1118 1110 00000090 0000006f
R 1119 1111 00000090 0000006f
R 1120 1112 00000090 0000006f
R 1121 1113 00000090 0000006f
R 1122 1114 00000090 0000006f
R 1123 1115 00000090 0000006f
R 1124 1116 00000090 0000006f
R 1125 1117 00000090 0000006f
R 1126 1118 00000090 0000006f
R 1127 1119 00000090 0000006f
R 1128 1120 00000090 0000006f
R 1129 1121 00000090 0000006f
R 1130 1122 00000090 0000006f
R 1131 1123 00000090 0000006f
R 1132 1124 00000090 0000006f
R 1133 1125 00000090 0000006f
R 1134 1126 00000090 0000006f
R 1135 1127 00000090 0000006f
R 1136 1128 00000090 0000006f
R 1137 1129 00000090 0000006f
R 1138 1130 00000090 0000006f
R 1139 1131 00000090 0000006f
R 1140 1132 00000090 0000006f
R 1141 1133 00000090 0000006f
R 1142 1134 00000090 0000006f
R 1143 1135 00000090 0000006f
R 1144 1136 00000090 0000006f
R 1145 1137 00000090 0000006f
R 1146 1138 00000090 0000006f
R 1147 1139 00000090 0000006f
R 1148 1140 00000090 0000006f
R 1149 1141 00000090 0000006f
R 1150 1142 00000090 0000006f
R 1151 1143 00000090 0000006f
R 1152 1144 00000090 0000006f
R 1153 1145 00000090 0000006f
R 1154 1146 00000090 0000006f
R 1155 1147 00000090 0000006f
R 1156 1148 00000090 0000006f
R 1157 1149 00000090 0000006f
R 1158 1150 00000090 0000006f
R 1159 1151 00000090 0000006f
R 1160 1152 00000090 0000006f
R 1161 1153 00000090 0000006f
R 1162 1154 00000090 0000006f
R 1163 1155 00000090 0000006f
R 1164 1156 00000090 0000006f
R 1165 1157 00000090 0000006f
R 1166 1158 00000090 0000006f
R 1167 1159 00000090 0000006f
R 1168 1160 00000090 0000006f
R 1169 1161 00000090 0000006f
R 1170 1162 00000090 0000006f
R 1171 1163 00000090 0000006f
R 1172 1164 00000090 0000006f
R 1173 1165 00000090 0000006f
R 1174 1166 00000090 0000006f
R 1175 1167 00000090 0000006f
R 1176 1168 00000090 0000006f
R 1177 1169 00000090 0000006f
R 1178 1170 00000090 0000006f
R 1179 1171 00000090 0000006f
R 1180 1172 00000090 0000006f
R 1181 1173 00000090 0000006f
R 1182 1174 00000090 0000006f
R 1183 1175 00000090 0000006f
R 1184 1176 00000090 0000006f
R 1185 1177 00000090 0000006f
R 1186 1178 00000090 0000006f
R 1187 1179 00000090 0000006f
R 1188 1180 00000090 0000006f
R 1189 1181 00000090 0000006f
R 1190 1182 00000090 0000006f
R 1191 1183 00000090 0000006f
R 1192 1184 00000090 0000006f
R 1193 1185 00000090 0000006f
R 1194 1186 00000090 0000006f
R 1195 1187 00000090 0000006f
R 1196 1188 00000090 0000006f
R 1197 1189 00000090 0000006f
R 1198 1190 00000090 0000006f
R 1199 1191 00000090 0000006f
REG 0 00000000
REG 1 00000000
REG 2 00000000
REG 3 00000000
REG 4 00000000
REG 5 00000000
REG 6 00000000
REG 7 00000000
REG 8 00000000
REG 9 00000000
REG 10 00000000
REG 11 00000000
REG 12 00000000
REG 13 00000000
REG 14 00000000
REG 15 0000007b
REG 16 00000000
REG 17 00000000
REG 18 00000000
REG 19 00000000
REG 20 00000000
REG 21 00000000
REG 22 00000000
REG 23 00000000
REG 24 00000000
REG 25 00000000
REG 26 00000000
REG 27 00000000
REG 28 00000000
REG 29 00000000
REG 30 00000000
REG 31 00000000
COUNTS sleep=1 clocks=1197 ai=0 ab=0 am=0 ifetch=1196 data=0 bitmap=0 hit=0 miss=0 dummy=0 expanded=0 predict=1189 mispredict=1
FINISH
- /home/dungpc/ndmoney4porche/projects/ibex/doc/dungpc/microarchitecture/scripts/top_tb.sv:188: Verilog $finish
