CONFIG SEC=0 CACHE=0 PRED=0 DUAL=0 MODE=0 ZC=0 SCR=0 ICECC=0 OFFSET=1 PMP=0
C 3 00000000 0 0 0 1 0 0
C 4 00000000 0 0 0 1 1 0
C 5 00000000 0 0 0 0 4 0
CSRDBG 6 addr=007 priv=3 dec=0 csr=0 raw=1 pw=0 dbg=0 op=0
C 6 00000080 1 0 0 0 5 0
W 7 1 00000007 000000000
CSRDBG 7 addr=005 priv=3 dec=0 csr=0 raw=1 pw=0 dbg=0 op=0
C 7 00000084 1 0 0 0 5 0
W 8 2 0000000c 000000000
CSRDBG 8 addr=002 priv=3 dec=0 csr=0 raw=1 pw=0 dbg=0 op=0
R 8 1 00000080 00700093
C 8 00000088 1 0 0 0 5 0
W 9 3 00000013 000000000
CSRDBG 9 addr=022 priv=3 dec=0 csr=0 raw=1 pw=0 dbg=0 op=0
R 9 2 00000084 00508113
C 9 0000008c 1 0 0 0 5 0
W 10 4 00000054 000000000
CSRDBG 10 addr=021 priv=3 dec=0 csr=0 raw=1 pw=0 dbg=0 op=0
R 10 3 00000088 002081b3
C 10 00000090 1 0 1 0 5 0
CSRDBG 11 addr=021 priv=3 dec=0 csr=0 raw=1 pw=0 dbg=0 op=0
R 11 4 0000008c 02208233
C 11 00000090 1 0 1 0 5 0
CSRDBG 12 addr=021 priv=3 dec=0 csr=0 raw=1 pw=0 dbg=0 op=0
C 12 00000090 1 0 1 0 5 0
CSRDBG 13 addr=021 priv=3 dec=0 csr=0 raw=1 pw=0 dbg=0 op=0
C 13 00000090 1 0 1 0 5 0
CSRDBG 14 addr=021 priv=3 dec=0 csr=0 raw=1 pw=0 dbg=0 op=0
C 14 00000090 1 0 1 0 5 0
CSRDBG 15 addr=021 priv=3 dec=0 csr=0 raw=1 pw=0 dbg=0 op=0
C 15 00000090 1 0 1 0 5 0
CSRDBG 16 addr=021 priv=3 dec=0 csr=0 raw=1 pw=0 dbg=0 op=0
C 16 00000090 1 0 1 0 5 0
CSRDBG 17 addr=021 priv=3 dec=0 csr=0 raw=1 pw=0 dbg=0 op=0
C 17 00000090 1 0 1 0 5 0
CSRDBG 18 addr=021 priv=3 dec=0 csr=0 raw=1 pw=0 dbg=0 op=0
C 18 00000090 1 0 1 0 5 0
CSRDBG 19 addr=021 priv=3 dec=0 csr=0 raw=1 pw=0 dbg=0 op=0
C 19 00000090 1 0 1 0 5 0
CSRDBG 20 addr=021 priv=3 dec=0 csr=0 raw=1 pw=0 dbg=0 op=0
C 20 00000090 1 0 1 0 5 0
CSRDBG 21 addr=021 priv=3 dec=0 csr=0 raw=1 pw=0 dbg=0 op=0
C 21 00000090 1 0 1 0 5 0
CSRDBG 22 addr=021 priv=3 dec=0 csr=0 raw=1 pw=0 dbg=0 op=0
C 22 00000090 1 0 1 0 5 0
CSRDBG 23 addr=021 priv=3 dec=0 csr=0 raw=1 pw=0 dbg=0 op=0
C 23 00000090 1 0 1 0 5 0
CSRDBG 24 addr=021 priv=3 dec=0 csr=0 raw=1 pw=0 dbg=0 op=0
C 24 00000090 1 0 1 0 5 0
CSRDBG 25 addr=021 priv=3 dec=0 csr=0 raw=1 pw=0 dbg=0 op=0
C 25 00000090 1 0 1 0 5 0
CSRDBG 26 addr=021 priv=3 dec=0 csr=0 raw=1 pw=0 dbg=0 op=0
C 26 00000090 1 0 1 0 5 0
CSRDBG 27 addr=021 priv=3 dec=0 csr=0 raw=1 pw=0 dbg=0 op=0
C 27 00000090 1 0 1 0 5 0
CSRDBG 28 addr=021 priv=3 dec=0 csr=0 raw=1 pw=0 dbg=0 op=0
C 28 00000090 1 0 1 0 5 0
CSRDBG 29 addr=021 priv=3 dec=0 csr=0 raw=1 pw=0 dbg=0 op=0
C 29 00000090 1 0 1 0 5 0
CSRDBG 30 addr=021 priv=3 dec=0 csr=0 raw=1 pw=0 dbg=0 op=0
C 30 00000090 1 0 1 0 5 0
CSRDBG 31 addr=021 priv=3 dec=0 csr=0 raw=1 pw=0 dbg=0 op=0
C 31 00000090 1 0 1 0 5 0
CSRDBG 32 addr=021 priv=3 dec=0 csr=0 raw=1 pw=0 dbg=0 op=0
C 32 00000090 1 0 1 0 5 0
CSRDBG 33 addr=021 priv=3 dec=0 csr=0 raw=1 pw=0 dbg=0 op=0
C 33 00000090 1 0 1 0 5 0
CSRDBG 34 addr=021 priv=3 dec=0 csr=0 raw=1 pw=0 dbg=0 op=0
C 34 00000090 1 0 1 0 5 0
CSRDBG 35 addr=021 priv=3 dec=0 csr=0 raw=1 pw=0 dbg=0 op=0
C 35 00000090 1 0 1 0 5 0
CSRDBG 36 addr=021 priv=3 dec=0 csr=0 raw=1 pw=0 dbg=0 op=0
C 36 00000090 1 0 1 0 5 0
CSRDBG 37 addr=021 priv=3 dec=0 csr=0 raw=1 pw=0 dbg=0 op=0
C 37 00000090 1 0 1 0 5 0
CSRDBG 38 addr=021 priv=3 dec=0 csr=0 raw=1 pw=0 dbg=0 op=0
C 38 00000090 1 0 1 0 5 0
CSRDBG 39 addr=021 priv=3 dec=0 csr=0 raw=1 pw=0 dbg=0 op=0
C 39 00000090 1 0 1 0 5 0
CSRDBG 40 addr=021 priv=3 dec=0 csr=0 raw=1 pw=0 dbg=0 op=0
C 40 00000090 1 0 1 0 5 0
CSRDBG 41 addr=021 priv=3 dec=0 csr=0 raw=1 pw=0 dbg=0 op=0
C 41 00000090 1 0 1 0 5 0
CSRDBG 42 addr=021 priv=3 dec=0 csr=0 raw=1 pw=0 dbg=0 op=0
C 42 00000090 1 0 1 0 5 0
CSRDBG 43 addr=021 priv=3 dec=0 csr=0 raw=1 pw=0 dbg=0 op=0
C 43 00000090 1 0 1 0 5 0
CSRDBG 44 addr=021 priv=3 dec=0 csr=0 raw=1 pw=0 dbg=0 op=0
C 44 00000090 1 0 1 0 5 0
CSRDBG 45 addr=021 priv=3 dec=0 csr=0 raw=1 pw=0 dbg=0 op=0
C 45 00000090 1 0 1 0 5 0
CSRDBG 46 addr=021 priv=3 dec=0 csr=0 raw=1 pw=0 dbg=0 op=0
C 46 00000090 1 0 0 0 5 0
W 47 5 0000000c 000000000
CSRDBG 47 addr=021 priv=3 dec=0 csr=0 raw=1 pw=0 dbg=0 op=0
C 47 00000094 1 0 1 0 5 0
CSRDBG 48 addr=021 priv=3 dec=0 csr=0 raw=1 pw=0 dbg=0 op=0
R 48 5 00000090 021242b3
C 48 00000094 1 0 1 0 5 0
CSRDBG 49 addr=021 priv=3 dec=0 csr=0 raw=1 pw=0 dbg=0 op=0
C 49 00000094 1 0 1 0 5 0
CSRDBG 50 addr=021 priv=3 dec=0 csr=0 raw=1 pw=0 dbg=0 op=0
C 50 00000094 1 0 1 0 5 0
CSRDBG 51 addr=021 priv=3 dec=0 csr=0 raw=1 pw=0 dbg=0 op=0
C 51 00000094 1 0 1 0 5 0
CSRDBG 52 addr=021 priv=3 dec=0 csr=0 raw=1 pw=0 dbg=0 op=0
C 52 00000094 1 0 1 0 5 0
CSRDBG 53 addr=021 priv=3 dec=0 csr=0 raw=1 pw=0 dbg=0 op=0
C 53 00000094 1 0 1 0 5 0
CSRDBG 54 addr=021 priv=3 dec=0 csr=0 raw=1 pw=0 dbg=0 op=0
C 54 00000094 1 0 1 0 5 0
CSRDBG 55 addr=021 priv=3 dec=0 csr=0 raw=1 pw=0 dbg=0 op=0
C 55 00000094 1 0 1 0 5 0
CSRDBG 56 addr=021 priv=3 dec=0 csr=0 raw=1 pw=0 dbg=0 op=0
C 56 00000094 1 0 1 0 5 0
CSRDBG 57 addr=021 priv=3 dec=0 csr=0 raw=1 pw=0 dbg=0 op=0
C 57 00000094 1 0 1 0 5 0
CSRDBG 58 addr=021 priv=3 dec=0 csr=0 raw=1 pw=0 dbg=0 op=0
C 58 00000094 1 0 1 0 5 0
CSRDBG 59 addr=021 priv=3 dec=0 csr=0 raw=1 pw=0 dbg=0 op=0
C 59 00000094 1 0 1 0 5 0
CSRDBG 60 addr=021 priv=3 dec=0 csr=0 raw=1 pw=0 dbg=0 op=0
C 60 00000094 1 0 1 0 5 0
CSRDBG 61 addr=021 priv=3 dec=0 csr=0 raw=1 pw=0 dbg=0 op=0
C 61 00000094 1 0 1 0 5 0
CSRDBG 62 addr=021 priv=3 dec=0 csr=0 raw=1 pw=0 dbg=0 op=0
C 62 00000094 1 0 1 0 5 0
CSRDBG 63 addr=021 priv=3 dec=0 csr=0 raw=1 pw=0 dbg=0 op=0
C 63 00000094 1 0 1 0 5 0
CSRDBG 64 addr=021 priv=3 dec=0 csr=0 raw=1 pw=0 dbg=0 op=0
C 64 00000094 1 0 1 0 5 0
CSRDBG 65 addr=021 priv=3 dec=0 csr=0 raw=1 pw=0 dbg=0 op=0
C 65 00000094 1 0 1 0 5 0
CSRDBG 66 addr=021 priv=3 dec=0 csr=0 raw=1 pw=0 dbg=0 op=0
C 66 00000094 1 0 1 0 5 0
CSRDBG 67 addr=021 priv=3 dec=0 csr=0 raw=1 pw=0 dbg=0 op=0
C 67 00000094 1 0 1 0 5 0
CSRDBG 68 addr=021 priv=3 dec=0 csr=0 raw=1 pw=0 dbg=0 op=0
C 68 00000094 1 0 1 0 5 0
CSRDBG 69 addr=021 priv=3 dec=0 csr=0 raw=1 pw=0 dbg=0 op=0
C 69 00000094 1 0 1 0 5 0
CSRDBG 70 addr=021 priv=3 dec=0 csr=0 raw=1 pw=0 dbg=0 op=0
C 70 00000094 1 0 1 0 5 0
CSRDBG 71 addr=021 priv=3 dec=0 csr=0 raw=1 pw=0 dbg=0 op=0
C 71 00000094 1 0 1 0 5 0
CSRDBG 72 addr=021 priv=3 dec=0 csr=0 raw=1 pw=0 dbg=0 op=0
C 72 00000094 1 0 1 0 5 0
CSRDBG 73 addr=021 priv=3 dec=0 csr=0 raw=1 pw=0 dbg=0 op=0
C 73 00000094 1 0 1 0 5 0
CSRDBG 74 addr=021 priv=3 dec=0 csr=0 raw=1 pw=0 dbg=0 op=0
C 74 00000094 1 0 1 0 5 0
CSRDBG 75 addr=021 priv=3 dec=0 csr=0 raw=1 pw=0 dbg=0 op=0
C 75 00000094 1 0 1 0 5 0
CSRDBG 76 addr=021 priv=3 dec=0 csr=0 raw=1 pw=0 dbg=0 op=0
C 76 00000094 1 0 1 0 5 0
CSRDBG 77 addr=021 priv=3 dec=0 csr=0 raw=1 pw=0 dbg=0 op=0
C 77 00000094 1 0 1 0 5 0
CSRDBG 78 addr=021 priv=3 dec=0 csr=0 raw=1 pw=0 dbg=0 op=0
C 78 00000094 1 0 1 0 5 0
CSRDBG 79 addr=021 priv=3 dec=0 csr=0 raw=1 pw=0 dbg=0 op=0
C 79 00000094 1 0 1 0 5 0
C 80 00000094 1 0 1 0 5 0
C 81 00000094 1 0 1 0 5 0
C 82 00000094 1 0 1 0 5 0
C 83 00000094 1 0 0 0 5 0
W 84 6 00000000 000000000
C 84 00000098 1 0 0 0 5 0
W 85 7 ffffffff 000000000
R 85 6 00000094 02126333
C 85 0000009c 1 0 1 0 5 0
R 86 7 00000098 fff00393
C 86 0000009c 1 0 0 0 5 0
W 87 8 ffffffff 000000000
C 87 000000a0 1 0 1 0 5 0
R 88 8 0000009c 02139433
C 88 000000a0 1 0 0 0 5 0
W 89 9 ffffffff 000000000
C 89 000000a4 1 0 1 0 5 0
R 90 9 000000a0 0200c4b3
C 90 000000a4 1 0 0 0 5 0
W 91 10 00000007 000000000
C 91 000000a8 1 0 0 0 5 0
W 92 11 80000000 000000000
R 92 10 000000a4 0200e533
C 92 000000ac 1 0 0 0 5 0
W 93 12 ffffffff 000000000
R 93 11 000000a8 800005b7
C 93 000000b0 1 0 1 0 5 0
R 94 12 000000ac fff00613
C 94 000000b0 1 0 1 0 5 0
C 95 000000b0 1 0 1 0 5 0
C 96 000000b0 1 0 1 0 5 0
C 97 000000b0 1 0 1 0 5 0
C 98 000000b0 1 0 1 0 5 0
C 99 000000b0 1 0 1 0 5 0
C 100 000000b0 1 0 1 0 5 0
C 101 000000b0 1 0 1 0 5 0
C 102 000000b0 1 0 1 0 5 0
C 103 000000b0 1 0 1 0 5 0
C 104 000000b0 1 0 1 0 5 0
C 105 000000b0 1 0 1 0 5 0
C 106 000000b0 1 0 1 0 5 0
C 107 000000b0 1 0 1 0 5 0
C 108 000000b0 1 0 1 0 5 0
C 109 000000b0 1 0 1 0 5 0
C 110 000000b0 1 0 1 0 5 0
C 111 000000b0 1 0 1 0 5 0
C 112 000000b0 1 0 1 0 5 0
C 113 000000b0 1 0 1 0 5 0
C 114 000000b0 1 0 1 0 5 0
C 115 000000b0 1 0 1 0 5 0
C 116 000000b0 1 0 1 0 5 0
C 117 000000b0 1 0 1 0 5 0
C 118 000000b0 1 0 1 0 5 0
C 119 000000b0 1 0 1 0 5 0
C 120 000000b0 1 0 1 0 5 0
C 121 000000b0 1 0 1 0 5 0
C 122 000000b0 1 0 1 0 5 0
C 123 000000b0 1 0 1 0 5 0
C 124 000000b0 1 0 1 0 5 0
C 125 000000b0 1 0 1 0 5 0
C 126 000000b0 1 0 1 0 5 0
C 127 000000b0 1 0 1 0 5 0
C 128 000000b0 1 0 1 0 5 0
C 129 000000b0 1 0 0 0 5 0
W 130 13 80000000 000000000
C 130 000000b4 1 0 1 0 5 0
R 131 13 000000b0 02c5c6b3
C 131 000000b4 1 0 1 0 5 0
C 132 000000b4 1 0 1 0 5 0
C 133 000000b4 1 0 1 0 5 0
C 134 000000b4 1 0 1 0 5 0
C 135 000000b4 1 0 1 0 5 0
C 136 000000b4 1 0 1 0 5 0
C 137 000000b4 1 0 1 0 5 0
C 138 000000b4 1 0 1 0 5 0
C 139 000000b4 1 0 1 0 5 0
C 140 000000b4 1 0 1 0 5 0
C 141 000000b4 1 0 1 0 5 0
C 142 000000b4 1 0 1 0 5 0
C 143 000000b4 1 0 1 0 5 0
C 144 000000b4 1 0 1 0 5 0
C 145 000000b4 1 0 1 0 5 0
C 146 000000b4 1 0 1 0 5 0
C 147 000000b4 1 0 1 0 5 0
C 148 000000b4 1 0 1 0 5 0
C 149 000000b4 1 0 1 0 5 0
C 150 000000b4 1 0 1 0 5 0
C 151 000000b4 1 0 1 0 5 0
C 152 000000b4 1 0 1 0 5 0
C 153 000000b4 1 0 1 0 5 0
C 154 000000b4 1 0 1 0 5 0
C 155 000000b4 1 0 1 0 5 0
C 156 000000b4 1 0 1 0 5 0
C 157 000000b4 1 0 1 0 5 0
C 158 000000b4 1 0 1 0 5 0
C 159 000000b4 1 0 1 0 5 0
C 160 000000b4 1 0 1 0 5 0
C 161 000000b4 1 0 1 0 5 0
C 162 000000b4 1 0 1 0 5 0
C 163 000000b4 1 0 1 0 5 0
C 164 000000b4 1 0 1 0 5 0
C 165 000000b4 1 0 1 0 5 0
C 166 000000b4 1 0 0 0 5 0
W 167 14 00000000 000000000
C 167 000000b8 1 0 0 0 5 0
W 168 31 0000007b 000000000
R 168 14 000000b4 02c5e733
C 168 000000bc 1 0 0 1 5 0
R 169 15 000000b8 07b00f93
C 169 000000bc 0 0 0 0 5 0
R 170 16 000000bc 0000006f
C 170 000000bc 1 0 0 1 5 0
C 171 000000bc 0 0 0 0 5 0
R 172 17 000000bc 0000006f
C 172 000000bc 1 0 0 1 5 0
C 173 000000bc 0 0 0 0 5 0
R 174 18 000000bc 0000006f
C 174 000000bc 1 0 0 1 5 0
C 175 000000bc 0 0 0 0 5 0
R 176 19 000000bc 0000006f
C 176 000000bc 1 0 0 1 5 0
C 177 000000bc 0 0 0 0 5 0
R 178 20 000000bc 0000006f
C 178 000000bc 1 0 0 1 5 0
C 179 000000bc 0 0 0 0 5 0
R 180 21 000000bc 0000006f
R 182 22 000000bc 0000006f
R 184 23 000000bc 0000006f
R 186 24 000000bc 0000006f
R 188 25 000000bc 0000006f
R 190 26 000000bc 0000006f
R 192 27 000000bc 0000006f
R 194 28 000000bc 0000006f
R 196 29 000000bc 0000006f
R 198 30 000000bc 0000006f
R 200 31 000000bc 0000006f
R 202 32 000000bc 0000006f
R 204 33 000000bc 0000006f
R 206 34 000000bc 0000006f
R 208 35 000000bc 0000006f
R 210 36 000000bc 0000006f
R 212 37 000000bc 0000006f
R 214 38 000000bc 0000006f
R 216 39 000000bc 0000006f
R 218 40 000000bc 0000006f
R 220 41 000000bc 0000006f
R 222 42 000000bc 0000006f
R 224 43 000000bc 0000006f
R 226 44 000000bc 0000006f
R 228 45 000000bc 0000006f
R 230 46 000000bc 0000006f
R 232 47 000000bc 0000006f
R 234 48 000000bc 0000006f
R 236 49 000000bc 0000006f
R 238 50 000000bc 0000006f
R 240 51 000000bc 0000006f
R 242 52 000000bc 0000006f
R 244 53 000000bc 0000006f
R 246 54 000000bc 0000006f
R 248 55 000000bc 0000006f
R 250 56 000000bc 0000006f
R 252 57 000000bc 0000006f
R 254 58 000000bc 0000006f
R 256 59 000000bc 0000006f
R 258 60 000000bc 0000006f
R 260 61 000000bc 0000006f
R 262 62 000000bc 0000006f
R 264 63 000000bc 0000006f
R 266 64 000000bc 0000006f
R 268 65 000000bc 0000006f
R 270 66 000000bc 0000006f
R 272 67 000000bc 0000006f
R 274 68 000000bc 0000006f
R 276 69 000000bc 0000006f
R 278 70 000000bc 0000006f
R 280 71 000000bc 0000006f
R 282 72 000000bc 0000006f
R 284 73 000000bc 0000006f
R 286 74 000000bc 0000006f
R 288 75 000000bc 0000006f
R 290 76 000000bc 0000006f
R 292 77 000000bc 0000006f
R 294 78 000000bc 0000006f
R 296 79 000000bc 0000006f
R 298 80 000000bc 0000006f
R 300 81 000000bc 0000006f
R 302 82 000000bc 0000006f
R 304 83 000000bc 0000006f
R 306 84 000000bc 0000006f
R 308 85 000000bc 0000006f
R 310 86 000000bc 0000006f
R 312 87 000000bc 0000006f
R 314 88 000000bc 0000006f
R 316 89 000000bc 0000006f
R 318 90 000000bc 0000006f
R 320 91 000000bc 0000006f
R 322 92 000000bc 0000006f
R 324 93 000000bc 0000006f
R 326 94 000000bc 0000006f
R 328 95 000000bc 0000006f
R 330 96 000000bc 0000006f
R 332 97 000000bc 0000006f
R 334 98 000000bc 0000006f
R 336 99 000000bc 0000006f
R 338 100 000000bc 0000006f
R 340 101 000000bc 0000006f
R 342 102 000000bc 0000006f
R 344 103 000000bc 0000006f
R 346 104 000000bc 0000006f
R 348 105 000000bc 0000006f
R 350 106 000000bc 0000006f
R 352 107 000000bc 0000006f
R 354 108 000000bc 0000006f
R 356 109 000000bc 0000006f
R 358 110 000000bc 0000006f
R 360 111 000000bc 0000006f
R 362 112 000000bc 0000006f
R 364 113 000000bc 0000006f
R 366 114 000000bc 0000006f
R 368 115 000000bc 0000006f
R 370 116 000000bc 0000006f
R 372 117 000000bc 0000006f
R 374 118 000000bc 0000006f
R 376 119 000000bc 0000006f
R 378 120 000000bc 0000006f
R 380 121 000000bc 0000006f
R 382 122 000000bc 0000006f
R 384 123 000000bc 0000006f
R 386 124 000000bc 0000006f
R 388 125 000000bc 0000006f
R 390 126 000000bc 0000006f
R 392 127 000000bc 0000006f
R 394 128 000000bc 0000006f
R 396 129 000000bc 0000006f
R 398 130 000000bc 0000006f
R 400 131 000000bc 0000006f
R 402 132 000000bc 0000006f
R 404 133 000000bc 0000006f
R 406 134 000000bc 0000006f
R 408 135 000000bc 0000006f
R 410 136 000000bc 0000006f
R 412 137 000000bc 0000006f
R 414 138 000000bc 0000006f
R 416 139 000000bc 0000006f
R 418 140 000000bc 0000006f
R 420 141 000000bc 0000006f
R 422 142 000000bc 0000006f
R 424 143 000000bc 0000006f
R 426 144 000000bc 0000006f
R 428 145 000000bc 0000006f
R 430 146 000000bc 0000006f
R 432 147 000000bc 0000006f
R 434 148 000000bc 0000006f
R 436 149 000000bc 0000006f
R 438 150 000000bc 0000006f
R 440 151 000000bc 0000006f
R 442 152 000000bc 0000006f
R 444 153 000000bc 0000006f
R 446 154 000000bc 0000006f
R 448 155 000000bc 0000006f
R 450 156 000000bc 0000006f
R 452 157 000000bc 0000006f
R 454 158 000000bc 0000006f
R 456 159 000000bc 0000006f
R 458 160 000000bc 0000006f
R 460 161 000000bc 0000006f
R 462 162 000000bc 0000006f
R 464 163 000000bc 0000006f
R 466 164 000000bc 0000006f
R 468 165 000000bc 0000006f
R 470 166 000000bc 0000006f
R 472 167 000000bc 0000006f
R 474 168 000000bc 0000006f
R 476 169 000000bc 0000006f
R 478 170 000000bc 0000006f
R 480 171 000000bc 0000006f
R 482 172 000000bc 0000006f
R 484 173 000000bc 0000006f
R 486 174 000000bc 0000006f
R 488 175 000000bc 0000006f
R 490 176 000000bc 0000006f
R 492 177 000000bc 0000006f
R 494 178 000000bc 0000006f
R 496 179 000000bc 0000006f
R 498 180 000000bc 0000006f
R 500 181 000000bc 0000006f
R 502 182 000000bc 0000006f
R 504 183 000000bc 0000006f
R 506 184 000000bc 0000006f
R 508 185 000000bc 0000006f
R 510 186 000000bc 0000006f
R 512 187 000000bc 0000006f
R 514 188 000000bc 0000006f
R 516 189 000000bc 0000006f
R 518 190 000000bc 0000006f
R 520 191 000000bc 0000006f
R 522 192 000000bc 0000006f
R 524 193 000000bc 0000006f
R 526 194 000000bc 0000006f
R 528 195 000000bc 0000006f
R 530 196 000000bc 0000006f
R 532 197 000000bc 0000006f
R 534 198 000000bc 0000006f
R 536 199 000000bc 0000006f
R 538 200 000000bc 0000006f
R 540 201 000000bc 0000006f
R 542 202 000000bc 0000006f
R 544 203 000000bc 0000006f
R 546 204 000000bc 0000006f
R 548 205 000000bc 0000006f
R 550 206 000000bc 0000006f
R 552 207 000000bc 0000006f
R 554 208 000000bc 0000006f
R 556 209 000000bc 0000006f
R 558 210 000000bc 0000006f
R 560 211 000000bc 0000006f
R 562 212 000000bc 0000006f
R 564 213 000000bc 0000006f
R 566 214 000000bc 0000006f
R 568 215 000000bc 0000006f
R 570 216 000000bc 0000006f
R 572 217 000000bc 0000006f
R 574 218 000000bc 0000006f
R 576 219 000000bc 0000006f
R 578 220 000000bc 0000006f
R 580 221 000000bc 0000006f
R 582 222 000000bc 0000006f
R 584 223 000000bc 0000006f
R 586 224 000000bc 0000006f
R 588 225 000000bc 0000006f
R 590 226 000000bc 0000006f
R 592 227 000000bc 0000006f
R 594 228 000000bc 0000006f
R 596 229 000000bc 0000006f
R 598 230 000000bc 0000006f
R 600 231 000000bc 0000006f
R 602 232 000000bc 0000006f
R 604 233 000000bc 0000006f
R 606 234 000000bc 0000006f
R 608 235 000000bc 0000006f
R 610 236 000000bc 0000006f
R 612 237 000000bc 0000006f
R 614 238 000000bc 0000006f
R 616 239 000000bc 0000006f
R 618 240 000000bc 0000006f
R 620 241 000000bc 0000006f
R 622 242 000000bc 0000006f
R 624 243 000000bc 0000006f
R 626 244 000000bc 0000006f
R 628 245 000000bc 0000006f
R 630 246 000000bc 0000006f
R 632 247 000000bc 0000006f
R 634 248 000000bc 0000006f
R 636 249 000000bc 0000006f
R 638 250 000000bc 0000006f
R 640 251 000000bc 0000006f
R 642 252 000000bc 0000006f
R 644 253 000000bc 0000006f
R 646 254 000000bc 0000006f
R 648 255 000000bc 0000006f
R 650 256 000000bc 0000006f
R 652 257 000000bc 0000006f
R 654 258 000000bc 0000006f
R 656 259 000000bc 0000006f
R 658 260 000000bc 0000006f
R 660 261 000000bc 0000006f
R 662 262 000000bc 0000006f
R 664 263 000000bc 0000006f
R 666 264 000000bc 0000006f
R 668 265 000000bc 0000006f
R 670 266 000000bc 0000006f
R 672 267 000000bc 0000006f
R 674 268 000000bc 0000006f
R 676 269 000000bc 0000006f
R 678 270 000000bc 0000006f
R 680 271 000000bc 0000006f
R 682 272 000000bc 0000006f
R 684 273 000000bc 0000006f
R 686 274 000000bc 0000006f
R 688 275 000000bc 0000006f
R 690 276 000000bc 0000006f
R 692 277 000000bc 0000006f
R 694 278 000000bc 0000006f
R 696 279 000000bc 0000006f
R 698 280 000000bc 0000006f
R 700 281 000000bc 0000006f
R 702 282 000000bc 0000006f
R 704 283 000000bc 0000006f
R 706 284 000000bc 0000006f
R 708 285 000000bc 0000006f
R 710 286 000000bc 0000006f
R 712 287 000000bc 0000006f
R 714 288 000000bc 0000006f
R 716 289 000000bc 0000006f
R 718 290 000000bc 0000006f
R 720 291 000000bc 0000006f
R 722 292 000000bc 0000006f
R 724 293 000000bc 0000006f
R 726 294 000000bc 0000006f
R 728 295 000000bc 0000006f
R 730 296 000000bc 0000006f
R 732 297 000000bc 0000006f
R 734 298 000000bc 0000006f
R 736 299 000000bc 0000006f
R 738 300 000000bc 0000006f
R 740 301 000000bc 0000006f
R 742 302 000000bc 0000006f
R 744 303 000000bc 0000006f
R 746 304 000000bc 0000006f
R 748 305 000000bc 0000006f
R 750 306 000000bc 0000006f
R 752 307 000000bc 0000006f
R 754 308 000000bc 0000006f
R 756 309 000000bc 0000006f
R 758 310 000000bc 0000006f
R 760 311 000000bc 0000006f
R 762 312 000000bc 0000006f
R 764 313 000000bc 0000006f
R 766 314 000000bc 0000006f
R 768 315 000000bc 0000006f
R 770 316 000000bc 0000006f
R 772 317 000000bc 0000006f
R 774 318 000000bc 0000006f
R 776 319 000000bc 0000006f
R 778 320 000000bc 0000006f
R 780 321 000000bc 0000006f
R 782 322 000000bc 0000006f
R 784 323 000000bc 0000006f
R 786 324 000000bc 0000006f
R 788 325 000000bc 0000006f
R 790 326 000000bc 0000006f
R 792 327 000000bc 0000006f
R 794 328 000000bc 0000006f
R 796 329 000000bc 0000006f
R 798 330 000000bc 0000006f
R 800 331 000000bc 0000006f
R 802 332 000000bc 0000006f
R 804 333 000000bc 0000006f
R 806 334 000000bc 0000006f
R 808 335 000000bc 0000006f
R 810 336 000000bc 0000006f
R 812 337 000000bc 0000006f
R 814 338 000000bc 0000006f
R 816 339 000000bc 0000006f
R 818 340 000000bc 0000006f
R 820 341 000000bc 0000006f
R 822 342 000000bc 0000006f
R 824 343 000000bc 0000006f
R 826 344 000000bc 0000006f
R 828 345 000000bc 0000006f
R 830 346 000000bc 0000006f
R 832 347 000000bc 0000006f
R 834 348 000000bc 0000006f
R 836 349 000000bc 0000006f
R 838 350 000000bc 0000006f
R 840 351 000000bc 0000006f
R 842 352 000000bc 0000006f
R 844 353 000000bc 0000006f
R 846 354 000000bc 0000006f
R 848 355 000000bc 0000006f
R 850 356 000000bc 0000006f
R 852 357 000000bc 0000006f
R 854 358 000000bc 0000006f
R 856 359 000000bc 0000006f
R 858 360 000000bc 0000006f
R 860 361 000000bc 0000006f
R 862 362 000000bc 0000006f
R 864 363 000000bc 0000006f
R 866 364 000000bc 0000006f
R 868 365 000000bc 0000006f
R 870 366 000000bc 0000006f
R 872 367 000000bc 0000006f
R 874 368 000000bc 0000006f
R 876 369 000000bc 0000006f
R 878 370 000000bc 0000006f
R 880 371 000000bc 0000006f
R 882 372 000000bc 0000006f
R 884 373 000000bc 0000006f
R 886 374 000000bc 0000006f
R 888 375 000000bc 0000006f
R 890 376 000000bc 0000006f
R 892 377 000000bc 0000006f
R 894 378 000000bc 0000006f
R 896 379 000000bc 0000006f
R 898 380 000000bc 0000006f
R 900 381 000000bc 0000006f
R 902 382 000000bc 0000006f
R 904 383 000000bc 0000006f
R 906 384 000000bc 0000006f
R 908 385 000000bc 0000006f
R 910 386 000000bc 0000006f
R 912 387 000000bc 0000006f
R 914 388 000000bc 0000006f
R 916 389 000000bc 0000006f
R 918 390 000000bc 0000006f
R 920 391 000000bc 0000006f
R 922 392 000000bc 0000006f
R 924 393 000000bc 0000006f
R 926 394 000000bc 0000006f
R 928 395 000000bc 0000006f
R 930 396 000000bc 0000006f
R 932 397 000000bc 0000006f
R 934 398 000000bc 0000006f
R 936 399 000000bc 0000006f
R 938 400 000000bc 0000006f
R 940 401 000000bc 0000006f
R 942 402 000000bc 0000006f
R 944 403 000000bc 0000006f
R 946 404 000000bc 0000006f
R 948 405 000000bc 0000006f
R 950 406 000000bc 0000006f
R 952 407 000000bc 0000006f
R 954 408 000000bc 0000006f
R 956 409 000000bc 0000006f
R 958 410 000000bc 0000006f
R 960 411 000000bc 0000006f
R 962 412 000000bc 0000006f
R 964 413 000000bc 0000006f
R 966 414 000000bc 0000006f
R 968 415 000000bc 0000006f
R 970 416 000000bc 0000006f
R 972 417 000000bc 0000006f
R 974 418 000000bc 0000006f
R 976 419 000000bc 0000006f
R 978 420 000000bc 0000006f
R 980 421 000000bc 0000006f
R 982 422 000000bc 0000006f
R 984 423 000000bc 0000006f
R 986 424 000000bc 0000006f
R 988 425 000000bc 0000006f
R 990 426 000000bc 0000006f
R 992 427 000000bc 0000006f
R 994 428 000000bc 0000006f
R 996 429 000000bc 0000006f
R 998 430 000000bc 0000006f
R 1000 431 000000bc 0000006f
R 1002 432 000000bc 0000006f
R 1004 433 000000bc 0000006f
R 1006 434 000000bc 0000006f
R 1008 435 000000bc 0000006f
R 1010 436 000000bc 0000006f
R 1012 437 000000bc 0000006f
R 1014 438 000000bc 0000006f
R 1016 439 000000bc 0000006f
R 1018 440 000000bc 0000006f
R 1020 441 000000bc 0000006f
R 1022 442 000000bc 0000006f
R 1024 443 000000bc 0000006f
R 1026 444 000000bc 0000006f
R 1028 445 000000bc 0000006f
R 1030 446 000000bc 0000006f
R 1032 447 000000bc 0000006f
R 1034 448 000000bc 0000006f
R 1036 449 000000bc 0000006f
R 1038 450 000000bc 0000006f
R 1040 451 000000bc 0000006f
R 1042 452 000000bc 0000006f
R 1044 453 000000bc 0000006f
R 1046 454 000000bc 0000006f
R 1048 455 000000bc 0000006f
R 1050 456 000000bc 0000006f
R 1052 457 000000bc 0000006f
R 1054 458 000000bc 0000006f
R 1056 459 000000bc 0000006f
R 1058 460 000000bc 0000006f
R 1060 461 000000bc 0000006f
R 1062 462 000000bc 0000006f
R 1064 463 000000bc 0000006f
R 1066 464 000000bc 0000006f
R 1068 465 000000bc 0000006f
R 1070 466 000000bc 0000006f
R 1072 467 000000bc 0000006f
R 1074 468 000000bc 0000006f
R 1076 469 000000bc 0000006f
R 1078 470 000000bc 0000006f
R 1080 471 000000bc 0000006f
R 1082 472 000000bc 0000006f
R 1084 473 000000bc 0000006f
R 1086 474 000000bc 0000006f
R 1088 475 000000bc 0000006f
R 1090 476 000000bc 0000006f
R 1092 477 000000bc 0000006f
R 1094 478 000000bc 0000006f
R 1096 479 000000bc 0000006f
R 1098 480 000000bc 0000006f
R 1100 481 000000bc 0000006f
R 1102 482 000000bc 0000006f
R 1104 483 000000bc 0000006f
R 1106 484 000000bc 0000006f
R 1108 485 000000bc 0000006f
R 1110 486 000000bc 0000006f
R 1112 487 000000bc 0000006f
R 1114 488 000000bc 0000006f
R 1116 489 000000bc 0000006f
R 1118 490 000000bc 0000006f
R 1120 491 000000bc 0000006f
R 1122 492 000000bc 0000006f
R 1124 493 000000bc 0000006f
R 1126 494 000000bc 0000006f
R 1128 495 000000bc 0000006f
R 1130 496 000000bc 0000006f
R 1132 497 000000bc 0000006f
R 1134 498 000000bc 0000006f
R 1136 499 000000bc 0000006f
R 1138 500 000000bc 0000006f
R 1140 501 000000bc 0000006f
R 1142 502 000000bc 0000006f
R 1144 503 000000bc 0000006f
R 1146 504 000000bc 0000006f
R 1148 505 000000bc 0000006f
R 1150 506 000000bc 0000006f
R 1152 507 000000bc 0000006f
R 1154 508 000000bc 0000006f
R 1156 509 000000bc 0000006f
R 1158 510 000000bc 0000006f
R 1160 511 000000bc 0000006f
R 1162 512 000000bc 0000006f
R 1164 513 000000bc 0000006f
R 1166 514 000000bc 0000006f
R 1168 515 000000bc 0000006f
R 1170 516 000000bc 0000006f
R 1172 517 000000bc 0000006f
R 1174 518 000000bc 0000006f
R 1176 519 000000bc 0000006f
R 1178 520 000000bc 0000006f
R 1180 521 000000bc 0000006f
R 1182 522 000000bc 0000006f
R 1184 523 000000bc 0000006f
R 1186 524 000000bc 0000006f
R 1188 525 000000bc 0000006f
R 1190 526 000000bc 0000006f
R 1192 527 000000bc 0000006f
R 1194 528 000000bc 0000006f
R 1196 529 000000bc 0000006f
R 1198 530 000000bc 0000006f
REG 0 00000000
REG 1 00000007
REG 2 0000000c
REG 3 00000013
REG 4 00000054
REG 5 0000000c
REG 6 00000000
REG 7 ffffffff
REG 8 ffffffff
REG 9 ffffffff
REG 10 00000007
REG 11 80000000
REG 12 ffffffff
REG 13 80000000
REG 14 00000000
REG 15 00000000
REG 16 00000000
REG 17 00000000
REG 18 00000000
REG 19 00000000
REG 20 00000000
REG 21 00000000
REG 22 00000000
REG 23 00000000
REG 24 00000000
REG 25 00000000
REG 26 00000000
REG 27 00000000
REG 28 00000000
REG 29 00000000
REG 30 00000000
REG 31 0000007b
COUNTS sleep=1 clocks=1197 ai=0 ab=0 am=0 ifetch=1050 data=0 bitmap=0 hit=0 miss=0 dummy=0 expanded=0 predict=0 mispredict=0
FINISH
- /home/dungpc/ndmoney4porche/projects/ibex/doc/dungpc/microarchitecture/scripts/top_tb.sv:188: Verilog $finish
