CONFIG SEC=0 CACHE=0 PRED=0 DUAL=0 MODE=0 ZC=0 SCR=0 ICECC=0 OFFSET=1 PMP=0
C 3 00000000 0 0 0 1 0 0
C 4 00000000 0 0 0 1 1 0
C 5 00000000 0 0 0 0 4 0
C 6 00000000 0 0 0 0 5 0
RESET 7 pending requests cancelled by memory epoch contract
C 10 00000000 0 0 0 1 0 0
C 11 00000000 0 0 0 1 1 0
C 12 00000000 0 0 0 0 4 0
C 13 00000000 0 0 0 0 5 0
C 14 00000000 0 0 0 0 5 0
C 15 00000000 0 0 0 0 5 0
C 16 00000000 0 0 0 0 5 0
CSRDBG 17 addr=007 priv=3 dec=0 csr=0 raw=1 pw=0 dbg=0 op=0
C 17 00000080 1 0 0 0 5 0
W 18 1 00000007 000000000
C 18 00000080 0 0 0 0 5 0
R 19 1 00000080 00700093
C 19 00000080 0 0 0 0 5 0
CSRDBG 20 addr=07b priv=3 dec=0 csr=0 raw=1 pw=0 dbg=0 op=0
C 20 00000084 1 0 0 0 5 0
W 21 15 0000007b 000000000
C 21 00000084 0 0 0 0 5 0
R 22 2 00000084 07b00793
C 22 00000084 0 0 0 0 5 0
CSRDBG 23 addr=000 priv=3 dec=0 csr=0 raw=1 pw=0 dbg=0 op=0
C 23 00000088 1 0 0 1 5 0
C 24 00000088 0 0 0 0 5 0
R 25 3 00000088 0000006f
C 25 00000088 0 0 0 0 5 0
C 26 00000088 0 0 0 0 5 0
C 27 00000088 0 0 0 0 5 0
C 28 00000088 0 0 0 0 5 0
CSRDBG 29 addr=000 priv=3 dec=0 csr=0 raw=1 pw=0 dbg=0 op=0
C 29 00000088 1 0 0 1 5 0
C 30 00000088 0 0 0 0 5 0
R 31 4 00000088 0000006f
C 31 00000088 0 0 0 0 5 0
C 32 00000088 0 0 0 0 5 0
C 33 00000088 0 0 0 0 5 0
C 34 00000088 0 0 0 0 5 0
CSRDBG 35 addr=000 priv=3 dec=0 csr=0 raw=1 pw=0 dbg=0 op=0
C 35 00000088 1 0 0 1 5 0
C 36 00000088 0 0 0 0 5 0
R 37 5 00000088 0000006f
C 37 00000088 0 0 0 0 5 0
C 38 00000088 0 0 0 0 5 0
C 39 00000088 0 0 0 0 5 0
C 40 00000088 0 0 0 0 5 0
CSRDBG 41 addr=000 priv=3 dec=0 csr=0 raw=1 pw=0 dbg=0 op=0
C 41 00000088 1 0 0 1 5 0
C 42 00000088 0 0 0 0 5 0
R 43 6 00000088 0000006f
C 43 00000088 0 0 0 0 5 0
C 44 00000088 0 0 0 0 5 0
C 45 00000088 0 0 0 0 5 0
C 46 00000088 0 0 0 0 5 0
CSRDBG 47 addr=000 priv=3 dec=0 csr=0 raw=1 pw=0 dbg=0 op=0
C 47 00000088 1 0 0 1 5 0
C 48 00000088 0 0 0 0 5 0
R 49 7 00000088 0000006f
C 49 00000088 0 0 0 0 5 0
C 50 00000088 0 0 0 0 5 0
C 51 00000088 0 0 0 0 5 0
C 52 00000088 0 0 0 0 5 0
CSRDBG 53 addr=000 priv=3 dec=0 csr=0 raw=1 pw=0 dbg=0 op=0
C 53 00000088 1 0 0 1 5 0
C 54 00000088 0 0 0 0 5 0
R 55 8 00000088 0000006f
C 55 00000088 0 0 0 0 5 0
C 56 00000088 0 0 0 0 5 0
C 57 00000088 0 0 0 0 5 0
C 58 00000088 0 0 0 0 5 0
CSRDBG 59 addr=000 priv=3 dec=0 csr=0 raw=1 pw=0 dbg=0 op=0
C 59 00000088 1 0 0 1 5 0
C 60 00000088 0 0 0 0 5 0
R 61 9 00000088 0000006f
C 61 00000088 0 0 0 0 5 0
C 62 00000088 0 0 0 0 5 0
C 63 00000088 0 0 0 0 5 0
C 64 00000088 0 0 0 0 5 0
CSRDBG 65 addr=000 priv=3 dec=0 csr=0 raw=1 pw=0 dbg=0 op=0
C 65 00000088 1 0 0 1 5 0
C 66 00000088 0 0 0 0 5 0
R 67 10 00000088 0000006f
C 67 00000088 0 0 0 0 5 0
C 68 00000088 0 0 0 0 5 0
C 69 00000088 0 0 0 0 5 0
C 70 00000088 0 0 0 0 5 0
CSRDBG 71 addr=000 priv=3 dec=0 csr=0 raw=1 pw=0 dbg=0 op=0
C 71 00000088 1 0 0 1 5 0
C 72 00000088 0 0 0 0 5 0
R 73 11 00000088 0000006f
C 73 00000088 0 0 0 0 5 0
C 74 00000088 0 0 0 0 5 0
C 75 00000088 0 0 0 0 5 0
C 76 00000088 0 0 0 0 5 0
CSRDBG 77 addr=000 priv=3 dec=0 csr=0 raw=1 pw=0 dbg=0 op=0
C 77 00000088 1 0 0 1 5 0
C 78 00000088 0 0 0 0 5 0
R 79 12 00000088 0000006f
C 79 00000088 0 0 0 0 5 0
C 80 00000088 0 0 0 0 5 0
C 81 00000088 0 0 0 0 5 0
C 82 00000088 0 0 0 0 5 0
C 83 00000088 1 0 0 1 5 0
C 84 00000088 0 0 0 0 5 0
R 85 13 00000088 0000006f
C 85 00000088 0 0 0 0 5 0
C 86 00000088 0 0 0 0 5 0
C 87 00000088 0 0 0 0 5 0
C 88 00000088 0 0 0 0 5 0
C 89 00000088 1 0 0 1 5 0
C 90 00000088 0 0 0 0 5 0
R 91 14 00000088 0000006f
C 91 00000088 0 0 0 0 5 0
C 92 00000088 0 0 0 0 5 0
C 93 00000088 0 0 0 0 5 0
C 94 00000088 0 0 0 0 5 0
C 95 00000088 1 0 0 1 5 0
C 96 00000088 0 0 0 0 5 0
R 97 15 00000088 0000006f
C 97 00000088 0 0 0 0 5 0
C 98 00000088 0 0 0 0 5 0
C 99 00000088 0 0 0 0 5 0
C 100 00000088 0 0 0 0 5 0
C 101 00000088 1 0 0 1 5 0
C 102 00000088 0 0 0 0 5 0
R 103 16 00000088 0000006f
C 103 00000088 0 0 0 0 5 0
C 104 00000088 0 0 0 0 5 0
C 105 00000088 0 0 0 0 5 0
C 106 00000088 0 0 0 0 5 0
C 107 00000088 1 0 0 1 5 0
C 108 00000088 0 0 0 0 5 0
R 109 17 00000088 0000006f
C 109 00000088 0 0 0 0 5 0
C 110 00000088 0 0 0 0 5 0
C 111 00000088 0 0 0 0 5 0
C 112 00000088 0 0 0 0 5 0
C 113 00000088 1 0 0 1 5 0
C 114 00000088 0 0 0 0 5 0
R 115 18 00000088 0000006f
C 115 00000088 0 0 0 0 5 0
C 116 00000088 0 0 0 0 5 0
C 117 00000088 0 0 0 0 5 0
C 118 00000088 0 0 0 0 5 0
C 119 00000088 1 0 0 1 5 0
C 120 00000088 0 0 0 0 5 0
R 121 19 00000088 0000006f
C 121 00000088 0 0 0 0 5 0
C 122 00000088 0 0 0 0 5 0
C 123 00000088 0 0 0 0 5 0
C 124 00000088 0 0 0 0 5 0
C 125 00000088 1 0 0 1 5 0
C 126 00000088 0 0 0 0 5 0
R 127 20 00000088 0000006f
C 127 00000088 0 0 0 0 5 0
C 128 00000088 0 0 0 0 5 0
C 129 00000088 0 0 0 0 5 0
C 130 00000088 0 0 0 0 5 0
C 131 00000088 1 0 0 1 5 0
C 132 00000088 0 0 0 0 5 0
R 133 21 00000088 0000006f
C 133 00000088 0 0 0 0 5 0
C 134 00000088 0 0 0 0 5 0
C 135 00000088 0 0 0 0 5 0
C 136 00000088 0 0 0 0 5 0
C 137 00000088 1 0 0 1 5 0
C 138 00000088 0 0 0 0 5 0
R 139 22 00000088 0000006f
C 139 00000088 0 0 0 0 5 0
C 140 00000088 0 0 0 0 5 0
C 141 00000088 0 0 0 0 5 0
C 142 00000088 0 0 0 0 5 0
C 143 00000088 1 0 0 1 5 0
C 144 00000088 0 0 0 0 5 0
R 145 23 00000088 0000006f
C 145 00000088 0 0 0 0 5 0
C 146 00000088 0 0 0 0 5 0
C 147 00000088 0 0 0 0 5 0
C 148 00000088 0 0 0 0 5 0
C 149 00000088 1 0 0 1 5 0
C 150 00000088 0 0 0 0 5 0
R 151 24 00000088 0000006f
C 151 00000088 0 0 0 0 5 0
C 152 00000088 0 0 0 0 5 0
C 153 00000088 0 0 0 0 5 0
C 154 00000088 0 0 0 0 5 0
C 155 00000088 1 0 0 1 5 0
C 156 00000088 0 0 0 0 5 0
R 157 25 00000088 0000006f
C 157 00000088 0 0 0 0 5 0
C 158 00000088 0 0 0 0 5 0
C 159 00000088 0 0 0 0 5 0
C 160 00000088 0 0 0 0 5 0
C 161 00000088 1 0 0 1 5 0
C 162 00000088 0 0 0 0 5 0
R 163 26 00000088 0000006f
C 163 00000088 0 0 0 0 5 0
C 164 00000088 0 0 0 0 5 0
C 165 00000088 0 0 0 0 5 0
C 166 00000088 0 0 0 0 5 0
C 167 00000088 1 0 0 1 5 0
C 168 00000088 0 0 0 0 5 0
R 169 27 00000088 0000006f
C 169 00000088 0 0 0 0 5 0
C 170 00000088 0 0 0 0 5 0
C 171 00000088 0 0 0 0 5 0
C 172 00000088 0 0 0 0 5 0
C 173 00000088 1 0 0 1 5 0
C 174 00000088 0 0 0 0 5 0
R 175 28 00000088 0000006f
C 175 00000088 0 0 0 0 5 0
C 176 00000088 0 0 0 0 5 0
C 177 00000088 0 0 0 0 5 0
C 178 00000088 0 0 0 0 5 0
C 179 00000088 1 0 0 1 5 0
R 181 29 00000088 0000006f
R 187 30 00000088 0000006f
R 193 31 00000088 0000006f
R 199 32 00000088 0000006f
R 205 33 00000088 0000006f
R 211 34 00000088 0000006f
R 217 35 00000088 0000006f
R 223 36 00000088 0000006f
R 229 37 00000088 0000006f
R 235 38 00000088 0000006f
R 241 39 00000088 0000006f
R 247 40 00000088 0000006f
R 253 41 00000088 0000006f
R 259 42 00000088 0000006f
R 265 43 00000088 0000006f
R 271 44 00000088 0000006f
R 277 45 00000088 0000006f
R 283 46 00000088 0000006f
R 289 47 00000088 0000006f
R 295 48 00000088 0000006f
R 301 49 00000088 0000006f
R 307 50 00000088 0000006f
R 313 51 00000088 0000006f
R 319 52 00000088 0000006f
R 325 53 00000088 0000006f
R 331 54 00000088 0000006f
R 337 55 00000088 0000006f
R 343 56 00000088 0000006f
R 349 57 00000088 0000006f
R 355 58 00000088 0000006f
R 361 59 00000088 0000006f
R 367 60 00000088 0000006f
R 373 61 00000088 0000006f
R 379 62 00000088 0000006f
R 385 63 00000088 0000006f
R 391 64 00000088 0000006f
R 397 65 00000088 0000006f
R 403 66 00000088 0000006f
R 409 67 00000088 0000006f
R 415 68 00000088 0000006f
R 421 69 00000088 0000006f
R 427 70 00000088 0000006f
R 433 71 00000088 0000006f
R 439 72 00000088 0000006f
R 445 73 00000088 0000006f
R 451 74 00000088 0000006f
R 457 75 00000088 0000006f
R 463 76 00000088 0000006f
R 469 77 00000088 0000006f
R 475 78 00000088 0000006f
R 481 79 00000088 0000006f
R 487 80 00000088 0000006f
R 493 81 00000088 0000006f
R 499 82 00000088 0000006f
R 505 83 00000088 0000006f
R 511 84 00000088 0000006f
R 517 85 00000088 0000006f
R 523 86 00000088 0000006f
R 529 87 00000088 0000006f
R 535 88 00000088 0000006f
R 541 89 00000088 0000006f
R 547 90 00000088 0000006f
R 553 91 00000088 0000006f
R 559 92 00000088 0000006f
R 565 93 00000088 0000006f
R 571 94 00000088 0000006f
R 577 95 00000088 0000006f
R 583 96 00000088 0000006f
R 589 97 00000088 0000006f
R 595 98 00000088 0000006f
R 601 99 00000088 0000006f
R 607 100 00000088 0000006f
R 613 101 00000088 0000006f
R 619 102 00000088 0000006f
R 625 103 00000088 0000006f
R 631 104 00000088 0000006f
R 637 105 00000088 0000006f
R 643 106 00000088 0000006f
R 649 107 00000088 0000006f
R 655 108 00000088 0000006f
R 661 109 00000088 0000006f
R 667 110 00000088 0000006f
R 673 111 00000088 0000006f
R 679 112 00000088 0000006f
R 685 113 00000088 0000006f
R 691 114 00000088 0000006f
R 697 115 00000088 0000006f
R 703 116 00000088 0000006f
R 709 117 00000088 0000006f
R 715 118 00000088 0000006f
R 721 119 00000088 0000006f
R 727 120 00000088 0000006f
R 733 121 00000088 0000006f
R 739 122 00000088 0000006f
R 745 123 00000088 0000006f
R 751 124 00000088 0000006f
R 757 125 00000088 0000006f
R 763 126 00000088 0000006f
R 769 127 00000088 0000006f
R 775 128 00000088 0000006f
R 781 129 00000088 0000006f
R 787 130 00000088 0000006f
R 793 131 00000088 0000006f
R 799 132 00000088 0000006f
R 805 133 00000088 0000006f
R 811 134 00000088 0000006f
R 817 135 00000088 0000006f
R 823 136 00000088 0000006f
R 829 137 00000088 0000006f
R 835 138 00000088 0000006f
R 841 139 00000088 0000006f
R 847 140 00000088 0000006f
R 853 141 00000088 0000006f
R 859 142 00000088 0000006f
R 865 143 00000088 0000006f
R 871 144 00000088 0000006f
R 877 145 00000088 0000006f
R 883 146 00000088 0000006f
R 889 147 00000088 0000006f
R 895 148 00000088 0000006f
R 901 149 00000088 0000006f
R 907 150 00000088 0000006f
R 913 151 00000088 0000006f
R 919 152 00000088 0000006f
R 925 153 00000088 0000006f
R 931 154 00000088 0000006f
R 937 155 00000088 0000006f
R 943 156 00000088 0000006f
R 949 157 00000088 0000006f
R 955 158 00000088 0000006f
R 961 159 00000088 0000006f
R 967 160 00000088 0000006f
R 973 161 00000088 0000006f
R 979 162 00000088 0000006f
R 985 163 00000088 0000006f
R 991 164 00000088 0000006f
R 997 165 00000088 0000006f
R 1003 166 00000088 0000006f
R 1009 167 00000088 0000006f
R 1015 168 00000088 0000006f
R 1021 169 00000088 0000006f
R 1027 170 00000088 0000006f
R 1033 171 00000088 0000006f
R 1039 172 00000088 0000006f
R 1045 173 00000088 0000006f
R 1051 174 00000088 0000006f
R 1057 175 00000088 0000006f
R 1063 176 00000088 0000006f
R 1069 177 00000088 0000006f
R 1075 178 00000088 0000006f
R 1081 179 00000088 0000006f
R 1087 180 00000088 0000006f
R 1093 181 00000088 0000006f
R 1099 182 00000088 0000006f
R 1105 183 00000088 0000006f
R 1111 184 00000088 0000006f
R 1117 185 00000088 0000006f
R 1123 186 00000088 0000006f
R 1129 187 00000088 0000006f
R 1135 188 00000088 0000006f
R 1141 189 00000088 0000006f
R 1147 190 00000088 0000006f
R 1153 191 00000088 0000006f
R 1159 192 00000088 0000006f
R 1165 193 00000088 0000006f
R 1171 194 00000088 0000006f
R 1177 195 00000088 0000006f
R 1183 196 00000088 0000006f
R 1189 197 00000088 0000006f
R 1195 198 00000088 0000006f
REG 0 00000000
REG 1 00000007
REG 2 00000000
REG 3 00000000
REG 4 00000000
REG 5 00000000
REG 6 00000000
REG 7 00000000
REG 8 00000000
REG 9 00000000
REG 10 00000000
REG 11 00000000
REG 12 00000000
REG 13 00000000
REG 14 00000000
REG 15 0000007b
REG 16 00000000
REG 17 00000000
REG 18 00000000
REG 19 00000000
REG 20 00000000
REG 21 00000000
REG 22 00000000
REG 23 00000000
REG 24 00000000
REG 25 00000000
REG 26 00000000
REG 27 00000000
REG 28 00000000
REG 29 00000000
REG 30 00000000
REG 31 00000000
COUNTS sleep=2 clocks=1194 ai=0 ab=0 am=0 ifetch=397 data=0 bitmap=0 hit=0 miss=0 dummy=0 expanded=0 predict=0 mispredict=0
FINISH
- /home/dungpc/ndmoney4porche/projects/ibex/doc/dungpc/microarchitecture/scripts/top_tb.sv:188: Verilog $finish
