CONFIG SEC=0 CACHE=0 PRED=0 DUAL=0 MODE=0 ZC=0 SCR=0 ICECC=0 OFFSET=1 PMP=0
C 3 00000000 0 0 0 1 0 0
C 4 00000000 0 0 0 1 1 0
C 5 00000000 0 0 0 0 4 0
CSRDBG 6 addr=000 priv=3 dec=0 csr=0 raw=1 pw=0 dbg=0 op=0
C 6 00000080 1 0 0 0 5 0
CSRDBG 7 addr=007 priv=3 dec=0 csr=0 raw=1 pw=0 dbg=0 op=0
C 7 00000082 1 0 0 0 5 0
W 8 1 00000007 000000000
CSRDBG 8 addr=001 priv=3 dec=0 csr=0 raw=1 pw=0 dbg=0 op=0
R 8 1 00000080 00000001
C 8 00000086 1 0 0 0 5 0
W 9 1 00000008 000000000
CSRDBG 9 addr=07b priv=3 dec=0 csr=0 raw=1 pw=0 dbg=0 op=0
R 9 2 00000082 00700093
C 9 00000088 1 0 0 0 5 0
W 10 31 0000007b 000000000
CSRDBG 10 addr=000 priv=3 dec=0 csr=0 raw=1 pw=0 dbg=0 op=0
R 10 3 00000086 00000085
C 10 0000008c 1 0 0 1 5 0
R 11 4 00000088 07b00f93
C 11 0000008c 0 0 0 0 5 0
CSRDBG 12 addr=000 priv=3 dec=0 csr=0 raw=1 pw=0 dbg=0 op=0
R 12 5 0000008c 0000006f
C 12 0000008c 1 0 0 1 5 0
C 13 0000008c 0 0 0 0 5 0
CSRDBG 14 addr=000 priv=3 dec=0 csr=0 raw=1 pw=0 dbg=0 op=0
R 14 6 0000008c 0000006f
C 14 0000008c 1 0 0 1 5 0
C 15 0000008c 0 0 0 0 5 0
CSRDBG 16 addr=000 priv=3 dec=0 csr=0 raw=1 pw=0 dbg=0 op=0
R 16 7 0000008c 0000006f
C 16 0000008c 1 0 0 1 5 0
C 17 0000008c 0 0 0 0 5 0
CSRDBG 18 addr=000 priv=3 dec=0 csr=0 raw=1 pw=0 dbg=0 op=0
R 18 8 0000008c 0000006f
C 18 0000008c 1 0 0 1 5 0
C 19 0000008c 0 0 0 0 5 0
CSRDBG 20 addr=000 priv=3 dec=0 csr=0 raw=1 pw=0 dbg=0 op=0
R 20 9 0000008c 0000006f
C 20 0000008c 1 0 0 1 5 0
C 21 0000008c 0 0 0 0 5 0
CSRDBG 22 addr=000 priv=3 dec=0 csr=0 raw=1 pw=0 dbg=0 op=0
R 22 10 0000008c 0000006f
C 22 0000008c 1 0 0 1 5 0
C 23 0000008c 0 0 0 0 5 0
CSRDBG 24 addr=000 priv=3 dec=0 csr=0 raw=1 pw=0 dbg=0 op=0
R 24 11 0000008c 0000006f
C 24 0000008c 1 0 0 1 5 0
C 25 0000008c 0 0 0 0 5 0
CSRDBG 26 addr=000 priv=3 dec=0 csr=0 raw=1 pw=0 dbg=0 op=0
R 26 12 0000008c 0000006f
C 26 0000008c 1 0 0 1 5 0
C 27 0000008c 0 0 0 0 5 0
CSRDBG 28 addr=000 priv=3 dec=0 csr=0 raw=1 pw=0 dbg=0 op=0
R 28 13 0000008c 0000006f
C 28 0000008c 1 0 0 1 5 0
C 29 0000008c 0 0 0 0 5 0
CSRDBG 30 addr=000 priv=3 dec=0 csr=0 raw=1 pw=0 dbg=0 op=0
R 30 14 0000008c 0000006f
C 30 0000008c 1 0 0 1 5 0
C 31 0000008c 0 0 0 0 5 0
CSRDBG 32 addr=000 priv=3 dec=0 csr=0 raw=1 pw=0 dbg=0 op=0
R 32 15 0000008c 0000006f
C 32 0000008c 1 0 0 1 5 0
C 33 0000008c 0 0 0 0 5 0
CSRDBG 34 addr=000 priv=3 dec=0 csr=0 raw=1 pw=0 dbg=0 op=0
R 34 16 0000008c 0000006f
C 34 0000008c 1 0 0 1 5 0
C 35 0000008c 0 0 0 0 5 0
CSRDBG 36 addr=000 priv=3 dec=0 csr=0 raw=1 pw=0 dbg=0 op=0
R 36 17 0000008c 0000006f
C 36 0000008c 1 0 0 1 5 0
C 37 0000008c 0 0 0 0 5 0
CSRDBG 38 addr=000 priv=3 dec=0 csr=0 raw=1 pw=0 dbg=0 op=0
R 38 18 0000008c 0000006f
C 38 0000008c 1 0 0 1 5 0
C 39 0000008c 0 0 0 0 5 0
CSRDBG 40 addr=000 priv=3 dec=0 csr=0 raw=1 pw=0 dbg=0 op=0
R 40 19 0000008c 0000006f
C 40 0000008c 1 0 0 1 5 0
C 41 0000008c 0 0 0 0 5 0
CSRDBG 42 addr=000 priv=3 dec=0 csr=0 raw=1 pw=0 dbg=0 op=0
R 42 20 0000008c 0000006f
C 42 0000008c 1 0 0 1 5 0
C 43 0000008c 0 0 0 0 5 0
CSRDBG 44 addr=000 priv=3 dec=0 csr=0 raw=1 pw=0 dbg=0 op=0
R 44 21 0000008c 0000006f
C 44 0000008c 1 0 0 1 5 0
C 45 0000008c 0 0 0 0 5 0
CSRDBG 46 addr=000 priv=3 dec=0 csr=0 raw=1 pw=0 dbg=0 op=0
R 46 22 0000008c 0000006f
C 46 0000008c 1 0 0 1 5 0
C 47 0000008c 0 0 0 0 5 0
CSRDBG 48 addr=000 priv=3 dec=0 csr=0 raw=1 pw=0 dbg=0 op=0
R 48 23 0000008c 0000006f
C 48 0000008c 1 0 0 1 5 0
C 49 0000008c 0 0 0 0 5 0
CSRDBG 50 addr=000 priv=3 dec=0 csr=0 raw=1 pw=0 dbg=0 op=0
R 50 24 0000008c 0000006f
C 50 0000008c 1 0 0 1 5 0
C 51 0000008c 0 0 0 0 5 0
CSRDBG 52 addr=000 priv=3 dec=0 csr=0 raw=1 pw=0 dbg=0 op=0
R 52 25 0000008c 0000006f
C 52 0000008c 1 0 0 1 5 0
C 53 0000008c 0 0 0 0 5 0
CSRDBG 54 addr=000 priv=3 dec=0 csr=0 raw=1 pw=0 dbg=0 op=0
R 54 26 0000008c 0000006f
C 54 0000008c 1 0 0 1 5 0
C 55 0000008c 0 0 0 0 5 0
CSRDBG 56 addr=000 priv=3 dec=0 csr=0 raw=1 pw=0 dbg=0 op=0
R 56 27 0000008c 0000006f
C 56 0000008c 1 0 0 1 5 0
C 57 0000008c 0 0 0 0 5 0
CSRDBG 58 addr=000 priv=3 dec=0 csr=0 raw=1 pw=0 dbg=0 op=0
R 58 28 0000008c 0000006f
C 58 0000008c 1 0 0 1 5 0
C 59 0000008c 0 0 0 0 5 0
CSRDBG 60 addr=000 priv=3 dec=0 csr=0 raw=1 pw=0 dbg=0 op=0
R 60 29 0000008c 0000006f
C 60 0000008c 1 0 0 1 5 0
C 61 0000008c 0 0 0 0 5 0
CSRDBG 62 addr=000 priv=3 dec=0 csr=0 raw=1 pw=0 dbg=0 op=0
R 62 30 0000008c 0000006f
C 62 0000008c 1 0 0 1 5 0
C 63 0000008c 0 0 0 0 5 0
CSRDBG 64 addr=000 priv=3 dec=0 csr=0 raw=1 pw=0 dbg=0 op=0
R 64 31 0000008c 0000006f
C 64 0000008c 1 0 0 1 5 0
C 65 0000008c 0 0 0 0 5 0
CSRDBG 66 addr=000 priv=3 dec=0 csr=0 raw=1 pw=0 dbg=0 op=0
R 66 32 0000008c 0000006f
C 66 0000008c 1 0 0 1 5 0
C 67 0000008c 0 0 0 0 5 0
CSRDBG 68 addr=000 priv=3 dec=0 csr=0 raw=1 pw=0 dbg=0 op=0
R 68 33 0000008c 0000006f
C 68 0000008c 1 0 0 1 5 0
C 69 0000008c 0 0 0 0 5 0
CSRDBG 70 addr=000 priv=3 dec=0 csr=0 raw=1 pw=0 dbg=0 op=0
R 70 34 0000008c 0000006f
C 70 0000008c 1 0 0 1 5 0
C 71 0000008c 0 0 0 0 5 0
CSRDBG 72 addr=000 priv=3 dec=0 csr=0 raw=1 pw=0 dbg=0 op=0
R 72 35 0000008c 0000006f
C 72 0000008c 1 0 0 1 5 0
C 73 0000008c 0 0 0 0 5 0
CSRDBG 74 addr=000 priv=3 dec=0 csr=0 raw=1 pw=0 dbg=0 op=0
R 74 36 0000008c 0000006f
C 74 0000008c 1 0 0 1 5 0
C 75 0000008c 0 0 0 0 5 0
CSRDBG 76 addr=000 priv=3 dec=0 csr=0 raw=1 pw=0 dbg=0 op=0
R 76 37 0000008c 0000006f
C 76 0000008c 1 0 0 1 5 0
C 77 0000008c 0 0 0 0 5 0
CSRDBG 78 addr=000 priv=3 dec=0 csr=0 raw=1 pw=0 dbg=0 op=0
R 78 38 0000008c 0000006f
C 78 0000008c 1 0 0 1 5 0
C 79 0000008c 0 0 0 0 5 0
R 80 39 0000008c 0000006f
C 80 0000008c 1 0 0 1 5 0
C 81 0000008c 0 0 0 0 5 0
R 82 40 0000008c 0000006f
C 82 0000008c 1 0 0 1 5 0
C 83 0000008c 0 0 0 0 5 0
R 84 41 0000008c 0000006f
C 84 0000008c 1 0 0 1 5 0
C 85 0000008c 0 0 0 0 5 0
R 86 42 0000008c 0000006f
C 86 0000008c 1 0 0 1 5 0
C 87 0000008c 0 0 0 0 5 0
R 88 43 0000008c 0000006f
C 88 0000008c 1 0 0 1 5 0
C 89 0000008c 0 0 0 0 5 0
R 90 44 0000008c 0000006f
C 90 0000008c 1 0 0 1 5 0
C 91 0000008c 0 0 0 0 5 0
R 92 45 0000008c 0000006f
C 92 0000008c 1 0 0 1 5 0
C 93 0000008c 0 0 0 0 5 0
R 94 46 0000008c 0000006f
C 94 0000008c 1 0 0 1 5 0
C 95 0000008c 0 0 0 0 5 0
R 96 47 0000008c 0000006f
C 96 0000008c 1 0 0 1 5 0
C 97 0000008c 0 0 0 0 5 0
R 98 48 0000008c 0000006f
C 98 0000008c 1 0 0 1 5 0
C 99 0000008c 0 0 0 0 5 0
R 100 49 0000008c 0000006f
C 100 0000008c 1 0 0 1 5 0
C 101 0000008c 0 0 0 0 5 0
R 102 50 0000008c 0000006f
C 102 0000008c 1 0 0 1 5 0
C 103 0000008c 0 0 0 0 5 0
R 104 51 0000008c 0000006f
C 104 0000008c 1 0 0 1 5 0
C 105 0000008c 0 0 0 0 5 0
R 106 52 0000008c 0000006f
C 106 0000008c 1 0 0 1 5 0
C 107 0000008c 0 0 0 0 5 0
R 108 53 0000008c 0000006f
C 108 0000008c 1 0 0 1 5 0
C 109 0000008c 0 0 0 0 5 0
R 110 54 0000008c 0000006f
C 110 0000008c 1 0 0 1 5 0
C 111 0000008c 0 0 0 0 5 0
R 112 55 0000008c 0000006f
C 112 0000008c 1 0 0 1 5 0
C 113 0000008c 0 0 0 0 5 0
R 114 56 0000008c 0000006f
C 114 0000008c 1 0 0 1 5 0
C 115 0000008c 0 0 0 0 5 0
R 116 57 0000008c 0000006f
C 116 0000008c 1 0 0 1 5 0
C 117 0000008c 0 0 0 0 5 0
R 118 58 0000008c 0000006f
C 118 0000008c 1 0 0 1 5 0
C 119 0000008c 0 0 0 0 5 0
R 120 59 0000008c 0000006f
C 120 0000008c 1 0 0 1 5 0
C 121 0000008c 0 0 0 0 5 0
R 122 60 0000008c 0000006f
C 122 0000008c 1 0 0 1 5 0
C 123 0000008c 0 0 0 0 5 0
R 124 61 0000008c 0000006f
C 124 0000008c 1 0 0 1 5 0
C 125 0000008c 0 0 0 0 5 0
R 126 62 0000008c 0000006f
C 126 0000008c 1 0 0 1 5 0
C 127 0000008c 0 0 0 0 5 0
R 128 63 0000008c 0000006f
C 128 0000008c 1 0 0 1 5 0
C 129 0000008c 0 0 0 0 5 0
R 130 64 0000008c 0000006f
C 130 0000008c 1 0 0 1 5 0
C 131 0000008c 0 0 0 0 5 0
R 132 65 0000008c 0000006f
C 132 0000008c 1 0 0 1 5 0
C 133 0000008c 0 0 0 0 5 0
R 134 66 0000008c 0000006f
C 134 0000008c 1 0 0 1 5 0
C 135 0000008c 0 0 0 0 5 0
R 136 67 0000008c 0000006f
C 136 0000008c 1 0 0 1 5 0
C 137 0000008c 0 0 0 0 5 0
R 138 68 0000008c 0000006f
C 138 0000008c 1 0 0 1 5 0
C 139 0000008c 0 0 0 0 5 0
R 140 69 0000008c 0000006f
C 140 0000008c 1 0 0 1 5 0
C 141 0000008c 0 0 0 0 5 0
R 142 70 0000008c 0000006f
C 142 0000008c 1 0 0 1 5 0
C 143 0000008c 0 0 0 0 5 0
R 144 71 0000008c 0000006f
C 144 0000008c 1 0 0 1 5 0
C 145 0000008c 0 0 0 0 5 0
R 146 72 0000008c 0000006f
C 146 0000008c 1 0 0 1 5 0
C 147 0000008c 0 0 0 0 5 0
R 148 73 0000008c 0000006f
C 148 0000008c 1 0 0 1 5 0
C 149 0000008c 0 0 0 0 5 0
R 150 74 0000008c 0000006f
C 150 0000008c 1 0 0 1 5 0
C 151 0000008c 0 0 0 0 5 0
R 152 75 0000008c 0000006f
C 152 0000008c 1 0 0 1 5 0
C 153 0000008c 0 0 0 0 5 0
R 154 76 0000008c 0000006f
C 154 0000008c 1 0 0 1 5 0
C 155 0000008c 0 0 0 0 5 0
R 156 77 0000008c 0000006f
C 156 0000008c 1 0 0 1 5 0
C 157 0000008c 0 0 0 0 5 0
R 158 78 0000008c 0000006f
C 158 0000008c 1 0 0 1 5 0
C 159 0000008c 0 0 0 0 5 0
R 160 79 0000008c 0000006f
C 160 0000008c 1 0 0 1 5 0
C 161 0000008c 0 0 0 0 5 0
R 162 80 0000008c 0000006f
C 162 0000008c 1 0 0 1 5 0
C 163 0000008c 0 0 0 0 5 0
R 164 81 0000008c 0000006f
C 164 0000008c 1 0 0 1 5 0
C 165 0000008c 0 0 0 0 5 0
R 166 82 0000008c 0000006f
C 166 0000008c 1 0 0 1 5 0
C 167 0000008c 0 0 0 0 5 0
R 168 83 0000008c 0000006f
C 168 0000008c 1 0 0 1 5 0
C 169 0000008c 0 0 0 0 5 0
R 170 84 0000008c 0000006f
C 170 0000008c 1 0 0 1 5 0
C 171 0000008c 0 0 0 0 5 0
R 172 85 0000008c 0000006f
C 172 0000008c 1 0 0 1 5 0
C 173 0000008c 0 0 0 0 5 0
R 174 86 0000008c 0000006f
C 174 0000008c 1 0 0 1 5 0
C 175 0000008c 0 0 0 0 5 0
R 176 87 0000008c 0000006f
C 176 0000008c 1 0 0 1 5 0
C 177 0000008c 0 0 0 0 5 0
R 178 88 0000008c 0000006f
C 178 0000008c 1 0 0 1 5 0
C 179 0000008c 0 0 0 0 5 0
R 180 89 0000008c 0000006f
R 182 90 0000008c 0000006f
R 184 91 0000008c 0000006f
R 186 92 0000008c 0000006f
R 188 93 0000008c 0000006f
R 190 94 0000008c 0000006f
R 192 95 0000008c 0000006f
R 194 96 0000008c 0000006f
R 196 97 0000008c 0000006f
R 198 98 0000008c 0000006f
R 200 99 0000008c 0000006f
R 202 100 0000008c 0000006f
R 204 101 0000008c 0000006f
R 206 102 0000008c 0000006f
R 208 103 0000008c 0000006f
R 210 104 0000008c 0000006f
R 212 105 0000008c 0000006f
R 214 106 0000008c 0000006f
R 216 107 0000008c 0000006f
R 218 108 0000008c 0000006f
R 220 109 0000008c 0000006f
R 222 110 0000008c 0000006f
R 224 111 0000008c 0000006f
R 226 112 0000008c 0000006f
R 228 113 0000008c 0000006f
R 230 114 0000008c 0000006f
R 232 115 0000008c 0000006f
R 234 116 0000008c 0000006f
R 236 117 0000008c 0000006f
R 238 118 0000008c 0000006f
R 240 119 0000008c 0000006f
R 242 120 0000008c 0000006f
R 244 121 0000008c 0000006f
R 246 122 0000008c 0000006f
R 248 123 0000008c 0000006f
R 250 124 0000008c 0000006f
R 252 125 0000008c 0000006f
R 254 126 0000008c 0000006f
R 256 127 0000008c 0000006f
R 258 128 0000008c 0000006f
R 260 129 0000008c 0000006f
R 262 130 0000008c 0000006f
R 264 131 0000008c 0000006f
R 266 132 0000008c 0000006f
R 268 133 0000008c 0000006f
R 270 134 0000008c 0000006f
R 272 135 0000008c 0000006f
R 274 136 0000008c 0000006f
R 276 137 0000008c 0000006f
R 278 138 0000008c 0000006f
R 280 139 0000008c 0000006f
R 282 140 0000008c 0000006f
R 284 141 0000008c 0000006f
R 286 142 0000008c 0000006f
R 288 143 0000008c 0000006f
R 290 144 0000008c 0000006f
R 292 145 0000008c 0000006f
R 294 146 0000008c 0000006f
R 296 147 0000008c 0000006f
R 298 148 0000008c 0000006f
R 300 149 0000008c 0000006f
R 302 150 0000008c 0000006f
R 304 151 0000008c 0000006f
R 306 152 0000008c 0000006f
R 308 153 0000008c 0000006f
R 310 154 0000008c 0000006f
R 312 155 0000008c 0000006f
R 314 156 0000008c 0000006f
R 316 157 0000008c 0000006f
R 318 158 0000008c 0000006f
R 320 159 0000008c 0000006f
R 322 160 0000008c 0000006f
R 324 161 0000008c 0000006f
R 326 162 0000008c 0000006f
R 328 163 0000008c 0000006f
R 330 164 0000008c 0000006f
R 332 165 0000008c 0000006f
R 334 166 0000008c 0000006f
R 336 167 0000008c 0000006f
R 338 168 0000008c 0000006f
R 340 169 0000008c 0000006f
R 342 170 0000008c 0000006f
R 344 171 0000008c 0000006f
R 346 172 0000008c 0000006f
R 348 173 0000008c 0000006f
R 350 174 0000008c 0000006f
R 352 175 0000008c 0000006f
R 354 176 0000008c 0000006f
R 356 177 0000008c 0000006f
R 358 178 0000008c 0000006f
R 360 179 0000008c 0000006f
R 362 180 0000008c 0000006f
R 364 181 0000008c 0000006f
R 366 182 0000008c 0000006f
R 368 183 0000008c 0000006f
R 370 184 0000008c 0000006f
R 372 185 0000008c 0000006f
R 374 186 0000008c 0000006f
R 376 187 0000008c 0000006f
R 378 188 0000008c 0000006f
R 380 189 0000008c 0000006f
R 382 190 0000008c 0000006f
R 384 191 0000008c 0000006f
R 386 192 0000008c 0000006f
R 388 193 0000008c 0000006f
R 390 194 0000008c 0000006f
R 392 195 0000008c 0000006f
R 394 196 0000008c 0000006f
R 396 197 0000008c 0000006f
R 398 198 0000008c 0000006f
R 400 199 0000008c 0000006f
R 402 200 0000008c 0000006f
R 404 201 0000008c 0000006f
R 406 202 0000008c 0000006f
R 408 203 0000008c 0000006f
R 410 204 0000008c 0000006f
R 412 205 0000008c 0000006f
R 414 206 0000008c 0000006f
R 416 207 0000008c 0000006f
R 418 208 0000008c 0000006f
R 420 209 0000008c 0000006f
R 422 210 0000008c 0000006f
R 424 211 0000008c 0000006f
R 426 212 0000008c 0000006f
R 428 213 0000008c 0000006f
R 430 214 0000008c 0000006f
R 432 215 0000008c 0000006f
R 434 216 0000008c 0000006f
R 436 217 0000008c 0000006f
R 438 218 0000008c 0000006f
R 440 219 0000008c 0000006f
R 442 220 0000008c 0000006f
R 444 221 0000008c 0000006f
R 446 222 0000008c 0000006f
R 448 223 0000008c 0000006f
R 450 224 0000008c 0000006f
R 452 225 0000008c 0000006f
R 454 226 0000008c 0000006f
R 456 227 0000008c 0000006f
R 458 228 0000008c 0000006f
R 460 229 0000008c 0000006f
R 462 230 0000008c 0000006f
R 464 231 0000008c 0000006f
R 466 232 0000008c 0000006f
R 468 233 0000008c 0000006f
R 470 234 0000008c 0000006f
R 472 235 0000008c 0000006f
R 474 236 0000008c 0000006f
R 476 237 0000008c 0000006f
R 478 238 0000008c 0000006f
R 480 239 0000008c 0000006f
R 482 240 0000008c 0000006f
R 484 241 0000008c 0000006f
R 486 242 0000008c 0000006f
R 488 243 0000008c 0000006f
R 490 244 0000008c 0000006f
R 492 245 0000008c 0000006f
R 494 246 0000008c 0000006f
R 496 247 0000008c 0000006f
R 498 248 0000008c 0000006f
R 500 249 0000008c 0000006f
R 502 250 0000008c 0000006f
R 504 251 0000008c 0000006f
R 506 252 0000008c 0000006f
R 508 253 0000008c 0000006f
R 510 254 0000008c 0000006f
R 512 255 0000008c 0000006f
R 514 256 0000008c 0000006f
R 516 257 0000008c 0000006f
R 518 258 0000008c 0000006f
R 520 259 0000008c 0000006f
R 522 260 0000008c 0000006f
R 524 261 0000008c 0000006f
R 526 262 0000008c 0000006f
R 528 263 0000008c 0000006f
R 530 264 0000008c 0000006f
R 532 265 0000008c 0000006f
R 534 266 0000008c 0000006f
R 536 267 0000008c 0000006f
R 538 268 0000008c 0000006f
R 540 269 0000008c 0000006f
R 542 270 0000008c 0000006f
R 544 271 0000008c 0000006f
R 546 272 0000008c 0000006f
R 548 273 0000008c 0000006f
R 550 274 0000008c 0000006f
R 552 275 0000008c 0000006f
R 554 276 0000008c 0000006f
R 556 277 0000008c 0000006f
R 558 278 0000008c 0000006f
R 560 279 0000008c 0000006f
R 562 280 0000008c 0000006f
R 564 281 0000008c 0000006f
R 566 282 0000008c 0000006f
R 568 283 0000008c 0000006f
R 570 284 0000008c 0000006f
R 572 285 0000008c 0000006f
R 574 286 0000008c 0000006f
R 576 287 0000008c 0000006f
R 578 288 0000008c 0000006f
R 580 289 0000008c 0000006f
R 582 290 0000008c 0000006f
R 584 291 0000008c 0000006f
R 586 292 0000008c 0000006f
R 588 293 0000008c 0000006f
R 590 294 0000008c 0000006f
R 592 295 0000008c 0000006f
R 594 296 0000008c 0000006f
R 596 297 0000008c 0000006f
R 598 298 0000008c 0000006f
R 600 299 0000008c 0000006f
R 602 300 0000008c 0000006f
R 604 301 0000008c 0000006f
R 606 302 0000008c 0000006f
R 608 303 0000008c 0000006f
R 610 304 0000008c 0000006f
R 612 305 0000008c 0000006f
R 614 306 0000008c 0000006f
R 616 307 0000008c 0000006f
R 618 308 0000008c 0000006f
R 620 309 0000008c 0000006f
R 622 310 0000008c 0000006f
R 624 311 0000008c 0000006f
R 626 312 0000008c 0000006f
R 628 313 0000008c 0000006f
R 630 314 0000008c 0000006f
R 632 315 0000008c 0000006f
R 634 316 0000008c 0000006f
R 636 317 0000008c 0000006f
R 638 318 0000008c 0000006f
R 640 319 0000008c 0000006f
R 642 320 0000008c 0000006f
R 644 321 0000008c 0000006f
R 646 322 0000008c 0000006f
R 648 323 0000008c 0000006f
R 650 324 0000008c 0000006f
R 652 325 0000008c 0000006f
R 654 326 0000008c 0000006f
R 656 327 0000008c 0000006f
R 658 328 0000008c 0000006f
R 660 329 0000008c 0000006f
R 662 330 0000008c 0000006f
R 664 331 0000008c 0000006f
R 666 332 0000008c 0000006f
R 668 333 0000008c 0000006f
R 670 334 0000008c 0000006f
R 672 335 0000008c 0000006f
R 674 336 0000008c 0000006f
R 676 337 0000008c 0000006f
R 678 338 0000008c 0000006f
R 680 339 0000008c 0000006f
R 682 340 0000008c 0000006f
R 684 341 0000008c 0000006f
R 686 342 0000008c 0000006f
R 688 343 0000008c 0000006f
R 690 344 0000008c 0000006f
R 692 345 0000008c 0000006f
R 694 346 0000008c 0000006f
R 696 347 0000008c 0000006f
R 698 348 0000008c 0000006f
R 700 349 0000008c 0000006f
R 702 350 0000008c 0000006f
R 704 351 0000008c 0000006f
R 706 352 0000008c 0000006f
R 708 353 0000008c 0000006f
R 710 354 0000008c 0000006f
R 712 355 0000008c 0000006f
R 714 356 0000008c 0000006f
R 716 357 0000008c 0000006f
R 718 358 0000008c 0000006f
R 720 359 0000008c 0000006f
R 722 360 0000008c 0000006f
R 724 361 0000008c 0000006f
R 726 362 0000008c 0000006f
R 728 363 0000008c 0000006f
R 730 364 0000008c 0000006f
R 732 365 0000008c 0000006f
R 734 366 0000008c 0000006f
R 736 367 0000008c 0000006f
R 738 368 0000008c 0000006f
R 740 369 0000008c 0000006f
R 742 370 0000008c 0000006f
R 744 371 0000008c 0000006f
R 746 372 0000008c 0000006f
R 748 373 0000008c 0000006f
R 750 374 0000008c 0000006f
R 752 375 0000008c 0000006f
R 754 376 0000008c 0000006f
R 756 377 0000008c 0000006f
R 758 378 0000008c 0000006f
R 760 379 0000008c 0000006f
R 762 380 0000008c 0000006f
R 764 381 0000008c 0000006f
R 766 382 0000008c 0000006f
R 768 383 0000008c 0000006f
R 770 384 0000008c 0000006f
R 772 385 0000008c 0000006f
R 774 386 0000008c 0000006f
R 776 387 0000008c 0000006f
R 778 388 0000008c 0000006f
R 780 389 0000008c 0000006f
R 782 390 0000008c 0000006f
R 784 391 0000008c 0000006f
R 786 392 0000008c 0000006f
R 788 393 0000008c 0000006f
R 790 394 0000008c 0000006f
R 792 395 0000008c 0000006f
R 794 396 0000008c 0000006f
R 796 397 0000008c 0000006f
R 798 398 0000008c 0000006f
R 800 399 0000008c 0000006f
R 802 400 0000008c 0000006f
R 804 401 0000008c 0000006f
R 806 402 0000008c 0000006f
R 808 403 0000008c 0000006f
R 810 404 0000008c 0000006f
R 812 405 0000008c 0000006f
R 814 406 0000008c 0000006f
R 816 407 0000008c 0000006f
R 818 408 0000008c 0000006f
R 820 409 0000008c 0000006f
R 822 410 0000008c 0000006f
R 824 411 0000008c 0000006f
R 826 412 0000008c 0000006f
R 828 413 0000008c 0000006f
R 830 414 0000008c 0000006f
R 832 415 0000008c 0000006f
R 834 416 0000008c 0000006f
R 836 417 0000008c 0000006f
R 838 418 0000008c 0000006f
R 840 419 0000008c 0000006f
R 842 420 0000008c 0000006f
R 844 421 0000008c 0000006f
R 846 422 0000008c 0000006f
R 848 423 0000008c 0000006f
R 850 424 0000008c 0000006f
R 852 425 0000008c 0000006f
R 854 426 0000008c 0000006f
R 856 427 0000008c 0000006f
R 858 428 0000008c 0000006f
R 860 429 0000008c 0000006f
R 862 430 0000008c 0000006f
R 864 431 0000008c 0000006f
R 866 432 0000008c 0000006f
R 868 433 0000008c 0000006f
R 870 434 0000008c 0000006f
R 872 435 0000008c 0000006f
R 874 436 0000008c 0000006f
R 876 437 0000008c 0000006f
R 878 438 0000008c 0000006f
R 880 439 0000008c 0000006f
R 882 440 0000008c 0000006f
R 884 441 0000008c 0000006f
R 886 442 0000008c 0000006f
R 888 443 0000008c 0000006f
R 890 444 0000008c 0000006f
R 892 445 0000008c 0000006f
R 894 446 0000008c 0000006f
R 896 447 0000008c 0000006f
R 898 448 0000008c 0000006f
R 900 449 0000008c 0000006f
R 902 450 0000008c 0000006f
R 904 451 0000008c 0000006f
R 906 452 0000008c 0000006f
R 908 453 0000008c 0000006f
R 910 454 0000008c 0000006f
R 912 455 0000008c 0000006f
R 914 456 0000008c 0000006f
R 916 457 0000008c 0000006f
R 918 458 0000008c 0000006f
R 920 459 0000008c 0000006f
R 922 460 0000008c 0000006f
R 924 461 0000008c 0000006f
R 926 462 0000008c 0000006f
R 928 463 0000008c 0000006f
R 930 464 0000008c 0000006f
R 932 465 0000008c 0000006f
R 934 466 0000008c 0000006f
R 936 467 0000008c 0000006f
R 938 468 0000008c 0000006f
R 940 469 0000008c 0000006f
R 942 470 0000008c 0000006f
R 944 471 0000008c 0000006f
R 946 472 0000008c 0000006f
R 948 473 0000008c 0000006f
R 950 474 0000008c 0000006f
R 952 475 0000008c 0000006f
R 954 476 0000008c 0000006f
R 956 477 0000008c 0000006f
R 958 478 0000008c 0000006f
R 960 479 0000008c 0000006f
R 962 480 0000008c 0000006f
R 964 481 0000008c 0000006f
R 966 482 0000008c 0000006f
R 968 483 0000008c 0000006f
R 970 484 0000008c 0000006f
R 972 485 0000008c 0000006f
R 974 486 0000008c 0000006f
R 976 487 0000008c 0000006f
R 978 488 0000008c 0000006f
R 980 489 0000008c 0000006f
R 982 490 0000008c 0000006f
R 984 491 0000008c 0000006f
R 986 492 0000008c 0000006f
R 988 493 0000008c 0000006f
R 990 494 0000008c 0000006f
R 992 495 0000008c 0000006f
R 994 496 0000008c 0000006f
R 996 497 0000008c 0000006f
R 998 498 0000008c 0000006f
R 1000 499 0000008c 0000006f
R 1002 500 0000008c 0000006f
R 1004 501 0000008c 0000006f
R 1006 502 0000008c 0000006f
R 1008 503 0000008c 0000006f
R 1010 504 0000008c 0000006f
R 1012 505 0000008c 0000006f
R 1014 506 0000008c 0000006f
R 1016 507 0000008c 0000006f
R 1018 508 0000008c 0000006f
R 1020 509 0000008c 0000006f
R 1022 510 0000008c 0000006f
R 1024 511 0000008c 0000006f
R 1026 512 0000008c 0000006f
R 1028 513 0000008c 0000006f
R 1030 514 0000008c 0000006f
R 1032 515 0000008c 0000006f
R 1034 516 0000008c 0000006f
R 1036 517 0000008c 0000006f
R 1038 518 0000008c 0000006f
R 1040 519 0000008c 0000006f
R 1042 520 0000008c 0000006f
R 1044 521 0000008c 0000006f
R 1046 522 0000008c 0000006f
R 1048 523 0000008c 0000006f
R 1050 524 0000008c 0000006f
R 1052 525 0000008c 0000006f
R 1054 526 0000008c 0000006f
R 1056 527 0000008c 0000006f
R 1058 528 0000008c 0000006f
R 1060 529 0000008c 0000006f
R 1062 530 0000008c 0000006f
R 1064 531 0000008c 0000006f
R 1066 532 0000008c 0000006f
R 1068 533 0000008c 0000006f
R 1070 534 0000008c 0000006f
R 1072 535 0000008c 0000006f
R 1074 536 0000008c 0000006f
R 1076 537 0000008c 0000006f
R 1078 538 0000008c 0000006f
R 1080 539 0000008c 0000006f
R 1082 540 0000008c 0000006f
R 1084 541 0000008c 0000006f
R 1086 542 0000008c 0000006f
R 1088 543 0000008c 0000006f
R 1090 544 0000008c 0000006f
R 1092 545 0000008c 0000006f
R 1094 546 0000008c 0000006f
R 1096 547 0000008c 0000006f
R 1098 548 0000008c 0000006f
R 1100 549 0000008c 0000006f
R 1102 550 0000008c 0000006f
R 1104 551 0000008c 0000006f
R 1106 552 0000008c 0000006f
R 1108 553 0000008c 0000006f
R 1110 554 0000008c 0000006f
R 1112 555 0000008c 0000006f
R 1114 556 0000008c 0000006f
R 1116 557 0000008c 0000006f
R 1118 558 0000008c 0000006f
R 1120 559 0000008c 0000006f
R 1122 560 0000008c 0000006f
R 1124 561 0000008c 0000006f
R 1126 562 0000008c 0000006f
R 1128 563 0000008c 0000006f
R 1130 564 0000008c 0000006f
R 1132 565 0000008c 0000006f
R 1134 566 0000008c 0000006f
R 1136 567 0000008c 0000006f
R 1138 568 0000008c 0000006f
R 1140 569 0000008c 0000006f
R 1142 570 0000008c 0000006f
R 1144 571 0000008c 0000006f
R 1146 572 0000008c 0000006f
R 1148 573 0000008c 0000006f
R 1150 574 0000008c 0000006f
R 1152 575 0000008c 0000006f
R 1154 576 0000008c 0000006f
R 1156 577 0000008c 0000006f
R 1158 578 0000008c 0000006f
R 1160 579 0000008c 0000006f
R 1162 580 0000008c 0000006f
R 1164 581 0000008c 0000006f
R 1166 582 0000008c 0000006f
R 1168 583 0000008c 0000006f
R 1170 584 0000008c 0000006f
R 1172 585 0000008c 0000006f
R 1174 586 0000008c 0000006f
R 1176 587 0000008c 0000006f
R 1178 588 0000008c 0000006f
R 1180 589 0000008c 0000006f
R 1182 590 0000008c 0000006f
R 1184 591 0000008c 0000006f
R 1186 592 0000008c 0000006f
R 1188 593 0000008c 0000006f
R 1190 594 0000008c 0000006f
R 1192 595 0000008c 0000006f
R 1194 596 0000008c 0000006f
R 1196 597 0000008c 0000006f
R 1198 598 0000008c 0000006f
REG 0 00000000
REG 1 00000008
REG 2 00000000
REG 3 00000000
REG 4 00000000
REG 5 00000000
REG 6 00000000
REG 7 00000000
REG 8 00000000
REG 9 00000000
REG 10 00000000
REG 11 00000000
REG 12 00000000
REG 13 00000000
REG 14 00000000
REG 15 00000000
REG 16 00000000
REG 17 00000000
REG 18 00000000
REG 19 00000000
REG 20 00000000
REG 21 00000000
REG 22 00000000
REG 23 00000000
REG 24 00000000
REG 25 00000000
REG 26 00000000
REG 27 00000000
REG 28 00000000
REG 29 00000000
REG 30 00000000
REG 31 0000007b
COUNTS sleep=1 clocks=1197 ai=0 ab=0 am=0 ifetch=1196 data=0 bitmap=0 hit=0 miss=0 dummy=0 expanded=0 predict=0 mispredict=0
FINISH
- /home/dungpc/ndmoney4porche/projects/ibex/doc/dungpc/microarchitecture/scripts/top_tb.sv:188: Verilog $finish
