CONFIG SEC=0 CACHE=0 PRED=0 DUAL=0 MODE=0 ZC=0 SCR=0 ICECC=0 OFFSET=1 PMP=0
C 3 00000000 0 0 0 1 0 0
C 4 00000000 0 0 0 1 1 0
C 5 00000000 0 0 0 0 4 0
C 6 00000000 0 0 0 0 5 0
C 7 00000000 0 0 0 0 5 0
C 8 00000000 0 0 0 0 5 0
C 9 00000000 0 0 0 0 5 0
C 10 00000000 0 0 0 0 5 0
CSRDBG 11 addr=080 priv=3 dec=0 csr=0 raw=1 pw=0 dbg=0 op=0
C 11 00000080 1 0 0 0 5 0
W 12 1 00000080 000000000
C 12 00000080 0 0 0 0 5 0
R 13 1 00000080 08000093
C 13 00000080 0 0 0 0 5 0
CSRDBG 14 addr=304 priv=3 dec=0 csr=0 raw=0 pw=0 dbg=0 op=1
C 14 00000084 1 0 0 0 5 0
CSRDBG 15 addr=304 priv=3 dec=0 csr=0 raw=0 pw=0 dbg=0 op=1
C 15 00000084 1 0 0 0 6 0
R 16 2 00000084 30409073
C 16 00000084 0 0 0 0 5 0
CSRDBG 17 addr=105 priv=3 dec=0 csr=0 raw=1 pw=0 dbg=0 op=0
C 17 00000088 1 0 0 0 5 0
CSRDBG 18 addr=105 priv=3 dec=0 csr=0 raw=1 pw=0 dbg=0 op=0
C 18 00000088 1 0 0 0 6 0
R 19 3 00000088 10500073
C 19 00000088 0 0 0 0 2 0
C 20 00000088 0 0 0 0 3 0
C 21 00000088 0 0 0 0 3 0
C 22 00000088 0 0 0 0 3 0
C 23 00000088 0 0 0 0 3 0
EVENT 81 1
C 81 00000088 0 0 0 0 3 0
C 82 00000088 0 0 0 0 4 0
C 83 0000008c 1 0 0 0 5 0
W 84 15 0000007b 000000000
C 84 00000090 1 0 0 1 5 0
R 85 4 0000008c 07b00793
C 85 00000090 0 0 0 0 5 0
R 86 5 00000090 0000006f
C 86 00000090 0 0 0 0 5 0
C 87 00000090 0 0 0 0 5 0
C 88 00000090 0 0 0 0 5 0
C 89 00000090 0 0 0 0 5 0
C 90 00000090 0 0 0 0 5 0
C 91 00000090 0 0 0 0 5 0
C 92 00000090 1 0 0 1 5 0
C 93 00000090 0 0 0 0 5 0
R 94 6 00000090 0000006f
C 94 00000090 0 0 0 0 5 0
C 95 00000090 0 0 0 0 5 0
C 96 00000090 0 0 0 0 5 0
C 97 00000090 0 0 0 0 5 0
C 98 00000090 1 0 0 1 5 0
C 99 00000090 0 0 0 0 5 0
R 100 7 00000090 0000006f
C 100 00000090 0 0 0 0 5 0
C 101 00000090 0 0 0 0 5 0
C 102 00000090 0 0 0 0 5 0
C 103 00000090 0 0 0 0 5 0
C 104 00000090 1 0 0 1 5 0
C 105 00000090 0 0 0 0 5 0
R 106 8 00000090 0000006f
C 106 00000090 0 0 0 0 5 0
C 107 00000090 0 0 0 0 5 0
C 108 00000090 0 0 0 0 5 0
C 109 00000090 0 0 0 0 5 0
C 110 00000090 1 0 0 1 5 0
C 111 00000090 0 0 0 0 5 0
R 112 9 00000090 0000006f
C 112 00000090 0 0 0 0 5 0
C 113 00000090 0 0 0 0 5 0
C 114 00000090 0 0 0 0 5 0
C 115 00000090 0 0 0 0 5 0
C 116 00000090 1 0 0 1 5 0
C 117 00000090 0 0 0 0 5 0
R 118 10 00000090 0000006f
C 118 00000090 0 0 0 0 5 0
C 119 00000090 0 0 0 0 5 0
C 120 00000090 0 0 0 0 5 0
C 121 00000090 0 0 0 0 5 0
C 122 00000090 1 0 0 1 5 0
C 123 00000090 0 0 0 0 5 0
R 124 11 00000090 0000006f
C 124 00000090 0 0 0 0 5 0
C 125 00000090 0 0 0 0 5 0
C 126 00000090 0 0 0 0 5 0
C 127 00000090 0 0 0 0 5 0
C 128 00000090 1 0 0 1 5 0
C 129 00000090 0 0 0 0 5 0
R 130 12 00000090 0000006f
C 130 00000090 0 0 0 0 5 0
C 131 00000090 0 0 0 0 5 0
C 132 00000090 0 0 0 0 5 0
C 133 00000090 0 0 0 0 5 0
C 134 00000090 1 0 0 1 5 0
C 135 00000090 0 0 0 0 5 0
R 136 13 00000090 0000006f
C 136 00000090 0 0 0 0 5 0
C 137 00000090 0 0 0 0 5 0
C 138 00000090 0 0 0 0 5 0
C 139 00000090 0 0 0 0 5 0
C 140 00000090 1 0 0 1 5 0
C 141 00000090 0 0 0 0 5 0
R 142 14 00000090 0000006f
C 142 00000090 0 0 0 0 5 0
C 143 00000090 0 0 0 0 5 0
C 144 00000090 0 0 0 0 5 0
C 145 00000090 0 0 0 0 5 0
C 146 00000090 1 0 0 1 5 0
C 147 00000090 0 0 0 0 5 0
R 148 15 00000090 0000006f
C 148 00000090 0 0 0 0 5 0
C 149 00000090 0 0 0 0 5 0
C 150 00000090 0 0 0 0 5 0
C 151 00000090 0 0 0 0 5 0
C 152 00000090 1 0 0 1 5 0
C 153 00000090 0 0 0 0 5 0
R 154 16 00000090 0000006f
C 154 00000090 0 0 0 0 5 0
C 155 00000090 0 0 0 0 5 0
C 156 00000090 0 0 0 0 5 0
C 157 00000090 0 0 0 0 5 0
C 158 00000090 1 0 0 1 5 0
C 159 00000090 0 0 0 0 5 0
R 160 17 00000090 0000006f
C 160 00000090 0 0 0 0 5 0
C 161 00000090 0 0 0 0 5 0
C 162 00000090 0 0 0 0 5 0
C 163 00000090 0 0 0 0 5 0
C 164 00000090 1 0 0 1 5 0
C 165 00000090 0 0 0 0 5 0
R 166 18 00000090 0000006f
C 166 00000090 0 0 0 0 5 0
C 167 00000090 0 0 0 0 5 0
C 168 00000090 0 0 0 0 5 0
C 169 00000090 0 0 0 0 5 0
C 170 00000090 1 0 0 1 5 0
C 171 00000090 0 0 0 0 5 0
R 172 19 00000090 0000006f
C 172 00000090 0 0 0 0 5 0
C 173 00000090 0 0 0 0 5 0
C 174 00000090 0 0 0 0 5 0
C 175 00000090 0 0 0 0 5 0
C 176 00000090 1 0 0 1 5 0
C 177 00000090 0 0 0 0 5 0
R 178 20 00000090 0000006f
C 178 00000090 0 0 0 0 5 0
C 179 00000090 0 0 0 0 5 0
R 184 21 00000090 0000006f
R 190 22 00000090 0000006f
R 196 23 00000090 0000006f
R 202 24 00000090 0000006f
R 208 25 00000090 0000006f
R 214 26 00000090 0000006f
R 220 27 00000090 0000006f
R 226 28 00000090 0000006f
R 232 29 00000090 0000006f
R 238 30 00000090 0000006f
R 244 31 00000090 0000006f
R 250 32 00000090 0000006f
R 256 33 00000090 0000006f
R 262 34 00000090 0000006f
R 268 35 00000090 0000006f
R 274 36 00000090 0000006f
R 280 37 00000090 0000006f
R 286 38 00000090 0000006f
R 292 39 00000090 0000006f
R 298 40 00000090 0000006f
R 304 41 00000090 0000006f
R 310 42 00000090 0000006f
R 316 43 00000090 0000006f
R 322 44 00000090 0000006f
R 328 45 00000090 0000006f
R 334 46 00000090 0000006f
R 340 47 00000090 0000006f
R 346 48 00000090 0000006f
R 352 49 00000090 0000006f
R 358 50 00000090 0000006f
R 364 51 00000090 0000006f
R 370 52 00000090 0000006f
R 376 53 00000090 0000006f
R 382 54 00000090 0000006f
R 388 55 00000090 0000006f
R 394 56 00000090 0000006f
R 400 57 00000090 0000006f
R 406 58 00000090 0000006f
R 412 59 00000090 0000006f
R 418 60 00000090 0000006f
R 424 61 00000090 0000006f
R 430 62 00000090 0000006f
R 436 63 00000090 0000006f
R 442 64 00000090 0000006f
R 448 65 00000090 0000006f
R 454 66 00000090 0000006f
R 460 67 00000090 0000006f
R 466 68 00000090 0000006f
R 472 69 00000090 0000006f
R 478 70 00000090 0000006f
R 484 71 00000090 0000006f
R 490 72 00000090 0000006f
R 496 73 00000090 0000006f
R 502 74 00000090 0000006f
R 508 75 00000090 0000006f
R 514 76 00000090 0000006f
R 520 77 00000090 0000006f
R 526 78 00000090 0000006f
R 532 79 00000090 0000006f
R 538 80 00000090 0000006f
R 544 81 00000090 0000006f
R 550 82 00000090 0000006f
R 556 83 00000090 0000006f
R 562 84 00000090 0000006f
R 568 85 00000090 0000006f
R 574 86 00000090 0000006f
R 580 87 00000090 0000006f
R 586 88 00000090 0000006f
R 592 89 00000090 0000006f
R 598 90 00000090 0000006f
R 604 91 00000090 0000006f
R 610 92 00000090 0000006f
R 616 93 00000090 0000006f
R 622 94 00000090 0000006f
R 628 95 00000090 0000006f
R 634 96 00000090 0000006f
R 640 97 00000090 0000006f
R 646 98 00000090 0000006f
R 652 99 00000090 0000006f
R 658 100 00000090 0000006f
R 664 101 00000090 0000006f
R 670 102 00000090 0000006f
R 676 103 00000090 0000006f
R 682 104 00000090 0000006f
R 688 105 00000090 0000006f
R 694 106 00000090 0000006f
R 700 107 00000090 0000006f
R 706 108 00000090 0000006f
R 712 109 00000090 0000006f
R 718 110 00000090 0000006f
R 724 111 00000090 0000006f
R 730 112 00000090 0000006f
R 736 113 00000090 0000006f
R 742 114 00000090 0000006f
R 748 115 00000090 0000006f
R 754 116 00000090 0000006f
R 760 117 00000090 0000006f
R 766 118 00000090 0000006f
R 772 119 00000090 0000006f
R 778 120 00000090 0000006f
R 784 121 00000090 0000006f
R 790 122 00000090 0000006f
R 796 123 00000090 0000006f
R 802 124 00000090 0000006f
R 808 125 00000090 0000006f
R 814 126 00000090 0000006f
R 820 127 00000090 0000006f
R 826 128 00000090 0000006f
R 832 129 00000090 0000006f
R 838 130 00000090 0000006f
R 844 131 00000090 0000006f
R 850 132 00000090 0000006f
R 856 133 00000090 0000006f
R 862 134 00000090 0000006f
R 868 135 00000090 0000006f
R 874 136 00000090 0000006f
R 880 137 00000090 0000006f
R 886 138 00000090 0000006f
R 892 139 00000090 0000006f
R 898 140 00000090 0000006f
R 904 141 00000090 0000006f
R 910 142 00000090 0000006f
R 916 143 00000090 0000006f
R 922 144 00000090 0000006f
R 928 145 00000090 0000006f
R 934 146 00000090 0000006f
R 940 147 00000090 0000006f
R 946 148 00000090 0000006f
R 952 149 00000090 0000006f
R 958 150 00000090 0000006f
R 964 151 00000090 0000006f
R 970 152 00000090 0000006f
R 976 153 00000090 0000006f
R 982 154 00000090 0000006f
R 988 155 00000090 0000006f
R 994 156 00000090 0000006f
R 1000 157 00000090 0000006f
R 1006 158 00000090 0000006f
R 1012 159 00000090 0000006f
R 1018 160 00000090 0000006f
R 1024 161 00000090 0000006f
R 1030 162 00000090 0000006f
R 1036 163 00000090 0000006f
R 1042 164 00000090 0000006f
R 1048 165 00000090 0000006f
R 1054 166 00000090 0000006f
R 1060 167 00000090 0000006f
R 1066 168 00000090 0000006f
R 1072 169 00000090 0000006f
R 1078 170 00000090 0000006f
R 1084 171 00000090 0000006f
R 1090 172 00000090 0000006f
R 1096 173 00000090 0000006f
R 1102 174 00000090 0000006f
R 1108 175 00000090 0000006f
R 1114 176 00000090 0000006f
R 1120 177 00000090 0000006f
R 1126 178 00000090 0000006f
R 1132 179 00000090 0000006f
R 1138 180 00000090 0000006f
R 1144 181 00000090 0000006f
R 1150 182 00000090 0000006f
R 1156 183 00000090 0000006f
R 1162 184 00000090 0000006f
R 1168 185 00000090 0000006f
R 1174 186 00000090 0000006f
R 1180 187 00000090 0000006f
R 1186 188 00000090 0000006f
R 1192 189 00000090 0000006f
R 1198 190 00000090 0000006f
REG 0 00000000
REG 1 00000080
REG 2 00000000
REG 3 00000000
REG 4 00000000
REG 5 00000000
REG 6 00000000
REG 7 00000000
REG 8 00000000
REG 9 00000000
REG 10 00000000
REG 11 00000000
REG 12 00000000
REG 13 00000000
REG 14 00000000
REG 15 0000007b
REG 16 00000000
REG 17 00000000
REG 18 00000000
REG 19 00000000
REG 20 00000000
REG 21 00000000
REG 22 00000000
REG 23 00000000
REG 24 00000000
REG 25 00000000
REG 26 00000000
REG 27 00000000
REG 28 00000000
REG 29 00000000
REG 30 00000000
REG 31 00000000
COUNTS sleep=58 clocks=1140 ai=0 ab=0 am=0 ifetch=377 data=0 bitmap=0 hit=0 miss=0 dummy=0 expanded=0 predict=0 mispredict=0
FINISH
- /home/dungpc/ndmoney4porche/projects/ibex/doc/dungpc/microarchitecture/scripts/top_tb.sv:188: Verilog $finish
