CONFIG SEC=0 CACHE=0 PRED=0 DUAL=0 MODE=0 ZC=0 SCR=0 ICECC=0 OFFSET=1 PMP=0
C 3 00000000 0 0 0 1 0 0
C 4 00000000 0 0 0 1 1 0
C 5 00000000 0 0 0 0 4 0
C 6 00000000 0 0 0 0 5 0
C 7 00000000 0 0 0 0 5 0
C 8 00000000 0 0 0 0 5 0
C 9 00000000 0 0 0 0 5 0
C 10 00000000 0 0 0 0 5 0
CSRDBG 11 addr=080 priv=3 dec=0 csr=0 raw=1 pw=0 dbg=0 op=0
C 11 00000080 1 0 0 0 5 0
W 12 1 00000080 000000000
C 12 00000080 0 0 0 0 5 0
R 13 1 00000080 08000093
C 13 00000080 0 0 0 0 5 0
CSRDBG 14 addr=304 priv=3 dec=0 csr=0 raw=0 pw=0 dbg=0 op=1
C 14 00000084 1 0 0 0 5 0
CSRDBG 15 addr=304 priv=3 dec=0 csr=0 raw=0 pw=0 dbg=0 op=1
C 15 00000084 1 0 0 0 6 0
R 16 2 00000084 30409073
C 16 00000084 0 0 0 0 5 0
CSRDBG 17 addr=008 priv=3 dec=0 csr=0 raw=1 pw=0 dbg=0 op=0
C 17 00000088 1 0 0 0 5 0
W 18 1 00000008 000000000
C 18 00000088 0 0 0 0 5 0
R 19 3 00000088 00800093
C 19 00000088 0 0 0 0 5 0
CSRDBG 20 addr=300 priv=3 dec=0 csr=0 raw=0 pw=0 dbg=0 op=2
C 20 0000008c 1 0 0 0 5 0
CSRDBG 21 addr=300 priv=3 dec=0 csr=0 raw=0 pw=0 dbg=0 op=2
C 21 0000008c 1 0 0 0 6 0
R 22 4 0000008c 3000a073
C 22 0000008c 0 0 0 0 5 0
CSRDBG 23 addr=208 priv=3 dec=0 csr=0 raw=1 pw=0 dbg=0 op=0
C 23 00000090 1 0 0 0 5 0
W 24 2 00000208 000000000
C 24 00000090 0 0 0 0 5 0
R 25 5 00000090 20800113
C 25 00000090 0 0 0 0 5 0
CSRDBG 26 addr=000 priv=3 dec=0 csr=0 raw=1 pw=0 dbg=0 op=0
C 26 00000094 1 1 0 0 5 0
CSRDBG 27 addr=000 priv=3 dec=0 csr=0 raw=1 pw=0 dbg=0 op=0
C 27 00000094 1 0 0 0 5 0
D 27 0 00000208 f 00000000 tag=0
EVENT 28 2
C 28 00000094 0 0 0 0 5 0
C 29 00000094 0 0 0 0 5 0
C 30 00000094 0 0 0 0 5 0
W 31 3 44332211 000000000
C 31 00000094 0 0 0 0 5 0
R 32 6 00000094 00012183
C 32 00000094 0 0 0 1 8 0
C 33 00000094 0 0 0 0 5 1
C 34 00000094 0 0 0 0 5 1
C 35 00000094 0 0 0 0 5 1
C 36 00000094 0 0 0 0 5 1
C 37 00000094 0 0 0 0 5 1
CSRDBG 38 addr=076 priv=3 dec=0 csr=0 raw=1 pw=0 dbg=0 op=0
C 38 00000040 1 0 0 0 5 1
W 39 13 00000076 000000000
C 39 00000040 0 0 0 0 5 1
R 40 7 00000040 07600693
C 40 00000040 0 0 0 0 5 1
CSRDBG 41 addr=7b2 priv=3 dec=0 csr=0 raw=0 pw=0 dbg=0 op=0
C 41 00000044 1 0 0 0 5 1
CSRDBG 42 addr=7b2 priv=3 dec=0 csr=0 raw=0 pw=0 dbg=0 op=0
C 42 00000044 1 0 0 1 6 1
R 43 8 00000044 7b200073
C 43 00000044 0 0 0 0 5 0
C 44 00000044 0 0 0 0 5 0
C 45 00000044 0 0 0 0 5 0
C 46 00000044 0 0 0 0 5 0
C 47 00000044 0 0 0 0 5 0
C 48 00000044 0 0 0 0 5 0
C 49 00000044 0 0 0 0 5 0
CSRDBG 50 addr=07b priv=3 dec=0 csr=0 raw=1 pw=0 dbg=0 op=0
C 50 00000098 1 0 0 0 5 0
W 51 15 0000007b 000000000
C 51 00000098 0 0 0 0 5 0
R 52 9 00000098 07b00793
C 52 00000098 0 0 0 0 5 0
CSRDBG 53 addr=000 priv=3 dec=0 csr=0 raw=1 pw=0 dbg=0 op=0
C 53 0000009c 1 0 0 1 5 0
C 54 0000009c 0 0 0 0 5 0
R 55 10 0000009c 0000006f
C 55 0000009c 0 0 0 0 5 0
C 56 0000009c 0 0 0 0 5 0
C 57 0000009c 0 0 0 0 5 0
C 58 0000009c 0 0 0 0 5 0
CSRDBG 59 addr=000 priv=3 dec=0 csr=0 raw=1 pw=0 dbg=0 op=0
C 59 0000009c 1 0 0 1 5 0
C 60 0000009c 0 0 0 0 5 0
R 61 11 0000009c 0000006f
C 61 0000009c 0 0 0 0 5 0
C 62 0000009c 0 0 0 0 5 0
C 63 0000009c 0 0 0 0 5 0
C 64 0000009c 0 0 0 0 5 0
CSRDBG 65 addr=000 priv=3 dec=0 csr=0 raw=1 pw=0 dbg=0 op=0
C 65 0000009c 1 0 0 1 5 0
C 66 0000009c 0 0 0 0 5 0
R 67 12 0000009c 0000006f
C 67 0000009c 0 0 0 0 5 0
C 68 0000009c 0 0 0 0 5 0
C 69 0000009c 0 0 0 0 5 0
C 70 0000009c 0 0 0 0 5 0
CSRDBG 71 addr=000 priv=3 dec=0 csr=0 raw=1 pw=0 dbg=0 op=0
C 71 0000009c 1 0 0 1 5 0
C 72 0000009c 0 0 0 0 5 0
R 73 13 0000009c 0000006f
C 73 0000009c 0 0 0 0 5 0
C 74 0000009c 0 0 0 0 5 0
C 75 0000009c 0 0 0 0 5 0
C 76 0000009c 0 0 0 0 5 0
CSRDBG 77 addr=000 priv=3 dec=0 csr=0 raw=1 pw=0 dbg=0 op=0
C 77 0000009c 1 0 0 1 5 0
C 78 0000009c 0 0 0 0 5 0
R 79 14 0000009c 0000006f
C 79 0000009c 0 0 0 0 5 0
C 80 0000009c 0 0 0 0 5 0
C 81 0000009c 0 0 0 0 5 0
C 82 0000009c 0 0 0 0 5 0
C 83 0000009c 1 0 0 1 5 0
C 84 0000009c 0 0 0 0 5 0
R 85 15 0000009c 0000006f
C 85 0000009c 0 0 0 0 5 0
C 86 0000009c 0 0 0 0 5 0
C 87 0000009c 0 0 0 0 5 0
C 88 0000009c 0 0 0 0 5 0
C 89 0000009c 1 0 0 1 5 0
C 90 0000009c 0 0 0 0 5 0
R 91 16 0000009c 0000006f
C 91 0000009c 0 0 0 0 5 0
C 92 0000009c 0 0 0 0 5 0
C 93 0000009c 0 0 0 0 5 0
C 94 0000009c 0 0 0 0 5 0
C 95 0000009c 1 0 0 1 5 0
C 96 0000009c 0 0 0 0 5 0
R 97 17 0000009c 0000006f
C 97 0000009c 0 0 0 0 5 0
C 98 0000009c 0 0 0 0 5 0
C 99 0000009c 0 0 0 0 5 0
C 100 0000009c 0 0 0 0 5 0
C 101 0000009c 1 0 0 1 5 0
C 102 0000009c 0 0 0 0 5 0
R 103 18 0000009c 0000006f
C 103 0000009c 0 0 0 0 5 0
C 104 0000009c 0 0 0 0 5 0
C 105 0000009c 0 0 0 0 5 0
C 106 0000009c 0 0 0 0 5 0
C 107 0000009c 1 0 0 1 5 0
C 108 0000009c 0 0 0 0 5 0
R 109 19 0000009c 0000006f
C 109 0000009c 0 0 0 0 5 0
C 110 0000009c 0 0 0 0 5 0
C 111 0000009c 0 0 0 0 5 0
C 112 0000009c 0 0 0 0 5 0
C 113 0000009c 1 0 0 1 5 0
C 114 0000009c 0 0 0 0 5 0
R 115 20 0000009c 0000006f
C 115 0000009c 0 0 0 0 5 0
C 116 0000009c 0 0 0 0 5 0
C 117 0000009c 0 0 0 0 5 0
C 118 0000009c 0 0 0 0 5 0
C 119 0000009c 1 0 0 1 5 0
C 120 0000009c 0 0 0 0 5 0
R 121 21 0000009c 0000006f
C 121 0000009c 0 0 0 0 5 0
C 122 0000009c 0 0 0 0 5 0
C 123 0000009c 0 0 0 0 5 0
C 124 0000009c 0 0 0 0 5 0
C 125 0000009c 1 0 0 1 5 0
C 126 0000009c 0 0 0 0 5 0
R 127 22 0000009c 0000006f
C 127 0000009c 0 0 0 0 5 0
C 128 0000009c 0 0 0 0 5 0
C 129 0000009c 0 0 0 0 5 0
C 130 0000009c 0 0 0 0 5 0
C 131 0000009c 1 0 0 1 5 0
C 132 0000009c 0 0 0 0 5 0
R 133 23 0000009c 0000006f
C 133 0000009c 0 0 0 0 5 0
C 134 0000009c 0 0 0 0 5 0
C 135 0000009c 0 0 0 0 5 0
C 136 0000009c 0 0 0 0 5 0
C 137 0000009c 1 0 0 1 5 0
C 138 0000009c 0 0 0 0 5 0
R 139 24 0000009c 0000006f
C 139 0000009c 0 0 0 0 5 0
C 140 0000009c 0 0 0 0 5 0
C 141 0000009c 0 0 0 0 5 0
C 142 0000009c 0 0 0 0 5 0
C 143 0000009c 1 0 0 1 5 0
C 144 0000009c 0 0 0 0 5 0
R 145 25 0000009c 0000006f
C 145 0000009c 0 0 0 0 5 0
C 146 0000009c 0 0 0 0 5 0
C 147 0000009c 0 0 0 0 5 0
C 148 0000009c 0 0 0 0 5 0
C 149 0000009c 1 0 0 1 5 0
C 150 0000009c 0 0 0 0 5 0
R 151 26 0000009c 0000006f
C 151 0000009c 0 0 0 0 5 0
C 152 0000009c 0 0 0 0 5 0
C 153 0000009c 0 0 0 0 5 0
C 154 0000009c 0 0 0 0 5 0
C 155 0000009c 1 0 0 1 5 0
C 156 0000009c 0 0 0 0 5 0
R 157 27 0000009c 0000006f
C 157 0000009c 0 0 0 0 5 0
C 158 0000009c 0 0 0 0 5 0
C 159 0000009c 0 0 0 0 5 0
C 160 0000009c 0 0 0 0 5 0
C 161 0000009c 1 0 0 1 5 0
C 162 0000009c 0 0 0 0 5 0
R 163 28 0000009c 0000006f
C 163 0000009c 0 0 0 0 5 0
C 164 0000009c 0 0 0 0 5 0
C 165 0000009c 0 0 0 0 5 0
C 166 0000009c 0 0 0 0 5 0
C 167 0000009c 1 0 0 1 5 0
C 168 0000009c 0 0 0 0 5 0
R 169 29 0000009c 0000006f
C 169 0000009c 0 0 0 0 5 0
C 170 0000009c 0 0 0 0 5 0
C 171 0000009c 0 0 0 0 5 0
C 172 0000009c 0 0 0 0 5 0
C 173 0000009c 1 0 0 1 5 0
C 174 0000009c 0 0 0 0 5 0
R 175 30 0000009c 0000006f
C 175 0000009c 0 0 0 0 5 0
C 176 0000009c 0 0 0 0 5 0
C 177 0000009c 0 0 0 0 5 0
C 178 0000009c 0 0 0 0 5 0
C 179 0000009c 1 0 0 1 5 0
R 181 31 0000009c 0000006f
R 187 32 0000009c 0000006f
R 193 33 0000009c 0000006f
R 199 34 0000009c 0000006f
R 205 35 0000009c 0000006f
R 211 36 0000009c 0000006f
R 217 37 0000009c 0000006f
R 223 38 0000009c 0000006f
R 229 39 0000009c 0000006f
R 235 40 0000009c 0000006f
R 241 41 0000009c 0000006f
R 247 42 0000009c 0000006f
R 253 43 0000009c 0000006f
R 259 44 0000009c 0000006f
R 265 45 0000009c 0000006f
R 271 46 0000009c 0000006f
R 277 47 0000009c 0000006f
R 283 48 0000009c 0000006f
R 289 49 0000009c 0000006f
R 295 50 0000009c 0000006f
R 301 51 0000009c 0000006f
R 307 52 0000009c 0000006f
R 313 53 0000009c 0000006f
R 319 54 0000009c 0000006f
R 325 55 0000009c 0000006f
R 331 56 0000009c 0000006f
R 337 57 0000009c 0000006f
R 343 58 0000009c 0000006f
R 349 59 0000009c 0000006f
R 355 60 0000009c 0000006f
R 361 61 0000009c 0000006f
R 367 62 0000009c 0000006f
R 373 63 0000009c 0000006f
R 379 64 0000009c 0000006f
R 385 65 0000009c 0000006f
R 391 66 0000009c 0000006f
R 397 67 0000009c 0000006f
R 403 68 0000009c 0000006f
R 409 69 0000009c 0000006f
R 415 70 0000009c 0000006f
R 421 71 0000009c 0000006f
R 427 72 0000009c 0000006f
R 433 73 0000009c 0000006f
R 439 74 0000009c 0000006f
R 445 75 0000009c 0000006f
R 451 76 0000009c 0000006f
R 457 77 0000009c 0000006f
R 463 78 0000009c 0000006f
R 469 79 0000009c 0000006f
R 475 80 0000009c 0000006f
R 481 81 0000009c 0000006f
R 487 82 0000009c 0000006f
R 493 83 0000009c 0000006f
R 499 84 0000009c 0000006f
R 505 85 0000009c 0000006f
R 511 86 0000009c 0000006f
R 517 87 0000009c 0000006f
R 523 88 0000009c 0000006f
R 529 89 0000009c 0000006f
R 535 90 0000009c 0000006f
R 541 91 0000009c 0000006f
R 547 92 0000009c 0000006f
R 553 93 0000009c 0000006f
R 559 94 0000009c 0000006f
R 565 95 0000009c 0000006f
R 571 96 0000009c 0000006f
R 577 97 0000009c 0000006f
R 583 98 0000009c 0000006f
R 589 99 0000009c 0000006f
R 595 100 0000009c 0000006f
R 601 101 0000009c 0000006f
R 607 102 0000009c 0000006f
R 613 103 0000009c 0000006f
R 619 104 0000009c 0000006f
R 625 105 0000009c 0000006f
R 631 106 0000009c 0000006f
R 637 107 0000009c 0000006f
R 643 108 0000009c 0000006f
R 649 109 0000009c 0000006f
R 655 110 0000009c 0000006f
R 661 111 0000009c 0000006f
R 667 112 0000009c 0000006f
R 673 113 0000009c 0000006f
R 679 114 0000009c 0000006f
R 685 115 0000009c 0000006f
R 691 116 0000009c 0000006f
R 697 117 0000009c 0000006f
R 703 118 0000009c 0000006f
R 709 119 0000009c 0000006f
R 715 120 0000009c 0000006f
R 721 121 0000009c 0000006f
R 727 122 0000009c 0000006f
R 733 123 0000009c 0000006f
R 739 124 0000009c 0000006f
R 745 125 0000009c 0000006f
R 751 126 0000009c 0000006f
R 757 127 0000009c 0000006f
R 763 128 0000009c 0000006f
R 769 129 0000009c 0000006f
R 775 130 0000009c 0000006f
R 781 131 0000009c 0000006f
R 787 132 0000009c 0000006f
R 793 133 0000009c 0000006f
R 799 134 0000009c 0000006f
R 805 135 0000009c 0000006f
R 811 136 0000009c 0000006f
R 817 137 0000009c 0000006f
R 823 138 0000009c 0000006f
R 829 139 0000009c 0000006f
R 835 140 0000009c 0000006f
R 841 141 0000009c 0000006f
R 847 142 0000009c 0000006f
R 853 143 0000009c 0000006f
R 859 144 0000009c 0000006f
R 865 145 0000009c 0000006f
R 871 146 0000009c 0000006f
R 877 147 0000009c 0000006f
R 883 148 0000009c 0000006f
R 889 149 0000009c 0000006f
R 895 150 0000009c 0000006f
R 901 151 0000009c 0000006f
R 907 152 0000009c 0000006f
R 913 153 0000009c 0000006f
R 919 154 0000009c 0000006f
R 925 155 0000009c 0000006f
R 931 156 0000009c 0000006f
R 937 157 0000009c 0000006f
R 943 158 0000009c 0000006f
R 949 159 0000009c 0000006f
R 955 160 0000009c 0000006f
R 961 161 0000009c 0000006f
R 967 162 0000009c 0000006f
R 973 163 0000009c 0000006f
R 979 164 0000009c 0000006f
R 985 165 0000009c 0000006f
R 991 166 0000009c 0000006f
R 997 167 0000009c 0000006f
R 1003 168 0000009c 0000006f
R 1009 169 0000009c 0000006f
R 1015 170 0000009c 0000006f
R 1021 171 0000009c 0000006f
R 1027 172 0000009c 0000006f
R 1033 173 0000009c 0000006f
R 1039 174 0000009c 0000006f
R 1045 175 0000009c 0000006f
R 1051 176 0000009c 0000006f
R 1057 177 0000009c 0000006f
R 1063 178 0000009c 0000006f
R 1069 179 0000009c 0000006f
R 1075 180 0000009c 0000006f
R 1081 181 0000009c 0000006f
R 1087 182 0000009c 0000006f
R 1093 183 0000009c 0000006f
R 1099 184 0000009c 0000006f
R 1105 185 0000009c 0000006f
R 1111 186 0000009c 0000006f
R 1117 187 0000009c 0000006f
R 1123 188 0000009c 0000006f
R 1129 189 0000009c 0000006f
R 1135 190 0000009c 0000006f
R 1141 191 0000009c 0000006f
R 1147 192 0000009c 0000006f
R 1153 193 0000009c 0000006f
R 1159 194 0000009c 0000006f
R 1165 195 0000009c 0000006f
R 1171 196 0000009c 0000006f
R 1177 197 0000009c 0000006f
R 1183 198 0000009c 0000006f
R 1189 199 0000009c 0000006f
R 1195 200 0000009c 0000006f
REG 0 00000000
REG 1 00000008
REG 2 00000208
REG 3 44332211
REG 4 00000000
REG 5 00000000
REG 6 00000000
REG 7 00000000
REG 8 00000000
REG 9 00000000
REG 10 00000000
REG 11 00000000
REG 12 00000000
REG 13 00000076
REG 14 00000000
REG 15 0000007b
REG 16 00000000
REG 17 00000000
REG 18 00000000
REG 19 00000000
REG 20 00000000
REG 21 00000000
REG 22 00000000
REG 23 00000000
REG 24 00000000
REG 25 00000000
REG 26 00000000
REG 27 00000000
REG 28 00000000
REG 29 00000000
REG 30 00000000
REG 31 00000000
COUNTS sleep=1 clocks=1197 ai=0 ab=0 am=0 ifetch=398 data=1 bitmap=0 hit=0 miss=0 dummy=0 expanded=0 predict=0 mispredict=0
FINISH
- /home/dungpc/ndmoney4porche/projects/ibex/doc/dungpc/microarchitecture/scripts/top_tb.sv:188: Verilog $finish
