CONFIG SEC=0 CACHE=0 PRED=0 DUAL=0 MODE=0 ZC=0 SCR=0 ICECC=0 OFFSET=1 PMP=0
C 3 00000000 0 0 0 1 0 0
C 4 00000000 0 0 0 1 1 0
C 5 00000000 0 0 0 0 4 0
C 6 00000000 0 0 0 0 5 0
C 7 00000000 0 0 0 0 5 0
C 8 00000000 0 0 0 0 5 0
C 9 00000000 0 0 0 0 5 0
C 10 00000000 0 0 0 0 5 0
CSRDBG 11 addr=080 priv=3 dec=0 csr=0 raw=1 pw=0 dbg=0 op=0
C 11 00000080 1 0 0 0 5 0
W 12 1 00000080 000000000
C 12 00000080 0 0 0 0 5 0
R 13 1 00000080 08000093
C 13 00000080 0 0 0 0 5 0
CSRDBG 14 addr=304 priv=3 dec=0 csr=0 raw=0 pw=0 dbg=0 op=1
C 14 00000084 1 0 0 0 5 0
CSRDBG 15 addr=304 priv=3 dec=0 csr=0 raw=0 pw=0 dbg=0 op=1
C 15 00000084 1 0 0 0 6 0
R 16 2 00000084 30409073
C 16 00000084 0 0 0 0 5 0
CSRDBG 17 addr=008 priv=3 dec=0 csr=0 raw=1 pw=0 dbg=0 op=0
C 17 00000088 1 0 0 0 5 0
W 18 1 00000008 000000000
C 18 00000088 0 0 0 0 5 0
R 19 3 00000088 00800093
C 19 00000088 0 0 0 0 5 0
CSRDBG 20 addr=300 priv=3 dec=0 csr=0 raw=0 pw=0 dbg=0 op=2
C 20 0000008c 1 0 0 0 5 0
CSRDBG 21 addr=300 priv=3 dec=0 csr=0 raw=0 pw=0 dbg=0 op=2
C 21 0000008c 1 0 0 0 6 0
R 22 4 0000008c 3000a073
C 22 0000008c 0 0 0 0 5 0
CSRDBG 23 addr=208 priv=3 dec=0 csr=0 raw=1 pw=0 dbg=0 op=0
C 23 00000090 1 0 0 0 5 0
W 24 2 00000208 000000000
C 24 00000090 0 0 0 0 5 0
R 25 5 00000090 20800113
C 25 00000090 0 0 0 0 5 0
CSRDBG 26 addr=000 priv=3 dec=0 csr=0 raw=1 pw=0 dbg=0 op=0
C 26 00000094 1 1 0 0 5 0
CSRDBG 27 addr=000 priv=3 dec=0 csr=0 raw=1 pw=0 dbg=0 op=0
C 27 00000094 1 0 0 0 5 0
D 27 0 00000208 f 00000000 tag=0
EVENT 28 3
C 28 00000094 0 0 0 0 5 0
C 29 00000094 0 0 0 0 5 0
C 30 00000094 0 0 0 0 5 0
W 31 3 44332211 000000000
C 31 00000094 0 0 0 0 5 0
R 32 6 00000094 00012183
C 32 00000094 0 0 0 1 7 0
C 33 00000094 0 0 0 0 5 0
C 34 00000094 0 0 0 0 5 0
C 35 00000094 0 0 0 0 5 0
C 36 00000094 0 0 0 0 5 0
C 37 00000094 0 0 0 0 5 0
CSRDBG 38 addr=284 priv=3 dec=0 csr=0 raw=1 pw=0 dbg=0 op=0
C 38 0000007c 1 0 0 1 5 0
C 39 0000007c 0 0 0 0 5 0
R 40 7 0000007c 2840006f
C 40 0000007c 0 0 0 0 5 0
C 41 0000007c 0 0 0 0 5 0
C 42 0000007c 0 0 0 0 5 0
C 43 0000007c 0 0 0 0 5 0
CSRDBG 44 addr=342 priv=3 dec=0 csr=0 raw=0 pw=0 dbg=0 op=0
C 44 00000300 1 0 0 0 5 0
W 45 10 8000001f 000000000
C 45 00000300 0 0 0 0 5 0
R 46 8 00000300 34202573
C 46 00000300 0 0 0 0 5 0
CSRDBG 47 addr=341 priv=3 dec=0 csr=0 raw=0 pw=0 dbg=0 op=0
C 47 00000304 1 0 0 0 5 0
W 48 11 00000098 000000000
C 48 00000304 0 0 0 0 5 0
R 49 9 00000304 341025f3
C 49 00000304 0 0 0 0 5 0
CSRDBG 50 addr=343 priv=3 dec=0 csr=0 raw=0 pw=0 dbg=0 op=0
C 50 00000308 1 0 0 0 5 0
W 51 12 00000000 000000000
C 51 00000308 0 0 0 0 5 0
R 52 10 00000308 34302673
C 52 00000308 0 0 0 0 5 0
CSRDBG 53 addr=077 priv=3 dec=0 csr=0 raw=1 pw=0 dbg=0 op=0
C 53 0000030c 1 0 0 0 5 0
W 54 15 00000077 000000000
C 54 0000030c 0 0 0 0 5 0
R 55 11 0000030c 07700793
C 55 0000030c 0 0 0 0 5 0
CSRDBG 56 addr=000 priv=3 dec=0 csr=0 raw=1 pw=0 dbg=0 op=0
C 56 00000310 1 0 0 1 5 0
C 57 00000310 0 0 0 0 5 0
R 58 12 00000310 0000006f
C 58 00000310 0 0 0 0 5 0
C 59 00000310 0 0 0 0 5 0
C 60 00000310 0 0 0 0 5 0
C 61 00000310 0 0 0 0 5 0
CSRDBG 62 addr=000 priv=3 dec=0 csr=0 raw=1 pw=0 dbg=0 op=0
C 62 00000310 1 0 0 1 5 0
C 63 00000310 0 0 0 0 5 0
R 64 13 00000310 0000006f
C 64 00000310 0 0 0 0 5 0
C 65 00000310 0 0 0 0 5 0
C 66 00000310 0 0 0 0 5 0
C 67 00000310 0 0 0 0 5 0
CSRDBG 68 addr=000 priv=3 dec=0 csr=0 raw=1 pw=0 dbg=0 op=0
C 68 00000310 1 0 0 1 5 0
C 69 00000310 0 0 0 0 5 0
R 70 14 00000310 0000006f
C 70 00000310 0 0 0 0 5 0
C 71 00000310 0 0 0 0 5 0
C 72 00000310 0 0 0 0 5 0
C 73 00000310 0 0 0 0 5 0
CSRDBG 74 addr=000 priv=3 dec=0 csr=0 raw=1 pw=0 dbg=0 op=0
C 74 00000310 1 0 0 1 5 0
C 75 00000310 0 0 0 0 5 0
R 76 15 00000310 0000006f
C 76 00000310 0 0 0 0 5 0
C 77 00000310 0 0 0 0 5 0
C 78 00000310 0 0 0 0 5 0
C 79 00000310 0 0 0 0 5 0
C 80 00000310 1 0 0 1 5 0
C 81 00000310 0 0 0 0 5 0
R 82 16 00000310 0000006f
C 82 00000310 0 0 0 0 5 0
C 83 00000310 0 0 0 0 5 0
C 84 00000310 0 0 0 0 5 0
C 85 00000310 0 0 0 0 5 0
C 86 00000310 1 0 0 1 5 0
C 87 00000310 0 0 0 0 5 0
R 88 17 00000310 0000006f
C 88 00000310 0 0 0 0 5 0
C 89 00000310 0 0 0 0 5 0
C 90 00000310 0 0 0 0 5 0
C 91 00000310 0 0 0 0 5 0
C 92 00000310 1 0 0 1 5 0
C 93 00000310 0 0 0 0 5 0
R 94 18 00000310 0000006f
C 94 00000310 0 0 0 0 5 0
C 95 00000310 0 0 0 0 5 0
C 96 00000310 0 0 0 0 5 0
C 97 00000310 0 0 0 0 5 0
C 98 00000310 1 0 0 1 5 0
C 99 00000310 0 0 0 0 5 0
R 100 19 00000310 0000006f
C 100 00000310 0 0 0 0 5 0
C 101 00000310 0 0 0 0 5 0
C 102 00000310 0 0 0 0 5 0
C 103 00000310 0 0 0 0 5 0
C 104 00000310 1 0 0 1 5 0
C 105 00000310 0 0 0 0 5 0
R 106 20 00000310 0000006f
C 106 00000310 0 0 0 0 5 0
C 107 00000310 0 0 0 0 5 0
C 108 00000310 0 0 0 0 5 0
C 109 00000310 0 0 0 0 5 0
C 110 00000310 1 0 0 1 5 0
C 111 00000310 0 0 0 0 5 0
R 112 21 00000310 0000006f
C 112 00000310 0 0 0 0 5 0
C 113 00000310 0 0 0 0 5 0
C 114 00000310 0 0 0 0 5 0
C 115 00000310 0 0 0 0 5 0
C 116 00000310 1 0 0 1 5 0
C 117 00000310 0 0 0 0 5 0
R 118 22 00000310 0000006f
C 118 00000310 0 0 0 0 5 0
C 119 00000310 0 0 0 0 5 0
C 120 00000310 0 0 0 0 5 0
C 121 00000310 0 0 0 0 5 0
C 122 00000310 1 0 0 1 5 0
C 123 00000310 0 0 0 0 5 0
R 124 23 00000310 0000006f
C 124 00000310 0 0 0 0 5 0
C 125 00000310 0 0 0 0 5 0
C 126 00000310 0 0 0 0 5 0
C 127 00000310 0 0 0 0 5 0
C 128 00000310 1 0 0 1 5 0
C 129 00000310 0 0 0 0 5 0
R 130 24 00000310 0000006f
C 130 00000310 0 0 0 0 5 0
C 131 00000310 0 0 0 0 5 0
C 132 00000310 0 0 0 0 5 0
C 133 00000310 0 0 0 0 5 0
C 134 00000310 1 0 0 1 5 0
C 135 00000310 0 0 0 0 5 0
R 136 25 00000310 0000006f
C 136 00000310 0 0 0 0 5 0
C 137 00000310 0 0 0 0 5 0
C 138 00000310 0 0 0 0 5 0
C 139 00000310 0 0 0 0 5 0
C 140 00000310 1 0 0 1 5 0
C 141 00000310 0 0 0 0 5 0
R 142 26 00000310 0000006f
C 142 00000310 0 0 0 0 5 0
C 143 00000310 0 0 0 0 5 0
C 144 00000310 0 0 0 0 5 0
C 145 00000310 0 0 0 0 5 0
C 146 00000310 1 0 0 1 5 0
C 147 00000310 0 0 0 0 5 0
R 148 27 00000310 0000006f
C 148 00000310 0 0 0 0 5 0
C 149 00000310 0 0 0 0 5 0
C 150 00000310 0 0 0 0 5 0
C 151 00000310 0 0 0 0 5 0
C 152 00000310 1 0 0 1 5 0
C 153 00000310 0 0 0 0 5 0
R 154 28 00000310 0000006f
C 154 00000310 0 0 0 0 5 0
C 155 00000310 0 0 0 0 5 0
C 156 00000310 0 0 0 0 5 0
C 157 00000310 0 0 0 0 5 0
C 158 00000310 1 0 0 1 5 0
C 159 00000310 0 0 0 0 5 0
R 160 29 00000310 0000006f
C 160 00000310 0 0 0 0 5 0
C 161 00000310 0 0 0 0 5 0
C 162 00000310 0 0 0 0 5 0
C 163 00000310 0 0 0 0 5 0
C 164 00000310 1 0 0 1 5 0
C 165 00000310 0 0 0 0 5 0
R 166 30 00000310 0000006f
C 166 00000310 0 0 0 0 5 0
C 167 00000310 0 0 0 0 5 0
C 168 00000310 0 0 0 0 5 0
C 169 00000310 0 0 0 0 5 0
C 170 00000310 1 0 0 1 5 0
C 171 00000310 0 0 0 0 5 0
R 172 31 00000310 0000006f
C 172 00000310 0 0 0 0 5 0
C 173 00000310 0 0 0 0 5 0
C 174 00000310 0 0 0 0 5 0
C 175 00000310 0 0 0 0 5 0
C 176 00000310 1 0 0 1 5 0
C 177 00000310 0 0 0 0 5 0
R 178 32 00000310 0000006f
C 178 00000310 0 0 0 0 5 0
C 179 00000310 0 0 0 0 5 0
R 184 33 00000310 0000006f
R 190 34 00000310 0000006f
R 196 35 00000310 0000006f
R 202 36 00000310 0000006f
R 208 37 00000310 0000006f
R 214 38 00000310 0000006f
R 220 39 00000310 0000006f
R 226 40 00000310 0000006f
R 232 41 00000310 0000006f
R 238 42 00000310 0000006f
R 244 43 00000310 0000006f
R 250 44 00000310 0000006f
R 256 45 00000310 0000006f
R 262 46 00000310 0000006f
R 268 47 00000310 0000006f
R 274 48 00000310 0000006f
R 280 49 00000310 0000006f
R 286 50 00000310 0000006f
R 292 51 00000310 0000006f
R 298 52 00000310 0000006f
R 304 53 00000310 0000006f
R 310 54 00000310 0000006f
R 316 55 00000310 0000006f
R 322 56 00000310 0000006f
R 328 57 00000310 0000006f
R 334 58 00000310 0000006f
R 340 59 00000310 0000006f
R 346 60 00000310 0000006f
R 352 61 00000310 0000006f
R 358 62 00000310 0000006f
R 364 63 00000310 0000006f
R 370 64 00000310 0000006f
R 376 65 00000310 0000006f
R 382 66 00000310 0000006f
R 388 67 00000310 0000006f
R 394 68 00000310 0000006f
R 400 69 00000310 0000006f
R 406 70 00000310 0000006f
R 412 71 00000310 0000006f
R 418 72 00000310 0000006f
R 424 73 00000310 0000006f
R 430 74 00000310 0000006f
R 436 75 00000310 0000006f
R 442 76 00000310 0000006f
R 448 77 00000310 0000006f
R 454 78 00000310 0000006f
R 460 79 00000310 0000006f
R 466 80 00000310 0000006f
R 472 81 00000310 0000006f
R 478 82 00000310 0000006f
R 484 83 00000310 0000006f
R 490 84 00000310 0000006f
R 496 85 00000310 0000006f
R 502 86 00000310 0000006f
R 508 87 00000310 0000006f
R 514 88 00000310 0000006f
R 520 89 00000310 0000006f
R 526 90 00000310 0000006f
R 532 91 00000310 0000006f
R 538 92 00000310 0000006f
R 544 93 00000310 0000006f
R 550 94 00000310 0000006f
R 556 95 00000310 0000006f
R 562 96 00000310 0000006f
R 568 97 00000310 0000006f
R 574 98 00000310 0000006f
R 580 99 00000310 0000006f
R 586 100 00000310 0000006f
R 592 101 00000310 0000006f
R 598 102 00000310 0000006f
R 604 103 00000310 0000006f
R 610 104 00000310 0000006f
R 616 105 00000310 0000006f
R 622 106 00000310 0000006f
R 628 107 00000310 0000006f
R 634 108 00000310 0000006f
R 640 109 00000310 0000006f
R 646 110 00000310 0000006f
R 652 111 00000310 0000006f
R 658 112 00000310 0000006f
R 664 113 00000310 0000006f
R 670 114 00000310 0000006f
R 676 115 00000310 0000006f
R 682 116 00000310 0000006f
R 688 117 00000310 0000006f
R 694 118 00000310 0000006f
R 700 119 00000310 0000006f
R 706 120 00000310 0000006f
R 712 121 00000310 0000006f
R 718 122 00000310 0000006f
R 724 123 00000310 0000006f
R 730 124 00000310 0000006f
R 736 125 00000310 0000006f
R 742 126 00000310 0000006f
R 748 127 00000310 0000006f
R 754 128 00000310 0000006f
R 760 129 00000310 0000006f
R 766 130 00000310 0000006f
R 772 131 00000310 0000006f
R 778 132 00000310 0000006f
R 784 133 00000310 0000006f
R 790 134 00000310 0000006f
R 796 135 00000310 0000006f
R 802 136 00000310 0000006f
R 808 137 00000310 0000006f
R 814 138 00000310 0000006f
R 820 139 00000310 0000006f
R 826 140 00000310 0000006f
R 832 141 00000310 0000006f
R 838 142 00000310 0000006f
R 844 143 00000310 0000006f
R 850 144 00000310 0000006f
R 856 145 00000310 0000006f
R 862 146 00000310 0000006f
R 868 147 00000310 0000006f
R 874 148 00000310 0000006f
R 880 149 00000310 0000006f
R 886 150 00000310 0000006f
R 892 151 00000310 0000006f
R 898 152 00000310 0000006f
R 904 153 00000310 0000006f
R 910 154 00000310 0000006f
R 916 155 00000310 0000006f
R 922 156 00000310 0000006f
R 928 157 00000310 0000006f
R 934 158 00000310 0000006f
R 940 159 00000310 0000006f
R 946 160 00000310 0000006f
R 952 161 00000310 0000006f
R 958 162 00000310 0000006f
R 964 163 00000310 0000006f
R 970 164 00000310 0000006f
R 976 165 00000310 0000006f
R 982 166 00000310 0000006f
R 988 167 00000310 0000006f
R 994 168 00000310 0000006f
R 1000 169 00000310 0000006f
R 1006 170 00000310 0000006f
R 1012 171 00000310 0000006f
R 1018 172 00000310 0000006f
R 1024 173 00000310 0000006f
R 1030 174 00000310 0000006f
R 1036 175 00000310 0000006f
R 1042 176 00000310 0000006f
R 1048 177 00000310 0000006f
R 1054 178 00000310 0000006f
R 1060 179 00000310 0000006f
R 1066 180 00000310 0000006f
R 1072 181 00000310 0000006f
R 1078 182 00000310 0000006f
R 1084 183 00000310 0000006f
R 1090 184 00000310 0000006f
R 1096 185 00000310 0000006f
R 1102 186 00000310 0000006f
R 1108 187 00000310 0000006f
R 1114 188 00000310 0000006f
R 1120 189 00000310 0000006f
R 1126 190 00000310 0000006f
R 1132 191 00000310 0000006f
R 1138 192 00000310 0000006f
R 1144 193 00000310 0000006f
R 1150 194 00000310 0000006f
R 1156 195 00000310 0000006f
R 1162 196 00000310 0000006f
R 1168 197 00000310 0000006f
R 1174 198 00000310 0000006f
R 1180 199 00000310 0000006f
R 1186 200 00000310 0000006f
R 1192 201 00000310 0000006f
R 1198 202 00000310 0000006f
REG 0 00000000
REG 1 00000008
REG 2 00000208
REG 3 44332211
REG 4 00000000
REG 5 00000000
REG 6 00000000
REG 7 00000000
REG 8 00000000
REG 9 00000000
REG 10 8000001f
REG 11 00000098
REG 12 00000000
REG 13 00000000
REG 14 00000000
REG 15 00000077
REG 16 00000000
REG 17 00000000
REG 18 00000000
REG 19 00000000
REG 20 00000000
REG 21 00000000
REG 22 00000000
REG 23 00000000
REG 24 00000000
REG 25 00000000
REG 26 00000000
REG 27 00000000
REG 28 00000000
REG 29 00000000
REG 30 00000000
REG 31 00000000
COUNTS sleep=1 clocks=1197 ai=0 ab=0 am=0 ifetch=398 data=1 bitmap=0 hit=0 miss=0 dummy=0 expanded=0 predict=0 mispredict=0
FINISH
- /home/dungpc/ndmoney4porche/projects/ibex/doc/dungpc/microarchitecture/scripts/top_tb.sv:188: Verilog $finish
