CONFIG SEC=0 CACHE=0 PRED=0 DUAL=0 MODE=0 ZC=0 SCR=0 ICECC=0 OFFSET=1 PMP=0
C 3 00000000 0 0 0 1 0 0
C 4 00000000 0 0 0 1 1 0
C 5 00000000 0 0 0 0 4 0
C 6 00000000 0 0 0 0 5 0
C 7 00000000 0 0 0 0 5 0
C 8 00000000 0 0 0 0 5 0
C 9 00000000 0 0 0 0 5 0
C 10 00000000 0 0 0 0 5 0
CSRDBG 11 addr=080 priv=3 dec=0 csr=0 raw=1 pw=0 dbg=0 op=0
C 11 00000080 1 0 0 0 5 0
W 12 1 00000080 000000000
C 12 00000080 0 0 0 0 5 0
R 13 1 00000080 08000093
C 13 00000080 0 0 0 0 5 0
CSRDBG 14 addr=304 priv=3 dec=0 csr=0 raw=0 pw=0 dbg=0 op=1
C 14 00000084 1 0 0 0 5 0
CSRDBG 15 addr=304 priv=3 dec=0 csr=0 raw=0 pw=0 dbg=0 op=1
C 15 00000084 1 0 0 0 6 0
R 16 2 00000084 30409073
C 16 00000084 0 0 0 0 5 0
CSRDBG 17 addr=008 priv=3 dec=0 csr=0 raw=1 pw=0 dbg=0 op=0
C 17 00000088 1 0 0 0 5 0
W 18 1 00000008 000000000
C 18 00000088 0 0 0 0 5 0
R 19 3 00000088 00800093
C 19 00000088 0 0 0 0 5 0
CSRDBG 20 addr=300 priv=3 dec=0 csr=0 raw=0 pw=0 dbg=0 op=2
C 20 0000008c 1 0 0 0 5 0
CSRDBG 21 addr=300 priv=3 dec=0 csr=0 raw=0 pw=0 dbg=0 op=2
C 21 0000008c 1 0 0 0 6 0
R 22 4 0000008c 3000a073
C 22 0000008c 0 0 0 0 5 0
CSRDBG 23 addr=208 priv=3 dec=0 csr=0 raw=1 pw=0 dbg=0 op=0
C 23 00000090 1 0 0 0 5 0
W 24 2 00000208 000000000
C 24 00000090 0 0 0 0 5 0
R 25 5 00000090 20800113
C 25 00000090 0 0 0 0 5 0
CSRDBG 26 addr=000 priv=3 dec=0 csr=0 raw=1 pw=0 dbg=0 op=0
C 26 00000094 1 1 0 0 5 0
CSRDBG 27 addr=000 priv=3 dec=0 csr=0 raw=1 pw=0 dbg=0 op=0
C 27 00000094 1 0 0 0 5 0
D 27 0 00000208 f 00000000 tag=0
EVENT 28 3
C 28 00000094 0 0 0 0 5 0
C 29 00000094 0 0 0 0 5 0
C 30 00000094 0 0 0 0 5 0
W 31 3 44332211 000000000
C 31 00000094 0 0 0 0 5 0
R 32 6 00000094 00012183
C 32 00000094 0 0 0 1 7 0
C 33 00000094 0 0 0 0 5 0
C 34 00000094 0 0 0 0 5 0
C 35 00000094 0 0 0 0 5 0
C 36 00000094 0 0 0 0 5 0
C 37 00000094 0 0 0 0 5 0
CSRDBG 38 addr=284 priv=3 dec=0 csr=0 raw=1 pw=0 dbg=0 op=0
C 38 0000007c 1 0 0 1 5 0
C 39 0000007c 0 0 0 0 5 0
R 40 7 0000007c 2840006f
C 40 0000007c 0 0 0 0 5 0
C 41 0000007c 0 0 0 0 5 0
C 42 0000007c 0 0 0 0 5 0
C 43 0000007c 0 0 0 0 5 0
CSRDBG 44 addr=342 priv=3 dec=0 csr=0 raw=0 pw=0 dbg=0 op=0
C 44 00000300 1 0 0 0 5 0
W 45 10 8000001f 000000000
C 45 00000300 0 0 0 0 5 0
R 46 8 00000300 34202573
C 46 00000300 0 0 0 0 5 0
CSRDBG 47 addr=341 priv=3 dec=0 csr=0 raw=0 pw=0 dbg=0 op=0
C 47 00000304 1 0 0 0 5 0
W 48 11 00000098 000000000
C 48 00000304 0 0 0 0 5 0
R 49 9 00000304 341025f3
C 49 00000304 0 0 0 0 5 0
CSRDBG 50 addr=343 priv=3 dec=0 csr=0 raw=0 pw=0 dbg=0 op=0
C 50 00000308 1 0 0 0 5 0
W 51 12 00000000 000000000
C 51 00000308 0 0 0 0 5 0
R 52 10 00000308 34302673
C 52 00000308 0 0 0 0 5 0
CSRDBG 53 addr=302 priv=3 dec=0 csr=0 raw=1 pw=0 dbg=0 op=0
C 53 0000030c 1 0 0 0 5 0
CSRDBG 54 addr=302 priv=3 dec=0 csr=0 raw=1 pw=0 dbg=0 op=0
C 54 0000030c 1 0 0 1 6 0
R 55 11 0000030c 30200073
C 55 0000030c 0 0 0 0 5 0
C 56 0000030c 0 0 0 0 5 0
C 57 0000030c 0 0 0 0 5 0
C 58 0000030c 0 0 0 0 5 0
C 59 0000030c 0 0 0 0 5 0
C 60 0000030c 0 0 0 0 5 0
C 61 0000030c 0 0 0 0 5 0
CSRDBG 62 addr=07b priv=3 dec=0 csr=0 raw=1 pw=0 dbg=0 op=0
C 62 00000098 1 0 0 0 5 0
W 63 15 0000007b 000000000
C 63 00000098 0 0 0 0 5 0
R 64 12 00000098 07b00793
C 64 00000098 0 0 0 0 5 0
CSRDBG 65 addr=000 priv=3 dec=0 csr=0 raw=1 pw=0 dbg=0 op=0
C 65 0000009c 1 0 0 1 5 0
C 66 0000009c 0 0 0 0 5 0
R 67 13 0000009c 0000006f
C 67 0000009c 0 0 0 0 5 0
C 68 0000009c 0 0 0 0 5 0
C 69 0000009c 0 0 0 0 5 0
C 70 0000009c 0 0 0 0 5 0
CSRDBG 71 addr=000 priv=3 dec=0 csr=0 raw=1 pw=0 dbg=0 op=0
C 71 0000009c 1 0 0 1 5 0
C 72 0000009c 0 0 0 0 5 0
R 73 14 0000009c 0000006f
C 73 0000009c 0 0 0 0 5 0
C 74 0000009c 0 0 0 0 5 0
C 75 0000009c 0 0 0 0 5 0
C 76 0000009c 0 0 0 0 5 0
CSRDBG 77 addr=000 priv=3 dec=0 csr=0 raw=1 pw=0 dbg=0 op=0
C 77 0000009c 1 0 0 1 5 0
C 78 0000009c 0 0 0 0 5 0
R 79 15 0000009c 0000006f
C 79 0000009c 0 0 0 0 5 0
C 80 0000009c 0 0 0 0 5 0
C 81 0000009c 0 0 0 0 5 0
C 82 0000009c 0 0 0 0 5 0
C 83 0000009c 1 0 0 1 5 0
C 84 0000009c 0 0 0 0 5 0
R 85 16 0000009c 0000006f
C 85 0000009c 0 0 0 0 5 0
C 86 0000009c 0 0 0 0 5 0
C 87 0000009c 0 0 0 0 5 0
C 88 0000009c 0 0 0 0 5 0
C 89 0000009c 1 0 0 1 5 0
C 90 0000009c 0 0 0 0 5 0
R 91 17 0000009c 0000006f
C 91 0000009c 0 0 0 0 5 0
C 92 0000009c 0 0 0 0 5 0
C 93 0000009c 0 0 0 0 5 0
C 94 0000009c 0 0 0 0 5 0
C 95 0000009c 1 0 0 1 5 0
C 96 0000009c 0 0 0 0 5 0
R 97 18 0000009c 0000006f
C 97 0000009c 0 0 0 0 5 0
C 98 0000009c 0 0 0 0 5 0
C 99 0000009c 0 0 0 0 5 0
C 100 0000009c 0 0 0 0 5 0
C 101 0000009c 1 0 0 1 5 0
C 102 0000009c 0 0 0 0 5 0
R 103 19 0000009c 0000006f
C 103 0000009c 0 0 0 0 5 0
C 104 0000009c 0 0 0 0 5 0
C 105 0000009c 0 0 0 0 5 0
C 106 0000009c 0 0 0 0 5 0
C 107 0000009c 1 0 0 1 5 0
C 108 0000009c 0 0 0 0 5 0
R 109 20 0000009c 0000006f
C 109 0000009c 0 0 0 0 5 0
C 110 0000009c 0 0 0 0 5 0
C 111 0000009c 0 0 0 0 5 0
C 112 0000009c 0 0 0 0 5 0
C 113 0000009c 1 0 0 1 5 0
C 114 0000009c 0 0 0 0 5 0
R 115 21 0000009c 0000006f
C 115 0000009c 0 0 0 0 5 0
C 116 0000009c 0 0 0 0 5 0
C 117 0000009c 0 0 0 0 5 0
C 118 0000009c 0 0 0 0 5 0
C 119 0000009c 1 0 0 1 5 0
C 120 0000009c 0 0 0 0 5 0
R 121 22 0000009c 0000006f
C 121 0000009c 0 0 0 0 5 0
C 122 0000009c 0 0 0 0 5 0
C 123 0000009c 0 0 0 0 5 0
C 124 0000009c 0 0 0 0 5 0
C 125 0000009c 1 0 0 1 5 0
C 126 0000009c 0 0 0 0 5 0
R 127 23 0000009c 0000006f
C 127 0000009c 0 0 0 0 5 0
C 128 0000009c 0 0 0 0 5 0
C 129 0000009c 0 0 0 0 5 0
C 130 0000009c 0 0 0 0 5 0
C 131 0000009c 1 0 0 1 5 0
C 132 0000009c 0 0 0 0 5 0
R 133 24 0000009c 0000006f
C 133 0000009c 0 0 0 0 5 0
C 134 0000009c 0 0 0 0 5 0
C 135 0000009c 0 0 0 0 5 0
C 136 0000009c 0 0 0 0 5 0
C 137 0000009c 1 0 0 1 5 0
C 138 0000009c 0 0 0 0 5 0
R 139 25 0000009c 0000006f
C 139 0000009c 0 0 0 0 5 0
C 140 0000009c 0 0 0 0 5 0
C 141 0000009c 0 0 0 0 5 0
C 142 0000009c 0 0 0 0 5 0
C 143 0000009c 1 0 0 1 5 0
C 144 0000009c 0 0 0 0 5 0
R 145 26 0000009c 0000006f
C 145 0000009c 0 0 0 0 5 0
C 146 0000009c 0 0 0 0 5 0
C 147 0000009c 0 0 0 0 5 0
C 148 0000009c 0 0 0 0 5 0
C 149 0000009c 1 0 0 1 5 0
C 150 0000009c 0 0 0 0 5 0
R 151 27 0000009c 0000006f
C 151 0000009c 0 0 0 0 5 0
C 152 0000009c 0 0 0 0 5 0
C 153 0000009c 0 0 0 0 5 0
C 154 0000009c 0 0 0 0 5 0
C 155 0000009c 1 0 0 1 5 0
C 156 0000009c 0 0 0 0 5 0
R 157 28 0000009c 0000006f
C 157 0000009c 0 0 0 0 5 0
C 158 0000009c 0 0 0 0 5 0
C 159 0000009c 0 0 0 0 5 0
C 160 0000009c 0 0 0 0 5 0
C 161 0000009c 1 0 0 1 5 0
C 162 0000009c 0 0 0 0 5 0
R 163 29 0000009c 0000006f
C 163 0000009c 0 0 0 0 5 0
C 164 0000009c 0 0 0 0 5 0
C 165 0000009c 0 0 0 0 5 0
C 166 0000009c 0 0 0 0 5 0
C 167 0000009c 1 0 0 1 5 0
C 168 0000009c 0 0 0 0 5 0
R 169 30 0000009c 0000006f
C 169 0000009c 0 0 0 0 5 0
C 170 0000009c 0 0 0 0 5 0
C 171 0000009c 0 0 0 0 5 0
C 172 0000009c 0 0 0 0 5 0
C 173 0000009c 1 0 0 1 5 0
C 174 0000009c 0 0 0 0 5 0
R 175 31 0000009c 0000006f
C 175 0000009c 0 0 0 0 5 0
C 176 0000009c 0 0 0 0 5 0
C 177 0000009c 0 0 0 0 5 0
C 178 0000009c 0 0 0 0 5 0
C 179 0000009c 1 0 0 1 5 0
R 181 32 0000009c 0000006f
R 187 33 0000009c 0000006f
R 193 34 0000009c 0000006f
R 199 35 0000009c 0000006f
R 205 36 0000009c 0000006f
R 211 37 0000009c 0000006f
R 217 38 0000009c 0000006f
R 223 39 0000009c 0000006f
R 229 40 0000009c 0000006f
R 235 41 0000009c 0000006f
R 241 42 0000009c 0000006f
R 247 43 0000009c 0000006f
R 253 44 0000009c 0000006f
R 259 45 0000009c 0000006f
R 265 46 0000009c 0000006f
R 271 47 0000009c 0000006f
R 277 48 0000009c 0000006f
R 283 49 0000009c 0000006f
R 289 50 0000009c 0000006f
R 295 51 0000009c 0000006f
R 301 52 0000009c 0000006f
R 307 53 0000009c 0000006f
R 313 54 0000009c 0000006f
R 319 55 0000009c 0000006f
R 325 56 0000009c 0000006f
R 331 57 0000009c 0000006f
R 337 58 0000009c 0000006f
R 343 59 0000009c 0000006f
R 349 60 0000009c 0000006f
R 355 61 0000009c 0000006f
R 361 62 0000009c 0000006f
R 367 63 0000009c 0000006f
R 373 64 0000009c 0000006f
R 379 65 0000009c 0000006f
R 385 66 0000009c 0000006f
R 391 67 0000009c 0000006f
R 397 68 0000009c 0000006f
R 403 69 0000009c 0000006f
R 409 70 0000009c 0000006f
R 415 71 0000009c 0000006f
R 421 72 0000009c 0000006f
R 427 73 0000009c 0000006f
R 433 74 0000009c 0000006f
R 439 75 0000009c 0000006f
R 445 76 0000009c 0000006f
R 451 77 0000009c 0000006f
R 457 78 0000009c 0000006f
R 463 79 0000009c 0000006f
R 469 80 0000009c 0000006f
R 475 81 0000009c 0000006f
R 481 82 0000009c 0000006f
R 487 83 0000009c 0000006f
R 493 84 0000009c 0000006f
R 499 85 0000009c 0000006f
R 505 86 0000009c 0000006f
R 511 87 0000009c 0000006f
R 517 88 0000009c 0000006f
R 523 89 0000009c 0000006f
R 529 90 0000009c 0000006f
R 535 91 0000009c 0000006f
R 541 92 0000009c 0000006f
R 547 93 0000009c 0000006f
R 553 94 0000009c 0000006f
R 559 95 0000009c 0000006f
R 565 96 0000009c 0000006f
R 571 97 0000009c 0000006f
R 577 98 0000009c 0000006f
R 583 99 0000009c 0000006f
R 589 100 0000009c 0000006f
R 595 101 0000009c 0000006f
R 601 102 0000009c 0000006f
R 607 103 0000009c 0000006f
R 613 104 0000009c 0000006f
R 619 105 0000009c 0000006f
R 625 106 0000009c 0000006f
R 631 107 0000009c 0000006f
R 637 108 0000009c 0000006f
R 643 109 0000009c 0000006f
R 649 110 0000009c 0000006f
R 655 111 0000009c 0000006f
R 661 112 0000009c 0000006f
R 667 113 0000009c 0000006f
R 673 114 0000009c 0000006f
R 679 115 0000009c 0000006f
R 685 116 0000009c 0000006f
R 691 117 0000009c 0000006f
R 697 118 0000009c 0000006f
R 703 119 0000009c 0000006f
R 709 120 0000009c 0000006f
R 715 121 0000009c 0000006f
R 721 122 0000009c 0000006f
R 727 123 0000009c 0000006f
R 733 124 0000009c 0000006f
R 739 125 0000009c 0000006f
R 745 126 0000009c 0000006f
R 751 127 0000009c 0000006f
R 757 128 0000009c 0000006f
R 763 129 0000009c 0000006f
R 769 130 0000009c 0000006f
R 775 131 0000009c 0000006f
R 781 132 0000009c 0000006f
R 787 133 0000009c 0000006f
R 793 134 0000009c 0000006f
R 799 135 0000009c 0000006f
R 805 136 0000009c 0000006f
R 811 137 0000009c 0000006f
R 817 138 0000009c 0000006f
R 823 139 0000009c 0000006f
R 829 140 0000009c 0000006f
R 835 141 0000009c 0000006f
R 841 142 0000009c 0000006f
R 847 143 0000009c 0000006f
R 853 144 0000009c 0000006f
R 859 145 0000009c 0000006f
R 865 146 0000009c 0000006f
R 871 147 0000009c 0000006f
R 877 148 0000009c 0000006f
R 883 149 0000009c 0000006f
R 889 150 0000009c 0000006f
R 895 151 0000009c 0000006f
R 901 152 0000009c 0000006f
R 907 153 0000009c 0000006f
R 913 154 0000009c 0000006f
R 919 155 0000009c 0000006f
R 925 156 0000009c 0000006f
R 931 157 0000009c 0000006f
R 937 158 0000009c 0000006f
R 943 159 0000009c 0000006f
R 949 160 0000009c 0000006f
R 955 161 0000009c 0000006f
R 961 162 0000009c 0000006f
R 967 163 0000009c 0000006f
R 973 164 0000009c 0000006f
R 979 165 0000009c 0000006f
R 985 166 0000009c 0000006f
R 991 167 0000009c 0000006f
R 997 168 0000009c 0000006f
R 1003 169 0000009c 0000006f
R 1009 170 0000009c 0000006f
R 1015 171 0000009c 0000006f
R 1021 172 0000009c 0000006f
R 1027 173 0000009c 0000006f
R 1033 174 0000009c 0000006f
R 1039 175 0000009c 0000006f
R 1045 176 0000009c 0000006f
R 1051 177 0000009c 0000006f
R 1057 178 0000009c 0000006f
R 1063 179 0000009c 0000006f
R 1069 180 0000009c 0000006f
R 1075 181 0000009c 0000006f
R 1081 182 0000009c 0000006f
R 1087 183 0000009c 0000006f
R 1093 184 0000009c 0000006f
R 1099 185 0000009c 0000006f
R 1105 186 0000009c 0000006f
R 1111 187 0000009c 0000006f
R 1117 188 0000009c 0000006f
R 1123 189 0000009c 0000006f
R 1129 190 0000009c 0000006f
R 1135 191 0000009c 0000006f
R 1141 192 0000009c 0000006f
R 1147 193 0000009c 0000006f
R 1153 194 0000009c 0000006f
R 1159 195 0000009c 0000006f
R 1165 196 0000009c 0000006f
R 1171 197 0000009c 0000006f
R 1177 198 0000009c 0000006f
R 1183 199 0000009c 0000006f
R 1189 200 0000009c 0000006f
R 1195 201 0000009c 0000006f
REG 0 00000000
REG 1 00000008
REG 2 00000208
REG 3 44332211
REG 4 00000000
REG 5 00000000
REG 6 00000000
REG 7 00000000
REG 8 00000000
REG 9 00000000
REG 10 8000001f
REG 11 00000098
REG 12 00000000
REG 13 00000000
REG 14 00000000
REG 15 0000007b
REG 16 00000000
REG 17 00000000
REG 18 00000000
REG 19 00000000
REG 20 00000000
REG 21 00000000
REG 22 00000000
REG 23 00000000
REG 24 00000000
REG 25 00000000
REG 26 00000000
REG 27 00000000
REG 28 00000000
REG 29 00000000
REG 30 00000000
REG 31 00000000
COUNTS sleep=1 clocks=1197 ai=0 ab=0 am=0 ifetch=398 data=1 bitmap=0 hit=0 miss=0 dummy=0 expanded=0 predict=0 mispredict=0
FINISH
- /home/dungpc/ndmoney4porche/projects/ibex/doc/dungpc/microarchitecture/scripts/top_tb.sv:188: Verilog $finish
