CONFIG SEC=0 CACHE=0 PRED=0 DUAL=0 MODE=0 ZC=3 SCR=0 ICECC=0 OFFSET=1 PMP=0
C 3 00000000 0 0 0 1 0 0
C 4 00000000 0 0 0 1 1 0
C 5 00000000 0 0 0 0 4 0
CSRDBG 6 addr=300 priv=3 dec=0 csr=0 raw=0 pw=0 dbg=0 op=0
C 6 00000080 1 0 0 0 5 0
W 7 2 00000300 000000000
CSRDBG 7 addr=037 priv=3 dec=0 csr=0 raw=1 pw=0 dbg=0 op=0
C 7 00000084 1 0 0 0 5 0
W 8 1 00000037 000000000
CSRDBG 8 addr=fe1 priv=3 dec=0 csr=0 raw=1 pw=0 dbg=0 op=0
R 8 1 00000080 30000113
C 8 00000088 1 0 0 0 5 0
D 8 1 000002fc f 00000037 tag=0
CSRDBG 9 addr=ff0 priv=3 dec=0 csr=0 raw=1 pw=0 dbg=0 op=0
R 9 2 00000084 03700093
C 9 00000088 1 0 0 0 5 0
W 10 2 000002f0 000000000
CSRDBG 10 addr=00c priv=3 dec=0 csr=0 raw=1 pw=0 dbg=0 op=0
R 10 3 00000088 fe112e23
C 10 0000008a 1 0 0 0 5 0
D 10 0 000002fc f 00000000 tag=0
W 11 1 00000037 000000000
CSRDBG 11 addr=010 priv=3 dec=0 csr=0 raw=1 pw=0 dbg=0 op=0
R 11 4 00000088 ff010113
C 11 0000008a 1 0 0 0 5 0
W 12 2 00000300 000000000
CSRDBG 12 addr=fff priv=3 dec=0 csr=0 raw=1 pw=0 dbg=0 op=0
R 12 5 0000008a 00c12083
C 12 0000008c 1 0 0 0 5 0
W 13 8 ffffffff 000000000
CSRDBG 13 addr=0ff priv=3 dec=0 csr=0 raw=1 pw=0 dbg=0 op=0
R 13 6 0000008a 01010113
C 13 00000090 1 0 0 0 5 0
W 14 8 000000ff 000000000
CSRDBG 14 addr=000 priv=3 dec=0 csr=0 raw=1 pw=0 dbg=0 op=0
R 14 7 0000008c fff00413
C 14 00000092 1 0 0 0 5 0
CSRDBG 15 addr=07b priv=3 dec=0 csr=0 raw=1 pw=0 dbg=0 op=0
R 15 8 00000090 00009c61
C 15 00000094 1 0 0 0 5 0
W 16 15 0000007b 000000000
CSRDBG 16 addr=000 priv=3 dec=0 csr=0 raw=1 pw=0 dbg=0 op=0
R 16 9 00000092 00000001
C 16 00000098 1 0 0 1 5 0
R 17 10 00000094 07b00793
C 17 00000098 0 0 0 0 5 0
CSRDBG 18 addr=000 priv=3 dec=0 csr=0 raw=1 pw=0 dbg=0 op=0
R 18 11 00000098 0000006f
C 18 00000098 1 0 0 1 5 0
C 19 00000098 0 0 0 0 5 0
CSRDBG 20 addr=000 priv=3 dec=0 csr=0 raw=1 pw=0 dbg=0 op=0
R 20 12 00000098 0000006f
C 20 00000098 1 0 0 1 5 0
C 21 00000098 0 0 0 0 5 0
CSRDBG 22 addr=000 priv=3 dec=0 csr=0 raw=1 pw=0 dbg=0 op=0
R 22 13 00000098 0000006f
C 22 00000098 1 0 0 1 5 0
C 23 00000098 0 0 0 0 5 0
CSRDBG 24 addr=000 priv=3 dec=0 csr=0 raw=1 pw=0 dbg=0 op=0
R 24 14 00000098 0000006f
C 24 00000098 1 0 0 1 5 0
C 25 00000098 0 0 0 0 5 0
CSRDBG 26 addr=000 priv=3 dec=0 csr=0 raw=1 pw=0 dbg=0 op=0
R 26 15 00000098 0000006f
C 26 00000098 1 0 0 1 5 0
C 27 00000098 0 0 0 0 5 0
CSRDBG 28 addr=000 priv=3 dec=0 csr=0 raw=1 pw=0 dbg=0 op=0
R 28 16 00000098 0000006f
C 28 00000098 1 0 0 1 5 0
C 29 00000098 0 0 0 0 5 0
CSRDBG 30 addr=000 priv=3 dec=0 csr=0 raw=1 pw=0 dbg=0 op=0
R 30 17 00000098 0000006f
C 30 00000098 1 0 0 1 5 0
C 31 00000098 0 0 0 0 5 0
CSRDBG 32 addr=000 priv=3 dec=0 csr=0 raw=1 pw=0 dbg=0 op=0
R 32 18 00000098 0000006f
C 32 00000098 1 0 0 1 5 0
C 33 00000098 0 0 0 0 5 0
CSRDBG 34 addr=000 priv=3 dec=0 csr=0 raw=1 pw=0 dbg=0 op=0
R 34 19 00000098 0000006f
C 34 00000098 1 0 0 1 5 0
C 35 00000098 0 0 0 0 5 0
CSRDBG 36 addr=000 priv=3 dec=0 csr=0 raw=1 pw=0 dbg=0 op=0
R 36 20 00000098 0000006f
C 36 00000098 1 0 0 1 5 0
C 37 00000098 0 0 0 0 5 0
CSRDBG 38 addr=000 priv=3 dec=0 csr=0 raw=1 pw=0 dbg=0 op=0
R 38 21 00000098 0000006f
C 38 00000098 1 0 0 1 5 0
C 39 00000098 0 0 0 0 5 0
CSRDBG 40 addr=000 priv=3 dec=0 csr=0 raw=1 pw=0 dbg=0 op=0
R 40 22 00000098 0000006f
C 40 00000098 1 0 0 1 5 0
C 41 00000098 0 0 0 0 5 0
CSRDBG 42 addr=000 priv=3 dec=0 csr=0 raw=1 pw=0 dbg=0 op=0
R 42 23 00000098 0000006f
C 42 00000098 1 0 0 1 5 0
C 43 00000098 0 0 0 0 5 0
CSRDBG 44 addr=000 priv=3 dec=0 csr=0 raw=1 pw=0 dbg=0 op=0
R 44 24 00000098 0000006f
C 44 00000098 1 0 0 1 5 0
C 45 00000098 0 0 0 0 5 0
CSRDBG 46 addr=000 priv=3 dec=0 csr=0 raw=1 pw=0 dbg=0 op=0
R 46 25 00000098 0000006f
C 46 00000098 1 0 0 1 5 0
C 47 00000098 0 0 0 0 5 0
CSRDBG 48 addr=000 priv=3 dec=0 csr=0 raw=1 pw=0 dbg=0 op=0
R 48 26 00000098 0000006f
C 48 00000098 1 0 0 1 5 0
C 49 00000098 0 0 0 0 5 0
CSRDBG 50 addr=000 priv=3 dec=0 csr=0 raw=1 pw=0 dbg=0 op=0
R 50 27 00000098 0000006f
C 50 00000098 1 0 0 1 5 0
C 51 00000098 0 0 0 0 5 0
CSRDBG 52 addr=000 priv=3 dec=0 csr=0 raw=1 pw=0 dbg=0 op=0
R 52 28 00000098 0000006f
C 52 00000098 1 0 0 1 5 0
C 53 00000098 0 0 0 0 5 0
CSRDBG 54 addr=000 priv=3 dec=0 csr=0 raw=1 pw=0 dbg=0 op=0
R 54 29 00000098 0000006f
C 54 00000098 1 0 0 1 5 0
C 55 00000098 0 0 0 0 5 0
CSRDBG 56 addr=000 priv=3 dec=0 csr=0 raw=1 pw=0 dbg=0 op=0
R 56 30 00000098 0000006f
C 56 00000098 1 0 0 1 5 0
C 57 00000098 0 0 0 0 5 0
CSRDBG 58 addr=000 priv=3 dec=0 csr=0 raw=1 pw=0 dbg=0 op=0
R 58 31 00000098 0000006f
C 58 00000098 1 0 0 1 5 0
C 59 00000098 0 0 0 0 5 0
CSRDBG 60 addr=000 priv=3 dec=0 csr=0 raw=1 pw=0 dbg=0 op=0
R 60 32 00000098 0000006f
C 60 00000098 1 0 0 1 5 0
C 61 00000098 0 0 0 0 5 0
CSRDBG 62 addr=000 priv=3 dec=0 csr=0 raw=1 pw=0 dbg=0 op=0
R 62 33 00000098 0000006f
C 62 00000098 1 0 0 1 5 0
C 63 00000098 0 0 0 0 5 0
CSRDBG 64 addr=000 priv=3 dec=0 csr=0 raw=1 pw=0 dbg=0 op=0
R 64 34 00000098 0000006f
C 64 00000098 1 0 0 1 5 0
C 65 00000098 0 0 0 0 5 0
CSRDBG 66 addr=000 priv=3 dec=0 csr=0 raw=1 pw=0 dbg=0 op=0
R 66 35 00000098 0000006f
C 66 00000098 1 0 0 1 5 0
C 67 00000098 0 0 0 0 5 0
CSRDBG 68 addr=000 priv=3 dec=0 csr=0 raw=1 pw=0 dbg=0 op=0
R 68 36 00000098 0000006f
C 68 00000098 1 0 0 1 5 0
C 69 00000098 0 0 0 0 5 0
CSRDBG 70 addr=000 priv=3 dec=0 csr=0 raw=1 pw=0 dbg=0 op=0
R 70 37 00000098 0000006f
C 70 00000098 1 0 0 1 5 0
C 71 00000098 0 0 0 0 5 0
CSRDBG 72 addr=000 priv=3 dec=0 csr=0 raw=1 pw=0 dbg=0 op=0
R 72 38 00000098 0000006f
C 72 00000098 1 0 0 1 5 0
C 73 00000098 0 0 0 0 5 0
CSRDBG 74 addr=000 priv=3 dec=0 csr=0 raw=1 pw=0 dbg=0 op=0
R 74 39 00000098 0000006f
C 74 00000098 1 0 0 1 5 0
C 75 00000098 0 0 0 0 5 0
CSRDBG 76 addr=000 priv=3 dec=0 csr=0 raw=1 pw=0 dbg=0 op=0
R 76 40 00000098 0000006f
C 76 00000098 1 0 0 1 5 0
C 77 00000098 0 0 0 0 5 0
CSRDBG 78 addr=000 priv=3 dec=0 csr=0 raw=1 pw=0 dbg=0 op=0
R 78 41 00000098 0000006f
C 78 00000098 1 0 0 1 5 0
C 79 00000098 0 0 0 0 5 0
R 80 42 00000098 0000006f
C 80 00000098 1 0 0 1 5 0
C 81 00000098 0 0 0 0 5 0
R 82 43 00000098 0000006f
C 82 00000098 1 0 0 1 5 0
C 83 00000098 0 0 0 0 5 0
R 84 44 00000098 0000006f
C 84 00000098 1 0 0 1 5 0
C 85 00000098 0 0 0 0 5 0
R 86 45 00000098 0000006f
C 86 00000098 1 0 0 1 5 0
C 87 00000098 0 0 0 0 5 0
R 88 46 00000098 0000006f
C 88 00000098 1 0 0 1 5 0
C 89 00000098 0 0 0 0 5 0
R 90 47 00000098 0000006f
C 90 00000098 1 0 0 1 5 0
C 91 00000098 0 0 0 0 5 0
R 92 48 00000098 0000006f
C 92 00000098 1 0 0 1 5 0
C 93 00000098 0 0 0 0 5 0
R 94 49 00000098 0000006f
C 94 00000098 1 0 0 1 5 0
C 95 00000098 0 0 0 0 5 0
R 96 50 00000098 0000006f
C 96 00000098 1 0 0 1 5 0
C 97 00000098 0 0 0 0 5 0
R 98 51 00000098 0000006f
C 98 00000098 1 0 0 1 5 0
C 99 00000098 0 0 0 0 5 0
R 100 52 00000098 0000006f
C 100 00000098 1 0 0 1 5 0
C 101 00000098 0 0 0 0 5 0
R 102 53 00000098 0000006f
C 102 00000098 1 0 0 1 5 0
C 103 00000098 0 0 0 0 5 0
R 104 54 00000098 0000006f
C 104 00000098 1 0 0 1 5 0
C 105 00000098 0 0 0 0 5 0
R 106 55 00000098 0000006f
C 106 00000098 1 0 0 1 5 0
C 107 00000098 0 0 0 0 5 0
R 108 56 00000098 0000006f
C 108 00000098 1 0 0 1 5 0
C 109 00000098 0 0 0 0 5 0
R 110 57 00000098 0000006f
C 110 00000098 1 0 0 1 5 0
C 111 00000098 0 0 0 0 5 0
R 112 58 00000098 0000006f
C 112 00000098 1 0 0 1 5 0
C 113 00000098 0 0 0 0 5 0
R 114 59 00000098 0000006f
C 114 00000098 1 0 0 1 5 0
C 115 00000098 0 0 0 0 5 0
R 116 60 00000098 0000006f
C 116 00000098 1 0 0 1 5 0
C 117 00000098 0 0 0 0 5 0
R 118 61 00000098 0000006f
C 118 00000098 1 0 0 1 5 0
C 119 00000098 0 0 0 0 5 0
R 120 62 00000098 0000006f
C 120 00000098 1 0 0 1 5 0
C 121 00000098 0 0 0 0 5 0
R 122 63 00000098 0000006f
C 122 00000098 1 0 0 1 5 0
C 123 00000098 0 0 0 0 5 0
R 124 64 00000098 0000006f
C 124 00000098 1 0 0 1 5 0
C 125 00000098 0 0 0 0 5 0
R 126 65 00000098 0000006f
C 126 00000098 1 0 0 1 5 0
C 127 00000098 0 0 0 0 5 0
R 128 66 00000098 0000006f
C 128 00000098 1 0 0 1 5 0
C 129 00000098 0 0 0 0 5 0
R 130 67 00000098 0000006f
C 130 00000098 1 0 0 1 5 0
C 131 00000098 0 0 0 0 5 0
R 132 68 00000098 0000006f
C 132 00000098 1 0 0 1 5 0
C 133 00000098 0 0 0 0 5 0
R 134 69 00000098 0000006f
C 134 00000098 1 0 0 1 5 0
C 135 00000098 0 0 0 0 5 0
R 136 70 00000098 0000006f
C 136 00000098 1 0 0 1 5 0
C 137 00000098 0 0 0 0 5 0
R 138 71 00000098 0000006f
C 138 00000098 1 0 0 1 5 0
C 139 00000098 0 0 0 0 5 0
R 140 72 00000098 0000006f
C 140 00000098 1 0 0 1 5 0
C 141 00000098 0 0 0 0 5 0
R 142 73 00000098 0000006f
C 142 00000098 1 0 0 1 5 0
C 143 00000098 0 0 0 0 5 0
R 144 74 00000098 0000006f
C 144 00000098 1 0 0 1 5 0
C 145 00000098 0 0 0 0 5 0
R 146 75 00000098 0000006f
C 146 00000098 1 0 0 1 5 0
C 147 00000098 0 0 0 0 5 0
R 148 76 00000098 0000006f
C 148 00000098 1 0 0 1 5 0
C 149 00000098 0 0 0 0 5 0
R 150 77 00000098 0000006f
C 150 00000098 1 0 0 1 5 0
C 151 00000098 0 0 0 0 5 0
R 152 78 00000098 0000006f
C 152 00000098 1 0 0 1 5 0
C 153 00000098 0 0 0 0 5 0
R 154 79 00000098 0000006f
C 154 00000098 1 0 0 1 5 0
C 155 00000098 0 0 0 0 5 0
R 156 80 00000098 0000006f
C 156 00000098 1 0 0 1 5 0
C 157 00000098 0 0 0 0 5 0
R 158 81 00000098 0000006f
C 158 00000098 1 0 0 1 5 0
C 159 00000098 0 0 0 0 5 0
R 160 82 00000098 0000006f
C 160 00000098 1 0 0 1 5 0
C 161 00000098 0 0 0 0 5 0
R 162 83 00000098 0000006f
C 162 00000098 1 0 0 1 5 0
C 163 00000098 0 0 0 0 5 0
R 164 84 00000098 0000006f
C 164 00000098 1 0 0 1 5 0
C 165 00000098 0 0 0 0 5 0
R 166 85 00000098 0000006f
C 166 00000098 1 0 0 1 5 0
C 167 00000098 0 0 0 0 5 0
R 168 86 00000098 0000006f
C 168 00000098 1 0 0 1 5 0
C 169 00000098 0 0 0 0 5 0
R 170 87 00000098 0000006f
C 170 00000098 1 0 0 1 5 0
C 171 00000098 0 0 0 0 5 0
R 172 88 00000098 0000006f
C 172 00000098 1 0 0 1 5 0
C 173 00000098 0 0 0 0 5 0
R 174 89 00000098 0000006f
C 174 00000098 1 0 0 1 5 0
C 175 00000098 0 0 0 0 5 0
R 176 90 00000098 0000006f
C 176 00000098 1 0 0 1 5 0
C 177 00000098 0 0 0 0 5 0
R 178 91 00000098 0000006f
C 178 00000098 1 0 0 1 5 0
C 179 00000098 0 0 0 0 5 0
R 180 92 00000098 0000006f
R 182 93 00000098 0000006f
R 184 94 00000098 0000006f
R 186 95 00000098 0000006f
R 188 96 00000098 0000006f
R 190 97 00000098 0000006f
R 192 98 00000098 0000006f
R 194 99 00000098 0000006f
R 196 100 00000098 0000006f
R 198 101 00000098 0000006f
R 200 102 00000098 0000006f
R 202 103 00000098 0000006f
R 204 104 00000098 0000006f
R 206 105 00000098 0000006f
R 208 106 00000098 0000006f
R 210 107 00000098 0000006f
R 212 108 00000098 0000006f
R 214 109 00000098 0000006f
R 216 110 00000098 0000006f
R 218 111 00000098 0000006f
R 220 112 00000098 0000006f
R 222 113 00000098 0000006f
R 224 114 00000098 0000006f
R 226 115 00000098 0000006f
R 228 116 00000098 0000006f
R 230 117 00000098 0000006f
R 232 118 00000098 0000006f
R 234 119 00000098 0000006f
R 236 120 00000098 0000006f
R 238 121 00000098 0000006f
R 240 122 00000098 0000006f
R 242 123 00000098 0000006f
R 244 124 00000098 0000006f
R 246 125 00000098 0000006f
R 248 126 00000098 0000006f
R 250 127 00000098 0000006f
R 252 128 00000098 0000006f
R 254 129 00000098 0000006f
R 256 130 00000098 0000006f
R 258 131 00000098 0000006f
R 260 132 00000098 0000006f
R 262 133 00000098 0000006f
R 264 134 00000098 0000006f
R 266 135 00000098 0000006f
R 268 136 00000098 0000006f
R 270 137 00000098 0000006f
R 272 138 00000098 0000006f
R 274 139 00000098 0000006f
R 276 140 00000098 0000006f
R 278 141 00000098 0000006f
R 280 142 00000098 0000006f
R 282 143 00000098 0000006f
R 284 144 00000098 0000006f
R 286 145 00000098 0000006f
R 288 146 00000098 0000006f
R 290 147 00000098 0000006f
R 292 148 00000098 0000006f
R 294 149 00000098 0000006f
R 296 150 00000098 0000006f
R 298 151 00000098 0000006f
R 300 152 00000098 0000006f
R 302 153 00000098 0000006f
R 304 154 00000098 0000006f
R 306 155 00000098 0000006f
R 308 156 00000098 0000006f
R 310 157 00000098 0000006f
R 312 158 00000098 0000006f
R 314 159 00000098 0000006f
R 316 160 00000098 0000006f
R 318 161 00000098 0000006f
R 320 162 00000098 0000006f
R 322 163 00000098 0000006f
R 324 164 00000098 0000006f
R 326 165 00000098 0000006f
R 328 166 00000098 0000006f
R 330 167 00000098 0000006f
R 332 168 00000098 0000006f
R 334 169 00000098 0000006f
R 336 170 00000098 0000006f
R 338 171 00000098 0000006f
R 340 172 00000098 0000006f
R 342 173 00000098 0000006f
R 344 174 00000098 0000006f
R 346 175 00000098 0000006f
R 348 176 00000098 0000006f
R 350 177 00000098 0000006f
R 352 178 00000098 0000006f
R 354 179 00000098 0000006f
R 356 180 00000098 0000006f
R 358 181 00000098 0000006f
R 360 182 00000098 0000006f
R 362 183 00000098 0000006f
R 364 184 00000098 0000006f
R 366 185 00000098 0000006f
R 368 186 00000098 0000006f
R 370 187 00000098 0000006f
R 372 188 00000098 0000006f
R 374 189 00000098 0000006f
R 376 190 00000098 0000006f
R 378 191 00000098 0000006f
R 380 192 00000098 0000006f
R 382 193 00000098 0000006f
R 384 194 00000098 0000006f
R 386 195 00000098 0000006f
R 388 196 00000098 0000006f
R 390 197 00000098 0000006f
R 392 198 00000098 0000006f
R 394 199 00000098 0000006f
R 396 200 00000098 0000006f
R 398 201 00000098 0000006f
R 400 202 00000098 0000006f
R 402 203 00000098 0000006f
R 404 204 00000098 0000006f
R 406 205 00000098 0000006f
R 408 206 00000098 0000006f
R 410 207 00000098 0000006f
R 412 208 00000098 0000006f
R 414 209 00000098 0000006f
R 416 210 00000098 0000006f
R 418 211 00000098 0000006f
R 420 212 00000098 0000006f
R 422 213 00000098 0000006f
R 424 214 00000098 0000006f
R 426 215 00000098 0000006f
R 428 216 00000098 0000006f
R 430 217 00000098 0000006f
R 432 218 00000098 0000006f
R 434 219 00000098 0000006f
R 436 220 00000098 0000006f
R 438 221 00000098 0000006f
R 440 222 00000098 0000006f
R 442 223 00000098 0000006f
R 444 224 00000098 0000006f
R 446 225 00000098 0000006f
R 448 226 00000098 0000006f
R 450 227 00000098 0000006f
R 452 228 00000098 0000006f
R 454 229 00000098 0000006f
R 456 230 00000098 0000006f
R 458 231 00000098 0000006f
R 460 232 00000098 0000006f
R 462 233 00000098 0000006f
R 464 234 00000098 0000006f
R 466 235 00000098 0000006f
R 468 236 00000098 0000006f
R 470 237 00000098 0000006f
R 472 238 00000098 0000006f
R 474 239 00000098 0000006f
R 476 240 00000098 0000006f
R 478 241 00000098 0000006f
R 480 242 00000098 0000006f
R 482 243 00000098 0000006f
R 484 244 00000098 0000006f
R 486 245 00000098 0000006f
R 488 246 00000098 0000006f
R 490 247 00000098 0000006f
R 492 248 00000098 0000006f
R 494 249 00000098 0000006f
R 496 250 00000098 0000006f
R 498 251 00000098 0000006f
R 500 252 00000098 0000006f
R 502 253 00000098 0000006f
R 504 254 00000098 0000006f
R 506 255 00000098 0000006f
R 508 256 00000098 0000006f
R 510 257 00000098 0000006f
R 512 258 00000098 0000006f
R 514 259 00000098 0000006f
R 516 260 00000098 0000006f
R 518 261 00000098 0000006f
R 520 262 00000098 0000006f
R 522 263 00000098 0000006f
R 524 264 00000098 0000006f
R 526 265 00000098 0000006f
R 528 266 00000098 0000006f
R 530 267 00000098 0000006f
R 532 268 00000098 0000006f
R 534 269 00000098 0000006f
R 536 270 00000098 0000006f
R 538 271 00000098 0000006f
R 540 272 00000098 0000006f
R 542 273 00000098 0000006f
R 544 274 00000098 0000006f
R 546 275 00000098 0000006f
R 548 276 00000098 0000006f
R 550 277 00000098 0000006f
R 552 278 00000098 0000006f
R 554 279 00000098 0000006f
R 556 280 00000098 0000006f
R 558 281 00000098 0000006f
R 560 282 00000098 0000006f
R 562 283 00000098 0000006f
R 564 284 00000098 0000006f
R 566 285 00000098 0000006f
R 568 286 00000098 0000006f
R 570 287 00000098 0000006f
R 572 288 00000098 0000006f
R 574 289 00000098 0000006f
R 576 290 00000098 0000006f
R 578 291 00000098 0000006f
R 580 292 00000098 0000006f
R 582 293 00000098 0000006f
R 584 294 00000098 0000006f
R 586 295 00000098 0000006f
R 588 296 00000098 0000006f
R 590 297 00000098 0000006f
R 592 298 00000098 0000006f
R 594 299 00000098 0000006f
R 596 300 00000098 0000006f
R 598 301 00000098 0000006f
R 600 302 00000098 0000006f
R 602 303 00000098 0000006f
R 604 304 00000098 0000006f
R 606 305 00000098 0000006f
R 608 306 00000098 0000006f
R 610 307 00000098 0000006f
R 612 308 00000098 0000006f
R 614 309 00000098 0000006f
R 616 310 00000098 0000006f
R 618 311 00000098 0000006f
R 620 312 00000098 0000006f
R 622 313 00000098 0000006f
R 624 314 00000098 0000006f
R 626 315 00000098 0000006f
R 628 316 00000098 0000006f
R 630 317 00000098 0000006f
R 632 318 00000098 0000006f
R 634 319 00000098 0000006f
R 636 320 00000098 0000006f
R 638 321 00000098 0000006f
R 640 322 00000098 0000006f
R 642 323 00000098 0000006f
R 644 324 00000098 0000006f
R 646 325 00000098 0000006f
R 648 326 00000098 0000006f
R 650 327 00000098 0000006f
R 652 328 00000098 0000006f
R 654 329 00000098 0000006f
R 656 330 00000098 0000006f
R 658 331 00000098 0000006f
R 660 332 00000098 0000006f
R 662 333 00000098 0000006f
R 664 334 00000098 0000006f
R 666 335 00000098 0000006f
R 668 336 00000098 0000006f
R 670 337 00000098 0000006f
R 672 338 00000098 0000006f
R 674 339 00000098 0000006f
R 676 340 00000098 0000006f
R 678 341 00000098 0000006f
R 680 342 00000098 0000006f
R 682 343 00000098 0000006f
R 684 344 00000098 0000006f
R 686 345 00000098 0000006f
R 688 346 00000098 0000006f
R 690 347 00000098 0000006f
R 692 348 00000098 0000006f
R 694 349 00000098 0000006f
R 696 350 00000098 0000006f
R 698 351 00000098 0000006f
R 700 352 00000098 0000006f
R 702 353 00000098 0000006f
R 704 354 00000098 0000006f
R 706 355 00000098 0000006f
R 708 356 00000098 0000006f
R 710 357 00000098 0000006f
R 712 358 00000098 0000006f
R 714 359 00000098 0000006f
R 716 360 00000098 0000006f
R 718 361 00000098 0000006f
R 720 362 00000098 0000006f
R 722 363 00000098 0000006f
R 724 364 00000098 0000006f
R 726 365 00000098 0000006f
R 728 366 00000098 0000006f
R 730 367 00000098 0000006f
R 732 368 00000098 0000006f
R 734 369 00000098 0000006f
R 736 370 00000098 0000006f
R 738 371 00000098 0000006f
R 740 372 00000098 0000006f
R 742 373 00000098 0000006f
R 744 374 00000098 0000006f
R 746 375 00000098 0000006f
R 748 376 00000098 0000006f
R 750 377 00000098 0000006f
R 752 378 00000098 0000006f
R 754 379 00000098 0000006f
R 756 380 00000098 0000006f
R 758 381 00000098 0000006f
R 760 382 00000098 0000006f
R 762 383 00000098 0000006f
R 764 384 00000098 0000006f
R 766 385 00000098 0000006f
R 768 386 00000098 0000006f
R 770 387 00000098 0000006f
R 772 388 00000098 0000006f
R 774 389 00000098 0000006f
R 776 390 00000098 0000006f
R 778 391 00000098 0000006f
R 780 392 00000098 0000006f
R 782 393 00000098 0000006f
R 784 394 00000098 0000006f
R 786 395 00000098 0000006f
R 788 396 00000098 0000006f
R 790 397 00000098 0000006f
R 792 398 00000098 0000006f
R 794 399 00000098 0000006f
R 796 400 00000098 0000006f
R 798 401 00000098 0000006f
R 800 402 00000098 0000006f
R 802 403 00000098 0000006f
R 804 404 00000098 0000006f
R 806 405 00000098 0000006f
R 808 406 00000098 0000006f
R 810 407 00000098 0000006f
R 812 408 00000098 0000006f
R 814 409 00000098 0000006f
R 816 410 00000098 0000006f
R 818 411 00000098 0000006f
R 820 412 00000098 0000006f
R 822 413 00000098 0000006f
R 824 414 00000098 0000006f
R 826 415 00000098 0000006f
R 828 416 00000098 0000006f
R 830 417 00000098 0000006f
R 832 418 00000098 0000006f
R 834 419 00000098 0000006f
R 836 420 00000098 0000006f
R 838 421 00000098 0000006f
R 840 422 00000098 0000006f
R 842 423 00000098 0000006f
R 844 424 00000098 0000006f
R 846 425 00000098 0000006f
R 848 426 00000098 0000006f
R 850 427 00000098 0000006f
R 852 428 00000098 0000006f
R 854 429 00000098 0000006f
R 856 430 00000098 0000006f
R 858 431 00000098 0000006f
R 860 432 00000098 0000006f
R 862 433 00000098 0000006f
R 864 434 00000098 0000006f
R 866 435 00000098 0000006f
R 868 436 00000098 0000006f
R 870 437 00000098 0000006f
R 872 438 00000098 0000006f
R 874 439 00000098 0000006f
R 876 440 00000098 0000006f
R 878 441 00000098 0000006f
R 880 442 00000098 0000006f
R 882 443 00000098 0000006f
R 884 444 00000098 0000006f
R 886 445 00000098 0000006f
R 888 446 00000098 0000006f
R 890 447 00000098 0000006f
R 892 448 00000098 0000006f
R 894 449 00000098 0000006f
R 896 450 00000098 0000006f
R 898 451 00000098 0000006f
R 900 452 00000098 0000006f
R 902 453 00000098 0000006f
R 904 454 00000098 0000006f
R 906 455 00000098 0000006f
R 908 456 00000098 0000006f
R 910 457 00000098 0000006f
R 912 458 00000098 0000006f
R 914 459 00000098 0000006f
R 916 460 00000098 0000006f
R 918 461 00000098 0000006f
R 920 462 00000098 0000006f
R 922 463 00000098 0000006f
R 924 464 00000098 0000006f
R 926 465 00000098 0000006f
R 928 466 00000098 0000006f
R 930 467 00000098 0000006f
R 932 468 00000098 0000006f
R 934 469 00000098 0000006f
R 936 470 00000098 0000006f
R 938 471 00000098 0000006f
R 940 472 00000098 0000006f
R 942 473 00000098 0000006f
R 944 474 00000098 0000006f
R 946 475 00000098 0000006f
R 948 476 00000098 0000006f
R 950 477 00000098 0000006f
R 952 478 00000098 0000006f
R 954 479 00000098 0000006f
R 956 480 00000098 0000006f
R 958 481 00000098 0000006f
R 960 482 00000098 0000006f
R 962 483 00000098 0000006f
R 964 484 00000098 0000006f
R 966 485 00000098 0000006f
R 968 486 00000098 0000006f
R 970 487 00000098 0000006f
R 972 488 00000098 0000006f
R 974 489 00000098 0000006f
R 976 490 00000098 0000006f
R 978 491 00000098 0000006f
R 980 492 00000098 0000006f
R 982 493 00000098 0000006f
R 984 494 00000098 0000006f
R 986 495 00000098 0000006f
R 988 496 00000098 0000006f
R 990 497 00000098 0000006f
R 992 498 00000098 0000006f
R 994 499 00000098 0000006f
R 996 500 00000098 0000006f
R 998 501 00000098 0000006f
R 1000 502 00000098 0000006f
R 1002 503 00000098 0000006f
R 1004 504 00000098 0000006f
R 1006 505 00000098 0000006f
R 1008 506 00000098 0000006f
R 1010 507 00000098 0000006f
R 1012 508 00000098 0000006f
R 1014 509 00000098 0000006f
R 1016 510 00000098 0000006f
R 1018 511 00000098 0000006f
R 1020 512 00000098 0000006f
R 1022 513 00000098 0000006f
R 1024 514 00000098 0000006f
R 1026 515 00000098 0000006f
R 1028 516 00000098 0000006f
R 1030 517 00000098 0000006f
R 1032 518 00000098 0000006f
R 1034 519 00000098 0000006f
R 1036 520 00000098 0000006f
R 1038 521 00000098 0000006f
R 1040 522 00000098 0000006f
R 1042 523 00000098 0000006f
R 1044 524 00000098 0000006f
R 1046 525 00000098 0000006f
R 1048 526 00000098 0000006f
R 1050 527 00000098 0000006f
R 1052 528 00000098 0000006f
R 1054 529 00000098 0000006f
R 1056 530 00000098 0000006f
R 1058 531 00000098 0000006f
R 1060 532 00000098 0000006f
R 1062 533 00000098 0000006f
R 1064 534 00000098 0000006f
R 1066 535 00000098 0000006f
R 1068 536 00000098 0000006f
R 1070 537 00000098 0000006f
R 1072 538 00000098 0000006f
R 1074 539 00000098 0000006f
R 1076 540 00000098 0000006f
R 1078 541 00000098 0000006f
R 1080 542 00000098 0000006f
R 1082 543 00000098 0000006f
R 1084 544 00000098 0000006f
R 1086 545 00000098 0000006f
R 1088 546 00000098 0000006f
R 1090 547 00000098 0000006f
R 1092 548 00000098 0000006f
R 1094 549 00000098 0000006f
R 1096 550 00000098 0000006f
R 1098 551 00000098 0000006f
R 1100 552 00000098 0000006f
R 1102 553 00000098 0000006f
R 1104 554 00000098 0000006f
R 1106 555 00000098 0000006f
R 1108 556 00000098 0000006f
R 1110 557 00000098 0000006f
R 1112 558 00000098 0000006f
R 1114 559 00000098 0000006f
R 1116 560 00000098 0000006f
R 1118 561 00000098 0000006f
R 1120 562 00000098 0000006f
R 1122 563 00000098 0000006f
R 1124 564 00000098 0000006f
R 1126 565 00000098 0000006f
R 1128 566 00000098 0000006f
R 1130 567 00000098 0000006f
R 1132 568 00000098 0000006f
R 1134 569 00000098 0000006f
R 1136 570 00000098 0000006f
R 1138 571 00000098 0000006f
R 1140 572 00000098 0000006f
R 1142 573 00000098 0000006f
R 1144 574 00000098 0000006f
R 1146 575 00000098 0000006f
R 1148 576 00000098 0000006f
R 1150 577 00000098 0000006f
R 1152 578 00000098 0000006f
R 1154 579 00000098 0000006f
R 1156 580 00000098 0000006f
R 1158 581 00000098 0000006f
R 1160 582 00000098 0000006f
R 1162 583 00000098 0000006f
R 1164 584 00000098 0000006f
R 1166 585 00000098 0000006f
R 1168 586 00000098 0000006f
R 1170 587 00000098 0000006f
R 1172 588 00000098 0000006f
R 1174 589 00000098 0000006f
R 1176 590 00000098 0000006f
R 1178 591 00000098 0000006f
R 1180 592 00000098 0000006f
R 1182 593 00000098 0000006f
R 1184 594 00000098 0000006f
R 1186 595 00000098 0000006f
R 1188 596 00000098 0000006f
R 1190 597 00000098 0000006f
R 1192 598 00000098 0000006f
R 1194 599 00000098 0000006f
R 1196 600 00000098 0000006f
R 1198 601 00000098 0000006f
REG 0 00000000
REG 1 00000037
REG 2 00000300
REG 3 00000000
REG 4 00000000
REG 5 00000000
REG 6 00000000
REG 7 00000000
REG 8 000000ff
REG 9 00000000
REG 10 00000000
REG 11 00000000
REG 12 00000000
REG 13 00000000
REG 14 00000000
REG 15 0000007b
REG 16 00000000
REG 17 00000000
REG 18 00000000
REG 19 00000000
REG 20 00000000
REG 21 00000000
REG 22 00000000
REG 23 00000000
REG 24 00000000
REG 25 00000000
REG 26 00000000
REG 27 00000000
REG 28 00000000
REG 29 00000000
REG 30 00000000
REG 31 00000000
COUNTS sleep=1 clocks=1197 ai=0 ab=0 am=0 ifetch=1193 data=2 bitmap=0 hit=0 miss=0 dummy=0 expanded=4 predict=0 mispredict=0
FINISH
- /home/dungpc/ndmoney4porche/projects/ibex/doc/dungpc/microarchitecture/scripts/top_tb.sv:188: Verilog $finish
