CONFIG WB=0 BT=1 M=2 latency=1 ilatency=1 grant_period=1
C 0 00000000 0 0 0 0 0 0 0 0 1 0 0 00000000 0 0 00000080 0 0 0 1
C 1 00000000 0 0 0 0 0 0 0 0 1 0 0 00000000 0 0 00000080 1 1 0 1
C 2 00000000 0 0 0 0 0 0 0 0 1 0 0 00000000 0 0 00000080 1 1 1 0
C 3 00000080 1 0 0 0 0 0 0 1 1 0 0 00000000 0 0 00000082 1 1 1 0
C 4 00000082 1 0 0 0 0 0 0 1 1 0 0 00000004 0 0 00000086 1 1 1 0
W 4 1 00000007
R 4 1 00000080 00000001 0
C 5 00000086 1 0 0 0 0 0 0 1 1 0 0 00000008 0 0 00000088 1 1 1 0
W 5 1 00000008
R 5 2 00000082 00700093 0
C 6 00000088 1 0 0 0 0 0 0 1 1 0 0 00000078 0 0 0000008c 1 1 1 0
W 6 31 0000007b
R 6 3 00000086 00000085 0
C 7 0000008c 1 0 0 0 0 0 0 1 1 0 0 00000090 0 0 00000090 1 1 1 1
R 7 4 00000088 07b00f93 0
C 8 0000008c 0 0 0 0 0 0 0 0 1 0 0 00000090 0 0 0000008c 1 1 1 0
R 8 5 0000008c 0000006f 0
C 9 0000008c 1 0 0 0 0 0 0 1 1 0 0 00000090 0 0 00000090 1 1 1 1
C 10 0000008c 0 0 0 0 0 0 0 0 1 0 0 00000090 0 0 0000008c 1 1 1 0
R 10 6 0000008c 0000006f 0
C 11 0000008c 1 0 0 0 0 0 0 1 1 0 0 00000090 0 0 00000090 1 1 1 1
C 12 0000008c 0 0 0 0 0 0 0 0 1 0 0 00000090 0 0 0000008c 1 1 1 0
R 12 7 0000008c 0000006f 0
C 13 0000008c 1 0 0 0 0 0 0 1 1 0 0 00000090 0 0 00000090 1 1 1 1
C 14 0000008c 0 0 0 0 0 0 0 0 1 0 0 00000090 0 0 0000008c 1 1 1 0
R 14 8 0000008c 0000006f 0
C 15 0000008c 1 0 0 0 0 0 0 1 1 0 0 00000090 0 0 00000090 1 1 1 1
C 16 0000008c 0 0 0 0 0 0 0 0 1 0 0 00000090 0 0 0000008c 1 1 1 0
R 16 9 0000008c 0000006f 0
C 17 0000008c 1 0 0 0 0 0 0 1 1 0 0 00000090 0 0 00000090 1 1 1 1
C 18 0000008c 0 0 0 0 0 0 0 0 1 0 0 00000090 0 0 0000008c 1 1 1 0
R 18 10 0000008c 0000006f 0
C 19 0000008c 1 0 0 0 0 0 0 1 1 0 0 00000090 0 0 00000090 1 1 1 1
C 20 0000008c 0 0 0 0 0 0 0 0 1 0 0 00000090 0 0 0000008c 1 1 1 0
R 20 11 0000008c 0000006f 0
C 21 0000008c 1 0 0 0 0 0 0 1 1 0 0 00000090 0 0 00000090 1 1 1 1
C 22 0000008c 0 0 0 0 0 0 0 0 1 0 0 00000090 0 0 0000008c 1 1 1 0
R 22 12 0000008c 0000006f 0
C 23 0000008c 1 0 0 0 0 0 0 1 1 0 0 00000090 0 0 00000090 1 1 1 1
C 24 0000008c 0 0 0 0 0 0 0 0 1 0 0 00000090 0 0 0000008c 1 1 1 0
R 24 13 0000008c 0000006f 0
C 25 0000008c 1 0 0 0 0 0 0 1 1 0 0 00000090 0 0 00000090 1 1 1 1
C 26 0000008c 0 0 0 0 0 0 0 0 1 0 0 00000090 0 0 0000008c 1 1 1 0
R 26 14 0000008c 0000006f 0
C 27 0000008c 1 0 0 0 0 0 0 1 1 0 0 00000090 0 0 00000090 1 1 1 1
C 28 0000008c 0 0 0 0 0 0 0 0 1 0 0 00000090 0 0 0000008c 1 1 1 0
R 28 15 0000008c 0000006f 0
C 29 0000008c 1 0 0 0 0 0 0 1 1 0 0 00000090 0 0 00000090 1 1 1 1
C 30 0000008c 0 0 0 0 0 0 0 0 1 0 0 00000090 0 0 0000008c 1 1 1 0
R 30 16 0000008c 0000006f 0
C 31 0000008c 1 0 0 0 0 0 0 1 1 0 0 00000090 0 0 00000090 1 1 1 1
C 32 0000008c 0 0 0 0 0 0 0 0 1 0 0 00000090 0 0 0000008c 1 1 1 0
R 32 17 0000008c 0000006f 0
C 33 0000008c 1 0 0 0 0 0 0 1 1 0 0 00000090 0 0 00000090 1 1 1 1
C 34 0000008c 0 0 0 0 0 0 0 0 1 0 0 00000090 0 0 0000008c 1 1 1 0
R 34 18 0000008c 0000006f 0
C 35 0000008c 1 0 0 0 0 0 0 1 1 0 0 00000090 0 0 00000090 1 1 1 1
C 36 0000008c 0 0 0 0 0 0 0 0 1 0 0 00000090 0 0 0000008c 1 1 1 0
R 36 19 0000008c 0000006f 0
C 37 0000008c 1 0 0 0 0 0 0 1 1 0 0 00000090 0 0 00000090 1 1 1 1
C 38 0000008c 0 0 0 0 0 0 0 0 1 0 0 00000090 0 0 0000008c 1 1 1 0
R 38 20 0000008c 0000006f 0
C 39 0000008c 1 0 0 0 0 0 0 1 1 0 0 00000090 0 0 00000090 1 1 1 1
C 40 0000008c 0 0 0 0 0 0 0 0 1 0 0 00000090 0 0 0000008c 1 1 1 0
R 40 21 0000008c 0000006f 0
C 41 0000008c 1 0 0 0 0 0 0 1 1 0 0 00000090 0 0 00000090 1 1 1 1
C 42 0000008c 0 0 0 0 0 0 0 0 1 0 0 00000090 0 0 0000008c 1 1 1 0
R 42 22 0000008c 0000006f 0
C 43 0000008c 1 0 0 0 0 0 0 1 1 0 0 00000090 0 0 00000090 1 1 1 1
C 44 0000008c 0 0 0 0 0 0 0 0 1 0 0 00000090 0 0 0000008c 1 1 1 0
R 44 23 0000008c 0000006f 0
C 45 0000008c 1 0 0 0 0 0 0 1 1 0 0 00000090 0 0 00000090 1 1 1 1
C 46 0000008c 0 0 0 0 0 0 0 0 1 0 0 00000090 0 0 0000008c 1 1 1 0
R 46 24 0000008c 0000006f 0
C 47 0000008c 1 0 0 0 0 0 0 1 1 0 0 00000090 0 0 00000090 1 1 1 1
C 48 0000008c 0 0 0 0 0 0 0 0 1 0 0 00000090 0 0 0000008c 1 1 1 0
R 48 25 0000008c 0000006f 0
C 49 0000008c 1 0 0 0 0 0 0 1 1 0 0 00000090 0 0 00000090 1 1 1 1
C 50 0000008c 0 0 0 0 0 0 0 0 1 0 0 00000090 0 0 0000008c 1 1 1 0
R 50 26 0000008c 0000006f 0
C 51 0000008c 1 0 0 0 0 0 0 1 1 0 0 00000090 0 0 00000090 1 1 1 1
C 52 0000008c 0 0 0 0 0 0 0 0 1 0 0 00000090 0 0 0000008c 1 1 1 0
R 52 27 0000008c 0000006f 0
C 53 0000008c 1 0 0 0 0 0 0 1 1 0 0 00000090 0 0 00000090 1 1 1 1
C 54 0000008c 0 0 0 0 0 0 0 0 1 0 0 00000090 0 0 0000008c 1 1 1 0
R 54 28 0000008c 0000006f 0
C 55 0000008c 1 0 0 0 0 0 0 1 1 0 0 00000090 0 0 00000090 1 1 1 1
C 56 0000008c 0 0 0 0 0 0 0 0 1 0 0 00000090 0 0 0000008c 1 1 1 0
R 56 29 0000008c 0000006f 0
C 57 0000008c 1 0 0 0 0 0 0 1 1 0 0 00000090 0 0 00000090 1 1 1 1
C 58 0000008c 0 0 0 0 0 0 0 0 1 0 0 00000090 0 0 0000008c 1 1 1 0
R 58 30 0000008c 0000006f 0
C 59 0000008c 1 0 0 0 0 0 0 1 1 0 0 00000090 0 0 00000090 1 1 1 1
C 60 0000008c 0 0 0 0 0 0 0 0 1 0 0 00000090 0 0 0000008c 1 1 1 0
R 60 31 0000008c 0000006f 0
C 61 0000008c 1 0 0 0 0 0 0 1 1 0 0 00000090 0 0 00000090 1 1 1 1
C 62 0000008c 0 0 0 0 0 0 0 0 1 0 0 00000090 0 0 0000008c 1 1 1 0
R 62 32 0000008c 0000006f 0
C 63 0000008c 1 0 0 0 0 0 0 1 1 0 0 00000090 0 0 00000090 1 1 1 1
C 64 0000008c 0 0 0 0 0 0 0 0 1 0 0 00000090 0 0 0000008c 1 1 1 0
R 64 33 0000008c 0000006f 0
C 65 0000008c 1 0 0 0 0 0 0 1 1 0 0 00000090 0 0 00000090 1 1 1 1
C 66 0000008c 0 0 0 0 0 0 0 0 1 0 0 00000090 0 0 0000008c 1 1 1 0
R 66 34 0000008c 0000006f 0
C 67 0000008c 1 0 0 0 0 0 0 1 1 0 0 00000090 0 0 00000090 1 1 1 1
C 68 0000008c 0 0 0 0 0 0 0 0 1 0 0 00000090 0 0 0000008c 1 1 1 0
R 68 35 0000008c 0000006f 0
C 69 0000008c 1 0 0 0 0 0 0 1 1 0 0 00000090 0 0 00000090 1 1 1 1
C 70 0000008c 0 0 0 0 0 0 0 0 1 0 0 00000090 0 0 0000008c 1 1 1 0
R 70 36 0000008c 0000006f 0
C 71 0000008c 1 0 0 0 0 0 0 1 1 0 0 00000090 0 0 00000090 1 1 1 1
C 72 0000008c 0 0 0 0 0 0 0 0 1 0 0 00000090 0 0 0000008c 1 1 1 0
R 72 37 0000008c 0000006f 0
C 73 0000008c 1 0 0 0 0 0 0 1 1 0 0 00000090 0 0 00000090 1 1 1 1
C 74 0000008c 0 0 0 0 0 0 0 0 1 0 0 00000090 0 0 0000008c 1 1 1 0
R 74 38 0000008c 0000006f 0
C 75 0000008c 1 0 0 0 0 0 0 1 1 0 0 00000090 0 0 00000090 1 1 1 1
C 76 0000008c 0 0 0 0 0 0 0 0 1 0 0 00000090 0 0 0000008c 1 1 1 0
R 76 39 0000008c 0000006f 0
C 77 0000008c 1 0 0 0 0 0 0 1 1 0 0 00000090 0 0 00000090 1 1 1 1
C 78 0000008c 0 0 0 0 0 0 0 0 1 0 0 00000090 0 0 0000008c 1 1 1 0
R 78 40 0000008c 0000006f 0
C 79 0000008c 1 0 0 0 0 0 0 1 1 0 0 00000090 0 0 00000090 1 1 1 1
C 80 0000008c 0 0 0 0 0 0 0 0 1 0 0 00000090 0 0 0000008c 1 1 1 0
R 80 41 0000008c 0000006f 0
C 81 0000008c 1 0 0 0 0 0 0 1 1 0 0 00000090 0 0 00000090 1 1 1 1
C 82 0000008c 0 0 0 0 0 0 0 0 1 0 0 00000090 0 0 0000008c 1 1 1 0
R 82 42 0000008c 0000006f 0
C 83 0000008c 1 0 0 0 0 0 0 1 1 0 0 00000090 0 0 00000090 1 1 1 1
C 84 0000008c 0 0 0 0 0 0 0 0 1 0 0 00000090 0 0 0000008c 1 1 1 0
R 84 43 0000008c 0000006f 0
C 85 0000008c 1 0 0 0 0 0 0 1 1 0 0 00000090 0 0 00000090 1 1 1 1
C 86 0000008c 0 0 0 0 0 0 0 0 1 0 0 00000090 0 0 0000008c 1 1 1 0
R 86 44 0000008c 0000006f 0
C 87 0000008c 1 0 0 0 0 0 0 1 1 0 0 00000090 0 0 00000090 1 1 1 1
C 88 0000008c 0 0 0 0 0 0 0 0 1 0 0 00000090 0 0 0000008c 1 1 1 0
R 88 45 0000008c 0000006f 0
C 89 0000008c 1 0 0 0 0 0 0 1 1 0 0 00000090 0 0 00000090 1 1 1 1
C 90 0000008c 0 0 0 0 0 0 0 0 1 0 0 00000090 0 0 0000008c 1 1 1 0
R 90 46 0000008c 0000006f 0
C 91 0000008c 1 0 0 0 0 0 0 1 1 0 0 00000090 0 0 00000090 1 1 1 1
C 92 0000008c 0 0 0 0 0 0 0 0 1 0 0 00000090 0 0 0000008c 1 1 1 0
R 92 47 0000008c 0000006f 0
C 93 0000008c 1 0 0 0 0 0 0 1 1 0 0 00000090 0 0 00000090 1 1 1 1
C 94 0000008c 0 0 0 0 0 0 0 0 1 0 0 00000090 0 0 0000008c 1 1 1 0
R 94 48 0000008c 0000006f 0
C 95 0000008c 1 0 0 0 0 0 0 1 1 0 0 00000090 0 0 00000090 1 1 1 1
C 96 0000008c 0 0 0 0 0 0 0 0 1 0 0 00000090 0 0 0000008c 1 1 1 0
R 96 49 0000008c 0000006f 0
C 97 0000008c 1 0 0 0 0 0 0 1 1 0 0 00000090 0 0 00000090 1 1 1 1
C 98 0000008c 0 0 0 0 0 0 0 0 1 0 0 00000090 0 0 0000008c 1 1 1 0
R 98 50 0000008c 0000006f 0
C 99 0000008c 1 0 0 0 0 0 0 1 1 0 0 00000090 0 0 00000090 1 1 1 1
C 100 0000008c 0 0 0 0 0 0 0 0 1 0 0 00000090 0 0 0000008c 1 1 1 0
R 100 51 0000008c 0000006f 0
C 101 0000008c 1 0 0 0 0 0 0 1 1 0 0 00000090 0 0 00000090 1 1 1 1
C 102 0000008c 0 0 0 0 0 0 0 0 1 0 0 00000090 0 0 0000008c 1 1 1 0
R 102 52 0000008c 0000006f 0
C 103 0000008c 1 0 0 0 0 0 0 1 1 0 0 00000090 0 0 00000090 1 1 1 1
C 104 0000008c 0 0 0 0 0 0 0 0 1 0 0 00000090 0 0 0000008c 1 1 1 0
R 104 53 0000008c 0000006f 0
C 105 0000008c 1 0 0 0 0 0 0 1 1 0 0 00000090 0 0 00000090 1 1 1 1
C 106 0000008c 0 0 0 0 0 0 0 0 1 0 0 00000090 0 0 0000008c 1 1 1 0
R 106 54 0000008c 0000006f 0
C 107 0000008c 1 0 0 0 0 0 0 1 1 0 0 00000090 0 0 00000090 1 1 1 1
C 108 0000008c 0 0 0 0 0 0 0 0 1 0 0 00000090 0 0 0000008c 1 1 1 0
R 108 55 0000008c 0000006f 0
C 109 0000008c 1 0 0 0 0 0 0 1 1 0 0 00000090 0 0 00000090 1 1 1 1
C 110 0000008c 0 0 0 0 0 0 0 0 1 0 0 00000090 0 0 0000008c 1 1 1 0
R 110 56 0000008c 0000006f 0
C 111 0000008c 1 0 0 0 0 0 0 1 1 0 0 00000090 0 0 00000090 1 1 1 1
C 112 0000008c 0 0 0 0 0 0 0 0 1 0 0 00000090 0 0 0000008c 1 1 1 0
R 112 57 0000008c 0000006f 0
C 113 0000008c 1 0 0 0 0 0 0 1 1 0 0 00000090 0 0 00000090 1 1 1 1
C 114 0000008c 0 0 0 0 0 0 0 0 1 0 0 00000090 0 0 0000008c 1 1 1 0
R 114 58 0000008c 0000006f 0
C 115 0000008c 1 0 0 0 0 0 0 1 1 0 0 00000090 0 0 00000090 1 1 1 1
C 116 0000008c 0 0 0 0 0 0 0 0 1 0 0 00000090 0 0 0000008c 1 1 1 0
R 116 59 0000008c 0000006f 0
C 117 0000008c 1 0 0 0 0 0 0 1 1 0 0 00000090 0 0 00000090 1 1 1 1
C 118 0000008c 0 0 0 0 0 0 0 0 1 0 0 00000090 0 0 0000008c 1 1 1 0
R 118 60 0000008c 0000006f 0
C 119 0000008c 1 0 0 0 0 0 0 1 1 0 0 00000090 0 0 00000090 1 1 1 1
C 120 0000008c 0 0 0 0 0 0 0 0 1 0 0 00000090 0 0 0000008c 1 1 1 0
R 120 61 0000008c 0000006f 0
C 121 0000008c 1 0 0 0 0 0 0 1 1 0 0 00000090 0 0 00000090 1 1 1 1
C 122 0000008c 0 0 0 0 0 0 0 0 1 0 0 00000090 0 0 0000008c 1 1 1 0
R 122 62 0000008c 0000006f 0
C 123 0000008c 1 0 0 0 0 0 0 1 1 0 0 00000090 0 0 00000090 1 1 1 1
C 124 0000008c 0 0 0 0 0 0 0 0 1 0 0 00000090 0 0 0000008c 1 1 1 0
R 124 63 0000008c 0000006f 0
C 125 0000008c 1 0 0 0 0 0 0 1 1 0 0 00000090 0 0 00000090 1 1 1 1
C 126 0000008c 0 0 0 0 0 0 0 0 1 0 0 00000090 0 0 0000008c 1 1 1 0
R 126 64 0000008c 0000006f 0
C 127 0000008c 1 0 0 0 0 0 0 1 1 0 0 00000090 0 0 00000090 1 1 1 1
C 128 0000008c 0 0 0 0 0 0 0 0 1 0 0 00000090 0 0 0000008c 1 1 1 0
R 128 65 0000008c 0000006f 0
C 129 0000008c 1 0 0 0 0 0 0 1 1 0 0 00000090 0 0 00000090 1 1 1 1
C 130 0000008c 0 0 0 0 0 0 0 0 1 0 0 00000090 0 0 0000008c 1 1 1 0
R 130 66 0000008c 0000006f 0
C 131 0000008c 1 0 0 0 0 0 0 1 1 0 0 00000090 0 0 00000090 1 1 1 1
C 132 0000008c 0 0 0 0 0 0 0 0 1 0 0 00000090 0 0 0000008c 1 1 1 0
R 132 67 0000008c 0000006f 0
C 133 0000008c 1 0 0 0 0 0 0 1 1 0 0 00000090 0 0 00000090 1 1 1 1
C 134 0000008c 0 0 0 0 0 0 0 0 1 0 0 00000090 0 0 0000008c 1 1 1 0
R 134 68 0000008c 0000006f 0
C 135 0000008c 1 0 0 0 0 0 0 1 1 0 0 00000090 0 0 00000090 1 1 1 1
C 136 0000008c 0 0 0 0 0 0 0 0 1 0 0 00000090 0 0 0000008c 1 1 1 0
R 136 69 0000008c 0000006f 0
C 137 0000008c 1 0 0 0 0 0 0 1 1 0 0 00000090 0 0 00000090 1 1 1 1
C 138 0000008c 0 0 0 0 0 0 0 0 1 0 0 00000090 0 0 0000008c 1 1 1 0
R 138 70 0000008c 0000006f 0
C 139 0000008c 1 0 0 0 0 0 0 1 1 0 0 00000090 0 0 00000090 1 1 1 1
C 140 0000008c 0 0 0 0 0 0 0 0 1 0 0 00000090 0 0 0000008c 1 1 1 0
R 140 71 0000008c 0000006f 0
C 141 0000008c 1 0 0 0 0 0 0 1 1 0 0 00000090 0 0 00000090 1 1 1 1
C 142 0000008c 0 0 0 0 0 0 0 0 1 0 0 00000090 0 0 0000008c 1 1 1 0
R 142 72 0000008c 0000006f 0
C 143 0000008c 1 0 0 0 0 0 0 1 1 0 0 00000090 0 0 00000090 1 1 1 1
C 144 0000008c 0 0 0 0 0 0 0 0 1 0 0 00000090 0 0 0000008c 1 1 1 0
R 144 73 0000008c 0000006f 0
C 145 0000008c 1 0 0 0 0 0 0 1 1 0 0 00000090 0 0 00000090 1 1 1 1
C 146 0000008c 0 0 0 0 0 0 0 0 1 0 0 00000090 0 0 0000008c 1 1 1 0
R 146 74 0000008c 0000006f 0
C 147 0000008c 1 0 0 0 0 0 0 1 1 0 0 00000090 0 0 00000090 1 1 1 1
C 148 0000008c 0 0 0 0 0 0 0 0 1 0 0 00000090 0 0 0000008c 1 1 1 0
R 148 75 0000008c 0000006f 0
C 149 0000008c 1 0 0 0 0 0 0 1 1 0 0 00000090 0 0 00000090 1 1 1 1
C 150 0000008c 0 0 0 0 0 0 0 0 1 0 0 00000090 0 0 0000008c 1 1 1 0
R 150 76 0000008c 0000006f 0
C 151 0000008c 1 0 0 0 0 0 0 1 1 0 0 00000090 0 0 00000090 1 1 1 1
C 152 0000008c 0 0 0 0 0 0 0 0 1 0 0 00000090 0 0 0000008c 1 1 1 0
R 152 77 0000008c 0000006f 0
C 153 0000008c 1 0 0 0 0 0 0 1 1 0 0 00000090 0 0 00000090 1 1 1 1
C 154 0000008c 0 0 0 0 0 0 0 0 1 0 0 00000090 0 0 0000008c 1 1 1 0
R 154 78 0000008c 0000006f 0
C 155 0000008c 1 0 0 0 0 0 0 1 1 0 0 00000090 0 0 00000090 1 1 1 1
C 156 0000008c 0 0 0 0 0 0 0 0 1 0 0 00000090 0 0 0000008c 1 1 1 0
R 156 79 0000008c 0000006f 0
C 157 0000008c 1 0 0 0 0 0 0 1 1 0 0 00000090 0 0 00000090 1 1 1 1
C 158 0000008c 0 0 0 0 0 0 0 0 1 0 0 00000090 0 0 0000008c 1 1 1 0
R 158 80 0000008c 0000006f 0
C 159 0000008c 1 0 0 0 0 0 0 1 1 0 0 00000090 0 0 00000090 1 1 1 1
C 160 0000008c 0 0 0 0 0 0 0 0 1 0 0 00000090 0 0 0000008c 1 1 1 0
R 160 81 0000008c 0000006f 0
C 161 0000008c 1 0 0 0 0 0 0 1 1 0 0 00000090 0 0 00000090 1 1 1 1
C 162 0000008c 0 0 0 0 0 0 0 0 1 0 0 00000090 0 0 0000008c 1 1 1 0
R 162 82 0000008c 0000006f 0
C 163 0000008c 1 0 0 0 0 0 0 1 1 0 0 00000090 0 0 00000090 1 1 1 1
C 164 0000008c 0 0 0 0 0 0 0 0 1 0 0 00000090 0 0 0000008c 1 1 1 0
R 164 83 0000008c 0000006f 0
C 165 0000008c 1 0 0 0 0 0 0 1 1 0 0 00000090 0 0 00000090 1 1 1 1
C 166 0000008c 0 0 0 0 0 0 0 0 1 0 0 00000090 0 0 0000008c 1 1 1 0
R 166 84 0000008c 0000006f 0
C 167 0000008c 1 0 0 0 0 0 0 1 1 0 0 00000090 0 0 00000090 1 1 1 1
C 168 0000008c 0 0 0 0 0 0 0 0 1 0 0 00000090 0 0 0000008c 1 1 1 0
R 168 85 0000008c 0000006f 0
C 169 0000008c 1 0 0 0 0 0 0 1 1 0 0 00000090 0 0 00000090 1 1 1 1
C 170 0000008c 0 0 0 0 0 0 0 0 1 0 0 00000090 0 0 0000008c 1 1 1 0
R 170 86 0000008c 0000006f 0
C 171 0000008c 1 0 0 0 0 0 0 1 1 0 0 00000090 0 0 00000090 1 1 1 1
C 172 0000008c 0 0 0 0 0 0 0 0 1 0 0 00000090 0 0 0000008c 1 1 1 0
R 172 87 0000008c 0000006f 0
C 173 0000008c 1 0 0 0 0 0 0 1 1 0 0 00000090 0 0 00000090 1 1 1 1
C 174 0000008c 0 0 0 0 0 0 0 0 1 0 0 00000090 0 0 0000008c 1 1 1 0
R 174 88 0000008c 0000006f 0
C 175 0000008c 1 0 0 0 0 0 0 1 1 0 0 00000090 0 0 00000090 1 1 1 1
C 176 0000008c 0 0 0 0 0 0 0 0 1 0 0 00000090 0 0 0000008c 1 1 1 0
R 176 89 0000008c 0000006f 0
C 177 0000008c 1 0 0 0 0 0 0 1 1 0 0 00000090 0 0 00000090 1 1 1 1
C 178 0000008c 0 0 0 0 0 0 0 0 1 0 0 00000090 0 0 0000008c 1 1 1 0
R 178 90 0000008c 0000006f 0
C 179 0000008c 1 0 0 0 0 0 0 1 1 0 0 00000090 0 0 00000090 1 1 1 1
C 180 0000008c 0 0 0 0 0 0 0 0 1 0 0 00000090 0 0 0000008c 1 1 1 0
R 180 91 0000008c 0000006f 0
C 181 0000008c 1 0 0 0 0 0 0 1 1 0 0 00000090 0 0 00000090 1 1 1 1
C 182 0000008c 0 0 0 0 0 0 0 0 1 0 0 00000090 0 0 0000008c 1 1 1 0
R 182 92 0000008c 0000006f 0
C 183 0000008c 1 0 0 0 0 0 0 1 1 0 0 00000090 0 0 00000090 1 1 1 1
C 184 0000008c 0 0 0 0 0 0 0 0 1 0 0 00000090 0 0 0000008c 1 1 1 0
R 184 93 0000008c 0000006f 0
C 185 0000008c 1 0 0 0 0 0 0 1 1 0 0 00000090 0 0 00000090 1 1 1 1
C 186 0000008c 0 0 0 0 0 0 0 0 1 0 0 00000090 0 0 0000008c 1 1 1 0
R 186 94 0000008c 0000006f 0
C 187 0000008c 1 0 0 0 0 0 0 1 1 0 0 00000090 0 0 00000090 1 1 1 1
C 188 0000008c 0 0 0 0 0 0 0 0 1 0 0 00000090 0 0 0000008c 1 1 1 0
R 188 95 0000008c 0000006f 0
C 189 0000008c 1 0 0 0 0 0 0 1 1 0 0 00000090 0 0 00000090 1 1 1 1
C 190 0000008c 0 0 0 0 0 0 0 0 1 0 0 00000090 0 0 0000008c 1 1 1 0
R 190 96 0000008c 0000006f 0
C 191 0000008c 1 0 0 0 0 0 0 1 1 0 0 00000090 0 0 00000090 1 1 1 1
C 192 0000008c 0 0 0 0 0 0 0 0 1 0 0 00000090 0 0 0000008c 1 1 1 0
R 192 97 0000008c 0000006f 0
C 193 0000008c 1 0 0 0 0 0 0 1 1 0 0 00000090 0 0 00000090 1 1 1 1
C 194 0000008c 0 0 0 0 0 0 0 0 1 0 0 00000090 0 0 0000008c 1 1 1 0
R 194 98 0000008c 0000006f 0
C 195 0000008c 1 0 0 0 0 0 0 1 1 0 0 00000090 0 0 00000090 1 1 1 1
C 196 0000008c 0 0 0 0 0 0 0 0 1 0 0 00000090 0 0 0000008c 1 1 1 0
R 196 99 0000008c 0000006f 0
C 197 0000008c 1 0 0 0 0 0 0 1 1 0 0 00000090 0 0 00000090 1 1 1 1
C 198 0000008c 0 0 0 0 0 0 0 0 1 0 0 00000090 0 0 0000008c 1 1 1 0
R 198 100 0000008c 0000006f 0
C 199 0000008c 1 0 0 0 0 0 0 1 1 0 0 00000090 0 0 00000090 1 1 1 1
C 200 0000008c 0 0 0 0 0 0 0 0 1 0 0 00000090 0 0 0000008c 1 1 1 0
R 200 101 0000008c 0000006f 0
C 201 0000008c 1 0 0 0 0 0 0 1 1 0 0 00000090 0 0 00000090 1 1 1 1
C 202 0000008c 0 0 0 0 0 0 0 0 1 0 0 00000090 0 0 0000008c 1 1 1 0
R 202 102 0000008c 0000006f 0
C 203 0000008c 1 0 0 0 0 0 0 1 1 0 0 00000090 0 0 00000090 1 1 1 1
C 204 0000008c 0 0 0 0 0 0 0 0 1 0 0 00000090 0 0 0000008c 1 1 1 0
R 204 103 0000008c 0000006f 0
C 205 0000008c 1 0 0 0 0 0 0 1 1 0 0 00000090 0 0 00000090 1 1 1 1
C 206 0000008c 0 0 0 0 0 0 0 0 1 0 0 00000090 0 0 0000008c 1 1 1 0
R 206 104 0000008c 0000006f 0
C 207 0000008c 1 0 0 0 0 0 0 1 1 0 0 00000090 0 0 00000090 1 1 1 1
C 208 0000008c 0 0 0 0 0 0 0 0 1 0 0 00000090 0 0 0000008c 1 1 1 0
R 208 105 0000008c 0000006f 0
C 209 0000008c 1 0 0 0 0 0 0 1 1 0 0 00000090 0 0 00000090 1 1 1 1
C 210 0000008c 0 0 0 0 0 0 0 0 1 0 0 00000090 0 0 0000008c 1 1 1 0
R 210 106 0000008c 0000006f 0
C 211 0000008c 1 0 0 0 0 0 0 1 1 0 0 00000090 0 0 00000090 1 1 1 1
C 212 0000008c 0 0 0 0 0 0 0 0 1 0 0 00000090 0 0 0000008c 1 1 1 0
R 212 107 0000008c 0000006f 0
C 213 0000008c 1 0 0 0 0 0 0 1 1 0 0 00000090 0 0 00000090 1 1 1 1
C 214 0000008c 0 0 0 0 0 0 0 0 1 0 0 00000090 0 0 0000008c 1 1 1 0
R 214 108 0000008c 0000006f 0
C 215 0000008c 1 0 0 0 0 0 0 1 1 0 0 00000090 0 0 00000090 1 1 1 1
C 216 0000008c 0 0 0 0 0 0 0 0 1 0 0 00000090 0 0 0000008c 1 1 1 0
R 216 109 0000008c 0000006f 0
C 217 0000008c 1 0 0 0 0 0 0 1 1 0 0 00000090 0 0 00000090 1 1 1 1
C 218 0000008c 0 0 0 0 0 0 0 0 1 0 0 00000090 0 0 0000008c 1 1 1 0
R 218 110 0000008c 0000006f 0
C 219 0000008c 1 0 0 0 0 0 0 1 1 0 0 00000090 0 0 00000090 1 1 1 1
C 220 0000008c 0 0 0 0 0 0 0 0 1 0 0 00000090 0 0 0000008c 1 1 1 0
R 220 111 0000008c 0000006f 0
C 221 0000008c 1 0 0 0 0 0 0 1 1 0 0 00000090 0 0 00000090 1 1 1 1
C 222 0000008c 0 0 0 0 0 0 0 0 1 0 0 00000090 0 0 0000008c 1 1 1 0
R 222 112 0000008c 0000006f 0
C 223 0000008c 1 0 0 0 0 0 0 1 1 0 0 00000090 0 0 00000090 1 1 1 1
C 224 0000008c 0 0 0 0 0 0 0 0 1 0 0 00000090 0 0 0000008c 1 1 1 0
R 224 113 0000008c 0000006f 0
C 225 0000008c 1 0 0 0 0 0 0 1 1 0 0 00000090 0 0 00000090 1 1 1 1
C 226 0000008c 0 0 0 0 0 0 0 0 1 0 0 00000090 0 0 0000008c 1 1 1 0
R 226 114 0000008c 0000006f 0
C 227 0000008c 1 0 0 0 0 0 0 1 1 0 0 00000090 0 0 00000090 1 1 1 1
C 228 0000008c 0 0 0 0 0 0 0 0 1 0 0 00000090 0 0 0000008c 1 1 1 0
R 228 115 0000008c 0000006f 0
C 229 0000008c 1 0 0 0 0 0 0 1 1 0 0 00000090 0 0 00000090 1 1 1 1
C 230 0000008c 0 0 0 0 0 0 0 0 1 0 0 00000090 0 0 0000008c 1 1 1 0
R 230 116 0000008c 0000006f 0
C 231 0000008c 1 0 0 0 0 0 0 1 1 0 0 00000090 0 0 00000090 1 1 1 1
C 232 0000008c 0 0 0 0 0 0 0 0 1 0 0 00000090 0 0 0000008c 1 1 1 0
R 232 117 0000008c 0000006f 0
C 233 0000008c 1 0 0 0 0 0 0 1 1 0 0 00000090 0 0 00000090 1 1 1 1
C 234 0000008c 0 0 0 0 0 0 0 0 1 0 0 00000090 0 0 0000008c 1 1 1 0
R 234 118 0000008c 0000006f 0
C 235 0000008c 1 0 0 0 0 0 0 1 1 0 0 00000090 0 0 00000090 1 1 1 1
C 236 0000008c 0 0 0 0 0 0 0 0 1 0 0 00000090 0 0 0000008c 1 1 1 0
R 236 119 0000008c 0000006f 0
C 237 0000008c 1 0 0 0 0 0 0 1 1 0 0 00000090 0 0 00000090 1 1 1 1
C 238 0000008c 0 0 0 0 0 0 0 0 1 0 0 00000090 0 0 0000008c 1 1 1 0
R 238 120 0000008c 0000006f 0
C 239 0000008c 1 0 0 0 0 0 0 1 1 0 0 00000090 0 0 00000090 1 1 1 1
C 240 0000008c 0 0 0 0 0 0 0 0 1 0 0 00000090 0 0 0000008c 1 1 1 0
R 240 121 0000008c 0000006f 0
C 241 0000008c 1 0 0 0 0 0 0 1 1 0 0 00000090 0 0 00000090 1 1 1 1
C 242 0000008c 0 0 0 0 0 0 0 0 1 0 0 00000090 0 0 0000008c 1 1 1 0
R 242 122 0000008c 0000006f 0
C 243 0000008c 1 0 0 0 0 0 0 1 1 0 0 00000090 0 0 00000090 1 1 1 1
C 244 0000008c 0 0 0 0 0 0 0 0 1 0 0 00000090 0 0 0000008c 1 1 1 0
R 244 123 0000008c 0000006f 0
C 245 0000008c 1 0 0 0 0 0 0 1 1 0 0 00000090 0 0 00000090 1 1 1 1
C 246 0000008c 0 0 0 0 0 0 0 0 1 0 0 00000090 0 0 0000008c 1 1 1 0
R 246 124 0000008c 0000006f 0
C 247 0000008c 1 0 0 0 0 0 0 1 1 0 0 00000090 0 0 00000090 1 1 1 1
C 248 0000008c 0 0 0 0 0 0 0 0 1 0 0 00000090 0 0 0000008c 1 1 1 0
R 248 125 0000008c 0000006f 0
C 249 0000008c 1 0 0 0 0 0 0 1 1 0 0 00000090 0 0 00000090 1 1 1 1
C 250 0000008c 0 0 0 0 0 0 0 0 1 0 0 00000090 0 0 0000008c 1 1 1 0
R 250 126 0000008c 0000006f 0
C 251 0000008c 1 0 0 0 0 0 0 1 1 0 0 00000090 0 0 00000090 1 1 1 1
C 252 0000008c 0 0 0 0 0 0 0 0 1 0 0 00000090 0 0 0000008c 1 1 1 0
R 252 127 0000008c 0000006f 0
C 253 0000008c 1 0 0 0 0 0 0 1 1 0 0 00000090 0 0 00000090 1 1 1 1
C 254 0000008c 0 0 0 0 0 0 0 0 1 0 0 00000090 0 0 0000008c 1 1 1 0
R 254 128 0000008c 0000006f 0
C 255 0000008c 1 0 0 0 0 0 0 1 1 0 0 00000090 0 0 00000090 1 1 1 1
C 256 0000008c 0 0 0 0 0 0 0 0 1 0 0 00000090 0 0 0000008c 1 1 1 0
R 256 129 0000008c 0000006f 0
C 257 0000008c 1 0 0 0 0 0 0 1 1 0 0 00000090 0 0 00000090 1 1 1 1
C 258 0000008c 0 0 0 0 0 0 0 0 1 0 0 00000090 0 0 0000008c 1 1 1 0
R 258 130 0000008c 0000006f 0
C 259 0000008c 1 0 0 0 0 0 0 1 1 0 0 00000090 0 0 00000090 1 1 1 1
C 260 0000008c 0 0 0 0 0 0 0 0 1 0 0 00000090 0 0 0000008c 1 1 1 0
R 260 131 0000008c 0000006f 0
C 261 0000008c 1 0 0 0 0 0 0 1 1 0 0 00000090 0 0 00000090 1 1 1 1
C 262 0000008c 0 0 0 0 0 0 0 0 1 0 0 00000090 0 0 0000008c 1 1 1 0
R 262 132 0000008c 0000006f 0
C 263 0000008c 1 0 0 0 0 0 0 1 1 0 0 00000090 0 0 00000090 1 1 1 1
C 264 0000008c 0 0 0 0 0 0 0 0 1 0 0 00000090 0 0 0000008c 1 1 1 0
R 264 133 0000008c 0000006f 0
C 265 0000008c 1 0 0 0 0 0 0 1 1 0 0 00000090 0 0 00000090 1 1 1 1
C 266 0000008c 0 0 0 0 0 0 0 0 1 0 0 00000090 0 0 0000008c 1 1 1 0
R 266 134 0000008c 0000006f 0
C 267 0000008c 1 0 0 0 0 0 0 1 1 0 0 00000090 0 0 00000090 1 1 1 1
C 268 0000008c 0 0 0 0 0 0 0 0 1 0 0 00000090 0 0 0000008c 1 1 1 0
R 268 135 0000008c 0000006f 0
C 269 0000008c 1 0 0 0 0 0 0 1 1 0 0 00000090 0 0 00000090 1 1 1 1
C 270 0000008c 0 0 0 0 0 0 0 0 1 0 0 00000090 0 0 0000008c 1 1 1 0
R 270 136 0000008c 0000006f 0
C 271 0000008c 1 0 0 0 0 0 0 1 1 0 0 00000090 0 0 00000090 1 1 1 1
C 272 0000008c 0 0 0 0 0 0 0 0 1 0 0 00000090 0 0 0000008c 1 1 1 0
R 272 137 0000008c 0000006f 0
C 273 0000008c 1 0 0 0 0 0 0 1 1 0 0 00000090 0 0 00000090 1 1 1 1
C 274 0000008c 0 0 0 0 0 0 0 0 1 0 0 00000090 0 0 0000008c 1 1 1 0
R 274 138 0000008c 0000006f 0
C 275 0000008c 1 0 0 0 0 0 0 1 1 0 0 00000090 0 0 00000090 1 1 1 1
C 276 0000008c 0 0 0 0 0 0 0 0 1 0 0 00000090 0 0 0000008c 1 1 1 0
R 276 139 0000008c 0000006f 0
C 277 0000008c 1 0 0 0 0 0 0 1 1 0 0 00000090 0 0 00000090 1 1 1 1
C 278 0000008c 0 0 0 0 0 0 0 0 1 0 0 00000090 0 0 0000008c 1 1 1 0
R 278 140 0000008c 0000006f 0
C 279 0000008c 1 0 0 0 0 0 0 1 1 0 0 00000090 0 0 00000090 1 1 1 1
C 280 0000008c 0 0 0 0 0 0 0 0 1 0 0 00000090 0 0 0000008c 1 1 1 0
R 280 141 0000008c 0000006f 0
C 281 0000008c 1 0 0 0 0 0 0 1 1 0 0 00000090 0 0 00000090 1 1 1 1
C 282 0000008c 0 0 0 0 0 0 0 0 1 0 0 00000090 0 0 0000008c 1 1 1 0
R 282 142 0000008c 0000006f 0
C 283 0000008c 1 0 0 0 0 0 0 1 1 0 0 00000090 0 0 00000090 1 1 1 1
C 284 0000008c 0 0 0 0 0 0 0 0 1 0 0 00000090 0 0 0000008c 1 1 1 0
R 284 143 0000008c 0000006f 0
C 285 0000008c 1 0 0 0 0 0 0 1 1 0 0 00000090 0 0 00000090 1 1 1 1
C 286 0000008c 0 0 0 0 0 0 0 0 1 0 0 00000090 0 0 0000008c 1 1 1 0
R 286 144 0000008c 0000006f 0
C 287 0000008c 1 0 0 0 0 0 0 1 1 0 0 00000090 0 0 00000090 1 1 1 1
C 288 0000008c 0 0 0 0 0 0 0 0 1 0 0 00000090 0 0 0000008c 1 1 1 0
R 288 145 0000008c 0000006f 0
C 289 0000008c 1 0 0 0 0 0 0 1 1 0 0 00000090 0 0 00000090 1 1 1 1
C 290 0000008c 0 0 0 0 0 0 0 0 1 0 0 00000090 0 0 0000008c 1 1 1 0
R 290 146 0000008c 0000006f 0
C 291 0000008c 1 0 0 0 0 0 0 1 1 0 0 00000090 0 0 00000090 1 1 1 1
C 292 0000008c 0 0 0 0 0 0 0 0 1 0 0 00000090 0 0 0000008c 1 1 1 0
R 292 147 0000008c 0000006f 0
C 293 0000008c 1 0 0 0 0 0 0 1 1 0 0 00000090 0 0 00000090 1 1 1 1
C 294 0000008c 0 0 0 0 0 0 0 0 1 0 0 00000090 0 0 0000008c 1 1 1 0
R 294 148 0000008c 0000006f 0
C 295 0000008c 1 0 0 0 0 0 0 1 1 0 0 00000090 0 0 00000090 1 1 1 1
C 296 0000008c 0 0 0 0 0 0 0 0 1 0 0 00000090 0 0 0000008c 1 1 1 0
R 296 149 0000008c 0000006f 0
C 297 0000008c 1 0 0 0 0 0 0 1 1 0 0 00000090 0 0 00000090 1 1 1 1
C 298 0000008c 0 0 0 0 0 0 0 0 1 0 0 00000090 0 0 0000008c 1 1 1 0
R 298 150 0000008c 0000006f 0
C 299 0000008c 1 0 0 0 0 0 0 1 1 0 0 00000090 0 0 00000090 1 1 1 1
C 300 0000008c 0 0 0 0 0 0 0 0 1 0 0 00000090 0 0 0000008c 1 1 1 0
R 300 151 0000008c 0000006f 0
C 301 0000008c 1 0 0 0 0 0 0 1 1 0 0 00000090 0 0 00000090 1 1 1 1
C 302 0000008c 0 0 0 0 0 0 0 0 1 0 0 00000090 0 0 0000008c 1 1 1 0
R 302 152 0000008c 0000006f 0
C 303 0000008c 1 0 0 0 0 0 0 1 1 0 0 00000090 0 0 00000090 1 1 1 1
C 304 0000008c 0 0 0 0 0 0 0 0 1 0 0 00000090 0 0 0000008c 1 1 1 0
R 304 153 0000008c 0000006f 0
C 305 0000008c 1 0 0 0 0 0 0 1 1 0 0 00000090 0 0 00000090 1 1 1 1
C 306 0000008c 0 0 0 0 0 0 0 0 1 0 0 00000090 0 0 0000008c 1 1 1 0
R 306 154 0000008c 0000006f 0
C 307 0000008c 1 0 0 0 0 0 0 1 1 0 0 00000090 0 0 00000090 1 1 1 1
C 308 0000008c 0 0 0 0 0 0 0 0 1 0 0 00000090 0 0 0000008c 1 1 1 0
R 308 155 0000008c 0000006f 0
C 309 0000008c 1 0 0 0 0 0 0 1 1 0 0 00000090 0 0 00000090 1 1 1 1
C 310 0000008c 0 0 0 0 0 0 0 0 1 0 0 00000090 0 0 0000008c 1 1 1 0
R 310 156 0000008c 0000006f 0
C 311 0000008c 1 0 0 0 0 0 0 1 1 0 0 00000090 0 0 00000090 1 1 1 1
C 312 0000008c 0 0 0 0 0 0 0 0 1 0 0 00000090 0 0 0000008c 1 1 1 0
R 312 157 0000008c 0000006f 0
C 313 0000008c 1 0 0 0 0 0 0 1 1 0 0 00000090 0 0 00000090 1 1 1 1
C 314 0000008c 0 0 0 0 0 0 0 0 1 0 0 00000090 0 0 0000008c 1 1 1 0
R 314 158 0000008c 0000006f 0
C 315 0000008c 1 0 0 0 0 0 0 1 1 0 0 00000090 0 0 00000090 1 1 1 1
C 316 0000008c 0 0 0 0 0 0 0 0 1 0 0 00000090 0 0 0000008c 1 1 1 0
R 316 159 0000008c 0000006f 0
C 317 0000008c 1 0 0 0 0 0 0 1 1 0 0 00000090 0 0 00000090 1 1 1 1
C 318 0000008c 0 0 0 0 0 0 0 0 1 0 0 00000090 0 0 0000008c 1 1 1 0
R 318 160 0000008c 0000006f 0
C 319 0000008c 1 0 0 0 0 0 0 1 1 0 0 00000090 0 0 00000090 1 1 1 1
C 320 0000008c 0 0 0 0 0 0 0 0 1 0 0 00000090 0 0 0000008c 1 1 1 0
R 320 161 0000008c 0000006f 0
C 321 0000008c 1 0 0 0 0 0 0 1 1 0 0 00000090 0 0 00000090 1 1 1 1
C 322 0000008c 0 0 0 0 0 0 0 0 1 0 0 00000090 0 0 0000008c 1 1 1 0
R 322 162 0000008c 0000006f 0
C 323 0000008c 1 0 0 0 0 0 0 1 1 0 0 00000090 0 0 00000090 1 1 1 1
C 324 0000008c 0 0 0 0 0 0 0 0 1 0 0 00000090 0 0 0000008c 1 1 1 0
R 324 163 0000008c 0000006f 0
C 325 0000008c 1 0 0 0 0 0 0 1 1 0 0 00000090 0 0 00000090 1 1 1 1
C 326 0000008c 0 0 0 0 0 0 0 0 1 0 0 00000090 0 0 0000008c 1 1 1 0
R 326 164 0000008c 0000006f 0
C 327 0000008c 1 0 0 0 0 0 0 1 1 0 0 00000090 0 0 00000090 1 1 1 1
C 328 0000008c 0 0 0 0 0 0 0 0 1 0 0 00000090 0 0 0000008c 1 1 1 0
R 328 165 0000008c 0000006f 0
C 329 0000008c 1 0 0 0 0 0 0 1 1 0 0 00000090 0 0 00000090 1 1 1 1
C 330 0000008c 0 0 0 0 0 0 0 0 1 0 0 00000090 0 0 0000008c 1 1 1 0
R 330 166 0000008c 0000006f 0
C 331 0000008c 1 0 0 0 0 0 0 1 1 0 0 00000090 0 0 00000090 1 1 1 1
C 332 0000008c 0 0 0 0 0 0 0 0 1 0 0 00000090 0 0 0000008c 1 1 1 0
R 332 167 0000008c 0000006f 0
C 333 0000008c 1 0 0 0 0 0 0 1 1 0 0 00000090 0 0 00000090 1 1 1 1
C 334 0000008c 0 0 0 0 0 0 0 0 1 0 0 00000090 0 0 0000008c 1 1 1 0
R 334 168 0000008c 0000006f 0
C 335 0000008c 1 0 0 0 0 0 0 1 1 0 0 00000090 0 0 00000090 1 1 1 1
C 336 0000008c 0 0 0 0 0 0 0 0 1 0 0 00000090 0 0 0000008c 1 1 1 0
R 336 169 0000008c 0000006f 0
C 337 0000008c 1 0 0 0 0 0 0 1 1 0 0 00000090 0 0 00000090 1 1 1 1
C 338 0000008c 0 0 0 0 0 0 0 0 1 0 0 00000090 0 0 0000008c 1 1 1 0
R 338 170 0000008c 0000006f 0
C 339 0000008c 1 0 0 0 0 0 0 1 1 0 0 00000090 0 0 00000090 1 1 1 1
C 340 0000008c 0 0 0 0 0 0 0 0 1 0 0 00000090 0 0 0000008c 1 1 1 0
R 340 171 0000008c 0000006f 0
C 341 0000008c 1 0 0 0 0 0 0 1 1 0 0 00000090 0 0 00000090 1 1 1 1
C 342 0000008c 0 0 0 0 0 0 0 0 1 0 0 00000090 0 0 0000008c 1 1 1 0
R 342 172 0000008c 0000006f 0
C 343 0000008c 1 0 0 0 0 0 0 1 1 0 0 00000090 0 0 00000090 1 1 1 1
C 344 0000008c 0 0 0 0 0 0 0 0 1 0 0 00000090 0 0 0000008c 1 1 1 0
R 344 173 0000008c 0000006f 0
C 345 0000008c 1 0 0 0 0 0 0 1 1 0 0 00000090 0 0 00000090 1 1 1 1
C 346 0000008c 0 0 0 0 0 0 0 0 1 0 0 00000090 0 0 0000008c 1 1 1 0
R 346 174 0000008c 0000006f 0
C 347 0000008c 1 0 0 0 0 0 0 1 1 0 0 00000090 0 0 00000090 1 1 1 1
C 348 0000008c 0 0 0 0 0 0 0 0 1 0 0 00000090 0 0 0000008c 1 1 1 0
R 348 175 0000008c 0000006f 0
C 349 0000008c 1 0 0 0 0 0 0 1 1 0 0 00000090 0 0 00000090 1 1 1 1
C 350 0000008c 0 0 0 0 0 0 0 0 1 0 0 00000090 0 0 0000008c 1 1 1 0
R 350 176 0000008c 0000006f 0
C 351 0000008c 1 0 0 0 0 0 0 1 1 0 0 00000090 0 0 00000090 1 1 1 1
C 352 0000008c 0 0 0 0 0 0 0 0 1 0 0 00000090 0 0 0000008c 1 1 1 0
R 352 177 0000008c 0000006f 0
C 353 0000008c 1 0 0 0 0 0 0 1 1 0 0 00000090 0 0 00000090 1 1 1 1
C 354 0000008c 0 0 0 0 0 0 0 0 1 0 0 00000090 0 0 0000008c 1 1 1 0
R 354 178 0000008c 0000006f 0
C 355 0000008c 1 0 0 0 0 0 0 1 1 0 0 00000090 0 0 00000090 1 1 1 1
C 356 0000008c 0 0 0 0 0 0 0 0 1 0 0 00000090 0 0 0000008c 1 1 1 0
R 356 179 0000008c 0000006f 0
C 357 0000008c 1 0 0 0 0 0 0 1 1 0 0 00000090 0 0 00000090 1 1 1 1
C 358 0000008c 0 0 0 0 0 0 0 0 1 0 0 00000090 0 0 0000008c 1 1 1 0
R 358 180 0000008c 0000006f 0
C 359 0000008c 1 0 0 0 0 0 0 1 1 0 0 00000090 0 0 00000090 1 1 1 1
C 360 0000008c 0 0 0 0 0 0 0 0 1 0 0 00000090 0 0 0000008c 1 1 1 0
R 360 181 0000008c 0000006f 0
C 361 0000008c 1 0 0 0 0 0 0 1 1 0 0 00000090 0 0 00000090 1 1 1 1
C 362 0000008c 0 0 0 0 0 0 0 0 1 0 0 00000090 0 0 0000008c 1 1 1 0
R 362 182 0000008c 0000006f 0
C 363 0000008c 1 0 0 0 0 0 0 1 1 0 0 00000090 0 0 00000090 1 1 1 1
C 364 0000008c 0 0 0 0 0 0 0 0 1 0 0 00000090 0 0 0000008c 1 1 1 0
R 364 183 0000008c 0000006f 0
C 365 0000008c 1 0 0 0 0 0 0 1 1 0 0 00000090 0 0 00000090 1 1 1 1
C 366 0000008c 0 0 0 0 0 0 0 0 1 0 0 00000090 0 0 0000008c 1 1 1 0
R 366 184 0000008c 0000006f 0
C 367 0000008c 1 0 0 0 0 0 0 1 1 0 0 00000090 0 0 00000090 1 1 1 1
C 368 0000008c 0 0 0 0 0 0 0 0 1 0 0 00000090 0 0 0000008c 1 1 1 0
R 368 185 0000008c 0000006f 0
C 369 0000008c 1 0 0 0 0 0 0 1 1 0 0 00000090 0 0 00000090 1 1 1 1
C 370 0000008c 0 0 0 0 0 0 0 0 1 0 0 00000090 0 0 0000008c 1 1 1 0
R 370 186 0000008c 0000006f 0
C 371 0000008c 1 0 0 0 0 0 0 1 1 0 0 00000090 0 0 00000090 1 1 1 1
C 372 0000008c 0 0 0 0 0 0 0 0 1 0 0 00000090 0 0 0000008c 1 1 1 0
R 372 187 0000008c 0000006f 0
C 373 0000008c 1 0 0 0 0 0 0 1 1 0 0 00000090 0 0 00000090 1 1 1 1
C 374 0000008c 0 0 0 0 0 0 0 0 1 0 0 00000090 0 0 0000008c 1 1 1 0
R 374 188 0000008c 0000006f 0
C 375 0000008c 1 0 0 0 0 0 0 1 1 0 0 00000090 0 0 00000090 1 1 1 1
C 376 0000008c 0 0 0 0 0 0 0 0 1 0 0 00000090 0 0 0000008c 1 1 1 0
R 376 189 0000008c 0000006f 0
C 377 0000008c 1 0 0 0 0 0 0 1 1 0 0 00000090 0 0 00000090 1 1 1 1
C 378 0000008c 0 0 0 0 0 0 0 0 1 0 0 00000090 0 0 0000008c 1 1 1 0
R 378 190 0000008c 0000006f 0
C 379 0000008c 1 0 0 0 0 0 0 1 1 0 0 00000090 0 0 00000090 1 1 1 1
C 380 0000008c 0 0 0 0 0 0 0 0 1 0 0 00000090 0 0 0000008c 1 1 1 0
R 380 191 0000008c 0000006f 0
C 381 0000008c 1 0 0 0 0 0 0 1 1 0 0 00000090 0 0 00000090 1 1 1 1
C 382 0000008c 0 0 0 0 0 0 0 0 1 0 0 00000090 0 0 0000008c 1 1 1 0
R 382 192 0000008c 0000006f 0
C 383 0000008c 1 0 0 0 0 0 0 1 1 0 0 00000090 0 0 00000090 1 1 1 1
C 384 0000008c 0 0 0 0 0 0 0 0 1 0 0 00000090 0 0 0000008c 1 1 1 0
R 384 193 0000008c 0000006f 0
C 385 0000008c 1 0 0 0 0 0 0 1 1 0 0 00000090 0 0 00000090 1 1 1 1
C 386 0000008c 0 0 0 0 0 0 0 0 1 0 0 00000090 0 0 0000008c 1 1 1 0
R 386 194 0000008c 0000006f 0
C 387 0000008c 1 0 0 0 0 0 0 1 1 0 0 00000090 0 0 00000090 1 1 1 1
C 388 0000008c 0 0 0 0 0 0 0 0 1 0 0 00000090 0 0 0000008c 1 1 1 0
R 388 195 0000008c 0000006f 0
C 389 0000008c 1 0 0 0 0 0 0 1 1 0 0 00000090 0 0 00000090 1 1 1 1
C 390 0000008c 0 0 0 0 0 0 0 0 1 0 0 00000090 0 0 0000008c 1 1 1 0
R 390 196 0000008c 0000006f 0
C 391 0000008c 1 0 0 0 0 0 0 1 1 0 0 00000090 0 0 00000090 1 1 1 1
C 392 0000008c 0 0 0 0 0 0 0 0 1 0 0 00000090 0 0 0000008c 1 1 1 0
R 392 197 0000008c 0000006f 0
C 393 0000008c 1 0 0 0 0 0 0 1 1 0 0 00000090 0 0 00000090 1 1 1 1
C 394 0000008c 0 0 0 0 0 0 0 0 1 0 0 00000090 0 0 0000008c 1 1 1 0
R 394 198 0000008c 0000006f 0
C 395 0000008c 1 0 0 0 0 0 0 1 1 0 0 00000090 0 0 00000090 1 1 1 1
C 396 0000008c 0 0 0 0 0 0 0 0 1 0 0 00000090 0 0 0000008c 1 1 1 0
R 396 199 0000008c 0000006f 0
C 397 0000008c 1 0 0 0 0 0 0 1 1 0 0 00000090 0 0 00000090 1 1 1 1
C 398 0000008c 0 0 0 0 0 0 0 0 1 0 0 00000090 0 0 0000008c 1 1 1 0
R 398 200 0000008c 0000006f 0
C 399 0000008c 1 0 0 0 0 0 0 1 1 0 0 00000090 0 0 00000090 1 1 1 1
REG 0 00000000
REG 1 00000008
REG 2 00000000
REG 3 00000000
REG 4 00000000
REG 5 00000000
REG 6 00000000
REG 7 00000000
REG 8 00000000
REG 9 00000000
REG 10 00000000
REG 11 00000000
REG 12 00000000
REG 13 00000000
REG 14 00000000
REG 15 00000000
REG 16 00000000
REG 17 00000000
REG 18 00000000
REG 19 00000000
REG 20 00000000
REG 21 00000000
REG 22 00000000
REG 23 00000000
REG 24 00000000
REG 25 00000000
REG 26 00000000
REG 27 00000000
REG 28 00000000
REG 29 00000000
REG 30 00000000
REG 31 0000007b
MEM 00000200 44332211
MEM 00000204 44332211
MEM 00000208 44332211
MEM 0000020c 44332211
MEM 00000210 44332211
FINISH
- /home/dungpc/ndmoney4porche/projects/ibex/doc/dungpc/microarchitecture/scripts/core_tb.sv:116: Verilog $finish
