CONFIG WB=0 BT=1 M=2 latency=1 ilatency=1 grant_period=1
C 0 00000000 0 0 0 0 0 0 0 0 1 0 0 00000000 0 0 00000080 0 0 0 1
C 1 00000000 0 0 0 0 0 0 0 0 1 0 0 00000000 0 0 00000080 1 1 0 1
C 2 00000000 0 0 0 0 0 0 0 0 1 0 0 00000000 0 0 00000080 1 1 1 0
C 3 00000080 1 0 0 0 0 0 0 1 1 0 0 00000000 0 0 00000084 1 1 1 0
W 3 1 00000001
C 4 00000084 1 0 0 0 0 0 0 1 1 0 0 00000000 0 0 00000088 1 1 1 0
R 4 1 00000080 00100093 0
C 5 00000088 1 0 0 0 0 0 0 1 1 0 0 00000000 0 0 0000008c 1 1 1 0
W 5 2 00000002
R 5 2 00000084 00008463 0
C 6 0000008c 1 0 0 0 0 0 0 1 1 0 0 00000000 0 0 00000090 1 1 1 1
R 6 3 00000088 00200113 0
C 7 0000008c 0 0 0 0 0 0 0 0 1 0 0 fffffffc 0 0 00000094 1 1 1 0
R 7 4 0000008c 00108463 0
C 8 00000094 1 0 0 0 0 0 0 1 1 0 0 00000098 0 0 00000098 1 1 1 1
W 8 3 00000098
C 9 00000094 0 0 0 0 0 0 0 0 1 0 0 00000098 0 0 0000009c 1 1 1 0
R 9 5 00000094 008001ef 0
C 10 0000009c 1 0 0 0 0 0 0 1 1 0 0 000000a8 0 0 000000a0 1 1 1 0
W 10 4 000000a8
C 11 000000a0 1 0 0 0 0 0 0 1 1 0 0 000000a4 0 0 000000a4 1 1 1 1
W 11 5 000000a4
R 11 6 0000009c 0a800213 0
C 12 000000a0 0 0 0 0 0 0 0 0 1 0 0 000000a4 0 0 000000a8 1 1 1 0
R 12 7 000000a0 000202e7 0
C 13 000000a8 1 0 0 0 0 0 0 1 1 0 0 00000078 0 0 000000ac 1 1 1 0
W 13 31 0000007b
C 14 000000ac 1 0 0 0 0 0 0 1 1 0 0 000000b0 0 0 000000b0 1 1 1 1
R 14 8 000000a8 07b00f93 0
C 15 000000ac 0 0 0 0 0 0 0 0 1 0 0 000000b0 0 0 000000ac 1 1 1 0
R 15 9 000000ac 0000006f 0
C 16 000000ac 1 0 0 0 0 0 0 1 1 0 0 000000b0 0 0 000000b0 1 1 1 1
C 17 000000ac 0 0 0 0 0 0 0 0 1 0 0 000000b0 0 0 000000ac 1 1 1 0
R 17 10 000000ac 0000006f 0
C 18 000000ac 1 0 0 0 0 0 0 1 1 0 0 000000b0 0 0 000000b0 1 1 1 1
C 19 000000ac 0 0 0 0 0 0 0 0 1 0 0 000000b0 0 0 000000ac 1 1 1 0
R 19 11 000000ac 0000006f 0
C 20 000000ac 1 0 0 0 0 0 0 1 1 0 0 000000b0 0 0 000000b0 1 1 1 1
C 21 000000ac 0 0 0 0 0 0 0 0 1 0 0 000000b0 0 0 000000ac 1 1 1 0
R 21 12 000000ac 0000006f 0
C 22 000000ac 1 0 0 0 0 0 0 1 1 0 0 000000b0 0 0 000000b0 1 1 1 1
C 23 000000ac 0 0 0 0 0 0 0 0 1 0 0 000000b0 0 0 000000ac 1 1 1 0
R 23 13 000000ac 0000006f 0
C 24 000000ac 1 0 0 0 0 0 0 1 1 0 0 000000b0 0 0 000000b0 1 1 1 1
C 25 000000ac 0 0 0 0 0 0 0 0 1 0 0 000000b0 0 0 000000ac 1 1 1 0
R 25 14 000000ac 0000006f 0
C 26 000000ac 1 0 0 0 0 0 0 1 1 0 0 000000b0 0 0 000000b0 1 1 1 1
C 27 000000ac 0 0 0 0 0 0 0 0 1 0 0 000000b0 0 0 000000ac 1 1 1 0
R 27 15 000000ac 0000006f 0
C 28 000000ac 1 0 0 0 0 0 0 1 1 0 0 000000b0 0 0 000000b0 1 1 1 1
C 29 000000ac 0 0 0 0 0 0 0 0 1 0 0 000000b0 0 0 000000ac 1 1 1 0
R 29 16 000000ac 0000006f 0
C 30 000000ac 1 0 0 0 0 0 0 1 1 0 0 000000b0 0 0 000000b0 1 1 1 1
C 31 000000ac 0 0 0 0 0 0 0 0 1 0 0 000000b0 0 0 000000ac 1 1 1 0
R 31 17 000000ac 0000006f 0
C 32 000000ac 1 0 0 0 0 0 0 1 1 0 0 000000b0 0 0 000000b0 1 1 1 1
C 33 000000ac 0 0 0 0 0 0 0 0 1 0 0 000000b0 0 0 000000ac 1 1 1 0
R 33 18 000000ac 0000006f 0
C 34 000000ac 1 0 0 0 0 0 0 1 1 0 0 000000b0 0 0 000000b0 1 1 1 1
C 35 000000ac 0 0 0 0 0 0 0 0 1 0 0 000000b0 0 0 000000ac 1 1 1 0
R 35 19 000000ac 0000006f 0
C 36 000000ac 1 0 0 0 0 0 0 1 1 0 0 000000b0 0 0 000000b0 1 1 1 1
C 37 000000ac 0 0 0 0 0 0 0 0 1 0 0 000000b0 0 0 000000ac 1 1 1 0
R 37 20 000000ac 0000006f 0
C 38 000000ac 1 0 0 0 0 0 0 1 1 0 0 000000b0 0 0 000000b0 1 1 1 1
C 39 000000ac 0 0 0 0 0 0 0 0 1 0 0 000000b0 0 0 000000ac 1 1 1 0
R 39 21 000000ac 0000006f 0
C 40 000000ac 1 0 0 0 0 0 0 1 1 0 0 000000b0 0 0 000000b0 1 1 1 1
C 41 000000ac 0 0 0 0 0 0 0 0 1 0 0 000000b0 0 0 000000ac 1 1 1 0
R 41 22 000000ac 0000006f 0
C 42 000000ac 1 0 0 0 0 0 0 1 1 0 0 000000b0 0 0 000000b0 1 1 1 1
C 43 000000ac 0 0 0 0 0 0 0 0 1 0 0 000000b0 0 0 000000ac 1 1 1 0
R 43 23 000000ac 0000006f 0
C 44 000000ac 1 0 0 0 0 0 0 1 1 0 0 000000b0 0 0 000000b0 1 1 1 1
C 45 000000ac 0 0 0 0 0 0 0 0 1 0 0 000000b0 0 0 000000ac 1 1 1 0
R 45 24 000000ac 0000006f 0
C 46 000000ac 1 0 0 0 0 0 0 1 1 0 0 000000b0 0 0 000000b0 1 1 1 1
C 47 000000ac 0 0 0 0 0 0 0 0 1 0 0 000000b0 0 0 000000ac 1 1 1 0
R 47 25 000000ac 0000006f 0
C 48 000000ac 1 0 0 0 0 0 0 1 1 0 0 000000b0 0 0 000000b0 1 1 1 1
C 49 000000ac 0 0 0 0 0 0 0 0 1 0 0 000000b0 0 0 000000ac 1 1 1 0
R 49 26 000000ac 0000006f 0
C 50 000000ac 1 0 0 0 0 0 0 1 1 0 0 000000b0 0 0 000000b0 1 1 1 1
C 51 000000ac 0 0 0 0 0 0 0 0 1 0 0 000000b0 0 0 000000ac 1 1 1 0
R 51 27 000000ac 0000006f 0
C 52 000000ac 1 0 0 0 0 0 0 1 1 0 0 000000b0 0 0 000000b0 1 1 1 1
C 53 000000ac 0 0 0 0 0 0 0 0 1 0 0 000000b0 0 0 000000ac 1 1 1 0
R 53 28 000000ac 0000006f 0
C 54 000000ac 1 0 0 0 0 0 0 1 1 0 0 000000b0 0 0 000000b0 1 1 1 1
C 55 000000ac 0 0 0 0 0 0 0 0 1 0 0 000000b0 0 0 000000ac 1 1 1 0
R 55 29 000000ac 0000006f 0
C 56 000000ac 1 0 0 0 0 0 0 1 1 0 0 000000b0 0 0 000000b0 1 1 1 1
C 57 000000ac 0 0 0 0 0 0 0 0 1 0 0 000000b0 0 0 000000ac 1 1 1 0
R 57 30 000000ac 0000006f 0
C 58 000000ac 1 0 0 0 0 0 0 1 1 0 0 000000b0 0 0 000000b0 1 1 1 1
C 59 000000ac 0 0 0 0 0 0 0 0 1 0 0 000000b0 0 0 000000ac 1 1 1 0
R 59 31 000000ac 0000006f 0
C 60 000000ac 1 0 0 0 0 0 0 1 1 0 0 000000b0 0 0 000000b0 1 1 1 1
C 61 000000ac 0 0 0 0 0 0 0 0 1 0 0 000000b0 0 0 000000ac 1 1 1 0
R 61 32 000000ac 0000006f 0
C 62 000000ac 1 0 0 0 0 0 0 1 1 0 0 000000b0 0 0 000000b0 1 1 1 1
C 63 000000ac 0 0 0 0 0 0 0 0 1 0 0 000000b0 0 0 000000ac 1 1 1 0
R 63 33 000000ac 0000006f 0
C 64 000000ac 1 0 0 0 0 0 0 1 1 0 0 000000b0 0 0 000000b0 1 1 1 1
C 65 000000ac 0 0 0 0 0 0 0 0 1 0 0 000000b0 0 0 000000ac 1 1 1 0
R 65 34 000000ac 0000006f 0
C 66 000000ac 1 0 0 0 0 0 0 1 1 0 0 000000b0 0 0 000000b0 1 1 1 1
C 67 000000ac 0 0 0 0 0 0 0 0 1 0 0 000000b0 0 0 000000ac 1 1 1 0
R 67 35 000000ac 0000006f 0
C 68 000000ac 1 0 0 0 0 0 0 1 1 0 0 000000b0 0 0 000000b0 1 1 1 1
C 69 000000ac 0 0 0 0 0 0 0 0 1 0 0 000000b0 0 0 000000ac 1 1 1 0
R 69 36 000000ac 0000006f 0
C 70 000000ac 1 0 0 0 0 0 0 1 1 0 0 000000b0 0 0 000000b0 1 1 1 1
C 71 000000ac 0 0 0 0 0 0 0 0 1 0 0 000000b0 0 0 000000ac 1 1 1 0
R 71 37 000000ac 0000006f 0
C 72 000000ac 1 0 0 0 0 0 0 1 1 0 0 000000b0 0 0 000000b0 1 1 1 1
C 73 000000ac 0 0 0 0 0 0 0 0 1 0 0 000000b0 0 0 000000ac 1 1 1 0
R 73 38 000000ac 0000006f 0
C 74 000000ac 1 0 0 0 0 0 0 1 1 0 0 000000b0 0 0 000000b0 1 1 1 1
C 75 000000ac 0 0 0 0 0 0 0 0 1 0 0 000000b0 0 0 000000ac 1 1 1 0
R 75 39 000000ac 0000006f 0
C 76 000000ac 1 0 0 0 0 0 0 1 1 0 0 000000b0 0 0 000000b0 1 1 1 1
C 77 000000ac 0 0 0 0 0 0 0 0 1 0 0 000000b0 0 0 000000ac 1 1 1 0
R 77 40 000000ac 0000006f 0
C 78 000000ac 1 0 0 0 0 0 0 1 1 0 0 000000b0 0 0 000000b0 1 1 1 1
C 79 000000ac 0 0 0 0 0 0 0 0 1 0 0 000000b0 0 0 000000ac 1 1 1 0
R 79 41 000000ac 0000006f 0
C 80 000000ac 1 0 0 0 0 0 0 1 1 0 0 000000b0 0 0 000000b0 1 1 1 1
C 81 000000ac 0 0 0 0 0 0 0 0 1 0 0 000000b0 0 0 000000ac 1 1 1 0
R 81 42 000000ac 0000006f 0
C 82 000000ac 1 0 0 0 0 0 0 1 1 0 0 000000b0 0 0 000000b0 1 1 1 1
C 83 000000ac 0 0 0 0 0 0 0 0 1 0 0 000000b0 0 0 000000ac 1 1 1 0
R 83 43 000000ac 0000006f 0
C 84 000000ac 1 0 0 0 0 0 0 1 1 0 0 000000b0 0 0 000000b0 1 1 1 1
C 85 000000ac 0 0 0 0 0 0 0 0 1 0 0 000000b0 0 0 000000ac 1 1 1 0
R 85 44 000000ac 0000006f 0
C 86 000000ac 1 0 0 0 0 0 0 1 1 0 0 000000b0 0 0 000000b0 1 1 1 1
C 87 000000ac 0 0 0 0 0 0 0 0 1 0 0 000000b0 0 0 000000ac 1 1 1 0
R 87 45 000000ac 0000006f 0
C 88 000000ac 1 0 0 0 0 0 0 1 1 0 0 000000b0 0 0 000000b0 1 1 1 1
C 89 000000ac 0 0 0 0 0 0 0 0 1 0 0 000000b0 0 0 000000ac 1 1 1 0
R 89 46 000000ac 0000006f 0
C 90 000000ac 1 0 0 0 0 0 0 1 1 0 0 000000b0 0 0 000000b0 1 1 1 1
C 91 000000ac 0 0 0 0 0 0 0 0 1 0 0 000000b0 0 0 000000ac 1 1 1 0
R 91 47 000000ac 0000006f 0
C 92 000000ac 1 0 0 0 0 0 0 1 1 0 0 000000b0 0 0 000000b0 1 1 1 1
C 93 000000ac 0 0 0 0 0 0 0 0 1 0 0 000000b0 0 0 000000ac 1 1 1 0
R 93 48 000000ac 0000006f 0
C 94 000000ac 1 0 0 0 0 0 0 1 1 0 0 000000b0 0 0 000000b0 1 1 1 1
C 95 000000ac 0 0 0 0 0 0 0 0 1 0 0 000000b0 0 0 000000ac 1 1 1 0
R 95 49 000000ac 0000006f 0
C 96 000000ac 1 0 0 0 0 0 0 1 1 0 0 000000b0 0 0 000000b0 1 1 1 1
C 97 000000ac 0 0 0 0 0 0 0 0 1 0 0 000000b0 0 0 000000ac 1 1 1 0
R 97 50 000000ac 0000006f 0
C 98 000000ac 1 0 0 0 0 0 0 1 1 0 0 000000b0 0 0 000000b0 1 1 1 1
C 99 000000ac 0 0 0 0 0 0 0 0 1 0 0 000000b0 0 0 000000ac 1 1 1 0
R 99 51 000000ac 0000006f 0
C 100 000000ac 1 0 0 0 0 0 0 1 1 0 0 000000b0 0 0 000000b0 1 1 1 1
C 101 000000ac 0 0 0 0 0 0 0 0 1 0 0 000000b0 0 0 000000ac 1 1 1 0
R 101 52 000000ac 0000006f 0
C 102 000000ac 1 0 0 0 0 0 0 1 1 0 0 000000b0 0 0 000000b0 1 1 1 1
C 103 000000ac 0 0 0 0 0 0 0 0 1 0 0 000000b0 0 0 000000ac 1 1 1 0
R 103 53 000000ac 0000006f 0
C 104 000000ac 1 0 0 0 0 0 0 1 1 0 0 000000b0 0 0 000000b0 1 1 1 1
C 105 000000ac 0 0 0 0 0 0 0 0 1 0 0 000000b0 0 0 000000ac 1 1 1 0
R 105 54 000000ac 0000006f 0
C 106 000000ac 1 0 0 0 0 0 0 1 1 0 0 000000b0 0 0 000000b0 1 1 1 1
C 107 000000ac 0 0 0 0 0 0 0 0 1 0 0 000000b0 0 0 000000ac 1 1 1 0
R 107 55 000000ac 0000006f 0
C 108 000000ac 1 0 0 0 0 0 0 1 1 0 0 000000b0 0 0 000000b0 1 1 1 1
C 109 000000ac 0 0 0 0 0 0 0 0 1 0 0 000000b0 0 0 000000ac 1 1 1 0
R 109 56 000000ac 0000006f 0
C 110 000000ac 1 0 0 0 0 0 0 1 1 0 0 000000b0 0 0 000000b0 1 1 1 1
C 111 000000ac 0 0 0 0 0 0 0 0 1 0 0 000000b0 0 0 000000ac 1 1 1 0
R 111 57 000000ac 0000006f 0
C 112 000000ac 1 0 0 0 0 0 0 1 1 0 0 000000b0 0 0 000000b0 1 1 1 1
C 113 000000ac 0 0 0 0 0 0 0 0 1 0 0 000000b0 0 0 000000ac 1 1 1 0
R 113 58 000000ac 0000006f 0
C 114 000000ac 1 0 0 0 0 0 0 1 1 0 0 000000b0 0 0 000000b0 1 1 1 1
C 115 000000ac 0 0 0 0 0 0 0 0 1 0 0 000000b0 0 0 000000ac 1 1 1 0
R 115 59 000000ac 0000006f 0
C 116 000000ac 1 0 0 0 0 0 0 1 1 0 0 000000b0 0 0 000000b0 1 1 1 1
C 117 000000ac 0 0 0 0 0 0 0 0 1 0 0 000000b0 0 0 000000ac 1 1 1 0
R 117 60 000000ac 0000006f 0
C 118 000000ac 1 0 0 0 0 0 0 1 1 0 0 000000b0 0 0 000000b0 1 1 1 1
C 119 000000ac 0 0 0 0 0 0 0 0 1 0 0 000000b0 0 0 000000ac 1 1 1 0
R 119 61 000000ac 0000006f 0
C 120 000000ac 1 0 0 0 0 0 0 1 1 0 0 000000b0 0 0 000000b0 1 1 1 1
C 121 000000ac 0 0 0 0 0 0 0 0 1 0 0 000000b0 0 0 000000ac 1 1 1 0
R 121 62 000000ac 0000006f 0
C 122 000000ac 1 0 0 0 0 0 0 1 1 0 0 000000b0 0 0 000000b0 1 1 1 1
C 123 000000ac 0 0 0 0 0 0 0 0 1 0 0 000000b0 0 0 000000ac 1 1 1 0
R 123 63 000000ac 0000006f 0
C 124 000000ac 1 0 0 0 0 0 0 1 1 0 0 000000b0 0 0 000000b0 1 1 1 1
C 125 000000ac 0 0 0 0 0 0 0 0 1 0 0 000000b0 0 0 000000ac 1 1 1 0
R 125 64 000000ac 0000006f 0
C 126 000000ac 1 0 0 0 0 0 0 1 1 0 0 000000b0 0 0 000000b0 1 1 1 1
C 127 000000ac 0 0 0 0 0 0 0 0 1 0 0 000000b0 0 0 000000ac 1 1 1 0
R 127 65 000000ac 0000006f 0
C 128 000000ac 1 0 0 0 0 0 0 1 1 0 0 000000b0 0 0 000000b0 1 1 1 1
C 129 000000ac 0 0 0 0 0 0 0 0 1 0 0 000000b0 0 0 000000ac 1 1 1 0
R 129 66 000000ac 0000006f 0
C 130 000000ac 1 0 0 0 0 0 0 1 1 0 0 000000b0 0 0 000000b0 1 1 1 1
C 131 000000ac 0 0 0 0 0 0 0 0 1 0 0 000000b0 0 0 000000ac 1 1 1 0
R 131 67 000000ac 0000006f 0
C 132 000000ac 1 0 0 0 0 0 0 1 1 0 0 000000b0 0 0 000000b0 1 1 1 1
C 133 000000ac 0 0 0 0 0 0 0 0 1 0 0 000000b0 0 0 000000ac 1 1 1 0
R 133 68 000000ac 0000006f 0
C 134 000000ac 1 0 0 0 0 0 0 1 1 0 0 000000b0 0 0 000000b0 1 1 1 1
C 135 000000ac 0 0 0 0 0 0 0 0 1 0 0 000000b0 0 0 000000ac 1 1 1 0
R 135 69 000000ac 0000006f 0
C 136 000000ac 1 0 0 0 0 0 0 1 1 0 0 000000b0 0 0 000000b0 1 1 1 1
C 137 000000ac 0 0 0 0 0 0 0 0 1 0 0 000000b0 0 0 000000ac 1 1 1 0
R 137 70 000000ac 0000006f 0
C 138 000000ac 1 0 0 0 0 0 0 1 1 0 0 000000b0 0 0 000000b0 1 1 1 1
C 139 000000ac 0 0 0 0 0 0 0 0 1 0 0 000000b0 0 0 000000ac 1 1 1 0
R 139 71 000000ac 0000006f 0
C 140 000000ac 1 0 0 0 0 0 0 1 1 0 0 000000b0 0 0 000000b0 1 1 1 1
C 141 000000ac 0 0 0 0 0 0 0 0 1 0 0 000000b0 0 0 000000ac 1 1 1 0
R 141 72 000000ac 0000006f 0
C 142 000000ac 1 0 0 0 0 0 0 1 1 0 0 000000b0 0 0 000000b0 1 1 1 1
C 143 000000ac 0 0 0 0 0 0 0 0 1 0 0 000000b0 0 0 000000ac 1 1 1 0
R 143 73 000000ac 0000006f 0
C 144 000000ac 1 0 0 0 0 0 0 1 1 0 0 000000b0 0 0 000000b0 1 1 1 1
C 145 000000ac 0 0 0 0 0 0 0 0 1 0 0 000000b0 0 0 000000ac 1 1 1 0
R 145 74 000000ac 0000006f 0
C 146 000000ac 1 0 0 0 0 0 0 1 1 0 0 000000b0 0 0 000000b0 1 1 1 1
C 147 000000ac 0 0 0 0 0 0 0 0 1 0 0 000000b0 0 0 000000ac 1 1 1 0
R 147 75 000000ac 0000006f 0
C 148 000000ac 1 0 0 0 0 0 0 1 1 0 0 000000b0 0 0 000000b0 1 1 1 1
C 149 000000ac 0 0 0 0 0 0 0 0 1 0 0 000000b0 0 0 000000ac 1 1 1 0
R 149 76 000000ac 0000006f 0
C 150 000000ac 1 0 0 0 0 0 0 1 1 0 0 000000b0 0 0 000000b0 1 1 1 1
C 151 000000ac 0 0 0 0 0 0 0 0 1 0 0 000000b0 0 0 000000ac 1 1 1 0
R 151 77 000000ac 0000006f 0
C 152 000000ac 1 0 0 0 0 0 0 1 1 0 0 000000b0 0 0 000000b0 1 1 1 1
C 153 000000ac 0 0 0 0 0 0 0 0 1 0 0 000000b0 0 0 000000ac 1 1 1 0
R 153 78 000000ac 0000006f 0
C 154 000000ac 1 0 0 0 0 0 0 1 1 0 0 000000b0 0 0 000000b0 1 1 1 1
C 155 000000ac 0 0 0 0 0 0 0 0 1 0 0 000000b0 0 0 000000ac 1 1 1 0
R 155 79 000000ac 0000006f 0
C 156 000000ac 1 0 0 0 0 0 0 1 1 0 0 000000b0 0 0 000000b0 1 1 1 1
C 157 000000ac 0 0 0 0 0 0 0 0 1 0 0 000000b0 0 0 000000ac 1 1 1 0
R 157 80 000000ac 0000006f 0
C 158 000000ac 1 0 0 0 0 0 0 1 1 0 0 000000b0 0 0 000000b0 1 1 1 1
C 159 000000ac 0 0 0 0 0 0 0 0 1 0 0 000000b0 0 0 000000ac 1 1 1 0
R 159 81 000000ac 0000006f 0
C 160 000000ac 1 0 0 0 0 0 0 1 1 0 0 000000b0 0 0 000000b0 1 1 1 1
C 161 000000ac 0 0 0 0 0 0 0 0 1 0 0 000000b0 0 0 000000ac 1 1 1 0
R 161 82 000000ac 0000006f 0
C 162 000000ac 1 0 0 0 0 0 0 1 1 0 0 000000b0 0 0 000000b0 1 1 1 1
C 163 000000ac 0 0 0 0 0 0 0 0 1 0 0 000000b0 0 0 000000ac 1 1 1 0
R 163 83 000000ac 0000006f 0
C 164 000000ac 1 0 0 0 0 0 0 1 1 0 0 000000b0 0 0 000000b0 1 1 1 1
C 165 000000ac 0 0 0 0 0 0 0 0 1 0 0 000000b0 0 0 000000ac 1 1 1 0
R 165 84 000000ac 0000006f 0
C 166 000000ac 1 0 0 0 0 0 0 1 1 0 0 000000b0 0 0 000000b0 1 1 1 1
C 167 000000ac 0 0 0 0 0 0 0 0 1 0 0 000000b0 0 0 000000ac 1 1 1 0
R 167 85 000000ac 0000006f 0
C 168 000000ac 1 0 0 0 0 0 0 1 1 0 0 000000b0 0 0 000000b0 1 1 1 1
C 169 000000ac 0 0 0 0 0 0 0 0 1 0 0 000000b0 0 0 000000ac 1 1 1 0
R 169 86 000000ac 0000006f 0
C 170 000000ac 1 0 0 0 0 0 0 1 1 0 0 000000b0 0 0 000000b0 1 1 1 1
C 171 000000ac 0 0 0 0 0 0 0 0 1 0 0 000000b0 0 0 000000ac 1 1 1 0
R 171 87 000000ac 0000006f 0
C 172 000000ac 1 0 0 0 0 0 0 1 1 0 0 000000b0 0 0 000000b0 1 1 1 1
C 173 000000ac 0 0 0 0 0 0 0 0 1 0 0 000000b0 0 0 000000ac 1 1 1 0
R 173 88 000000ac 0000006f 0
C 174 000000ac 1 0 0 0 0 0 0 1 1 0 0 000000b0 0 0 000000b0 1 1 1 1
C 175 000000ac 0 0 0 0 0 0 0 0 1 0 0 000000b0 0 0 000000ac 1 1 1 0
R 175 89 000000ac 0000006f 0
C 176 000000ac 1 0 0 0 0 0 0 1 1 0 0 000000b0 0 0 000000b0 1 1 1 1
C 177 000000ac 0 0 0 0 0 0 0 0 1 0 0 000000b0 0 0 000000ac 1 1 1 0
R 177 90 000000ac 0000006f 0
C 178 000000ac 1 0 0 0 0 0 0 1 1 0 0 000000b0 0 0 000000b0 1 1 1 1
C 179 000000ac 0 0 0 0 0 0 0 0 1 0 0 000000b0 0 0 000000ac 1 1 1 0
R 179 91 000000ac 0000006f 0
C 180 000000ac 1 0 0 0 0 0 0 1 1 0 0 000000b0 0 0 000000b0 1 1 1 1
C 181 000000ac 0 0 0 0 0 0 0 0 1 0 0 000000b0 0 0 000000ac 1 1 1 0
R 181 92 000000ac 0000006f 0
C 182 000000ac 1 0 0 0 0 0 0 1 1 0 0 000000b0 0 0 000000b0 1 1 1 1
C 183 000000ac 0 0 0 0 0 0 0 0 1 0 0 000000b0 0 0 000000ac 1 1 1 0
R 183 93 000000ac 0000006f 0
C 184 000000ac 1 0 0 0 0 0 0 1 1 0 0 000000b0 0 0 000000b0 1 1 1 1
C 185 000000ac 0 0 0 0 0 0 0 0 1 0 0 000000b0 0 0 000000ac 1 1 1 0
R 185 94 000000ac 0000006f 0
C 186 000000ac 1 0 0 0 0 0 0 1 1 0 0 000000b0 0 0 000000b0 1 1 1 1
C 187 000000ac 0 0 0 0 0 0 0 0 1 0 0 000000b0 0 0 000000ac 1 1 1 0
R 187 95 000000ac 0000006f 0
C 188 000000ac 1 0 0 0 0 0 0 1 1 0 0 000000b0 0 0 000000b0 1 1 1 1
C 189 000000ac 0 0 0 0 0 0 0 0 1 0 0 000000b0 0 0 000000ac 1 1 1 0
R 189 96 000000ac 0000006f 0
C 190 000000ac 1 0 0 0 0 0 0 1 1 0 0 000000b0 0 0 000000b0 1 1 1 1
C 191 000000ac 0 0 0 0 0 0 0 0 1 0 0 000000b0 0 0 000000ac 1 1 1 0
R 191 97 000000ac 0000006f 0
C 192 000000ac 1 0 0 0 0 0 0 1 1 0 0 000000b0 0 0 000000b0 1 1 1 1
C 193 000000ac 0 0 0 0 0 0 0 0 1 0 0 000000b0 0 0 000000ac 1 1 1 0
R 193 98 000000ac 0000006f 0
C 194 000000ac 1 0 0 0 0 0 0 1 1 0 0 000000b0 0 0 000000b0 1 1 1 1
C 195 000000ac 0 0 0 0 0 0 0 0 1 0 0 000000b0 0 0 000000ac 1 1 1 0
R 195 99 000000ac 0000006f 0
C 196 000000ac 1 0 0 0 0 0 0 1 1 0 0 000000b0 0 0 000000b0 1 1 1 1
C 197 000000ac 0 0 0 0 0 0 0 0 1 0 0 000000b0 0 0 000000ac 1 1 1 0
R 197 100 000000ac 0000006f 0
C 198 000000ac 1 0 0 0 0 0 0 1 1 0 0 000000b0 0 0 000000b0 1 1 1 1
C 199 000000ac 0 0 0 0 0 0 0 0 1 0 0 000000b0 0 0 000000ac 1 1 1 0
R 199 101 000000ac 0000006f 0
C 200 000000ac 1 0 0 0 0 0 0 1 1 0 0 000000b0 0 0 000000b0 1 1 1 1
C 201 000000ac 0 0 0 0 0 0 0 0 1 0 0 000000b0 0 0 000000ac 1 1 1 0
R 201 102 000000ac 0000006f 0
C 202 000000ac 1 0 0 0 0 0 0 1 1 0 0 000000b0 0 0 000000b0 1 1 1 1
C 203 000000ac 0 0 0 0 0 0 0 0 1 0 0 000000b0 0 0 000000ac 1 1 1 0
R 203 103 000000ac 0000006f 0
C 204 000000ac 1 0 0 0 0 0 0 1 1 0 0 000000b0 0 0 000000b0 1 1 1 1
C 205 000000ac 0 0 0 0 0 0 0 0 1 0 0 000000b0 0 0 000000ac 1 1 1 0
R 205 104 000000ac 0000006f 0
C 206 000000ac 1 0 0 0 0 0 0 1 1 0 0 000000b0 0 0 000000b0 1 1 1 1
C 207 000000ac 0 0 0 0 0 0 0 0 1 0 0 000000b0 0 0 000000ac 1 1 1 0
R 207 105 000000ac 0000006f 0
C 208 000000ac 1 0 0 0 0 0 0 1 1 0 0 000000b0 0 0 000000b0 1 1 1 1
C 209 000000ac 0 0 0 0 0 0 0 0 1 0 0 000000b0 0 0 000000ac 1 1 1 0
R 209 106 000000ac 0000006f 0
C 210 000000ac 1 0 0 0 0 0 0 1 1 0 0 000000b0 0 0 000000b0 1 1 1 1
C 211 000000ac 0 0 0 0 0 0 0 0 1 0 0 000000b0 0 0 000000ac 1 1 1 0
R 211 107 000000ac 0000006f 0
C 212 000000ac 1 0 0 0 0 0 0 1 1 0 0 000000b0 0 0 000000b0 1 1 1 1
C 213 000000ac 0 0 0 0 0 0 0 0 1 0 0 000000b0 0 0 000000ac 1 1 1 0
R 213 108 000000ac 0000006f 0
C 214 000000ac 1 0 0 0 0 0 0 1 1 0 0 000000b0 0 0 000000b0 1 1 1 1
C 215 000000ac 0 0 0 0 0 0 0 0 1 0 0 000000b0 0 0 000000ac 1 1 1 0
R 215 109 000000ac 0000006f 0
C 216 000000ac 1 0 0 0 0 0 0 1 1 0 0 000000b0 0 0 000000b0 1 1 1 1
C 217 000000ac 0 0 0 0 0 0 0 0 1 0 0 000000b0 0 0 000000ac 1 1 1 0
R 217 110 000000ac 0000006f 0
C 218 000000ac 1 0 0 0 0 0 0 1 1 0 0 000000b0 0 0 000000b0 1 1 1 1
C 219 000000ac 0 0 0 0 0 0 0 0 1 0 0 000000b0 0 0 000000ac 1 1 1 0
R 219 111 000000ac 0000006f 0
C 220 000000ac 1 0 0 0 0 0 0 1 1 0 0 000000b0 0 0 000000b0 1 1 1 1
C 221 000000ac 0 0 0 0 0 0 0 0 1 0 0 000000b0 0 0 000000ac 1 1 1 0
R 221 112 000000ac 0000006f 0
C 222 000000ac 1 0 0 0 0 0 0 1 1 0 0 000000b0 0 0 000000b0 1 1 1 1
C 223 000000ac 0 0 0 0 0 0 0 0 1 0 0 000000b0 0 0 000000ac 1 1 1 0
R 223 113 000000ac 0000006f 0
C 224 000000ac 1 0 0 0 0 0 0 1 1 0 0 000000b0 0 0 000000b0 1 1 1 1
C 225 000000ac 0 0 0 0 0 0 0 0 1 0 0 000000b0 0 0 000000ac 1 1 1 0
R 225 114 000000ac 0000006f 0
C 226 000000ac 1 0 0 0 0 0 0 1 1 0 0 000000b0 0 0 000000b0 1 1 1 1
C 227 000000ac 0 0 0 0 0 0 0 0 1 0 0 000000b0 0 0 000000ac 1 1 1 0
R 227 115 000000ac 0000006f 0
C 228 000000ac 1 0 0 0 0 0 0 1 1 0 0 000000b0 0 0 000000b0 1 1 1 1
C 229 000000ac 0 0 0 0 0 0 0 0 1 0 0 000000b0 0 0 000000ac 1 1 1 0
R 229 116 000000ac 0000006f 0
C 230 000000ac 1 0 0 0 0 0 0 1 1 0 0 000000b0 0 0 000000b0 1 1 1 1
C 231 000000ac 0 0 0 0 0 0 0 0 1 0 0 000000b0 0 0 000000ac 1 1 1 0
R 231 117 000000ac 0000006f 0
C 232 000000ac 1 0 0 0 0 0 0 1 1 0 0 000000b0 0 0 000000b0 1 1 1 1
C 233 000000ac 0 0 0 0 0 0 0 0 1 0 0 000000b0 0 0 000000ac 1 1 1 0
R 233 118 000000ac 0000006f 0
C 234 000000ac 1 0 0 0 0 0 0 1 1 0 0 000000b0 0 0 000000b0 1 1 1 1
C 235 000000ac 0 0 0 0 0 0 0 0 1 0 0 000000b0 0 0 000000ac 1 1 1 0
R 235 119 000000ac 0000006f 0
C 236 000000ac 1 0 0 0 0 0 0 1 1 0 0 000000b0 0 0 000000b0 1 1 1 1
C 237 000000ac 0 0 0 0 0 0 0 0 1 0 0 000000b0 0 0 000000ac 1 1 1 0
R 237 120 000000ac 0000006f 0
C 238 000000ac 1 0 0 0 0 0 0 1 1 0 0 000000b0 0 0 000000b0 1 1 1 1
C 239 000000ac 0 0 0 0 0 0 0 0 1 0 0 000000b0 0 0 000000ac 1 1 1 0
R 239 121 000000ac 0000006f 0
C 240 000000ac 1 0 0 0 0 0 0 1 1 0 0 000000b0 0 0 000000b0 1 1 1 1
C 241 000000ac 0 0 0 0 0 0 0 0 1 0 0 000000b0 0 0 000000ac 1 1 1 0
R 241 122 000000ac 0000006f 0
C 242 000000ac 1 0 0 0 0 0 0 1 1 0 0 000000b0 0 0 000000b0 1 1 1 1
C 243 000000ac 0 0 0 0 0 0 0 0 1 0 0 000000b0 0 0 000000ac 1 1 1 0
R 243 123 000000ac 0000006f 0
C 244 000000ac 1 0 0 0 0 0 0 1 1 0 0 000000b0 0 0 000000b0 1 1 1 1
C 245 000000ac 0 0 0 0 0 0 0 0 1 0 0 000000b0 0 0 000000ac 1 1 1 0
R 245 124 000000ac 0000006f 0
C 246 000000ac 1 0 0 0 0 0 0 1 1 0 0 000000b0 0 0 000000b0 1 1 1 1
C 247 000000ac 0 0 0 0 0 0 0 0 1 0 0 000000b0 0 0 000000ac 1 1 1 0
R 247 125 000000ac 0000006f 0
C 248 000000ac 1 0 0 0 0 0 0 1 1 0 0 000000b0 0 0 000000b0 1 1 1 1
C 249 000000ac 0 0 0 0 0 0 0 0 1 0 0 000000b0 0 0 000000ac 1 1 1 0
R 249 126 000000ac 0000006f 0
C 250 000000ac 1 0 0 0 0 0 0 1 1 0 0 000000b0 0 0 000000b0 1 1 1 1
C 251 000000ac 0 0 0 0 0 0 0 0 1 0 0 000000b0 0 0 000000ac 1 1 1 0
R 251 127 000000ac 0000006f 0
C 252 000000ac 1 0 0 0 0 0 0 1 1 0 0 000000b0 0 0 000000b0 1 1 1 1
C 253 000000ac 0 0 0 0 0 0 0 0 1 0 0 000000b0 0 0 000000ac 1 1 1 0
R 253 128 000000ac 0000006f 0
C 254 000000ac 1 0 0 0 0 0 0 1 1 0 0 000000b0 0 0 000000b0 1 1 1 1
C 255 000000ac 0 0 0 0 0 0 0 0 1 0 0 000000b0 0 0 000000ac 1 1 1 0
R 255 129 000000ac 0000006f 0
C 256 000000ac 1 0 0 0 0 0 0 1 1 0 0 000000b0 0 0 000000b0 1 1 1 1
C 257 000000ac 0 0 0 0 0 0 0 0 1 0 0 000000b0 0 0 000000ac 1 1 1 0
R 257 130 000000ac 0000006f 0
C 258 000000ac 1 0 0 0 0 0 0 1 1 0 0 000000b0 0 0 000000b0 1 1 1 1
C 259 000000ac 0 0 0 0 0 0 0 0 1 0 0 000000b0 0 0 000000ac 1 1 1 0
R 259 131 000000ac 0000006f 0
C 260 000000ac 1 0 0 0 0 0 0 1 1 0 0 000000b0 0 0 000000b0 1 1 1 1
C 261 000000ac 0 0 0 0 0 0 0 0 1 0 0 000000b0 0 0 000000ac 1 1 1 0
R 261 132 000000ac 0000006f 0
C 262 000000ac 1 0 0 0 0 0 0 1 1 0 0 000000b0 0 0 000000b0 1 1 1 1
C 263 000000ac 0 0 0 0 0 0 0 0 1 0 0 000000b0 0 0 000000ac 1 1 1 0
R 263 133 000000ac 0000006f 0
C 264 000000ac 1 0 0 0 0 0 0 1 1 0 0 000000b0 0 0 000000b0 1 1 1 1
C 265 000000ac 0 0 0 0 0 0 0 0 1 0 0 000000b0 0 0 000000ac 1 1 1 0
R 265 134 000000ac 0000006f 0
C 266 000000ac 1 0 0 0 0 0 0 1 1 0 0 000000b0 0 0 000000b0 1 1 1 1
C 267 000000ac 0 0 0 0 0 0 0 0 1 0 0 000000b0 0 0 000000ac 1 1 1 0
R 267 135 000000ac 0000006f 0
C 268 000000ac 1 0 0 0 0 0 0 1 1 0 0 000000b0 0 0 000000b0 1 1 1 1
C 269 000000ac 0 0 0 0 0 0 0 0 1 0 0 000000b0 0 0 000000ac 1 1 1 0
R 269 136 000000ac 0000006f 0
C 270 000000ac 1 0 0 0 0 0 0 1 1 0 0 000000b0 0 0 000000b0 1 1 1 1
C 271 000000ac 0 0 0 0 0 0 0 0 1 0 0 000000b0 0 0 000000ac 1 1 1 0
R 271 137 000000ac 0000006f 0
C 272 000000ac 1 0 0 0 0 0 0 1 1 0 0 000000b0 0 0 000000b0 1 1 1 1
C 273 000000ac 0 0 0 0 0 0 0 0 1 0 0 000000b0 0 0 000000ac 1 1 1 0
R 273 138 000000ac 0000006f 0
C 274 000000ac 1 0 0 0 0 0 0 1 1 0 0 000000b0 0 0 000000b0 1 1 1 1
C 275 000000ac 0 0 0 0 0 0 0 0 1 0 0 000000b0 0 0 000000ac 1 1 1 0
R 275 139 000000ac 0000006f 0
C 276 000000ac 1 0 0 0 0 0 0 1 1 0 0 000000b0 0 0 000000b0 1 1 1 1
C 277 000000ac 0 0 0 0 0 0 0 0 1 0 0 000000b0 0 0 000000ac 1 1 1 0
R 277 140 000000ac 0000006f 0
C 278 000000ac 1 0 0 0 0 0 0 1 1 0 0 000000b0 0 0 000000b0 1 1 1 1
C 279 000000ac 0 0 0 0 0 0 0 0 1 0 0 000000b0 0 0 000000ac 1 1 1 0
R 279 141 000000ac 0000006f 0
C 280 000000ac 1 0 0 0 0 0 0 1 1 0 0 000000b0 0 0 000000b0 1 1 1 1
C 281 000000ac 0 0 0 0 0 0 0 0 1 0 0 000000b0 0 0 000000ac 1 1 1 0
R 281 142 000000ac 0000006f 0
C 282 000000ac 1 0 0 0 0 0 0 1 1 0 0 000000b0 0 0 000000b0 1 1 1 1
C 283 000000ac 0 0 0 0 0 0 0 0 1 0 0 000000b0 0 0 000000ac 1 1 1 0
R 283 143 000000ac 0000006f 0
C 284 000000ac 1 0 0 0 0 0 0 1 1 0 0 000000b0 0 0 000000b0 1 1 1 1
C 285 000000ac 0 0 0 0 0 0 0 0 1 0 0 000000b0 0 0 000000ac 1 1 1 0
R 285 144 000000ac 0000006f 0
C 286 000000ac 1 0 0 0 0 0 0 1 1 0 0 000000b0 0 0 000000b0 1 1 1 1
C 287 000000ac 0 0 0 0 0 0 0 0 1 0 0 000000b0 0 0 000000ac 1 1 1 0
R 287 145 000000ac 0000006f 0
C 288 000000ac 1 0 0 0 0 0 0 1 1 0 0 000000b0 0 0 000000b0 1 1 1 1
C 289 000000ac 0 0 0 0 0 0 0 0 1 0 0 000000b0 0 0 000000ac 1 1 1 0
R 289 146 000000ac 0000006f 0
C 290 000000ac 1 0 0 0 0 0 0 1 1 0 0 000000b0 0 0 000000b0 1 1 1 1
C 291 000000ac 0 0 0 0 0 0 0 0 1 0 0 000000b0 0 0 000000ac 1 1 1 0
R 291 147 000000ac 0000006f 0
C 292 000000ac 1 0 0 0 0 0 0 1 1 0 0 000000b0 0 0 000000b0 1 1 1 1
C 293 000000ac 0 0 0 0 0 0 0 0 1 0 0 000000b0 0 0 000000ac 1 1 1 0
R 293 148 000000ac 0000006f 0
C 294 000000ac 1 0 0 0 0 0 0 1 1 0 0 000000b0 0 0 000000b0 1 1 1 1
C 295 000000ac 0 0 0 0 0 0 0 0 1 0 0 000000b0 0 0 000000ac 1 1 1 0
R 295 149 000000ac 0000006f 0
C 296 000000ac 1 0 0 0 0 0 0 1 1 0 0 000000b0 0 0 000000b0 1 1 1 1
C 297 000000ac 0 0 0 0 0 0 0 0 1 0 0 000000b0 0 0 000000ac 1 1 1 0
R 297 150 000000ac 0000006f 0
C 298 000000ac 1 0 0 0 0 0 0 1 1 0 0 000000b0 0 0 000000b0 1 1 1 1
C 299 000000ac 0 0 0 0 0 0 0 0 1 0 0 000000b0 0 0 000000ac 1 1 1 0
R 299 151 000000ac 0000006f 0
C 300 000000ac 1 0 0 0 0 0 0 1 1 0 0 000000b0 0 0 000000b0 1 1 1 1
C 301 000000ac 0 0 0 0 0 0 0 0 1 0 0 000000b0 0 0 000000ac 1 1 1 0
R 301 152 000000ac 0000006f 0
C 302 000000ac 1 0 0 0 0 0 0 1 1 0 0 000000b0 0 0 000000b0 1 1 1 1
C 303 000000ac 0 0 0 0 0 0 0 0 1 0 0 000000b0 0 0 000000ac 1 1 1 0
R 303 153 000000ac 0000006f 0
C 304 000000ac 1 0 0 0 0 0 0 1 1 0 0 000000b0 0 0 000000b0 1 1 1 1
C 305 000000ac 0 0 0 0 0 0 0 0 1 0 0 000000b0 0 0 000000ac 1 1 1 0
R 305 154 000000ac 0000006f 0
C 306 000000ac 1 0 0 0 0 0 0 1 1 0 0 000000b0 0 0 000000b0 1 1 1 1
C 307 000000ac 0 0 0 0 0 0 0 0 1 0 0 000000b0 0 0 000000ac 1 1 1 0
R 307 155 000000ac 0000006f 0
C 308 000000ac 1 0 0 0 0 0 0 1 1 0 0 000000b0 0 0 000000b0 1 1 1 1
C 309 000000ac 0 0 0 0 0 0 0 0 1 0 0 000000b0 0 0 000000ac 1 1 1 0
R 309 156 000000ac 0000006f 0
C 310 000000ac 1 0 0 0 0 0 0 1 1 0 0 000000b0 0 0 000000b0 1 1 1 1
C 311 000000ac 0 0 0 0 0 0 0 0 1 0 0 000000b0 0 0 000000ac 1 1 1 0
R 311 157 000000ac 0000006f 0
C 312 000000ac 1 0 0 0 0 0 0 1 1 0 0 000000b0 0 0 000000b0 1 1 1 1
C 313 000000ac 0 0 0 0 0 0 0 0 1 0 0 000000b0 0 0 000000ac 1 1 1 0
R 313 158 000000ac 0000006f 0
C 314 000000ac 1 0 0 0 0 0 0 1 1 0 0 000000b0 0 0 000000b0 1 1 1 1
C 315 000000ac 0 0 0 0 0 0 0 0 1 0 0 000000b0 0 0 000000ac 1 1 1 0
R 315 159 000000ac 0000006f 0
C 316 000000ac 1 0 0 0 0 0 0 1 1 0 0 000000b0 0 0 000000b0 1 1 1 1
C 317 000000ac 0 0 0 0 0 0 0 0 1 0 0 000000b0 0 0 000000ac 1 1 1 0
R 317 160 000000ac 0000006f 0
C 318 000000ac 1 0 0 0 0 0 0 1 1 0 0 000000b0 0 0 000000b0 1 1 1 1
C 319 000000ac 0 0 0 0 0 0 0 0 1 0 0 000000b0 0 0 000000ac 1 1 1 0
R 319 161 000000ac 0000006f 0
C 320 000000ac 1 0 0 0 0 0 0 1 1 0 0 000000b0 0 0 000000b0 1 1 1 1
C 321 000000ac 0 0 0 0 0 0 0 0 1 0 0 000000b0 0 0 000000ac 1 1 1 0
R 321 162 000000ac 0000006f 0
C 322 000000ac 1 0 0 0 0 0 0 1 1 0 0 000000b0 0 0 000000b0 1 1 1 1
C 323 000000ac 0 0 0 0 0 0 0 0 1 0 0 000000b0 0 0 000000ac 1 1 1 0
R 323 163 000000ac 0000006f 0
C 324 000000ac 1 0 0 0 0 0 0 1 1 0 0 000000b0 0 0 000000b0 1 1 1 1
C 325 000000ac 0 0 0 0 0 0 0 0 1 0 0 000000b0 0 0 000000ac 1 1 1 0
R 325 164 000000ac 0000006f 0
C 326 000000ac 1 0 0 0 0 0 0 1 1 0 0 000000b0 0 0 000000b0 1 1 1 1
C 327 000000ac 0 0 0 0 0 0 0 0 1 0 0 000000b0 0 0 000000ac 1 1 1 0
R 327 165 000000ac 0000006f 0
C 328 000000ac 1 0 0 0 0 0 0 1 1 0 0 000000b0 0 0 000000b0 1 1 1 1
C 329 000000ac 0 0 0 0 0 0 0 0 1 0 0 000000b0 0 0 000000ac 1 1 1 0
R 329 166 000000ac 0000006f 0
C 330 000000ac 1 0 0 0 0 0 0 1 1 0 0 000000b0 0 0 000000b0 1 1 1 1
C 331 000000ac 0 0 0 0 0 0 0 0 1 0 0 000000b0 0 0 000000ac 1 1 1 0
R 331 167 000000ac 0000006f 0
C 332 000000ac 1 0 0 0 0 0 0 1 1 0 0 000000b0 0 0 000000b0 1 1 1 1
C 333 000000ac 0 0 0 0 0 0 0 0 1 0 0 000000b0 0 0 000000ac 1 1 1 0
R 333 168 000000ac 0000006f 0
C 334 000000ac 1 0 0 0 0 0 0 1 1 0 0 000000b0 0 0 000000b0 1 1 1 1
C 335 000000ac 0 0 0 0 0 0 0 0 1 0 0 000000b0 0 0 000000ac 1 1 1 0
R 335 169 000000ac 0000006f 0
C 336 000000ac 1 0 0 0 0 0 0 1 1 0 0 000000b0 0 0 000000b0 1 1 1 1
C 337 000000ac 0 0 0 0 0 0 0 0 1 0 0 000000b0 0 0 000000ac 1 1 1 0
R 337 170 000000ac 0000006f 0
C 338 000000ac 1 0 0 0 0 0 0 1 1 0 0 000000b0 0 0 000000b0 1 1 1 1
C 339 000000ac 0 0 0 0 0 0 0 0 1 0 0 000000b0 0 0 000000ac 1 1 1 0
R 339 171 000000ac 0000006f 0
C 340 000000ac 1 0 0 0 0 0 0 1 1 0 0 000000b0 0 0 000000b0 1 1 1 1
C 341 000000ac 0 0 0 0 0 0 0 0 1 0 0 000000b0 0 0 000000ac 1 1 1 0
R 341 172 000000ac 0000006f 0
C 342 000000ac 1 0 0 0 0 0 0 1 1 0 0 000000b0 0 0 000000b0 1 1 1 1
C 343 000000ac 0 0 0 0 0 0 0 0 1 0 0 000000b0 0 0 000000ac 1 1 1 0
R 343 173 000000ac 0000006f 0
C 344 000000ac 1 0 0 0 0 0 0 1 1 0 0 000000b0 0 0 000000b0 1 1 1 1
C 345 000000ac 0 0 0 0 0 0 0 0 1 0 0 000000b0 0 0 000000ac 1 1 1 0
R 345 174 000000ac 0000006f 0
C 346 000000ac 1 0 0 0 0 0 0 1 1 0 0 000000b0 0 0 000000b0 1 1 1 1
C 347 000000ac 0 0 0 0 0 0 0 0 1 0 0 000000b0 0 0 000000ac 1 1 1 0
R 347 175 000000ac 0000006f 0
C 348 000000ac 1 0 0 0 0 0 0 1 1 0 0 000000b0 0 0 000000b0 1 1 1 1
C 349 000000ac 0 0 0 0 0 0 0 0 1 0 0 000000b0 0 0 000000ac 1 1 1 0
R 349 176 000000ac 0000006f 0
C 350 000000ac 1 0 0 0 0 0 0 1 1 0 0 000000b0 0 0 000000b0 1 1 1 1
C 351 000000ac 0 0 0 0 0 0 0 0 1 0 0 000000b0 0 0 000000ac 1 1 1 0
R 351 177 000000ac 0000006f 0
C 352 000000ac 1 0 0 0 0 0 0 1 1 0 0 000000b0 0 0 000000b0 1 1 1 1
C 353 000000ac 0 0 0 0 0 0 0 0 1 0 0 000000b0 0 0 000000ac 1 1 1 0
R 353 178 000000ac 0000006f 0
C 354 000000ac 1 0 0 0 0 0 0 1 1 0 0 000000b0 0 0 000000b0 1 1 1 1
C 355 000000ac 0 0 0 0 0 0 0 0 1 0 0 000000b0 0 0 000000ac 1 1 1 0
R 355 179 000000ac 0000006f 0
C 356 000000ac 1 0 0 0 0 0 0 1 1 0 0 000000b0 0 0 000000b0 1 1 1 1
C 357 000000ac 0 0 0 0 0 0 0 0 1 0 0 000000b0 0 0 000000ac 1 1 1 0
R 357 180 000000ac 0000006f 0
C 358 000000ac 1 0 0 0 0 0 0 1 1 0 0 000000b0 0 0 000000b0 1 1 1 1
C 359 000000ac 0 0 0 0 0 0 0 0 1 0 0 000000b0 0 0 000000ac 1 1 1 0
R 359 181 000000ac 0000006f 0
C 360 000000ac 1 0 0 0 0 0 0 1 1 0 0 000000b0 0 0 000000b0 1 1 1 1
C 361 000000ac 0 0 0 0 0 0 0 0 1 0 0 000000b0 0 0 000000ac 1 1 1 0
R 361 182 000000ac 0000006f 0
C 362 000000ac 1 0 0 0 0 0 0 1 1 0 0 000000b0 0 0 000000b0 1 1 1 1
C 363 000000ac 0 0 0 0 0 0 0 0 1 0 0 000000b0 0 0 000000ac 1 1 1 0
R 363 183 000000ac 0000006f 0
C 364 000000ac 1 0 0 0 0 0 0 1 1 0 0 000000b0 0 0 000000b0 1 1 1 1
C 365 000000ac 0 0 0 0 0 0 0 0 1 0 0 000000b0 0 0 000000ac 1 1 1 0
R 365 184 000000ac 0000006f 0
C 366 000000ac 1 0 0 0 0 0 0 1 1 0 0 000000b0 0 0 000000b0 1 1 1 1
C 367 000000ac 0 0 0 0 0 0 0 0 1 0 0 000000b0 0 0 000000ac 1 1 1 0
R 367 185 000000ac 0000006f 0
C 368 000000ac 1 0 0 0 0 0 0 1 1 0 0 000000b0 0 0 000000b0 1 1 1 1
C 369 000000ac 0 0 0 0 0 0 0 0 1 0 0 000000b0 0 0 000000ac 1 1 1 0
R 369 186 000000ac 0000006f 0
C 370 000000ac 1 0 0 0 0 0 0 1 1 0 0 000000b0 0 0 000000b0 1 1 1 1
C 371 000000ac 0 0 0 0 0 0 0 0 1 0 0 000000b0 0 0 000000ac 1 1 1 0
R 371 187 000000ac 0000006f 0
C 372 000000ac 1 0 0 0 0 0 0 1 1 0 0 000000b0 0 0 000000b0 1 1 1 1
C 373 000000ac 0 0 0 0 0 0 0 0 1 0 0 000000b0 0 0 000000ac 1 1 1 0
R 373 188 000000ac 0000006f 0
C 374 000000ac 1 0 0 0 0 0 0 1 1 0 0 000000b0 0 0 000000b0 1 1 1 1
C 375 000000ac 0 0 0 0 0 0 0 0 1 0 0 000000b0 0 0 000000ac 1 1 1 0
R 375 189 000000ac 0000006f 0
C 376 000000ac 1 0 0 0 0 0 0 1 1 0 0 000000b0 0 0 000000b0 1 1 1 1
C 377 000000ac 0 0 0 0 0 0 0 0 1 0 0 000000b0 0 0 000000ac 1 1 1 0
R 377 190 000000ac 0000006f 0
C 378 000000ac 1 0 0 0 0 0 0 1 1 0 0 000000b0 0 0 000000b0 1 1 1 1
C 379 000000ac 0 0 0 0 0 0 0 0 1 0 0 000000b0 0 0 000000ac 1 1 1 0
R 379 191 000000ac 0000006f 0
C 380 000000ac 1 0 0 0 0 0 0 1 1 0 0 000000b0 0 0 000000b0 1 1 1 1
C 381 000000ac 0 0 0 0 0 0 0 0 1 0 0 000000b0 0 0 000000ac 1 1 1 0
R 381 192 000000ac 0000006f 0
C 382 000000ac 1 0 0 0 0 0 0 1 1 0 0 000000b0 0 0 000000b0 1 1 1 1
C 383 000000ac 0 0 0 0 0 0 0 0 1 0 0 000000b0 0 0 000000ac 1 1 1 0
R 383 193 000000ac 0000006f 0
C 384 000000ac 1 0 0 0 0 0 0 1 1 0 0 000000b0 0 0 000000b0 1 1 1 1
C 385 000000ac 0 0 0 0 0 0 0 0 1 0 0 000000b0 0 0 000000ac 1 1 1 0
R 385 194 000000ac 0000006f 0
C 386 000000ac 1 0 0 0 0 0 0 1 1 0 0 000000b0 0 0 000000b0 1 1 1 1
C 387 000000ac 0 0 0 0 0 0 0 0 1 0 0 000000b0 0 0 000000ac 1 1 1 0
R 387 195 000000ac 0000006f 0
C 388 000000ac 1 0 0 0 0 0 0 1 1 0 0 000000b0 0 0 000000b0 1 1 1 1
C 389 000000ac 0 0 0 0 0 0 0 0 1 0 0 000000b0 0 0 000000ac 1 1 1 0
R 389 196 000000ac 0000006f 0
C 390 000000ac 1 0 0 0 0 0 0 1 1 0 0 000000b0 0 0 000000b0 1 1 1 1
C 391 000000ac 0 0 0 0 0 0 0 0 1 0 0 000000b0 0 0 000000ac 1 1 1 0
R 391 197 000000ac 0000006f 0
C 392 000000ac 1 0 0 0 0 0 0 1 1 0 0 000000b0 0 0 000000b0 1 1 1 1
C 393 000000ac 0 0 0 0 0 0 0 0 1 0 0 000000b0 0 0 000000ac 1 1 1 0
R 393 198 000000ac 0000006f 0
C 394 000000ac 1 0 0 0 0 0 0 1 1 0 0 000000b0 0 0 000000b0 1 1 1 1
C 395 000000ac 0 0 0 0 0 0 0 0 1 0 0 000000b0 0 0 000000ac 1 1 1 0
R 395 199 000000ac 0000006f 0
C 396 000000ac 1 0 0 0 0 0 0 1 1 0 0 000000b0 0 0 000000b0 1 1 1 1
C 397 000000ac 0 0 0 0 0 0 0 0 1 0 0 000000b0 0 0 000000ac 1 1 1 0
R 397 200 000000ac 0000006f 0
C 398 000000ac 1 0 0 0 0 0 0 1 1 0 0 000000b0 0 0 000000b0 1 1 1 1
C 399 000000ac 0 0 0 0 0 0 0 0 1 0 0 000000b0 0 0 000000ac 1 1 1 0
R 399 201 000000ac 0000006f 0
REG 0 00000000
REG 1 00000001
REG 2 00000002
REG 3 00000098
REG 4 000000a8
REG 5 000000a4
REG 6 00000000
REG 7 00000000
REG 8 00000000
REG 9 00000000
REG 10 00000000
REG 11 00000000
REG 12 00000000
REG 13 00000000
REG 14 00000000
REG 15 00000000
REG 16 00000000
REG 17 00000000
REG 18 00000000
REG 19 00000000
REG 20 00000000
REG 21 00000000
REG 22 00000000
REG 23 00000000
REG 24 00000000
REG 25 00000000
REG 26 00000000
REG 27 00000000
REG 28 00000000
REG 29 00000000
REG 30 00000000
REG 31 0000007b
MEM 00000200 44332211
MEM 00000204 44332211
MEM 00000208 44332211
MEM 0000020c 44332211
MEM 00000210 44332211
FINISH
- /home/dungpc/ndmoney4porche/projects/ibex/doc/dungpc/microarchitecture/scripts/core_tb.sv:116: Verilog $finish
