CONFIG WB=0 BT=1 M=2 latency=1 ilatency=1 grant_period=1
C 0 00000000 0 0 0 0 0 0 0 0 1 0 0 00000000 0 0 00000080 0 0 0 1
C 1 00000000 0 0 0 0 0 0 0 0 1 0 0 00000000 0 0 00000080 1 1 0 1
C 2 00000000 0 0 0 0 0 0 0 0 1 0 0 00000000 0 0 00000080 1 1 1 0
C 3 00000080 1 0 0 0 0 0 0 1 1 0 0 00000080 0 0 00000084 1 1 1 0
W 3 1 00000080
C 4 00000084 1 0 0 0 0 0 0 1 1 0 0 fffffd7c 0 0 00000088 1 1 1 0
R 4 1 00000080 08000093 0
C 5 00000084 1 0 0 0 0 0 0 0 1 0 0 fffffd7c 0 0 00000088 1 1 1 0
R 5 2 00000084 30409073 0
C 6 00000084 0 0 0 0 0 0 0 0 1 0 0 fffffd7c 0 0 00000088 0 0 1 0
C 7 00000088 1 0 0 0 0 0 0 1 1 0 0 00000008 0 0 0000008c 1 1 0 0
W 7 1 00000008
C 8 0000008c 1 0 0 0 0 0 0 1 1 0 0 fffffd08 0 0 00000090 1 1 1 0
R 8 3 00000088 00800093 0
C 9 0000008c 1 0 0 0 0 0 0 0 1 0 0 fffffd08 0 0 00000090 0 0 1 0
R 9 4 0000008c 3000a073 0
C 10 0000008c 0 0 0 0 0 0 0 0 1 0 0 fffffd08 0 0 00000090 0 0 0 0
C 11 00000090 1 0 0 0 0 0 0 1 1 0 0 00000200 0 0 00000094 1 1 0 0
W 11 2 00000200
C 12 00000094 1 0 1 0 0 0 0 0 1 1 1 00000200 0 0 00000098 1 1 1 0
D 12 0 00000200 f 00000000
R 12 5 00000090 20000113 0
EVENT 12 1
C 13 00000094 1 1 0 0 0 0 0 1 1 0 0 00000200 1 0 00000098 0 0 1 0
W 13 3 44332211
C 14 00000094 0 0 0 0 0 0 0 0 1 0 0 00000200 0 0 00000098 0 0 0 0
R 14 6 00000094 00012183 0
C 15 00000094 0 0 0 0 0 0 0 0 1 0 0 00000200 0 0 00000098 1 1 0 1
C 16 00000094 0 0 0 0 0 0 0 0 1 0 0 00000200 0 0 0000001c 1 1 1 0
C 17 0000001c 1 0 0 0 0 0 0 1 1 0 0 fffffcbc 0 0 00000020 1 1 1 0
W 17 25 80000007
C 18 00000020 1 0 0 0 0 0 0 1 1 0 0 fffffcbc 0 0 00000024 1 1 1 0
W 18 26 00000098
R 18 7 0000001c 34202cf3 0
C 19 00000024 1 0 0 0 0 0 0 1 1 0 0 fffffcbc 0 0 00000028 1 1 1 0
W 19 27 00000000
R 19 8 00000020 34102d73 0
C 20 00000028 1 0 0 0 0 0 0 1 1 0 0 00000074 0 0 0000002c 1 1 1 0
W 20 31 00000077
R 20 9 00000024 34302df3 0
C 21 0000002c 1 0 0 0 0 0 0 1 1 0 0 00000030 0 0 00000030 1 1 1 1
R 21 10 00000028 07700f93 0
C 22 0000002c 0 0 0 0 0 0 0 0 1 0 0 00000030 0 0 0000002c 1 1 1 0
R 22 11 0000002c 0000006f 0
C 23 0000002c 1 0 0 0 0 0 0 1 1 0 0 00000030 0 0 00000030 1 1 1 1
C 24 0000002c 0 0 0 0 0 0 0 0 1 0 0 00000030 0 0 0000002c 1 1 1 0
R 24 12 0000002c 0000006f 0
C 25 0000002c 1 0 0 0 0 0 0 1 1 0 0 00000030 0 0 00000030 1 1 1 1
C 26 0000002c 0 0 0 0 0 0 0 0 1 0 0 00000030 0 0 0000002c 1 1 1 0
R 26 13 0000002c 0000006f 0
C 27 0000002c 1 0 0 0 0 0 0 1 1 0 0 00000030 0 0 00000030 1 1 1 1
C 28 0000002c 0 0 0 0 0 0 0 0 1 0 0 00000030 0 0 0000002c 1 1 1 0
R 28 14 0000002c 0000006f 0
C 29 0000002c 1 0 0 0 0 0 0 1 1 0 0 00000030 0 0 00000030 1 1 1 1
C 30 0000002c 0 0 0 0 0 0 0 0 1 0 0 00000030 0 0 0000002c 1 1 1 0
R 30 15 0000002c 0000006f 0
C 31 0000002c 1 0 0 0 0 0 0 1 1 0 0 00000030 0 0 00000030 1 1 1 1
C 32 0000002c 0 0 0 0 0 0 0 0 1 0 0 00000030 0 0 0000002c 1 1 1 0
R 32 16 0000002c 0000006f 0
C 33 0000002c 1 0 0 0 0 0 0 1 1 0 0 00000030 0 0 00000030 1 1 1 1
C 34 0000002c 0 0 0 0 0 0 0 0 1 0 0 00000030 0 0 0000002c 1 1 1 0
R 34 17 0000002c 0000006f 0
C 35 0000002c 1 0 0 0 0 0 0 1 1 0 0 00000030 0 0 00000030 1 1 1 1
C 36 0000002c 0 0 0 0 0 0 0 0 1 0 0 00000030 0 0 0000002c 1 1 1 0
R 36 18 0000002c 0000006f 0
C 37 0000002c 1 0 0 0 0 0 0 1 1 0 0 00000030 0 0 00000030 1 1 1 1
C 38 0000002c 0 0 0 0 0 0 0 0 1 0 0 00000030 0 0 0000002c 1 1 1 0
R 38 19 0000002c 0000006f 0
C 39 0000002c 1 0 0 0 0 0 0 1 1 0 0 00000030 0 0 00000030 1 1 1 1
C 40 0000002c 0 0 0 0 0 0 0 0 1 0 0 00000030 0 0 0000002c 1 1 1 0
R 40 20 0000002c 0000006f 0
C 41 0000002c 1 0 0 0 0 0 0 1 1 0 0 00000030 0 0 00000030 1 1 1 1
C 42 0000002c 0 0 0 0 0 0 0 0 1 0 0 00000030 0 0 0000002c 1 1 1 0
R 42 21 0000002c 0000006f 0
C 43 0000002c 1 0 0 0 0 0 0 1 1 0 0 00000030 0 0 00000030 1 1 1 1
C 44 0000002c 0 0 0 0 0 0 0 0 1 0 0 00000030 0 0 0000002c 1 1 1 0
R 44 22 0000002c 0000006f 0
C 45 0000002c 1 0 0 0 0 0 0 1 1 0 0 00000030 0 0 00000030 1 1 1 1
C 46 0000002c 0 0 0 0 0 0 0 0 1 0 0 00000030 0 0 0000002c 1 1 1 0
R 46 23 0000002c 0000006f 0
C 47 0000002c 1 0 0 0 0 0 0 1 1 0 0 00000030 0 0 00000030 1 1 1 1
C 48 0000002c 0 0 0 0 0 0 0 0 1 0 0 00000030 0 0 0000002c 1 1 1 0
R 48 24 0000002c 0000006f 0
C 49 0000002c 1 0 0 0 0 0 0 1 1 0 0 00000030 0 0 00000030 1 1 1 1
C 50 0000002c 0 0 0 0 0 0 0 0 1 0 0 00000030 0 0 0000002c 1 1 1 0
R 50 25 0000002c 0000006f 0
C 51 0000002c 1 0 0 0 0 0 0 1 1 0 0 00000030 0 0 00000030 1 1 1 1
C 52 0000002c 0 0 0 0 0 0 0 0 1 0 0 00000030 0 0 0000002c 1 1 1 0
R 52 26 0000002c 0000006f 0
C 53 0000002c 1 0 0 0 0 0 0 1 1 0 0 00000030 0 0 00000030 1 1 1 1
C 54 0000002c 0 0 0 0 0 0 0 0 1 0 0 00000030 0 0 0000002c 1 1 1 0
R 54 27 0000002c 0000006f 0
C 55 0000002c 1 0 0 0 0 0 0 1 1 0 0 00000030 0 0 00000030 1 1 1 1
C 56 0000002c 0 0 0 0 0 0 0 0 1 0 0 00000030 0 0 0000002c 1 1 1 0
R 56 28 0000002c 0000006f 0
C 57 0000002c 1 0 0 0 0 0 0 1 1 0 0 00000030 0 0 00000030 1 1 1 1
C 58 0000002c 0 0 0 0 0 0 0 0 1 0 0 00000030 0 0 0000002c 1 1 1 0
R 58 29 0000002c 0000006f 0
C 59 0000002c 1 0 0 0 0 0 0 1 1 0 0 00000030 0 0 00000030 1 1 1 1
C 60 0000002c 0 0 0 0 0 0 0 0 1 0 0 00000030 0 0 0000002c 1 1 1 0
R 60 30 0000002c 0000006f 0
C 61 0000002c 1 0 0 0 0 0 0 1 1 0 0 00000030 0 0 00000030 1 1 1 1
C 62 0000002c 0 0 0 0 0 0 0 0 1 0 0 00000030 0 0 0000002c 1 1 1 0
R 62 31 0000002c 0000006f 0
C 63 0000002c 1 0 0 0 0 0 0 1 1 0 0 00000030 0 0 00000030 1 1 1 1
C 64 0000002c 0 0 0 0 0 0 0 0 1 0 0 00000030 0 0 0000002c 1 1 1 0
R 64 32 0000002c 0000006f 0
C 65 0000002c 1 0 0 0 0 0 0 1 1 0 0 00000030 0 0 00000030 1 1 1 1
C 66 0000002c 0 0 0 0 0 0 0 0 1 0 0 00000030 0 0 0000002c 1 1 1 0
R 66 33 0000002c 0000006f 0
C 67 0000002c 1 0 0 0 0 0 0 1 1 0 0 00000030 0 0 00000030 1 1 1 1
C 68 0000002c 0 0 0 0 0 0 0 0 1 0 0 00000030 0 0 0000002c 1 1 1 0
R 68 34 0000002c 0000006f 0
C 69 0000002c 1 0 0 0 0 0 0 1 1 0 0 00000030 0 0 00000030 1 1 1 1
C 70 0000002c 0 0 0 0 0 0 0 0 1 0 0 00000030 0 0 0000002c 1 1 1 0
R 70 35 0000002c 0000006f 0
C 71 0000002c 1 0 0 0 0 0 0 1 1 0 0 00000030 0 0 00000030 1 1 1 1
C 72 0000002c 0 0 0 0 0 0 0 0 1 0 0 00000030 0 0 0000002c 1 1 1 0
R 72 36 0000002c 0000006f 0
C 73 0000002c 1 0 0 0 0 0 0 1 1 0 0 00000030 0 0 00000030 1 1 1 1
C 74 0000002c 0 0 0 0 0 0 0 0 1 0 0 00000030 0 0 0000002c 1 1 1 0
R 74 37 0000002c 0000006f 0
C 75 0000002c 1 0 0 0 0 0 0 1 1 0 0 00000030 0 0 00000030 1 1 1 1
C 76 0000002c 0 0 0 0 0 0 0 0 1 0 0 00000030 0 0 0000002c 1 1 1 0
R 76 38 0000002c 0000006f 0
C 77 0000002c 1 0 0 0 0 0 0 1 1 0 0 00000030 0 0 00000030 1 1 1 1
C 78 0000002c 0 0 0 0 0 0 0 0 1 0 0 00000030 0 0 0000002c 1 1 1 0
R 78 39 0000002c 0000006f 0
C 79 0000002c 1 0 0 0 0 0 0 1 1 0 0 00000030 0 0 00000030 1 1 1 1
C 80 0000002c 0 0 0 0 0 0 0 0 1 0 0 00000030 0 0 0000002c 1 1 1 0
R 80 40 0000002c 0000006f 0
C 81 0000002c 1 0 0 0 0 0 0 1 1 0 0 00000030 0 0 00000030 1 1 1 1
C 82 0000002c 0 0 0 0 0 0 0 0 1 0 0 00000030 0 0 0000002c 1 1 1 0
R 82 41 0000002c 0000006f 0
C 83 0000002c 1 0 0 0 0 0 0 1 1 0 0 00000030 0 0 00000030 1 1 1 1
C 84 0000002c 0 0 0 0 0 0 0 0 1 0 0 00000030 0 0 0000002c 1 1 1 0
R 84 42 0000002c 0000006f 0
C 85 0000002c 1 0 0 0 0 0 0 1 1 0 0 00000030 0 0 00000030 1 1 1 1
C 86 0000002c 0 0 0 0 0 0 0 0 1 0 0 00000030 0 0 0000002c 1 1 1 0
R 86 43 0000002c 0000006f 0
C 87 0000002c 1 0 0 0 0 0 0 1 1 0 0 00000030 0 0 00000030 1 1 1 1
C 88 0000002c 0 0 0 0 0 0 0 0 1 0 0 00000030 0 0 0000002c 1 1 1 0
R 88 44 0000002c 0000006f 0
C 89 0000002c 1 0 0 0 0 0 0 1 1 0 0 00000030 0 0 00000030 1 1 1 1
C 90 0000002c 0 0 0 0 0 0 0 0 1 0 0 00000030 0 0 0000002c 1 1 1 0
R 90 45 0000002c 0000006f 0
C 91 0000002c 1 0 0 0 0 0 0 1 1 0 0 00000030 0 0 00000030 1 1 1 1
C 92 0000002c 0 0 0 0 0 0 0 0 1 0 0 00000030 0 0 0000002c 1 1 1 0
R 92 46 0000002c 0000006f 0
C 93 0000002c 1 0 0 0 0 0 0 1 1 0 0 00000030 0 0 00000030 1 1 1 1
C 94 0000002c 0 0 0 0 0 0 0 0 1 0 0 00000030 0 0 0000002c 1 1 1 0
R 94 47 0000002c 0000006f 0
C 95 0000002c 1 0 0 0 0 0 0 1 1 0 0 00000030 0 0 00000030 1 1 1 1
C 96 0000002c 0 0 0 0 0 0 0 0 1 0 0 00000030 0 0 0000002c 1 1 1 0
R 96 48 0000002c 0000006f 0
C 97 0000002c 1 0 0 0 0 0 0 1 1 0 0 00000030 0 0 00000030 1 1 1 1
C 98 0000002c 0 0 0 0 0 0 0 0 1 0 0 00000030 0 0 0000002c 1 1 1 0
R 98 49 0000002c 0000006f 0
C 99 0000002c 1 0 0 0 0 0 0 1 1 0 0 00000030 0 0 00000030 1 1 1 1
C 100 0000002c 0 0 0 0 0 0 0 0 1 0 0 00000030 0 0 0000002c 1 1 1 0
R 100 50 0000002c 0000006f 0
C 101 0000002c 1 0 0 0 0 0 0 1 1 0 0 00000030 0 0 00000030 1 1 1 1
C 102 0000002c 0 0 0 0 0 0 0 0 1 0 0 00000030 0 0 0000002c 1 1 1 0
R 102 51 0000002c 0000006f 0
C 103 0000002c 1 0 0 0 0 0 0 1 1 0 0 00000030 0 0 00000030 1 1 1 1
C 104 0000002c 0 0 0 0 0 0 0 0 1 0 0 00000030 0 0 0000002c 1 1 1 0
R 104 52 0000002c 0000006f 0
C 105 0000002c 1 0 0 0 0 0 0 1 1 0 0 00000030 0 0 00000030 1 1 1 1
C 106 0000002c 0 0 0 0 0 0 0 0 1 0 0 00000030 0 0 0000002c 1 1 1 0
R 106 53 0000002c 0000006f 0
C 107 0000002c 1 0 0 0 0 0 0 1 1 0 0 00000030 0 0 00000030 1 1 1 1
C 108 0000002c 0 0 0 0 0 0 0 0 1 0 0 00000030 0 0 0000002c 1 1 1 0
R 108 54 0000002c 0000006f 0
C 109 0000002c 1 0 0 0 0 0 0 1 1 0 0 00000030 0 0 00000030 1 1 1 1
C 110 0000002c 0 0 0 0 0 0 0 0 1 0 0 00000030 0 0 0000002c 1 1 1 0
R 110 55 0000002c 0000006f 0
C 111 0000002c 1 0 0 0 0 0 0 1 1 0 0 00000030 0 0 00000030 1 1 1 1
C 112 0000002c 0 0 0 0 0 0 0 0 1 0 0 00000030 0 0 0000002c 1 1 1 0
R 112 56 0000002c 0000006f 0
C 113 0000002c 1 0 0 0 0 0 0 1 1 0 0 00000030 0 0 00000030 1 1 1 1
C 114 0000002c 0 0 0 0 0 0 0 0 1 0 0 00000030 0 0 0000002c 1 1 1 0
R 114 57 0000002c 0000006f 0
C 115 0000002c 1 0 0 0 0 0 0 1 1 0 0 00000030 0 0 00000030 1 1 1 1
C 116 0000002c 0 0 0 0 0 0 0 0 1 0 0 00000030 0 0 0000002c 1 1 1 0
R 116 58 0000002c 0000006f 0
C 117 0000002c 1 0 0 0 0 0 0 1 1 0 0 00000030 0 0 00000030 1 1 1 1
C 118 0000002c 0 0 0 0 0 0 0 0 1 0 0 00000030 0 0 0000002c 1 1 1 0
R 118 59 0000002c 0000006f 0
C 119 0000002c 1 0 0 0 0 0 0 1 1 0 0 00000030 0 0 00000030 1 1 1 1
C 120 0000002c 0 0 0 0 0 0 0 0 1 0 0 00000030 0 0 0000002c 1 1 1 0
R 120 60 0000002c 0000006f 0
C 121 0000002c 1 0 0 0 0 0 0 1 1 0 0 00000030 0 0 00000030 1 1 1 1
C 122 0000002c 0 0 0 0 0 0 0 0 1 0 0 00000030 0 0 0000002c 1 1 1 0
R 122 61 0000002c 0000006f 0
C 123 0000002c 1 0 0 0 0 0 0 1 1 0 0 00000030 0 0 00000030 1 1 1 1
C 124 0000002c 0 0 0 0 0 0 0 0 1 0 0 00000030 0 0 0000002c 1 1 1 0
R 124 62 0000002c 0000006f 0
C 125 0000002c 1 0 0 0 0 0 0 1 1 0 0 00000030 0 0 00000030 1 1 1 1
C 126 0000002c 0 0 0 0 0 0 0 0 1 0 0 00000030 0 0 0000002c 1 1 1 0
R 126 63 0000002c 0000006f 0
C 127 0000002c 1 0 0 0 0 0 0 1 1 0 0 00000030 0 0 00000030 1 1 1 1
C 128 0000002c 0 0 0 0 0 0 0 0 1 0 0 00000030 0 0 0000002c 1 1 1 0
R 128 64 0000002c 0000006f 0
C 129 0000002c 1 0 0 0 0 0 0 1 1 0 0 00000030 0 0 00000030 1 1 1 1
C 130 0000002c 0 0 0 0 0 0 0 0 1 0 0 00000030 0 0 0000002c 1 1 1 0
R 130 65 0000002c 0000006f 0
C 131 0000002c 1 0 0 0 0 0 0 1 1 0 0 00000030 0 0 00000030 1 1 1 1
C 132 0000002c 0 0 0 0 0 0 0 0 1 0 0 00000030 0 0 0000002c 1 1 1 0
R 132 66 0000002c 0000006f 0
C 133 0000002c 1 0 0 0 0 0 0 1 1 0 0 00000030 0 0 00000030 1 1 1 1
C 134 0000002c 0 0 0 0 0 0 0 0 1 0 0 00000030 0 0 0000002c 1 1 1 0
R 134 67 0000002c 0000006f 0
C 135 0000002c 1 0 0 0 0 0 0 1 1 0 0 00000030 0 0 00000030 1 1 1 1
C 136 0000002c 0 0 0 0 0 0 0 0 1 0 0 00000030 0 0 0000002c 1 1 1 0
R 136 68 0000002c 0000006f 0
C 137 0000002c 1 0 0 0 0 0 0 1 1 0 0 00000030 0 0 00000030 1 1 1 1
C 138 0000002c 0 0 0 0 0 0 0 0 1 0 0 00000030 0 0 0000002c 1 1 1 0
R 138 69 0000002c 0000006f 0
C 139 0000002c 1 0 0 0 0 0 0 1 1 0 0 00000030 0 0 00000030 1 1 1 1
C 140 0000002c 0 0 0 0 0 0 0 0 1 0 0 00000030 0 0 0000002c 1 1 1 0
R 140 70 0000002c 0000006f 0
C 141 0000002c 1 0 0 0 0 0 0 1 1 0 0 00000030 0 0 00000030 1 1 1 1
C 142 0000002c 0 0 0 0 0 0 0 0 1 0 0 00000030 0 0 0000002c 1 1 1 0
R 142 71 0000002c 0000006f 0
C 143 0000002c 1 0 0 0 0 0 0 1 1 0 0 00000030 0 0 00000030 1 1 1 1
C 144 0000002c 0 0 0 0 0 0 0 0 1 0 0 00000030 0 0 0000002c 1 1 1 0
R 144 72 0000002c 0000006f 0
C 145 0000002c 1 0 0 0 0 0 0 1 1 0 0 00000030 0 0 00000030 1 1 1 1
C 146 0000002c 0 0 0 0 0 0 0 0 1 0 0 00000030 0 0 0000002c 1 1 1 0
R 146 73 0000002c 0000006f 0
C 147 0000002c 1 0 0 0 0 0 0 1 1 0 0 00000030 0 0 00000030 1 1 1 1
C 148 0000002c 0 0 0 0 0 0 0 0 1 0 0 00000030 0 0 0000002c 1 1 1 0
R 148 74 0000002c 0000006f 0
C 149 0000002c 1 0 0 0 0 0 0 1 1 0 0 00000030 0 0 00000030 1 1 1 1
C 150 0000002c 0 0 0 0 0 0 0 0 1 0 0 00000030 0 0 0000002c 1 1 1 0
R 150 75 0000002c 0000006f 0
C 151 0000002c 1 0 0 0 0 0 0 1 1 0 0 00000030 0 0 00000030 1 1 1 1
C 152 0000002c 0 0 0 0 0 0 0 0 1 0 0 00000030 0 0 0000002c 1 1 1 0
R 152 76 0000002c 0000006f 0
C 153 0000002c 1 0 0 0 0 0 0 1 1 0 0 00000030 0 0 00000030 1 1 1 1
C 154 0000002c 0 0 0 0 0 0 0 0 1 0 0 00000030 0 0 0000002c 1 1 1 0
R 154 77 0000002c 0000006f 0
C 155 0000002c 1 0 0 0 0 0 0 1 1 0 0 00000030 0 0 00000030 1 1 1 1
C 156 0000002c 0 0 0 0 0 0 0 0 1 0 0 00000030 0 0 0000002c 1 1 1 0
R 156 78 0000002c 0000006f 0
C 157 0000002c 1 0 0 0 0 0 0 1 1 0 0 00000030 0 0 00000030 1 1 1 1
C 158 0000002c 0 0 0 0 0 0 0 0 1 0 0 00000030 0 0 0000002c 1 1 1 0
R 158 79 0000002c 0000006f 0
C 159 0000002c 1 0 0 0 0 0 0 1 1 0 0 00000030 0 0 00000030 1 1 1 1
C 160 0000002c 0 0 0 0 0 0 0 0 1 0 0 00000030 0 0 0000002c 1 1 1 0
R 160 80 0000002c 0000006f 0
C 161 0000002c 1 0 0 0 0 0 0 1 1 0 0 00000030 0 0 00000030 1 1 1 1
C 162 0000002c 0 0 0 0 0 0 0 0 1 0 0 00000030 0 0 0000002c 1 1 1 0
R 162 81 0000002c 0000006f 0
C 163 0000002c 1 0 0 0 0 0 0 1 1 0 0 00000030 0 0 00000030 1 1 1 1
C 164 0000002c 0 0 0 0 0 0 0 0 1 0 0 00000030 0 0 0000002c 1 1 1 0
R 164 82 0000002c 0000006f 0
C 165 0000002c 1 0 0 0 0 0 0 1 1 0 0 00000030 0 0 00000030 1 1 1 1
C 166 0000002c 0 0 0 0 0 0 0 0 1 0 0 00000030 0 0 0000002c 1 1 1 0
R 166 83 0000002c 0000006f 0
C 167 0000002c 1 0 0 0 0 0 0 1 1 0 0 00000030 0 0 00000030 1 1 1 1
C 168 0000002c 0 0 0 0 0 0 0 0 1 0 0 00000030 0 0 0000002c 1 1 1 0
R 168 84 0000002c 0000006f 0
C 169 0000002c 1 0 0 0 0 0 0 1 1 0 0 00000030 0 0 00000030 1 1 1 1
C 170 0000002c 0 0 0 0 0 0 0 0 1 0 0 00000030 0 0 0000002c 1 1 1 0
R 170 85 0000002c 0000006f 0
C 171 0000002c 1 0 0 0 0 0 0 1 1 0 0 00000030 0 0 00000030 1 1 1 1
C 172 0000002c 0 0 0 0 0 0 0 0 1 0 0 00000030 0 0 0000002c 1 1 1 0
R 172 86 0000002c 0000006f 0
C 173 0000002c 1 0 0 0 0 0 0 1 1 0 0 00000030 0 0 00000030 1 1 1 1
C 174 0000002c 0 0 0 0 0 0 0 0 1 0 0 00000030 0 0 0000002c 1 1 1 0
R 174 87 0000002c 0000006f 0
C 175 0000002c 1 0 0 0 0 0 0 1 1 0 0 00000030 0 0 00000030 1 1 1 1
C 176 0000002c 0 0 0 0 0 0 0 0 1 0 0 00000030 0 0 0000002c 1 1 1 0
R 176 88 0000002c 0000006f 0
C 177 0000002c 1 0 0 0 0 0 0 1 1 0 0 00000030 0 0 00000030 1 1 1 1
C 178 0000002c 0 0 0 0 0 0 0 0 1 0 0 00000030 0 0 0000002c 1 1 1 0
R 178 89 0000002c 0000006f 0
C 179 0000002c 1 0 0 0 0 0 0 1 1 0 0 00000030 0 0 00000030 1 1 1 1
C 180 0000002c 0 0 0 0 0 0 0 0 1 0 0 00000030 0 0 0000002c 1 1 1 0
R 180 90 0000002c 0000006f 0
C 181 0000002c 1 0 0 0 0 0 0 1 1 0 0 00000030 0 0 00000030 1 1 1 1
C 182 0000002c 0 0 0 0 0 0 0 0 1 0 0 00000030 0 0 0000002c 1 1 1 0
R 182 91 0000002c 0000006f 0
C 183 0000002c 1 0 0 0 0 0 0 1 1 0 0 00000030 0 0 00000030 1 1 1 1
C 184 0000002c 0 0 0 0 0 0 0 0 1 0 0 00000030 0 0 0000002c 1 1 1 0
R 184 92 0000002c 0000006f 0
C 185 0000002c 1 0 0 0 0 0 0 1 1 0 0 00000030 0 0 00000030 1 1 1 1
C 186 0000002c 0 0 0 0 0 0 0 0 1 0 0 00000030 0 0 0000002c 1 1 1 0
R 186 93 0000002c 0000006f 0
C 187 0000002c 1 0 0 0 0 0 0 1 1 0 0 00000030 0 0 00000030 1 1 1 1
C 188 0000002c 0 0 0 0 0 0 0 0 1 0 0 00000030 0 0 0000002c 1 1 1 0
R 188 94 0000002c 0000006f 0
C 189 0000002c 1 0 0 0 0 0 0 1 1 0 0 00000030 0 0 00000030 1 1 1 1
C 190 0000002c 0 0 0 0 0 0 0 0 1 0 0 00000030 0 0 0000002c 1 1 1 0
R 190 95 0000002c 0000006f 0
C 191 0000002c 1 0 0 0 0 0 0 1 1 0 0 00000030 0 0 00000030 1 1 1 1
C 192 0000002c 0 0 0 0 0 0 0 0 1 0 0 00000030 0 0 0000002c 1 1 1 0
R 192 96 0000002c 0000006f 0
C 193 0000002c 1 0 0 0 0 0 0 1 1 0 0 00000030 0 0 00000030 1 1 1 1
C 194 0000002c 0 0 0 0 0 0 0 0 1 0 0 00000030 0 0 0000002c 1 1 1 0
R 194 97 0000002c 0000006f 0
C 195 0000002c 1 0 0 0 0 0 0 1 1 0 0 00000030 0 0 00000030 1 1 1 1
C 196 0000002c 0 0 0 0 0 0 0 0 1 0 0 00000030 0 0 0000002c 1 1 1 0
R 196 98 0000002c 0000006f 0
C 197 0000002c 1 0 0 0 0 0 0 1 1 0 0 00000030 0 0 00000030 1 1 1 1
C 198 0000002c 0 0 0 0 0 0 0 0 1 0 0 00000030 0 0 0000002c 1 1 1 0
R 198 99 0000002c 0000006f 0
C 199 0000002c 1 0 0 0 0 0 0 1 1 0 0 00000030 0 0 00000030 1 1 1 1
C 200 0000002c 0 0 0 0 0 0 0 0 1 0 0 00000030 0 0 0000002c 1 1 1 0
R 200 100 0000002c 0000006f 0
C 201 0000002c 1 0 0 0 0 0 0 1 1 0 0 00000030 0 0 00000030 1 1 1 1
C 202 0000002c 0 0 0 0 0 0 0 0 1 0 0 00000030 0 0 0000002c 1 1 1 0
R 202 101 0000002c 0000006f 0
C 203 0000002c 1 0 0 0 0 0 0 1 1 0 0 00000030 0 0 00000030 1 1 1 1
C 204 0000002c 0 0 0 0 0 0 0 0 1 0 0 00000030 0 0 0000002c 1 1 1 0
R 204 102 0000002c 0000006f 0
C 205 0000002c 1 0 0 0 0 0 0 1 1 0 0 00000030 0 0 00000030 1 1 1 1
C 206 0000002c 0 0 0 0 0 0 0 0 1 0 0 00000030 0 0 0000002c 1 1 1 0
R 206 103 0000002c 0000006f 0
C 207 0000002c 1 0 0 0 0 0 0 1 1 0 0 00000030 0 0 00000030 1 1 1 1
C 208 0000002c 0 0 0 0 0 0 0 0 1 0 0 00000030 0 0 0000002c 1 1 1 0
R 208 104 0000002c 0000006f 0
C 209 0000002c 1 0 0 0 0 0 0 1 1 0 0 00000030 0 0 00000030 1 1 1 1
C 210 0000002c 0 0 0 0 0 0 0 0 1 0 0 00000030 0 0 0000002c 1 1 1 0
R 210 105 0000002c 0000006f 0
C 211 0000002c 1 0 0 0 0 0 0 1 1 0 0 00000030 0 0 00000030 1 1 1 1
C 212 0000002c 0 0 0 0 0 0 0 0 1 0 0 00000030 0 0 0000002c 1 1 1 0
R 212 106 0000002c 0000006f 0
C 213 0000002c 1 0 0 0 0 0 0 1 1 0 0 00000030 0 0 00000030 1 1 1 1
C 214 0000002c 0 0 0 0 0 0 0 0 1 0 0 00000030 0 0 0000002c 1 1 1 0
R 214 107 0000002c 0000006f 0
C 215 0000002c 1 0 0 0 0 0 0 1 1 0 0 00000030 0 0 00000030 1 1 1 1
C 216 0000002c 0 0 0 0 0 0 0 0 1 0 0 00000030 0 0 0000002c 1 1 1 0
R 216 108 0000002c 0000006f 0
C 217 0000002c 1 0 0 0 0 0 0 1 1 0 0 00000030 0 0 00000030 1 1 1 1
C 218 0000002c 0 0 0 0 0 0 0 0 1 0 0 00000030 0 0 0000002c 1 1 1 0
R 218 109 0000002c 0000006f 0
C 219 0000002c 1 0 0 0 0 0 0 1 1 0 0 00000030 0 0 00000030 1 1 1 1
C 220 0000002c 0 0 0 0 0 0 0 0 1 0 0 00000030 0 0 0000002c 1 1 1 0
R 220 110 0000002c 0000006f 0
C 221 0000002c 1 0 0 0 0 0 0 1 1 0 0 00000030 0 0 00000030 1 1 1 1
C 222 0000002c 0 0 0 0 0 0 0 0 1 0 0 00000030 0 0 0000002c 1 1 1 0
R 222 111 0000002c 0000006f 0
C 223 0000002c 1 0 0 0 0 0 0 1 1 0 0 00000030 0 0 00000030 1 1 1 1
C 224 0000002c 0 0 0 0 0 0 0 0 1 0 0 00000030 0 0 0000002c 1 1 1 0
R 224 112 0000002c 0000006f 0
C 225 0000002c 1 0 0 0 0 0 0 1 1 0 0 00000030 0 0 00000030 1 1 1 1
C 226 0000002c 0 0 0 0 0 0 0 0 1 0 0 00000030 0 0 0000002c 1 1 1 0
R 226 113 0000002c 0000006f 0
C 227 0000002c 1 0 0 0 0 0 0 1 1 0 0 00000030 0 0 00000030 1 1 1 1
C 228 0000002c 0 0 0 0 0 0 0 0 1 0 0 00000030 0 0 0000002c 1 1 1 0
R 228 114 0000002c 0000006f 0
C 229 0000002c 1 0 0 0 0 0 0 1 1 0 0 00000030 0 0 00000030 1 1 1 1
C 230 0000002c 0 0 0 0 0 0 0 0 1 0 0 00000030 0 0 0000002c 1 1 1 0
R 230 115 0000002c 0000006f 0
C 231 0000002c 1 0 0 0 0 0 0 1 1 0 0 00000030 0 0 00000030 1 1 1 1
C 232 0000002c 0 0 0 0 0 0 0 0 1 0 0 00000030 0 0 0000002c 1 1 1 0
R 232 116 0000002c 0000006f 0
C 233 0000002c 1 0 0 0 0 0 0 1 1 0 0 00000030 0 0 00000030 1 1 1 1
C 234 0000002c 0 0 0 0 0 0 0 0 1 0 0 00000030 0 0 0000002c 1 1 1 0
R 234 117 0000002c 0000006f 0
C 235 0000002c 1 0 0 0 0 0 0 1 1 0 0 00000030 0 0 00000030 1 1 1 1
C 236 0000002c 0 0 0 0 0 0 0 0 1 0 0 00000030 0 0 0000002c 1 1 1 0
R 236 118 0000002c 0000006f 0
C 237 0000002c 1 0 0 0 0 0 0 1 1 0 0 00000030 0 0 00000030 1 1 1 1
C 238 0000002c 0 0 0 0 0 0 0 0 1 0 0 00000030 0 0 0000002c 1 1 1 0
R 238 119 0000002c 0000006f 0
C 239 0000002c 1 0 0 0 0 0 0 1 1 0 0 00000030 0 0 00000030 1 1 1 1
C 240 0000002c 0 0 0 0 0 0 0 0 1 0 0 00000030 0 0 0000002c 1 1 1 0
R 240 120 0000002c 0000006f 0
C 241 0000002c 1 0 0 0 0 0 0 1 1 0 0 00000030 0 0 00000030 1 1 1 1
C 242 0000002c 0 0 0 0 0 0 0 0 1 0 0 00000030 0 0 0000002c 1 1 1 0
R 242 121 0000002c 0000006f 0
C 243 0000002c 1 0 0 0 0 0 0 1 1 0 0 00000030 0 0 00000030 1 1 1 1
C 244 0000002c 0 0 0 0 0 0 0 0 1 0 0 00000030 0 0 0000002c 1 1 1 0
R 244 122 0000002c 0000006f 0
C 245 0000002c 1 0 0 0 0 0 0 1 1 0 0 00000030 0 0 00000030 1 1 1 1
C 246 0000002c 0 0 0 0 0 0 0 0 1 0 0 00000030 0 0 0000002c 1 1 1 0
R 246 123 0000002c 0000006f 0
C 247 0000002c 1 0 0 0 0 0 0 1 1 0 0 00000030 0 0 00000030 1 1 1 1
C 248 0000002c 0 0 0 0 0 0 0 0 1 0 0 00000030 0 0 0000002c 1 1 1 0
R 248 124 0000002c 0000006f 0
C 249 0000002c 1 0 0 0 0 0 0 1 1 0 0 00000030 0 0 00000030 1 1 1 1
C 250 0000002c 0 0 0 0 0 0 0 0 1 0 0 00000030 0 0 0000002c 1 1 1 0
R 250 125 0000002c 0000006f 0
C 251 0000002c 1 0 0 0 0 0 0 1 1 0 0 00000030 0 0 00000030 1 1 1 1
C 252 0000002c 0 0 0 0 0 0 0 0 1 0 0 00000030 0 0 0000002c 1 1 1 0
R 252 126 0000002c 0000006f 0
C 253 0000002c 1 0 0 0 0 0 0 1 1 0 0 00000030 0 0 00000030 1 1 1 1
C 254 0000002c 0 0 0 0 0 0 0 0 1 0 0 00000030 0 0 0000002c 1 1 1 0
R 254 127 0000002c 0000006f 0
C 255 0000002c 1 0 0 0 0 0 0 1 1 0 0 00000030 0 0 00000030 1 1 1 1
C 256 0000002c 0 0 0 0 0 0 0 0 1 0 0 00000030 0 0 0000002c 1 1 1 0
R 256 128 0000002c 0000006f 0
C 257 0000002c 1 0 0 0 0 0 0 1 1 0 0 00000030 0 0 00000030 1 1 1 1
C 258 0000002c 0 0 0 0 0 0 0 0 1 0 0 00000030 0 0 0000002c 1 1 1 0
R 258 129 0000002c 0000006f 0
C 259 0000002c 1 0 0 0 0 0 0 1 1 0 0 00000030 0 0 00000030 1 1 1 1
C 260 0000002c 0 0 0 0 0 0 0 0 1 0 0 00000030 0 0 0000002c 1 1 1 0
R 260 130 0000002c 0000006f 0
C 261 0000002c 1 0 0 0 0 0 0 1 1 0 0 00000030 0 0 00000030 1 1 1 1
C 262 0000002c 0 0 0 0 0 0 0 0 1 0 0 00000030 0 0 0000002c 1 1 1 0
R 262 131 0000002c 0000006f 0
C 263 0000002c 1 0 0 0 0 0 0 1 1 0 0 00000030 0 0 00000030 1 1 1 1
C 264 0000002c 0 0 0 0 0 0 0 0 1 0 0 00000030 0 0 0000002c 1 1 1 0
R 264 132 0000002c 0000006f 0
C 265 0000002c 1 0 0 0 0 0 0 1 1 0 0 00000030 0 0 00000030 1 1 1 1
C 266 0000002c 0 0 0 0 0 0 0 0 1 0 0 00000030 0 0 0000002c 1 1 1 0
R 266 133 0000002c 0000006f 0
C 267 0000002c 1 0 0 0 0 0 0 1 1 0 0 00000030 0 0 00000030 1 1 1 1
C 268 0000002c 0 0 0 0 0 0 0 0 1 0 0 00000030 0 0 0000002c 1 1 1 0
R 268 134 0000002c 0000006f 0
C 269 0000002c 1 0 0 0 0 0 0 1 1 0 0 00000030 0 0 00000030 1 1 1 1
C 270 0000002c 0 0 0 0 0 0 0 0 1 0 0 00000030 0 0 0000002c 1 1 1 0
R 270 135 0000002c 0000006f 0
C 271 0000002c 1 0 0 0 0 0 0 1 1 0 0 00000030 0 0 00000030 1 1 1 1
C 272 0000002c 0 0 0 0 0 0 0 0 1 0 0 00000030 0 0 0000002c 1 1 1 0
R 272 136 0000002c 0000006f 0
C 273 0000002c 1 0 0 0 0 0 0 1 1 0 0 00000030 0 0 00000030 1 1 1 1
C 274 0000002c 0 0 0 0 0 0 0 0 1 0 0 00000030 0 0 0000002c 1 1 1 0
R 274 137 0000002c 0000006f 0
C 275 0000002c 1 0 0 0 0 0 0 1 1 0 0 00000030 0 0 00000030 1 1 1 1
C 276 0000002c 0 0 0 0 0 0 0 0 1 0 0 00000030 0 0 0000002c 1 1 1 0
R 276 138 0000002c 0000006f 0
C 277 0000002c 1 0 0 0 0 0 0 1 1 0 0 00000030 0 0 00000030 1 1 1 1
C 278 0000002c 0 0 0 0 0 0 0 0 1 0 0 00000030 0 0 0000002c 1 1 1 0
R 278 139 0000002c 0000006f 0
C 279 0000002c 1 0 0 0 0 0 0 1 1 0 0 00000030 0 0 00000030 1 1 1 1
C 280 0000002c 0 0 0 0 0 0 0 0 1 0 0 00000030 0 0 0000002c 1 1 1 0
R 280 140 0000002c 0000006f 0
C 281 0000002c 1 0 0 0 0 0 0 1 1 0 0 00000030 0 0 00000030 1 1 1 1
C 282 0000002c 0 0 0 0 0 0 0 0 1 0 0 00000030 0 0 0000002c 1 1 1 0
R 282 141 0000002c 0000006f 0
C 283 0000002c 1 0 0 0 0 0 0 1 1 0 0 00000030 0 0 00000030 1 1 1 1
C 284 0000002c 0 0 0 0 0 0 0 0 1 0 0 00000030 0 0 0000002c 1 1 1 0
R 284 142 0000002c 0000006f 0
C 285 0000002c 1 0 0 0 0 0 0 1 1 0 0 00000030 0 0 00000030 1 1 1 1
C 286 0000002c 0 0 0 0 0 0 0 0 1 0 0 00000030 0 0 0000002c 1 1 1 0
R 286 143 0000002c 0000006f 0
C 287 0000002c 1 0 0 0 0 0 0 1 1 0 0 00000030 0 0 00000030 1 1 1 1
C 288 0000002c 0 0 0 0 0 0 0 0 1 0 0 00000030 0 0 0000002c 1 1 1 0
R 288 144 0000002c 0000006f 0
C 289 0000002c 1 0 0 0 0 0 0 1 1 0 0 00000030 0 0 00000030 1 1 1 1
C 290 0000002c 0 0 0 0 0 0 0 0 1 0 0 00000030 0 0 0000002c 1 1 1 0
R 290 145 0000002c 0000006f 0
C 291 0000002c 1 0 0 0 0 0 0 1 1 0 0 00000030 0 0 00000030 1 1 1 1
C 292 0000002c 0 0 0 0 0 0 0 0 1 0 0 00000030 0 0 0000002c 1 1 1 0
R 292 146 0000002c 0000006f 0
C 293 0000002c 1 0 0 0 0 0 0 1 1 0 0 00000030 0 0 00000030 1 1 1 1
C 294 0000002c 0 0 0 0 0 0 0 0 1 0 0 00000030 0 0 0000002c 1 1 1 0
R 294 147 0000002c 0000006f 0
C 295 0000002c 1 0 0 0 0 0 0 1 1 0 0 00000030 0 0 00000030 1 1 1 1
C 296 0000002c 0 0 0 0 0 0 0 0 1 0 0 00000030 0 0 0000002c 1 1 1 0
R 296 148 0000002c 0000006f 0
C 297 0000002c 1 0 0 0 0 0 0 1 1 0 0 00000030 0 0 00000030 1 1 1 1
C 298 0000002c 0 0 0 0 0 0 0 0 1 0 0 00000030 0 0 0000002c 1 1 1 0
R 298 149 0000002c 0000006f 0
C 299 0000002c 1 0 0 0 0 0 0 1 1 0 0 00000030 0 0 00000030 1 1 1 1
C 300 0000002c 0 0 0 0 0 0 0 0 1 0 0 00000030 0 0 0000002c 1 1 1 0
R 300 150 0000002c 0000006f 0
C 301 0000002c 1 0 0 0 0 0 0 1 1 0 0 00000030 0 0 00000030 1 1 1 1
C 302 0000002c 0 0 0 0 0 0 0 0 1 0 0 00000030 0 0 0000002c 1 1 1 0
R 302 151 0000002c 0000006f 0
C 303 0000002c 1 0 0 0 0 0 0 1 1 0 0 00000030 0 0 00000030 1 1 1 1
C 304 0000002c 0 0 0 0 0 0 0 0 1 0 0 00000030 0 0 0000002c 1 1 1 0
R 304 152 0000002c 0000006f 0
C 305 0000002c 1 0 0 0 0 0 0 1 1 0 0 00000030 0 0 00000030 1 1 1 1
C 306 0000002c 0 0 0 0 0 0 0 0 1 0 0 00000030 0 0 0000002c 1 1 1 0
R 306 153 0000002c 0000006f 0
C 307 0000002c 1 0 0 0 0 0 0 1 1 0 0 00000030 0 0 00000030 1 1 1 1
C 308 0000002c 0 0 0 0 0 0 0 0 1 0 0 00000030 0 0 0000002c 1 1 1 0
R 308 154 0000002c 0000006f 0
C 309 0000002c 1 0 0 0 0 0 0 1 1 0 0 00000030 0 0 00000030 1 1 1 1
C 310 0000002c 0 0 0 0 0 0 0 0 1 0 0 00000030 0 0 0000002c 1 1 1 0
R 310 155 0000002c 0000006f 0
C 311 0000002c 1 0 0 0 0 0 0 1 1 0 0 00000030 0 0 00000030 1 1 1 1
C 312 0000002c 0 0 0 0 0 0 0 0 1 0 0 00000030 0 0 0000002c 1 1 1 0
R 312 156 0000002c 0000006f 0
C 313 0000002c 1 0 0 0 0 0 0 1 1 0 0 00000030 0 0 00000030 1 1 1 1
C 314 0000002c 0 0 0 0 0 0 0 0 1 0 0 00000030 0 0 0000002c 1 1 1 0
R 314 157 0000002c 0000006f 0
C 315 0000002c 1 0 0 0 0 0 0 1 1 0 0 00000030 0 0 00000030 1 1 1 1
C 316 0000002c 0 0 0 0 0 0 0 0 1 0 0 00000030 0 0 0000002c 1 1 1 0
R 316 158 0000002c 0000006f 0
C 317 0000002c 1 0 0 0 0 0 0 1 1 0 0 00000030 0 0 00000030 1 1 1 1
C 318 0000002c 0 0 0 0 0 0 0 0 1 0 0 00000030 0 0 0000002c 1 1 1 0
R 318 159 0000002c 0000006f 0
C 319 0000002c 1 0 0 0 0 0 0 1 1 0 0 00000030 0 0 00000030 1 1 1 1
C 320 0000002c 0 0 0 0 0 0 0 0 1 0 0 00000030 0 0 0000002c 1 1 1 0
R 320 160 0000002c 0000006f 0
C 321 0000002c 1 0 0 0 0 0 0 1 1 0 0 00000030 0 0 00000030 1 1 1 1
C 322 0000002c 0 0 0 0 0 0 0 0 1 0 0 00000030 0 0 0000002c 1 1 1 0
R 322 161 0000002c 0000006f 0
C 323 0000002c 1 0 0 0 0 0 0 1 1 0 0 00000030 0 0 00000030 1 1 1 1
C 324 0000002c 0 0 0 0 0 0 0 0 1 0 0 00000030 0 0 0000002c 1 1 1 0
R 324 162 0000002c 0000006f 0
C 325 0000002c 1 0 0 0 0 0 0 1 1 0 0 00000030 0 0 00000030 1 1 1 1
C 326 0000002c 0 0 0 0 0 0 0 0 1 0 0 00000030 0 0 0000002c 1 1 1 0
R 326 163 0000002c 0000006f 0
C 327 0000002c 1 0 0 0 0 0 0 1 1 0 0 00000030 0 0 00000030 1 1 1 1
C 328 0000002c 0 0 0 0 0 0 0 0 1 0 0 00000030 0 0 0000002c 1 1 1 0
R 328 164 0000002c 0000006f 0
C 329 0000002c 1 0 0 0 0 0 0 1 1 0 0 00000030 0 0 00000030 1 1 1 1
C 330 0000002c 0 0 0 0 0 0 0 0 1 0 0 00000030 0 0 0000002c 1 1 1 0
R 330 165 0000002c 0000006f 0
C 331 0000002c 1 0 0 0 0 0 0 1 1 0 0 00000030 0 0 00000030 1 1 1 1
C 332 0000002c 0 0 0 0 0 0 0 0 1 0 0 00000030 0 0 0000002c 1 1 1 0
R 332 166 0000002c 0000006f 0
C 333 0000002c 1 0 0 0 0 0 0 1 1 0 0 00000030 0 0 00000030 1 1 1 1
C 334 0000002c 0 0 0 0 0 0 0 0 1 0 0 00000030 0 0 0000002c 1 1 1 0
R 334 167 0000002c 0000006f 0
C 335 0000002c 1 0 0 0 0 0 0 1 1 0 0 00000030 0 0 00000030 1 1 1 1
C 336 0000002c 0 0 0 0 0 0 0 0 1 0 0 00000030 0 0 0000002c 1 1 1 0
R 336 168 0000002c 0000006f 0
C 337 0000002c 1 0 0 0 0 0 0 1 1 0 0 00000030 0 0 00000030 1 1 1 1
C 338 0000002c 0 0 0 0 0 0 0 0 1 0 0 00000030 0 0 0000002c 1 1 1 0
R 338 169 0000002c 0000006f 0
C 339 0000002c 1 0 0 0 0 0 0 1 1 0 0 00000030 0 0 00000030 1 1 1 1
C 340 0000002c 0 0 0 0 0 0 0 0 1 0 0 00000030 0 0 0000002c 1 1 1 0
R 340 170 0000002c 0000006f 0
C 341 0000002c 1 0 0 0 0 0 0 1 1 0 0 00000030 0 0 00000030 1 1 1 1
C 342 0000002c 0 0 0 0 0 0 0 0 1 0 0 00000030 0 0 0000002c 1 1 1 0
R 342 171 0000002c 0000006f 0
C 343 0000002c 1 0 0 0 0 0 0 1 1 0 0 00000030 0 0 00000030 1 1 1 1
C 344 0000002c 0 0 0 0 0 0 0 0 1 0 0 00000030 0 0 0000002c 1 1 1 0
R 344 172 0000002c 0000006f 0
C 345 0000002c 1 0 0 0 0 0 0 1 1 0 0 00000030 0 0 00000030 1 1 1 1
C 346 0000002c 0 0 0 0 0 0 0 0 1 0 0 00000030 0 0 0000002c 1 1 1 0
R 346 173 0000002c 0000006f 0
C 347 0000002c 1 0 0 0 0 0 0 1 1 0 0 00000030 0 0 00000030 1 1 1 1
C 348 0000002c 0 0 0 0 0 0 0 0 1 0 0 00000030 0 0 0000002c 1 1 1 0
R 348 174 0000002c 0000006f 0
C 349 0000002c 1 0 0 0 0 0 0 1 1 0 0 00000030 0 0 00000030 1 1 1 1
C 350 0000002c 0 0 0 0 0 0 0 0 1 0 0 00000030 0 0 0000002c 1 1 1 0
R 350 175 0000002c 0000006f 0
C 351 0000002c 1 0 0 0 0 0 0 1 1 0 0 00000030 0 0 00000030 1 1 1 1
C 352 0000002c 0 0 0 0 0 0 0 0 1 0 0 00000030 0 0 0000002c 1 1 1 0
R 352 176 0000002c 0000006f 0
C 353 0000002c 1 0 0 0 0 0 0 1 1 0 0 00000030 0 0 00000030 1 1 1 1
C 354 0000002c 0 0 0 0 0 0 0 0 1 0 0 00000030 0 0 0000002c 1 1 1 0
R 354 177 0000002c 0000006f 0
C 355 0000002c 1 0 0 0 0 0 0 1 1 0 0 00000030 0 0 00000030 1 1 1 1
C 356 0000002c 0 0 0 0 0 0 0 0 1 0 0 00000030 0 0 0000002c 1 1 1 0
R 356 178 0000002c 0000006f 0
C 357 0000002c 1 0 0 0 0 0 0 1 1 0 0 00000030 0 0 00000030 1 1 1 1
C 358 0000002c 0 0 0 0 0 0 0 0 1 0 0 00000030 0 0 0000002c 1 1 1 0
R 358 179 0000002c 0000006f 0
C 359 0000002c 1 0 0 0 0 0 0 1 1 0 0 00000030 0 0 00000030 1 1 1 1
C 360 0000002c 0 0 0 0 0 0 0 0 1 0 0 00000030 0 0 0000002c 1 1 1 0
R 360 180 0000002c 0000006f 0
C 361 0000002c 1 0 0 0 0 0 0 1 1 0 0 00000030 0 0 00000030 1 1 1 1
C 362 0000002c 0 0 0 0 0 0 0 0 1 0 0 00000030 0 0 0000002c 1 1 1 0
R 362 181 0000002c 0000006f 0
C 363 0000002c 1 0 0 0 0 0 0 1 1 0 0 00000030 0 0 00000030 1 1 1 1
C 364 0000002c 0 0 0 0 0 0 0 0 1 0 0 00000030 0 0 0000002c 1 1 1 0
R 364 182 0000002c 0000006f 0
C 365 0000002c 1 0 0 0 0 0 0 1 1 0 0 00000030 0 0 00000030 1 1 1 1
C 366 0000002c 0 0 0 0 0 0 0 0 1 0 0 00000030 0 0 0000002c 1 1 1 0
R 366 183 0000002c 0000006f 0
C 367 0000002c 1 0 0 0 0 0 0 1 1 0 0 00000030 0 0 00000030 1 1 1 1
C 368 0000002c 0 0 0 0 0 0 0 0 1 0 0 00000030 0 0 0000002c 1 1 1 0
R 368 184 0000002c 0000006f 0
C 369 0000002c 1 0 0 0 0 0 0 1 1 0 0 00000030 0 0 00000030 1 1 1 1
C 370 0000002c 0 0 0 0 0 0 0 0 1 0 0 00000030 0 0 0000002c 1 1 1 0
R 370 185 0000002c 0000006f 0
C 371 0000002c 1 0 0 0 0 0 0 1 1 0 0 00000030 0 0 00000030 1 1 1 1
C 372 0000002c 0 0 0 0 0 0 0 0 1 0 0 00000030 0 0 0000002c 1 1 1 0
R 372 186 0000002c 0000006f 0
C 373 0000002c 1 0 0 0 0 0 0 1 1 0 0 00000030 0 0 00000030 1 1 1 1
C 374 0000002c 0 0 0 0 0 0 0 0 1 0 0 00000030 0 0 0000002c 1 1 1 0
R 374 187 0000002c 0000006f 0
C 375 0000002c 1 0 0 0 0 0 0 1 1 0 0 00000030 0 0 00000030 1 1 1 1
C 376 0000002c 0 0 0 0 0 0 0 0 1 0 0 00000030 0 0 0000002c 1 1 1 0
R 376 188 0000002c 0000006f 0
C 377 0000002c 1 0 0 0 0 0 0 1 1 0 0 00000030 0 0 00000030 1 1 1 1
C 378 0000002c 0 0 0 0 0 0 0 0 1 0 0 00000030 0 0 0000002c 1 1 1 0
R 378 189 0000002c 0000006f 0
C 379 0000002c 1 0 0 0 0 0 0 1 1 0 0 00000030 0 0 00000030 1 1 1 1
C 380 0000002c 0 0 0 0 0 0 0 0 1 0 0 00000030 0 0 0000002c 1 1 1 0
R 380 190 0000002c 0000006f 0
C 381 0000002c 1 0 0 0 0 0 0 1 1 0 0 00000030 0 0 00000030 1 1 1 1
C 382 0000002c 0 0 0 0 0 0 0 0 1 0 0 00000030 0 0 0000002c 1 1 1 0
R 382 191 0000002c 0000006f 0
C 383 0000002c 1 0 0 0 0 0 0 1 1 0 0 00000030 0 0 00000030 1 1 1 1
C 384 0000002c 0 0 0 0 0 0 0 0 1 0 0 00000030 0 0 0000002c 1 1 1 0
R 384 192 0000002c 0000006f 0
C 385 0000002c 1 0 0 0 0 0 0 1 1 0 0 00000030 0 0 00000030 1 1 1 1
C 386 0000002c 0 0 0 0 0 0 0 0 1 0 0 00000030 0 0 0000002c 1 1 1 0
R 386 193 0000002c 0000006f 0
C 387 0000002c 1 0 0 0 0 0 0 1 1 0 0 00000030 0 0 00000030 1 1 1 1
C 388 0000002c 0 0 0 0 0 0 0 0 1 0 0 00000030 0 0 0000002c 1 1 1 0
R 388 194 0000002c 0000006f 0
C 389 0000002c 1 0 0 0 0 0 0 1 1 0 0 00000030 0 0 00000030 1 1 1 1
C 390 0000002c 0 0 0 0 0 0 0 0 1 0 0 00000030 0 0 0000002c 1 1 1 0
R 390 195 0000002c 0000006f 0
C 391 0000002c 1 0 0 0 0 0 0 1 1 0 0 00000030 0 0 00000030 1 1 1 1
C 392 0000002c 0 0 0 0 0 0 0 0 1 0 0 00000030 0 0 0000002c 1 1 1 0
R 392 196 0000002c 0000006f 0
C 393 0000002c 1 0 0 0 0 0 0 1 1 0 0 00000030 0 0 00000030 1 1 1 1
C 394 0000002c 0 0 0 0 0 0 0 0 1 0 0 00000030 0 0 0000002c 1 1 1 0
R 394 197 0000002c 0000006f 0
C 395 0000002c 1 0 0 0 0 0 0 1 1 0 0 00000030 0 0 00000030 1 1 1 1
C 396 0000002c 0 0 0 0 0 0 0 0 1 0 0 00000030 0 0 0000002c 1 1 1 0
R 396 198 0000002c 0000006f 0
C 397 0000002c 1 0 0 0 0 0 0 1 1 0 0 00000030 0 0 00000030 1 1 1 1
C 398 0000002c 0 0 0 0 0 0 0 0 1 0 0 00000030 0 0 0000002c 1 1 1 0
R 398 199 0000002c 0000006f 0
C 399 0000002c 1 0 0 0 0 0 0 1 1 0 0 00000030 0 0 00000030 1 1 1 1
REG 0 00000000
REG 1 00000008
REG 2 00000200
REG 3 44332211
REG 4 00000000
REG 5 00000000
REG 6 00000000
REG 7 00000000
REG 8 00000000
REG 9 00000000
REG 10 00000000
REG 11 00000000
REG 12 00000000
REG 13 00000000
REG 14 00000000
REG 15 00000000
REG 16 00000000
REG 17 00000000
REG 18 00000000
REG 19 00000000
REG 20 00000000
REG 21 00000000
REG 22 00000000
REG 23 00000000
REG 24 00000000
REG 25 80000007
REG 26 00000098
REG 27 00000000
REG 28 00000000
REG 29 00000000
REG 30 00000000
REG 31 00000077
MEM 00000200 44332211
MEM 00000204 44332211
MEM 00000208 44332211
MEM 0000020c 44332211
MEM 00000210 44332211
FINISH
- /home/dungpc/ndmoney4porche/projects/ibex/doc/dungpc/microarchitecture/scripts/core_tb.sv:116: Verilog $finish
