CONFIG WB=0 BT=1 M=2 latency=4 ilatency=4 grant_period=3
C 0 00000000 0 0 0 0 0 0 0 0 1 0 0 00000000 0 0 00000080 0 0 0 1
C 1 00000000 0 0 0 0 0 0 0 0 1 0 0 00000000 0 0 00000080 1 0 0 1
C 2 00000000 0 0 0 0 0 0 0 0 1 0 0 00000000 0 0 00000080 1 0 0 0
C 3 00000000 0 0 0 0 0 0 0 0 1 0 0 00000000 0 0 00000080 1 1 0 0
C 4 00000000 0 0 0 0 0 0 0 0 1 0 0 00000000 0 0 00000080 1 0 0 0
C 5 00000000 0 0 0 0 0 0 0 0 1 0 0 00000000 0 0 00000080 1 0 0 0
C 6 00000000 0 0 0 0 0 0 0 0 1 0 0 00000000 0 0 00000080 1 1 0 0
C 7 00000000 0 0 0 0 0 0 0 0 1 0 0 00000000 0 0 00000080 0 0 1 0
C 8 00000080 1 0 0 0 0 0 0 1 1 0 0 00000080 0 0 00000084 1 0 0 0
W 8 1 00000080
C 9 00000080 0 0 0 0 0 0 0 0 1 0 0 00000080 0 0 00000084 1 1 0 0
R 9 1 00000080 08000093 0
C 10 00000080 0 0 0 0 0 0 0 0 1 0 0 00000080 0 0 00000084 0 0 1 0
C 11 00000084 1 0 0 0 0 0 0 1 1 0 0 fffffd7c 0 0 00000088 1 0 0 0
C 12 00000084 1 0 0 0 0 0 0 0 1 0 0 fffffd7c 0 0 00000088 1 1 0 0
R 12 2 00000084 30409073 0
C 13 00000084 0 0 0 0 0 0 0 0 1 0 0 fffffd7c 0 0 00000088 0 0 1 0
C 14 00000088 1 0 0 0 0 0 0 1 1 0 0 00000008 0 0 0000008c 1 0 0 0
W 14 1 00000008
C 15 00000088 0 0 0 0 0 0 0 0 1 0 0 00000008 0 0 0000008c 1 1 0 0
R 15 3 00000088 00800093 0
C 16 00000088 0 0 0 0 0 0 0 0 1 0 0 00000008 0 0 0000008c 0 0 1 0
C 17 0000008c 1 0 0 0 0 0 0 1 1 0 0 fffffd08 0 0 00000090 1 0 0 0
C 18 0000008c 1 0 0 0 0 0 0 0 1 0 0 fffffd08 0 0 00000090 1 1 0 0
R 18 4 0000008c 3000a073 0
C 19 0000008c 0 0 0 0 0 0 0 0 1 0 0 fffffd08 0 0 00000090 0 0 1 0
C 20 00000090 1 0 0 0 0 0 0 1 1 0 0 00000200 0 0 00000094 1 0 0 0
W 20 2 00000200
C 21 00000090 0 0 0 0 0 0 0 0 1 0 0 00000200 0 0 00000094 1 1 0 0
R 21 5 00000090 20000113 0
C 22 00000090 0 0 0 0 0 0 0 0 1 0 0 00000200 0 0 00000094 0 0 1 0
C 23 00000094 1 0 0 0 1 0 0 0 1 0 0 fffffff8 0 0 00000098 1 0 0 0
EVENT 23 4
C 24 00000094 1 1 0 0 1 0 0 0 1 0 0 fffffe00 0 0 00000098 1 1 0 0
C 25 00000094 1 1 0 0 1 0 0 0 1 0 0 fffffff8 0 0 00000098 0 0 1 0
C 26 00000094 1 1 0 0 1 0 0 0 1 0 0 fffffff8 0 0 00000098 1 0 0 0
C 27 00000094 1 1 0 0 1 0 0 0 1 0 0 fffffff8 0 0 00000098 1 1 0 0
C 28 00000094 1 1 0 0 1 0 0 0 1 0 0 fffffff8 0 0 00000098 0 0 1 0
C 29 00000094 1 1 0 0 1 0 0 0 1 0 0 fffffff8 0 0 00000098 0 0 0 0
C 30 00000094 1 1 0 0 1 0 0 0 1 0 0 fffffff8 0 0 00000098 0 0 0 0
C 31 00000094 1 1 0 0 1 0 0 0 1 0 0 fffffff8 0 0 00000098 0 0 1 0
C 32 00000094 1 1 0 0 1 0 0 0 1 0 0 fffffff8 0 0 00000098 0 0 0 0
C 33 00000094 1 1 0 0 1 0 0 0 1 0 0 fffffff8 0 0 00000098 0 0 0 0
C 34 00000094 1 1 0 0 1 0 0 0 1 0 0 fffffff8 0 0 00000098 0 0 0 0
C 35 00000094 1 1 0 0 1 0 0 0 1 0 0 fffffff8 0 0 00000098 0 0 0 0
C 36 00000094 1 1 0 0 1 0 0 0 1 0 0 fffffff8 0 0 00000098 0 0 0 0
C 37 00000094 1 1 0 0 1 0 0 0 1 0 0 fffffff8 0 0 00000098 0 0 0 0
C 38 00000094 1 1 0 0 1 0 0 0 1 0 0 fffffff8 0 0 00000098 0 0 0 0
C 39 00000094 1 1 0 0 1 0 0 0 1 0 0 fffffff8 0 0 00000098 0 0 0 0
C 40 00000094 1 1 0 0 1 0 0 0 1 0 0 fffffff8 0 0 00000098 0 0 0 0
C 41 00000094 1 1 0 0 1 0 0 0 1 0 0 fffffff8 0 0 00000098 0 0 0 0
C 42 00000094 1 1 0 0 1 0 0 0 1 0 0 fffffff8 0 0 00000098 0 0 0 0
C 43 00000094 1 1 0 0 1 0 0 0 1 0 0 fffffff8 0 0 00000098 0 0 0 0
C 44 00000094 1 1 0 0 1 0 0 0 1 0 0 fffffff8 0 0 00000098 0 0 0 0
C 45 00000094 1 1 0 0 1 0 0 0 1 0 0 fffffff8 0 0 00000098 0 0 0 0
C 46 00000094 1 1 0 0 1 0 0 0 1 0 0 fffffff8 0 0 00000098 0 0 0 0
C 47 00000094 1 1 0 0 1 0 0 0 1 0 0 fffffff8 0 0 00000098 0 0 0 0
C 48 00000094 1 1 0 0 1 0 0 0 1 0 0 fffffff8 0 0 00000098 0 0 0 0
C 49 00000094 1 1 0 0 1 0 0 0 1 0 0 fffffff8 0 0 00000098 0 0 0 0
C 50 00000094 1 1 0 0 1 0 0 0 1 0 0 fffffffc 0 0 00000098 0 0 0 0
C 51 00000094 1 1 0 0 1 0 0 0 1 0 0 00000000 0 0 00000098 0 0 0 0
C 52 00000094 1 1 0 0 1 0 0 0 1 0 0 fffffff8 0 0 00000098 0 0 0 0
C 53 00000094 1 1 0 0 1 0 0 0 1 0 0 fffffff8 0 0 00000098 0 0 0 0
C 54 00000094 1 1 0 0 1 0 0 0 1 0 0 fffffff8 0 0 00000098 0 0 0 0
C 55 00000094 1 1 0 0 1 0 0 0 1 0 0 fffffff8 0 0 00000098 0 0 0 0
C 56 00000094 1 1 0 0 1 0 0 0 1 0 0 fffffff8 0 0 00000098 0 0 0 0
C 57 00000094 1 1 0 0 1 0 0 0 1 0 0 fffffff8 0 0 00000098 0 0 0 0
C 58 00000094 1 1 0 0 1 0 0 0 1 0 0 ffffffc0 0 0 00000098 0 0 0 0
C 59 00000094 1 1 0 0 0 0 0 1 1 0 0 fffffff8 0 0 00000098 0 0 0 0
W 59 3 00000040
C 60 00000094 0 0 0 0 0 0 0 0 1 0 0 fffffff8 0 0 00000098 0 0 0 0
R 60 6 00000094 021141b3 0
C 61 00000094 0 0 0 0 0 0 0 0 1 0 0 fffffff8 0 0 00000098 1 0 0 1
C 62 00000094 0 0 0 0 0 0 0 0 1 0 0 fffffff8 0 0 00000040 1 0 0 0
C 63 00000094 0 0 0 0 0 0 0 0 1 0 0 fffffff8 0 0 00000040 1 1 0 0
C 64 00000094 0 0 0 0 0 0 0 0 1 0 0 fffffff8 0 0 00000040 1 0 0 0
C 65 00000094 0 0 0 0 0 0 0 0 1 0 0 fffffff8 0 0 00000040 1 0 0 0
C 66 00000094 0 0 0 0 0 0 0 0 1 0 0 fffffff8 0 0 00000040 1 1 0 0
C 67 00000094 0 0 0 0 0 0 0 0 1 0 0 fffffff8 0 0 00000040 0 0 1 0
C 68 00000040 1 0 0 0 0 0 0 1 1 0 0 00000074 0 0 00000044 1 0 0 0
W 68 31 00000076
C 69 00000040 0 0 0 0 0 0 0 0 1 0 0 00000074 0 0 00000044 1 1 0 0
R 69 7 00000040 07600f93 0
C 70 00000040 0 0 0 0 0 0 0 0 1 0 0 00000074 0 0 00000044 0 0 1 0
C 71 00000044 1 0 0 0 0 0 0 1 1 0 0 00000048 0 0 00000048 1 0 0 1
C 72 00000044 0 0 0 0 0 0 0 0 1 0 0 00000048 0 0 00000044 1 1 0 0
R 72 8 00000044 0000006f 0
C 73 00000044 0 0 0 0 0 0 0 0 1 0 0 00000048 0 0 00000044 0 0 1 0
C 74 00000044 0 0 0 0 0 0 0 0 1 0 0 00000048 0 0 00000044 1 0 0 0
C 75 00000044 0 0 0 0 0 0 0 0 1 0 0 00000048 0 0 00000044 1 1 0 0
C 76 00000044 0 0 0 0 0 0 0 0 1 0 0 00000048 0 0 00000044 0 0 1 0
C 77 00000044 1 0 0 0 0 0 0 1 1 0 0 00000048 0 0 00000048 1 0 0 1
C 78 00000044 0 0 0 0 0 0 0 0 1 0 0 00000048 0 0 00000044 1 1 0 0
R 78 9 00000044 0000006f 0
C 79 00000044 0 0 0 0 0 0 0 0 1 0 0 00000048 0 0 00000044 0 0 1 0
C 80 00000044 0 0 0 0 0 0 0 0 1 0 0 00000048 0 0 00000044 1 0 0 0
C 81 00000044 0 0 0 0 0 0 0 0 1 0 0 00000048 0 0 00000044 1 1 0 0
C 82 00000044 0 0 0 0 0 0 0 0 1 0 0 00000048 0 0 00000044 0 0 1 0
C 83 00000044 1 0 0 0 0 0 0 1 1 0 0 00000048 0 0 00000048 1 0 0 1
C 84 00000044 0 0 0 0 0 0 0 0 1 0 0 00000048 0 0 00000044 1 1 0 0
R 84 10 00000044 0000006f 0
C 85 00000044 0 0 0 0 0 0 0 0 1 0 0 00000048 0 0 00000044 0 0 1 0
C 86 00000044 0 0 0 0 0 0 0 0 1 0 0 00000048 0 0 00000044 1 0 0 0
C 87 00000044 0 0 0 0 0 0 0 0 1 0 0 00000048 0 0 00000044 1 1 0 0
C 88 00000044 0 0 0 0 0 0 0 0 1 0 0 00000048 0 0 00000044 0 0 1 0
C 89 00000044 1 0 0 0 0 0 0 1 1 0 0 00000048 0 0 00000048 1 0 0 1
C 90 00000044 0 0 0 0 0 0 0 0 1 0 0 00000048 0 0 00000044 1 1 0 0
R 90 11 00000044 0000006f 0
C 91 00000044 0 0 0 0 0 0 0 0 1 0 0 00000048 0 0 00000044 0 0 1 0
C 92 00000044 0 0 0 0 0 0 0 0 1 0 0 00000048 0 0 00000044 1 0 0 0
C 93 00000044 0 0 0 0 0 0 0 0 1 0 0 00000048 0 0 00000044 1 1 0 0
C 94 00000044 0 0 0 0 0 0 0 0 1 0 0 00000048 0 0 00000044 0 0 1 0
C 95 00000044 1 0 0 0 0 0 0 1 1 0 0 00000048 0 0 00000048 1 0 0 1
C 96 00000044 0 0 0 0 0 0 0 0 1 0 0 00000048 0 0 00000044 1 1 0 0
R 96 12 00000044 0000006f 0
C 97 00000044 0 0 0 0 0 0 0 0 1 0 0 00000048 0 0 00000044 0 0 1 0
C 98 00000044 0 0 0 0 0 0 0 0 1 0 0 00000048 0 0 00000044 1 0 0 0
C 99 00000044 0 0 0 0 0 0 0 0 1 0 0 00000048 0 0 00000044 1 1 0 0
C 100 00000044 0 0 0 0 0 0 0 0 1 0 0 00000048 0 0 00000044 0 0 1 0
C 101 00000044 1 0 0 0 0 0 0 1 1 0 0 00000048 0 0 00000048 1 0 0 1
C 102 00000044 0 0 0 0 0 0 0 0 1 0 0 00000048 0 0 00000044 1 1 0 0
R 102 13 00000044 0000006f 0
C 103 00000044 0 0 0 0 0 0 0 0 1 0 0 00000048 0 0 00000044 0 0 1 0
C 104 00000044 0 0 0 0 0 0 0 0 1 0 0 00000048 0 0 00000044 1 0 0 0
C 105 00000044 0 0 0 0 0 0 0 0 1 0 0 00000048 0 0 00000044 1 1 0 0
C 106 00000044 0 0 0 0 0 0 0 0 1 0 0 00000048 0 0 00000044 0 0 1 0
C 107 00000044 1 0 0 0 0 0 0 1 1 0 0 00000048 0 0 00000048 1 0 0 1
C 108 00000044 0 0 0 0 0 0 0 0 1 0 0 00000048 0 0 00000044 1 1 0 0
R 108 14 00000044 0000006f 0
C 109 00000044 0 0 0 0 0 0 0 0 1 0 0 00000048 0 0 00000044 0 0 1 0
C 110 00000044 0 0 0 0 0 0 0 0 1 0 0 00000048 0 0 00000044 1 0 0 0
C 111 00000044 0 0 0 0 0 0 0 0 1 0 0 00000048 0 0 00000044 1 1 0 0
C 112 00000044 0 0 0 0 0 0 0 0 1 0 0 00000048 0 0 00000044 0 0 1 0
C 113 00000044 1 0 0 0 0 0 0 1 1 0 0 00000048 0 0 00000048 1 0 0 1
C 114 00000044 0 0 0 0 0 0 0 0 1 0 0 00000048 0 0 00000044 1 1 0 0
R 114 15 00000044 0000006f 0
C 115 00000044 0 0 0 0 0 0 0 0 1 0 0 00000048 0 0 00000044 0 0 1 0
C 116 00000044 0 0 0 0 0 0 0 0 1 0 0 00000048 0 0 00000044 1 0 0 0
C 117 00000044 0 0 0 0 0 0 0 0 1 0 0 00000048 0 0 00000044 1 1 0 0
C 118 00000044 0 0 0 0 0 0 0 0 1 0 0 00000048 0 0 00000044 0 0 1 0
C 119 00000044 1 0 0 0 0 0 0 1 1 0 0 00000048 0 0 00000048 1 0 0 1
C 120 00000044 0 0 0 0 0 0 0 0 1 0 0 00000048 0 0 00000044 1 1 0 0
R 120 16 00000044 0000006f 0
C 121 00000044 0 0 0 0 0 0 0 0 1 0 0 00000048 0 0 00000044 0 0 1 0
C 122 00000044 0 0 0 0 0 0 0 0 1 0 0 00000048 0 0 00000044 1 0 0 0
C 123 00000044 0 0 0 0 0 0 0 0 1 0 0 00000048 0 0 00000044 1 1 0 0
C 124 00000044 0 0 0 0 0 0 0 0 1 0 0 00000048 0 0 00000044 0 0 1 0
C 125 00000044 1 0 0 0 0 0 0 1 1 0 0 00000048 0 0 00000048 1 0 0 1
C 126 00000044 0 0 0 0 0 0 0 0 1 0 0 00000048 0 0 00000044 1 1 0 0
R 126 17 00000044 0000006f 0
C 127 00000044 0 0 0 0 0 0 0 0 1 0 0 00000048 0 0 00000044 0 0 1 0
C 128 00000044 0 0 0 0 0 0 0 0 1 0 0 00000048 0 0 00000044 1 0 0 0
C 129 00000044 0 0 0 0 0 0 0 0 1 0 0 00000048 0 0 00000044 1 1 0 0
C 130 00000044 0 0 0 0 0 0 0 0 1 0 0 00000048 0 0 00000044 0 0 1 0
C 131 00000044 1 0 0 0 0 0 0 1 1 0 0 00000048 0 0 00000048 1 0 0 1
C 132 00000044 0 0 0 0 0 0 0 0 1 0 0 00000048 0 0 00000044 1 1 0 0
R 132 18 00000044 0000006f 0
C 133 00000044 0 0 0 0 0 0 0 0 1 0 0 00000048 0 0 00000044 0 0 1 0
C 134 00000044 0 0 0 0 0 0 0 0 1 0 0 00000048 0 0 00000044 1 0 0 0
C 135 00000044 0 0 0 0 0 0 0 0 1 0 0 00000048 0 0 00000044 1 1 0 0
C 136 00000044 0 0 0 0 0 0 0 0 1 0 0 00000048 0 0 00000044 0 0 1 0
C 137 00000044 1 0 0 0 0 0 0 1 1 0 0 00000048 0 0 00000048 1 0 0 1
C 138 00000044 0 0 0 0 0 0 0 0 1 0 0 00000048 0 0 00000044 1 1 0 0
R 138 19 00000044 0000006f 0
C 139 00000044 0 0 0 0 0 0 0 0 1 0 0 00000048 0 0 00000044 0 0 1 0
C 140 00000044 0 0 0 0 0 0 0 0 1 0 0 00000048 0 0 00000044 1 0 0 0
C 141 00000044 0 0 0 0 0 0 0 0 1 0 0 00000048 0 0 00000044 1 1 0 0
C 142 00000044 0 0 0 0 0 0 0 0 1 0 0 00000048 0 0 00000044 0 0 1 0
C 143 00000044 1 0 0 0 0 0 0 1 1 0 0 00000048 0 0 00000048 1 0 0 1
C 144 00000044 0 0 0 0 0 0 0 0 1 0 0 00000048 0 0 00000044 1 1 0 0
R 144 20 00000044 0000006f 0
C 145 00000044 0 0 0 0 0 0 0 0 1 0 0 00000048 0 0 00000044 0 0 1 0
C 146 00000044 0 0 0 0 0 0 0 0 1 0 0 00000048 0 0 00000044 1 0 0 0
C 147 00000044 0 0 0 0 0 0 0 0 1 0 0 00000048 0 0 00000044 1 1 0 0
C 148 00000044 0 0 0 0 0 0 0 0 1 0 0 00000048 0 0 00000044 0 0 1 0
C 149 00000044 1 0 0 0 0 0 0 1 1 0 0 00000048 0 0 00000048 1 0 0 1
C 150 00000044 0 0 0 0 0 0 0 0 1 0 0 00000048 0 0 00000044 1 1 0 0
R 150 21 00000044 0000006f 0
C 151 00000044 0 0 0 0 0 0 0 0 1 0 0 00000048 0 0 00000044 0 0 1 0
C 152 00000044 0 0 0 0 0 0 0 0 1 0 0 00000048 0 0 00000044 1 0 0 0
C 153 00000044 0 0 0 0 0 0 0 0 1 0 0 00000048 0 0 00000044 1 1 0 0
C 154 00000044 0 0 0 0 0 0 0 0 1 0 0 00000048 0 0 00000044 0 0 1 0
C 155 00000044 1 0 0 0 0 0 0 1 1 0 0 00000048 0 0 00000048 1 0 0 1
C 156 00000044 0 0 0 0 0 0 0 0 1 0 0 00000048 0 0 00000044 1 1 0 0
R 156 22 00000044 0000006f 0
C 157 00000044 0 0 0 0 0 0 0 0 1 0 0 00000048 0 0 00000044 0 0 1 0
C 158 00000044 0 0 0 0 0 0 0 0 1 0 0 00000048 0 0 00000044 1 0 0 0
C 159 00000044 0 0 0 0 0 0 0 0 1 0 0 00000048 0 0 00000044 1 1 0 0
C 160 00000044 0 0 0 0 0 0 0 0 1 0 0 00000048 0 0 00000044 0 0 1 0
C 161 00000044 1 0 0 0 0 0 0 1 1 0 0 00000048 0 0 00000048 1 0 0 1
C 162 00000044 0 0 0 0 0 0 0 0 1 0 0 00000048 0 0 00000044 1 1 0 0
R 162 23 00000044 0000006f 0
C 163 00000044 0 0 0 0 0 0 0 0 1 0 0 00000048 0 0 00000044 0 0 1 0
C 164 00000044 0 0 0 0 0 0 0 0 1 0 0 00000048 0 0 00000044 1 0 0 0
C 165 00000044 0 0 0 0 0 0 0 0 1 0 0 00000048 0 0 00000044 1 1 0 0
C 166 00000044 0 0 0 0 0 0 0 0 1 0 0 00000048 0 0 00000044 0 0 1 0
C 167 00000044 1 0 0 0 0 0 0 1 1 0 0 00000048 0 0 00000048 1 0 0 1
C 168 00000044 0 0 0 0 0 0 0 0 1 0 0 00000048 0 0 00000044 1 1 0 0
R 168 24 00000044 0000006f 0
C 169 00000044 0 0 0 0 0 0 0 0 1 0 0 00000048 0 0 00000044 0 0 1 0
C 170 00000044 0 0 0 0 0 0 0 0 1 0 0 00000048 0 0 00000044 1 0 0 0
C 171 00000044 0 0 0 0 0 0 0 0 1 0 0 00000048 0 0 00000044 1 1 0 0
C 172 00000044 0 0 0 0 0 0 0 0 1 0 0 00000048 0 0 00000044 0 0 1 0
C 173 00000044 1 0 0 0 0 0 0 1 1 0 0 00000048 0 0 00000048 1 0 0 1
C 174 00000044 0 0 0 0 0 0 0 0 1 0 0 00000048 0 0 00000044 1 1 0 0
R 174 25 00000044 0000006f 0
C 175 00000044 0 0 0 0 0 0 0 0 1 0 0 00000048 0 0 00000044 0 0 1 0
C 176 00000044 0 0 0 0 0 0 0 0 1 0 0 00000048 0 0 00000044 1 0 0 0
C 177 00000044 0 0 0 0 0 0 0 0 1 0 0 00000048 0 0 00000044 1 1 0 0
C 178 00000044 0 0 0 0 0 0 0 0 1 0 0 00000048 0 0 00000044 0 0 1 0
C 179 00000044 1 0 0 0 0 0 0 1 1 0 0 00000048 0 0 00000048 1 0 0 1
C 180 00000044 0 0 0 0 0 0 0 0 1 0 0 00000048 0 0 00000044 1 1 0 0
R 180 26 00000044 0000006f 0
C 181 00000044 0 0 0 0 0 0 0 0 1 0 0 00000048 0 0 00000044 0 0 1 0
C 182 00000044 0 0 0 0 0 0 0 0 1 0 0 00000048 0 0 00000044 1 0 0 0
C 183 00000044 0 0 0 0 0 0 0 0 1 0 0 00000048 0 0 00000044 1 1 0 0
C 184 00000044 0 0 0 0 0 0 0 0 1 0 0 00000048 0 0 00000044 0 0 1 0
C 185 00000044 1 0 0 0 0 0 0 1 1 0 0 00000048 0 0 00000048 1 0 0 1
C 186 00000044 0 0 0 0 0 0 0 0 1 0 0 00000048 0 0 00000044 1 1 0 0
R 186 27 00000044 0000006f 0
C 187 00000044 0 0 0 0 0 0 0 0 1 0 0 00000048 0 0 00000044 0 0 1 0
C 188 00000044 0 0 0 0 0 0 0 0 1 0 0 00000048 0 0 00000044 1 0 0 0
C 189 00000044 0 0 0 0 0 0 0 0 1 0 0 00000048 0 0 00000044 1 1 0 0
C 190 00000044 0 0 0 0 0 0 0 0 1 0 0 00000048 0 0 00000044 0 0 1 0
C 191 00000044 1 0 0 0 0 0 0 1 1 0 0 00000048 0 0 00000048 1 0 0 1
C 192 00000044 0 0 0 0 0 0 0 0 1 0 0 00000048 0 0 00000044 1 1 0 0
R 192 28 00000044 0000006f 0
C 193 00000044 0 0 0 0 0 0 0 0 1 0 0 00000048 0 0 00000044 0 0 1 0
C 194 00000044 0 0 0 0 0 0 0 0 1 0 0 00000048 0 0 00000044 1 0 0 0
C 195 00000044 0 0 0 0 0 0 0 0 1 0 0 00000048 0 0 00000044 1 1 0 0
C 196 00000044 0 0 0 0 0 0 0 0 1 0 0 00000048 0 0 00000044 0 0 1 0
C 197 00000044 1 0 0 0 0 0 0 1 1 0 0 00000048 0 0 00000048 1 0 0 1
C 198 00000044 0 0 0 0 0 0 0 0 1 0 0 00000048 0 0 00000044 1 1 0 0
R 198 29 00000044 0000006f 0
C 199 00000044 0 0 0 0 0 0 0 0 1 0 0 00000048 0 0 00000044 0 0 1 0
C 200 00000044 0 0 0 0 0 0 0 0 1 0 0 00000048 0 0 00000044 1 0 0 0
C 201 00000044 0 0 0 0 0 0 0 0 1 0 0 00000048 0 0 00000044 1 1 0 0
C 202 00000044 0 0 0 0 0 0 0 0 1 0 0 00000048 0 0 00000044 0 0 1 0
C 203 00000044 1 0 0 0 0 0 0 1 1 0 0 00000048 0 0 00000048 1 0 0 1
C 204 00000044 0 0 0 0 0 0 0 0 1 0 0 00000048 0 0 00000044 1 1 0 0
R 204 30 00000044 0000006f 0
C 205 00000044 0 0 0 0 0 0 0 0 1 0 0 00000048 0 0 00000044 0 0 1 0
C 206 00000044 0 0 0 0 0 0 0 0 1 0 0 00000048 0 0 00000044 1 0 0 0
C 207 00000044 0 0 0 0 0 0 0 0 1 0 0 00000048 0 0 00000044 1 1 0 0
C 208 00000044 0 0 0 0 0 0 0 0 1 0 0 00000048 0 0 00000044 0 0 1 0
C 209 00000044 1 0 0 0 0 0 0 1 1 0 0 00000048 0 0 00000048 1 0 0 1
C 210 00000044 0 0 0 0 0 0 0 0 1 0 0 00000048 0 0 00000044 1 1 0 0
R 210 31 00000044 0000006f 0
C 211 00000044 0 0 0 0 0 0 0 0 1 0 0 00000048 0 0 00000044 0 0 1 0
C 212 00000044 0 0 0 0 0 0 0 0 1 0 0 00000048 0 0 00000044 1 0 0 0
C 213 00000044 0 0 0 0 0 0 0 0 1 0 0 00000048 0 0 00000044 1 1 0 0
C 214 00000044 0 0 0 0 0 0 0 0 1 0 0 00000048 0 0 00000044 0 0 1 0
C 215 00000044 1 0 0 0 0 0 0 1 1 0 0 00000048 0 0 00000048 1 0 0 1
C 216 00000044 0 0 0 0 0 0 0 0 1 0 0 00000048 0 0 00000044 1 1 0 0
R 216 32 00000044 0000006f 0
C 217 00000044 0 0 0 0 0 0 0 0 1 0 0 00000048 0 0 00000044 0 0 1 0
C 218 00000044 0 0 0 0 0 0 0 0 1 0 0 00000048 0 0 00000044 1 0 0 0
C 219 00000044 0 0 0 0 0 0 0 0 1 0 0 00000048 0 0 00000044 1 1 0 0
C 220 00000044 0 0 0 0 0 0 0 0 1 0 0 00000048 0 0 00000044 0 0 1 0
C 221 00000044 1 0 0 0 0 0 0 1 1 0 0 00000048 0 0 00000048 1 0 0 1
C 222 00000044 0 0 0 0 0 0 0 0 1 0 0 00000048 0 0 00000044 1 1 0 0
R 222 33 00000044 0000006f 0
C 223 00000044 0 0 0 0 0 0 0 0 1 0 0 00000048 0 0 00000044 0 0 1 0
C 224 00000044 0 0 0 0 0 0 0 0 1 0 0 00000048 0 0 00000044 1 0 0 0
C 225 00000044 0 0 0 0 0 0 0 0 1 0 0 00000048 0 0 00000044 1 1 0 0
C 226 00000044 0 0 0 0 0 0 0 0 1 0 0 00000048 0 0 00000044 0 0 1 0
C 227 00000044 1 0 0 0 0 0 0 1 1 0 0 00000048 0 0 00000048 1 0 0 1
C 228 00000044 0 0 0 0 0 0 0 0 1 0 0 00000048 0 0 00000044 1 1 0 0
R 228 34 00000044 0000006f 0
C 229 00000044 0 0 0 0 0 0 0 0 1 0 0 00000048 0 0 00000044 0 0 1 0
C 230 00000044 0 0 0 0 0 0 0 0 1 0 0 00000048 0 0 00000044 1 0 0 0
C 231 00000044 0 0 0 0 0 0 0 0 1 0 0 00000048 0 0 00000044 1 1 0 0
C 232 00000044 0 0 0 0 0 0 0 0 1 0 0 00000048 0 0 00000044 0 0 1 0
C 233 00000044 1 0 0 0 0 0 0 1 1 0 0 00000048 0 0 00000048 1 0 0 1
C 234 00000044 0 0 0 0 0 0 0 0 1 0 0 00000048 0 0 00000044 1 1 0 0
R 234 35 00000044 0000006f 0
C 235 00000044 0 0 0 0 0 0 0 0 1 0 0 00000048 0 0 00000044 0 0 1 0
C 236 00000044 0 0 0 0 0 0 0 0 1 0 0 00000048 0 0 00000044 1 0 0 0
C 237 00000044 0 0 0 0 0 0 0 0 1 0 0 00000048 0 0 00000044 1 1 0 0
C 238 00000044 0 0 0 0 0 0 0 0 1 0 0 00000048 0 0 00000044 0 0 1 0
C 239 00000044 1 0 0 0 0 0 0 1 1 0 0 00000048 0 0 00000048 1 0 0 1
C 240 00000044 0 0 0 0 0 0 0 0 1 0 0 00000048 0 0 00000044 1 1 0 0
R 240 36 00000044 0000006f 0
C 241 00000044 0 0 0 0 0 0 0 0 1 0 0 00000048 0 0 00000044 0 0 1 0
C 242 00000044 0 0 0 0 0 0 0 0 1 0 0 00000048 0 0 00000044 1 0 0 0
C 243 00000044 0 0 0 0 0 0 0 0 1 0 0 00000048 0 0 00000044 1 1 0 0
C 244 00000044 0 0 0 0 0 0 0 0 1 0 0 00000048 0 0 00000044 0 0 1 0
C 245 00000044 1 0 0 0 0 0 0 1 1 0 0 00000048 0 0 00000048 1 0 0 1
C 246 00000044 0 0 0 0 0 0 0 0 1 0 0 00000048 0 0 00000044 1 1 0 0
R 246 37 00000044 0000006f 0
C 247 00000044 0 0 0 0 0 0 0 0 1 0 0 00000048 0 0 00000044 0 0 1 0
C 248 00000044 0 0 0 0 0 0 0 0 1 0 0 00000048 0 0 00000044 1 0 0 0
C 249 00000044 0 0 0 0 0 0 0 0 1 0 0 00000048 0 0 00000044 1 1 0 0
C 250 00000044 0 0 0 0 0 0 0 0 1 0 0 00000048 0 0 00000044 0 0 1 0
C 251 00000044 1 0 0 0 0 0 0 1 1 0 0 00000048 0 0 00000048 1 0 0 1
C 252 00000044 0 0 0 0 0 0 0 0 1 0 0 00000048 0 0 00000044 1 1 0 0
R 252 38 00000044 0000006f 0
C 253 00000044 0 0 0 0 0 0 0 0 1 0 0 00000048 0 0 00000044 0 0 1 0
C 254 00000044 0 0 0 0 0 0 0 0 1 0 0 00000048 0 0 00000044 1 0 0 0
C 255 00000044 0 0 0 0 0 0 0 0 1 0 0 00000048 0 0 00000044 1 1 0 0
C 256 00000044 0 0 0 0 0 0 0 0 1 0 0 00000048 0 0 00000044 0 0 1 0
C 257 00000044 1 0 0 0 0 0 0 1 1 0 0 00000048 0 0 00000048 1 0 0 1
C 258 00000044 0 0 0 0 0 0 0 0 1 0 0 00000048 0 0 00000044 1 1 0 0
R 258 39 00000044 0000006f 0
C 259 00000044 0 0 0 0 0 0 0 0 1 0 0 00000048 0 0 00000044 0 0 1 0
C 260 00000044 0 0 0 0 0 0 0 0 1 0 0 00000048 0 0 00000044 1 0 0 0
C 261 00000044 0 0 0 0 0 0 0 0 1 0 0 00000048 0 0 00000044 1 1 0 0
C 262 00000044 0 0 0 0 0 0 0 0 1 0 0 00000048 0 0 00000044 0 0 1 0
C 263 00000044 1 0 0 0 0 0 0 1 1 0 0 00000048 0 0 00000048 1 0 0 1
C 264 00000044 0 0 0 0 0 0 0 0 1 0 0 00000048 0 0 00000044 1 1 0 0
R 264 40 00000044 0000006f 0
C 265 00000044 0 0 0 0 0 0 0 0 1 0 0 00000048 0 0 00000044 0 0 1 0
C 266 00000044 0 0 0 0 0 0 0 0 1 0 0 00000048 0 0 00000044 1 0 0 0
C 267 00000044 0 0 0 0 0 0 0 0 1 0 0 00000048 0 0 00000044 1 1 0 0
C 268 00000044 0 0 0 0 0 0 0 0 1 0 0 00000048 0 0 00000044 0 0 1 0
C 269 00000044 1 0 0 0 0 0 0 1 1 0 0 00000048 0 0 00000048 1 0 0 1
C 270 00000044 0 0 0 0 0 0 0 0 1 0 0 00000048 0 0 00000044 1 1 0 0
R 270 41 00000044 0000006f 0
C 271 00000044 0 0 0 0 0 0 0 0 1 0 0 00000048 0 0 00000044 0 0 1 0
C 272 00000044 0 0 0 0 0 0 0 0 1 0 0 00000048 0 0 00000044 1 0 0 0
C 273 00000044 0 0 0 0 0 0 0 0 1 0 0 00000048 0 0 00000044 1 1 0 0
C 274 00000044 0 0 0 0 0 0 0 0 1 0 0 00000048 0 0 00000044 0 0 1 0
C 275 00000044 1 0 0 0 0 0 0 1 1 0 0 00000048 0 0 00000048 1 0 0 1
C 276 00000044 0 0 0 0 0 0 0 0 1 0 0 00000048 0 0 00000044 1 1 0 0
R 276 42 00000044 0000006f 0
C 277 00000044 0 0 0 0 0 0 0 0 1 0 0 00000048 0 0 00000044 0 0 1 0
C 278 00000044 0 0 0 0 0 0 0 0 1 0 0 00000048 0 0 00000044 1 0 0 0
C 279 00000044 0 0 0 0 0 0 0 0 1 0 0 00000048 0 0 00000044 1 1 0 0
C 280 00000044 0 0 0 0 0 0 0 0 1 0 0 00000048 0 0 00000044 0 0 1 0
C 281 00000044 1 0 0 0 0 0 0 1 1 0 0 00000048 0 0 00000048 1 0 0 1
C 282 00000044 0 0 0 0 0 0 0 0 1 0 0 00000048 0 0 00000044 1 1 0 0
R 282 43 00000044 0000006f 0
C 283 00000044 0 0 0 0 0 0 0 0 1 0 0 00000048 0 0 00000044 0 0 1 0
C 284 00000044 0 0 0 0 0 0 0 0 1 0 0 00000048 0 0 00000044 1 0 0 0
C 285 00000044 0 0 0 0 0 0 0 0 1 0 0 00000048 0 0 00000044 1 1 0 0
C 286 00000044 0 0 0 0 0 0 0 0 1 0 0 00000048 0 0 00000044 0 0 1 0
C 287 00000044 1 0 0 0 0 0 0 1 1 0 0 00000048 0 0 00000048 1 0 0 1
C 288 00000044 0 0 0 0 0 0 0 0 1 0 0 00000048 0 0 00000044 1 1 0 0
R 288 44 00000044 0000006f 0
C 289 00000044 0 0 0 0 0 0 0 0 1 0 0 00000048 0 0 00000044 0 0 1 0
C 290 00000044 0 0 0 0 0 0 0 0 1 0 0 00000048 0 0 00000044 1 0 0 0
C 291 00000044 0 0 0 0 0 0 0 0 1 0 0 00000048 0 0 00000044 1 1 0 0
C 292 00000044 0 0 0 0 0 0 0 0 1 0 0 00000048 0 0 00000044 0 0 1 0
C 293 00000044 1 0 0 0 0 0 0 1 1 0 0 00000048 0 0 00000048 1 0 0 1
C 294 00000044 0 0 0 0 0 0 0 0 1 0 0 00000048 0 0 00000044 1 1 0 0
R 294 45 00000044 0000006f 0
C 295 00000044 0 0 0 0 0 0 0 0 1 0 0 00000048 0 0 00000044 0 0 1 0
C 296 00000044 0 0 0 0 0 0 0 0 1 0 0 00000048 0 0 00000044 1 0 0 0
C 297 00000044 0 0 0 0 0 0 0 0 1 0 0 00000048 0 0 00000044 1 1 0 0
C 298 00000044 0 0 0 0 0 0 0 0 1 0 0 00000048 0 0 00000044 0 0 1 0
C 299 00000044 1 0 0 0 0 0 0 1 1 0 0 00000048 0 0 00000048 1 0 0 1
C 300 00000044 0 0 0 0 0 0 0 0 1 0 0 00000048 0 0 00000044 1 1 0 0
R 300 46 00000044 0000006f 0
C 301 00000044 0 0 0 0 0 0 0 0 1 0 0 00000048 0 0 00000044 0 0 1 0
C 302 00000044 0 0 0 0 0 0 0 0 1 0 0 00000048 0 0 00000044 1 0 0 0
C 303 00000044 0 0 0 0 0 0 0 0 1 0 0 00000048 0 0 00000044 1 1 0 0
C 304 00000044 0 0 0 0 0 0 0 0 1 0 0 00000048 0 0 00000044 0 0 1 0
C 305 00000044 1 0 0 0 0 0 0 1 1 0 0 00000048 0 0 00000048 1 0 0 1
C 306 00000044 0 0 0 0 0 0 0 0 1 0 0 00000048 0 0 00000044 1 1 0 0
R 306 47 00000044 0000006f 0
C 307 00000044 0 0 0 0 0 0 0 0 1 0 0 00000048 0 0 00000044 0 0 1 0
C 308 00000044 0 0 0 0 0 0 0 0 1 0 0 00000048 0 0 00000044 1 0 0 0
C 309 00000044 0 0 0 0 0 0 0 0 1 0 0 00000048 0 0 00000044 1 1 0 0
C 310 00000044 0 0 0 0 0 0 0 0 1 0 0 00000048 0 0 00000044 0 0 1 0
C 311 00000044 1 0 0 0 0 0 0 1 1 0 0 00000048 0 0 00000048 1 0 0 1
C 312 00000044 0 0 0 0 0 0 0 0 1 0 0 00000048 0 0 00000044 1 1 0 0
R 312 48 00000044 0000006f 0
C 313 00000044 0 0 0 0 0 0 0 0 1 0 0 00000048 0 0 00000044 0 0 1 0
C 314 00000044 0 0 0 0 0 0 0 0 1 0 0 00000048 0 0 00000044 1 0 0 0
C 315 00000044 0 0 0 0 0 0 0 0 1 0 0 00000048 0 0 00000044 1 1 0 0
C 316 00000044 0 0 0 0 0 0 0 0 1 0 0 00000048 0 0 00000044 0 0 1 0
C 317 00000044 1 0 0 0 0 0 0 1 1 0 0 00000048 0 0 00000048 1 0 0 1
C 318 00000044 0 0 0 0 0 0 0 0 1 0 0 00000048 0 0 00000044 1 1 0 0
R 318 49 00000044 0000006f 0
C 319 00000044 0 0 0 0 0 0 0 0 1 0 0 00000048 0 0 00000044 0 0 1 0
C 320 00000044 0 0 0 0 0 0 0 0 1 0 0 00000048 0 0 00000044 1 0 0 0
C 321 00000044 0 0 0 0 0 0 0 0 1 0 0 00000048 0 0 00000044 1 1 0 0
C 322 00000044 0 0 0 0 0 0 0 0 1 0 0 00000048 0 0 00000044 0 0 1 0
C 323 00000044 1 0 0 0 0 0 0 1 1 0 0 00000048 0 0 00000048 1 0 0 1
C 324 00000044 0 0 0 0 0 0 0 0 1 0 0 00000048 0 0 00000044 1 1 0 0
R 324 50 00000044 0000006f 0
C 325 00000044 0 0 0 0 0 0 0 0 1 0 0 00000048 0 0 00000044 0 0 1 0
C 326 00000044 0 0 0 0 0 0 0 0 1 0 0 00000048 0 0 00000044 1 0 0 0
C 327 00000044 0 0 0 0 0 0 0 0 1 0 0 00000048 0 0 00000044 1 1 0 0
C 328 00000044 0 0 0 0 0 0 0 0 1 0 0 00000048 0 0 00000044 0 0 1 0
C 329 00000044 1 0 0 0 0 0 0 1 1 0 0 00000048 0 0 00000048 1 0 0 1
C 330 00000044 0 0 0 0 0 0 0 0 1 0 0 00000048 0 0 00000044 1 1 0 0
R 330 51 00000044 0000006f 0
C 331 00000044 0 0 0 0 0 0 0 0 1 0 0 00000048 0 0 00000044 0 0 1 0
C 332 00000044 0 0 0 0 0 0 0 0 1 0 0 00000048 0 0 00000044 1 0 0 0
C 333 00000044 0 0 0 0 0 0 0 0 1 0 0 00000048 0 0 00000044 1 1 0 0
C 334 00000044 0 0 0 0 0 0 0 0 1 0 0 00000048 0 0 00000044 0 0 1 0
C 335 00000044 1 0 0 0 0 0 0 1 1 0 0 00000048 0 0 00000048 1 0 0 1
C 336 00000044 0 0 0 0 0 0 0 0 1 0 0 00000048 0 0 00000044 1 1 0 0
R 336 52 00000044 0000006f 0
C 337 00000044 0 0 0 0 0 0 0 0 1 0 0 00000048 0 0 00000044 0 0 1 0
C 338 00000044 0 0 0 0 0 0 0 0 1 0 0 00000048 0 0 00000044 1 0 0 0
C 339 00000044 0 0 0 0 0 0 0 0 1 0 0 00000048 0 0 00000044 1 1 0 0
C 340 00000044 0 0 0 0 0 0 0 0 1 0 0 00000048 0 0 00000044 0 0 1 0
C 341 00000044 1 0 0 0 0 0 0 1 1 0 0 00000048 0 0 00000048 1 0 0 1
C 342 00000044 0 0 0 0 0 0 0 0 1 0 0 00000048 0 0 00000044 1 1 0 0
R 342 53 00000044 0000006f 0
C 343 00000044 0 0 0 0 0 0 0 0 1 0 0 00000048 0 0 00000044 0 0 1 0
C 344 00000044 0 0 0 0 0 0 0 0 1 0 0 00000048 0 0 00000044 1 0 0 0
C 345 00000044 0 0 0 0 0 0 0 0 1 0 0 00000048 0 0 00000044 1 1 0 0
C 346 00000044 0 0 0 0 0 0 0 0 1 0 0 00000048 0 0 00000044 0 0 1 0
C 347 00000044 1 0 0 0 0 0 0 1 1 0 0 00000048 0 0 00000048 1 0 0 1
C 348 00000044 0 0 0 0 0 0 0 0 1 0 0 00000048 0 0 00000044 1 1 0 0
R 348 54 00000044 0000006f 0
C 349 00000044 0 0 0 0 0 0 0 0 1 0 0 00000048 0 0 00000044 0 0 1 0
C 350 00000044 0 0 0 0 0 0 0 0 1 0 0 00000048 0 0 00000044 1 0 0 0
C 351 00000044 0 0 0 0 0 0 0 0 1 0 0 00000048 0 0 00000044 1 1 0 0
C 352 00000044 0 0 0 0 0 0 0 0 1 0 0 00000048 0 0 00000044 0 0 1 0
C 353 00000044 1 0 0 0 0 0 0 1 1 0 0 00000048 0 0 00000048 1 0 0 1
C 354 00000044 0 0 0 0 0 0 0 0 1 0 0 00000048 0 0 00000044 1 1 0 0
R 354 55 00000044 0000006f 0
C 355 00000044 0 0 0 0 0 0 0 0 1 0 0 00000048 0 0 00000044 0 0 1 0
C 356 00000044 0 0 0 0 0 0 0 0 1 0 0 00000048 0 0 00000044 1 0 0 0
C 357 00000044 0 0 0 0 0 0 0 0 1 0 0 00000048 0 0 00000044 1 1 0 0
C 358 00000044 0 0 0 0 0 0 0 0 1 0 0 00000048 0 0 00000044 0 0 1 0
C 359 00000044 1 0 0 0 0 0 0 1 1 0 0 00000048 0 0 00000048 1 0 0 1
C 360 00000044 0 0 0 0 0 0 0 0 1 0 0 00000048 0 0 00000044 1 1 0 0
R 360 56 00000044 0000006f 0
C 361 00000044 0 0 0 0 0 0 0 0 1 0 0 00000048 0 0 00000044 0 0 1 0
C 362 00000044 0 0 0 0 0 0 0 0 1 0 0 00000048 0 0 00000044 1 0 0 0
C 363 00000044 0 0 0 0 0 0 0 0 1 0 0 00000048 0 0 00000044 1 1 0 0
C 364 00000044 0 0 0 0 0 0 0 0 1 0 0 00000048 0 0 00000044 0 0 1 0
C 365 00000044 1 0 0 0 0 0 0 1 1 0 0 00000048 0 0 00000048 1 0 0 1
C 366 00000044 0 0 0 0 0 0 0 0 1 0 0 00000048 0 0 00000044 1 1 0 0
R 366 57 00000044 0000006f 0
C 367 00000044 0 0 0 0 0 0 0 0 1 0 0 00000048 0 0 00000044 0 0 1 0
C 368 00000044 0 0 0 0 0 0 0 0 1 0 0 00000048 0 0 00000044 1 0 0 0
C 369 00000044 0 0 0 0 0 0 0 0 1 0 0 00000048 0 0 00000044 1 1 0 0
C 370 00000044 0 0 0 0 0 0 0 0 1 0 0 00000048 0 0 00000044 0 0 1 0
C 371 00000044 1 0 0 0 0 0 0 1 1 0 0 00000048 0 0 00000048 1 0 0 1
C 372 00000044 0 0 0 0 0 0 0 0 1 0 0 00000048 0 0 00000044 1 1 0 0
R 372 58 00000044 0000006f 0
C 373 00000044 0 0 0 0 0 0 0 0 1 0 0 00000048 0 0 00000044 0 0 1 0
C 374 00000044 0 0 0 0 0 0 0 0 1 0 0 00000048 0 0 00000044 1 0 0 0
C 375 00000044 0 0 0 0 0 0 0 0 1 0 0 00000048 0 0 00000044 1 1 0 0
C 376 00000044 0 0 0 0 0 0 0 0 1 0 0 00000048 0 0 00000044 0 0 1 0
C 377 00000044 1 0 0 0 0 0 0 1 1 0 0 00000048 0 0 00000048 1 0 0 1
C 378 00000044 0 0 0 0 0 0 0 0 1 0 0 00000048 0 0 00000044 1 1 0 0
R 378 59 00000044 0000006f 0
C 379 00000044 0 0 0 0 0 0 0 0 1 0 0 00000048 0 0 00000044 0 0 1 0
C 380 00000044 0 0 0 0 0 0 0 0 1 0 0 00000048 0 0 00000044 1 0 0 0
C 381 00000044 0 0 0 0 0 0 0 0 1 0 0 00000048 0 0 00000044 1 1 0 0
C 382 00000044 0 0 0 0 0 0 0 0 1 0 0 00000048 0 0 00000044 0 0 1 0
C 383 00000044 1 0 0 0 0 0 0 1 1 0 0 00000048 0 0 00000048 1 0 0 1
C 384 00000044 0 0 0 0 0 0 0 0 1 0 0 00000048 0 0 00000044 1 1 0 0
R 384 60 00000044 0000006f 0
C 385 00000044 0 0 0 0 0 0 0 0 1 0 0 00000048 0 0 00000044 0 0 1 0
C 386 00000044 0 0 0 0 0 0 0 0 1 0 0 00000048 0 0 00000044 1 0 0 0
C 387 00000044 0 0 0 0 0 0 0 0 1 0 0 00000048 0 0 00000044 1 1 0 0
C 388 00000044 0 0 0 0 0 0 0 0 1 0 0 00000048 0 0 00000044 0 0 1 0
C 389 00000044 1 0 0 0 0 0 0 1 1 0 0 00000048 0 0 00000048 1 0 0 1
C 390 00000044 0 0 0 0 0 0 0 0 1 0 0 00000048 0 0 00000044 1 1 0 0
R 390 61 00000044 0000006f 0
C 391 00000044 0 0 0 0 0 0 0 0 1 0 0 00000048 0 0 00000044 0 0 1 0
C 392 00000044 0 0 0 0 0 0 0 0 1 0 0 00000048 0 0 00000044 1 0 0 0
C 393 00000044 0 0 0 0 0 0 0 0 1 0 0 00000048 0 0 00000044 1 1 0 0
C 394 00000044 0 0 0 0 0 0 0 0 1 0 0 00000048 0 0 00000044 0 0 1 0
C 395 00000044 1 0 0 0 0 0 0 1 1 0 0 00000048 0 0 00000048 1 0 0 1
C 396 00000044 0 0 0 0 0 0 0 0 1 0 0 00000048 0 0 00000044 1 1 0 0
R 396 62 00000044 0000006f 0
C 397 00000044 0 0 0 0 0 0 0 0 1 0 0 00000048 0 0 00000044 0 0 1 0
C 398 00000044 0 0 0 0 0 0 0 0 1 0 0 00000048 0 0 00000044 1 0 0 0
C 399 00000044 0 0 0 0 0 0 0 0 1 0 0 00000048 0 0 00000044 1 1 0 0
REG 0 00000000
REG 1 00000008
REG 2 00000200
REG 3 00000040
REG 4 00000000
REG 5 00000000
REG 6 00000000
REG 7 00000000
REG 8 00000000
REG 9 00000000
REG 10 00000000
REG 11 00000000
REG 12 00000000
REG 13 00000000
REG 14 00000000
REG 15 00000000
REG 16 00000000
REG 17 00000000
REG 18 00000000
REG 19 00000000
REG 20 00000000
REG 21 00000000
REG 22 00000000
REG 23 00000000
REG 24 00000000
REG 25 00000000
REG 26 00000000
REG 27 00000000
REG 28 00000000
REG 29 00000000
REG 30 00000000
REG 31 00000076
MEM 00000200 44332211
MEM 00000204 44332211
MEM 00000208 44332211
MEM 0000020c 44332211
MEM 00000210 44332211
FINISH
- /home/dungpc/ndmoney4porche/projects/ibex/doc/dungpc/microarchitecture/scripts/core_tb.sv:116: Verilog $finish
