%Warning-TIMESCALEMOD: /home/dungpc/ndmoney4porche/projects/ibex/vendor/lowrisc_ip/ip/prim/rtl/prim_util_pkg.sv:9:9: Timescale missing on this module as other modules have it (IEEE 1800-2017 3.14.2.3)
    9 | package prim_util_pkg;
      |         ^~~~~~~~~~~~~
                       /home/dungpc/ndmoney4porche/projects/ibex/doc/dungpc/microarchitecture/scripts/cap_lsu_tb.sv:2:8: ... Location of module with timescale
    2 | module cap_lsu_tb;
      |        ^~~~~~~~~~
                       ... For warning description see https://verilator.org/warn/TIMESCALEMOD?v=5.020
                       ... Use "/* verilator lint_off TIMESCALEMOD */" and lint_on around source to disable this message.
%Warning-TIMESCALEMOD: /home/dungpc/ndmoney4porche/projects/ibex/vendor/lowrisc_ip/ip/prim/rtl/prim_count_pkg.sv:5:9: Timescale missing on this module as other modules have it (IEEE 1800-2017 3.14.2.3)
    5 | package prim_count_pkg;
      |         ^~~~~~~~~~~~~~
                       /home/dungpc/ndmoney4porche/projects/ibex/doc/dungpc/microarchitecture/scripts/cap_lsu_tb.sv:2:8: ... Location of module with timescale
    2 | module cap_lsu_tb;
      |        ^~~~~~~~~~
%Warning-TIMESCALEMOD: /home/dungpc/ndmoney4porche/projects/ibex/rtl/ibex_pkg.sv:10:9: Timescale missing on this module as other modules have it (IEEE 1800-2017 3.14.2.3)
   10 | package ibex_pkg;
      |         ^~~~~~~~
                       /home/dungpc/ndmoney4porche/projects/ibex/doc/dungpc/microarchitecture/scripts/cap_lsu_tb.sv:2:8: ... Location of module with timescale
    2 | module cap_lsu_tb;
      |        ^~~~~~~~~~
%Warning-TIMESCALEMOD: /home/dungpc/ndmoney4porche/projects/ibex/rtl/ibex_cheriot_pkg.sv:8:9: Timescale missing on this module as other modules have it (IEEE 1800-2017 3.14.2.3)
    8 | package ibex_cheriot_pkg;
      |         ^~~~~~~~~~~~~~~~
                       /home/dungpc/ndmoney4porche/projects/ibex/doc/dungpc/microarchitecture/scripts/cap_lsu_tb.sv:2:8: ... Location of module with timescale
    2 | module cap_lsu_tb;
      |        ^~~~~~~~~~
%Warning-TIMESCALEMOD: /home/dungpc/ndmoney4porche/projects/ibex/rtl/ibex_load_store_unit.sv:18:8: Timescale missing on this module as other modules have it (IEEE 1800-2017 3.14.2.3)
   18 | module ibex_load_store_unit import ibex_pkg::*; import ibex_cheriot_pkg::*; #(
      |        ^~~~~~~~~~~~~~~~~~~~
                       /home/dungpc/ndmoney4porche/projects/ibex/doc/dungpc/microarchitecture/scripts/cap_lsu_tb.sv:2:8: ... Location of module with timescale
    2 | module cap_lsu_tb;
      |        ^~~~~~~~~~
%Warning-TIMESCALEMOD: /home/dungpc/ndmoney4porche/projects/ibex/vendor/lowrisc_ip/ip/prim/rtl/prim_secded_inv_39_32_dec.sv:7:8: Timescale missing on this module as other modules have it (IEEE 1800-2017 3.14.2.3)
    7 | module prim_secded_inv_39_32_dec (
      |        ^~~~~~~~~~~~~~~~~~~~~~~~~
                       /home/dungpc/ndmoney4porche/projects/ibex/rtl/ibex_load_store_unit.sv:387:1: ... note: In file included from 'ibex_load_store_unit.sv'
                       /home/dungpc/ndmoney4porche/projects/ibex/doc/dungpc/microarchitecture/scripts/cap_lsu_tb.sv:2:8: ... Location of module with timescale
    2 | module cap_lsu_tb;
      |        ^~~~~~~~~~
%Warning-TIMESCALEMOD: /home/dungpc/ndmoney4porche/projects/ibex/vendor/lowrisc_ip/ip/prim/rtl/prim_secded_inv_39_32_enc.sv:7:8: Timescale missing on this module as other modules have it (IEEE 1800-2017 3.14.2.3)
    7 | module prim_secded_inv_39_32_enc (
      |        ^~~~~~~~~~~~~~~~~~~~~~~~~
                       /home/dungpc/ndmoney4porche/projects/ibex/rtl/ibex_load_store_unit.sv:734:1: ... note: In file included from 'ibex_load_store_unit.sv'
                       /home/dungpc/ndmoney4porche/projects/ibex/doc/dungpc/microarchitecture/scripts/cap_lsu_tb.sv:2:8: ... Location of module with timescale
    2 | module cap_lsu_tb;
      |        ^~~~~~~~~~
make: Entering directory '/tmp/ibex-microarchitecture/cap_lsu'
g++ -Os  -I.  -MMD -I/usr/share/verilator/include -I/usr/share/verilator/include/vltstd -DVM_COVERAGE=0 -DVM_SC=0 -DVM_TRACE=0 -DVM_TRACE_FST=0 -DVM_TRACE_VCD=0 -faligned-new -fcf-protection=none -Wno-bool-operation -Wno-overloaded-virtual -Wno-shadow -Wno-sign-compare -Wno-uninitialized -Wno-unused-but-set-parameter -Wno-unused-but-set-variable -Wno-unused-parameter -Wno-unused-variable     -DVL_TIME_CONTEXT   -fcoroutines -c -o verilated.o /usr/share/verilator/include/verilated.cpp
g++ -Os  -I.  -MMD -I/usr/share/verilator/include -I/usr/share/verilator/include/vltstd -DVM_COVERAGE=0 -DVM_SC=0 -DVM_TRACE=0 -DVM_TRACE_FST=0 -DVM_TRACE_VCD=0 -faligned-new -fcf-protection=none -Wno-bool-operation -Wno-overloaded-virtual -Wno-shadow -Wno-sign-compare -Wno-uninitialized -Wno-unused-but-set-parameter -Wno-unused-but-set-variable -Wno-unused-parameter -Wno-unused-variable     -DVL_TIME_CONTEXT   -fcoroutines -c -o verilated_timing.o /usr/share/verilator/include/verilated_timing.cpp
g++ -Os  -I.  -MMD -I/usr/share/verilator/include -I/usr/share/verilator/include/vltstd -DVM_COVERAGE=0 -DVM_SC=0 -DVM_TRACE=0 -DVM_TRACE_FST=0 -DVM_TRACE_VCD=0 -faligned-new -fcf-protection=none -Wno-bool-operation -Wno-overloaded-virtual -Wno-shadow -Wno-sign-compare -Wno-uninitialized -Wno-unused-but-set-parameter -Wno-unused-but-set-variable -Wno-unused-parameter -Wno-unused-variable     -DVL_TIME_CONTEXT   -fcoroutines -c -o verilated_threads.o /usr/share/verilator/include/verilated_threads.cpp
/usr/bin/python3 /usr/share/verilator/bin/verilator_includer -DVL_INCLUDE_OPT=include Vcap_lsu_tb.cpp Vcap_lsu_tb___024root__DepSet_h245b3785__0.cpp Vcap_lsu_tb___024root__DepSet_h7be27c00__0.cpp Vcap_lsu_tb__main.cpp Vcap_lsu_tb___024root__Slow.cpp Vcap_lsu_tb___024root__DepSet_h245b3785__0__Slow.cpp Vcap_lsu_tb___024root__DepSet_h7be27c00__0__Slow.cpp Vcap_lsu_tb__Syms.cpp > Vcap_lsu_tb__ALL.cpp
echo "" > Vcap_lsu_tb__ALL.verilator_deplist.tmp
g++ -Os  -I.  -MMD -I/usr/share/verilator/include -I/usr/share/verilator/include/vltstd -DVM_COVERAGE=0 -DVM_SC=0 -DVM_TRACE=0 -DVM_TRACE_FST=0 -DVM_TRACE_VCD=0 -faligned-new -fcf-protection=none -Wno-bool-operation -Wno-overloaded-virtual -Wno-shadow -Wno-sign-compare -Wno-uninitialized -Wno-unused-but-set-parameter -Wno-unused-but-set-variable -Wno-unused-parameter -Wno-unused-variable     -DVL_TIME_CONTEXT   -fcoroutines -c -o Vcap_lsu_tb__ALL.o Vcap_lsu_tb__ALL.cpp
Archive ar -rcs Vcap_lsu_tb__ALL.a Vcap_lsu_tb__ALL.o
g++     verilated.o verilated_timing.o verilated_threads.o Vcap_lsu_tb__ALL.a    -pthread -lpthread -latomic   -o Vcap_lsu_tb
rm Vcap_lsu_tb__ALL.verilator_deplist.tmp
make: Leaving directory '/tmp/ibex-microarchitecture/cap_lsu'
