%Warning-TIMESCALEMOD: /home/dungpc/ndmoney4porche/projects/ibex/vendor/lowrisc_ip/ip/prim/rtl/prim_util_pkg.sv:9:9: Timescale missing on this module as other modules have it (IEEE 1800-2017 3.14.2.3)
    9 | package prim_util_pkg;
      |         ^~~~~~~~~~~~~
                       /home/dungpc/ndmoney4porche/projects/ibex/doc/dungpc/microarchitecture/scripts/cap_ex_tb.sv:2:8: ... Location of module with timescale
    2 | module cap_ex_tb;
      |        ^~~~~~~~~
                       ... For warning description see https://verilator.org/warn/TIMESCALEMOD?v=5.020
                       ... Use "/* verilator lint_off TIMESCALEMOD */" and lint_on around source to disable this message.
%Warning-TIMESCALEMOD: /home/dungpc/ndmoney4porche/projects/ibex/vendor/lowrisc_ip/ip/prim/rtl/prim_count_pkg.sv:5:9: Timescale missing on this module as other modules have it (IEEE 1800-2017 3.14.2.3)
    5 | package prim_count_pkg;
      |         ^~~~~~~~~~~~~~
                       /home/dungpc/ndmoney4porche/projects/ibex/doc/dungpc/microarchitecture/scripts/cap_ex_tb.sv:2:8: ... Location of module with timescale
    2 | module cap_ex_tb;
      |        ^~~~~~~~~
%Warning-TIMESCALEMOD: /home/dungpc/ndmoney4porche/projects/ibex/rtl/ibex_pkg.sv:10:9: Timescale missing on this module as other modules have it (IEEE 1800-2017 3.14.2.3)
   10 | package ibex_pkg;
      |         ^~~~~~~~
                       /home/dungpc/ndmoney4porche/projects/ibex/doc/dungpc/microarchitecture/scripts/cap_ex_tb.sv:2:8: ... Location of module with timescale
    2 | module cap_ex_tb;
      |        ^~~~~~~~~
%Warning-TIMESCALEMOD: /home/dungpc/ndmoney4porche/projects/ibex/rtl/ibex_cheriot_pkg.sv:8:9: Timescale missing on this module as other modules have it (IEEE 1800-2017 3.14.2.3)
    8 | package ibex_cheriot_pkg;
      |         ^~~~~~~~~~~~~~~~
                       /home/dungpc/ndmoney4porche/projects/ibex/doc/dungpc/microarchitecture/scripts/cap_ex_tb.sv:2:8: ... Location of module with timescale
    2 | module cap_ex_tb;
      |        ^~~~~~~~~
%Warning-TIMESCALEMOD: /home/dungpc/ndmoney4porche/projects/ibex/rtl/ibex_cheriot_ex.sv:5:8: Timescale missing on this module as other modules have it (IEEE 1800-2017 3.14.2.3)
    5 | module ibex_cheriot_ex import ibex_cheriot_pkg::*; import ibex_pkg::*; #(
      |        ^~~~~~~~~~~~~~~
                       /home/dungpc/ndmoney4porche/projects/ibex/doc/dungpc/microarchitecture/scripts/cap_ex_tb.sv:2:8: ... Location of module with timescale
    2 | module cap_ex_tb;
      |        ^~~~~~~~~
%Warning-UNOPTFLAT: /home/dungpc/ndmoney4porche/projects/ibex/rtl/ibex_cheriot_ex.sv:101:34: Signal unoptimizable: Circular combinational logic: 'cap_ex_tb.dut.csr_addr_o'
  101 |   output logic  [4:0]            csr_addr_o,
      |                                  ^~~~~~~~~~
                    /home/dungpc/ndmoney4porche/projects/ibex/rtl/ibex_cheriot_ex.sv:101:34:      Example path: cap_ex_tb.dut.csr_addr_o
                    /home/dungpc/ndmoney4porche/projects/ibex/rtl/ibex_cheriot_ex.sv:751:3:      Example path: ALWAYS
                    /home/dungpc/ndmoney4porche/projects/ibex/rtl/ibex_cheriot_ex.sv:142:23:      Example path: cap_ex_tb.dut.addr_bound_vio
                    /home/dungpc/ndmoney4porche/projects/ibex/rtl/ibex_cheriot_ex.sv:265:3:      Example path: ALWAYS
                    /home/dungpc/ndmoney4porche/projects/ibex/rtl/ibex_cheriot_ex.sv:101:34:      Example path: cap_ex_tb.dut.csr_addr_o
make: Entering directory '/tmp/ibex-microarchitecture/cap_ex'
g++ -Os  -I.  -MMD -I/usr/share/verilator/include -I/usr/share/verilator/include/vltstd -DVM_COVERAGE=0 -DVM_SC=0 -DVM_TRACE=0 -DVM_TRACE_FST=0 -DVM_TRACE_VCD=0 -faligned-new -fcf-protection=none -Wno-bool-operation -Wno-overloaded-virtual -Wno-shadow -Wno-sign-compare -Wno-uninitialized -Wno-unused-but-set-parameter -Wno-unused-but-set-variable -Wno-unused-parameter -Wno-unused-variable     -DVL_TIME_CONTEXT   -fcoroutines -c -o verilated.o /usr/share/verilator/include/verilated.cpp
g++ -Os  -I.  -MMD -I/usr/share/verilator/include -I/usr/share/verilator/include/vltstd -DVM_COVERAGE=0 -DVM_SC=0 -DVM_TRACE=0 -DVM_TRACE_FST=0 -DVM_TRACE_VCD=0 -faligned-new -fcf-protection=none -Wno-bool-operation -Wno-overloaded-virtual -Wno-shadow -Wno-sign-compare -Wno-uninitialized -Wno-unused-but-set-parameter -Wno-unused-but-set-variable -Wno-unused-parameter -Wno-unused-variable     -DVL_TIME_CONTEXT   -fcoroutines -c -o verilated_timing.o /usr/share/verilator/include/verilated_timing.cpp
g++ -Os  -I.  -MMD -I/usr/share/verilator/include -I/usr/share/verilator/include/vltstd -DVM_COVERAGE=0 -DVM_SC=0 -DVM_TRACE=0 -DVM_TRACE_FST=0 -DVM_TRACE_VCD=0 -faligned-new -fcf-protection=none -Wno-bool-operation -Wno-overloaded-virtual -Wno-shadow -Wno-sign-compare -Wno-uninitialized -Wno-unused-but-set-parameter -Wno-unused-but-set-variable -Wno-unused-parameter -Wno-unused-variable     -DVL_TIME_CONTEXT   -fcoroutines -c -o verilated_threads.o /usr/share/verilator/include/verilated_threads.cpp
/usr/bin/python3 /usr/share/verilator/bin/verilator_includer -DVL_INCLUDE_OPT=include Vcap_ex_tb.cpp Vcap_ex_tb___024root__DepSet_hfbc30bd0__0.cpp Vcap_ex_tb___024root__DepSet_hff90eaa2__0.cpp Vcap_ex_tb__main.cpp Vcap_ex_tb___024root__Slow.cpp Vcap_ex_tb___024root__DepSet_hfbc30bd0__0__Slow.cpp Vcap_ex_tb___024root__DepSet_hff90eaa2__0__Slow.cpp Vcap_ex_tb__Syms.cpp > Vcap_ex_tb__ALL.cpp
g++ -Os  -I.  -MMD -I/usr/share/verilator/include -I/usr/share/verilator/include/vltstd -DVM_COVERAGE=0 -DVM_SC=0 -DVM_TRACE=0 -DVM_TRACE_FST=0 -DVM_TRACE_VCD=0 -faligned-new -fcf-protection=none -Wno-bool-operation -Wno-overloaded-virtual -Wno-shadow -Wno-sign-compare -Wno-uninitialized -Wno-unused-but-set-parameter -Wno-unused-but-set-variable -Wno-unused-parameter -Wno-unused-variable     -DVL_TIME_CONTEXT   -fcoroutines -c -o Vcap_ex_tb__ALL.o Vcap_ex_tb__ALL.cpp
echo "" > Vcap_ex_tb__ALL.verilator_deplist.tmp
Archive ar -rcs Vcap_ex_tb__ALL.a Vcap_ex_tb__ALL.o
g++     verilated.o verilated_timing.o verilated_threads.o Vcap_ex_tb__ALL.a    -pthread -lpthread -latomic   -o Vcap_ex_tb
rm Vcap_ex_tb__ALL.verilator_deplist.tmp
make: Leaving directory '/tmp/ibex-microarchitecture/cap_ex'
