CONFIG WB=1 BT=1 M=3 latency=1 ilatency=1 grant_period=1
C 0 00000000 0 0 0 0 0 0 0 0 1 0 0 00000000 0 0 00000080 0 0 0 1
C 1 00000000 0 0 0 0 0 0 0 0 1 0 0 00000000 0 0 00000080 1 1 0 1
C 2 00000000 0 0 0 0 0 0 0 0 1 0 0 00000000 0 0 00000080 1 1 1 0
C 3 00000080 1 0 0 0 0 0 0 1 1 0 0 00000080 0 0 00000084 1 1 1 0
C 4 00000084 1 0 0 0 0 0 0 1 1 0 0 fffffd7c 0 0 00000088 1 1 1 0
W 4 1 00000080
C 5 00000084 1 0 0 0 0 0 0 0 1 0 0 fffffd7c 0 0 00000088 1 1 1 0
R 5 1 00000080 08000093 0
C 6 00000084 0 0 0 0 0 0 0 0 1 0 0 fffffd7c 0 0 00000088 0 0 1 0
R 6 2 00000084 30409073 0
C 7 00000088 1 0 0 0 0 0 0 1 1 0 0 00000008 0 0 0000008c 1 1 0 0
C 8 0000008c 1 0 0 0 0 0 0 1 1 0 0 fffffd08 0 0 00000090 1 1 1 0
W 8 1 00000008
C 9 0000008c 1 0 0 0 0 0 0 0 1 0 0 fffffd08 0 0 00000090 0 0 1 0
R 9 3 00000088 00800093 0
C 10 0000008c 0 0 0 0 0 0 0 0 1 0 0 fffffd08 0 0 00000090 0 0 0 0
R 10 4 0000008c 3000a073 0
C 11 00000090 1 0 0 0 0 0 0 1 1 0 0 00000200 0 0 00000094 1 1 0 0
C 12 00000094 1 0 0 0 0 0 0 1 1 1 1 00000200 0 0 00000098 1 1 1 0
D 12 0 00000200 f 00000000
W 12 2 00000200
EVENT 12 1
C 13 00000098 1 0 0 0 0 0 0 1 1 0 0 00000060 1 0 0000009c 1 1 1 0
W 13 3 44332211
R 13 5 00000090 20000113 0
C 14 00000098 0 0 0 0 0 0 0 0 1 0 0 00000060 0 0 0000009c 0 0 1 0
W 14 20 00000063
R 14 6 00000094 00012183 0
C 15 00000098 0 0 0 0 0 0 0 0 1 0 0 00000060 0 0 0000009c 1 1 0 1
R 15 7 00000098 06300a13 0
C 16 00000098 0 0 0 0 0 0 0 0 1 0 0 00000060 0 0 0000001c 1 1 1 0
C 17 0000001c 1 0 0 0 0 0 0 1 1 0 0 fffffcbc 0 0 00000020 1 1 1 0
C 18 00000020 1 0 0 0 0 0 0 1 1 0 0 fffffcbc 0 0 00000024 1 1 1 0
W 18 25 80000007
C 19 00000024 1 0 0 0 0 0 0 1 1 0 0 fffffcbc 0 0 00000028 1 1 1 0
W 19 26 0000009c
R 19 8 0000001c 34202cf3 0
C 20 00000028 1 0 0 0 0 0 0 1 1 0 0 00000074 0 0 0000002c 1 1 1 0
W 20 27 00000000
R 20 9 00000020 34102d73 0
C 21 0000002c 1 0 0 0 0 0 0 1 1 0 0 00000030 0 0 00000030 1 1 1 1
W 21 31 00000077
R 21 10 00000024 34302df3 0
C 22 0000002c 0 0 0 0 0 0 0 0 1 0 0 00000030 0 0 0000002c 1 1 1 0
R 22 11 00000028 07700f93 0
C 23 0000002c 1 0 0 0 0 0 0 1 1 0 0 00000030 0 0 00000030 1 1 1 1
R 23 12 0000002c 0000006f 0
C 24 0000002c 0 0 0 0 0 0 0 0 1 0 0 00000030 0 0 0000002c 1 1 1 0
C 25 0000002c 1 0 0 0 0 0 0 1 1 0 0 00000030 0 0 00000030 1 1 1 1
R 25 13 0000002c 0000006f 0
C 26 0000002c 0 0 0 0 0 0 0 0 1 0 0 00000030 0 0 0000002c 1 1 1 0
C 27 0000002c 1 0 0 0 0 0 0 1 1 0 0 00000030 0 0 00000030 1 1 1 1
R 27 14 0000002c 0000006f 0
C 28 0000002c 0 0 0 0 0 0 0 0 1 0 0 00000030 0 0 0000002c 1 1 1 0
C 29 0000002c 1 0 0 0 0 0 0 1 1 0 0 00000030 0 0 00000030 1 1 1 1
R 29 15 0000002c 0000006f 0
C 30 0000002c 0 0 0 0 0 0 0 0 1 0 0 00000030 0 0 0000002c 1 1 1 0
C 31 0000002c 1 0 0 0 0 0 0 1 1 0 0 00000030 0 0 00000030 1 1 1 1
R 31 16 0000002c 0000006f 0
C 32 0000002c 0 0 0 0 0 0 0 0 1 0 0 00000030 0 0 0000002c 1 1 1 0
C 33 0000002c 1 0 0 0 0 0 0 1 1 0 0 00000030 0 0 00000030 1 1 1 1
R 33 17 0000002c 0000006f 0
C 34 0000002c 0 0 0 0 0 0 0 0 1 0 0 00000030 0 0 0000002c 1 1 1 0
C 35 0000002c 1 0 0 0 0 0 0 1 1 0 0 00000030 0 0 00000030 1 1 1 1
R 35 18 0000002c 0000006f 0
C 36 0000002c 0 0 0 0 0 0 0 0 1 0 0 00000030 0 0 0000002c 1 1 1 0
C 37 0000002c 1 0 0 0 0 0 0 1 1 0 0 00000030 0 0 00000030 1 1 1 1
R 37 19 0000002c 0000006f 0
C 38 0000002c 0 0 0 0 0 0 0 0 1 0 0 00000030 0 0 0000002c 1 1 1 0
C 39 0000002c 1 0 0 0 0 0 0 1 1 0 0 00000030 0 0 00000030 1 1 1 1
R 39 20 0000002c 0000006f 0
C 40 0000002c 0 0 0 0 0 0 0 0 1 0 0 00000030 0 0 0000002c 1 1 1 0
C 41 0000002c 1 0 0 0 0 0 0 1 1 0 0 00000030 0 0 00000030 1 1 1 1
R 41 21 0000002c 0000006f 0
C 42 0000002c 0 0 0 0 0 0 0 0 1 0 0 00000030 0 0 0000002c 1 1 1 0
C 43 0000002c 1 0 0 0 0 0 0 1 1 0 0 00000030 0 0 00000030 1 1 1 1
R 43 22 0000002c 0000006f 0
C 44 0000002c 0 0 0 0 0 0 0 0 1 0 0 00000030 0 0 0000002c 1 1 1 0
C 45 0000002c 1 0 0 0 0 0 0 1 1 0 0 00000030 0 0 00000030 1 1 1 1
R 45 23 0000002c 0000006f 0
C 46 0000002c 0 0 0 0 0 0 0 0 1 0 0 00000030 0 0 0000002c 1 1 1 0
C 47 0000002c 1 0 0 0 0 0 0 1 1 0 0 00000030 0 0 00000030 1 1 1 1
R 47 24 0000002c 0000006f 0
C 48 0000002c 0 0 0 0 0 0 0 0 1 0 0 00000030 0 0 0000002c 1 1 1 0
C 49 0000002c 1 0 0 0 0 0 0 1 1 0 0 00000030 0 0 00000030 1 1 1 1
R 49 25 0000002c 0000006f 0
C 50 0000002c 0 0 0 0 0 0 0 0 1 0 0 00000030 0 0 0000002c 1 1 1 0
C 51 0000002c 1 0 0 0 0 0 0 1 1 0 0 00000030 0 0 00000030 1 1 1 1
R 51 26 0000002c 0000006f 0
C 52 0000002c 0 0 0 0 0 0 0 0 1 0 0 00000030 0 0 0000002c 1 1 1 0
C 53 0000002c 1 0 0 0 0 0 0 1 1 0 0 00000030 0 0 00000030 1 1 1 1
R 53 27 0000002c 0000006f 0
C 54 0000002c 0 0 0 0 0 0 0 0 1 0 0 00000030 0 0 0000002c 1 1 1 0
C 55 0000002c 1 0 0 0 0 0 0 1 1 0 0 00000030 0 0 00000030 1 1 1 1
R 55 28 0000002c 0000006f 0
C 56 0000002c 0 0 0 0 0 0 0 0 1 0 0 00000030 0 0 0000002c 1 1 1 0
C 57 0000002c 1 0 0 0 0 0 0 1 1 0 0 00000030 0 0 00000030 1 1 1 1
R 57 29 0000002c 0000006f 0
C 58 0000002c 0 0 0 0 0 0 0 0 1 0 0 00000030 0 0 0000002c 1 1 1 0
C 59 0000002c 1 0 0 0 0 0 0 1 1 0 0 00000030 0 0 00000030 1 1 1 1
R 59 30 0000002c 0000006f 0
C 60 0000002c 0 0 0 0 0 0 0 0 1 0 0 00000030 0 0 0000002c 1 1 1 0
C 61 0000002c 1 0 0 0 0 0 0 1 1 0 0 00000030 0 0 00000030 1 1 1 1
R 61 31 0000002c 0000006f 0
C 62 0000002c 0 0 0 0 0 0 0 0 1 0 0 00000030 0 0 0000002c 1 1 1 0
C 63 0000002c 1 0 0 0 0 0 0 1 1 0 0 00000030 0 0 00000030 1 1 1 1
R 63 32 0000002c 0000006f 0
C 64 0000002c 0 0 0 0 0 0 0 0 1 0 0 00000030 0 0 0000002c 1 1 1 0
C 65 0000002c 1 0 0 0 0 0 0 1 1 0 0 00000030 0 0 00000030 1 1 1 1
R 65 33 0000002c 0000006f 0
C 66 0000002c 0 0 0 0 0 0 0 0 1 0 0 00000030 0 0 0000002c 1 1 1 0
C 67 0000002c 1 0 0 0 0 0 0 1 1 0 0 00000030 0 0 00000030 1 1 1 1
R 67 34 0000002c 0000006f 0
C 68 0000002c 0 0 0 0 0 0 0 0 1 0 0 00000030 0 0 0000002c 1 1 1 0
C 69 0000002c 1 0 0 0 0 0 0 1 1 0 0 00000030 0 0 00000030 1 1 1 1
R 69 35 0000002c 0000006f 0
C 70 0000002c 0 0 0 0 0 0 0 0 1 0 0 00000030 0 0 0000002c 1 1 1 0
C 71 0000002c 1 0 0 0 0 0 0 1 1 0 0 00000030 0 0 00000030 1 1 1 1
R 71 36 0000002c 0000006f 0
C 72 0000002c 0 0 0 0 0 0 0 0 1 0 0 00000030 0 0 0000002c 1 1 1 0
C 73 0000002c 1 0 0 0 0 0 0 1 1 0 0 00000030 0 0 00000030 1 1 1 1
R 73 37 0000002c 0000006f 0
C 74 0000002c 0 0 0 0 0 0 0 0 1 0 0 00000030 0 0 0000002c 1 1 1 0
C 75 0000002c 1 0 0 0 0 0 0 1 1 0 0 00000030 0 0 00000030 1 1 1 1
R 75 38 0000002c 0000006f 0
C 76 0000002c 0 0 0 0 0 0 0 0 1 0 0 00000030 0 0 0000002c 1 1 1 0
C 77 0000002c 1 0 0 0 0 0 0 1 1 0 0 00000030 0 0 00000030 1 1 1 1
R 77 39 0000002c 0000006f 0
C 78 0000002c 0 0 0 0 0 0 0 0 1 0 0 00000030 0 0 0000002c 1 1 1 0
C 79 0000002c 1 0 0 0 0 0 0 1 1 0 0 00000030 0 0 00000030 1 1 1 1
R 79 40 0000002c 0000006f 0
C 80 0000002c 0 0 0 0 0 0 0 0 1 0 0 00000030 0 0 0000002c 1 1 1 0
C 81 0000002c 1 0 0 0 0 0 0 1 1 0 0 00000030 0 0 00000030 1 1 1 1
R 81 41 0000002c 0000006f 0
C 82 0000002c 0 0 0 0 0 0 0 0 1 0 0 00000030 0 0 0000002c 1 1 1 0
C 83 0000002c 1 0 0 0 0 0 0 1 1 0 0 00000030 0 0 00000030 1 1 1 1
R 83 42 0000002c 0000006f 0
C 84 0000002c 0 0 0 0 0 0 0 0 1 0 0 00000030 0 0 0000002c 1 1 1 0
C 85 0000002c 1 0 0 0 0 0 0 1 1 0 0 00000030 0 0 00000030 1 1 1 1
R 85 43 0000002c 0000006f 0
C 86 0000002c 0 0 0 0 0 0 0 0 1 0 0 00000030 0 0 0000002c 1 1 1 0
C 87 0000002c 1 0 0 0 0 0 0 1 1 0 0 00000030 0 0 00000030 1 1 1 1
R 87 44 0000002c 0000006f 0
C 88 0000002c 0 0 0 0 0 0 0 0 1 0 0 00000030 0 0 0000002c 1 1 1 0
C 89 0000002c 1 0 0 0 0 0 0 1 1 0 0 00000030 0 0 00000030 1 1 1 1
R 89 45 0000002c 0000006f 0
C 90 0000002c 0 0 0 0 0 0 0 0 1 0 0 00000030 0 0 0000002c 1 1 1 0
C 91 0000002c 1 0 0 0 0 0 0 1 1 0 0 00000030 0 0 00000030 1 1 1 1
R 91 46 0000002c 0000006f 0
C 92 0000002c 0 0 0 0 0 0 0 0 1 0 0 00000030 0 0 0000002c 1 1 1 0
C 93 0000002c 1 0 0 0 0 0 0 1 1 0 0 00000030 0 0 00000030 1 1 1 1
R 93 47 0000002c 0000006f 0
C 94 0000002c 0 0 0 0 0 0 0 0 1 0 0 00000030 0 0 0000002c 1 1 1 0
C 95 0000002c 1 0 0 0 0 0 0 1 1 0 0 00000030 0 0 00000030 1 1 1 1
R 95 48 0000002c 0000006f 0
C 96 0000002c 0 0 0 0 0 0 0 0 1 0 0 00000030 0 0 0000002c 1 1 1 0
C 97 0000002c 1 0 0 0 0 0 0 1 1 0 0 00000030 0 0 00000030 1 1 1 1
R 97 49 0000002c 0000006f 0
C 98 0000002c 0 0 0 0 0 0 0 0 1 0 0 00000030 0 0 0000002c 1 1 1 0
C 99 0000002c 1 0 0 0 0 0 0 1 1 0 0 00000030 0 0 00000030 1 1 1 1
R 99 50 0000002c 0000006f 0
C 100 0000002c 0 0 0 0 0 0 0 0 1 0 0 00000030 0 0 0000002c 1 1 1 0
C 101 0000002c 1 0 0 0 0 0 0 1 1 0 0 00000030 0 0 00000030 1 1 1 1
R 101 51 0000002c 0000006f 0
C 102 0000002c 0 0 0 0 0 0 0 0 1 0 0 00000030 0 0 0000002c 1 1 1 0
C 103 0000002c 1 0 0 0 0 0 0 1 1 0 0 00000030 0 0 00000030 1 1 1 1
R 103 52 0000002c 0000006f 0
C 104 0000002c 0 0 0 0 0 0 0 0 1 0 0 00000030 0 0 0000002c 1 1 1 0
C 105 0000002c 1 0 0 0 0 0 0 1 1 0 0 00000030 0 0 00000030 1 1 1 1
R 105 53 0000002c 0000006f 0
C 106 0000002c 0 0 0 0 0 0 0 0 1 0 0 00000030 0 0 0000002c 1 1 1 0
C 107 0000002c 1 0 0 0 0 0 0 1 1 0 0 00000030 0 0 00000030 1 1 1 1
R 107 54 0000002c 0000006f 0
C 108 0000002c 0 0 0 0 0 0 0 0 1 0 0 00000030 0 0 0000002c 1 1 1 0
C 109 0000002c 1 0 0 0 0 0 0 1 1 0 0 00000030 0 0 00000030 1 1 1 1
R 109 55 0000002c 0000006f 0
C 110 0000002c 0 0 0 0 0 0 0 0 1 0 0 00000030 0 0 0000002c 1 1 1 0
C 111 0000002c 1 0 0 0 0 0 0 1 1 0 0 00000030 0 0 00000030 1 1 1 1
R 111 56 0000002c 0000006f 0
C 112 0000002c 0 0 0 0 0 0 0 0 1 0 0 00000030 0 0 0000002c 1 1 1 0
C 113 0000002c 1 0 0 0 0 0 0 1 1 0 0 00000030 0 0 00000030 1 1 1 1
R 113 57 0000002c 0000006f 0
C 114 0000002c 0 0 0 0 0 0 0 0 1 0 0 00000030 0 0 0000002c 1 1 1 0
C 115 0000002c 1 0 0 0 0 0 0 1 1 0 0 00000030 0 0 00000030 1 1 1 1
R 115 58 0000002c 0000006f 0
C 116 0000002c 0 0 0 0 0 0 0 0 1 0 0 00000030 0 0 0000002c 1 1 1 0
C 117 0000002c 1 0 0 0 0 0 0 1 1 0 0 00000030 0 0 00000030 1 1 1 1
R 117 59 0000002c 0000006f 0
C 118 0000002c 0 0 0 0 0 0 0 0 1 0 0 00000030 0 0 0000002c 1 1 1 0
C 119 0000002c 1 0 0 0 0 0 0 1 1 0 0 00000030 0 0 00000030 1 1 1 1
R 119 60 0000002c 0000006f 0
C 120 0000002c 0 0 0 0 0 0 0 0 1 0 0 00000030 0 0 0000002c 1 1 1 0
C 121 0000002c 1 0 0 0 0 0 0 1 1 0 0 00000030 0 0 00000030 1 1 1 1
R 121 61 0000002c 0000006f 0
C 122 0000002c 0 0 0 0 0 0 0 0 1 0 0 00000030 0 0 0000002c 1 1 1 0
C 123 0000002c 1 0 0 0 0 0 0 1 1 0 0 00000030 0 0 00000030 1 1 1 1
R 123 62 0000002c 0000006f 0
C 124 0000002c 0 0 0 0 0 0 0 0 1 0 0 00000030 0 0 0000002c 1 1 1 0
C 125 0000002c 1 0 0 0 0 0 0 1 1 0 0 00000030 0 0 00000030 1 1 1 1
R 125 63 0000002c 0000006f 0
C 126 0000002c 0 0 0 0 0 0 0 0 1 0 0 00000030 0 0 0000002c 1 1 1 0
C 127 0000002c 1 0 0 0 0 0 0 1 1 0 0 00000030 0 0 00000030 1 1 1 1
R 127 64 0000002c 0000006f 0
C 128 0000002c 0 0 0 0 0 0 0 0 1 0 0 00000030 0 0 0000002c 1 1 1 0
C 129 0000002c 1 0 0 0 0 0 0 1 1 0 0 00000030 0 0 00000030 1 1 1 1
R 129 65 0000002c 0000006f 0
C 130 0000002c 0 0 0 0 0 0 0 0 1 0 0 00000030 0 0 0000002c 1 1 1 0
C 131 0000002c 1 0 0 0 0 0 0 1 1 0 0 00000030 0 0 00000030 1 1 1 1
R 131 66 0000002c 0000006f 0
C 132 0000002c 0 0 0 0 0 0 0 0 1 0 0 00000030 0 0 0000002c 1 1 1 0
C 133 0000002c 1 0 0 0 0 0 0 1 1 0 0 00000030 0 0 00000030 1 1 1 1
R 133 67 0000002c 0000006f 0
C 134 0000002c 0 0 0 0 0 0 0 0 1 0 0 00000030 0 0 0000002c 1 1 1 0
C 135 0000002c 1 0 0 0 0 0 0 1 1 0 0 00000030 0 0 00000030 1 1 1 1
R 135 68 0000002c 0000006f 0
C 136 0000002c 0 0 0 0 0 0 0 0 1 0 0 00000030 0 0 0000002c 1 1 1 0
C 137 0000002c 1 0 0 0 0 0 0 1 1 0 0 00000030 0 0 00000030 1 1 1 1
R 137 69 0000002c 0000006f 0
C 138 0000002c 0 0 0 0 0 0 0 0 1 0 0 00000030 0 0 0000002c 1 1 1 0
C 139 0000002c 1 0 0 0 0 0 0 1 1 0 0 00000030 0 0 00000030 1 1 1 1
R 139 70 0000002c 0000006f 0
C 140 0000002c 0 0 0 0 0 0 0 0 1 0 0 00000030 0 0 0000002c 1 1 1 0
C 141 0000002c 1 0 0 0 0 0 0 1 1 0 0 00000030 0 0 00000030 1 1 1 1
R 141 71 0000002c 0000006f 0
C 142 0000002c 0 0 0 0 0 0 0 0 1 0 0 00000030 0 0 0000002c 1 1 1 0
C 143 0000002c 1 0 0 0 0 0 0 1 1 0 0 00000030 0 0 00000030 1 1 1 1
R 143 72 0000002c 0000006f 0
C 144 0000002c 0 0 0 0 0 0 0 0 1 0 0 00000030 0 0 0000002c 1 1 1 0
C 145 0000002c 1 0 0 0 0 0 0 1 1 0 0 00000030 0 0 00000030 1 1 1 1
R 145 73 0000002c 0000006f 0
C 146 0000002c 0 0 0 0 0 0 0 0 1 0 0 00000030 0 0 0000002c 1 1 1 0
C 147 0000002c 1 0 0 0 0 0 0 1 1 0 0 00000030 0 0 00000030 1 1 1 1
R 147 74 0000002c 0000006f 0
C 148 0000002c 0 0 0 0 0 0 0 0 1 0 0 00000030 0 0 0000002c 1 1 1 0
C 149 0000002c 1 0 0 0 0 0 0 1 1 0 0 00000030 0 0 00000030 1 1 1 1
R 149 75 0000002c 0000006f 0
C 150 0000002c 0 0 0 0 0 0 0 0 1 0 0 00000030 0 0 0000002c 1 1 1 0
C 151 0000002c 1 0 0 0 0 0 0 1 1 0 0 00000030 0 0 00000030 1 1 1 1
R 151 76 0000002c 0000006f 0
C 152 0000002c 0 0 0 0 0 0 0 0 1 0 0 00000030 0 0 0000002c 1 1 1 0
C 153 0000002c 1 0 0 0 0 0 0 1 1 0 0 00000030 0 0 00000030 1 1 1 1
R 153 77 0000002c 0000006f 0
C 154 0000002c 0 0 0 0 0 0 0 0 1 0 0 00000030 0 0 0000002c 1 1 1 0
C 155 0000002c 1 0 0 0 0 0 0 1 1 0 0 00000030 0 0 00000030 1 1 1 1
R 155 78 0000002c 0000006f 0
C 156 0000002c 0 0 0 0 0 0 0 0 1 0 0 00000030 0 0 0000002c 1 1 1 0
C 157 0000002c 1 0 0 0 0 0 0 1 1 0 0 00000030 0 0 00000030 1 1 1 1
R 157 79 0000002c 0000006f 0
C 158 0000002c 0 0 0 0 0 0 0 0 1 0 0 00000030 0 0 0000002c 1 1 1 0
C 159 0000002c 1 0 0 0 0 0 0 1 1 0 0 00000030 0 0 00000030 1 1 1 1
R 159 80 0000002c 0000006f 0
C 160 0000002c 0 0 0 0 0 0 0 0 1 0 0 00000030 0 0 0000002c 1 1 1 0
C 161 0000002c 1 0 0 0 0 0 0 1 1 0 0 00000030 0 0 00000030 1 1 1 1
R 161 81 0000002c 0000006f 0
C 162 0000002c 0 0 0 0 0 0 0 0 1 0 0 00000030 0 0 0000002c 1 1 1 0
C 163 0000002c 1 0 0 0 0 0 0 1 1 0 0 00000030 0 0 00000030 1 1 1 1
R 163 82 0000002c 0000006f 0
C 164 0000002c 0 0 0 0 0 0 0 0 1 0 0 00000030 0 0 0000002c 1 1 1 0
C 165 0000002c 1 0 0 0 0 0 0 1 1 0 0 00000030 0 0 00000030 1 1 1 1
R 165 83 0000002c 0000006f 0
C 166 0000002c 0 0 0 0 0 0 0 0 1 0 0 00000030 0 0 0000002c 1 1 1 0
C 167 0000002c 1 0 0 0 0 0 0 1 1 0 0 00000030 0 0 00000030 1 1 1 1
R 167 84 0000002c 0000006f 0
C 168 0000002c 0 0 0 0 0 0 0 0 1 0 0 00000030 0 0 0000002c 1 1 1 0
C 169 0000002c 1 0 0 0 0 0 0 1 1 0 0 00000030 0 0 00000030 1 1 1 1
R 169 85 0000002c 0000006f 0
C 170 0000002c 0 0 0 0 0 0 0 0 1 0 0 00000030 0 0 0000002c 1 1 1 0
C 171 0000002c 1 0 0 0 0 0 0 1 1 0 0 00000030 0 0 00000030 1 1 1 1
R 171 86 0000002c 0000006f 0
C 172 0000002c 0 0 0 0 0 0 0 0 1 0 0 00000030 0 0 0000002c 1 1 1 0
C 173 0000002c 1 0 0 0 0 0 0 1 1 0 0 00000030 0 0 00000030 1 1 1 1
R 173 87 0000002c 0000006f 0
C 174 0000002c 0 0 0 0 0 0 0 0 1 0 0 00000030 0 0 0000002c 1 1 1 0
C 175 0000002c 1 0 0 0 0 0 0 1 1 0 0 00000030 0 0 00000030 1 1 1 1
R 175 88 0000002c 0000006f 0
C 176 0000002c 0 0 0 0 0 0 0 0 1 0 0 00000030 0 0 0000002c 1 1 1 0
C 177 0000002c 1 0 0 0 0 0 0 1 1 0 0 00000030 0 0 00000030 1 1 1 1
R 177 89 0000002c 0000006f 0
C 178 0000002c 0 0 0 0 0 0 0 0 1 0 0 00000030 0 0 0000002c 1 1 1 0
C 179 0000002c 1 0 0 0 0 0 0 1 1 0 0 00000030 0 0 00000030 1 1 1 1
R 179 90 0000002c 0000006f 0
C 180 0000002c 0 0 0 0 0 0 0 0 1 0 0 00000030 0 0 0000002c 1 1 1 0
C 181 0000002c 1 0 0 0 0 0 0 1 1 0 0 00000030 0 0 00000030 1 1 1 1
R 181 91 0000002c 0000006f 0
C 182 0000002c 0 0 0 0 0 0 0 0 1 0 0 00000030 0 0 0000002c 1 1 1 0
C 183 0000002c 1 0 0 0 0 0 0 1 1 0 0 00000030 0 0 00000030 1 1 1 1
R 183 92 0000002c 0000006f 0
C 184 0000002c 0 0 0 0 0 0 0 0 1 0 0 00000030 0 0 0000002c 1 1 1 0
C 185 0000002c 1 0 0 0 0 0 0 1 1 0 0 00000030 0 0 00000030 1 1 1 1
R 185 93 0000002c 0000006f 0
C 186 0000002c 0 0 0 0 0 0 0 0 1 0 0 00000030 0 0 0000002c 1 1 1 0
C 187 0000002c 1 0 0 0 0 0 0 1 1 0 0 00000030 0 0 00000030 1 1 1 1
R 187 94 0000002c 0000006f 0
C 188 0000002c 0 0 0 0 0 0 0 0 1 0 0 00000030 0 0 0000002c 1 1 1 0
C 189 0000002c 1 0 0 0 0 0 0 1 1 0 0 00000030 0 0 00000030 1 1 1 1
R 189 95 0000002c 0000006f 0
C 190 0000002c 0 0 0 0 0 0 0 0 1 0 0 00000030 0 0 0000002c 1 1 1 0
C 191 0000002c 1 0 0 0 0 0 0 1 1 0 0 00000030 0 0 00000030 1 1 1 1
R 191 96 0000002c 0000006f 0
C 192 0000002c 0 0 0 0 0 0 0 0 1 0 0 00000030 0 0 0000002c 1 1 1 0
C 193 0000002c 1 0 0 0 0 0 0 1 1 0 0 00000030 0 0 00000030 1 1 1 1
R 193 97 0000002c 0000006f 0
C 194 0000002c 0 0 0 0 0 0 0 0 1 0 0 00000030 0 0 0000002c 1 1 1 0
C 195 0000002c 1 0 0 0 0 0 0 1 1 0 0 00000030 0 0 00000030 1 1 1 1
R 195 98 0000002c 0000006f 0
C 196 0000002c 0 0 0 0 0 0 0 0 1 0 0 00000030 0 0 0000002c 1 1 1 0
C 197 0000002c 1 0 0 0 0 0 0 1 1 0 0 00000030 0 0 00000030 1 1 1 1
R 197 99 0000002c 0000006f 0
C 198 0000002c 0 0 0 0 0 0 0 0 1 0 0 00000030 0 0 0000002c 1 1 1 0
C 199 0000002c 1 0 0 0 0 0 0 1 1 0 0 00000030 0 0 00000030 1 1 1 1
R 199 100 0000002c 0000006f 0
C 200 0000002c 0 0 0 0 0 0 0 0 1 0 0 00000030 0 0 0000002c 1 1 1 0
C 201 0000002c 1 0 0 0 0 0 0 1 1 0 0 00000030 0 0 00000030 1 1 1 1
R 201 101 0000002c 0000006f 0
C 202 0000002c 0 0 0 0 0 0 0 0 1 0 0 00000030 0 0 0000002c 1 1 1 0
C 203 0000002c 1 0 0 0 0 0 0 1 1 0 0 00000030 0 0 00000030 1 1 1 1
R 203 102 0000002c 0000006f 0
C 204 0000002c 0 0 0 0 0 0 0 0 1 0 0 00000030 0 0 0000002c 1 1 1 0
C 205 0000002c 1 0 0 0 0 0 0 1 1 0 0 00000030 0 0 00000030 1 1 1 1
R 205 103 0000002c 0000006f 0
C 206 0000002c 0 0 0 0 0 0 0 0 1 0 0 00000030 0 0 0000002c 1 1 1 0
C 207 0000002c 1 0 0 0 0 0 0 1 1 0 0 00000030 0 0 00000030 1 1 1 1
R 207 104 0000002c 0000006f 0
C 208 0000002c 0 0 0 0 0 0 0 0 1 0 0 00000030 0 0 0000002c 1 1 1 0
C 209 0000002c 1 0 0 0 0 0 0 1 1 0 0 00000030 0 0 00000030 1 1 1 1
R 209 105 0000002c 0000006f 0
C 210 0000002c 0 0 0 0 0 0 0 0 1 0 0 00000030 0 0 0000002c 1 1 1 0
C 211 0000002c 1 0 0 0 0 0 0 1 1 0 0 00000030 0 0 00000030 1 1 1 1
R 211 106 0000002c 0000006f 0
C 212 0000002c 0 0 0 0 0 0 0 0 1 0 0 00000030 0 0 0000002c 1 1 1 0
C 213 0000002c 1 0 0 0 0 0 0 1 1 0 0 00000030 0 0 00000030 1 1 1 1
R 213 107 0000002c 0000006f 0
C 214 0000002c 0 0 0 0 0 0 0 0 1 0 0 00000030 0 0 0000002c 1 1 1 0
C 215 0000002c 1 0 0 0 0 0 0 1 1 0 0 00000030 0 0 00000030 1 1 1 1
R 215 108 0000002c 0000006f 0
C 216 0000002c 0 0 0 0 0 0 0 0 1 0 0 00000030 0 0 0000002c 1 1 1 0
C 217 0000002c 1 0 0 0 0 0 0 1 1 0 0 00000030 0 0 00000030 1 1 1 1
R 217 109 0000002c 0000006f 0
C 218 0000002c 0 0 0 0 0 0 0 0 1 0 0 00000030 0 0 0000002c 1 1 1 0
C 219 0000002c 1 0 0 0 0 0 0 1 1 0 0 00000030 0 0 00000030 1 1 1 1
R 219 110 0000002c 0000006f 0
C 220 0000002c 0 0 0 0 0 0 0 0 1 0 0 00000030 0 0 0000002c 1 1 1 0
C 221 0000002c 1 0 0 0 0 0 0 1 1 0 0 00000030 0 0 00000030 1 1 1 1
R 221 111 0000002c 0000006f 0
C 222 0000002c 0 0 0 0 0 0 0 0 1 0 0 00000030 0 0 0000002c 1 1 1 0
C 223 0000002c 1 0 0 0 0 0 0 1 1 0 0 00000030 0 0 00000030 1 1 1 1
R 223 112 0000002c 0000006f 0
C 224 0000002c 0 0 0 0 0 0 0 0 1 0 0 00000030 0 0 0000002c 1 1 1 0
C 225 0000002c 1 0 0 0 0 0 0 1 1 0 0 00000030 0 0 00000030 1 1 1 1
R 225 113 0000002c 0000006f 0
C 226 0000002c 0 0 0 0 0 0 0 0 1 0 0 00000030 0 0 0000002c 1 1 1 0
C 227 0000002c 1 0 0 0 0 0 0 1 1 0 0 00000030 0 0 00000030 1 1 1 1
R 227 114 0000002c 0000006f 0
C 228 0000002c 0 0 0 0 0 0 0 0 1 0 0 00000030 0 0 0000002c 1 1 1 0
C 229 0000002c 1 0 0 0 0 0 0 1 1 0 0 00000030 0 0 00000030 1 1 1 1
R 229 115 0000002c 0000006f 0
C 230 0000002c 0 0 0 0 0 0 0 0 1 0 0 00000030 0 0 0000002c 1 1 1 0
C 231 0000002c 1 0 0 0 0 0 0 1 1 0 0 00000030 0 0 00000030 1 1 1 1
R 231 116 0000002c 0000006f 0
C 232 0000002c 0 0 0 0 0 0 0 0 1 0 0 00000030 0 0 0000002c 1 1 1 0
C 233 0000002c 1 0 0 0 0 0 0 1 1 0 0 00000030 0 0 00000030 1 1 1 1
R 233 117 0000002c 0000006f 0
C 234 0000002c 0 0 0 0 0 0 0 0 1 0 0 00000030 0 0 0000002c 1 1 1 0
C 235 0000002c 1 0 0 0 0 0 0 1 1 0 0 00000030 0 0 00000030 1 1 1 1
R 235 118 0000002c 0000006f 0
C 236 0000002c 0 0 0 0 0 0 0 0 1 0 0 00000030 0 0 0000002c 1 1 1 0
C 237 0000002c 1 0 0 0 0 0 0 1 1 0 0 00000030 0 0 00000030 1 1 1 1
R 237 119 0000002c 0000006f 0
C 238 0000002c 0 0 0 0 0 0 0 0 1 0 0 00000030 0 0 0000002c 1 1 1 0
C 239 0000002c 1 0 0 0 0 0 0 1 1 0 0 00000030 0 0 00000030 1 1 1 1
R 239 120 0000002c 0000006f 0
C 240 0000002c 0 0 0 0 0 0 0 0 1 0 0 00000030 0 0 0000002c 1 1 1 0
C 241 0000002c 1 0 0 0 0 0 0 1 1 0 0 00000030 0 0 00000030 1 1 1 1
R 241 121 0000002c 0000006f 0
C 242 0000002c 0 0 0 0 0 0 0 0 1 0 0 00000030 0 0 0000002c 1 1 1 0
C 243 0000002c 1 0 0 0 0 0 0 1 1 0 0 00000030 0 0 00000030 1 1 1 1
R 243 122 0000002c 0000006f 0
C 244 0000002c 0 0 0 0 0 0 0 0 1 0 0 00000030 0 0 0000002c 1 1 1 0
C 245 0000002c 1 0 0 0 0 0 0 1 1 0 0 00000030 0 0 00000030 1 1 1 1
R 245 123 0000002c 0000006f 0
C 246 0000002c 0 0 0 0 0 0 0 0 1 0 0 00000030 0 0 0000002c 1 1 1 0
C 247 0000002c 1 0 0 0 0 0 0 1 1 0 0 00000030 0 0 00000030 1 1 1 1
R 247 124 0000002c 0000006f 0
C 248 0000002c 0 0 0 0 0 0 0 0 1 0 0 00000030 0 0 0000002c 1 1 1 0
C 249 0000002c 1 0 0 0 0 0 0 1 1 0 0 00000030 0 0 00000030 1 1 1 1
R 249 125 0000002c 0000006f 0
C 250 0000002c 0 0 0 0 0 0 0 0 1 0 0 00000030 0 0 0000002c 1 1 1 0
C 251 0000002c 1 0 0 0 0 0 0 1 1 0 0 00000030 0 0 00000030 1 1 1 1
R 251 126 0000002c 0000006f 0
C 252 0000002c 0 0 0 0 0 0 0 0 1 0 0 00000030 0 0 0000002c 1 1 1 0
C 253 0000002c 1 0 0 0 0 0 0 1 1 0 0 00000030 0 0 00000030 1 1 1 1
R 253 127 0000002c 0000006f 0
C 254 0000002c 0 0 0 0 0 0 0 0 1 0 0 00000030 0 0 0000002c 1 1 1 0
C 255 0000002c 1 0 0 0 0 0 0 1 1 0 0 00000030 0 0 00000030 1 1 1 1
R 255 128 0000002c 0000006f 0
C 256 0000002c 0 0 0 0 0 0 0 0 1 0 0 00000030 0 0 0000002c 1 1 1 0
C 257 0000002c 1 0 0 0 0 0 0 1 1 0 0 00000030 0 0 00000030 1 1 1 1
R 257 129 0000002c 0000006f 0
C 258 0000002c 0 0 0 0 0 0 0 0 1 0 0 00000030 0 0 0000002c 1 1 1 0
C 259 0000002c 1 0 0 0 0 0 0 1 1 0 0 00000030 0 0 00000030 1 1 1 1
R 259 130 0000002c 0000006f 0
C 260 0000002c 0 0 0 0 0 0 0 0 1 0 0 00000030 0 0 0000002c 1 1 1 0
C 261 0000002c 1 0 0 0 0 0 0 1 1 0 0 00000030 0 0 00000030 1 1 1 1
R 261 131 0000002c 0000006f 0
C 262 0000002c 0 0 0 0 0 0 0 0 1 0 0 00000030 0 0 0000002c 1 1 1 0
C 263 0000002c 1 0 0 0 0 0 0 1 1 0 0 00000030 0 0 00000030 1 1 1 1
R 263 132 0000002c 0000006f 0
C 264 0000002c 0 0 0 0 0 0 0 0 1 0 0 00000030 0 0 0000002c 1 1 1 0
C 265 0000002c 1 0 0 0 0 0 0 1 1 0 0 00000030 0 0 00000030 1 1 1 1
R 265 133 0000002c 0000006f 0
C 266 0000002c 0 0 0 0 0 0 0 0 1 0 0 00000030 0 0 0000002c 1 1 1 0
C 267 0000002c 1 0 0 0 0 0 0 1 1 0 0 00000030 0 0 00000030 1 1 1 1
R 267 134 0000002c 0000006f 0
C 268 0000002c 0 0 0 0 0 0 0 0 1 0 0 00000030 0 0 0000002c 1 1 1 0
C 269 0000002c 1 0 0 0 0 0 0 1 1 0 0 00000030 0 0 00000030 1 1 1 1
R 269 135 0000002c 0000006f 0
C 270 0000002c 0 0 0 0 0 0 0 0 1 0 0 00000030 0 0 0000002c 1 1 1 0
C 271 0000002c 1 0 0 0 0 0 0 1 1 0 0 00000030 0 0 00000030 1 1 1 1
R 271 136 0000002c 0000006f 0
C 272 0000002c 0 0 0 0 0 0 0 0 1 0 0 00000030 0 0 0000002c 1 1 1 0
C 273 0000002c 1 0 0 0 0 0 0 1 1 0 0 00000030 0 0 00000030 1 1 1 1
R 273 137 0000002c 0000006f 0
C 274 0000002c 0 0 0 0 0 0 0 0 1 0 0 00000030 0 0 0000002c 1 1 1 0
C 275 0000002c 1 0 0 0 0 0 0 1 1 0 0 00000030 0 0 00000030 1 1 1 1
R 275 138 0000002c 0000006f 0
C 276 0000002c 0 0 0 0 0 0 0 0 1 0 0 00000030 0 0 0000002c 1 1 1 0
C 277 0000002c 1 0 0 0 0 0 0 1 1 0 0 00000030 0 0 00000030 1 1 1 1
R 277 139 0000002c 0000006f 0
C 278 0000002c 0 0 0 0 0 0 0 0 1 0 0 00000030 0 0 0000002c 1 1 1 0
C 279 0000002c 1 0 0 0 0 0 0 1 1 0 0 00000030 0 0 00000030 1 1 1 1
R 279 140 0000002c 0000006f 0
C 280 0000002c 0 0 0 0 0 0 0 0 1 0 0 00000030 0 0 0000002c 1 1 1 0
C 281 0000002c 1 0 0 0 0 0 0 1 1 0 0 00000030 0 0 00000030 1 1 1 1
R 281 141 0000002c 0000006f 0
C 282 0000002c 0 0 0 0 0 0 0 0 1 0 0 00000030 0 0 0000002c 1 1 1 0
C 283 0000002c 1 0 0 0 0 0 0 1 1 0 0 00000030 0 0 00000030 1 1 1 1
R 283 142 0000002c 0000006f 0
C 284 0000002c 0 0 0 0 0 0 0 0 1 0 0 00000030 0 0 0000002c 1 1 1 0
C 285 0000002c 1 0 0 0 0 0 0 1 1 0 0 00000030 0 0 00000030 1 1 1 1
R 285 143 0000002c 0000006f 0
C 286 0000002c 0 0 0 0 0 0 0 0 1 0 0 00000030 0 0 0000002c 1 1 1 0
C 287 0000002c 1 0 0 0 0 0 0 1 1 0 0 00000030 0 0 00000030 1 1 1 1
R 287 144 0000002c 0000006f 0
C 288 0000002c 0 0 0 0 0 0 0 0 1 0 0 00000030 0 0 0000002c 1 1 1 0
C 289 0000002c 1 0 0 0 0 0 0 1 1 0 0 00000030 0 0 00000030 1 1 1 1
R 289 145 0000002c 0000006f 0
C 290 0000002c 0 0 0 0 0 0 0 0 1 0 0 00000030 0 0 0000002c 1 1 1 0
C 291 0000002c 1 0 0 0 0 0 0 1 1 0 0 00000030 0 0 00000030 1 1 1 1
R 291 146 0000002c 0000006f 0
C 292 0000002c 0 0 0 0 0 0 0 0 1 0 0 00000030 0 0 0000002c 1 1 1 0
C 293 0000002c 1 0 0 0 0 0 0 1 1 0 0 00000030 0 0 00000030 1 1 1 1
R 293 147 0000002c 0000006f 0
C 294 0000002c 0 0 0 0 0 0 0 0 1 0 0 00000030 0 0 0000002c 1 1 1 0
C 295 0000002c 1 0 0 0 0 0 0 1 1 0 0 00000030 0 0 00000030 1 1 1 1
R 295 148 0000002c 0000006f 0
C 296 0000002c 0 0 0 0 0 0 0 0 1 0 0 00000030 0 0 0000002c 1 1 1 0
C 297 0000002c 1 0 0 0 0 0 0 1 1 0 0 00000030 0 0 00000030 1 1 1 1
R 297 149 0000002c 0000006f 0
C 298 0000002c 0 0 0 0 0 0 0 0 1 0 0 00000030 0 0 0000002c 1 1 1 0
C 299 0000002c 1 0 0 0 0 0 0 1 1 0 0 00000030 0 0 00000030 1 1 1 1
R 299 150 0000002c 0000006f 0
C 300 0000002c 0 0 0 0 0 0 0 0 1 0 0 00000030 0 0 0000002c 1 1 1 0
C 301 0000002c 1 0 0 0 0 0 0 1 1 0 0 00000030 0 0 00000030 1 1 1 1
R 301 151 0000002c 0000006f 0
C 302 0000002c 0 0 0 0 0 0 0 0 1 0 0 00000030 0 0 0000002c 1 1 1 0
C 303 0000002c 1 0 0 0 0 0 0 1 1 0 0 00000030 0 0 00000030 1 1 1 1
R 303 152 0000002c 0000006f 0
C 304 0000002c 0 0 0 0 0 0 0 0 1 0 0 00000030 0 0 0000002c 1 1 1 0
C 305 0000002c 1 0 0 0 0 0 0 1 1 0 0 00000030 0 0 00000030 1 1 1 1
R 305 153 0000002c 0000006f 0
C 306 0000002c 0 0 0 0 0 0 0 0 1 0 0 00000030 0 0 0000002c 1 1 1 0
C 307 0000002c 1 0 0 0 0 0 0 1 1 0 0 00000030 0 0 00000030 1 1 1 1
R 307 154 0000002c 0000006f 0
C 308 0000002c 0 0 0 0 0 0 0 0 1 0 0 00000030 0 0 0000002c 1 1 1 0
C 309 0000002c 1 0 0 0 0 0 0 1 1 0 0 00000030 0 0 00000030 1 1 1 1
R 309 155 0000002c 0000006f 0
C 310 0000002c 0 0 0 0 0 0 0 0 1 0 0 00000030 0 0 0000002c 1 1 1 0
C 311 0000002c 1 0 0 0 0 0 0 1 1 0 0 00000030 0 0 00000030 1 1 1 1
R 311 156 0000002c 0000006f 0
C 312 0000002c 0 0 0 0 0 0 0 0 1 0 0 00000030 0 0 0000002c 1 1 1 0
C 313 0000002c 1 0 0 0 0 0 0 1 1 0 0 00000030 0 0 00000030 1 1 1 1
R 313 157 0000002c 0000006f 0
C 314 0000002c 0 0 0 0 0 0 0 0 1 0 0 00000030 0 0 0000002c 1 1 1 0
C 315 0000002c 1 0 0 0 0 0 0 1 1 0 0 00000030 0 0 00000030 1 1 1 1
R 315 158 0000002c 0000006f 0
C 316 0000002c 0 0 0 0 0 0 0 0 1 0 0 00000030 0 0 0000002c 1 1 1 0
C 317 0000002c 1 0 0 0 0 0 0 1 1 0 0 00000030 0 0 00000030 1 1 1 1
R 317 159 0000002c 0000006f 0
C 318 0000002c 0 0 0 0 0 0 0 0 1 0 0 00000030 0 0 0000002c 1 1 1 0
C 319 0000002c 1 0 0 0 0 0 0 1 1 0 0 00000030 0 0 00000030 1 1 1 1
R 319 160 0000002c 0000006f 0
C 320 0000002c 0 0 0 0 0 0 0 0 1 0 0 00000030 0 0 0000002c 1 1 1 0
C 321 0000002c 1 0 0 0 0 0 0 1 1 0 0 00000030 0 0 00000030 1 1 1 1
R 321 161 0000002c 0000006f 0
C 322 0000002c 0 0 0 0 0 0 0 0 1 0 0 00000030 0 0 0000002c 1 1 1 0
C 323 0000002c 1 0 0 0 0 0 0 1 1 0 0 00000030 0 0 00000030 1 1 1 1
R 323 162 0000002c 0000006f 0
C 324 0000002c 0 0 0 0 0 0 0 0 1 0 0 00000030 0 0 0000002c 1 1 1 0
C 325 0000002c 1 0 0 0 0 0 0 1 1 0 0 00000030 0 0 00000030 1 1 1 1
R 325 163 0000002c 0000006f 0
C 326 0000002c 0 0 0 0 0 0 0 0 1 0 0 00000030 0 0 0000002c 1 1 1 0
C 327 0000002c 1 0 0 0 0 0 0 1 1 0 0 00000030 0 0 00000030 1 1 1 1
R 327 164 0000002c 0000006f 0
C 328 0000002c 0 0 0 0 0 0 0 0 1 0 0 00000030 0 0 0000002c 1 1 1 0
C 329 0000002c 1 0 0 0 0 0 0 1 1 0 0 00000030 0 0 00000030 1 1 1 1
R 329 165 0000002c 0000006f 0
C 330 0000002c 0 0 0 0 0 0 0 0 1 0 0 00000030 0 0 0000002c 1 1 1 0
C 331 0000002c 1 0 0 0 0 0 0 1 1 0 0 00000030 0 0 00000030 1 1 1 1
R 331 166 0000002c 0000006f 0
C 332 0000002c 0 0 0 0 0 0 0 0 1 0 0 00000030 0 0 0000002c 1 1 1 0
C 333 0000002c 1 0 0 0 0 0 0 1 1 0 0 00000030 0 0 00000030 1 1 1 1
R 333 167 0000002c 0000006f 0
C 334 0000002c 0 0 0 0 0 0 0 0 1 0 0 00000030 0 0 0000002c 1 1 1 0
C 335 0000002c 1 0 0 0 0 0 0 1 1 0 0 00000030 0 0 00000030 1 1 1 1
R 335 168 0000002c 0000006f 0
C 336 0000002c 0 0 0 0 0 0 0 0 1 0 0 00000030 0 0 0000002c 1 1 1 0
C 337 0000002c 1 0 0 0 0 0 0 1 1 0 0 00000030 0 0 00000030 1 1 1 1
R 337 169 0000002c 0000006f 0
C 338 0000002c 0 0 0 0 0 0 0 0 1 0 0 00000030 0 0 0000002c 1 1 1 0
C 339 0000002c 1 0 0 0 0 0 0 1 1 0 0 00000030 0 0 00000030 1 1 1 1
R 339 170 0000002c 0000006f 0
C 340 0000002c 0 0 0 0 0 0 0 0 1 0 0 00000030 0 0 0000002c 1 1 1 0
C 341 0000002c 1 0 0 0 0 0 0 1 1 0 0 00000030 0 0 00000030 1 1 1 1
R 341 171 0000002c 0000006f 0
C 342 0000002c 0 0 0 0 0 0 0 0 1 0 0 00000030 0 0 0000002c 1 1 1 0
C 343 0000002c 1 0 0 0 0 0 0 1 1 0 0 00000030 0 0 00000030 1 1 1 1
R 343 172 0000002c 0000006f 0
C 344 0000002c 0 0 0 0 0 0 0 0 1 0 0 00000030 0 0 0000002c 1 1 1 0
C 345 0000002c 1 0 0 0 0 0 0 1 1 0 0 00000030 0 0 00000030 1 1 1 1
R 345 173 0000002c 0000006f 0
C 346 0000002c 0 0 0 0 0 0 0 0 1 0 0 00000030 0 0 0000002c 1 1 1 0
C 347 0000002c 1 0 0 0 0 0 0 1 1 0 0 00000030 0 0 00000030 1 1 1 1
R 347 174 0000002c 0000006f 0
C 348 0000002c 0 0 0 0 0 0 0 0 1 0 0 00000030 0 0 0000002c 1 1 1 0
C 349 0000002c 1 0 0 0 0 0 0 1 1 0 0 00000030 0 0 00000030 1 1 1 1
R 349 175 0000002c 0000006f 0
C 350 0000002c 0 0 0 0 0 0 0 0 1 0 0 00000030 0 0 0000002c 1 1 1 0
C 351 0000002c 1 0 0 0 0 0 0 1 1 0 0 00000030 0 0 00000030 1 1 1 1
R 351 176 0000002c 0000006f 0
C 352 0000002c 0 0 0 0 0 0 0 0 1 0 0 00000030 0 0 0000002c 1 1 1 0
C 353 0000002c 1 0 0 0 0 0 0 1 1 0 0 00000030 0 0 00000030 1 1 1 1
R 353 177 0000002c 0000006f 0
C 354 0000002c 0 0 0 0 0 0 0 0 1 0 0 00000030 0 0 0000002c 1 1 1 0
C 355 0000002c 1 0 0 0 0 0 0 1 1 0 0 00000030 0 0 00000030 1 1 1 1
R 355 178 0000002c 0000006f 0
C 356 0000002c 0 0 0 0 0 0 0 0 1 0 0 00000030 0 0 0000002c 1 1 1 0
C 357 0000002c 1 0 0 0 0 0 0 1 1 0 0 00000030 0 0 00000030 1 1 1 1
R 357 179 0000002c 0000006f 0
C 358 0000002c 0 0 0 0 0 0 0 0 1 0 0 00000030 0 0 0000002c 1 1 1 0
C 359 0000002c 1 0 0 0 0 0 0 1 1 0 0 00000030 0 0 00000030 1 1 1 1
R 359 180 0000002c 0000006f 0
C 360 0000002c 0 0 0 0 0 0 0 0 1 0 0 00000030 0 0 0000002c 1 1 1 0
C 361 0000002c 1 0 0 0 0 0 0 1 1 0 0 00000030 0 0 00000030 1 1 1 1
R 361 181 0000002c 0000006f 0
C 362 0000002c 0 0 0 0 0 0 0 0 1 0 0 00000030 0 0 0000002c 1 1 1 0
C 363 0000002c 1 0 0 0 0 0 0 1 1 0 0 00000030 0 0 00000030 1 1 1 1
R 363 182 0000002c 0000006f 0
C 364 0000002c 0 0 0 0 0 0 0 0 1 0 0 00000030 0 0 0000002c 1 1 1 0
C 365 0000002c 1 0 0 0 0 0 0 1 1 0 0 00000030 0 0 00000030 1 1 1 1
R 365 183 0000002c 0000006f 0
C 366 0000002c 0 0 0 0 0 0 0 0 1 0 0 00000030 0 0 0000002c 1 1 1 0
C 367 0000002c 1 0 0 0 0 0 0 1 1 0 0 00000030 0 0 00000030 1 1 1 1
R 367 184 0000002c 0000006f 0
C 368 0000002c 0 0 0 0 0 0 0 0 1 0 0 00000030 0 0 0000002c 1 1 1 0
C 369 0000002c 1 0 0 0 0 0 0 1 1 0 0 00000030 0 0 00000030 1 1 1 1
R 369 185 0000002c 0000006f 0
C 370 0000002c 0 0 0 0 0 0 0 0 1 0 0 00000030 0 0 0000002c 1 1 1 0
C 371 0000002c 1 0 0 0 0 0 0 1 1 0 0 00000030 0 0 00000030 1 1 1 1
R 371 186 0000002c 0000006f 0
C 372 0000002c 0 0 0 0 0 0 0 0 1 0 0 00000030 0 0 0000002c 1 1 1 0
C 373 0000002c 1 0 0 0 0 0 0 1 1 0 0 00000030 0 0 00000030 1 1 1 1
R 373 187 0000002c 0000006f 0
C 374 0000002c 0 0 0 0 0 0 0 0 1 0 0 00000030 0 0 0000002c 1 1 1 0
C 375 0000002c 1 0 0 0 0 0 0 1 1 0 0 00000030 0 0 00000030 1 1 1 1
R 375 188 0000002c 0000006f 0
C 376 0000002c 0 0 0 0 0 0 0 0 1 0 0 00000030 0 0 0000002c 1 1 1 0
C 377 0000002c 1 0 0 0 0 0 0 1 1 0 0 00000030 0 0 00000030 1 1 1 1
R 377 189 0000002c 0000006f 0
C 378 0000002c 0 0 0 0 0 0 0 0 1 0 0 00000030 0 0 0000002c 1 1 1 0
C 379 0000002c 1 0 0 0 0 0 0 1 1 0 0 00000030 0 0 00000030 1 1 1 1
R 379 190 0000002c 0000006f 0
C 380 0000002c 0 0 0 0 0 0 0 0 1 0 0 00000030 0 0 0000002c 1 1 1 0
C 381 0000002c 1 0 0 0 0 0 0 1 1 0 0 00000030 0 0 00000030 1 1 1 1
R 381 191 0000002c 0000006f 0
C 382 0000002c 0 0 0 0 0 0 0 0 1 0 0 00000030 0 0 0000002c 1 1 1 0
C 383 0000002c 1 0 0 0 0 0 0 1 1 0 0 00000030 0 0 00000030 1 1 1 1
R 383 192 0000002c 0000006f 0
C 384 0000002c 0 0 0 0 0 0 0 0 1 0 0 00000030 0 0 0000002c 1 1 1 0
C 385 0000002c 1 0 0 0 0 0 0 1 1 0 0 00000030 0 0 00000030 1 1 1 1
R 385 193 0000002c 0000006f 0
C 386 0000002c 0 0 0 0 0 0 0 0 1 0 0 00000030 0 0 0000002c 1 1 1 0
C 387 0000002c 1 0 0 0 0 0 0 1 1 0 0 00000030 0 0 00000030 1 1 1 1
R 387 194 0000002c 0000006f 0
C 388 0000002c 0 0 0 0 0 0 0 0 1 0 0 00000030 0 0 0000002c 1 1 1 0
C 389 0000002c 1 0 0 0 0 0 0 1 1 0 0 00000030 0 0 00000030 1 1 1 1
R 389 195 0000002c 0000006f 0
C 390 0000002c 0 0 0 0 0 0 0 0 1 0 0 00000030 0 0 0000002c 1 1 1 0
C 391 0000002c 1 0 0 0 0 0 0 1 1 0 0 00000030 0 0 00000030 1 1 1 1
R 391 196 0000002c 0000006f 0
C 392 0000002c 0 0 0 0 0 0 0 0 1 0 0 00000030 0 0 0000002c 1 1 1 0
C 393 0000002c 1 0 0 0 0 0 0 1 1 0 0 00000030 0 0 00000030 1 1 1 1
R 393 197 0000002c 0000006f 0
C 394 0000002c 0 0 0 0 0 0 0 0 1 0 0 00000030 0 0 0000002c 1 1 1 0
C 395 0000002c 1 0 0 0 0 0 0 1 1 0 0 00000030 0 0 00000030 1 1 1 1
R 395 198 0000002c 0000006f 0
C 396 0000002c 0 0 0 0 0 0 0 0 1 0 0 00000030 0 0 0000002c 1 1 1 0
C 397 0000002c 1 0 0 0 0 0 0 1 1 0 0 00000030 0 0 00000030 1 1 1 1
R 397 199 0000002c 0000006f 0
C 398 0000002c 0 0 0 0 0 0 0 0 1 0 0 00000030 0 0 0000002c 1 1 1 0
C 399 0000002c 1 0 0 0 0 0 0 1 1 0 0 00000030 0 0 00000030 1 1 1 1
R 399 200 0000002c 0000006f 0
REG 0 00000000
REG 1 00000008
REG 2 00000200
REG 3 44332211
REG 4 00000000
REG 5 00000000
REG 6 00000000
REG 7 00000000
REG 8 00000000
REG 9 00000000
REG 10 00000000
REG 11 00000000
REG 12 00000000
REG 13 00000000
REG 14 00000000
REG 15 00000000
REG 16 00000000
REG 17 00000000
REG 18 00000000
REG 19 00000000
REG 20 00000063
REG 21 00000000
REG 22 00000000
REG 23 00000000
REG 24 00000000
REG 25 80000007
REG 26 0000009c
REG 27 00000000
REG 28 00000000
REG 29 00000000
REG 30 00000000
REG 31 00000077
MEM 00000200 44332211
MEM 00000204 44332211
MEM 00000208 44332211
MEM 0000020c 44332211
MEM 00000210 44332211
FINISH
- /home/dungpc/ndmoney4porche/projects/ibex/doc/dungpc/microarchitecture/scripts/core_tb.sv:116: Verilog $finish
