CONFIG WB=1 BT=1 M=3 latency=1 ilatency=1 grant_period=1
C 0 00000000 0 0 0 0 0 0 0 0 1 0 0 00000000 0 0 00000080 0 0 0 1
C 1 00000000 0 0 0 0 0 0 0 0 1 0 0 00000000 0 0 00000080 1 1 0 1
C 2 00000000 0 0 0 0 0 0 0 0 1 0 0 00000000 0 0 00000080 1 1 1 0
C 3 00000080 1 0 0 0 0 0 0 1 1 0 0 00000004 0 0 00000084 1 1 1 0
C 4 00000084 1 0 0 0 0 0 0 1 1 0 0 0000000c 0 0 00000088 1 1 1 0
W 4 1 00000007
C 5 00000088 1 0 0 0 0 0 0 1 1 0 0 00000010 0 0 0000008c 1 1 1 0
W 5 2 0000000c
R 5 1 00000080 00700093 0
C 6 0000008c 1 0 0 0 0 0 0 1 1 0 0 fffffff4 0 0 00000090 1 1 1 0
W 6 3 00000013
R 6 2 00000084 00508113 0
C 7 00000090 1 0 0 0 1 0 0 0 1 0 0 fffffff8 0 0 00000094 1 1 1 0
W 7 4 00000054
R 7 3 00000088 002081b3 0
C 8 00000090 1 1 0 0 1 0 0 0 1 0 0 ffffffac 0 0 00000094 1 1 1 0
R 8 4 0000008c 02208233 0
C 9 00000090 1 1 0 0 1 0 0 0 1 0 0 fffffff8 0 0 00000094 0 0 1 0
C 10 00000090 1 1 0 0 1 0 0 0 1 0 0 fffffff8 0 0 00000094 0 0 0 0
C 11 00000090 1 1 0 0 1 0 0 0 1 0 0 fffffff8 0 0 00000094 0 0 0 0
C 12 00000090 1 1 0 0 1 0 0 0 1 0 0 fffffff8 0 0 00000094 0 0 0 0
C 13 00000090 1 1 0 0 1 0 0 0 1 0 0 fffffff8 0 0 00000094 0 0 0 0
C 14 00000090 1 1 0 0 1 0 0 0 1 0 0 fffffff8 0 0 00000094 0 0 0 0
C 15 00000090 1 1 0 0 1 0 0 0 1 0 0 fffffff8 0 0 00000094 0 0 0 0
C 16 00000090 1 1 0 0 1 0 0 0 1 0 0 fffffff8 0 0 00000094 0 0 0 0
C 17 00000090 1 1 0 0 1 0 0 0 1 0 0 fffffff8 0 0 00000094 0 0 0 0
C 18 00000090 1 1 0 0 1 0 0 0 1 0 0 fffffff8 0 0 00000094 0 0 0 0
C 19 00000090 1 1 0 0 1 0 0 0 1 0 0 fffffff8 0 0 00000094 0 0 0 0
C 20 00000090 1 1 0 0 1 0 0 0 1 0 0 fffffff8 0 0 00000094 0 0 0 0
C 21 00000090 1 1 0 0 1 0 0 0 1 0 0 fffffff8 0 0 00000094 0 0 0 0
C 22 00000090 1 1 0 0 1 0 0 0 1 0 0 fffffff8 0 0 00000094 0 0 0 0
C 23 00000090 1 1 0 0 1 0 0 0 1 0 0 fffffff8 0 0 00000094 0 0 0 0
C 24 00000090 1 1 0 0 1 0 0 0 1 0 0 fffffff8 0 0 00000094 0 0 0 0
C 25 00000090 1 1 0 0 1 0 0 0 1 0 0 fffffff8 0 0 00000094 0 0 0 0
C 26 00000090 1 1 0 0 1 0 0 0 1 0 0 fffffff8 0 0 00000094 0 0 0 0
C 27 00000090 1 1 0 0 1 0 0 0 1 0 0 fffffff8 0 0 00000094 0 0 0 0
C 28 00000090 1 1 0 0 1 0 0 0 1 0 0 fffffff8 0 0 00000094 0 0 0 0
C 29 00000090 1 1 0 0 1 0 0 0 1 0 0 fffffff8 0 0 00000094 0 0 0 0
C 30 00000090 1 1 0 0 1 0 0 0 1 0 0 fffffff8 0 0 00000094 0 0 0 0
C 31 00000090 1 1 0 0 1 0 0 0 1 0 0 fffffff8 0 0 00000094 0 0 0 0
C 32 00000090 1 1 0 0 1 0 0 0 1 0 0 fffffff8 0 0 00000094 0 0 0 0
C 33 00000090 1 1 0 0 1 0 0 0 1 0 0 fffffff8 0 0 00000094 0 0 0 0
C 34 00000090 1 1 0 0 1 0 0 0 1 0 0 fffffff8 0 0 00000094 0 0 0 0
C 35 00000090 1 1 0 0 1 0 0 0 1 0 0 fffffff8 0 0 00000094 0 0 0 0
C 36 00000090 1 1 0 0 1 0 0 0 1 0 0 fffffff8 0 0 00000094 0 0 0 0
C 37 00000090 1 1 0 0 1 0 0 0 1 0 0 fffffffc 0 0 00000094 0 0 0 0
C 38 00000090 1 1 0 0 1 0 0 0 1 0 0 00000000 0 0 00000094 0 0 0 0
C 39 00000090 1 1 0 0 1 0 0 0 1 0 0 00000000 0 0 00000094 0 0 0 0
C 40 00000090 1 1 0 0 1 0 0 0 1 0 0 fffffff8 0 0 00000094 0 0 0 0
C 41 00000090 1 1 0 0 1 0 0 0 1 0 0 fffffff8 0 0 00000094 0 0 0 0
C 42 00000090 1 1 0 0 1 0 0 0 1 0 0 fffffff4 0 0 00000094 0 0 0 0
C 43 00000090 1 1 0 0 0 0 0 1 1 0 0 fffffff8 0 0 00000094 0 0 0 0
C 44 00000094 1 0 0 0 1 0 0 0 1 0 0 fffffff8 0 0 00000098 1 1 0 0
W 44 5 0000000c
C 45 00000094 1 1 0 0 1 0 0 0 1 0 0 ffffffac 0 0 00000098 0 0 1 0
R 45 5 00000090 021242b3 0
C 46 00000094 1 1 0 0 1 0 0 0 1 0 0 fffffff8 0 0 00000098 0 0 0 0
C 47 00000094 1 1 0 0 1 0 0 0 1 0 0 fffffff8 0 0 00000098 0 0 0 0
C 48 00000094 1 1 0 0 1 0 0 0 1 0 0 fffffff8 0 0 00000098 0 0 0 0
C 49 00000094 1 1 0 0 1 0 0 0 1 0 0 fffffff8 0 0 00000098 0 0 0 0
C 50 00000094 1 1 0 0 1 0 0 0 1 0 0 fffffff8 0 0 00000098 0 0 0 0
C 51 00000094 1 1 0 0 1 0 0 0 1 0 0 fffffff8 0 0 00000098 0 0 0 0
C 52 00000094 1 1 0 0 1 0 0 0 1 0 0 fffffff8 0 0 00000098 0 0 0 0
C 53 00000094 1 1 0 0 1 0 0 0 1 0 0 fffffff8 0 0 00000098 0 0 0 0
C 54 00000094 1 1 0 0 1 0 0 0 1 0 0 fffffff8 0 0 00000098 0 0 0 0
C 55 00000094 1 1 0 0 1 0 0 0 1 0 0 fffffff8 0 0 00000098 0 0 0 0
C 56 00000094 1 1 0 0 1 0 0 0 1 0 0 fffffff8 0 0 00000098 0 0 0 0
C 57 00000094 1 1 0 0 1 0 0 0 1 0 0 fffffff8 0 0 00000098 0 0 0 0
C 58 00000094 1 1 0 0 1 0 0 0 1 0 0 fffffff8 0 0 00000098 0 0 0 0
C 59 00000094 1 1 0 0 1 0 0 0 1 0 0 fffffff8 0 0 00000098 0 0 0 0
C 60 00000094 1 1 0 0 1 0 0 0 1 0 0 fffffff8 0 0 00000098 0 0 0 0
C 61 00000094 1 1 0 0 1 0 0 0 1 0 0 fffffff8 0 0 00000098 0 0 0 0
C 62 00000094 1 1 0 0 1 0 0 0 1 0 0 fffffff8 0 0 00000098 0 0 0 0
C 63 00000094 1 1 0 0 1 0 0 0 1 0 0 fffffff8 0 0 00000098 0 0 0 0
C 64 00000094 1 1 0 0 1 0 0 0 1 0 0 fffffff8 0 0 00000098 0 0 0 0
C 65 00000094 1 1 0 0 1 0 0 0 1 0 0 fffffff8 0 0 00000098 0 0 0 0
C 66 00000094 1 1 0 0 1 0 0 0 1 0 0 fffffff8 0 0 00000098 0 0 0 0
C 67 00000094 1 1 0 0 1 0 0 0 1 0 0 fffffff8 0 0 00000098 0 0 0 0
C 68 00000094 1 1 0 0 1 0 0 0 1 0 0 fffffff8 0 0 00000098 0 0 0 0
C 69 00000094 1 1 0 0 1 0 0 0 1 0 0 fffffff8 0 0 00000098 0 0 0 0
C 70 00000094 1 1 0 0 1 0 0 0 1 0 0 fffffff8 0 0 00000098 0 0 0 0
C 71 00000094 1 1 0 0 1 0 0 0 1 0 0 fffffff8 0 0 00000098 0 0 0 0
C 72 00000094 1 1 0 0 1 0 0 0 1 0 0 fffffff8 0 0 00000098 0 0 0 0
C 73 00000094 1 1 0 0 1 0 0 0 1 0 0 fffffff8 0 0 00000098 0 0 0 0
C 74 00000094 1 1 0 0 1 0 0 0 1 0 0 fffffffc 0 0 00000098 0 0 0 0
C 75 00000094 1 1 0 0 1 0 0 0 1 0 0 00000000 0 0 00000098 0 0 0 0
C 76 00000094 1 1 0 0 1 0 0 0 1 0 0 00000000 0 0 00000098 0 0 0 0
C 77 00000094 1 1 0 0 1 0 0 0 1 0 0 fffffff8 0 0 00000098 0 0 0 0
C 78 00000094 1 1 0 0 1 0 0 0 1 0 0 fffffff8 0 0 00000098 0 0 0 0
C 79 00000094 1 1 0 0 1 0 0 0 1 0 0 00000000 0 0 00000098 0 0 0 0
C 80 00000094 1 1 0 0 0 0 0 1 1 0 0 fffffff8 0 0 00000098 0 0 0 0
C 81 00000098 1 0 0 0 0 0 0 1 1 0 0 fffffffc 0 0 0000009c 1 1 0 0
W 81 6 00000000
C 82 0000009c 1 0 0 0 1 0 0 0 1 0 0 fffffff8 0 0 000000a0 1 1 1 0
W 82 7 ffffffff
R 82 6 00000094 02126333 0
C 83 0000009c 1 1 0 0 0 0 0 1 1 0 0 fffffff8 0 0 000000a0 0 0 1 0
R 83 7 00000098 fff00393 0
C 84 000000a0 1 0 0 0 1 0 0 0 1 0 0 00000000 0 0 000000a4 1 1 0 0
W 84 8 ffffffff
C 85 000000a0 1 1 0 0 0 0 0 1 1 0 0 00000000 0 0 000000a4 0 0 1 0
R 85 8 0000009c 02139433 0
C 86 000000a4 1 0 0 0 1 0 0 0 1 0 0 00000000 0 0 000000a8 1 1 0 0
W 86 9 ffffffff
C 87 000000a4 1 1 0 0 0 0 0 1 1 0 0 00000000 0 0 000000a8 0 0 1 0
R 87 9 000000a0 0200c4b3 0
C 88 000000a8 1 0 0 0 0 0 0 1 1 0 0 80000000 0 0 000000ac 1 1 0 0
W 88 10 00000007
C 89 000000ac 1 0 0 0 0 0 0 1 1 0 0 fffffffc 0 0 000000b0 1 1 1 0
W 89 11 80000000
R 89 10 000000a4 0200e533 0
C 90 000000b0 1 0 0 0 1 0 0 0 1 0 0 00000000 0 0 000000b4 1 1 1 0
W 90 12 ffffffff
R 90 11 000000a8 800005b7 0
C 91 000000b0 1 1 0 0 1 0 0 0 1 0 0 80000000 0 0 000000b4 0 0 1 0
R 91 12 000000ac fff00613 0
C 92 000000b0 1 1 0 0 1 0 0 0 1 0 0 00000000 0 0 000000b4 0 0 0 0
C 93 000000b0 1 1 0 0 1 0 0 0 1 0 0 00000000 0 0 000000b4 0 0 0 0
C 94 000000b0 1 1 0 0 1 0 0 0 1 0 0 fffffffc 0 0 000000b4 0 0 0 0
C 95 000000b0 1 1 0 0 1 0 0 0 1 0 0 fffffffc 0 0 000000b4 0 0 0 0
C 96 000000b0 1 1 0 0 1 0 0 0 1 0 0 fffffffc 0 0 000000b4 0 0 0 0
C 97 000000b0 1 1 0 0 1 0 0 0 1 0 0 fffffffc 0 0 000000b4 0 0 0 0
C 98 000000b0 1 1 0 0 1 0 0 0 1 0 0 fffffffc 0 0 000000b4 0 0 0 0
C 99 000000b0 1 1 0 0 1 0 0 0 1 0 0 fffffffc 0 0 000000b4 0 0 0 0
C 100 000000b0 1 1 0 0 1 0 0 0 1 0 0 fffffffc 0 0 000000b4 0 0 0 0
C 101 000000b0 1 1 0 0 1 0 0 0 1 0 0 fffffffc 0 0 000000b4 0 0 0 0
C 102 000000b0 1 1 0 0 1 0 0 0 1 0 0 fffffffc 0 0 000000b4 0 0 0 0
C 103 000000b0 1 1 0 0 1 0 0 0 1 0 0 fffffffc 0 0 000000b4 0 0 0 0
C 104 000000b0 1 1 0 0 1 0 0 0 1 0 0 fffffffc 0 0 000000b4 0 0 0 0
C 105 000000b0 1 1 0 0 1 0 0 0 1 0 0 fffffffc 0 0 000000b4 0 0 0 0
C 106 000000b0 1 1 0 0 1 0 0 0 1 0 0 fffffffc 0 0 000000b4 0 0 0 0
C 107 000000b0 1 1 0 0 1 0 0 0 1 0 0 fffffffc 0 0 000000b4 0 0 0 0
C 108 000000b0 1 1 0 0 1 0 0 0 1 0 0 fffffffc 0 0 000000b4 0 0 0 0
C 109 000000b0 1 1 0 0 1 0 0 0 1 0 0 fffffffc 0 0 000000b4 0 0 0 0
C 110 000000b0 1 1 0 0 1 0 0 0 1 0 0 fffffffc 0 0 000000b4 0 0 0 0
C 111 000000b0 1 1 0 0 1 0 0 0 1 0 0 fffffffc 0 0 000000b4 0 0 0 0
C 112 000000b0 1 1 0 0 1 0 0 0 1 0 0 fffffffc 0 0 000000b4 0 0 0 0
C 113 000000b0 1 1 0 0 1 0 0 0 1 0 0 fffffffc 0 0 000000b4 0 0 0 0
C 114 000000b0 1 1 0 0 1 0 0 0 1 0 0 fffffffc 0 0 000000b4 0 0 0 0
C 115 000000b0 1 1 0 0 1 0 0 0 1 0 0 fffffffc 0 0 000000b4 0 0 0 0
C 116 000000b0 1 1 0 0 1 0 0 0 1 0 0 fffffffc 0 0 000000b4 0 0 0 0
C 117 000000b0 1 1 0 0 1 0 0 0 1 0 0 fffffffc 0 0 000000b4 0 0 0 0
C 118 000000b0 1 1 0 0 1 0 0 0 1 0 0 fffffffc 0 0 000000b4 0 0 0 0
C 119 000000b0 1 1 0 0 1 0 0 0 1 0 0 fffffffc 0 0 000000b4 0 0 0 0
C 120 000000b0 1 1 0 0 1 0 0 0 1 0 0 fffffffc 0 0 000000b4 0 0 0 0
C 121 000000b0 1 1 0 0 1 0 0 0 1 0 0 fffffffc 0 0 000000b4 0 0 0 0
C 122 000000b0 1 1 0 0 1 0 0 0 1 0 0 fffffffc 0 0 000000b4 0 0 0 0
C 123 000000b0 1 1 0 0 1 0 0 0 1 0 0 fffffffc 0 0 000000b4 0 0 0 0
C 124 000000b0 1 1 0 0 1 0 0 0 1 0 0 fffffffc 0 0 000000b4 0 0 0 0
C 125 000000b0 1 1 0 0 1 0 0 0 1 0 0 80000000 0 0 000000b4 0 0 0 0
C 126 000000b0 1 1 0 0 0 0 0 1 1 0 0 00000000 0 0 000000b4 0 0 0 0
C 127 000000b4 1 0 0 0 1 0 0 0 1 0 0 00000000 0 0 000000b8 1 1 0 0
W 127 13 80000000
C 128 000000b4 1 1 0 0 1 0 0 0 1 0 0 80000000 0 0 000000b8 0 0 1 0
R 128 13 000000b0 02c5c6b3 0
C 129 000000b4 1 1 0 0 1 0 0 0 1 0 0 00000000 0 0 000000b8 0 0 0 0
C 130 000000b4 1 1 0 0 1 0 0 0 1 0 0 00000000 0 0 000000b8 0 0 0 0
C 131 000000b4 1 1 0 0 1 0 0 0 1 0 0 fffffffc 0 0 000000b8 0 0 0 0
C 132 000000b4 1 1 0 0 1 0 0 0 1 0 0 fffffffc 0 0 000000b8 0 0 0 0
C 133 000000b4 1 1 0 0 1 0 0 0 1 0 0 fffffffc 0 0 000000b8 0 0 0 0
C 134 000000b4 1 1 0 0 1 0 0 0 1 0 0 fffffffc 0 0 000000b8 0 0 0 0
C 135 000000b4 1 1 0 0 1 0 0 0 1 0 0 fffffffc 0 0 000000b8 0 0 0 0
C 136 000000b4 1 1 0 0 1 0 0 0 1 0 0 fffffffc 0 0 000000b8 0 0 0 0
C 137 000000b4 1 1 0 0 1 0 0 0 1 0 0 fffffffc 0 0 000000b8 0 0 0 0
C 138 000000b4 1 1 0 0 1 0 0 0 1 0 0 fffffffc 0 0 000000b8 0 0 0 0
C 139 000000b4 1 1 0 0 1 0 0 0 1 0 0 fffffffc 0 0 000000b8 0 0 0 0
C 140 000000b4 1 1 0 0 1 0 0 0 1 0 0 fffffffc 0 0 000000b8 0 0 0 0
C 141 000000b4 1 1 0 0 1 0 0 0 1 0 0 fffffffc 0 0 000000b8 0 0 0 0
C 142 000000b4 1 1 0 0 1 0 0 0 1 0 0 fffffffc 0 0 000000b8 0 0 0 0
C 143 000000b4 1 1 0 0 1 0 0 0 1 0 0 fffffffc 0 0 000000b8 0 0 0 0
C 144 000000b4 1 1 0 0 1 0 0 0 1 0 0 fffffffc 0 0 000000b8 0 0 0 0
C 145 000000b4 1 1 0 0 1 0 0 0 1 0 0 fffffffc 0 0 000000b8 0 0 0 0
C 146 000000b4 1 1 0 0 1 0 0 0 1 0 0 fffffffc 0 0 000000b8 0 0 0 0
C 147 000000b4 1 1 0 0 1 0 0 0 1 0 0 fffffffc 0 0 000000b8 0 0 0 0
C 148 000000b4 1 1 0 0 1 0 0 0 1 0 0 fffffffc 0 0 000000b8 0 0 0 0
C 149 000000b4 1 1 0 0 1 0 0 0 1 0 0 fffffffc 0 0 000000b8 0 0 0 0
C 150 000000b4 1 1 0 0 1 0 0 0 1 0 0 fffffffc 0 0 000000b8 0 0 0 0
C 151 000000b4 1 1 0 0 1 0 0 0 1 0 0 fffffffc 0 0 000000b8 0 0 0 0
C 152 000000b4 1 1 0 0 1 0 0 0 1 0 0 fffffffc 0 0 000000b8 0 0 0 0
C 153 000000b4 1 1 0 0 1 0 0 0 1 0 0 fffffffc 0 0 000000b8 0 0 0 0
C 154 000000b4 1 1 0 0 1 0 0 0 1 0 0 fffffffc 0 0 000000b8 0 0 0 0
C 155 000000b4 1 1 0 0 1 0 0 0 1 0 0 fffffffc 0 0 000000b8 0 0 0 0
C 156 000000b4 1 1 0 0 1 0 0 0 1 0 0 fffffffc 0 0 000000b8 0 0 0 0
C 157 000000b4 1 1 0 0 1 0 0 0 1 0 0 fffffffc 0 0 000000b8 0 0 0 0
C 158 000000b4 1 1 0 0 1 0 0 0 1 0 0 fffffffc 0 0 000000b8 0 0 0 0
C 159 000000b4 1 1 0 0 1 0 0 0 1 0 0 fffffffc 0 0 000000b8 0 0 0 0
C 160 000000b4 1 1 0 0 1 0 0 0 1 0 0 fffffffc 0 0 000000b8 0 0 0 0
C 161 000000b4 1 1 0 0 1 0 0 0 1 0 0 fffffffc 0 0 000000b8 0 0 0 0
C 162 000000b4 1 1 0 0 1 0 0 0 1 0 0 00000000 0 0 000000b8 0 0 0 0
C 163 000000b4 1 1 0 0 0 0 0 1 1 0 0 00000000 0 0 000000b8 0 0 0 0
C 164 000000b8 1 0 0 0 0 0 0 1 1 0 0 00000078 0 0 000000bc 1 1 0 0
W 164 14 00000000
C 165 000000bc 1 0 0 0 0 0 0 1 1 0 0 000000c0 0 0 000000c0 1 1 1 1
W 165 31 0000007b
R 165 14 000000b4 02c5e733 0
C 166 000000bc 0 0 0 0 0 0 0 0 1 0 0 000000c0 0 0 000000bc 1 1 1 0
R 166 15 000000b8 07b00f93 0
C 167 000000bc 1 0 0 0 0 0 0 1 1 0 0 000000c0 0 0 000000c0 1 1 1 1
R 167 16 000000bc 0000006f 0
C 168 000000bc 0 0 0 0 0 0 0 0 1 0 0 000000c0 0 0 000000bc 1 1 1 0
C 169 000000bc 1 0 0 0 0 0 0 1 1 0 0 000000c0 0 0 000000c0 1 1 1 1
R 169 17 000000bc 0000006f 0
C 170 000000bc 0 0 0 0 0 0 0 0 1 0 0 000000c0 0 0 000000bc 1 1 1 0
C 171 000000bc 1 0 0 0 0 0 0 1 1 0 0 000000c0 0 0 000000c0 1 1 1 1
R 171 18 000000bc 0000006f 0
C 172 000000bc 0 0 0 0 0 0 0 0 1 0 0 000000c0 0 0 000000bc 1 1 1 0
C 173 000000bc 1 0 0 0 0 0 0 1 1 0 0 000000c0 0 0 000000c0 1 1 1 1
R 173 19 000000bc 0000006f 0
C 174 000000bc 0 0 0 0 0 0 0 0 1 0 0 000000c0 0 0 000000bc 1 1 1 0
C 175 000000bc 1 0 0 0 0 0 0 1 1 0 0 000000c0 0 0 000000c0 1 1 1 1
R 175 20 000000bc 0000006f 0
C 176 000000bc 0 0 0 0 0 0 0 0 1 0 0 000000c0 0 0 000000bc 1 1 1 0
C 177 000000bc 1 0 0 0 0 0 0 1 1 0 0 000000c0 0 0 000000c0 1 1 1 1
R 177 21 000000bc 0000006f 0
C 178 000000bc 0 0 0 0 0 0 0 0 1 0 0 000000c0 0 0 000000bc 1 1 1 0
C 179 000000bc 1 0 0 0 0 0 0 1 1 0 0 000000c0 0 0 000000c0 1 1 1 1
R 179 22 000000bc 0000006f 0
C 180 000000bc 0 0 0 0 0 0 0 0 1 0 0 000000c0 0 0 000000bc 1 1 1 0
C 181 000000bc 1 0 0 0 0 0 0 1 1 0 0 000000c0 0 0 000000c0 1 1 1 1
R 181 23 000000bc 0000006f 0
C 182 000000bc 0 0 0 0 0 0 0 0 1 0 0 000000c0 0 0 000000bc 1 1 1 0
C 183 000000bc 1 0 0 0 0 0 0 1 1 0 0 000000c0 0 0 000000c0 1 1 1 1
R 183 24 000000bc 0000006f 0
C 184 000000bc 0 0 0 0 0 0 0 0 1 0 0 000000c0 0 0 000000bc 1 1 1 0
C 185 000000bc 1 0 0 0 0 0 0 1 1 0 0 000000c0 0 0 000000c0 1 1 1 1
R 185 25 000000bc 0000006f 0
C 186 000000bc 0 0 0 0 0 0 0 0 1 0 0 000000c0 0 0 000000bc 1 1 1 0
C 187 000000bc 1 0 0 0 0 0 0 1 1 0 0 000000c0 0 0 000000c0 1 1 1 1
R 187 26 000000bc 0000006f 0
C 188 000000bc 0 0 0 0 0 0 0 0 1 0 0 000000c0 0 0 000000bc 1 1 1 0
C 189 000000bc 1 0 0 0 0 0 0 1 1 0 0 000000c0 0 0 000000c0 1 1 1 1
R 189 27 000000bc 0000006f 0
C 190 000000bc 0 0 0 0 0 0 0 0 1 0 0 000000c0 0 0 000000bc 1 1 1 0
C 191 000000bc 1 0 0 0 0 0 0 1 1 0 0 000000c0 0 0 000000c0 1 1 1 1
R 191 28 000000bc 0000006f 0
C 192 000000bc 0 0 0 0 0 0 0 0 1 0 0 000000c0 0 0 000000bc 1 1 1 0
C 193 000000bc 1 0 0 0 0 0 0 1 1 0 0 000000c0 0 0 000000c0 1 1 1 1
R 193 29 000000bc 0000006f 0
C 194 000000bc 0 0 0 0 0 0 0 0 1 0 0 000000c0 0 0 000000bc 1 1 1 0
C 195 000000bc 1 0 0 0 0 0 0 1 1 0 0 000000c0 0 0 000000c0 1 1 1 1
R 195 30 000000bc 0000006f 0
C 196 000000bc 0 0 0 0 0 0 0 0 1 0 0 000000c0 0 0 000000bc 1 1 1 0
C 197 000000bc 1 0 0 0 0 0 0 1 1 0 0 000000c0 0 0 000000c0 1 1 1 1
R 197 31 000000bc 0000006f 0
C 198 000000bc 0 0 0 0 0 0 0 0 1 0 0 000000c0 0 0 000000bc 1 1 1 0
C 199 000000bc 1 0 0 0 0 0 0 1 1 0 0 000000c0 0 0 000000c0 1 1 1 1
R 199 32 000000bc 0000006f 0
C 200 000000bc 0 0 0 0 0 0 0 0 1 0 0 000000c0 0 0 000000bc 1 1 1 0
C 201 000000bc 1 0 0 0 0 0 0 1 1 0 0 000000c0 0 0 000000c0 1 1 1 1
R 201 33 000000bc 0000006f 0
C 202 000000bc 0 0 0 0 0 0 0 0 1 0 0 000000c0 0 0 000000bc 1 1 1 0
C 203 000000bc 1 0 0 0 0 0 0 1 1 0 0 000000c0 0 0 000000c0 1 1 1 1
R 203 34 000000bc 0000006f 0
C 204 000000bc 0 0 0 0 0 0 0 0 1 0 0 000000c0 0 0 000000bc 1 1 1 0
C 205 000000bc 1 0 0 0 0 0 0 1 1 0 0 000000c0 0 0 000000c0 1 1 1 1
R 205 35 000000bc 0000006f 0
C 206 000000bc 0 0 0 0 0 0 0 0 1 0 0 000000c0 0 0 000000bc 1 1 1 0
C 207 000000bc 1 0 0 0 0 0 0 1 1 0 0 000000c0 0 0 000000c0 1 1 1 1
R 207 36 000000bc 0000006f 0
C 208 000000bc 0 0 0 0 0 0 0 0 1 0 0 000000c0 0 0 000000bc 1 1 1 0
C 209 000000bc 1 0 0 0 0 0 0 1 1 0 0 000000c0 0 0 000000c0 1 1 1 1
R 209 37 000000bc 0000006f 0
C 210 000000bc 0 0 0 0 0 0 0 0 1 0 0 000000c0 0 0 000000bc 1 1 1 0
C 211 000000bc 1 0 0 0 0 0 0 1 1 0 0 000000c0 0 0 000000c0 1 1 1 1
R 211 38 000000bc 0000006f 0
C 212 000000bc 0 0 0 0 0 0 0 0 1 0 0 000000c0 0 0 000000bc 1 1 1 0
C 213 000000bc 1 0 0 0 0 0 0 1 1 0 0 000000c0 0 0 000000c0 1 1 1 1
R 213 39 000000bc 0000006f 0
C 214 000000bc 0 0 0 0 0 0 0 0 1 0 0 000000c0 0 0 000000bc 1 1 1 0
C 215 000000bc 1 0 0 0 0 0 0 1 1 0 0 000000c0 0 0 000000c0 1 1 1 1
R 215 40 000000bc 0000006f 0
C 216 000000bc 0 0 0 0 0 0 0 0 1 0 0 000000c0 0 0 000000bc 1 1 1 0
C 217 000000bc 1 0 0 0 0 0 0 1 1 0 0 000000c0 0 0 000000c0 1 1 1 1
R 217 41 000000bc 0000006f 0
C 218 000000bc 0 0 0 0 0 0 0 0 1 0 0 000000c0 0 0 000000bc 1 1 1 0
C 219 000000bc 1 0 0 0 0 0 0 1 1 0 0 000000c0 0 0 000000c0 1 1 1 1
R 219 42 000000bc 0000006f 0
C 220 000000bc 0 0 0 0 0 0 0 0 1 0 0 000000c0 0 0 000000bc 1 1 1 0
C 221 000000bc 1 0 0 0 0 0 0 1 1 0 0 000000c0 0 0 000000c0 1 1 1 1
R 221 43 000000bc 0000006f 0
C 222 000000bc 0 0 0 0 0 0 0 0 1 0 0 000000c0 0 0 000000bc 1 1 1 0
C 223 000000bc 1 0 0 0 0 0 0 1 1 0 0 000000c0 0 0 000000c0 1 1 1 1
R 223 44 000000bc 0000006f 0
C 224 000000bc 0 0 0 0 0 0 0 0 1 0 0 000000c0 0 0 000000bc 1 1 1 0
C 225 000000bc 1 0 0 0 0 0 0 1 1 0 0 000000c0 0 0 000000c0 1 1 1 1
R 225 45 000000bc 0000006f 0
C 226 000000bc 0 0 0 0 0 0 0 0 1 0 0 000000c0 0 0 000000bc 1 1 1 0
C 227 000000bc 1 0 0 0 0 0 0 1 1 0 0 000000c0 0 0 000000c0 1 1 1 1
R 227 46 000000bc 0000006f 0
C 228 000000bc 0 0 0 0 0 0 0 0 1 0 0 000000c0 0 0 000000bc 1 1 1 0
C 229 000000bc 1 0 0 0 0 0 0 1 1 0 0 000000c0 0 0 000000c0 1 1 1 1
R 229 47 000000bc 0000006f 0
C 230 000000bc 0 0 0 0 0 0 0 0 1 0 0 000000c0 0 0 000000bc 1 1 1 0
C 231 000000bc 1 0 0 0 0 0 0 1 1 0 0 000000c0 0 0 000000c0 1 1 1 1
R 231 48 000000bc 0000006f 0
C 232 000000bc 0 0 0 0 0 0 0 0 1 0 0 000000c0 0 0 000000bc 1 1 1 0
C 233 000000bc 1 0 0 0 0 0 0 1 1 0 0 000000c0 0 0 000000c0 1 1 1 1
R 233 49 000000bc 0000006f 0
C 234 000000bc 0 0 0 0 0 0 0 0 1 0 0 000000c0 0 0 000000bc 1 1 1 0
C 235 000000bc 1 0 0 0 0 0 0 1 1 0 0 000000c0 0 0 000000c0 1 1 1 1
R 235 50 000000bc 0000006f 0
C 236 000000bc 0 0 0 0 0 0 0 0 1 0 0 000000c0 0 0 000000bc 1 1 1 0
C 237 000000bc 1 0 0 0 0 0 0 1 1 0 0 000000c0 0 0 000000c0 1 1 1 1
R 237 51 000000bc 0000006f 0
C 238 000000bc 0 0 0 0 0 0 0 0 1 0 0 000000c0 0 0 000000bc 1 1 1 0
C 239 000000bc 1 0 0 0 0 0 0 1 1 0 0 000000c0 0 0 000000c0 1 1 1 1
R 239 52 000000bc 0000006f 0
C 240 000000bc 0 0 0 0 0 0 0 0 1 0 0 000000c0 0 0 000000bc 1 1 1 0
C 241 000000bc 1 0 0 0 0 0 0 1 1 0 0 000000c0 0 0 000000c0 1 1 1 1
R 241 53 000000bc 0000006f 0
C 242 000000bc 0 0 0 0 0 0 0 0 1 0 0 000000c0 0 0 000000bc 1 1 1 0
C 243 000000bc 1 0 0 0 0 0 0 1 1 0 0 000000c0 0 0 000000c0 1 1 1 1
R 243 54 000000bc 0000006f 0
C 244 000000bc 0 0 0 0 0 0 0 0 1 0 0 000000c0 0 0 000000bc 1 1 1 0
C 245 000000bc 1 0 0 0 0 0 0 1 1 0 0 000000c0 0 0 000000c0 1 1 1 1
R 245 55 000000bc 0000006f 0
C 246 000000bc 0 0 0 0 0 0 0 0 1 0 0 000000c0 0 0 000000bc 1 1 1 0
C 247 000000bc 1 0 0 0 0 0 0 1 1 0 0 000000c0 0 0 000000c0 1 1 1 1
R 247 56 000000bc 0000006f 0
C 248 000000bc 0 0 0 0 0 0 0 0 1 0 0 000000c0 0 0 000000bc 1 1 1 0
C 249 000000bc 1 0 0 0 0 0 0 1 1 0 0 000000c0 0 0 000000c0 1 1 1 1
R 249 57 000000bc 0000006f 0
C 250 000000bc 0 0 0 0 0 0 0 0 1 0 0 000000c0 0 0 000000bc 1 1 1 0
C 251 000000bc 1 0 0 0 0 0 0 1 1 0 0 000000c0 0 0 000000c0 1 1 1 1
R 251 58 000000bc 0000006f 0
C 252 000000bc 0 0 0 0 0 0 0 0 1 0 0 000000c0 0 0 000000bc 1 1 1 0
C 253 000000bc 1 0 0 0 0 0 0 1 1 0 0 000000c0 0 0 000000c0 1 1 1 1
R 253 59 000000bc 0000006f 0
C 254 000000bc 0 0 0 0 0 0 0 0 1 0 0 000000c0 0 0 000000bc 1 1 1 0
C 255 000000bc 1 0 0 0 0 0 0 1 1 0 0 000000c0 0 0 000000c0 1 1 1 1
R 255 60 000000bc 0000006f 0
C 256 000000bc 0 0 0 0 0 0 0 0 1 0 0 000000c0 0 0 000000bc 1 1 1 0
C 257 000000bc 1 0 0 0 0 0 0 1 1 0 0 000000c0 0 0 000000c0 1 1 1 1
R 257 61 000000bc 0000006f 0
C 258 000000bc 0 0 0 0 0 0 0 0 1 0 0 000000c0 0 0 000000bc 1 1 1 0
C 259 000000bc 1 0 0 0 0 0 0 1 1 0 0 000000c0 0 0 000000c0 1 1 1 1
R 259 62 000000bc 0000006f 0
C 260 000000bc 0 0 0 0 0 0 0 0 1 0 0 000000c0 0 0 000000bc 1 1 1 0
C 261 000000bc 1 0 0 0 0 0 0 1 1 0 0 000000c0 0 0 000000c0 1 1 1 1
R 261 63 000000bc 0000006f 0
C 262 000000bc 0 0 0 0 0 0 0 0 1 0 0 000000c0 0 0 000000bc 1 1 1 0
C 263 000000bc 1 0 0 0 0 0 0 1 1 0 0 000000c0 0 0 000000c0 1 1 1 1
R 263 64 000000bc 0000006f 0
C 264 000000bc 0 0 0 0 0 0 0 0 1 0 0 000000c0 0 0 000000bc 1 1 1 0
C 265 000000bc 1 0 0 0 0 0 0 1 1 0 0 000000c0 0 0 000000c0 1 1 1 1
R 265 65 000000bc 0000006f 0
C 266 000000bc 0 0 0 0 0 0 0 0 1 0 0 000000c0 0 0 000000bc 1 1 1 0
C 267 000000bc 1 0 0 0 0 0 0 1 1 0 0 000000c0 0 0 000000c0 1 1 1 1
R 267 66 000000bc 0000006f 0
C 268 000000bc 0 0 0 0 0 0 0 0 1 0 0 000000c0 0 0 000000bc 1 1 1 0
C 269 000000bc 1 0 0 0 0 0 0 1 1 0 0 000000c0 0 0 000000c0 1 1 1 1
R 269 67 000000bc 0000006f 0
C 270 000000bc 0 0 0 0 0 0 0 0 1 0 0 000000c0 0 0 000000bc 1 1 1 0
C 271 000000bc 1 0 0 0 0 0 0 1 1 0 0 000000c0 0 0 000000c0 1 1 1 1
R 271 68 000000bc 0000006f 0
C 272 000000bc 0 0 0 0 0 0 0 0 1 0 0 000000c0 0 0 000000bc 1 1 1 0
C 273 000000bc 1 0 0 0 0 0 0 1 1 0 0 000000c0 0 0 000000c0 1 1 1 1
R 273 69 000000bc 0000006f 0
C 274 000000bc 0 0 0 0 0 0 0 0 1 0 0 000000c0 0 0 000000bc 1 1 1 0
C 275 000000bc 1 0 0 0 0 0 0 1 1 0 0 000000c0 0 0 000000c0 1 1 1 1
R 275 70 000000bc 0000006f 0
C 276 000000bc 0 0 0 0 0 0 0 0 1 0 0 000000c0 0 0 000000bc 1 1 1 0
C 277 000000bc 1 0 0 0 0 0 0 1 1 0 0 000000c0 0 0 000000c0 1 1 1 1
R 277 71 000000bc 0000006f 0
C 278 000000bc 0 0 0 0 0 0 0 0 1 0 0 000000c0 0 0 000000bc 1 1 1 0
C 279 000000bc 1 0 0 0 0 0 0 1 1 0 0 000000c0 0 0 000000c0 1 1 1 1
R 279 72 000000bc 0000006f 0
C 280 000000bc 0 0 0 0 0 0 0 0 1 0 0 000000c0 0 0 000000bc 1 1 1 0
C 281 000000bc 1 0 0 0 0 0 0 1 1 0 0 000000c0 0 0 000000c0 1 1 1 1
R 281 73 000000bc 0000006f 0
C 282 000000bc 0 0 0 0 0 0 0 0 1 0 0 000000c0 0 0 000000bc 1 1 1 0
C 283 000000bc 1 0 0 0 0 0 0 1 1 0 0 000000c0 0 0 000000c0 1 1 1 1
R 283 74 000000bc 0000006f 0
C 284 000000bc 0 0 0 0 0 0 0 0 1 0 0 000000c0 0 0 000000bc 1 1 1 0
C 285 000000bc 1 0 0 0 0 0 0 1 1 0 0 000000c0 0 0 000000c0 1 1 1 1
R 285 75 000000bc 0000006f 0
C 286 000000bc 0 0 0 0 0 0 0 0 1 0 0 000000c0 0 0 000000bc 1 1 1 0
C 287 000000bc 1 0 0 0 0 0 0 1 1 0 0 000000c0 0 0 000000c0 1 1 1 1
R 287 76 000000bc 0000006f 0
C 288 000000bc 0 0 0 0 0 0 0 0 1 0 0 000000c0 0 0 000000bc 1 1 1 0
C 289 000000bc 1 0 0 0 0 0 0 1 1 0 0 000000c0 0 0 000000c0 1 1 1 1
R 289 77 000000bc 0000006f 0
C 290 000000bc 0 0 0 0 0 0 0 0 1 0 0 000000c0 0 0 000000bc 1 1 1 0
C 291 000000bc 1 0 0 0 0 0 0 1 1 0 0 000000c0 0 0 000000c0 1 1 1 1
R 291 78 000000bc 0000006f 0
C 292 000000bc 0 0 0 0 0 0 0 0 1 0 0 000000c0 0 0 000000bc 1 1 1 0
C 293 000000bc 1 0 0 0 0 0 0 1 1 0 0 000000c0 0 0 000000c0 1 1 1 1
R 293 79 000000bc 0000006f 0
C 294 000000bc 0 0 0 0 0 0 0 0 1 0 0 000000c0 0 0 000000bc 1 1 1 0
C 295 000000bc 1 0 0 0 0 0 0 1 1 0 0 000000c0 0 0 000000c0 1 1 1 1
R 295 80 000000bc 0000006f 0
C 296 000000bc 0 0 0 0 0 0 0 0 1 0 0 000000c0 0 0 000000bc 1 1 1 0
C 297 000000bc 1 0 0 0 0 0 0 1 1 0 0 000000c0 0 0 000000c0 1 1 1 1
R 297 81 000000bc 0000006f 0
C 298 000000bc 0 0 0 0 0 0 0 0 1 0 0 000000c0 0 0 000000bc 1 1 1 0
C 299 000000bc 1 0 0 0 0 0 0 1 1 0 0 000000c0 0 0 000000c0 1 1 1 1
R 299 82 000000bc 0000006f 0
C 300 000000bc 0 0 0 0 0 0 0 0 1 0 0 000000c0 0 0 000000bc 1 1 1 0
C 301 000000bc 1 0 0 0 0 0 0 1 1 0 0 000000c0 0 0 000000c0 1 1 1 1
R 301 83 000000bc 0000006f 0
C 302 000000bc 0 0 0 0 0 0 0 0 1 0 0 000000c0 0 0 000000bc 1 1 1 0
C 303 000000bc 1 0 0 0 0 0 0 1 1 0 0 000000c0 0 0 000000c0 1 1 1 1
R 303 84 000000bc 0000006f 0
C 304 000000bc 0 0 0 0 0 0 0 0 1 0 0 000000c0 0 0 000000bc 1 1 1 0
C 305 000000bc 1 0 0 0 0 0 0 1 1 0 0 000000c0 0 0 000000c0 1 1 1 1
R 305 85 000000bc 0000006f 0
C 306 000000bc 0 0 0 0 0 0 0 0 1 0 0 000000c0 0 0 000000bc 1 1 1 0
C 307 000000bc 1 0 0 0 0 0 0 1 1 0 0 000000c0 0 0 000000c0 1 1 1 1
R 307 86 000000bc 0000006f 0
C 308 000000bc 0 0 0 0 0 0 0 0 1 0 0 000000c0 0 0 000000bc 1 1 1 0
C 309 000000bc 1 0 0 0 0 0 0 1 1 0 0 000000c0 0 0 000000c0 1 1 1 1
R 309 87 000000bc 0000006f 0
C 310 000000bc 0 0 0 0 0 0 0 0 1 0 0 000000c0 0 0 000000bc 1 1 1 0
C 311 000000bc 1 0 0 0 0 0 0 1 1 0 0 000000c0 0 0 000000c0 1 1 1 1
R 311 88 000000bc 0000006f 0
C 312 000000bc 0 0 0 0 0 0 0 0 1 0 0 000000c0 0 0 000000bc 1 1 1 0
C 313 000000bc 1 0 0 0 0 0 0 1 1 0 0 000000c0 0 0 000000c0 1 1 1 1
R 313 89 000000bc 0000006f 0
C 314 000000bc 0 0 0 0 0 0 0 0 1 0 0 000000c0 0 0 000000bc 1 1 1 0
C 315 000000bc 1 0 0 0 0 0 0 1 1 0 0 000000c0 0 0 000000c0 1 1 1 1
R 315 90 000000bc 0000006f 0
C 316 000000bc 0 0 0 0 0 0 0 0 1 0 0 000000c0 0 0 000000bc 1 1 1 0
C 317 000000bc 1 0 0 0 0 0 0 1 1 0 0 000000c0 0 0 000000c0 1 1 1 1
R 317 91 000000bc 0000006f 0
C 318 000000bc 0 0 0 0 0 0 0 0 1 0 0 000000c0 0 0 000000bc 1 1 1 0
C 319 000000bc 1 0 0 0 0 0 0 1 1 0 0 000000c0 0 0 000000c0 1 1 1 1
R 319 92 000000bc 0000006f 0
C 320 000000bc 0 0 0 0 0 0 0 0 1 0 0 000000c0 0 0 000000bc 1 1 1 0
C 321 000000bc 1 0 0 0 0 0 0 1 1 0 0 000000c0 0 0 000000c0 1 1 1 1
R 321 93 000000bc 0000006f 0
C 322 000000bc 0 0 0 0 0 0 0 0 1 0 0 000000c0 0 0 000000bc 1 1 1 0
C 323 000000bc 1 0 0 0 0 0 0 1 1 0 0 000000c0 0 0 000000c0 1 1 1 1
R 323 94 000000bc 0000006f 0
C 324 000000bc 0 0 0 0 0 0 0 0 1 0 0 000000c0 0 0 000000bc 1 1 1 0
C 325 000000bc 1 0 0 0 0 0 0 1 1 0 0 000000c0 0 0 000000c0 1 1 1 1
R 325 95 000000bc 0000006f 0
C 326 000000bc 0 0 0 0 0 0 0 0 1 0 0 000000c0 0 0 000000bc 1 1 1 0
C 327 000000bc 1 0 0 0 0 0 0 1 1 0 0 000000c0 0 0 000000c0 1 1 1 1
R 327 96 000000bc 0000006f 0
C 328 000000bc 0 0 0 0 0 0 0 0 1 0 0 000000c0 0 0 000000bc 1 1 1 0
C 329 000000bc 1 0 0 0 0 0 0 1 1 0 0 000000c0 0 0 000000c0 1 1 1 1
R 329 97 000000bc 0000006f 0
C 330 000000bc 0 0 0 0 0 0 0 0 1 0 0 000000c0 0 0 000000bc 1 1 1 0
C 331 000000bc 1 0 0 0 0 0 0 1 1 0 0 000000c0 0 0 000000c0 1 1 1 1
R 331 98 000000bc 0000006f 0
C 332 000000bc 0 0 0 0 0 0 0 0 1 0 0 000000c0 0 0 000000bc 1 1 1 0
C 333 000000bc 1 0 0 0 0 0 0 1 1 0 0 000000c0 0 0 000000c0 1 1 1 1
R 333 99 000000bc 0000006f 0
C 334 000000bc 0 0 0 0 0 0 0 0 1 0 0 000000c0 0 0 000000bc 1 1 1 0
C 335 000000bc 1 0 0 0 0 0 0 1 1 0 0 000000c0 0 0 000000c0 1 1 1 1
R 335 100 000000bc 0000006f 0
C 336 000000bc 0 0 0 0 0 0 0 0 1 0 0 000000c0 0 0 000000bc 1 1 1 0
C 337 000000bc 1 0 0 0 0 0 0 1 1 0 0 000000c0 0 0 000000c0 1 1 1 1
R 337 101 000000bc 0000006f 0
C 338 000000bc 0 0 0 0 0 0 0 0 1 0 0 000000c0 0 0 000000bc 1 1 1 0
C 339 000000bc 1 0 0 0 0 0 0 1 1 0 0 000000c0 0 0 000000c0 1 1 1 1
R 339 102 000000bc 0000006f 0
C 340 000000bc 0 0 0 0 0 0 0 0 1 0 0 000000c0 0 0 000000bc 1 1 1 0
C 341 000000bc 1 0 0 0 0 0 0 1 1 0 0 000000c0 0 0 000000c0 1 1 1 1
R 341 103 000000bc 0000006f 0
C 342 000000bc 0 0 0 0 0 0 0 0 1 0 0 000000c0 0 0 000000bc 1 1 1 0
C 343 000000bc 1 0 0 0 0 0 0 1 1 0 0 000000c0 0 0 000000c0 1 1 1 1
R 343 104 000000bc 0000006f 0
C 344 000000bc 0 0 0 0 0 0 0 0 1 0 0 000000c0 0 0 000000bc 1 1 1 0
C 345 000000bc 1 0 0 0 0 0 0 1 1 0 0 000000c0 0 0 000000c0 1 1 1 1
R 345 105 000000bc 0000006f 0
C 346 000000bc 0 0 0 0 0 0 0 0 1 0 0 000000c0 0 0 000000bc 1 1 1 0
C 347 000000bc 1 0 0 0 0 0 0 1 1 0 0 000000c0 0 0 000000c0 1 1 1 1
R 347 106 000000bc 0000006f 0
C 348 000000bc 0 0 0 0 0 0 0 0 1 0 0 000000c0 0 0 000000bc 1 1 1 0
C 349 000000bc 1 0 0 0 0 0 0 1 1 0 0 000000c0 0 0 000000c0 1 1 1 1
R 349 107 000000bc 0000006f 0
C 350 000000bc 0 0 0 0 0 0 0 0 1 0 0 000000c0 0 0 000000bc 1 1 1 0
C 351 000000bc 1 0 0 0 0 0 0 1 1 0 0 000000c0 0 0 000000c0 1 1 1 1
R 351 108 000000bc 0000006f 0
C 352 000000bc 0 0 0 0 0 0 0 0 1 0 0 000000c0 0 0 000000bc 1 1 1 0
C 353 000000bc 1 0 0 0 0 0 0 1 1 0 0 000000c0 0 0 000000c0 1 1 1 1
R 353 109 000000bc 0000006f 0
C 354 000000bc 0 0 0 0 0 0 0 0 1 0 0 000000c0 0 0 000000bc 1 1 1 0
C 355 000000bc 1 0 0 0 0 0 0 1 1 0 0 000000c0 0 0 000000c0 1 1 1 1
R 355 110 000000bc 0000006f 0
C 356 000000bc 0 0 0 0 0 0 0 0 1 0 0 000000c0 0 0 000000bc 1 1 1 0
C 357 000000bc 1 0 0 0 0 0 0 1 1 0 0 000000c0 0 0 000000c0 1 1 1 1
R 357 111 000000bc 0000006f 0
C 358 000000bc 0 0 0 0 0 0 0 0 1 0 0 000000c0 0 0 000000bc 1 1 1 0
C 359 000000bc 1 0 0 0 0 0 0 1 1 0 0 000000c0 0 0 000000c0 1 1 1 1
R 359 112 000000bc 0000006f 0
C 360 000000bc 0 0 0 0 0 0 0 0 1 0 0 000000c0 0 0 000000bc 1 1 1 0
C 361 000000bc 1 0 0 0 0 0 0 1 1 0 0 000000c0 0 0 000000c0 1 1 1 1
R 361 113 000000bc 0000006f 0
C 362 000000bc 0 0 0 0 0 0 0 0 1 0 0 000000c0 0 0 000000bc 1 1 1 0
C 363 000000bc 1 0 0 0 0 0 0 1 1 0 0 000000c0 0 0 000000c0 1 1 1 1
R 363 114 000000bc 0000006f 0
C 364 000000bc 0 0 0 0 0 0 0 0 1 0 0 000000c0 0 0 000000bc 1 1 1 0
C 365 000000bc 1 0 0 0 0 0 0 1 1 0 0 000000c0 0 0 000000c0 1 1 1 1
R 365 115 000000bc 0000006f 0
C 366 000000bc 0 0 0 0 0 0 0 0 1 0 0 000000c0 0 0 000000bc 1 1 1 0
C 367 000000bc 1 0 0 0 0 0 0 1 1 0 0 000000c0 0 0 000000c0 1 1 1 1
R 367 116 000000bc 0000006f 0
C 368 000000bc 0 0 0 0 0 0 0 0 1 0 0 000000c0 0 0 000000bc 1 1 1 0
C 369 000000bc 1 0 0 0 0 0 0 1 1 0 0 000000c0 0 0 000000c0 1 1 1 1
R 369 117 000000bc 0000006f 0
C 370 000000bc 0 0 0 0 0 0 0 0 1 0 0 000000c0 0 0 000000bc 1 1 1 0
C 371 000000bc 1 0 0 0 0 0 0 1 1 0 0 000000c0 0 0 000000c0 1 1 1 1
R 371 118 000000bc 0000006f 0
C 372 000000bc 0 0 0 0 0 0 0 0 1 0 0 000000c0 0 0 000000bc 1 1 1 0
C 373 000000bc 1 0 0 0 0 0 0 1 1 0 0 000000c0 0 0 000000c0 1 1 1 1
R 373 119 000000bc 0000006f 0
C 374 000000bc 0 0 0 0 0 0 0 0 1 0 0 000000c0 0 0 000000bc 1 1 1 0
C 375 000000bc 1 0 0 0 0 0 0 1 1 0 0 000000c0 0 0 000000c0 1 1 1 1
R 375 120 000000bc 0000006f 0
C 376 000000bc 0 0 0 0 0 0 0 0 1 0 0 000000c0 0 0 000000bc 1 1 1 0
C 377 000000bc 1 0 0 0 0 0 0 1 1 0 0 000000c0 0 0 000000c0 1 1 1 1
R 377 121 000000bc 0000006f 0
C 378 000000bc 0 0 0 0 0 0 0 0 1 0 0 000000c0 0 0 000000bc 1 1 1 0
C 379 000000bc 1 0 0 0 0 0 0 1 1 0 0 000000c0 0 0 000000c0 1 1 1 1
R 379 122 000000bc 0000006f 0
C 380 000000bc 0 0 0 0 0 0 0 0 1 0 0 000000c0 0 0 000000bc 1 1 1 0
C 381 000000bc 1 0 0 0 0 0 0 1 1 0 0 000000c0 0 0 000000c0 1 1 1 1
R 381 123 000000bc 0000006f 0
C 382 000000bc 0 0 0 0 0 0 0 0 1 0 0 000000c0 0 0 000000bc 1 1 1 0
C 383 000000bc 1 0 0 0 0 0 0 1 1 0 0 000000c0 0 0 000000c0 1 1 1 1
R 383 124 000000bc 0000006f 0
C 384 000000bc 0 0 0 0 0 0 0 0 1 0 0 000000c0 0 0 000000bc 1 1 1 0
C 385 000000bc 1 0 0 0 0 0 0 1 1 0 0 000000c0 0 0 000000c0 1 1 1 1
R 385 125 000000bc 0000006f 0
C 386 000000bc 0 0 0 0 0 0 0 0 1 0 0 000000c0 0 0 000000bc 1 1 1 0
C 387 000000bc 1 0 0 0 0 0 0 1 1 0 0 000000c0 0 0 000000c0 1 1 1 1
R 387 126 000000bc 0000006f 0
C 388 000000bc 0 0 0 0 0 0 0 0 1 0 0 000000c0 0 0 000000bc 1 1 1 0
C 389 000000bc 1 0 0 0 0 0 0 1 1 0 0 000000c0 0 0 000000c0 1 1 1 1
R 389 127 000000bc 0000006f 0
C 390 000000bc 0 0 0 0 0 0 0 0 1 0 0 000000c0 0 0 000000bc 1 1 1 0
C 391 000000bc 1 0 0 0 0 0 0 1 1 0 0 000000c0 0 0 000000c0 1 1 1 1
R 391 128 000000bc 0000006f 0
C 392 000000bc 0 0 0 0 0 0 0 0 1 0 0 000000c0 0 0 000000bc 1 1 1 0
C 393 000000bc 1 0 0 0 0 0 0 1 1 0 0 000000c0 0 0 000000c0 1 1 1 1
R 393 129 000000bc 0000006f 0
C 394 000000bc 0 0 0 0 0 0 0 0 1 0 0 000000c0 0 0 000000bc 1 1 1 0
C 395 000000bc 1 0 0 0 0 0 0 1 1 0 0 000000c0 0 0 000000c0 1 1 1 1
R 395 130 000000bc 0000006f 0
C 396 000000bc 0 0 0 0 0 0 0 0 1 0 0 000000c0 0 0 000000bc 1 1 1 0
C 397 000000bc 1 0 0 0 0 0 0 1 1 0 0 000000c0 0 0 000000c0 1 1 1 1
R 397 131 000000bc 0000006f 0
C 398 000000bc 0 0 0 0 0 0 0 0 1 0 0 000000c0 0 0 000000bc 1 1 1 0
C 399 000000bc 1 0 0 0 0 0 0 1 1 0 0 000000c0 0 0 000000c0 1 1 1 1
R 399 132 000000bc 0000006f 0
REG 0 00000000
REG 1 00000007
REG 2 0000000c
REG 3 00000013
REG 4 00000054
REG 5 0000000c
REG 6 00000000
REG 7 ffffffff
REG 8 ffffffff
REG 9 ffffffff
REG 10 00000007
REG 11 80000000
REG 12 ffffffff
REG 13 80000000
REG 14 00000000
REG 15 00000000
REG 16 00000000
REG 17 00000000
REG 18 00000000
REG 19 00000000
REG 20 00000000
REG 21 00000000
REG 22 00000000
REG 23 00000000
REG 24 00000000
REG 25 00000000
REG 26 00000000
REG 27 00000000
REG 28 00000000
REG 29 00000000
REG 30 00000000
REG 31 0000007b
MEM 00000200 44332211
MEM 00000204 44332211
MEM 00000208 44332211
MEM 0000020c 44332211
MEM 00000210 44332211
FINISH
- /home/dungpc/ndmoney4porche/projects/ibex/doc/dungpc/microarchitecture/scripts/core_tb.sv:116: Verilog $finish
