CONFIG WB=1 BT=1 M=3 latency=1 ilatency=1 grant_period=1
C 0 00000000 0 0 0 0 0 0 0 0 1 0 0 00000000 0 0 00000080 0 0 0 1
C 1 00000000 0 0 0 0 0 0 0 0 1 0 0 00000000 0 0 00000080 1 1 0 1
C 2 00000000 0 0 0 0 0 0 0 0 1 0 0 00000000 0 0 00000080 1 1 1 0
C 3 00000080 1 0 0 0 0 0 0 1 1 0 0 00000200 0 0 00000084 1 1 1 0
C 4 00000084 1 0 0 0 0 0 0 1 1 0 0 00000054 0 0 00000088 1 1 1 0
W 4 1 00000200
C 5 00000088 1 0 0 0 0 0 0 1 1 1 1 00000200 0 0 0000008c 1 1 1 0
D 5 1 00000200 f 00000055
W 5 2 00000055
R 5 1 00000080 20000093 0
C 6 0000008c 1 0 0 0 0 0 0 0 1 0 0 00000060 1 1 00000090 1 1 1 0
R 6 2 00000084 05500113 0
C 7 0000008c 1 0 0 0 0 0 0 0 1 0 0 00000060 0 0 00000090 1 1 1 1
R 7 3 00000088 0020a023 1
C 8 0000008c 0 0 0 0 0 0 0 0 1 0 0 00000060 0 0 00000000 1 1 1 0
C 9 00000000 1 0 0 0 0 0 0 1 1 0 0 fffffcbc 0 0 00000004 1 1 1 0
C 10 00000004 1 0 0 0 0 0 0 1 1 0 0 fffffcbc 0 0 00000008 1 1 1 0
W 10 25 00000007
C 11 00000008 1 0 0 0 0 0 0 1 1 0 0 fffffcbc 0 0 0000000c 1 1 1 0
W 11 26 00000088
R 11 4 00000000 34202cf3 0
C 12 0000000c 1 0 0 0 0 0 0 1 1 0 0 00000074 0 0 00000010 1 1 1 0
W 12 27 00000200
R 12 5 00000004 34102d73 0
C 13 00000010 1 0 0 0 0 0 0 1 1 0 0 00000014 0 0 00000014 1 1 1 1
W 13 31 00000077
R 13 6 00000008 34302df3 0
C 14 00000010 0 0 0 0 0 0 0 0 1 0 0 00000014 0 0 00000010 1 1 1 0
R 14 7 0000000c 07700f93 0
C 15 00000010 1 0 0 0 0 0 0 1 1 0 0 00000014 0 0 00000014 1 1 1 1
R 15 8 00000010 0000006f 0
C 16 00000010 0 0 0 0 0 0 0 0 1 0 0 00000014 0 0 00000010 1 1 1 0
C 17 00000010 1 0 0 0 0 0 0 1 1 0 0 00000014 0 0 00000014 1 1 1 1
R 17 9 00000010 0000006f 0
C 18 00000010 0 0 0 0 0 0 0 0 1 0 0 00000014 0 0 00000010 1 1 1 0
C 19 00000010 1 0 0 0 0 0 0 1 1 0 0 00000014 0 0 00000014 1 1 1 1
R 19 10 00000010 0000006f 0
C 20 00000010 0 0 0 0 0 0 0 0 1 0 0 00000014 0 0 00000010 1 1 1 0
C 21 00000010 1 0 0 0 0 0 0 1 1 0 0 00000014 0 0 00000014 1 1 1 1
R 21 11 00000010 0000006f 0
C 22 00000010 0 0 0 0 0 0 0 0 1 0 0 00000014 0 0 00000010 1 1 1 0
C 23 00000010 1 0 0 0 0 0 0 1 1 0 0 00000014 0 0 00000014 1 1 1 1
R 23 12 00000010 0000006f 0
C 24 00000010 0 0 0 0 0 0 0 0 1 0 0 00000014 0 0 00000010 1 1 1 0
C 25 00000010 1 0 0 0 0 0 0 1 1 0 0 00000014 0 0 00000014 1 1 1 1
R 25 13 00000010 0000006f 0
C 26 00000010 0 0 0 0 0 0 0 0 1 0 0 00000014 0 0 00000010 1 1 1 0
C 27 00000010 1 0 0 0 0 0 0 1 1 0 0 00000014 0 0 00000014 1 1 1 1
R 27 14 00000010 0000006f 0
C 28 00000010 0 0 0 0 0 0 0 0 1 0 0 00000014 0 0 00000010 1 1 1 0
C 29 00000010 1 0 0 0 0 0 0 1 1 0 0 00000014 0 0 00000014 1 1 1 1
R 29 15 00000010 0000006f 0
C 30 00000010 0 0 0 0 0 0 0 0 1 0 0 00000014 0 0 00000010 1 1 1 0
C 31 00000010 1 0 0 0 0 0 0 1 1 0 0 00000014 0 0 00000014 1 1 1 1
R 31 16 00000010 0000006f 0
C 32 00000010 0 0 0 0 0 0 0 0 1 0 0 00000014 0 0 00000010 1 1 1 0
C 33 00000010 1 0 0 0 0 0 0 1 1 0 0 00000014 0 0 00000014 1 1 1 1
R 33 17 00000010 0000006f 0
C 34 00000010 0 0 0 0 0 0 0 0 1 0 0 00000014 0 0 00000010 1 1 1 0
C 35 00000010 1 0 0 0 0 0 0 1 1 0 0 00000014 0 0 00000014 1 1 1 1
R 35 18 00000010 0000006f 0
C 36 00000010 0 0 0 0 0 0 0 0 1 0 0 00000014 0 0 00000010 1 1 1 0
C 37 00000010 1 0 0 0 0 0 0 1 1 0 0 00000014 0 0 00000014 1 1 1 1
R 37 19 00000010 0000006f 0
C 38 00000010 0 0 0 0 0 0 0 0 1 0 0 00000014 0 0 00000010 1 1 1 0
C 39 00000010 1 0 0 0 0 0 0 1 1 0 0 00000014 0 0 00000014 1 1 1 1
R 39 20 00000010 0000006f 0
C 40 00000010 0 0 0 0 0 0 0 0 1 0 0 00000014 0 0 00000010 1 1 1 0
C 41 00000010 1 0 0 0 0 0 0 1 1 0 0 00000014 0 0 00000014 1 1 1 1
R 41 21 00000010 0000006f 0
C 42 00000010 0 0 0 0 0 0 0 0 1 0 0 00000014 0 0 00000010 1 1 1 0
C 43 00000010 1 0 0 0 0 0 0 1 1 0 0 00000014 0 0 00000014 1 1 1 1
R 43 22 00000010 0000006f 0
C 44 00000010 0 0 0 0 0 0 0 0 1 0 0 00000014 0 0 00000010 1 1 1 0
C 45 00000010 1 0 0 0 0 0 0 1 1 0 0 00000014 0 0 00000014 1 1 1 1
R 45 23 00000010 0000006f 0
C 46 00000010 0 0 0 0 0 0 0 0 1 0 0 00000014 0 0 00000010 1 1 1 0
C 47 00000010 1 0 0 0 0 0 0 1 1 0 0 00000014 0 0 00000014 1 1 1 1
R 47 24 00000010 0000006f 0
C 48 00000010 0 0 0 0 0 0 0 0 1 0 0 00000014 0 0 00000010 1 1 1 0
C 49 00000010 1 0 0 0 0 0 0 1 1 0 0 00000014 0 0 00000014 1 1 1 1
R 49 25 00000010 0000006f 0
C 50 00000010 0 0 0 0 0 0 0 0 1 0 0 00000014 0 0 00000010 1 1 1 0
C 51 00000010 1 0 0 0 0 0 0 1 1 0 0 00000014 0 0 00000014 1 1 1 1
R 51 26 00000010 0000006f 0
C 52 00000010 0 0 0 0 0 0 0 0 1 0 0 00000014 0 0 00000010 1 1 1 0
C 53 00000010 1 0 0 0 0 0 0 1 1 0 0 00000014 0 0 00000014 1 1 1 1
R 53 27 00000010 0000006f 0
C 54 00000010 0 0 0 0 0 0 0 0 1 0 0 00000014 0 0 00000010 1 1 1 0
C 55 00000010 1 0 0 0 0 0 0 1 1 0 0 00000014 0 0 00000014 1 1 1 1
R 55 28 00000010 0000006f 0
C 56 00000010 0 0 0 0 0 0 0 0 1 0 0 00000014 0 0 00000010 1 1 1 0
C 57 00000010 1 0 0 0 0 0 0 1 1 0 0 00000014 0 0 00000014 1 1 1 1
R 57 29 00000010 0000006f 0
C 58 00000010 0 0 0 0 0 0 0 0 1 0 0 00000014 0 0 00000010 1 1 1 0
C 59 00000010 1 0 0 0 0 0 0 1 1 0 0 00000014 0 0 00000014 1 1 1 1
R 59 30 00000010 0000006f 0
C 60 00000010 0 0 0 0 0 0 0 0 1 0 0 00000014 0 0 00000010 1 1 1 0
C 61 00000010 1 0 0 0 0 0 0 1 1 0 0 00000014 0 0 00000014 1 1 1 1
R 61 31 00000010 0000006f 0
C 62 00000010 0 0 0 0 0 0 0 0 1 0 0 00000014 0 0 00000010 1 1 1 0
C 63 00000010 1 0 0 0 0 0 0 1 1 0 0 00000014 0 0 00000014 1 1 1 1
R 63 32 00000010 0000006f 0
C 64 00000010 0 0 0 0 0 0 0 0 1 0 0 00000014 0 0 00000010 1 1 1 0
C 65 00000010 1 0 0 0 0 0 0 1 1 0 0 00000014 0 0 00000014 1 1 1 1
R 65 33 00000010 0000006f 0
C 66 00000010 0 0 0 0 0 0 0 0 1 0 0 00000014 0 0 00000010 1 1 1 0
C 67 00000010 1 0 0 0 0 0 0 1 1 0 0 00000014 0 0 00000014 1 1 1 1
R 67 34 00000010 0000006f 0
C 68 00000010 0 0 0 0 0 0 0 0 1 0 0 00000014 0 0 00000010 1 1 1 0
C 69 00000010 1 0 0 0 0 0 0 1 1 0 0 00000014 0 0 00000014 1 1 1 1
R 69 35 00000010 0000006f 0
C 70 00000010 0 0 0 0 0 0 0 0 1 0 0 00000014 0 0 00000010 1 1 1 0
C 71 00000010 1 0 0 0 0 0 0 1 1 0 0 00000014 0 0 00000014 1 1 1 1
R 71 36 00000010 0000006f 0
C 72 00000010 0 0 0 0 0 0 0 0 1 0 0 00000014 0 0 00000010 1 1 1 0
C 73 00000010 1 0 0 0 0 0 0 1 1 0 0 00000014 0 0 00000014 1 1 1 1
R 73 37 00000010 0000006f 0
C 74 00000010 0 0 0 0 0 0 0 0 1 0 0 00000014 0 0 00000010 1 1 1 0
C 75 00000010 1 0 0 0 0 0 0 1 1 0 0 00000014 0 0 00000014 1 1 1 1
R 75 38 00000010 0000006f 0
C 76 00000010 0 0 0 0 0 0 0 0 1 0 0 00000014 0 0 00000010 1 1 1 0
C 77 00000010 1 0 0 0 0 0 0 1 1 0 0 00000014 0 0 00000014 1 1 1 1
R 77 39 00000010 0000006f 0
C 78 00000010 0 0 0 0 0 0 0 0 1 0 0 00000014 0 0 00000010 1 1 1 0
C 79 00000010 1 0 0 0 0 0 0 1 1 0 0 00000014 0 0 00000014 1 1 1 1
R 79 40 00000010 0000006f 0
C 80 00000010 0 0 0 0 0 0 0 0 1 0 0 00000014 0 0 00000010 1 1 1 0
C 81 00000010 1 0 0 0 0 0 0 1 1 0 0 00000014 0 0 00000014 1 1 1 1
R 81 41 00000010 0000006f 0
C 82 00000010 0 0 0 0 0 0 0 0 1 0 0 00000014 0 0 00000010 1 1 1 0
C 83 00000010 1 0 0 0 0 0 0 1 1 0 0 00000014 0 0 00000014 1 1 1 1
R 83 42 00000010 0000006f 0
C 84 00000010 0 0 0 0 0 0 0 0 1 0 0 00000014 0 0 00000010 1 1 1 0
C 85 00000010 1 0 0 0 0 0 0 1 1 0 0 00000014 0 0 00000014 1 1 1 1
R 85 43 00000010 0000006f 0
C 86 00000010 0 0 0 0 0 0 0 0 1 0 0 00000014 0 0 00000010 1 1 1 0
C 87 00000010 1 0 0 0 0 0 0 1 1 0 0 00000014 0 0 00000014 1 1 1 1
R 87 44 00000010 0000006f 0
C 88 00000010 0 0 0 0 0 0 0 0 1 0 0 00000014 0 0 00000010 1 1 1 0
C 89 00000010 1 0 0 0 0 0 0 1 1 0 0 00000014 0 0 00000014 1 1 1 1
R 89 45 00000010 0000006f 0
C 90 00000010 0 0 0 0 0 0 0 0 1 0 0 00000014 0 0 00000010 1 1 1 0
C 91 00000010 1 0 0 0 0 0 0 1 1 0 0 00000014 0 0 00000014 1 1 1 1
R 91 46 00000010 0000006f 0
C 92 00000010 0 0 0 0 0 0 0 0 1 0 0 00000014 0 0 00000010 1 1 1 0
C 93 00000010 1 0 0 0 0 0 0 1 1 0 0 00000014 0 0 00000014 1 1 1 1
R 93 47 00000010 0000006f 0
C 94 00000010 0 0 0 0 0 0 0 0 1 0 0 00000014 0 0 00000010 1 1 1 0
C 95 00000010 1 0 0 0 0 0 0 1 1 0 0 00000014 0 0 00000014 1 1 1 1
R 95 48 00000010 0000006f 0
C 96 00000010 0 0 0 0 0 0 0 0 1 0 0 00000014 0 0 00000010 1 1 1 0
C 97 00000010 1 0 0 0 0 0 0 1 1 0 0 00000014 0 0 00000014 1 1 1 1
R 97 49 00000010 0000006f 0
C 98 00000010 0 0 0 0 0 0 0 0 1 0 0 00000014 0 0 00000010 1 1 1 0
C 99 00000010 1 0 0 0 0 0 0 1 1 0 0 00000014 0 0 00000014 1 1 1 1
R 99 50 00000010 0000006f 0
C 100 00000010 0 0 0 0 0 0 0 0 1 0 0 00000014 0 0 00000010 1 1 1 0
C 101 00000010 1 0 0 0 0 0 0 1 1 0 0 00000014 0 0 00000014 1 1 1 1
R 101 51 00000010 0000006f 0
C 102 00000010 0 0 0 0 0 0 0 0 1 0 0 00000014 0 0 00000010 1 1 1 0
C 103 00000010 1 0 0 0 0 0 0 1 1 0 0 00000014 0 0 00000014 1 1 1 1
R 103 52 00000010 0000006f 0
C 104 00000010 0 0 0 0 0 0 0 0 1 0 0 00000014 0 0 00000010 1 1 1 0
C 105 00000010 1 0 0 0 0 0 0 1 1 0 0 00000014 0 0 00000014 1 1 1 1
R 105 53 00000010 0000006f 0
C 106 00000010 0 0 0 0 0 0 0 0 1 0 0 00000014 0 0 00000010 1 1 1 0
C 107 00000010 1 0 0 0 0 0 0 1 1 0 0 00000014 0 0 00000014 1 1 1 1
R 107 54 00000010 0000006f 0
C 108 00000010 0 0 0 0 0 0 0 0 1 0 0 00000014 0 0 00000010 1 1 1 0
C 109 00000010 1 0 0 0 0 0 0 1 1 0 0 00000014 0 0 00000014 1 1 1 1
R 109 55 00000010 0000006f 0
C 110 00000010 0 0 0 0 0 0 0 0 1 0 0 00000014 0 0 00000010 1 1 1 0
C 111 00000010 1 0 0 0 0 0 0 1 1 0 0 00000014 0 0 00000014 1 1 1 1
R 111 56 00000010 0000006f 0
C 112 00000010 0 0 0 0 0 0 0 0 1 0 0 00000014 0 0 00000010 1 1 1 0
C 113 00000010 1 0 0 0 0 0 0 1 1 0 0 00000014 0 0 00000014 1 1 1 1
R 113 57 00000010 0000006f 0
C 114 00000010 0 0 0 0 0 0 0 0 1 0 0 00000014 0 0 00000010 1 1 1 0
C 115 00000010 1 0 0 0 0 0 0 1 1 0 0 00000014 0 0 00000014 1 1 1 1
R 115 58 00000010 0000006f 0
C 116 00000010 0 0 0 0 0 0 0 0 1 0 0 00000014 0 0 00000010 1 1 1 0
C 117 00000010 1 0 0 0 0 0 0 1 1 0 0 00000014 0 0 00000014 1 1 1 1
R 117 59 00000010 0000006f 0
C 118 00000010 0 0 0 0 0 0 0 0 1 0 0 00000014 0 0 00000010 1 1 1 0
C 119 00000010 1 0 0 0 0 0 0 1 1 0 0 00000014 0 0 00000014 1 1 1 1
R 119 60 00000010 0000006f 0
C 120 00000010 0 0 0 0 0 0 0 0 1 0 0 00000014 0 0 00000010 1 1 1 0
C 121 00000010 1 0 0 0 0 0 0 1 1 0 0 00000014 0 0 00000014 1 1 1 1
R 121 61 00000010 0000006f 0
C 122 00000010 0 0 0 0 0 0 0 0 1 0 0 00000014 0 0 00000010 1 1 1 0
C 123 00000010 1 0 0 0 0 0 0 1 1 0 0 00000014 0 0 00000014 1 1 1 1
R 123 62 00000010 0000006f 0
C 124 00000010 0 0 0 0 0 0 0 0 1 0 0 00000014 0 0 00000010 1 1 1 0
C 125 00000010 1 0 0 0 0 0 0 1 1 0 0 00000014 0 0 00000014 1 1 1 1
R 125 63 00000010 0000006f 0
C 126 00000010 0 0 0 0 0 0 0 0 1 0 0 00000014 0 0 00000010 1 1 1 0
C 127 00000010 1 0 0 0 0 0 0 1 1 0 0 00000014 0 0 00000014 1 1 1 1
R 127 64 00000010 0000006f 0
C 128 00000010 0 0 0 0 0 0 0 0 1 0 0 00000014 0 0 00000010 1 1 1 0
C 129 00000010 1 0 0 0 0 0 0 1 1 0 0 00000014 0 0 00000014 1 1 1 1
R 129 65 00000010 0000006f 0
C 130 00000010 0 0 0 0 0 0 0 0 1 0 0 00000014 0 0 00000010 1 1 1 0
C 131 00000010 1 0 0 0 0 0 0 1 1 0 0 00000014 0 0 00000014 1 1 1 1
R 131 66 00000010 0000006f 0
C 132 00000010 0 0 0 0 0 0 0 0 1 0 0 00000014 0 0 00000010 1 1 1 0
C 133 00000010 1 0 0 0 0 0 0 1 1 0 0 00000014 0 0 00000014 1 1 1 1
R 133 67 00000010 0000006f 0
C 134 00000010 0 0 0 0 0 0 0 0 1 0 0 00000014 0 0 00000010 1 1 1 0
C 135 00000010 1 0 0 0 0 0 0 1 1 0 0 00000014 0 0 00000014 1 1 1 1
R 135 68 00000010 0000006f 0
C 136 00000010 0 0 0 0 0 0 0 0 1 0 0 00000014 0 0 00000010 1 1 1 0
C 137 00000010 1 0 0 0 0 0 0 1 1 0 0 00000014 0 0 00000014 1 1 1 1
R 137 69 00000010 0000006f 0
C 138 00000010 0 0 0 0 0 0 0 0 1 0 0 00000014 0 0 00000010 1 1 1 0
C 139 00000010 1 0 0 0 0 0 0 1 1 0 0 00000014 0 0 00000014 1 1 1 1
R 139 70 00000010 0000006f 0
C 140 00000010 0 0 0 0 0 0 0 0 1 0 0 00000014 0 0 00000010 1 1 1 0
C 141 00000010 1 0 0 0 0 0 0 1 1 0 0 00000014 0 0 00000014 1 1 1 1
R 141 71 00000010 0000006f 0
C 142 00000010 0 0 0 0 0 0 0 0 1 0 0 00000014 0 0 00000010 1 1 1 0
C 143 00000010 1 0 0 0 0 0 0 1 1 0 0 00000014 0 0 00000014 1 1 1 1
R 143 72 00000010 0000006f 0
C 144 00000010 0 0 0 0 0 0 0 0 1 0 0 00000014 0 0 00000010 1 1 1 0
C 145 00000010 1 0 0 0 0 0 0 1 1 0 0 00000014 0 0 00000014 1 1 1 1
R 145 73 00000010 0000006f 0
C 146 00000010 0 0 0 0 0 0 0 0 1 0 0 00000014 0 0 00000010 1 1 1 0
C 147 00000010 1 0 0 0 0 0 0 1 1 0 0 00000014 0 0 00000014 1 1 1 1
R 147 74 00000010 0000006f 0
C 148 00000010 0 0 0 0 0 0 0 0 1 0 0 00000014 0 0 00000010 1 1 1 0
C 149 00000010 1 0 0 0 0 0 0 1 1 0 0 00000014 0 0 00000014 1 1 1 1
R 149 75 00000010 0000006f 0
C 150 00000010 0 0 0 0 0 0 0 0 1 0 0 00000014 0 0 00000010 1 1 1 0
C 151 00000010 1 0 0 0 0 0 0 1 1 0 0 00000014 0 0 00000014 1 1 1 1
R 151 76 00000010 0000006f 0
C 152 00000010 0 0 0 0 0 0 0 0 1 0 0 00000014 0 0 00000010 1 1 1 0
C 153 00000010 1 0 0 0 0 0 0 1 1 0 0 00000014 0 0 00000014 1 1 1 1
R 153 77 00000010 0000006f 0
C 154 00000010 0 0 0 0 0 0 0 0 1 0 0 00000014 0 0 00000010 1 1 1 0
C 155 00000010 1 0 0 0 0 0 0 1 1 0 0 00000014 0 0 00000014 1 1 1 1
R 155 78 00000010 0000006f 0
C 156 00000010 0 0 0 0 0 0 0 0 1 0 0 00000014 0 0 00000010 1 1 1 0
C 157 00000010 1 0 0 0 0 0 0 1 1 0 0 00000014 0 0 00000014 1 1 1 1
R 157 79 00000010 0000006f 0
C 158 00000010 0 0 0 0 0 0 0 0 1 0 0 00000014 0 0 00000010 1 1 1 0
C 159 00000010 1 0 0 0 0 0 0 1 1 0 0 00000014 0 0 00000014 1 1 1 1
R 159 80 00000010 0000006f 0
C 160 00000010 0 0 0 0 0 0 0 0 1 0 0 00000014 0 0 00000010 1 1 1 0
C 161 00000010 1 0 0 0 0 0 0 1 1 0 0 00000014 0 0 00000014 1 1 1 1
R 161 81 00000010 0000006f 0
C 162 00000010 0 0 0 0 0 0 0 0 1 0 0 00000014 0 0 00000010 1 1 1 0
C 163 00000010 1 0 0 0 0 0 0 1 1 0 0 00000014 0 0 00000014 1 1 1 1
R 163 82 00000010 0000006f 0
C 164 00000010 0 0 0 0 0 0 0 0 1 0 0 00000014 0 0 00000010 1 1 1 0
C 165 00000010 1 0 0 0 0 0 0 1 1 0 0 00000014 0 0 00000014 1 1 1 1
R 165 83 00000010 0000006f 0
C 166 00000010 0 0 0 0 0 0 0 0 1 0 0 00000014 0 0 00000010 1 1 1 0
C 167 00000010 1 0 0 0 0 0 0 1 1 0 0 00000014 0 0 00000014 1 1 1 1
R 167 84 00000010 0000006f 0
C 168 00000010 0 0 0 0 0 0 0 0 1 0 0 00000014 0 0 00000010 1 1 1 0
C 169 00000010 1 0 0 0 0 0 0 1 1 0 0 00000014 0 0 00000014 1 1 1 1
R 169 85 00000010 0000006f 0
C 170 00000010 0 0 0 0 0 0 0 0 1 0 0 00000014 0 0 00000010 1 1 1 0
C 171 00000010 1 0 0 0 0 0 0 1 1 0 0 00000014 0 0 00000014 1 1 1 1
R 171 86 00000010 0000006f 0
C 172 00000010 0 0 0 0 0 0 0 0 1 0 0 00000014 0 0 00000010 1 1 1 0
C 173 00000010 1 0 0 0 0 0 0 1 1 0 0 00000014 0 0 00000014 1 1 1 1
R 173 87 00000010 0000006f 0
C 174 00000010 0 0 0 0 0 0 0 0 1 0 0 00000014 0 0 00000010 1 1 1 0
C 175 00000010 1 0 0 0 0 0 0 1 1 0 0 00000014 0 0 00000014 1 1 1 1
R 175 88 00000010 0000006f 0
C 176 00000010 0 0 0 0 0 0 0 0 1 0 0 00000014 0 0 00000010 1 1 1 0
C 177 00000010 1 0 0 0 0 0 0 1 1 0 0 00000014 0 0 00000014 1 1 1 1
R 177 89 00000010 0000006f 0
C 178 00000010 0 0 0 0 0 0 0 0 1 0 0 00000014 0 0 00000010 1 1 1 0
C 179 00000010 1 0 0 0 0 0 0 1 1 0 0 00000014 0 0 00000014 1 1 1 1
R 179 90 00000010 0000006f 0
C 180 00000010 0 0 0 0 0 0 0 0 1 0 0 00000014 0 0 00000010 1 1 1 0
C 181 00000010 1 0 0 0 0 0 0 1 1 0 0 00000014 0 0 00000014 1 1 1 1
R 181 91 00000010 0000006f 0
C 182 00000010 0 0 0 0 0 0 0 0 1 0 0 00000014 0 0 00000010 1 1 1 0
C 183 00000010 1 0 0 0 0 0 0 1 1 0 0 00000014 0 0 00000014 1 1 1 1
R 183 92 00000010 0000006f 0
C 184 00000010 0 0 0 0 0 0 0 0 1 0 0 00000014 0 0 00000010 1 1 1 0
C 185 00000010 1 0 0 0 0 0 0 1 1 0 0 00000014 0 0 00000014 1 1 1 1
R 185 93 00000010 0000006f 0
C 186 00000010 0 0 0 0 0 0 0 0 1 0 0 00000014 0 0 00000010 1 1 1 0
C 187 00000010 1 0 0 0 0 0 0 1 1 0 0 00000014 0 0 00000014 1 1 1 1
R 187 94 00000010 0000006f 0
C 188 00000010 0 0 0 0 0 0 0 0 1 0 0 00000014 0 0 00000010 1 1 1 0
C 189 00000010 1 0 0 0 0 0 0 1 1 0 0 00000014 0 0 00000014 1 1 1 1
R 189 95 00000010 0000006f 0
C 190 00000010 0 0 0 0 0 0 0 0 1 0 0 00000014 0 0 00000010 1 1 1 0
C 191 00000010 1 0 0 0 0 0 0 1 1 0 0 00000014 0 0 00000014 1 1 1 1
R 191 96 00000010 0000006f 0
C 192 00000010 0 0 0 0 0 0 0 0 1 0 0 00000014 0 0 00000010 1 1 1 0
C 193 00000010 1 0 0 0 0 0 0 1 1 0 0 00000014 0 0 00000014 1 1 1 1
R 193 97 00000010 0000006f 0
C 194 00000010 0 0 0 0 0 0 0 0 1 0 0 00000014 0 0 00000010 1 1 1 0
C 195 00000010 1 0 0 0 0 0 0 1 1 0 0 00000014 0 0 00000014 1 1 1 1
R 195 98 00000010 0000006f 0
C 196 00000010 0 0 0 0 0 0 0 0 1 0 0 00000014 0 0 00000010 1 1 1 0
C 197 00000010 1 0 0 0 0 0 0 1 1 0 0 00000014 0 0 00000014 1 1 1 1
R 197 99 00000010 0000006f 0
C 198 00000010 0 0 0 0 0 0 0 0 1 0 0 00000014 0 0 00000010 1 1 1 0
C 199 00000010 1 0 0 0 0 0 0 1 1 0 0 00000014 0 0 00000014 1 1 1 1
R 199 100 00000010 0000006f 0
C 200 00000010 0 0 0 0 0 0 0 0 1 0 0 00000014 0 0 00000010 1 1 1 0
C 201 00000010 1 0 0 0 0 0 0 1 1 0 0 00000014 0 0 00000014 1 1 1 1
R 201 101 00000010 0000006f 0
C 202 00000010 0 0 0 0 0 0 0 0 1 0 0 00000014 0 0 00000010 1 1 1 0
C 203 00000010 1 0 0 0 0 0 0 1 1 0 0 00000014 0 0 00000014 1 1 1 1
R 203 102 00000010 0000006f 0
C 204 00000010 0 0 0 0 0 0 0 0 1 0 0 00000014 0 0 00000010 1 1 1 0
C 205 00000010 1 0 0 0 0 0 0 1 1 0 0 00000014 0 0 00000014 1 1 1 1
R 205 103 00000010 0000006f 0
C 206 00000010 0 0 0 0 0 0 0 0 1 0 0 00000014 0 0 00000010 1 1 1 0
C 207 00000010 1 0 0 0 0 0 0 1 1 0 0 00000014 0 0 00000014 1 1 1 1
R 207 104 00000010 0000006f 0
C 208 00000010 0 0 0 0 0 0 0 0 1 0 0 00000014 0 0 00000010 1 1 1 0
C 209 00000010 1 0 0 0 0 0 0 1 1 0 0 00000014 0 0 00000014 1 1 1 1
R 209 105 00000010 0000006f 0
C 210 00000010 0 0 0 0 0 0 0 0 1 0 0 00000014 0 0 00000010 1 1 1 0
C 211 00000010 1 0 0 0 0 0 0 1 1 0 0 00000014 0 0 00000014 1 1 1 1
R 211 106 00000010 0000006f 0
C 212 00000010 0 0 0 0 0 0 0 0 1 0 0 00000014 0 0 00000010 1 1 1 0
C 213 00000010 1 0 0 0 0 0 0 1 1 0 0 00000014 0 0 00000014 1 1 1 1
R 213 107 00000010 0000006f 0
C 214 00000010 0 0 0 0 0 0 0 0 1 0 0 00000014 0 0 00000010 1 1 1 0
C 215 00000010 1 0 0 0 0 0 0 1 1 0 0 00000014 0 0 00000014 1 1 1 1
R 215 108 00000010 0000006f 0
C 216 00000010 0 0 0 0 0 0 0 0 1 0 0 00000014 0 0 00000010 1 1 1 0
C 217 00000010 1 0 0 0 0 0 0 1 1 0 0 00000014 0 0 00000014 1 1 1 1
R 217 109 00000010 0000006f 0
C 218 00000010 0 0 0 0 0 0 0 0 1 0 0 00000014 0 0 00000010 1 1 1 0
C 219 00000010 1 0 0 0 0 0 0 1 1 0 0 00000014 0 0 00000014 1 1 1 1
R 219 110 00000010 0000006f 0
C 220 00000010 0 0 0 0 0 0 0 0 1 0 0 00000014 0 0 00000010 1 1 1 0
C 221 00000010 1 0 0 0 0 0 0 1 1 0 0 00000014 0 0 00000014 1 1 1 1
R 221 111 00000010 0000006f 0
C 222 00000010 0 0 0 0 0 0 0 0 1 0 0 00000014 0 0 00000010 1 1 1 0
C 223 00000010 1 0 0 0 0 0 0 1 1 0 0 00000014 0 0 00000014 1 1 1 1
R 223 112 00000010 0000006f 0
C 224 00000010 0 0 0 0 0 0 0 0 1 0 0 00000014 0 0 00000010 1 1 1 0
C 225 00000010 1 0 0 0 0 0 0 1 1 0 0 00000014 0 0 00000014 1 1 1 1
R 225 113 00000010 0000006f 0
C 226 00000010 0 0 0 0 0 0 0 0 1 0 0 00000014 0 0 00000010 1 1 1 0
C 227 00000010 1 0 0 0 0 0 0 1 1 0 0 00000014 0 0 00000014 1 1 1 1
R 227 114 00000010 0000006f 0
C 228 00000010 0 0 0 0 0 0 0 0 1 0 0 00000014 0 0 00000010 1 1 1 0
C 229 00000010 1 0 0 0 0 0 0 1 1 0 0 00000014 0 0 00000014 1 1 1 1
R 229 115 00000010 0000006f 0
C 230 00000010 0 0 0 0 0 0 0 0 1 0 0 00000014 0 0 00000010 1 1 1 0
C 231 00000010 1 0 0 0 0 0 0 1 1 0 0 00000014 0 0 00000014 1 1 1 1
R 231 116 00000010 0000006f 0
C 232 00000010 0 0 0 0 0 0 0 0 1 0 0 00000014 0 0 00000010 1 1 1 0
C 233 00000010 1 0 0 0 0 0 0 1 1 0 0 00000014 0 0 00000014 1 1 1 1
R 233 117 00000010 0000006f 0
C 234 00000010 0 0 0 0 0 0 0 0 1 0 0 00000014 0 0 00000010 1 1 1 0
C 235 00000010 1 0 0 0 0 0 0 1 1 0 0 00000014 0 0 00000014 1 1 1 1
R 235 118 00000010 0000006f 0
C 236 00000010 0 0 0 0 0 0 0 0 1 0 0 00000014 0 0 00000010 1 1 1 0
C 237 00000010 1 0 0 0 0 0 0 1 1 0 0 00000014 0 0 00000014 1 1 1 1
R 237 119 00000010 0000006f 0
C 238 00000010 0 0 0 0 0 0 0 0 1 0 0 00000014 0 0 00000010 1 1 1 0
C 239 00000010 1 0 0 0 0 0 0 1 1 0 0 00000014 0 0 00000014 1 1 1 1
R 239 120 00000010 0000006f 0
C 240 00000010 0 0 0 0 0 0 0 0 1 0 0 00000014 0 0 00000010 1 1 1 0
C 241 00000010 1 0 0 0 0 0 0 1 1 0 0 00000014 0 0 00000014 1 1 1 1
R 241 121 00000010 0000006f 0
C 242 00000010 0 0 0 0 0 0 0 0 1 0 0 00000014 0 0 00000010 1 1 1 0
C 243 00000010 1 0 0 0 0 0 0 1 1 0 0 00000014 0 0 00000014 1 1 1 1
R 243 122 00000010 0000006f 0
C 244 00000010 0 0 0 0 0 0 0 0 1 0 0 00000014 0 0 00000010 1 1 1 0
C 245 00000010 1 0 0 0 0 0 0 1 1 0 0 00000014 0 0 00000014 1 1 1 1
R 245 123 00000010 0000006f 0
C 246 00000010 0 0 0 0 0 0 0 0 1 0 0 00000014 0 0 00000010 1 1 1 0
C 247 00000010 1 0 0 0 0 0 0 1 1 0 0 00000014 0 0 00000014 1 1 1 1
R 247 124 00000010 0000006f 0
C 248 00000010 0 0 0 0 0 0 0 0 1 0 0 00000014 0 0 00000010 1 1 1 0
C 249 00000010 1 0 0 0 0 0 0 1 1 0 0 00000014 0 0 00000014 1 1 1 1
R 249 125 00000010 0000006f 0
C 250 00000010 0 0 0 0 0 0 0 0 1 0 0 00000014 0 0 00000010 1 1 1 0
C 251 00000010 1 0 0 0 0 0 0 1 1 0 0 00000014 0 0 00000014 1 1 1 1
R 251 126 00000010 0000006f 0
C 252 00000010 0 0 0 0 0 0 0 0 1 0 0 00000014 0 0 00000010 1 1 1 0
C 253 00000010 1 0 0 0 0 0 0 1 1 0 0 00000014 0 0 00000014 1 1 1 1
R 253 127 00000010 0000006f 0
C 254 00000010 0 0 0 0 0 0 0 0 1 0 0 00000014 0 0 00000010 1 1 1 0
C 255 00000010 1 0 0 0 0 0 0 1 1 0 0 00000014 0 0 00000014 1 1 1 1
R 255 128 00000010 0000006f 0
C 256 00000010 0 0 0 0 0 0 0 0 1 0 0 00000014 0 0 00000010 1 1 1 0
C 257 00000010 1 0 0 0 0 0 0 1 1 0 0 00000014 0 0 00000014 1 1 1 1
R 257 129 00000010 0000006f 0
C 258 00000010 0 0 0 0 0 0 0 0 1 0 0 00000014 0 0 00000010 1 1 1 0
C 259 00000010 1 0 0 0 0 0 0 1 1 0 0 00000014 0 0 00000014 1 1 1 1
R 259 130 00000010 0000006f 0
C 260 00000010 0 0 0 0 0 0 0 0 1 0 0 00000014 0 0 00000010 1 1 1 0
C 261 00000010 1 0 0 0 0 0 0 1 1 0 0 00000014 0 0 00000014 1 1 1 1
R 261 131 00000010 0000006f 0
C 262 00000010 0 0 0 0 0 0 0 0 1 0 0 00000014 0 0 00000010 1 1 1 0
C 263 00000010 1 0 0 0 0 0 0 1 1 0 0 00000014 0 0 00000014 1 1 1 1
R 263 132 00000010 0000006f 0
C 264 00000010 0 0 0 0 0 0 0 0 1 0 0 00000014 0 0 00000010 1 1 1 0
C 265 00000010 1 0 0 0 0 0 0 1 1 0 0 00000014 0 0 00000014 1 1 1 1
R 265 133 00000010 0000006f 0
C 266 00000010 0 0 0 0 0 0 0 0 1 0 0 00000014 0 0 00000010 1 1 1 0
C 267 00000010 1 0 0 0 0 0 0 1 1 0 0 00000014 0 0 00000014 1 1 1 1
R 267 134 00000010 0000006f 0
C 268 00000010 0 0 0 0 0 0 0 0 1 0 0 00000014 0 0 00000010 1 1 1 0
C 269 00000010 1 0 0 0 0 0 0 1 1 0 0 00000014 0 0 00000014 1 1 1 1
R 269 135 00000010 0000006f 0
C 270 00000010 0 0 0 0 0 0 0 0 1 0 0 00000014 0 0 00000010 1 1 1 0
C 271 00000010 1 0 0 0 0 0 0 1 1 0 0 00000014 0 0 00000014 1 1 1 1
R 271 136 00000010 0000006f 0
C 272 00000010 0 0 0 0 0 0 0 0 1 0 0 00000014 0 0 00000010 1 1 1 0
C 273 00000010 1 0 0 0 0 0 0 1 1 0 0 00000014 0 0 00000014 1 1 1 1
R 273 137 00000010 0000006f 0
C 274 00000010 0 0 0 0 0 0 0 0 1 0 0 00000014 0 0 00000010 1 1 1 0
C 275 00000010 1 0 0 0 0 0 0 1 1 0 0 00000014 0 0 00000014 1 1 1 1
R 275 138 00000010 0000006f 0
C 276 00000010 0 0 0 0 0 0 0 0 1 0 0 00000014 0 0 00000010 1 1 1 0
C 277 00000010 1 0 0 0 0 0 0 1 1 0 0 00000014 0 0 00000014 1 1 1 1
R 277 139 00000010 0000006f 0
C 278 00000010 0 0 0 0 0 0 0 0 1 0 0 00000014 0 0 00000010 1 1 1 0
C 279 00000010 1 0 0 0 0 0 0 1 1 0 0 00000014 0 0 00000014 1 1 1 1
R 279 140 00000010 0000006f 0
C 280 00000010 0 0 0 0 0 0 0 0 1 0 0 00000014 0 0 00000010 1 1 1 0
C 281 00000010 1 0 0 0 0 0 0 1 1 0 0 00000014 0 0 00000014 1 1 1 1
R 281 141 00000010 0000006f 0
C 282 00000010 0 0 0 0 0 0 0 0 1 0 0 00000014 0 0 00000010 1 1 1 0
C 283 00000010 1 0 0 0 0 0 0 1 1 0 0 00000014 0 0 00000014 1 1 1 1
R 283 142 00000010 0000006f 0
C 284 00000010 0 0 0 0 0 0 0 0 1 0 0 00000014 0 0 00000010 1 1 1 0
C 285 00000010 1 0 0 0 0 0 0 1 1 0 0 00000014 0 0 00000014 1 1 1 1
R 285 143 00000010 0000006f 0
C 286 00000010 0 0 0 0 0 0 0 0 1 0 0 00000014 0 0 00000010 1 1 1 0
C 287 00000010 1 0 0 0 0 0 0 1 1 0 0 00000014 0 0 00000014 1 1 1 1
R 287 144 00000010 0000006f 0
C 288 00000010 0 0 0 0 0 0 0 0 1 0 0 00000014 0 0 00000010 1 1 1 0
C 289 00000010 1 0 0 0 0 0 0 1 1 0 0 00000014 0 0 00000014 1 1 1 1
R 289 145 00000010 0000006f 0
C 290 00000010 0 0 0 0 0 0 0 0 1 0 0 00000014 0 0 00000010 1 1 1 0
C 291 00000010 1 0 0 0 0 0 0 1 1 0 0 00000014 0 0 00000014 1 1 1 1
R 291 146 00000010 0000006f 0
C 292 00000010 0 0 0 0 0 0 0 0 1 0 0 00000014 0 0 00000010 1 1 1 0
C 293 00000010 1 0 0 0 0 0 0 1 1 0 0 00000014 0 0 00000014 1 1 1 1
R 293 147 00000010 0000006f 0
C 294 00000010 0 0 0 0 0 0 0 0 1 0 0 00000014 0 0 00000010 1 1 1 0
C 295 00000010 1 0 0 0 0 0 0 1 1 0 0 00000014 0 0 00000014 1 1 1 1
R 295 148 00000010 0000006f 0
C 296 00000010 0 0 0 0 0 0 0 0 1 0 0 00000014 0 0 00000010 1 1 1 0
C 297 00000010 1 0 0 0 0 0 0 1 1 0 0 00000014 0 0 00000014 1 1 1 1
R 297 149 00000010 0000006f 0
C 298 00000010 0 0 0 0 0 0 0 0 1 0 0 00000014 0 0 00000010 1 1 1 0
C 299 00000010 1 0 0 0 0 0 0 1 1 0 0 00000014 0 0 00000014 1 1 1 1
R 299 150 00000010 0000006f 0
C 300 00000010 0 0 0 0 0 0 0 0 1 0 0 00000014 0 0 00000010 1 1 1 0
C 301 00000010 1 0 0 0 0 0 0 1 1 0 0 00000014 0 0 00000014 1 1 1 1
R 301 151 00000010 0000006f 0
C 302 00000010 0 0 0 0 0 0 0 0 1 0 0 00000014 0 0 00000010 1 1 1 0
C 303 00000010 1 0 0 0 0 0 0 1 1 0 0 00000014 0 0 00000014 1 1 1 1
R 303 152 00000010 0000006f 0
C 304 00000010 0 0 0 0 0 0 0 0 1 0 0 00000014 0 0 00000010 1 1 1 0
C 305 00000010 1 0 0 0 0 0 0 1 1 0 0 00000014 0 0 00000014 1 1 1 1
R 305 153 00000010 0000006f 0
C 306 00000010 0 0 0 0 0 0 0 0 1 0 0 00000014 0 0 00000010 1 1 1 0
C 307 00000010 1 0 0 0 0 0 0 1 1 0 0 00000014 0 0 00000014 1 1 1 1
R 307 154 00000010 0000006f 0
C 308 00000010 0 0 0 0 0 0 0 0 1 0 0 00000014 0 0 00000010 1 1 1 0
C 309 00000010 1 0 0 0 0 0 0 1 1 0 0 00000014 0 0 00000014 1 1 1 1
R 309 155 00000010 0000006f 0
C 310 00000010 0 0 0 0 0 0 0 0 1 0 0 00000014 0 0 00000010 1 1 1 0
C 311 00000010 1 0 0 0 0 0 0 1 1 0 0 00000014 0 0 00000014 1 1 1 1
R 311 156 00000010 0000006f 0
C 312 00000010 0 0 0 0 0 0 0 0 1 0 0 00000014 0 0 00000010 1 1 1 0
C 313 00000010 1 0 0 0 0 0 0 1 1 0 0 00000014 0 0 00000014 1 1 1 1
R 313 157 00000010 0000006f 0
C 314 00000010 0 0 0 0 0 0 0 0 1 0 0 00000014 0 0 00000010 1 1 1 0
C 315 00000010 1 0 0 0 0 0 0 1 1 0 0 00000014 0 0 00000014 1 1 1 1
R 315 158 00000010 0000006f 0
C 316 00000010 0 0 0 0 0 0 0 0 1 0 0 00000014 0 0 00000010 1 1 1 0
C 317 00000010 1 0 0 0 0 0 0 1 1 0 0 00000014 0 0 00000014 1 1 1 1
R 317 159 00000010 0000006f 0
C 318 00000010 0 0 0 0 0 0 0 0 1 0 0 00000014 0 0 00000010 1 1 1 0
C 319 00000010 1 0 0 0 0 0 0 1 1 0 0 00000014 0 0 00000014 1 1 1 1
R 319 160 00000010 0000006f 0
C 320 00000010 0 0 0 0 0 0 0 0 1 0 0 00000014 0 0 00000010 1 1 1 0
C 321 00000010 1 0 0 0 0 0 0 1 1 0 0 00000014 0 0 00000014 1 1 1 1
R 321 161 00000010 0000006f 0
C 322 00000010 0 0 0 0 0 0 0 0 1 0 0 00000014 0 0 00000010 1 1 1 0
C 323 00000010 1 0 0 0 0 0 0 1 1 0 0 00000014 0 0 00000014 1 1 1 1
R 323 162 00000010 0000006f 0
C 324 00000010 0 0 0 0 0 0 0 0 1 0 0 00000014 0 0 00000010 1 1 1 0
C 325 00000010 1 0 0 0 0 0 0 1 1 0 0 00000014 0 0 00000014 1 1 1 1
R 325 163 00000010 0000006f 0
C 326 00000010 0 0 0 0 0 0 0 0 1 0 0 00000014 0 0 00000010 1 1 1 0
C 327 00000010 1 0 0 0 0 0 0 1 1 0 0 00000014 0 0 00000014 1 1 1 1
R 327 164 00000010 0000006f 0
C 328 00000010 0 0 0 0 0 0 0 0 1 0 0 00000014 0 0 00000010 1 1 1 0
C 329 00000010 1 0 0 0 0 0 0 1 1 0 0 00000014 0 0 00000014 1 1 1 1
R 329 165 00000010 0000006f 0
C 330 00000010 0 0 0 0 0 0 0 0 1 0 0 00000014 0 0 00000010 1 1 1 0
C 331 00000010 1 0 0 0 0 0 0 1 1 0 0 00000014 0 0 00000014 1 1 1 1
R 331 166 00000010 0000006f 0
C 332 00000010 0 0 0 0 0 0 0 0 1 0 0 00000014 0 0 00000010 1 1 1 0
C 333 00000010 1 0 0 0 0 0 0 1 1 0 0 00000014 0 0 00000014 1 1 1 1
R 333 167 00000010 0000006f 0
C 334 00000010 0 0 0 0 0 0 0 0 1 0 0 00000014 0 0 00000010 1 1 1 0
C 335 00000010 1 0 0 0 0 0 0 1 1 0 0 00000014 0 0 00000014 1 1 1 1
R 335 168 00000010 0000006f 0
C 336 00000010 0 0 0 0 0 0 0 0 1 0 0 00000014 0 0 00000010 1 1 1 0
C 337 00000010 1 0 0 0 0 0 0 1 1 0 0 00000014 0 0 00000014 1 1 1 1
R 337 169 00000010 0000006f 0
C 338 00000010 0 0 0 0 0 0 0 0 1 0 0 00000014 0 0 00000010 1 1 1 0
C 339 00000010 1 0 0 0 0 0 0 1 1 0 0 00000014 0 0 00000014 1 1 1 1
R 339 170 00000010 0000006f 0
C 340 00000010 0 0 0 0 0 0 0 0 1 0 0 00000014 0 0 00000010 1 1 1 0
C 341 00000010 1 0 0 0 0 0 0 1 1 0 0 00000014 0 0 00000014 1 1 1 1
R 341 171 00000010 0000006f 0
C 342 00000010 0 0 0 0 0 0 0 0 1 0 0 00000014 0 0 00000010 1 1 1 0
C 343 00000010 1 0 0 0 0 0 0 1 1 0 0 00000014 0 0 00000014 1 1 1 1
R 343 172 00000010 0000006f 0
C 344 00000010 0 0 0 0 0 0 0 0 1 0 0 00000014 0 0 00000010 1 1 1 0
C 345 00000010 1 0 0 0 0 0 0 1 1 0 0 00000014 0 0 00000014 1 1 1 1
R 345 173 00000010 0000006f 0
C 346 00000010 0 0 0 0 0 0 0 0 1 0 0 00000014 0 0 00000010 1 1 1 0
C 347 00000010 1 0 0 0 0 0 0 1 1 0 0 00000014 0 0 00000014 1 1 1 1
R 347 174 00000010 0000006f 0
C 348 00000010 0 0 0 0 0 0 0 0 1 0 0 00000014 0 0 00000010 1 1 1 0
C 349 00000010 1 0 0 0 0 0 0 1 1 0 0 00000014 0 0 00000014 1 1 1 1
R 349 175 00000010 0000006f 0
C 350 00000010 0 0 0 0 0 0 0 0 1 0 0 00000014 0 0 00000010 1 1 1 0
C 351 00000010 1 0 0 0 0 0 0 1 1 0 0 00000014 0 0 00000014 1 1 1 1
R 351 176 00000010 0000006f 0
C 352 00000010 0 0 0 0 0 0 0 0 1 0 0 00000014 0 0 00000010 1 1 1 0
C 353 00000010 1 0 0 0 0 0 0 1 1 0 0 00000014 0 0 00000014 1 1 1 1
R 353 177 00000010 0000006f 0
C 354 00000010 0 0 0 0 0 0 0 0 1 0 0 00000014 0 0 00000010 1 1 1 0
C 355 00000010 1 0 0 0 0 0 0 1 1 0 0 00000014 0 0 00000014 1 1 1 1
R 355 178 00000010 0000006f 0
C 356 00000010 0 0 0 0 0 0 0 0 1 0 0 00000014 0 0 00000010 1 1 1 0
C 357 00000010 1 0 0 0 0 0 0 1 1 0 0 00000014 0 0 00000014 1 1 1 1
R 357 179 00000010 0000006f 0
C 358 00000010 0 0 0 0 0 0 0 0 1 0 0 00000014 0 0 00000010 1 1 1 0
C 359 00000010 1 0 0 0 0 0 0 1 1 0 0 00000014 0 0 00000014 1 1 1 1
R 359 180 00000010 0000006f 0
C 360 00000010 0 0 0 0 0 0 0 0 1 0 0 00000014 0 0 00000010 1 1 1 0
C 361 00000010 1 0 0 0 0 0 0 1 1 0 0 00000014 0 0 00000014 1 1 1 1
R 361 181 00000010 0000006f 0
C 362 00000010 0 0 0 0 0 0 0 0 1 0 0 00000014 0 0 00000010 1 1 1 0
C 363 00000010 1 0 0 0 0 0 0 1 1 0 0 00000014 0 0 00000014 1 1 1 1
R 363 182 00000010 0000006f 0
C 364 00000010 0 0 0 0 0 0 0 0 1 0 0 00000014 0 0 00000010 1 1 1 0
C 365 00000010 1 0 0 0 0 0 0 1 1 0 0 00000014 0 0 00000014 1 1 1 1
R 365 183 00000010 0000006f 0
C 366 00000010 0 0 0 0 0 0 0 0 1 0 0 00000014 0 0 00000010 1 1 1 0
C 367 00000010 1 0 0 0 0 0 0 1 1 0 0 00000014 0 0 00000014 1 1 1 1
R 367 184 00000010 0000006f 0
C 368 00000010 0 0 0 0 0 0 0 0 1 0 0 00000014 0 0 00000010 1 1 1 0
C 369 00000010 1 0 0 0 0 0 0 1 1 0 0 00000014 0 0 00000014 1 1 1 1
R 369 185 00000010 0000006f 0
C 370 00000010 0 0 0 0 0 0 0 0 1 0 0 00000014 0 0 00000010 1 1 1 0
C 371 00000010 1 0 0 0 0 0 0 1 1 0 0 00000014 0 0 00000014 1 1 1 1
R 371 186 00000010 0000006f 0
C 372 00000010 0 0 0 0 0 0 0 0 1 0 0 00000014 0 0 00000010 1 1 1 0
C 373 00000010 1 0 0 0 0 0 0 1 1 0 0 00000014 0 0 00000014 1 1 1 1
R 373 187 00000010 0000006f 0
C 374 00000010 0 0 0 0 0 0 0 0 1 0 0 00000014 0 0 00000010 1 1 1 0
C 375 00000010 1 0 0 0 0 0 0 1 1 0 0 00000014 0 0 00000014 1 1 1 1
R 375 188 00000010 0000006f 0
C 376 00000010 0 0 0 0 0 0 0 0 1 0 0 00000014 0 0 00000010 1 1 1 0
C 377 00000010 1 0 0 0 0 0 0 1 1 0 0 00000014 0 0 00000014 1 1 1 1
R 377 189 00000010 0000006f 0
C 378 00000010 0 0 0 0 0 0 0 0 1 0 0 00000014 0 0 00000010 1 1 1 0
C 379 00000010 1 0 0 0 0 0 0 1 1 0 0 00000014 0 0 00000014 1 1 1 1
R 379 190 00000010 0000006f 0
C 380 00000010 0 0 0 0 0 0 0 0 1 0 0 00000014 0 0 00000010 1 1 1 0
C 381 00000010 1 0 0 0 0 0 0 1 1 0 0 00000014 0 0 00000014 1 1 1 1
R 381 191 00000010 0000006f 0
C 382 00000010 0 0 0 0 0 0 0 0 1 0 0 00000014 0 0 00000010 1 1 1 0
C 383 00000010 1 0 0 0 0 0 0 1 1 0 0 00000014 0 0 00000014 1 1 1 1
R 383 192 00000010 0000006f 0
C 384 00000010 0 0 0 0 0 0 0 0 1 0 0 00000014 0 0 00000010 1 1 1 0
C 385 00000010 1 0 0 0 0 0 0 1 1 0 0 00000014 0 0 00000014 1 1 1 1
R 385 193 00000010 0000006f 0
C 386 00000010 0 0 0 0 0 0 0 0 1 0 0 00000014 0 0 00000010 1 1 1 0
C 387 00000010 1 0 0 0 0 0 0 1 1 0 0 00000014 0 0 00000014 1 1 1 1
R 387 194 00000010 0000006f 0
C 388 00000010 0 0 0 0 0 0 0 0 1 0 0 00000014 0 0 00000010 1 1 1 0
C 389 00000010 1 0 0 0 0 0 0 1 1 0 0 00000014 0 0 00000014 1 1 1 1
R 389 195 00000010 0000006f 0
C 390 00000010 0 0 0 0 0 0 0 0 1 0 0 00000014 0 0 00000010 1 1 1 0
C 391 00000010 1 0 0 0 0 0 0 1 1 0 0 00000014 0 0 00000014 1 1 1 1
R 391 196 00000010 0000006f 0
C 392 00000010 0 0 0 0 0 0 0 0 1 0 0 00000014 0 0 00000010 1 1 1 0
C 393 00000010 1 0 0 0 0 0 0 1 1 0 0 00000014 0 0 00000014 1 1 1 1
R 393 197 00000010 0000006f 0
C 394 00000010 0 0 0 0 0 0 0 0 1 0 0 00000014 0 0 00000010 1 1 1 0
C 395 00000010 1 0 0 0 0 0 0 1 1 0 0 00000014 0 0 00000014 1 1 1 1
R 395 198 00000010 0000006f 0
C 396 00000010 0 0 0 0 0 0 0 0 1 0 0 00000014 0 0 00000010 1 1 1 0
C 397 00000010 1 0 0 0 0 0 0 1 1 0 0 00000014 0 0 00000014 1 1 1 1
R 397 199 00000010 0000006f 0
C 398 00000010 0 0 0 0 0 0 0 0 1 0 0 00000014 0 0 00000010 1 1 1 0
C 399 00000010 1 0 0 0 0 0 0 1 1 0 0 00000014 0 0 00000014 1 1 1 1
R 399 200 00000010 0000006f 0
REG 0 00000000
REG 1 00000200
REG 2 00000055
REG 3 00000000
REG 4 00000000
REG 5 00000000
REG 6 00000000
REG 7 00000000
REG 8 00000000
REG 9 00000000
REG 10 00000000
REG 11 00000000
REG 12 00000000
REG 13 00000000
REG 14 00000000
REG 15 00000000
REG 16 00000000
REG 17 00000000
REG 18 00000000
REG 19 00000000
REG 20 00000000
REG 21 00000000
REG 22 00000000
REG 23 00000000
REG 24 00000000
REG 25 00000007
REG 26 00000088
REG 27 00000200
REG 28 00000000
REG 29 00000000
REG 30 00000000
REG 31 00000077
MEM 00000200 44332211
MEM 00000204 44332211
MEM 00000208 44332211
MEM 0000020c 44332211
MEM 00000210 44332211
FINISH
- /home/dungpc/ndmoney4porche/projects/ibex/doc/dungpc/microarchitecture/scripts/core_tb.sv:116: Verilog $finish
