CONFIG WB=1 BT=1 M=3 latency=1 ilatency=1 grant_period=1
C 0 00000000 0 0 0 0 0 0 0 0 1 0 0 00000000 0 0 00000080 0 0 0 1
C 1 00000000 0 0 0 0 0 0 0 0 1 0 0 00000000 0 0 00000080 1 1 0 1
C 2 00000000 0 0 0 0 0 0 0 0 1 0 0 00000000 0 0 00000080 1 1 1 0
C 3 00000080 1 0 0 0 0 0 0 1 1 0 0 00000080 0 0 00000084 1 1 1 0
C 4 00000084 1 0 0 0 0 0 0 1 1 0 0 fffffd7c 0 0 00000088 1 1 1 0
W 4 1 00000080
C 5 00000084 1 0 0 0 0 0 0 0 1 0 0 fffffd7c 0 0 00000088 1 1 1 0
R 5 1 00000080 08000093 0
C 6 00000084 0 0 0 0 0 0 0 0 1 0 0 fffffd7c 0 0 00000088 0 0 1 0
R 6 2 00000084 30409073 0
C 7 00000088 1 0 0 0 0 0 0 1 1 0 0 00000008 0 0 0000008c 1 1 0 0
C 8 0000008c 1 0 0 0 0 0 0 1 1 0 0 fffffd08 0 0 00000090 1 1 1 0
W 8 1 00000008
C 9 0000008c 1 0 0 0 0 0 0 0 1 0 0 fffffd08 0 0 00000090 0 0 1 0
R 9 3 00000088 00800093 0
C 10 0000008c 0 0 0 0 0 0 0 0 1 0 0 fffffd08 0 0 00000090 0 0 0 0
R 10 4 0000008c 3000a073 0
C 11 00000090 1 0 0 0 0 0 0 1 1 0 0 00000200 0 0 00000094 1 1 0 0
C 12 00000094 1 0 0 0 1 0 0 0 1 0 0 fffffff8 0 0 00000098 1 1 1 0
W 12 2 00000200
EVENT 12 3
C 13 00000094 1 1 0 0 1 0 0 0 1 0 0 fffffe00 0 0 00000098 0 0 1 0
R 13 5 00000090 20000113 0
C 14 00000094 1 1 0 0 1 0 0 0 1 0 0 fffffff8 0 0 00000098 0 0 0 0
C 15 00000094 1 1 0 0 1 0 0 0 1 0 0 fffffff8 0 0 00000098 0 0 0 0
C 16 00000094 1 1 0 0 1 0 0 0 1 0 0 fffffff8 0 0 00000098 0 0 0 0
C 17 00000094 1 1 0 0 1 0 0 0 1 0 0 fffffff8 0 0 00000098 0 0 0 0
C 18 00000094 1 1 0 0 1 0 0 0 1 0 0 fffffff8 0 0 00000098 0 0 0 0
C 19 00000094 1 1 0 0 1 0 0 0 1 0 0 fffffff8 0 0 00000098 0 0 0 0
C 20 00000094 1 1 0 0 1 0 0 0 1 0 0 fffffff8 0 0 00000098 0 0 0 0
C 21 00000094 1 1 0 0 1 0 0 0 1 0 0 fffffff8 0 0 00000098 0 0 0 0
C 22 00000094 1 1 0 0 1 0 0 0 1 0 0 fffffff8 0 0 00000098 0 0 0 0
C 23 00000094 1 1 0 0 1 0 0 0 1 0 0 fffffff8 0 0 00000098 0 0 0 0
C 24 00000094 1 1 0 0 1 0 0 0 1 0 0 fffffff8 0 0 00000098 0 0 0 0
C 25 00000094 1 1 0 0 1 0 0 0 1 0 0 fffffff8 0 0 00000098 0 0 0 0
C 26 00000094 1 1 0 0 1 0 0 0 1 0 0 fffffff8 0 0 00000098 0 0 0 0
C 27 00000094 1 1 0 0 1 0 0 0 1 0 0 fffffff8 0 0 00000098 0 0 0 0
C 28 00000094 1 1 0 0 1 0 0 0 1 0 0 fffffff8 0 0 00000098 0 0 0 0
C 29 00000094 1 1 0 0 1 0 0 0 1 0 0 fffffff8 0 0 00000098 0 0 0 0
C 30 00000094 1 1 0 0 1 0 0 0 1 0 0 fffffff8 0 0 00000098 0 0 0 0
C 31 00000094 1 1 0 0 1 0 0 0 1 0 0 fffffff8 0 0 00000098 0 0 0 0
C 32 00000094 1 1 0 0 1 0 0 0 1 0 0 fffffff8 0 0 00000098 0 0 0 0
C 33 00000094 1 1 0 0 1 0 0 0 1 0 0 fffffff8 0 0 00000098 0 0 0 0
C 34 00000094 1 1 0 0 1 0 0 0 1 0 0 fffffff8 0 0 00000098 0 0 0 0
C 35 00000094 1 1 0 0 1 0 0 0 1 0 0 fffffff8 0 0 00000098 0 0 0 0
C 36 00000094 1 1 0 0 1 0 0 0 1 0 0 fffffff8 0 0 00000098 0 0 0 0
C 37 00000094 1 1 0 0 1 0 0 0 1 0 0 fffffff8 0 0 00000098 0 0 0 0
C 38 00000094 1 1 0 0 1 0 0 0 1 0 0 fffffff8 0 0 00000098 0 0 0 0
C 39 00000094 1 1 0 0 1 0 0 0 1 0 0 fffffffc 0 0 00000098 0 0 0 0
C 40 00000094 1 1 0 0 1 0 0 0 1 0 0 00000000 0 0 00000098 0 0 0 0
C 41 00000094 1 1 0 0 1 0 0 0 1 0 0 fffffff8 0 0 00000098 0 0 0 0
C 42 00000094 1 1 0 0 1 0 0 0 1 0 0 fffffff8 0 0 00000098 0 0 0 0
C 43 00000094 1 1 0 0 1 0 0 0 1 0 0 fffffff8 0 0 00000098 0 0 0 0
C 44 00000094 1 1 0 0 1 0 0 0 1 0 0 fffffff8 0 0 00000098 0 0 0 0
C 45 00000094 1 1 0 0 1 0 0 0 1 0 0 fffffff8 0 0 00000098 0 0 0 0
C 46 00000094 1 1 0 0 1 0 0 0 1 0 0 fffffff8 0 0 00000098 0 0 0 0
C 47 00000094 1 1 0 0 1 0 0 0 1 0 0 ffffffc0 0 0 00000098 0 0 0 0
C 48 00000094 1 1 0 0 0 0 0 1 1 0 0 fffffff8 0 0 00000098 0 0 0 0
C 49 00000094 0 0 0 0 0 0 0 0 1 0 0 fffffff8 0 0 00000098 0 0 0 0
W 49 3 00000040
C 50 00000094 0 0 0 0 0 0 0 0 1 0 0 fffffff8 0 0 00000098 1 1 0 1
R 50 6 00000094 021141b3 0
C 51 00000094 0 0 0 0 0 0 0 0 1 0 0 fffffff8 0 0 0000001c 1 1 1 0
C 52 0000001c 1 0 0 0 0 0 0 1 1 0 0 fffffcbc 0 0 00000020 1 1 1 0
C 53 00000020 1 0 0 0 0 0 0 1 1 0 0 fffffcbc 0 0 00000024 1 1 1 0
W 53 25 80000007
C 54 00000024 1 0 0 0 0 0 0 1 1 0 0 fffffcbc 0 0 00000028 1 1 1 0
W 54 26 00000098
R 54 7 0000001c 34202cf3 0
C 55 00000028 1 0 0 0 0 0 0 1 1 0 0 00000074 0 0 0000002c 1 1 1 0
W 55 27 00000000
R 55 8 00000020 34102d73 0
C 56 0000002c 1 0 0 0 0 0 0 1 1 0 0 00000030 0 0 00000030 1 1 1 1
W 56 31 00000077
R 56 9 00000024 34302df3 0
C 57 0000002c 0 0 0 0 0 0 0 0 1 0 0 00000030 0 0 0000002c 1 1 1 0
R 57 10 00000028 07700f93 0
C 58 0000002c 1 0 0 0 0 0 0 1 1 0 0 00000030 0 0 00000030 1 1 1 1
R 58 11 0000002c 0000006f 0
C 59 0000002c 0 0 0 0 0 0 0 0 1 0 0 00000030 0 0 0000002c 1 1 1 0
C 60 0000002c 1 0 0 0 0 0 0 1 1 0 0 00000030 0 0 00000030 1 1 1 1
R 60 12 0000002c 0000006f 0
C 61 0000002c 0 0 0 0 0 0 0 0 1 0 0 00000030 0 0 0000002c 1 1 1 0
C 62 0000002c 1 0 0 0 0 0 0 1 1 0 0 00000030 0 0 00000030 1 1 1 1
R 62 13 0000002c 0000006f 0
C 63 0000002c 0 0 0 0 0 0 0 0 1 0 0 00000030 0 0 0000002c 1 1 1 0
C 64 0000002c 1 0 0 0 0 0 0 1 1 0 0 00000030 0 0 00000030 1 1 1 1
R 64 14 0000002c 0000006f 0
C 65 0000002c 0 0 0 0 0 0 0 0 1 0 0 00000030 0 0 0000002c 1 1 1 0
C 66 0000002c 1 0 0 0 0 0 0 1 1 0 0 00000030 0 0 00000030 1 1 1 1
R 66 15 0000002c 0000006f 0
C 67 0000002c 0 0 0 0 0 0 0 0 1 0 0 00000030 0 0 0000002c 1 1 1 0
C 68 0000002c 1 0 0 0 0 0 0 1 1 0 0 00000030 0 0 00000030 1 1 1 1
R 68 16 0000002c 0000006f 0
C 69 0000002c 0 0 0 0 0 0 0 0 1 0 0 00000030 0 0 0000002c 1 1 1 0
C 70 0000002c 1 0 0 0 0 0 0 1 1 0 0 00000030 0 0 00000030 1 1 1 1
R 70 17 0000002c 0000006f 0
C 71 0000002c 0 0 0 0 0 0 0 0 1 0 0 00000030 0 0 0000002c 1 1 1 0
C 72 0000002c 1 0 0 0 0 0 0 1 1 0 0 00000030 0 0 00000030 1 1 1 1
R 72 18 0000002c 0000006f 0
C 73 0000002c 0 0 0 0 0 0 0 0 1 0 0 00000030 0 0 0000002c 1 1 1 0
C 74 0000002c 1 0 0 0 0 0 0 1 1 0 0 00000030 0 0 00000030 1 1 1 1
R 74 19 0000002c 0000006f 0
C 75 0000002c 0 0 0 0 0 0 0 0 1 0 0 00000030 0 0 0000002c 1 1 1 0
C 76 0000002c 1 0 0 0 0 0 0 1 1 0 0 00000030 0 0 00000030 1 1 1 1
R 76 20 0000002c 0000006f 0
C 77 0000002c 0 0 0 0 0 0 0 0 1 0 0 00000030 0 0 0000002c 1 1 1 0
C 78 0000002c 1 0 0 0 0 0 0 1 1 0 0 00000030 0 0 00000030 1 1 1 1
R 78 21 0000002c 0000006f 0
C 79 0000002c 0 0 0 0 0 0 0 0 1 0 0 00000030 0 0 0000002c 1 1 1 0
C 80 0000002c 1 0 0 0 0 0 0 1 1 0 0 00000030 0 0 00000030 1 1 1 1
R 80 22 0000002c 0000006f 0
C 81 0000002c 0 0 0 0 0 0 0 0 1 0 0 00000030 0 0 0000002c 1 1 1 0
C 82 0000002c 1 0 0 0 0 0 0 1 1 0 0 00000030 0 0 00000030 1 1 1 1
R 82 23 0000002c 0000006f 0
C 83 0000002c 0 0 0 0 0 0 0 0 1 0 0 00000030 0 0 0000002c 1 1 1 0
C 84 0000002c 1 0 0 0 0 0 0 1 1 0 0 00000030 0 0 00000030 1 1 1 1
R 84 24 0000002c 0000006f 0
C 85 0000002c 0 0 0 0 0 0 0 0 1 0 0 00000030 0 0 0000002c 1 1 1 0
C 86 0000002c 1 0 0 0 0 0 0 1 1 0 0 00000030 0 0 00000030 1 1 1 1
R 86 25 0000002c 0000006f 0
C 87 0000002c 0 0 0 0 0 0 0 0 1 0 0 00000030 0 0 0000002c 1 1 1 0
C 88 0000002c 1 0 0 0 0 0 0 1 1 0 0 00000030 0 0 00000030 1 1 1 1
R 88 26 0000002c 0000006f 0
C 89 0000002c 0 0 0 0 0 0 0 0 1 0 0 00000030 0 0 0000002c 1 1 1 0
C 90 0000002c 1 0 0 0 0 0 0 1 1 0 0 00000030 0 0 00000030 1 1 1 1
R 90 27 0000002c 0000006f 0
C 91 0000002c 0 0 0 0 0 0 0 0 1 0 0 00000030 0 0 0000002c 1 1 1 0
C 92 0000002c 1 0 0 0 0 0 0 1 1 0 0 00000030 0 0 00000030 1 1 1 1
R 92 28 0000002c 0000006f 0
C 93 0000002c 0 0 0 0 0 0 0 0 1 0 0 00000030 0 0 0000002c 1 1 1 0
C 94 0000002c 1 0 0 0 0 0 0 1 1 0 0 00000030 0 0 00000030 1 1 1 1
R 94 29 0000002c 0000006f 0
C 95 0000002c 0 0 0 0 0 0 0 0 1 0 0 00000030 0 0 0000002c 1 1 1 0
C 96 0000002c 1 0 0 0 0 0 0 1 1 0 0 00000030 0 0 00000030 1 1 1 1
R 96 30 0000002c 0000006f 0
C 97 0000002c 0 0 0 0 0 0 0 0 1 0 0 00000030 0 0 0000002c 1 1 1 0
C 98 0000002c 1 0 0 0 0 0 0 1 1 0 0 00000030 0 0 00000030 1 1 1 1
R 98 31 0000002c 0000006f 0
C 99 0000002c 0 0 0 0 0 0 0 0 1 0 0 00000030 0 0 0000002c 1 1 1 0
C 100 0000002c 1 0 0 0 0 0 0 1 1 0 0 00000030 0 0 00000030 1 1 1 1
R 100 32 0000002c 0000006f 0
C 101 0000002c 0 0 0 0 0 0 0 0 1 0 0 00000030 0 0 0000002c 1 1 1 0
C 102 0000002c 1 0 0 0 0 0 0 1 1 0 0 00000030 0 0 00000030 1 1 1 1
R 102 33 0000002c 0000006f 0
C 103 0000002c 0 0 0 0 0 0 0 0 1 0 0 00000030 0 0 0000002c 1 1 1 0
C 104 0000002c 1 0 0 0 0 0 0 1 1 0 0 00000030 0 0 00000030 1 1 1 1
R 104 34 0000002c 0000006f 0
C 105 0000002c 0 0 0 0 0 0 0 0 1 0 0 00000030 0 0 0000002c 1 1 1 0
C 106 0000002c 1 0 0 0 0 0 0 1 1 0 0 00000030 0 0 00000030 1 1 1 1
R 106 35 0000002c 0000006f 0
C 107 0000002c 0 0 0 0 0 0 0 0 1 0 0 00000030 0 0 0000002c 1 1 1 0
C 108 0000002c 1 0 0 0 0 0 0 1 1 0 0 00000030 0 0 00000030 1 1 1 1
R 108 36 0000002c 0000006f 0
C 109 0000002c 0 0 0 0 0 0 0 0 1 0 0 00000030 0 0 0000002c 1 1 1 0
C 110 0000002c 1 0 0 0 0 0 0 1 1 0 0 00000030 0 0 00000030 1 1 1 1
R 110 37 0000002c 0000006f 0
C 111 0000002c 0 0 0 0 0 0 0 0 1 0 0 00000030 0 0 0000002c 1 1 1 0
C 112 0000002c 1 0 0 0 0 0 0 1 1 0 0 00000030 0 0 00000030 1 1 1 1
R 112 38 0000002c 0000006f 0
C 113 0000002c 0 0 0 0 0 0 0 0 1 0 0 00000030 0 0 0000002c 1 1 1 0
C 114 0000002c 1 0 0 0 0 0 0 1 1 0 0 00000030 0 0 00000030 1 1 1 1
R 114 39 0000002c 0000006f 0
C 115 0000002c 0 0 0 0 0 0 0 0 1 0 0 00000030 0 0 0000002c 1 1 1 0
C 116 0000002c 1 0 0 0 0 0 0 1 1 0 0 00000030 0 0 00000030 1 1 1 1
R 116 40 0000002c 0000006f 0
C 117 0000002c 0 0 0 0 0 0 0 0 1 0 0 00000030 0 0 0000002c 1 1 1 0
C 118 0000002c 1 0 0 0 0 0 0 1 1 0 0 00000030 0 0 00000030 1 1 1 1
R 118 41 0000002c 0000006f 0
C 119 0000002c 0 0 0 0 0 0 0 0 1 0 0 00000030 0 0 0000002c 1 1 1 0
C 120 0000002c 1 0 0 0 0 0 0 1 1 0 0 00000030 0 0 00000030 1 1 1 1
R 120 42 0000002c 0000006f 0
C 121 0000002c 0 0 0 0 0 0 0 0 1 0 0 00000030 0 0 0000002c 1 1 1 0
C 122 0000002c 1 0 0 0 0 0 0 1 1 0 0 00000030 0 0 00000030 1 1 1 1
R 122 43 0000002c 0000006f 0
C 123 0000002c 0 0 0 0 0 0 0 0 1 0 0 00000030 0 0 0000002c 1 1 1 0
C 124 0000002c 1 0 0 0 0 0 0 1 1 0 0 00000030 0 0 00000030 1 1 1 1
R 124 44 0000002c 0000006f 0
C 125 0000002c 0 0 0 0 0 0 0 0 1 0 0 00000030 0 0 0000002c 1 1 1 0
C 126 0000002c 1 0 0 0 0 0 0 1 1 0 0 00000030 0 0 00000030 1 1 1 1
R 126 45 0000002c 0000006f 0
C 127 0000002c 0 0 0 0 0 0 0 0 1 0 0 00000030 0 0 0000002c 1 1 1 0
C 128 0000002c 1 0 0 0 0 0 0 1 1 0 0 00000030 0 0 00000030 1 1 1 1
R 128 46 0000002c 0000006f 0
C 129 0000002c 0 0 0 0 0 0 0 0 1 0 0 00000030 0 0 0000002c 1 1 1 0
C 130 0000002c 1 0 0 0 0 0 0 1 1 0 0 00000030 0 0 00000030 1 1 1 1
R 130 47 0000002c 0000006f 0
C 131 0000002c 0 0 0 0 0 0 0 0 1 0 0 00000030 0 0 0000002c 1 1 1 0
C 132 0000002c 1 0 0 0 0 0 0 1 1 0 0 00000030 0 0 00000030 1 1 1 1
R 132 48 0000002c 0000006f 0
C 133 0000002c 0 0 0 0 0 0 0 0 1 0 0 00000030 0 0 0000002c 1 1 1 0
C 134 0000002c 1 0 0 0 0 0 0 1 1 0 0 00000030 0 0 00000030 1 1 1 1
R 134 49 0000002c 0000006f 0
C 135 0000002c 0 0 0 0 0 0 0 0 1 0 0 00000030 0 0 0000002c 1 1 1 0
C 136 0000002c 1 0 0 0 0 0 0 1 1 0 0 00000030 0 0 00000030 1 1 1 1
R 136 50 0000002c 0000006f 0
C 137 0000002c 0 0 0 0 0 0 0 0 1 0 0 00000030 0 0 0000002c 1 1 1 0
C 138 0000002c 1 0 0 0 0 0 0 1 1 0 0 00000030 0 0 00000030 1 1 1 1
R 138 51 0000002c 0000006f 0
C 139 0000002c 0 0 0 0 0 0 0 0 1 0 0 00000030 0 0 0000002c 1 1 1 0
C 140 0000002c 1 0 0 0 0 0 0 1 1 0 0 00000030 0 0 00000030 1 1 1 1
R 140 52 0000002c 0000006f 0
C 141 0000002c 0 0 0 0 0 0 0 0 1 0 0 00000030 0 0 0000002c 1 1 1 0
C 142 0000002c 1 0 0 0 0 0 0 1 1 0 0 00000030 0 0 00000030 1 1 1 1
R 142 53 0000002c 0000006f 0
C 143 0000002c 0 0 0 0 0 0 0 0 1 0 0 00000030 0 0 0000002c 1 1 1 0
C 144 0000002c 1 0 0 0 0 0 0 1 1 0 0 00000030 0 0 00000030 1 1 1 1
R 144 54 0000002c 0000006f 0
C 145 0000002c 0 0 0 0 0 0 0 0 1 0 0 00000030 0 0 0000002c 1 1 1 0
C 146 0000002c 1 0 0 0 0 0 0 1 1 0 0 00000030 0 0 00000030 1 1 1 1
R 146 55 0000002c 0000006f 0
C 147 0000002c 0 0 0 0 0 0 0 0 1 0 0 00000030 0 0 0000002c 1 1 1 0
C 148 0000002c 1 0 0 0 0 0 0 1 1 0 0 00000030 0 0 00000030 1 1 1 1
R 148 56 0000002c 0000006f 0
C 149 0000002c 0 0 0 0 0 0 0 0 1 0 0 00000030 0 0 0000002c 1 1 1 0
C 150 0000002c 1 0 0 0 0 0 0 1 1 0 0 00000030 0 0 00000030 1 1 1 1
R 150 57 0000002c 0000006f 0
C 151 0000002c 0 0 0 0 0 0 0 0 1 0 0 00000030 0 0 0000002c 1 1 1 0
C 152 0000002c 1 0 0 0 0 0 0 1 1 0 0 00000030 0 0 00000030 1 1 1 1
R 152 58 0000002c 0000006f 0
C 153 0000002c 0 0 0 0 0 0 0 0 1 0 0 00000030 0 0 0000002c 1 1 1 0
C 154 0000002c 1 0 0 0 0 0 0 1 1 0 0 00000030 0 0 00000030 1 1 1 1
R 154 59 0000002c 0000006f 0
C 155 0000002c 0 0 0 0 0 0 0 0 1 0 0 00000030 0 0 0000002c 1 1 1 0
C 156 0000002c 1 0 0 0 0 0 0 1 1 0 0 00000030 0 0 00000030 1 1 1 1
R 156 60 0000002c 0000006f 0
C 157 0000002c 0 0 0 0 0 0 0 0 1 0 0 00000030 0 0 0000002c 1 1 1 0
C 158 0000002c 1 0 0 0 0 0 0 1 1 0 0 00000030 0 0 00000030 1 1 1 1
R 158 61 0000002c 0000006f 0
C 159 0000002c 0 0 0 0 0 0 0 0 1 0 0 00000030 0 0 0000002c 1 1 1 0
C 160 0000002c 1 0 0 0 0 0 0 1 1 0 0 00000030 0 0 00000030 1 1 1 1
R 160 62 0000002c 0000006f 0
C 161 0000002c 0 0 0 0 0 0 0 0 1 0 0 00000030 0 0 0000002c 1 1 1 0
C 162 0000002c 1 0 0 0 0 0 0 1 1 0 0 00000030 0 0 00000030 1 1 1 1
R 162 63 0000002c 0000006f 0
C 163 0000002c 0 0 0 0 0 0 0 0 1 0 0 00000030 0 0 0000002c 1 1 1 0
C 164 0000002c 1 0 0 0 0 0 0 1 1 0 0 00000030 0 0 00000030 1 1 1 1
R 164 64 0000002c 0000006f 0
C 165 0000002c 0 0 0 0 0 0 0 0 1 0 0 00000030 0 0 0000002c 1 1 1 0
C 166 0000002c 1 0 0 0 0 0 0 1 1 0 0 00000030 0 0 00000030 1 1 1 1
R 166 65 0000002c 0000006f 0
C 167 0000002c 0 0 0 0 0 0 0 0 1 0 0 00000030 0 0 0000002c 1 1 1 0
C 168 0000002c 1 0 0 0 0 0 0 1 1 0 0 00000030 0 0 00000030 1 1 1 1
R 168 66 0000002c 0000006f 0
C 169 0000002c 0 0 0 0 0 0 0 0 1 0 0 00000030 0 0 0000002c 1 1 1 0
C 170 0000002c 1 0 0 0 0 0 0 1 1 0 0 00000030 0 0 00000030 1 1 1 1
R 170 67 0000002c 0000006f 0
C 171 0000002c 0 0 0 0 0 0 0 0 1 0 0 00000030 0 0 0000002c 1 1 1 0
C 172 0000002c 1 0 0 0 0 0 0 1 1 0 0 00000030 0 0 00000030 1 1 1 1
R 172 68 0000002c 0000006f 0
C 173 0000002c 0 0 0 0 0 0 0 0 1 0 0 00000030 0 0 0000002c 1 1 1 0
C 174 0000002c 1 0 0 0 0 0 0 1 1 0 0 00000030 0 0 00000030 1 1 1 1
R 174 69 0000002c 0000006f 0
C 175 0000002c 0 0 0 0 0 0 0 0 1 0 0 00000030 0 0 0000002c 1 1 1 0
C 176 0000002c 1 0 0 0 0 0 0 1 1 0 0 00000030 0 0 00000030 1 1 1 1
R 176 70 0000002c 0000006f 0
C 177 0000002c 0 0 0 0 0 0 0 0 1 0 0 00000030 0 0 0000002c 1 1 1 0
C 178 0000002c 1 0 0 0 0 0 0 1 1 0 0 00000030 0 0 00000030 1 1 1 1
R 178 71 0000002c 0000006f 0
C 179 0000002c 0 0 0 0 0 0 0 0 1 0 0 00000030 0 0 0000002c 1 1 1 0
C 180 0000002c 1 0 0 0 0 0 0 1 1 0 0 00000030 0 0 00000030 1 1 1 1
R 180 72 0000002c 0000006f 0
C 181 0000002c 0 0 0 0 0 0 0 0 1 0 0 00000030 0 0 0000002c 1 1 1 0
C 182 0000002c 1 0 0 0 0 0 0 1 1 0 0 00000030 0 0 00000030 1 1 1 1
R 182 73 0000002c 0000006f 0
C 183 0000002c 0 0 0 0 0 0 0 0 1 0 0 00000030 0 0 0000002c 1 1 1 0
C 184 0000002c 1 0 0 0 0 0 0 1 1 0 0 00000030 0 0 00000030 1 1 1 1
R 184 74 0000002c 0000006f 0
C 185 0000002c 0 0 0 0 0 0 0 0 1 0 0 00000030 0 0 0000002c 1 1 1 0
C 186 0000002c 1 0 0 0 0 0 0 1 1 0 0 00000030 0 0 00000030 1 1 1 1
R 186 75 0000002c 0000006f 0
C 187 0000002c 0 0 0 0 0 0 0 0 1 0 0 00000030 0 0 0000002c 1 1 1 0
C 188 0000002c 1 0 0 0 0 0 0 1 1 0 0 00000030 0 0 00000030 1 1 1 1
R 188 76 0000002c 0000006f 0
C 189 0000002c 0 0 0 0 0 0 0 0 1 0 0 00000030 0 0 0000002c 1 1 1 0
C 190 0000002c 1 0 0 0 0 0 0 1 1 0 0 00000030 0 0 00000030 1 1 1 1
R 190 77 0000002c 0000006f 0
C 191 0000002c 0 0 0 0 0 0 0 0 1 0 0 00000030 0 0 0000002c 1 1 1 0
C 192 0000002c 1 0 0 0 0 0 0 1 1 0 0 00000030 0 0 00000030 1 1 1 1
R 192 78 0000002c 0000006f 0
C 193 0000002c 0 0 0 0 0 0 0 0 1 0 0 00000030 0 0 0000002c 1 1 1 0
C 194 0000002c 1 0 0 0 0 0 0 1 1 0 0 00000030 0 0 00000030 1 1 1 1
R 194 79 0000002c 0000006f 0
C 195 0000002c 0 0 0 0 0 0 0 0 1 0 0 00000030 0 0 0000002c 1 1 1 0
C 196 0000002c 1 0 0 0 0 0 0 1 1 0 0 00000030 0 0 00000030 1 1 1 1
R 196 80 0000002c 0000006f 0
C 197 0000002c 0 0 0 0 0 0 0 0 1 0 0 00000030 0 0 0000002c 1 1 1 0
C 198 0000002c 1 0 0 0 0 0 0 1 1 0 0 00000030 0 0 00000030 1 1 1 1
R 198 81 0000002c 0000006f 0
C 199 0000002c 0 0 0 0 0 0 0 0 1 0 0 00000030 0 0 0000002c 1 1 1 0
C 200 0000002c 1 0 0 0 0 0 0 1 1 0 0 00000030 0 0 00000030 1 1 1 1
R 200 82 0000002c 0000006f 0
C 201 0000002c 0 0 0 0 0 0 0 0 1 0 0 00000030 0 0 0000002c 1 1 1 0
C 202 0000002c 1 0 0 0 0 0 0 1 1 0 0 00000030 0 0 00000030 1 1 1 1
R 202 83 0000002c 0000006f 0
C 203 0000002c 0 0 0 0 0 0 0 0 1 0 0 00000030 0 0 0000002c 1 1 1 0
C 204 0000002c 1 0 0 0 0 0 0 1 1 0 0 00000030 0 0 00000030 1 1 1 1
R 204 84 0000002c 0000006f 0
C 205 0000002c 0 0 0 0 0 0 0 0 1 0 0 00000030 0 0 0000002c 1 1 1 0
C 206 0000002c 1 0 0 0 0 0 0 1 1 0 0 00000030 0 0 00000030 1 1 1 1
R 206 85 0000002c 0000006f 0
C 207 0000002c 0 0 0 0 0 0 0 0 1 0 0 00000030 0 0 0000002c 1 1 1 0
C 208 0000002c 1 0 0 0 0 0 0 1 1 0 0 00000030 0 0 00000030 1 1 1 1
R 208 86 0000002c 0000006f 0
C 209 0000002c 0 0 0 0 0 0 0 0 1 0 0 00000030 0 0 0000002c 1 1 1 0
C 210 0000002c 1 0 0 0 0 0 0 1 1 0 0 00000030 0 0 00000030 1 1 1 1
R 210 87 0000002c 0000006f 0
C 211 0000002c 0 0 0 0 0 0 0 0 1 0 0 00000030 0 0 0000002c 1 1 1 0
C 212 0000002c 1 0 0 0 0 0 0 1 1 0 0 00000030 0 0 00000030 1 1 1 1
R 212 88 0000002c 0000006f 0
C 213 0000002c 0 0 0 0 0 0 0 0 1 0 0 00000030 0 0 0000002c 1 1 1 0
C 214 0000002c 1 0 0 0 0 0 0 1 1 0 0 00000030 0 0 00000030 1 1 1 1
R 214 89 0000002c 0000006f 0
C 215 0000002c 0 0 0 0 0 0 0 0 1 0 0 00000030 0 0 0000002c 1 1 1 0
C 216 0000002c 1 0 0 0 0 0 0 1 1 0 0 00000030 0 0 00000030 1 1 1 1
R 216 90 0000002c 0000006f 0
C 217 0000002c 0 0 0 0 0 0 0 0 1 0 0 00000030 0 0 0000002c 1 1 1 0
C 218 0000002c 1 0 0 0 0 0 0 1 1 0 0 00000030 0 0 00000030 1 1 1 1
R 218 91 0000002c 0000006f 0
C 219 0000002c 0 0 0 0 0 0 0 0 1 0 0 00000030 0 0 0000002c 1 1 1 0
C 220 0000002c 1 0 0 0 0 0 0 1 1 0 0 00000030 0 0 00000030 1 1 1 1
R 220 92 0000002c 0000006f 0
C 221 0000002c 0 0 0 0 0 0 0 0 1 0 0 00000030 0 0 0000002c 1 1 1 0
C 222 0000002c 1 0 0 0 0 0 0 1 1 0 0 00000030 0 0 00000030 1 1 1 1
R 222 93 0000002c 0000006f 0
C 223 0000002c 0 0 0 0 0 0 0 0 1 0 0 00000030 0 0 0000002c 1 1 1 0
C 224 0000002c 1 0 0 0 0 0 0 1 1 0 0 00000030 0 0 00000030 1 1 1 1
R 224 94 0000002c 0000006f 0
C 225 0000002c 0 0 0 0 0 0 0 0 1 0 0 00000030 0 0 0000002c 1 1 1 0
C 226 0000002c 1 0 0 0 0 0 0 1 1 0 0 00000030 0 0 00000030 1 1 1 1
R 226 95 0000002c 0000006f 0
C 227 0000002c 0 0 0 0 0 0 0 0 1 0 0 00000030 0 0 0000002c 1 1 1 0
C 228 0000002c 1 0 0 0 0 0 0 1 1 0 0 00000030 0 0 00000030 1 1 1 1
R 228 96 0000002c 0000006f 0
C 229 0000002c 0 0 0 0 0 0 0 0 1 0 0 00000030 0 0 0000002c 1 1 1 0
C 230 0000002c 1 0 0 0 0 0 0 1 1 0 0 00000030 0 0 00000030 1 1 1 1
R 230 97 0000002c 0000006f 0
C 231 0000002c 0 0 0 0 0 0 0 0 1 0 0 00000030 0 0 0000002c 1 1 1 0
C 232 0000002c 1 0 0 0 0 0 0 1 1 0 0 00000030 0 0 00000030 1 1 1 1
R 232 98 0000002c 0000006f 0
C 233 0000002c 0 0 0 0 0 0 0 0 1 0 0 00000030 0 0 0000002c 1 1 1 0
C 234 0000002c 1 0 0 0 0 0 0 1 1 0 0 00000030 0 0 00000030 1 1 1 1
R 234 99 0000002c 0000006f 0
C 235 0000002c 0 0 0 0 0 0 0 0 1 0 0 00000030 0 0 0000002c 1 1 1 0
C 236 0000002c 1 0 0 0 0 0 0 1 1 0 0 00000030 0 0 00000030 1 1 1 1
R 236 100 0000002c 0000006f 0
C 237 0000002c 0 0 0 0 0 0 0 0 1 0 0 00000030 0 0 0000002c 1 1 1 0
C 238 0000002c 1 0 0 0 0 0 0 1 1 0 0 00000030 0 0 00000030 1 1 1 1
R 238 101 0000002c 0000006f 0
C 239 0000002c 0 0 0 0 0 0 0 0 1 0 0 00000030 0 0 0000002c 1 1 1 0
C 240 0000002c 1 0 0 0 0 0 0 1 1 0 0 00000030 0 0 00000030 1 1 1 1
R 240 102 0000002c 0000006f 0
C 241 0000002c 0 0 0 0 0 0 0 0 1 0 0 00000030 0 0 0000002c 1 1 1 0
C 242 0000002c 1 0 0 0 0 0 0 1 1 0 0 00000030 0 0 00000030 1 1 1 1
R 242 103 0000002c 0000006f 0
C 243 0000002c 0 0 0 0 0 0 0 0 1 0 0 00000030 0 0 0000002c 1 1 1 0
C 244 0000002c 1 0 0 0 0 0 0 1 1 0 0 00000030 0 0 00000030 1 1 1 1
R 244 104 0000002c 0000006f 0
C 245 0000002c 0 0 0 0 0 0 0 0 1 0 0 00000030 0 0 0000002c 1 1 1 0
C 246 0000002c 1 0 0 0 0 0 0 1 1 0 0 00000030 0 0 00000030 1 1 1 1
R 246 105 0000002c 0000006f 0
C 247 0000002c 0 0 0 0 0 0 0 0 1 0 0 00000030 0 0 0000002c 1 1 1 0
C 248 0000002c 1 0 0 0 0 0 0 1 1 0 0 00000030 0 0 00000030 1 1 1 1
R 248 106 0000002c 0000006f 0
C 249 0000002c 0 0 0 0 0 0 0 0 1 0 0 00000030 0 0 0000002c 1 1 1 0
C 250 0000002c 1 0 0 0 0 0 0 1 1 0 0 00000030 0 0 00000030 1 1 1 1
R 250 107 0000002c 0000006f 0
C 251 0000002c 0 0 0 0 0 0 0 0 1 0 0 00000030 0 0 0000002c 1 1 1 0
C 252 0000002c 1 0 0 0 0 0 0 1 1 0 0 00000030 0 0 00000030 1 1 1 1
R 252 108 0000002c 0000006f 0
C 253 0000002c 0 0 0 0 0 0 0 0 1 0 0 00000030 0 0 0000002c 1 1 1 0
C 254 0000002c 1 0 0 0 0 0 0 1 1 0 0 00000030 0 0 00000030 1 1 1 1
R 254 109 0000002c 0000006f 0
C 255 0000002c 0 0 0 0 0 0 0 0 1 0 0 00000030 0 0 0000002c 1 1 1 0
C 256 0000002c 1 0 0 0 0 0 0 1 1 0 0 00000030 0 0 00000030 1 1 1 1
R 256 110 0000002c 0000006f 0
C 257 0000002c 0 0 0 0 0 0 0 0 1 0 0 00000030 0 0 0000002c 1 1 1 0
C 258 0000002c 1 0 0 0 0 0 0 1 1 0 0 00000030 0 0 00000030 1 1 1 1
R 258 111 0000002c 0000006f 0
C 259 0000002c 0 0 0 0 0 0 0 0 1 0 0 00000030 0 0 0000002c 1 1 1 0
C 260 0000002c 1 0 0 0 0 0 0 1 1 0 0 00000030 0 0 00000030 1 1 1 1
R 260 112 0000002c 0000006f 0
C 261 0000002c 0 0 0 0 0 0 0 0 1 0 0 00000030 0 0 0000002c 1 1 1 0
C 262 0000002c 1 0 0 0 0 0 0 1 1 0 0 00000030 0 0 00000030 1 1 1 1
R 262 113 0000002c 0000006f 0
C 263 0000002c 0 0 0 0 0 0 0 0 1 0 0 00000030 0 0 0000002c 1 1 1 0
C 264 0000002c 1 0 0 0 0 0 0 1 1 0 0 00000030 0 0 00000030 1 1 1 1
R 264 114 0000002c 0000006f 0
C 265 0000002c 0 0 0 0 0 0 0 0 1 0 0 00000030 0 0 0000002c 1 1 1 0
C 266 0000002c 1 0 0 0 0 0 0 1 1 0 0 00000030 0 0 00000030 1 1 1 1
R 266 115 0000002c 0000006f 0
C 267 0000002c 0 0 0 0 0 0 0 0 1 0 0 00000030 0 0 0000002c 1 1 1 0
C 268 0000002c 1 0 0 0 0 0 0 1 1 0 0 00000030 0 0 00000030 1 1 1 1
R 268 116 0000002c 0000006f 0
C 269 0000002c 0 0 0 0 0 0 0 0 1 0 0 00000030 0 0 0000002c 1 1 1 0
C 270 0000002c 1 0 0 0 0 0 0 1 1 0 0 00000030 0 0 00000030 1 1 1 1
R 270 117 0000002c 0000006f 0
C 271 0000002c 0 0 0 0 0 0 0 0 1 0 0 00000030 0 0 0000002c 1 1 1 0
C 272 0000002c 1 0 0 0 0 0 0 1 1 0 0 00000030 0 0 00000030 1 1 1 1
R 272 118 0000002c 0000006f 0
C 273 0000002c 0 0 0 0 0 0 0 0 1 0 0 00000030 0 0 0000002c 1 1 1 0
C 274 0000002c 1 0 0 0 0 0 0 1 1 0 0 00000030 0 0 00000030 1 1 1 1
R 274 119 0000002c 0000006f 0
C 275 0000002c 0 0 0 0 0 0 0 0 1 0 0 00000030 0 0 0000002c 1 1 1 0
C 276 0000002c 1 0 0 0 0 0 0 1 1 0 0 00000030 0 0 00000030 1 1 1 1
R 276 120 0000002c 0000006f 0
C 277 0000002c 0 0 0 0 0 0 0 0 1 0 0 00000030 0 0 0000002c 1 1 1 0
C 278 0000002c 1 0 0 0 0 0 0 1 1 0 0 00000030 0 0 00000030 1 1 1 1
R 278 121 0000002c 0000006f 0
C 279 0000002c 0 0 0 0 0 0 0 0 1 0 0 00000030 0 0 0000002c 1 1 1 0
C 280 0000002c 1 0 0 0 0 0 0 1 1 0 0 00000030 0 0 00000030 1 1 1 1
R 280 122 0000002c 0000006f 0
C 281 0000002c 0 0 0 0 0 0 0 0 1 0 0 00000030 0 0 0000002c 1 1 1 0
C 282 0000002c 1 0 0 0 0 0 0 1 1 0 0 00000030 0 0 00000030 1 1 1 1
R 282 123 0000002c 0000006f 0
C 283 0000002c 0 0 0 0 0 0 0 0 1 0 0 00000030 0 0 0000002c 1 1 1 0
C 284 0000002c 1 0 0 0 0 0 0 1 1 0 0 00000030 0 0 00000030 1 1 1 1
R 284 124 0000002c 0000006f 0
C 285 0000002c 0 0 0 0 0 0 0 0 1 0 0 00000030 0 0 0000002c 1 1 1 0
C 286 0000002c 1 0 0 0 0 0 0 1 1 0 0 00000030 0 0 00000030 1 1 1 1
R 286 125 0000002c 0000006f 0
C 287 0000002c 0 0 0 0 0 0 0 0 1 0 0 00000030 0 0 0000002c 1 1 1 0
C 288 0000002c 1 0 0 0 0 0 0 1 1 0 0 00000030 0 0 00000030 1 1 1 1
R 288 126 0000002c 0000006f 0
C 289 0000002c 0 0 0 0 0 0 0 0 1 0 0 00000030 0 0 0000002c 1 1 1 0
C 290 0000002c 1 0 0 0 0 0 0 1 1 0 0 00000030 0 0 00000030 1 1 1 1
R 290 127 0000002c 0000006f 0
C 291 0000002c 0 0 0 0 0 0 0 0 1 0 0 00000030 0 0 0000002c 1 1 1 0
C 292 0000002c 1 0 0 0 0 0 0 1 1 0 0 00000030 0 0 00000030 1 1 1 1
R 292 128 0000002c 0000006f 0
C 293 0000002c 0 0 0 0 0 0 0 0 1 0 0 00000030 0 0 0000002c 1 1 1 0
C 294 0000002c 1 0 0 0 0 0 0 1 1 0 0 00000030 0 0 00000030 1 1 1 1
R 294 129 0000002c 0000006f 0
C 295 0000002c 0 0 0 0 0 0 0 0 1 0 0 00000030 0 0 0000002c 1 1 1 0
C 296 0000002c 1 0 0 0 0 0 0 1 1 0 0 00000030 0 0 00000030 1 1 1 1
R 296 130 0000002c 0000006f 0
C 297 0000002c 0 0 0 0 0 0 0 0 1 0 0 00000030 0 0 0000002c 1 1 1 0
C 298 0000002c 1 0 0 0 0 0 0 1 1 0 0 00000030 0 0 00000030 1 1 1 1
R 298 131 0000002c 0000006f 0
C 299 0000002c 0 0 0 0 0 0 0 0 1 0 0 00000030 0 0 0000002c 1 1 1 0
C 300 0000002c 1 0 0 0 0 0 0 1 1 0 0 00000030 0 0 00000030 1 1 1 1
R 300 132 0000002c 0000006f 0
C 301 0000002c 0 0 0 0 0 0 0 0 1 0 0 00000030 0 0 0000002c 1 1 1 0
C 302 0000002c 1 0 0 0 0 0 0 1 1 0 0 00000030 0 0 00000030 1 1 1 1
R 302 133 0000002c 0000006f 0
C 303 0000002c 0 0 0 0 0 0 0 0 1 0 0 00000030 0 0 0000002c 1 1 1 0
C 304 0000002c 1 0 0 0 0 0 0 1 1 0 0 00000030 0 0 00000030 1 1 1 1
R 304 134 0000002c 0000006f 0
C 305 0000002c 0 0 0 0 0 0 0 0 1 0 0 00000030 0 0 0000002c 1 1 1 0
C 306 0000002c 1 0 0 0 0 0 0 1 1 0 0 00000030 0 0 00000030 1 1 1 1
R 306 135 0000002c 0000006f 0
C 307 0000002c 0 0 0 0 0 0 0 0 1 0 0 00000030 0 0 0000002c 1 1 1 0
C 308 0000002c 1 0 0 0 0 0 0 1 1 0 0 00000030 0 0 00000030 1 1 1 1
R 308 136 0000002c 0000006f 0
C 309 0000002c 0 0 0 0 0 0 0 0 1 0 0 00000030 0 0 0000002c 1 1 1 0
C 310 0000002c 1 0 0 0 0 0 0 1 1 0 0 00000030 0 0 00000030 1 1 1 1
R 310 137 0000002c 0000006f 0
C 311 0000002c 0 0 0 0 0 0 0 0 1 0 0 00000030 0 0 0000002c 1 1 1 0
C 312 0000002c 1 0 0 0 0 0 0 1 1 0 0 00000030 0 0 00000030 1 1 1 1
R 312 138 0000002c 0000006f 0
C 313 0000002c 0 0 0 0 0 0 0 0 1 0 0 00000030 0 0 0000002c 1 1 1 0
C 314 0000002c 1 0 0 0 0 0 0 1 1 0 0 00000030 0 0 00000030 1 1 1 1
R 314 139 0000002c 0000006f 0
C 315 0000002c 0 0 0 0 0 0 0 0 1 0 0 00000030 0 0 0000002c 1 1 1 0
C 316 0000002c 1 0 0 0 0 0 0 1 1 0 0 00000030 0 0 00000030 1 1 1 1
R 316 140 0000002c 0000006f 0
C 317 0000002c 0 0 0 0 0 0 0 0 1 0 0 00000030 0 0 0000002c 1 1 1 0
C 318 0000002c 1 0 0 0 0 0 0 1 1 0 0 00000030 0 0 00000030 1 1 1 1
R 318 141 0000002c 0000006f 0
C 319 0000002c 0 0 0 0 0 0 0 0 1 0 0 00000030 0 0 0000002c 1 1 1 0
C 320 0000002c 1 0 0 0 0 0 0 1 1 0 0 00000030 0 0 00000030 1 1 1 1
R 320 142 0000002c 0000006f 0
C 321 0000002c 0 0 0 0 0 0 0 0 1 0 0 00000030 0 0 0000002c 1 1 1 0
C 322 0000002c 1 0 0 0 0 0 0 1 1 0 0 00000030 0 0 00000030 1 1 1 1
R 322 143 0000002c 0000006f 0
C 323 0000002c 0 0 0 0 0 0 0 0 1 0 0 00000030 0 0 0000002c 1 1 1 0
C 324 0000002c 1 0 0 0 0 0 0 1 1 0 0 00000030 0 0 00000030 1 1 1 1
R 324 144 0000002c 0000006f 0
C 325 0000002c 0 0 0 0 0 0 0 0 1 0 0 00000030 0 0 0000002c 1 1 1 0
C 326 0000002c 1 0 0 0 0 0 0 1 1 0 0 00000030 0 0 00000030 1 1 1 1
R 326 145 0000002c 0000006f 0
C 327 0000002c 0 0 0 0 0 0 0 0 1 0 0 00000030 0 0 0000002c 1 1 1 0
C 328 0000002c 1 0 0 0 0 0 0 1 1 0 0 00000030 0 0 00000030 1 1 1 1
R 328 146 0000002c 0000006f 0
C 329 0000002c 0 0 0 0 0 0 0 0 1 0 0 00000030 0 0 0000002c 1 1 1 0
C 330 0000002c 1 0 0 0 0 0 0 1 1 0 0 00000030 0 0 00000030 1 1 1 1
R 330 147 0000002c 0000006f 0
C 331 0000002c 0 0 0 0 0 0 0 0 1 0 0 00000030 0 0 0000002c 1 1 1 0
C 332 0000002c 1 0 0 0 0 0 0 1 1 0 0 00000030 0 0 00000030 1 1 1 1
R 332 148 0000002c 0000006f 0
C 333 0000002c 0 0 0 0 0 0 0 0 1 0 0 00000030 0 0 0000002c 1 1 1 0
C 334 0000002c 1 0 0 0 0 0 0 1 1 0 0 00000030 0 0 00000030 1 1 1 1
R 334 149 0000002c 0000006f 0
C 335 0000002c 0 0 0 0 0 0 0 0 1 0 0 00000030 0 0 0000002c 1 1 1 0
C 336 0000002c 1 0 0 0 0 0 0 1 1 0 0 00000030 0 0 00000030 1 1 1 1
R 336 150 0000002c 0000006f 0
C 337 0000002c 0 0 0 0 0 0 0 0 1 0 0 00000030 0 0 0000002c 1 1 1 0
C 338 0000002c 1 0 0 0 0 0 0 1 1 0 0 00000030 0 0 00000030 1 1 1 1
R 338 151 0000002c 0000006f 0
C 339 0000002c 0 0 0 0 0 0 0 0 1 0 0 00000030 0 0 0000002c 1 1 1 0
C 340 0000002c 1 0 0 0 0 0 0 1 1 0 0 00000030 0 0 00000030 1 1 1 1
R 340 152 0000002c 0000006f 0
C 341 0000002c 0 0 0 0 0 0 0 0 1 0 0 00000030 0 0 0000002c 1 1 1 0
C 342 0000002c 1 0 0 0 0 0 0 1 1 0 0 00000030 0 0 00000030 1 1 1 1
R 342 153 0000002c 0000006f 0
C 343 0000002c 0 0 0 0 0 0 0 0 1 0 0 00000030 0 0 0000002c 1 1 1 0
C 344 0000002c 1 0 0 0 0 0 0 1 1 0 0 00000030 0 0 00000030 1 1 1 1
R 344 154 0000002c 0000006f 0
C 345 0000002c 0 0 0 0 0 0 0 0 1 0 0 00000030 0 0 0000002c 1 1 1 0
C 346 0000002c 1 0 0 0 0 0 0 1 1 0 0 00000030 0 0 00000030 1 1 1 1
R 346 155 0000002c 0000006f 0
C 347 0000002c 0 0 0 0 0 0 0 0 1 0 0 00000030 0 0 0000002c 1 1 1 0
C 348 0000002c 1 0 0 0 0 0 0 1 1 0 0 00000030 0 0 00000030 1 1 1 1
R 348 156 0000002c 0000006f 0
C 349 0000002c 0 0 0 0 0 0 0 0 1 0 0 00000030 0 0 0000002c 1 1 1 0
C 350 0000002c 1 0 0 0 0 0 0 1 1 0 0 00000030 0 0 00000030 1 1 1 1
R 350 157 0000002c 0000006f 0
C 351 0000002c 0 0 0 0 0 0 0 0 1 0 0 00000030 0 0 0000002c 1 1 1 0
C 352 0000002c 1 0 0 0 0 0 0 1 1 0 0 00000030 0 0 00000030 1 1 1 1
R 352 158 0000002c 0000006f 0
C 353 0000002c 0 0 0 0 0 0 0 0 1 0 0 00000030 0 0 0000002c 1 1 1 0
C 354 0000002c 1 0 0 0 0 0 0 1 1 0 0 00000030 0 0 00000030 1 1 1 1
R 354 159 0000002c 0000006f 0
C 355 0000002c 0 0 0 0 0 0 0 0 1 0 0 00000030 0 0 0000002c 1 1 1 0
C 356 0000002c 1 0 0 0 0 0 0 1 1 0 0 00000030 0 0 00000030 1 1 1 1
R 356 160 0000002c 0000006f 0
C 357 0000002c 0 0 0 0 0 0 0 0 1 0 0 00000030 0 0 0000002c 1 1 1 0
C 358 0000002c 1 0 0 0 0 0 0 1 1 0 0 00000030 0 0 00000030 1 1 1 1
R 358 161 0000002c 0000006f 0
C 359 0000002c 0 0 0 0 0 0 0 0 1 0 0 00000030 0 0 0000002c 1 1 1 0
C 360 0000002c 1 0 0 0 0 0 0 1 1 0 0 00000030 0 0 00000030 1 1 1 1
R 360 162 0000002c 0000006f 0
C 361 0000002c 0 0 0 0 0 0 0 0 1 0 0 00000030 0 0 0000002c 1 1 1 0
C 362 0000002c 1 0 0 0 0 0 0 1 1 0 0 00000030 0 0 00000030 1 1 1 1
R 362 163 0000002c 0000006f 0
C 363 0000002c 0 0 0 0 0 0 0 0 1 0 0 00000030 0 0 0000002c 1 1 1 0
C 364 0000002c 1 0 0 0 0 0 0 1 1 0 0 00000030 0 0 00000030 1 1 1 1
R 364 164 0000002c 0000006f 0
C 365 0000002c 0 0 0 0 0 0 0 0 1 0 0 00000030 0 0 0000002c 1 1 1 0
C 366 0000002c 1 0 0 0 0 0 0 1 1 0 0 00000030 0 0 00000030 1 1 1 1
R 366 165 0000002c 0000006f 0
C 367 0000002c 0 0 0 0 0 0 0 0 1 0 0 00000030 0 0 0000002c 1 1 1 0
C 368 0000002c 1 0 0 0 0 0 0 1 1 0 0 00000030 0 0 00000030 1 1 1 1
R 368 166 0000002c 0000006f 0
C 369 0000002c 0 0 0 0 0 0 0 0 1 0 0 00000030 0 0 0000002c 1 1 1 0
C 370 0000002c 1 0 0 0 0 0 0 1 1 0 0 00000030 0 0 00000030 1 1 1 1
R 370 167 0000002c 0000006f 0
C 371 0000002c 0 0 0 0 0 0 0 0 1 0 0 00000030 0 0 0000002c 1 1 1 0
C 372 0000002c 1 0 0 0 0 0 0 1 1 0 0 00000030 0 0 00000030 1 1 1 1
R 372 168 0000002c 0000006f 0
C 373 0000002c 0 0 0 0 0 0 0 0 1 0 0 00000030 0 0 0000002c 1 1 1 0
C 374 0000002c 1 0 0 0 0 0 0 1 1 0 0 00000030 0 0 00000030 1 1 1 1
R 374 169 0000002c 0000006f 0
C 375 0000002c 0 0 0 0 0 0 0 0 1 0 0 00000030 0 0 0000002c 1 1 1 0
C 376 0000002c 1 0 0 0 0 0 0 1 1 0 0 00000030 0 0 00000030 1 1 1 1
R 376 170 0000002c 0000006f 0
C 377 0000002c 0 0 0 0 0 0 0 0 1 0 0 00000030 0 0 0000002c 1 1 1 0
C 378 0000002c 1 0 0 0 0 0 0 1 1 0 0 00000030 0 0 00000030 1 1 1 1
R 378 171 0000002c 0000006f 0
C 379 0000002c 0 0 0 0 0 0 0 0 1 0 0 00000030 0 0 0000002c 1 1 1 0
C 380 0000002c 1 0 0 0 0 0 0 1 1 0 0 00000030 0 0 00000030 1 1 1 1
R 380 172 0000002c 0000006f 0
C 381 0000002c 0 0 0 0 0 0 0 0 1 0 0 00000030 0 0 0000002c 1 1 1 0
C 382 0000002c 1 0 0 0 0 0 0 1 1 0 0 00000030 0 0 00000030 1 1 1 1
R 382 173 0000002c 0000006f 0
C 383 0000002c 0 0 0 0 0 0 0 0 1 0 0 00000030 0 0 0000002c 1 1 1 0
C 384 0000002c 1 0 0 0 0 0 0 1 1 0 0 00000030 0 0 00000030 1 1 1 1
R 384 174 0000002c 0000006f 0
C 385 0000002c 0 0 0 0 0 0 0 0 1 0 0 00000030 0 0 0000002c 1 1 1 0
C 386 0000002c 1 0 0 0 0 0 0 1 1 0 0 00000030 0 0 00000030 1 1 1 1
R 386 175 0000002c 0000006f 0
C 387 0000002c 0 0 0 0 0 0 0 0 1 0 0 00000030 0 0 0000002c 1 1 1 0
C 388 0000002c 1 0 0 0 0 0 0 1 1 0 0 00000030 0 0 00000030 1 1 1 1
R 388 176 0000002c 0000006f 0
C 389 0000002c 0 0 0 0 0 0 0 0 1 0 0 00000030 0 0 0000002c 1 1 1 0
C 390 0000002c 1 0 0 0 0 0 0 1 1 0 0 00000030 0 0 00000030 1 1 1 1
R 390 177 0000002c 0000006f 0
C 391 0000002c 0 0 0 0 0 0 0 0 1 0 0 00000030 0 0 0000002c 1 1 1 0
C 392 0000002c 1 0 0 0 0 0 0 1 1 0 0 00000030 0 0 00000030 1 1 1 1
R 392 178 0000002c 0000006f 0
C 393 0000002c 0 0 0 0 0 0 0 0 1 0 0 00000030 0 0 0000002c 1 1 1 0
C 394 0000002c 1 0 0 0 0 0 0 1 1 0 0 00000030 0 0 00000030 1 1 1 1
R 394 179 0000002c 0000006f 0
C 395 0000002c 0 0 0 0 0 0 0 0 1 0 0 00000030 0 0 0000002c 1 1 1 0
C 396 0000002c 1 0 0 0 0 0 0 1 1 0 0 00000030 0 0 00000030 1 1 1 1
R 396 180 0000002c 0000006f 0
C 397 0000002c 0 0 0 0 0 0 0 0 1 0 0 00000030 0 0 0000002c 1 1 1 0
C 398 0000002c 1 0 0 0 0 0 0 1 1 0 0 00000030 0 0 00000030 1 1 1 1
R 398 181 0000002c 0000006f 0
C 399 0000002c 0 0 0 0 0 0 0 0 1 0 0 00000030 0 0 0000002c 1 1 1 0
REG 0 00000000
REG 1 00000008
REG 2 00000200
REG 3 00000040
REG 4 00000000
REG 5 00000000
REG 6 00000000
REG 7 00000000
REG 8 00000000
REG 9 00000000
REG 10 00000000
REG 11 00000000
REG 12 00000000
REG 13 00000000
REG 14 00000000
REG 15 00000000
REG 16 00000000
REG 17 00000000
REG 18 00000000
REG 19 00000000
REG 20 00000000
REG 21 00000000
REG 22 00000000
REG 23 00000000
REG 24 00000000
REG 25 80000007
REG 26 00000098
REG 27 00000000
REG 28 00000000
REG 29 00000000
REG 30 00000000
REG 31 00000077
MEM 00000200 44332211
MEM 00000204 44332211
MEM 00000208 44332211
MEM 0000020c 44332211
MEM 00000210 44332211
FINISH
- /home/dungpc/ndmoney4porche/projects/ibex/doc/dungpc/microarchitecture/scripts/core_tb.sv:116: Verilog $finish
