CONFIG WB=1 BT=1 M=3 latency=4 ilatency=4 grant_period=3
C 0 00000000 0 0 0 0 0 0 0 0 1 0 0 00000000 0 0 00000080 0 0 0 1
C 1 00000000 0 0 0 0 0 0 0 0 1 0 0 00000000 0 0 00000080 1 0 0 1
C 2 00000000 0 0 0 0 0 0 0 0 1 0 0 00000000 0 0 00000080 1 0 0 0
C 3 00000000 0 0 0 0 0 0 0 0 1 0 0 00000000 0 0 00000080 1 1 0 0
C 4 00000000 0 0 0 0 0 0 0 0 1 0 0 00000000 0 0 00000080 1 0 0 0
C 5 00000000 0 0 0 0 0 0 0 0 1 0 0 00000000 0 0 00000080 1 0 0 0
C 6 00000000 0 0 0 0 0 0 0 0 1 0 0 00000000 0 0 00000080 1 1 0 0
C 7 00000000 0 0 0 0 0 0 0 0 1 0 0 00000000 0 0 00000080 0 0 1 0
C 8 00000080 1 0 0 0 0 0 0 1 1 0 0 00000000 0 0 00000082 1 0 0 0
C 9 00000080 0 0 0 0 0 0 0 0 1 0 0 00000000 0 0 00000082 1 1 0 0
C 10 00000080 0 0 0 0 0 0 0 0 1 0 0 00000000 0 0 00000082 0 0 1 0
R 10 1 00000080 00000001 0
C 11 00000082 1 0 0 0 0 0 0 1 1 0 0 00000004 0 0 00000086 1 0 0 0
C 12 00000086 1 0 0 0 0 0 0 1 1 0 0 00000008 0 0 00000088 1 1 0 0
W 12 1 00000007
C 13 00000086 0 0 0 0 0 0 0 0 1 0 0 00000008 0 0 00000088 0 0 1 0
W 13 1 00000008
R 13 2 00000082 00700093 0
C 14 00000088 1 0 0 0 0 0 0 1 1 0 0 00000078 0 0 0000008c 1 0 0 0
R 14 3 00000086 00000085 0
C 15 00000088 0 0 0 0 0 0 0 0 1 0 0 00000078 0 0 0000008c 1 1 0 0
W 15 31 0000007b
C 16 00000088 0 0 0 0 0 0 0 0 1 0 0 00000078 0 0 0000008c 0 0 1 0
R 16 4 00000088 07b00f93 0
C 17 0000008c 1 0 0 0 0 0 0 1 1 0 0 00000090 0 0 00000090 1 0 0 1
C 18 0000008c 0 0 0 0 0 0 0 0 1 0 0 00000090 0 0 0000008c 1 1 0 0
C 19 0000008c 0 0 0 0 0 0 0 0 1 0 0 00000090 0 0 0000008c 0 0 1 0
R 19 5 0000008c 0000006f 0
C 20 0000008c 0 0 0 0 0 0 0 0 1 0 0 00000090 0 0 0000008c 1 0 0 0
C 21 0000008c 0 0 0 0 0 0 0 0 1 0 0 00000090 0 0 0000008c 1 1 0 0
C 22 0000008c 0 0 0 0 0 0 0 0 1 0 0 00000090 0 0 0000008c 0 0 1 0
C 23 0000008c 1 0 0 0 0 0 0 1 1 0 0 00000090 0 0 00000090 1 0 0 1
C 24 0000008c 0 0 0 0 0 0 0 0 1 0 0 00000090 0 0 0000008c 1 1 0 0
C 25 0000008c 0 0 0 0 0 0 0 0 1 0 0 00000090 0 0 0000008c 0 0 1 0
R 25 6 0000008c 0000006f 0
C 26 0000008c 0 0 0 0 0 0 0 0 1 0 0 00000090 0 0 0000008c 1 0 0 0
C 27 0000008c 0 0 0 0 0 0 0 0 1 0 0 00000090 0 0 0000008c 1 1 0 0
C 28 0000008c 0 0 0 0 0 0 0 0 1 0 0 00000090 0 0 0000008c 0 0 1 0
C 29 0000008c 1 0 0 0 0 0 0 1 1 0 0 00000090 0 0 00000090 1 0 0 1
C 30 0000008c 0 0 0 0 0 0 0 0 1 0 0 00000090 0 0 0000008c 1 1 0 0
C 31 0000008c 0 0 0 0 0 0 0 0 1 0 0 00000090 0 0 0000008c 0 0 1 0
R 31 7 0000008c 0000006f 0
C 32 0000008c 0 0 0 0 0 0 0 0 1 0 0 00000090 0 0 0000008c 1 0 0 0
C 33 0000008c 0 0 0 0 0 0 0 0 1 0 0 00000090 0 0 0000008c 1 1 0 0
C 34 0000008c 0 0 0 0 0 0 0 0 1 0 0 00000090 0 0 0000008c 0 0 1 0
C 35 0000008c 1 0 0 0 0 0 0 1 1 0 0 00000090 0 0 00000090 1 0 0 1
C 36 0000008c 0 0 0 0 0 0 0 0 1 0 0 00000090 0 0 0000008c 1 1 0 0
C 37 0000008c 0 0 0 0 0 0 0 0 1 0 0 00000090 0 0 0000008c 0 0 1 0
R 37 8 0000008c 0000006f 0
C 38 0000008c 0 0 0 0 0 0 0 0 1 0 0 00000090 0 0 0000008c 1 0 0 0
C 39 0000008c 0 0 0 0 0 0 0 0 1 0 0 00000090 0 0 0000008c 1 1 0 0
C 40 0000008c 0 0 0 0 0 0 0 0 1 0 0 00000090 0 0 0000008c 0 0 1 0
C 41 0000008c 1 0 0 0 0 0 0 1 1 0 0 00000090 0 0 00000090 1 0 0 1
C 42 0000008c 0 0 0 0 0 0 0 0 1 0 0 00000090 0 0 0000008c 1 1 0 0
C 43 0000008c 0 0 0 0 0 0 0 0 1 0 0 00000090 0 0 0000008c 0 0 1 0
R 43 9 0000008c 0000006f 0
C 44 0000008c 0 0 0 0 0 0 0 0 1 0 0 00000090 0 0 0000008c 1 0 0 0
C 45 0000008c 0 0 0 0 0 0 0 0 1 0 0 00000090 0 0 0000008c 1 1 0 0
C 46 0000008c 0 0 0 0 0 0 0 0 1 0 0 00000090 0 0 0000008c 0 0 1 0
C 47 0000008c 1 0 0 0 0 0 0 1 1 0 0 00000090 0 0 00000090 1 0 0 1
C 48 0000008c 0 0 0 0 0 0 0 0 1 0 0 00000090 0 0 0000008c 1 1 0 0
C 49 0000008c 0 0 0 0 0 0 0 0 1 0 0 00000090 0 0 0000008c 0 0 1 0
R 49 10 0000008c 0000006f 0
C 50 0000008c 0 0 0 0 0 0 0 0 1 0 0 00000090 0 0 0000008c 1 0 0 0
C 51 0000008c 0 0 0 0 0 0 0 0 1 0 0 00000090 0 0 0000008c 1 1 0 0
C 52 0000008c 0 0 0 0 0 0 0 0 1 0 0 00000090 0 0 0000008c 0 0 1 0
C 53 0000008c 1 0 0 0 0 0 0 1 1 0 0 00000090 0 0 00000090 1 0 0 1
C 54 0000008c 0 0 0 0 0 0 0 0 1 0 0 00000090 0 0 0000008c 1 1 0 0
C 55 0000008c 0 0 0 0 0 0 0 0 1 0 0 00000090 0 0 0000008c 0 0 1 0
R 55 11 0000008c 0000006f 0
C 56 0000008c 0 0 0 0 0 0 0 0 1 0 0 00000090 0 0 0000008c 1 0 0 0
C 57 0000008c 0 0 0 0 0 0 0 0 1 0 0 00000090 0 0 0000008c 1 1 0 0
C 58 0000008c 0 0 0 0 0 0 0 0 1 0 0 00000090 0 0 0000008c 0 0 1 0
C 59 0000008c 1 0 0 0 0 0 0 1 1 0 0 00000090 0 0 00000090 1 0 0 1
C 60 0000008c 0 0 0 0 0 0 0 0 1 0 0 00000090 0 0 0000008c 1 1 0 0
C 61 0000008c 0 0 0 0 0 0 0 0 1 0 0 00000090 0 0 0000008c 0 0 1 0
R 61 12 0000008c 0000006f 0
C 62 0000008c 0 0 0 0 0 0 0 0 1 0 0 00000090 0 0 0000008c 1 0 0 0
C 63 0000008c 0 0 0 0 0 0 0 0 1 0 0 00000090 0 0 0000008c 1 1 0 0
C 64 0000008c 0 0 0 0 0 0 0 0 1 0 0 00000090 0 0 0000008c 0 0 1 0
C 65 0000008c 1 0 0 0 0 0 0 1 1 0 0 00000090 0 0 00000090 1 0 0 1
C 66 0000008c 0 0 0 0 0 0 0 0 1 0 0 00000090 0 0 0000008c 1 1 0 0
C 67 0000008c 0 0 0 0 0 0 0 0 1 0 0 00000090 0 0 0000008c 0 0 1 0
R 67 13 0000008c 0000006f 0
C 68 0000008c 0 0 0 0 0 0 0 0 1 0 0 00000090 0 0 0000008c 1 0 0 0
C 69 0000008c 0 0 0 0 0 0 0 0 1 0 0 00000090 0 0 0000008c 1 1 0 0
C 70 0000008c 0 0 0 0 0 0 0 0 1 0 0 00000090 0 0 0000008c 0 0 1 0
C 71 0000008c 1 0 0 0 0 0 0 1 1 0 0 00000090 0 0 00000090 1 0 0 1
C 72 0000008c 0 0 0 0 0 0 0 0 1 0 0 00000090 0 0 0000008c 1 1 0 0
C 73 0000008c 0 0 0 0 0 0 0 0 1 0 0 00000090 0 0 0000008c 0 0 1 0
R 73 14 0000008c 0000006f 0
C 74 0000008c 0 0 0 0 0 0 0 0 1 0 0 00000090 0 0 0000008c 1 0 0 0
C 75 0000008c 0 0 0 0 0 0 0 0 1 0 0 00000090 0 0 0000008c 1 1 0 0
C 76 0000008c 0 0 0 0 0 0 0 0 1 0 0 00000090 0 0 0000008c 0 0 1 0
C 77 0000008c 1 0 0 0 0 0 0 1 1 0 0 00000090 0 0 00000090 1 0 0 1
C 78 0000008c 0 0 0 0 0 0 0 0 1 0 0 00000090 0 0 0000008c 1 1 0 0
C 79 0000008c 0 0 0 0 0 0 0 0 1 0 0 00000090 0 0 0000008c 0 0 1 0
R 79 15 0000008c 0000006f 0
C 80 0000008c 0 0 0 0 0 0 0 0 1 0 0 00000090 0 0 0000008c 1 0 0 0
C 81 0000008c 0 0 0 0 0 0 0 0 1 0 0 00000090 0 0 0000008c 1 1 0 0
C 82 0000008c 0 0 0 0 0 0 0 0 1 0 0 00000090 0 0 0000008c 0 0 1 0
C 83 0000008c 1 0 0 0 0 0 0 1 1 0 0 00000090 0 0 00000090 1 0 0 1
C 84 0000008c 0 0 0 0 0 0 0 0 1 0 0 00000090 0 0 0000008c 1 1 0 0
C 85 0000008c 0 0 0 0 0 0 0 0 1 0 0 00000090 0 0 0000008c 0 0 1 0
R 85 16 0000008c 0000006f 0
C 86 0000008c 0 0 0 0 0 0 0 0 1 0 0 00000090 0 0 0000008c 1 0 0 0
C 87 0000008c 0 0 0 0 0 0 0 0 1 0 0 00000090 0 0 0000008c 1 1 0 0
C 88 0000008c 0 0 0 0 0 0 0 0 1 0 0 00000090 0 0 0000008c 0 0 1 0
C 89 0000008c 1 0 0 0 0 0 0 1 1 0 0 00000090 0 0 00000090 1 0 0 1
C 90 0000008c 0 0 0 0 0 0 0 0 1 0 0 00000090 0 0 0000008c 1 1 0 0
C 91 0000008c 0 0 0 0 0 0 0 0 1 0 0 00000090 0 0 0000008c 0 0 1 0
R 91 17 0000008c 0000006f 0
C 92 0000008c 0 0 0 0 0 0 0 0 1 0 0 00000090 0 0 0000008c 1 0 0 0
C 93 0000008c 0 0 0 0 0 0 0 0 1 0 0 00000090 0 0 0000008c 1 1 0 0
C 94 0000008c 0 0 0 0 0 0 0 0 1 0 0 00000090 0 0 0000008c 0 0 1 0
C 95 0000008c 1 0 0 0 0 0 0 1 1 0 0 00000090 0 0 00000090 1 0 0 1
C 96 0000008c 0 0 0 0 0 0 0 0 1 0 0 00000090 0 0 0000008c 1 1 0 0
C 97 0000008c 0 0 0 0 0 0 0 0 1 0 0 00000090 0 0 0000008c 0 0 1 0
R 97 18 0000008c 0000006f 0
C 98 0000008c 0 0 0 0 0 0 0 0 1 0 0 00000090 0 0 0000008c 1 0 0 0
C 99 0000008c 0 0 0 0 0 0 0 0 1 0 0 00000090 0 0 0000008c 1 1 0 0
C 100 0000008c 0 0 0 0 0 0 0 0 1 0 0 00000090 0 0 0000008c 0 0 1 0
C 101 0000008c 1 0 0 0 0 0 0 1 1 0 0 00000090 0 0 00000090 1 0 0 1
C 102 0000008c 0 0 0 0 0 0 0 0 1 0 0 00000090 0 0 0000008c 1 1 0 0
C 103 0000008c 0 0 0 0 0 0 0 0 1 0 0 00000090 0 0 0000008c 0 0 1 0
R 103 19 0000008c 0000006f 0
C 104 0000008c 0 0 0 0 0 0 0 0 1 0 0 00000090 0 0 0000008c 1 0 0 0
C 105 0000008c 0 0 0 0 0 0 0 0 1 0 0 00000090 0 0 0000008c 1 1 0 0
C 106 0000008c 0 0 0 0 0 0 0 0 1 0 0 00000090 0 0 0000008c 0 0 1 0
C 107 0000008c 1 0 0 0 0 0 0 1 1 0 0 00000090 0 0 00000090 1 0 0 1
C 108 0000008c 0 0 0 0 0 0 0 0 1 0 0 00000090 0 0 0000008c 1 1 0 0
C 109 0000008c 0 0 0 0 0 0 0 0 1 0 0 00000090 0 0 0000008c 0 0 1 0
R 109 20 0000008c 0000006f 0
C 110 0000008c 0 0 0 0 0 0 0 0 1 0 0 00000090 0 0 0000008c 1 0 0 0
C 111 0000008c 0 0 0 0 0 0 0 0 1 0 0 00000090 0 0 0000008c 1 1 0 0
C 112 0000008c 0 0 0 0 0 0 0 0 1 0 0 00000090 0 0 0000008c 0 0 1 0
C 113 0000008c 1 0 0 0 0 0 0 1 1 0 0 00000090 0 0 00000090 1 0 0 1
C 114 0000008c 0 0 0 0 0 0 0 0 1 0 0 00000090 0 0 0000008c 1 1 0 0
C 115 0000008c 0 0 0 0 0 0 0 0 1 0 0 00000090 0 0 0000008c 0 0 1 0
R 115 21 0000008c 0000006f 0
C 116 0000008c 0 0 0 0 0 0 0 0 1 0 0 00000090 0 0 0000008c 1 0 0 0
C 117 0000008c 0 0 0 0 0 0 0 0 1 0 0 00000090 0 0 0000008c 1 1 0 0
C 118 0000008c 0 0 0 0 0 0 0 0 1 0 0 00000090 0 0 0000008c 0 0 1 0
C 119 0000008c 1 0 0 0 0 0 0 1 1 0 0 00000090 0 0 00000090 1 0 0 1
C 120 0000008c 0 0 0 0 0 0 0 0 1 0 0 00000090 0 0 0000008c 1 1 0 0
C 121 0000008c 0 0 0 0 0 0 0 0 1 0 0 00000090 0 0 0000008c 0 0 1 0
R 121 22 0000008c 0000006f 0
C 122 0000008c 0 0 0 0 0 0 0 0 1 0 0 00000090 0 0 0000008c 1 0 0 0
C 123 0000008c 0 0 0 0 0 0 0 0 1 0 0 00000090 0 0 0000008c 1 1 0 0
C 124 0000008c 0 0 0 0 0 0 0 0 1 0 0 00000090 0 0 0000008c 0 0 1 0
C 125 0000008c 1 0 0 0 0 0 0 1 1 0 0 00000090 0 0 00000090 1 0 0 1
C 126 0000008c 0 0 0 0 0 0 0 0 1 0 0 00000090 0 0 0000008c 1 1 0 0
C 127 0000008c 0 0 0 0 0 0 0 0 1 0 0 00000090 0 0 0000008c 0 0 1 0
R 127 23 0000008c 0000006f 0
C 128 0000008c 0 0 0 0 0 0 0 0 1 0 0 00000090 0 0 0000008c 1 0 0 0
C 129 0000008c 0 0 0 0 0 0 0 0 1 0 0 00000090 0 0 0000008c 1 1 0 0
C 130 0000008c 0 0 0 0 0 0 0 0 1 0 0 00000090 0 0 0000008c 0 0 1 0
C 131 0000008c 1 0 0 0 0 0 0 1 1 0 0 00000090 0 0 00000090 1 0 0 1
C 132 0000008c 0 0 0 0 0 0 0 0 1 0 0 00000090 0 0 0000008c 1 1 0 0
C 133 0000008c 0 0 0 0 0 0 0 0 1 0 0 00000090 0 0 0000008c 0 0 1 0
R 133 24 0000008c 0000006f 0
C 134 0000008c 0 0 0 0 0 0 0 0 1 0 0 00000090 0 0 0000008c 1 0 0 0
C 135 0000008c 0 0 0 0 0 0 0 0 1 0 0 00000090 0 0 0000008c 1 1 0 0
C 136 0000008c 0 0 0 0 0 0 0 0 1 0 0 00000090 0 0 0000008c 0 0 1 0
C 137 0000008c 1 0 0 0 0 0 0 1 1 0 0 00000090 0 0 00000090 1 0 0 1
C 138 0000008c 0 0 0 0 0 0 0 0 1 0 0 00000090 0 0 0000008c 1 1 0 0
C 139 0000008c 0 0 0 0 0 0 0 0 1 0 0 00000090 0 0 0000008c 0 0 1 0
R 139 25 0000008c 0000006f 0
C 140 0000008c 0 0 0 0 0 0 0 0 1 0 0 00000090 0 0 0000008c 1 0 0 0
C 141 0000008c 0 0 0 0 0 0 0 0 1 0 0 00000090 0 0 0000008c 1 1 0 0
C 142 0000008c 0 0 0 0 0 0 0 0 1 0 0 00000090 0 0 0000008c 0 0 1 0
C 143 0000008c 1 0 0 0 0 0 0 1 1 0 0 00000090 0 0 00000090 1 0 0 1
C 144 0000008c 0 0 0 0 0 0 0 0 1 0 0 00000090 0 0 0000008c 1 1 0 0
C 145 0000008c 0 0 0 0 0 0 0 0 1 0 0 00000090 0 0 0000008c 0 0 1 0
R 145 26 0000008c 0000006f 0
C 146 0000008c 0 0 0 0 0 0 0 0 1 0 0 00000090 0 0 0000008c 1 0 0 0
C 147 0000008c 0 0 0 0 0 0 0 0 1 0 0 00000090 0 0 0000008c 1 1 0 0
C 148 0000008c 0 0 0 0 0 0 0 0 1 0 0 00000090 0 0 0000008c 0 0 1 0
C 149 0000008c 1 0 0 0 0 0 0 1 1 0 0 00000090 0 0 00000090 1 0 0 1
C 150 0000008c 0 0 0 0 0 0 0 0 1 0 0 00000090 0 0 0000008c 1 1 0 0
C 151 0000008c 0 0 0 0 0 0 0 0 1 0 0 00000090 0 0 0000008c 0 0 1 0
R 151 27 0000008c 0000006f 0
C 152 0000008c 0 0 0 0 0 0 0 0 1 0 0 00000090 0 0 0000008c 1 0 0 0
C 153 0000008c 0 0 0 0 0 0 0 0 1 0 0 00000090 0 0 0000008c 1 1 0 0
C 154 0000008c 0 0 0 0 0 0 0 0 1 0 0 00000090 0 0 0000008c 0 0 1 0
C 155 0000008c 1 0 0 0 0 0 0 1 1 0 0 00000090 0 0 00000090 1 0 0 1
C 156 0000008c 0 0 0 0 0 0 0 0 1 0 0 00000090 0 0 0000008c 1 1 0 0
C 157 0000008c 0 0 0 0 0 0 0 0 1 0 0 00000090 0 0 0000008c 0 0 1 0
R 157 28 0000008c 0000006f 0
C 158 0000008c 0 0 0 0 0 0 0 0 1 0 0 00000090 0 0 0000008c 1 0 0 0
C 159 0000008c 0 0 0 0 0 0 0 0 1 0 0 00000090 0 0 0000008c 1 1 0 0
C 160 0000008c 0 0 0 0 0 0 0 0 1 0 0 00000090 0 0 0000008c 0 0 1 0
C 161 0000008c 1 0 0 0 0 0 0 1 1 0 0 00000090 0 0 00000090 1 0 0 1
C 162 0000008c 0 0 0 0 0 0 0 0 1 0 0 00000090 0 0 0000008c 1 1 0 0
C 163 0000008c 0 0 0 0 0 0 0 0 1 0 0 00000090 0 0 0000008c 0 0 1 0
R 163 29 0000008c 0000006f 0
C 164 0000008c 0 0 0 0 0 0 0 0 1 0 0 00000090 0 0 0000008c 1 0 0 0
C 165 0000008c 0 0 0 0 0 0 0 0 1 0 0 00000090 0 0 0000008c 1 1 0 0
C 166 0000008c 0 0 0 0 0 0 0 0 1 0 0 00000090 0 0 0000008c 0 0 1 0
C 167 0000008c 1 0 0 0 0 0 0 1 1 0 0 00000090 0 0 00000090 1 0 0 1
C 168 0000008c 0 0 0 0 0 0 0 0 1 0 0 00000090 0 0 0000008c 1 1 0 0
C 169 0000008c 0 0 0 0 0 0 0 0 1 0 0 00000090 0 0 0000008c 0 0 1 0
R 169 30 0000008c 0000006f 0
C 170 0000008c 0 0 0 0 0 0 0 0 1 0 0 00000090 0 0 0000008c 1 0 0 0
C 171 0000008c 0 0 0 0 0 0 0 0 1 0 0 00000090 0 0 0000008c 1 1 0 0
C 172 0000008c 0 0 0 0 0 0 0 0 1 0 0 00000090 0 0 0000008c 0 0 1 0
C 173 0000008c 1 0 0 0 0 0 0 1 1 0 0 00000090 0 0 00000090 1 0 0 1
C 174 0000008c 0 0 0 0 0 0 0 0 1 0 0 00000090 0 0 0000008c 1 1 0 0
C 175 0000008c 0 0 0 0 0 0 0 0 1 0 0 00000090 0 0 0000008c 0 0 1 0
R 175 31 0000008c 0000006f 0
C 176 0000008c 0 0 0 0 0 0 0 0 1 0 0 00000090 0 0 0000008c 1 0 0 0
C 177 0000008c 0 0 0 0 0 0 0 0 1 0 0 00000090 0 0 0000008c 1 1 0 0
C 178 0000008c 0 0 0 0 0 0 0 0 1 0 0 00000090 0 0 0000008c 0 0 1 0
C 179 0000008c 1 0 0 0 0 0 0 1 1 0 0 00000090 0 0 00000090 1 0 0 1
C 180 0000008c 0 0 0 0 0 0 0 0 1 0 0 00000090 0 0 0000008c 1 1 0 0
C 181 0000008c 0 0 0 0 0 0 0 0 1 0 0 00000090 0 0 0000008c 0 0 1 0
R 181 32 0000008c 0000006f 0
C 182 0000008c 0 0 0 0 0 0 0 0 1 0 0 00000090 0 0 0000008c 1 0 0 0
C 183 0000008c 0 0 0 0 0 0 0 0 1 0 0 00000090 0 0 0000008c 1 1 0 0
C 184 0000008c 0 0 0 0 0 0 0 0 1 0 0 00000090 0 0 0000008c 0 0 1 0
C 185 0000008c 1 0 0 0 0 0 0 1 1 0 0 00000090 0 0 00000090 1 0 0 1
C 186 0000008c 0 0 0 0 0 0 0 0 1 0 0 00000090 0 0 0000008c 1 1 0 0
C 187 0000008c 0 0 0 0 0 0 0 0 1 0 0 00000090 0 0 0000008c 0 0 1 0
R 187 33 0000008c 0000006f 0
C 188 0000008c 0 0 0 0 0 0 0 0 1 0 0 00000090 0 0 0000008c 1 0 0 0
C 189 0000008c 0 0 0 0 0 0 0 0 1 0 0 00000090 0 0 0000008c 1 1 0 0
C 190 0000008c 0 0 0 0 0 0 0 0 1 0 0 00000090 0 0 0000008c 0 0 1 0
C 191 0000008c 1 0 0 0 0 0 0 1 1 0 0 00000090 0 0 00000090 1 0 0 1
C 192 0000008c 0 0 0 0 0 0 0 0 1 0 0 00000090 0 0 0000008c 1 1 0 0
C 193 0000008c 0 0 0 0 0 0 0 0 1 0 0 00000090 0 0 0000008c 0 0 1 0
R 193 34 0000008c 0000006f 0
C 194 0000008c 0 0 0 0 0 0 0 0 1 0 0 00000090 0 0 0000008c 1 0 0 0
C 195 0000008c 0 0 0 0 0 0 0 0 1 0 0 00000090 0 0 0000008c 1 1 0 0
C 196 0000008c 0 0 0 0 0 0 0 0 1 0 0 00000090 0 0 0000008c 0 0 1 0
C 197 0000008c 1 0 0 0 0 0 0 1 1 0 0 00000090 0 0 00000090 1 0 0 1
C 198 0000008c 0 0 0 0 0 0 0 0 1 0 0 00000090 0 0 0000008c 1 1 0 0
C 199 0000008c 0 0 0 0 0 0 0 0 1 0 0 00000090 0 0 0000008c 0 0 1 0
R 199 35 0000008c 0000006f 0
C 200 0000008c 0 0 0 0 0 0 0 0 1 0 0 00000090 0 0 0000008c 1 0 0 0
C 201 0000008c 0 0 0 0 0 0 0 0 1 0 0 00000090 0 0 0000008c 1 1 0 0
C 202 0000008c 0 0 0 0 0 0 0 0 1 0 0 00000090 0 0 0000008c 0 0 1 0
C 203 0000008c 1 0 0 0 0 0 0 1 1 0 0 00000090 0 0 00000090 1 0 0 1
C 204 0000008c 0 0 0 0 0 0 0 0 1 0 0 00000090 0 0 0000008c 1 1 0 0
C 205 0000008c 0 0 0 0 0 0 0 0 1 0 0 00000090 0 0 0000008c 0 0 1 0
R 205 36 0000008c 0000006f 0
C 206 0000008c 0 0 0 0 0 0 0 0 1 0 0 00000090 0 0 0000008c 1 0 0 0
C 207 0000008c 0 0 0 0 0 0 0 0 1 0 0 00000090 0 0 0000008c 1 1 0 0
C 208 0000008c 0 0 0 0 0 0 0 0 1 0 0 00000090 0 0 0000008c 0 0 1 0
C 209 0000008c 1 0 0 0 0 0 0 1 1 0 0 00000090 0 0 00000090 1 0 0 1
C 210 0000008c 0 0 0 0 0 0 0 0 1 0 0 00000090 0 0 0000008c 1 1 0 0
C 211 0000008c 0 0 0 0 0 0 0 0 1 0 0 00000090 0 0 0000008c 0 0 1 0
R 211 37 0000008c 0000006f 0
C 212 0000008c 0 0 0 0 0 0 0 0 1 0 0 00000090 0 0 0000008c 1 0 0 0
C 213 0000008c 0 0 0 0 0 0 0 0 1 0 0 00000090 0 0 0000008c 1 1 0 0
C 214 0000008c 0 0 0 0 0 0 0 0 1 0 0 00000090 0 0 0000008c 0 0 1 0
C 215 0000008c 1 0 0 0 0 0 0 1 1 0 0 00000090 0 0 00000090 1 0 0 1
C 216 0000008c 0 0 0 0 0 0 0 0 1 0 0 00000090 0 0 0000008c 1 1 0 0
C 217 0000008c 0 0 0 0 0 0 0 0 1 0 0 00000090 0 0 0000008c 0 0 1 0
R 217 38 0000008c 0000006f 0
C 218 0000008c 0 0 0 0 0 0 0 0 1 0 0 00000090 0 0 0000008c 1 0 0 0
C 219 0000008c 0 0 0 0 0 0 0 0 1 0 0 00000090 0 0 0000008c 1 1 0 0
C 220 0000008c 0 0 0 0 0 0 0 0 1 0 0 00000090 0 0 0000008c 0 0 1 0
C 221 0000008c 1 0 0 0 0 0 0 1 1 0 0 00000090 0 0 00000090 1 0 0 1
C 222 0000008c 0 0 0 0 0 0 0 0 1 0 0 00000090 0 0 0000008c 1 1 0 0
C 223 0000008c 0 0 0 0 0 0 0 0 1 0 0 00000090 0 0 0000008c 0 0 1 0
R 223 39 0000008c 0000006f 0
C 224 0000008c 0 0 0 0 0 0 0 0 1 0 0 00000090 0 0 0000008c 1 0 0 0
C 225 0000008c 0 0 0 0 0 0 0 0 1 0 0 00000090 0 0 0000008c 1 1 0 0
C 226 0000008c 0 0 0 0 0 0 0 0 1 0 0 00000090 0 0 0000008c 0 0 1 0
C 227 0000008c 1 0 0 0 0 0 0 1 1 0 0 00000090 0 0 00000090 1 0 0 1
C 228 0000008c 0 0 0 0 0 0 0 0 1 0 0 00000090 0 0 0000008c 1 1 0 0
C 229 0000008c 0 0 0 0 0 0 0 0 1 0 0 00000090 0 0 0000008c 0 0 1 0
R 229 40 0000008c 0000006f 0
C 230 0000008c 0 0 0 0 0 0 0 0 1 0 0 00000090 0 0 0000008c 1 0 0 0
C 231 0000008c 0 0 0 0 0 0 0 0 1 0 0 00000090 0 0 0000008c 1 1 0 0
C 232 0000008c 0 0 0 0 0 0 0 0 1 0 0 00000090 0 0 0000008c 0 0 1 0
C 233 0000008c 1 0 0 0 0 0 0 1 1 0 0 00000090 0 0 00000090 1 0 0 1
C 234 0000008c 0 0 0 0 0 0 0 0 1 0 0 00000090 0 0 0000008c 1 1 0 0
C 235 0000008c 0 0 0 0 0 0 0 0 1 0 0 00000090 0 0 0000008c 0 0 1 0
R 235 41 0000008c 0000006f 0
C 236 0000008c 0 0 0 0 0 0 0 0 1 0 0 00000090 0 0 0000008c 1 0 0 0
C 237 0000008c 0 0 0 0 0 0 0 0 1 0 0 00000090 0 0 0000008c 1 1 0 0
C 238 0000008c 0 0 0 0 0 0 0 0 1 0 0 00000090 0 0 0000008c 0 0 1 0
C 239 0000008c 1 0 0 0 0 0 0 1 1 0 0 00000090 0 0 00000090 1 0 0 1
C 240 0000008c 0 0 0 0 0 0 0 0 1 0 0 00000090 0 0 0000008c 1 1 0 0
C 241 0000008c 0 0 0 0 0 0 0 0 1 0 0 00000090 0 0 0000008c 0 0 1 0
R 241 42 0000008c 0000006f 0
C 242 0000008c 0 0 0 0 0 0 0 0 1 0 0 00000090 0 0 0000008c 1 0 0 0
C 243 0000008c 0 0 0 0 0 0 0 0 1 0 0 00000090 0 0 0000008c 1 1 0 0
C 244 0000008c 0 0 0 0 0 0 0 0 1 0 0 00000090 0 0 0000008c 0 0 1 0
C 245 0000008c 1 0 0 0 0 0 0 1 1 0 0 00000090 0 0 00000090 1 0 0 1
C 246 0000008c 0 0 0 0 0 0 0 0 1 0 0 00000090 0 0 0000008c 1 1 0 0
C 247 0000008c 0 0 0 0 0 0 0 0 1 0 0 00000090 0 0 0000008c 0 0 1 0
R 247 43 0000008c 0000006f 0
C 248 0000008c 0 0 0 0 0 0 0 0 1 0 0 00000090 0 0 0000008c 1 0 0 0
C 249 0000008c 0 0 0 0 0 0 0 0 1 0 0 00000090 0 0 0000008c 1 1 0 0
C 250 0000008c 0 0 0 0 0 0 0 0 1 0 0 00000090 0 0 0000008c 0 0 1 0
C 251 0000008c 1 0 0 0 0 0 0 1 1 0 0 00000090 0 0 00000090 1 0 0 1
C 252 0000008c 0 0 0 0 0 0 0 0 1 0 0 00000090 0 0 0000008c 1 1 0 0
C 253 0000008c 0 0 0 0 0 0 0 0 1 0 0 00000090 0 0 0000008c 0 0 1 0
R 253 44 0000008c 0000006f 0
C 254 0000008c 0 0 0 0 0 0 0 0 1 0 0 00000090 0 0 0000008c 1 0 0 0
C 255 0000008c 0 0 0 0 0 0 0 0 1 0 0 00000090 0 0 0000008c 1 1 0 0
C 256 0000008c 0 0 0 0 0 0 0 0 1 0 0 00000090 0 0 0000008c 0 0 1 0
C 257 0000008c 1 0 0 0 0 0 0 1 1 0 0 00000090 0 0 00000090 1 0 0 1
C 258 0000008c 0 0 0 0 0 0 0 0 1 0 0 00000090 0 0 0000008c 1 1 0 0
C 259 0000008c 0 0 0 0 0 0 0 0 1 0 0 00000090 0 0 0000008c 0 0 1 0
R 259 45 0000008c 0000006f 0
C 260 0000008c 0 0 0 0 0 0 0 0 1 0 0 00000090 0 0 0000008c 1 0 0 0
C 261 0000008c 0 0 0 0 0 0 0 0 1 0 0 00000090 0 0 0000008c 1 1 0 0
C 262 0000008c 0 0 0 0 0 0 0 0 1 0 0 00000090 0 0 0000008c 0 0 1 0
C 263 0000008c 1 0 0 0 0 0 0 1 1 0 0 00000090 0 0 00000090 1 0 0 1
C 264 0000008c 0 0 0 0 0 0 0 0 1 0 0 00000090 0 0 0000008c 1 1 0 0
C 265 0000008c 0 0 0 0 0 0 0 0 1 0 0 00000090 0 0 0000008c 0 0 1 0
R 265 46 0000008c 0000006f 0
C 266 0000008c 0 0 0 0 0 0 0 0 1 0 0 00000090 0 0 0000008c 1 0 0 0
C 267 0000008c 0 0 0 0 0 0 0 0 1 0 0 00000090 0 0 0000008c 1 1 0 0
C 268 0000008c 0 0 0 0 0 0 0 0 1 0 0 00000090 0 0 0000008c 0 0 1 0
C 269 0000008c 1 0 0 0 0 0 0 1 1 0 0 00000090 0 0 00000090 1 0 0 1
C 270 0000008c 0 0 0 0 0 0 0 0 1 0 0 00000090 0 0 0000008c 1 1 0 0
C 271 0000008c 0 0 0 0 0 0 0 0 1 0 0 00000090 0 0 0000008c 0 0 1 0
R 271 47 0000008c 0000006f 0
C 272 0000008c 0 0 0 0 0 0 0 0 1 0 0 00000090 0 0 0000008c 1 0 0 0
C 273 0000008c 0 0 0 0 0 0 0 0 1 0 0 00000090 0 0 0000008c 1 1 0 0
C 274 0000008c 0 0 0 0 0 0 0 0 1 0 0 00000090 0 0 0000008c 0 0 1 0
C 275 0000008c 1 0 0 0 0 0 0 1 1 0 0 00000090 0 0 00000090 1 0 0 1
C 276 0000008c 0 0 0 0 0 0 0 0 1 0 0 00000090 0 0 0000008c 1 1 0 0
C 277 0000008c 0 0 0 0 0 0 0 0 1 0 0 00000090 0 0 0000008c 0 0 1 0
R 277 48 0000008c 0000006f 0
C 278 0000008c 0 0 0 0 0 0 0 0 1 0 0 00000090 0 0 0000008c 1 0 0 0
C 279 0000008c 0 0 0 0 0 0 0 0 1 0 0 00000090 0 0 0000008c 1 1 0 0
C 280 0000008c 0 0 0 0 0 0 0 0 1 0 0 00000090 0 0 0000008c 0 0 1 0
C 281 0000008c 1 0 0 0 0 0 0 1 1 0 0 00000090 0 0 00000090 1 0 0 1
C 282 0000008c 0 0 0 0 0 0 0 0 1 0 0 00000090 0 0 0000008c 1 1 0 0
C 283 0000008c 0 0 0 0 0 0 0 0 1 0 0 00000090 0 0 0000008c 0 0 1 0
R 283 49 0000008c 0000006f 0
C 284 0000008c 0 0 0 0 0 0 0 0 1 0 0 00000090 0 0 0000008c 1 0 0 0
C 285 0000008c 0 0 0 0 0 0 0 0 1 0 0 00000090 0 0 0000008c 1 1 0 0
C 286 0000008c 0 0 0 0 0 0 0 0 1 0 0 00000090 0 0 0000008c 0 0 1 0
C 287 0000008c 1 0 0 0 0 0 0 1 1 0 0 00000090 0 0 00000090 1 0 0 1
C 288 0000008c 0 0 0 0 0 0 0 0 1 0 0 00000090 0 0 0000008c 1 1 0 0
C 289 0000008c 0 0 0 0 0 0 0 0 1 0 0 00000090 0 0 0000008c 0 0 1 0
R 289 50 0000008c 0000006f 0
C 290 0000008c 0 0 0 0 0 0 0 0 1 0 0 00000090 0 0 0000008c 1 0 0 0
C 291 0000008c 0 0 0 0 0 0 0 0 1 0 0 00000090 0 0 0000008c 1 1 0 0
C 292 0000008c 0 0 0 0 0 0 0 0 1 0 0 00000090 0 0 0000008c 0 0 1 0
C 293 0000008c 1 0 0 0 0 0 0 1 1 0 0 00000090 0 0 00000090 1 0 0 1
C 294 0000008c 0 0 0 0 0 0 0 0 1 0 0 00000090 0 0 0000008c 1 1 0 0
C 295 0000008c 0 0 0 0 0 0 0 0 1 0 0 00000090 0 0 0000008c 0 0 1 0
R 295 51 0000008c 0000006f 0
C 296 0000008c 0 0 0 0 0 0 0 0 1 0 0 00000090 0 0 0000008c 1 0 0 0
C 297 0000008c 0 0 0 0 0 0 0 0 1 0 0 00000090 0 0 0000008c 1 1 0 0
C 298 0000008c 0 0 0 0 0 0 0 0 1 0 0 00000090 0 0 0000008c 0 0 1 0
C 299 0000008c 1 0 0 0 0 0 0 1 1 0 0 00000090 0 0 00000090 1 0 0 1
C 300 0000008c 0 0 0 0 0 0 0 0 1 0 0 00000090 0 0 0000008c 1 1 0 0
C 301 0000008c 0 0 0 0 0 0 0 0 1 0 0 00000090 0 0 0000008c 0 0 1 0
R 301 52 0000008c 0000006f 0
C 302 0000008c 0 0 0 0 0 0 0 0 1 0 0 00000090 0 0 0000008c 1 0 0 0
C 303 0000008c 0 0 0 0 0 0 0 0 1 0 0 00000090 0 0 0000008c 1 1 0 0
C 304 0000008c 0 0 0 0 0 0 0 0 1 0 0 00000090 0 0 0000008c 0 0 1 0
C 305 0000008c 1 0 0 0 0 0 0 1 1 0 0 00000090 0 0 00000090 1 0 0 1
C 306 0000008c 0 0 0 0 0 0 0 0 1 0 0 00000090 0 0 0000008c 1 1 0 0
C 307 0000008c 0 0 0 0 0 0 0 0 1 0 0 00000090 0 0 0000008c 0 0 1 0
R 307 53 0000008c 0000006f 0
C 308 0000008c 0 0 0 0 0 0 0 0 1 0 0 00000090 0 0 0000008c 1 0 0 0
C 309 0000008c 0 0 0 0 0 0 0 0 1 0 0 00000090 0 0 0000008c 1 1 0 0
C 310 0000008c 0 0 0 0 0 0 0 0 1 0 0 00000090 0 0 0000008c 0 0 1 0
C 311 0000008c 1 0 0 0 0 0 0 1 1 0 0 00000090 0 0 00000090 1 0 0 1
C 312 0000008c 0 0 0 0 0 0 0 0 1 0 0 00000090 0 0 0000008c 1 1 0 0
C 313 0000008c 0 0 0 0 0 0 0 0 1 0 0 00000090 0 0 0000008c 0 0 1 0
R 313 54 0000008c 0000006f 0
C 314 0000008c 0 0 0 0 0 0 0 0 1 0 0 00000090 0 0 0000008c 1 0 0 0
C 315 0000008c 0 0 0 0 0 0 0 0 1 0 0 00000090 0 0 0000008c 1 1 0 0
C 316 0000008c 0 0 0 0 0 0 0 0 1 0 0 00000090 0 0 0000008c 0 0 1 0
C 317 0000008c 1 0 0 0 0 0 0 1 1 0 0 00000090 0 0 00000090 1 0 0 1
C 318 0000008c 0 0 0 0 0 0 0 0 1 0 0 00000090 0 0 0000008c 1 1 0 0
C 319 0000008c 0 0 0 0 0 0 0 0 1 0 0 00000090 0 0 0000008c 0 0 1 0
R 319 55 0000008c 0000006f 0
C 320 0000008c 0 0 0 0 0 0 0 0 1 0 0 00000090 0 0 0000008c 1 0 0 0
C 321 0000008c 0 0 0 0 0 0 0 0 1 0 0 00000090 0 0 0000008c 1 1 0 0
C 322 0000008c 0 0 0 0 0 0 0 0 1 0 0 00000090 0 0 0000008c 0 0 1 0
C 323 0000008c 1 0 0 0 0 0 0 1 1 0 0 00000090 0 0 00000090 1 0 0 1
C 324 0000008c 0 0 0 0 0 0 0 0 1 0 0 00000090 0 0 0000008c 1 1 0 0
C 325 0000008c 0 0 0 0 0 0 0 0 1 0 0 00000090 0 0 0000008c 0 0 1 0
R 325 56 0000008c 0000006f 0
C 326 0000008c 0 0 0 0 0 0 0 0 1 0 0 00000090 0 0 0000008c 1 0 0 0
C 327 0000008c 0 0 0 0 0 0 0 0 1 0 0 00000090 0 0 0000008c 1 1 0 0
C 328 0000008c 0 0 0 0 0 0 0 0 1 0 0 00000090 0 0 0000008c 0 0 1 0
C 329 0000008c 1 0 0 0 0 0 0 1 1 0 0 00000090 0 0 00000090 1 0 0 1
C 330 0000008c 0 0 0 0 0 0 0 0 1 0 0 00000090 0 0 0000008c 1 1 0 0
C 331 0000008c 0 0 0 0 0 0 0 0 1 0 0 00000090 0 0 0000008c 0 0 1 0
R 331 57 0000008c 0000006f 0
C 332 0000008c 0 0 0 0 0 0 0 0 1 0 0 00000090 0 0 0000008c 1 0 0 0
C 333 0000008c 0 0 0 0 0 0 0 0 1 0 0 00000090 0 0 0000008c 1 1 0 0
C 334 0000008c 0 0 0 0 0 0 0 0 1 0 0 00000090 0 0 0000008c 0 0 1 0
C 335 0000008c 1 0 0 0 0 0 0 1 1 0 0 00000090 0 0 00000090 1 0 0 1
C 336 0000008c 0 0 0 0 0 0 0 0 1 0 0 00000090 0 0 0000008c 1 1 0 0
C 337 0000008c 0 0 0 0 0 0 0 0 1 0 0 00000090 0 0 0000008c 0 0 1 0
R 337 58 0000008c 0000006f 0
C 338 0000008c 0 0 0 0 0 0 0 0 1 0 0 00000090 0 0 0000008c 1 0 0 0
C 339 0000008c 0 0 0 0 0 0 0 0 1 0 0 00000090 0 0 0000008c 1 1 0 0
C 340 0000008c 0 0 0 0 0 0 0 0 1 0 0 00000090 0 0 0000008c 0 0 1 0
C 341 0000008c 1 0 0 0 0 0 0 1 1 0 0 00000090 0 0 00000090 1 0 0 1
C 342 0000008c 0 0 0 0 0 0 0 0 1 0 0 00000090 0 0 0000008c 1 1 0 0
C 343 0000008c 0 0 0 0 0 0 0 0 1 0 0 00000090 0 0 0000008c 0 0 1 0
R 343 59 0000008c 0000006f 0
C 344 0000008c 0 0 0 0 0 0 0 0 1 0 0 00000090 0 0 0000008c 1 0 0 0
C 345 0000008c 0 0 0 0 0 0 0 0 1 0 0 00000090 0 0 0000008c 1 1 0 0
C 346 0000008c 0 0 0 0 0 0 0 0 1 0 0 00000090 0 0 0000008c 0 0 1 0
C 347 0000008c 1 0 0 0 0 0 0 1 1 0 0 00000090 0 0 00000090 1 0 0 1
C 348 0000008c 0 0 0 0 0 0 0 0 1 0 0 00000090 0 0 0000008c 1 1 0 0
C 349 0000008c 0 0 0 0 0 0 0 0 1 0 0 00000090 0 0 0000008c 0 0 1 0
R 349 60 0000008c 0000006f 0
C 350 0000008c 0 0 0 0 0 0 0 0 1 0 0 00000090 0 0 0000008c 1 0 0 0
C 351 0000008c 0 0 0 0 0 0 0 0 1 0 0 00000090 0 0 0000008c 1 1 0 0
C 352 0000008c 0 0 0 0 0 0 0 0 1 0 0 00000090 0 0 0000008c 0 0 1 0
C 353 0000008c 1 0 0 0 0 0 0 1 1 0 0 00000090 0 0 00000090 1 0 0 1
C 354 0000008c 0 0 0 0 0 0 0 0 1 0 0 00000090 0 0 0000008c 1 1 0 0
C 355 0000008c 0 0 0 0 0 0 0 0 1 0 0 00000090 0 0 0000008c 0 0 1 0
R 355 61 0000008c 0000006f 0
C 356 0000008c 0 0 0 0 0 0 0 0 1 0 0 00000090 0 0 0000008c 1 0 0 0
C 357 0000008c 0 0 0 0 0 0 0 0 1 0 0 00000090 0 0 0000008c 1 1 0 0
C 358 0000008c 0 0 0 0 0 0 0 0 1 0 0 00000090 0 0 0000008c 0 0 1 0
C 359 0000008c 1 0 0 0 0 0 0 1 1 0 0 00000090 0 0 00000090 1 0 0 1
C 360 0000008c 0 0 0 0 0 0 0 0 1 0 0 00000090 0 0 0000008c 1 1 0 0
C 361 0000008c 0 0 0 0 0 0 0 0 1 0 0 00000090 0 0 0000008c 0 0 1 0
R 361 62 0000008c 0000006f 0
C 362 0000008c 0 0 0 0 0 0 0 0 1 0 0 00000090 0 0 0000008c 1 0 0 0
C 363 0000008c 0 0 0 0 0 0 0 0 1 0 0 00000090 0 0 0000008c 1 1 0 0
C 364 0000008c 0 0 0 0 0 0 0 0 1 0 0 00000090 0 0 0000008c 0 0 1 0
C 365 0000008c 1 0 0 0 0 0 0 1 1 0 0 00000090 0 0 00000090 1 0 0 1
C 366 0000008c 0 0 0 0 0 0 0 0 1 0 0 00000090 0 0 0000008c 1 1 0 0
C 367 0000008c 0 0 0 0 0 0 0 0 1 0 0 00000090 0 0 0000008c 0 0 1 0
R 367 63 0000008c 0000006f 0
C 368 0000008c 0 0 0 0 0 0 0 0 1 0 0 00000090 0 0 0000008c 1 0 0 0
C 369 0000008c 0 0 0 0 0 0 0 0 1 0 0 00000090 0 0 0000008c 1 1 0 0
C 370 0000008c 0 0 0 0 0 0 0 0 1 0 0 00000090 0 0 0000008c 0 0 1 0
C 371 0000008c 1 0 0 0 0 0 0 1 1 0 0 00000090 0 0 00000090 1 0 0 1
C 372 0000008c 0 0 0 0 0 0 0 0 1 0 0 00000090 0 0 0000008c 1 1 0 0
C 373 0000008c 0 0 0 0 0 0 0 0 1 0 0 00000090 0 0 0000008c 0 0 1 0
R 373 64 0000008c 0000006f 0
C 374 0000008c 0 0 0 0 0 0 0 0 1 0 0 00000090 0 0 0000008c 1 0 0 0
C 375 0000008c 0 0 0 0 0 0 0 0 1 0 0 00000090 0 0 0000008c 1 1 0 0
C 376 0000008c 0 0 0 0 0 0 0 0 1 0 0 00000090 0 0 0000008c 0 0 1 0
C 377 0000008c 1 0 0 0 0 0 0 1 1 0 0 00000090 0 0 00000090 1 0 0 1
C 378 0000008c 0 0 0 0 0 0 0 0 1 0 0 00000090 0 0 0000008c 1 1 0 0
C 379 0000008c 0 0 0 0 0 0 0 0 1 0 0 00000090 0 0 0000008c 0 0 1 0
R 379 65 0000008c 0000006f 0
C 380 0000008c 0 0 0 0 0 0 0 0 1 0 0 00000090 0 0 0000008c 1 0 0 0
C 381 0000008c 0 0 0 0 0 0 0 0 1 0 0 00000090 0 0 0000008c 1 1 0 0
C 382 0000008c 0 0 0 0 0 0 0 0 1 0 0 00000090 0 0 0000008c 0 0 1 0
C 383 0000008c 1 0 0 0 0 0 0 1 1 0 0 00000090 0 0 00000090 1 0 0 1
C 384 0000008c 0 0 0 0 0 0 0 0 1 0 0 00000090 0 0 0000008c 1 1 0 0
C 385 0000008c 0 0 0 0 0 0 0 0 1 0 0 00000090 0 0 0000008c 0 0 1 0
R 385 66 0000008c 0000006f 0
C 386 0000008c 0 0 0 0 0 0 0 0 1 0 0 00000090 0 0 0000008c 1 0 0 0
C 387 0000008c 0 0 0 0 0 0 0 0 1 0 0 00000090 0 0 0000008c 1 1 0 0
C 388 0000008c 0 0 0 0 0 0 0 0 1 0 0 00000090 0 0 0000008c 0 0 1 0
C 389 0000008c 1 0 0 0 0 0 0 1 1 0 0 00000090 0 0 00000090 1 0 0 1
C 390 0000008c 0 0 0 0 0 0 0 0 1 0 0 00000090 0 0 0000008c 1 1 0 0
C 391 0000008c 0 0 0 0 0 0 0 0 1 0 0 00000090 0 0 0000008c 0 0 1 0
R 391 67 0000008c 0000006f 0
C 392 0000008c 0 0 0 0 0 0 0 0 1 0 0 00000090 0 0 0000008c 1 0 0 0
C 393 0000008c 0 0 0 0 0 0 0 0 1 0 0 00000090 0 0 0000008c 1 1 0 0
C 394 0000008c 0 0 0 0 0 0 0 0 1 0 0 00000090 0 0 0000008c 0 0 1 0
C 395 0000008c 1 0 0 0 0 0 0 1 1 0 0 00000090 0 0 00000090 1 0 0 1
C 396 0000008c 0 0 0 0 0 0 0 0 1 0 0 00000090 0 0 0000008c 1 1 0 0
C 397 0000008c 0 0 0 0 0 0 0 0 1 0 0 00000090 0 0 0000008c 0 0 1 0
R 397 68 0000008c 0000006f 0
C 398 0000008c 0 0 0 0 0 0 0 0 1 0 0 00000090 0 0 0000008c 1 0 0 0
C 399 0000008c 0 0 0 0 0 0 0 0 1 0 0 00000090 0 0 0000008c 1 1 0 0
REG 0 00000000
REG 1 00000008
REG 2 00000000
REG 3 00000000
REG 4 00000000
REG 5 00000000
REG 6 00000000
REG 7 00000000
REG 8 00000000
REG 9 00000000
REG 10 00000000
REG 11 00000000
REG 12 00000000
REG 13 00000000
REG 14 00000000
REG 15 00000000
REG 16 00000000
REG 17 00000000
REG 18 00000000
REG 19 00000000
REG 20 00000000
REG 21 00000000
REG 22 00000000
REG 23 00000000
REG 24 00000000
REG 25 00000000
REG 26 00000000
REG 27 00000000
REG 28 00000000
REG 29 00000000
REG 30 00000000
REG 31 0000007b
MEM 00000200 44332211
MEM 00000204 44332211
MEM 00000208 44332211
MEM 0000020c 44332211
MEM 00000210 44332211
FINISH
- /home/dungpc/ndmoney4porche/projects/ibex/doc/dungpc/microarchitecture/scripts/core_tb.sv:116: Verilog $finish
