CONFIG WB=1 BT=1 M=3 latency=4 ilatency=4 grant_period=3
C 0 00000000 0 0 0 0 0 0 0 0 1 0 0 00000000 0 0 00000080 0 0 0 1
C 1 00000000 0 0 0 0 0 0 0 0 1 0 0 00000000 0 0 00000080 1 0 0 1
C 2 00000000 0 0 0 0 0 0 0 0 1 0 0 00000000 0 0 00000080 1 0 0 0
C 3 00000000 0 0 0 0 0 0 0 0 1 0 0 00000000 0 0 00000080 1 1 0 0
C 4 00000000 0 0 0 0 0 0 0 0 1 0 0 00000000 0 0 00000080 1 0 0 0
C 5 00000000 0 0 0 0 0 0 0 0 1 0 0 00000000 0 0 00000080 1 0 0 0
C 6 00000000 0 0 0 0 0 0 0 0 1 0 0 00000000 0 0 00000080 1 1 0 0
C 7 00000000 0 0 0 0 0 0 0 0 1 0 0 00000000 0 0 00000080 0 0 1 0
C 8 00000080 1 0 0 0 0 0 0 1 1 0 0 00000000 0 0 00000084 1 0 0 0
C 9 00000080 0 0 0 0 0 0 0 0 1 0 0 00000000 0 0 00000084 1 1 0 0
W 9 1 00000001
C 10 00000080 0 0 0 0 0 0 0 0 1 0 0 00000000 0 0 00000084 0 0 1 0
R 10 1 00000080 00100093 0
C 11 00000084 1 0 0 0 0 0 0 1 1 0 0 00000000 0 0 00000088 1 0 0 0
C 12 00000084 0 0 0 0 0 0 0 0 1 0 0 00000000 0 0 00000088 1 1 0 0
C 13 00000084 0 0 0 0 0 0 0 0 1 0 0 00000000 0 0 00000088 0 0 1 0
R 13 2 00000084 00008463 0
C 14 00000088 1 0 0 0 0 0 0 1 1 0 0 00000000 0 0 0000008c 1 0 0 0
C 15 00000088 0 0 0 0 0 0 0 0 1 0 0 00000000 0 0 0000008c 1 1 0 0
W 15 2 00000002
C 16 00000088 0 0 0 0 0 0 0 0 1 0 0 00000000 0 0 0000008c 0 0 1 0
R 16 3 00000088 00200113 0
C 17 0000008c 1 0 0 0 0 0 0 1 1 0 0 00000000 0 0 00000090 1 0 0 1
C 18 0000008c 0 0 0 0 0 0 0 0 1 0 0 fffffffc 0 0 00000094 1 1 0 0
C 19 0000008c 0 0 0 0 0 0 0 0 1 0 0 fffffffc 0 0 00000094 0 0 1 0
R 19 4 0000008c 00108463 0
C 20 0000008c 0 0 0 0 0 0 0 0 1 0 0 fffffffc 0 0 00000094 1 0 0 0
C 21 0000008c 0 0 0 0 0 0 0 0 1 0 0 fffffffc 0 0 00000094 1 1 0 0
C 22 0000008c 0 0 0 0 0 0 0 0 1 0 0 fffffffc 0 0 00000094 0 0 1 0
C 23 00000094 1 0 0 0 0 0 0 1 1 0 0 00000098 0 0 00000098 1 0 0 1
C 24 00000094 0 0 0 0 0 0 0 0 1 0 0 00000098 0 0 0000009c 1 1 0 0
W 24 3 00000098
C 25 00000094 0 0 0 0 0 0 0 0 1 0 0 00000098 0 0 0000009c 0 0 1 0
R 25 5 00000094 008001ef 0
C 26 00000094 0 0 0 0 0 0 0 0 1 0 0 00000098 0 0 0000009c 1 0 0 0
C 27 00000094 0 0 0 0 0 0 0 0 1 0 0 00000098 0 0 0000009c 1 1 0 0
C 28 00000094 0 0 0 0 0 0 0 0 1 0 0 00000098 0 0 0000009c 0 0 1 0
C 29 0000009c 1 0 0 0 0 0 0 1 1 0 0 000000a8 0 0 000000a0 1 0 0 0
C 30 0000009c 0 0 0 0 0 0 0 0 1 0 0 000000a8 0 0 000000a0 1 1 0 0
W 30 4 000000a8
C 31 0000009c 0 0 0 0 0 0 0 0 1 0 0 000000a8 0 0 000000a0 0 0 1 0
R 31 6 0000009c 0a800213 0
C 32 000000a0 1 0 0 0 0 0 0 1 1 0 0 000000a4 0 0 000000a4 1 0 0 1
C 33 000000a0 0 0 0 0 0 0 0 0 1 0 0 000000a4 0 0 000000a8 1 1 0 0
W 33 5 000000a4
C 34 000000a0 0 0 0 0 0 0 0 0 1 0 0 000000a4 0 0 000000a8 0 0 1 0
R 34 7 000000a0 000202e7 0
C 35 000000a0 0 0 0 0 0 0 0 0 1 0 0 000000a4 0 0 000000a8 1 0 0 0
C 36 000000a0 0 0 0 0 0 0 0 0 1 0 0 000000a4 0 0 000000a8 1 1 0 0
C 37 000000a0 0 0 0 0 0 0 0 0 1 0 0 000000a4 0 0 000000a8 0 0 1 0
C 38 000000a8 1 0 0 0 0 0 0 1 1 0 0 00000078 0 0 000000ac 1 0 0 0
C 39 000000a8 0 0 0 0 0 0 0 0 1 0 0 00000078 0 0 000000ac 1 1 0 0
W 39 31 0000007b
C 40 000000a8 0 0 0 0 0 0 0 0 1 0 0 00000078 0 0 000000ac 0 0 1 0
R 40 8 000000a8 07b00f93 0
C 41 000000ac 1 0 0 0 0 0 0 1 1 0 0 000000b0 0 0 000000b0 1 0 0 1
C 42 000000ac 0 0 0 0 0 0 0 0 1 0 0 000000b0 0 0 000000ac 1 1 0 0
C 43 000000ac 0 0 0 0 0 0 0 0 1 0 0 000000b0 0 0 000000ac 0 0 1 0
R 43 9 000000ac 0000006f 0
C 44 000000ac 0 0 0 0 0 0 0 0 1 0 0 000000b0 0 0 000000ac 1 0 0 0
C 45 000000ac 0 0 0 0 0 0 0 0 1 0 0 000000b0 0 0 000000ac 1 1 0 0
C 46 000000ac 0 0 0 0 0 0 0 0 1 0 0 000000b0 0 0 000000ac 0 0 1 0
C 47 000000ac 1 0 0 0 0 0 0 1 1 0 0 000000b0 0 0 000000b0 1 0 0 1
C 48 000000ac 0 0 0 0 0 0 0 0 1 0 0 000000b0 0 0 000000ac 1 1 0 0
C 49 000000ac 0 0 0 0 0 0 0 0 1 0 0 000000b0 0 0 000000ac 0 0 1 0
R 49 10 000000ac 0000006f 0
C 50 000000ac 0 0 0 0 0 0 0 0 1 0 0 000000b0 0 0 000000ac 1 0 0 0
C 51 000000ac 0 0 0 0 0 0 0 0 1 0 0 000000b0 0 0 000000ac 1 1 0 0
C 52 000000ac 0 0 0 0 0 0 0 0 1 0 0 000000b0 0 0 000000ac 0 0 1 0
C 53 000000ac 1 0 0 0 0 0 0 1 1 0 0 000000b0 0 0 000000b0 1 0 0 1
C 54 000000ac 0 0 0 0 0 0 0 0 1 0 0 000000b0 0 0 000000ac 1 1 0 0
C 55 000000ac 0 0 0 0 0 0 0 0 1 0 0 000000b0 0 0 000000ac 0 0 1 0
R 55 11 000000ac 0000006f 0
C 56 000000ac 0 0 0 0 0 0 0 0 1 0 0 000000b0 0 0 000000ac 1 0 0 0
C 57 000000ac 0 0 0 0 0 0 0 0 1 0 0 000000b0 0 0 000000ac 1 1 0 0
C 58 000000ac 0 0 0 0 0 0 0 0 1 0 0 000000b0 0 0 000000ac 0 0 1 0
C 59 000000ac 1 0 0 0 0 0 0 1 1 0 0 000000b0 0 0 000000b0 1 0 0 1
C 60 000000ac 0 0 0 0 0 0 0 0 1 0 0 000000b0 0 0 000000ac 1 1 0 0
C 61 000000ac 0 0 0 0 0 0 0 0 1 0 0 000000b0 0 0 000000ac 0 0 1 0
R 61 12 000000ac 0000006f 0
C 62 000000ac 0 0 0 0 0 0 0 0 1 0 0 000000b0 0 0 000000ac 1 0 0 0
C 63 000000ac 0 0 0 0 0 0 0 0 1 0 0 000000b0 0 0 000000ac 1 1 0 0
C 64 000000ac 0 0 0 0 0 0 0 0 1 0 0 000000b0 0 0 000000ac 0 0 1 0
C 65 000000ac 1 0 0 0 0 0 0 1 1 0 0 000000b0 0 0 000000b0 1 0 0 1
C 66 000000ac 0 0 0 0 0 0 0 0 1 0 0 000000b0 0 0 000000ac 1 1 0 0
C 67 000000ac 0 0 0 0 0 0 0 0 1 0 0 000000b0 0 0 000000ac 0 0 1 0
R 67 13 000000ac 0000006f 0
C 68 000000ac 0 0 0 0 0 0 0 0 1 0 0 000000b0 0 0 000000ac 1 0 0 0
C 69 000000ac 0 0 0 0 0 0 0 0 1 0 0 000000b0 0 0 000000ac 1 1 0 0
C 70 000000ac 0 0 0 0 0 0 0 0 1 0 0 000000b0 0 0 000000ac 0 0 1 0
C 71 000000ac 1 0 0 0 0 0 0 1 1 0 0 000000b0 0 0 000000b0 1 0 0 1
C 72 000000ac 0 0 0 0 0 0 0 0 1 0 0 000000b0 0 0 000000ac 1 1 0 0
C 73 000000ac 0 0 0 0 0 0 0 0 1 0 0 000000b0 0 0 000000ac 0 0 1 0
R 73 14 000000ac 0000006f 0
C 74 000000ac 0 0 0 0 0 0 0 0 1 0 0 000000b0 0 0 000000ac 1 0 0 0
C 75 000000ac 0 0 0 0 0 0 0 0 1 0 0 000000b0 0 0 000000ac 1 1 0 0
C 76 000000ac 0 0 0 0 0 0 0 0 1 0 0 000000b0 0 0 000000ac 0 0 1 0
C 77 000000ac 1 0 0 0 0 0 0 1 1 0 0 000000b0 0 0 000000b0 1 0 0 1
C 78 000000ac 0 0 0 0 0 0 0 0 1 0 0 000000b0 0 0 000000ac 1 1 0 0
C 79 000000ac 0 0 0 0 0 0 0 0 1 0 0 000000b0 0 0 000000ac 0 0 1 0
R 79 15 000000ac 0000006f 0
C 80 000000ac 0 0 0 0 0 0 0 0 1 0 0 000000b0 0 0 000000ac 1 0 0 0
C 81 000000ac 0 0 0 0 0 0 0 0 1 0 0 000000b0 0 0 000000ac 1 1 0 0
C 82 000000ac 0 0 0 0 0 0 0 0 1 0 0 000000b0 0 0 000000ac 0 0 1 0
C 83 000000ac 1 0 0 0 0 0 0 1 1 0 0 000000b0 0 0 000000b0 1 0 0 1
C 84 000000ac 0 0 0 0 0 0 0 0 1 0 0 000000b0 0 0 000000ac 1 1 0 0
C 85 000000ac 0 0 0 0 0 0 0 0 1 0 0 000000b0 0 0 000000ac 0 0 1 0
R 85 16 000000ac 0000006f 0
C 86 000000ac 0 0 0 0 0 0 0 0 1 0 0 000000b0 0 0 000000ac 1 0 0 0
C 87 000000ac 0 0 0 0 0 0 0 0 1 0 0 000000b0 0 0 000000ac 1 1 0 0
C 88 000000ac 0 0 0 0 0 0 0 0 1 0 0 000000b0 0 0 000000ac 0 0 1 0
C 89 000000ac 1 0 0 0 0 0 0 1 1 0 0 000000b0 0 0 000000b0 1 0 0 1
C 90 000000ac 0 0 0 0 0 0 0 0 1 0 0 000000b0 0 0 000000ac 1 1 0 0
C 91 000000ac 0 0 0 0 0 0 0 0 1 0 0 000000b0 0 0 000000ac 0 0 1 0
R 91 17 000000ac 0000006f 0
C 92 000000ac 0 0 0 0 0 0 0 0 1 0 0 000000b0 0 0 000000ac 1 0 0 0
C 93 000000ac 0 0 0 0 0 0 0 0 1 0 0 000000b0 0 0 000000ac 1 1 0 0
C 94 000000ac 0 0 0 0 0 0 0 0 1 0 0 000000b0 0 0 000000ac 0 0 1 0
C 95 000000ac 1 0 0 0 0 0 0 1 1 0 0 000000b0 0 0 000000b0 1 0 0 1
C 96 000000ac 0 0 0 0 0 0 0 0 1 0 0 000000b0 0 0 000000ac 1 1 0 0
C 97 000000ac 0 0 0 0 0 0 0 0 1 0 0 000000b0 0 0 000000ac 0 0 1 0
R 97 18 000000ac 0000006f 0
C 98 000000ac 0 0 0 0 0 0 0 0 1 0 0 000000b0 0 0 000000ac 1 0 0 0
C 99 000000ac 0 0 0 0 0 0 0 0 1 0 0 000000b0 0 0 000000ac 1 1 0 0
C 100 000000ac 0 0 0 0 0 0 0 0 1 0 0 000000b0 0 0 000000ac 0 0 1 0
C 101 000000ac 1 0 0 0 0 0 0 1 1 0 0 000000b0 0 0 000000b0 1 0 0 1
C 102 000000ac 0 0 0 0 0 0 0 0 1 0 0 000000b0 0 0 000000ac 1 1 0 0
C 103 000000ac 0 0 0 0 0 0 0 0 1 0 0 000000b0 0 0 000000ac 0 0 1 0
R 103 19 000000ac 0000006f 0
C 104 000000ac 0 0 0 0 0 0 0 0 1 0 0 000000b0 0 0 000000ac 1 0 0 0
C 105 000000ac 0 0 0 0 0 0 0 0 1 0 0 000000b0 0 0 000000ac 1 1 0 0
C 106 000000ac 0 0 0 0 0 0 0 0 1 0 0 000000b0 0 0 000000ac 0 0 1 0
C 107 000000ac 1 0 0 0 0 0 0 1 1 0 0 000000b0 0 0 000000b0 1 0 0 1
C 108 000000ac 0 0 0 0 0 0 0 0 1 0 0 000000b0 0 0 000000ac 1 1 0 0
C 109 000000ac 0 0 0 0 0 0 0 0 1 0 0 000000b0 0 0 000000ac 0 0 1 0
R 109 20 000000ac 0000006f 0
C 110 000000ac 0 0 0 0 0 0 0 0 1 0 0 000000b0 0 0 000000ac 1 0 0 0
C 111 000000ac 0 0 0 0 0 0 0 0 1 0 0 000000b0 0 0 000000ac 1 1 0 0
C 112 000000ac 0 0 0 0 0 0 0 0 1 0 0 000000b0 0 0 000000ac 0 0 1 0
C 113 000000ac 1 0 0 0 0 0 0 1 1 0 0 000000b0 0 0 000000b0 1 0 0 1
C 114 000000ac 0 0 0 0 0 0 0 0 1 0 0 000000b0 0 0 000000ac 1 1 0 0
C 115 000000ac 0 0 0 0 0 0 0 0 1 0 0 000000b0 0 0 000000ac 0 0 1 0
R 115 21 000000ac 0000006f 0
C 116 000000ac 0 0 0 0 0 0 0 0 1 0 0 000000b0 0 0 000000ac 1 0 0 0
C 117 000000ac 0 0 0 0 0 0 0 0 1 0 0 000000b0 0 0 000000ac 1 1 0 0
C 118 000000ac 0 0 0 0 0 0 0 0 1 0 0 000000b0 0 0 000000ac 0 0 1 0
C 119 000000ac 1 0 0 0 0 0 0 1 1 0 0 000000b0 0 0 000000b0 1 0 0 1
C 120 000000ac 0 0 0 0 0 0 0 0 1 0 0 000000b0 0 0 000000ac 1 1 0 0
C 121 000000ac 0 0 0 0 0 0 0 0 1 0 0 000000b0 0 0 000000ac 0 0 1 0
R 121 22 000000ac 0000006f 0
C 122 000000ac 0 0 0 0 0 0 0 0 1 0 0 000000b0 0 0 000000ac 1 0 0 0
C 123 000000ac 0 0 0 0 0 0 0 0 1 0 0 000000b0 0 0 000000ac 1 1 0 0
C 124 000000ac 0 0 0 0 0 0 0 0 1 0 0 000000b0 0 0 000000ac 0 0 1 0
C 125 000000ac 1 0 0 0 0 0 0 1 1 0 0 000000b0 0 0 000000b0 1 0 0 1
C 126 000000ac 0 0 0 0 0 0 0 0 1 0 0 000000b0 0 0 000000ac 1 1 0 0
C 127 000000ac 0 0 0 0 0 0 0 0 1 0 0 000000b0 0 0 000000ac 0 0 1 0
R 127 23 000000ac 0000006f 0
C 128 000000ac 0 0 0 0 0 0 0 0 1 0 0 000000b0 0 0 000000ac 1 0 0 0
C 129 000000ac 0 0 0 0 0 0 0 0 1 0 0 000000b0 0 0 000000ac 1 1 0 0
C 130 000000ac 0 0 0 0 0 0 0 0 1 0 0 000000b0 0 0 000000ac 0 0 1 0
C 131 000000ac 1 0 0 0 0 0 0 1 1 0 0 000000b0 0 0 000000b0 1 0 0 1
C 132 000000ac 0 0 0 0 0 0 0 0 1 0 0 000000b0 0 0 000000ac 1 1 0 0
C 133 000000ac 0 0 0 0 0 0 0 0 1 0 0 000000b0 0 0 000000ac 0 0 1 0
R 133 24 000000ac 0000006f 0
C 134 000000ac 0 0 0 0 0 0 0 0 1 0 0 000000b0 0 0 000000ac 1 0 0 0
C 135 000000ac 0 0 0 0 0 0 0 0 1 0 0 000000b0 0 0 000000ac 1 1 0 0
C 136 000000ac 0 0 0 0 0 0 0 0 1 0 0 000000b0 0 0 000000ac 0 0 1 0
C 137 000000ac 1 0 0 0 0 0 0 1 1 0 0 000000b0 0 0 000000b0 1 0 0 1
C 138 000000ac 0 0 0 0 0 0 0 0 1 0 0 000000b0 0 0 000000ac 1 1 0 0
C 139 000000ac 0 0 0 0 0 0 0 0 1 0 0 000000b0 0 0 000000ac 0 0 1 0
R 139 25 000000ac 0000006f 0
C 140 000000ac 0 0 0 0 0 0 0 0 1 0 0 000000b0 0 0 000000ac 1 0 0 0
C 141 000000ac 0 0 0 0 0 0 0 0 1 0 0 000000b0 0 0 000000ac 1 1 0 0
C 142 000000ac 0 0 0 0 0 0 0 0 1 0 0 000000b0 0 0 000000ac 0 0 1 0
C 143 000000ac 1 0 0 0 0 0 0 1 1 0 0 000000b0 0 0 000000b0 1 0 0 1
C 144 000000ac 0 0 0 0 0 0 0 0 1 0 0 000000b0 0 0 000000ac 1 1 0 0
C 145 000000ac 0 0 0 0 0 0 0 0 1 0 0 000000b0 0 0 000000ac 0 0 1 0
R 145 26 000000ac 0000006f 0
C 146 000000ac 0 0 0 0 0 0 0 0 1 0 0 000000b0 0 0 000000ac 1 0 0 0
C 147 000000ac 0 0 0 0 0 0 0 0 1 0 0 000000b0 0 0 000000ac 1 1 0 0
C 148 000000ac 0 0 0 0 0 0 0 0 1 0 0 000000b0 0 0 000000ac 0 0 1 0
C 149 000000ac 1 0 0 0 0 0 0 1 1 0 0 000000b0 0 0 000000b0 1 0 0 1
C 150 000000ac 0 0 0 0 0 0 0 0 1 0 0 000000b0 0 0 000000ac 1 1 0 0
C 151 000000ac 0 0 0 0 0 0 0 0 1 0 0 000000b0 0 0 000000ac 0 0 1 0
R 151 27 000000ac 0000006f 0
C 152 000000ac 0 0 0 0 0 0 0 0 1 0 0 000000b0 0 0 000000ac 1 0 0 0
C 153 000000ac 0 0 0 0 0 0 0 0 1 0 0 000000b0 0 0 000000ac 1 1 0 0
C 154 000000ac 0 0 0 0 0 0 0 0 1 0 0 000000b0 0 0 000000ac 0 0 1 0
C 155 000000ac 1 0 0 0 0 0 0 1 1 0 0 000000b0 0 0 000000b0 1 0 0 1
C 156 000000ac 0 0 0 0 0 0 0 0 1 0 0 000000b0 0 0 000000ac 1 1 0 0
C 157 000000ac 0 0 0 0 0 0 0 0 1 0 0 000000b0 0 0 000000ac 0 0 1 0
R 157 28 000000ac 0000006f 0
C 158 000000ac 0 0 0 0 0 0 0 0 1 0 0 000000b0 0 0 000000ac 1 0 0 0
C 159 000000ac 0 0 0 0 0 0 0 0 1 0 0 000000b0 0 0 000000ac 1 1 0 0
C 160 000000ac 0 0 0 0 0 0 0 0 1 0 0 000000b0 0 0 000000ac 0 0 1 0
C 161 000000ac 1 0 0 0 0 0 0 1 1 0 0 000000b0 0 0 000000b0 1 0 0 1
C 162 000000ac 0 0 0 0 0 0 0 0 1 0 0 000000b0 0 0 000000ac 1 1 0 0
C 163 000000ac 0 0 0 0 0 0 0 0 1 0 0 000000b0 0 0 000000ac 0 0 1 0
R 163 29 000000ac 0000006f 0
C 164 000000ac 0 0 0 0 0 0 0 0 1 0 0 000000b0 0 0 000000ac 1 0 0 0
C 165 000000ac 0 0 0 0 0 0 0 0 1 0 0 000000b0 0 0 000000ac 1 1 0 0
C 166 000000ac 0 0 0 0 0 0 0 0 1 0 0 000000b0 0 0 000000ac 0 0 1 0
C 167 000000ac 1 0 0 0 0 0 0 1 1 0 0 000000b0 0 0 000000b0 1 0 0 1
C 168 000000ac 0 0 0 0 0 0 0 0 1 0 0 000000b0 0 0 000000ac 1 1 0 0
C 169 000000ac 0 0 0 0 0 0 0 0 1 0 0 000000b0 0 0 000000ac 0 0 1 0
R 169 30 000000ac 0000006f 0
C 170 000000ac 0 0 0 0 0 0 0 0 1 0 0 000000b0 0 0 000000ac 1 0 0 0
C 171 000000ac 0 0 0 0 0 0 0 0 1 0 0 000000b0 0 0 000000ac 1 1 0 0
C 172 000000ac 0 0 0 0 0 0 0 0 1 0 0 000000b0 0 0 000000ac 0 0 1 0
C 173 000000ac 1 0 0 0 0 0 0 1 1 0 0 000000b0 0 0 000000b0 1 0 0 1
C 174 000000ac 0 0 0 0 0 0 0 0 1 0 0 000000b0 0 0 000000ac 1 1 0 0
C 175 000000ac 0 0 0 0 0 0 0 0 1 0 0 000000b0 0 0 000000ac 0 0 1 0
R 175 31 000000ac 0000006f 0
C 176 000000ac 0 0 0 0 0 0 0 0 1 0 0 000000b0 0 0 000000ac 1 0 0 0
C 177 000000ac 0 0 0 0 0 0 0 0 1 0 0 000000b0 0 0 000000ac 1 1 0 0
C 178 000000ac 0 0 0 0 0 0 0 0 1 0 0 000000b0 0 0 000000ac 0 0 1 0
C 179 000000ac 1 0 0 0 0 0 0 1 1 0 0 000000b0 0 0 000000b0 1 0 0 1
C 180 000000ac 0 0 0 0 0 0 0 0 1 0 0 000000b0 0 0 000000ac 1 1 0 0
C 181 000000ac 0 0 0 0 0 0 0 0 1 0 0 000000b0 0 0 000000ac 0 0 1 0
R 181 32 000000ac 0000006f 0
C 182 000000ac 0 0 0 0 0 0 0 0 1 0 0 000000b0 0 0 000000ac 1 0 0 0
C 183 000000ac 0 0 0 0 0 0 0 0 1 0 0 000000b0 0 0 000000ac 1 1 0 0
C 184 000000ac 0 0 0 0 0 0 0 0 1 0 0 000000b0 0 0 000000ac 0 0 1 0
C 185 000000ac 1 0 0 0 0 0 0 1 1 0 0 000000b0 0 0 000000b0 1 0 0 1
C 186 000000ac 0 0 0 0 0 0 0 0 1 0 0 000000b0 0 0 000000ac 1 1 0 0
C 187 000000ac 0 0 0 0 0 0 0 0 1 0 0 000000b0 0 0 000000ac 0 0 1 0
R 187 33 000000ac 0000006f 0
C 188 000000ac 0 0 0 0 0 0 0 0 1 0 0 000000b0 0 0 000000ac 1 0 0 0
C 189 000000ac 0 0 0 0 0 0 0 0 1 0 0 000000b0 0 0 000000ac 1 1 0 0
C 190 000000ac 0 0 0 0 0 0 0 0 1 0 0 000000b0 0 0 000000ac 0 0 1 0
C 191 000000ac 1 0 0 0 0 0 0 1 1 0 0 000000b0 0 0 000000b0 1 0 0 1
C 192 000000ac 0 0 0 0 0 0 0 0 1 0 0 000000b0 0 0 000000ac 1 1 0 0
C 193 000000ac 0 0 0 0 0 0 0 0 1 0 0 000000b0 0 0 000000ac 0 0 1 0
R 193 34 000000ac 0000006f 0
C 194 000000ac 0 0 0 0 0 0 0 0 1 0 0 000000b0 0 0 000000ac 1 0 0 0
C 195 000000ac 0 0 0 0 0 0 0 0 1 0 0 000000b0 0 0 000000ac 1 1 0 0
C 196 000000ac 0 0 0 0 0 0 0 0 1 0 0 000000b0 0 0 000000ac 0 0 1 0
C 197 000000ac 1 0 0 0 0 0 0 1 1 0 0 000000b0 0 0 000000b0 1 0 0 1
C 198 000000ac 0 0 0 0 0 0 0 0 1 0 0 000000b0 0 0 000000ac 1 1 0 0
C 199 000000ac 0 0 0 0 0 0 0 0 1 0 0 000000b0 0 0 000000ac 0 0 1 0
R 199 35 000000ac 0000006f 0
C 200 000000ac 0 0 0 0 0 0 0 0 1 0 0 000000b0 0 0 000000ac 1 0 0 0
C 201 000000ac 0 0 0 0 0 0 0 0 1 0 0 000000b0 0 0 000000ac 1 1 0 0
C 202 000000ac 0 0 0 0 0 0 0 0 1 0 0 000000b0 0 0 000000ac 0 0 1 0
C 203 000000ac 1 0 0 0 0 0 0 1 1 0 0 000000b0 0 0 000000b0 1 0 0 1
C 204 000000ac 0 0 0 0 0 0 0 0 1 0 0 000000b0 0 0 000000ac 1 1 0 0
C 205 000000ac 0 0 0 0 0 0 0 0 1 0 0 000000b0 0 0 000000ac 0 0 1 0
R 205 36 000000ac 0000006f 0
C 206 000000ac 0 0 0 0 0 0 0 0 1 0 0 000000b0 0 0 000000ac 1 0 0 0
C 207 000000ac 0 0 0 0 0 0 0 0 1 0 0 000000b0 0 0 000000ac 1 1 0 0
C 208 000000ac 0 0 0 0 0 0 0 0 1 0 0 000000b0 0 0 000000ac 0 0 1 0
C 209 000000ac 1 0 0 0 0 0 0 1 1 0 0 000000b0 0 0 000000b0 1 0 0 1
C 210 000000ac 0 0 0 0 0 0 0 0 1 0 0 000000b0 0 0 000000ac 1 1 0 0
C 211 000000ac 0 0 0 0 0 0 0 0 1 0 0 000000b0 0 0 000000ac 0 0 1 0
R 211 37 000000ac 0000006f 0
C 212 000000ac 0 0 0 0 0 0 0 0 1 0 0 000000b0 0 0 000000ac 1 0 0 0
C 213 000000ac 0 0 0 0 0 0 0 0 1 0 0 000000b0 0 0 000000ac 1 1 0 0
C 214 000000ac 0 0 0 0 0 0 0 0 1 0 0 000000b0 0 0 000000ac 0 0 1 0
C 215 000000ac 1 0 0 0 0 0 0 1 1 0 0 000000b0 0 0 000000b0 1 0 0 1
C 216 000000ac 0 0 0 0 0 0 0 0 1 0 0 000000b0 0 0 000000ac 1 1 0 0
C 217 000000ac 0 0 0 0 0 0 0 0 1 0 0 000000b0 0 0 000000ac 0 0 1 0
R 217 38 000000ac 0000006f 0
C 218 000000ac 0 0 0 0 0 0 0 0 1 0 0 000000b0 0 0 000000ac 1 0 0 0
C 219 000000ac 0 0 0 0 0 0 0 0 1 0 0 000000b0 0 0 000000ac 1 1 0 0
C 220 000000ac 0 0 0 0 0 0 0 0 1 0 0 000000b0 0 0 000000ac 0 0 1 0
C 221 000000ac 1 0 0 0 0 0 0 1 1 0 0 000000b0 0 0 000000b0 1 0 0 1
C 222 000000ac 0 0 0 0 0 0 0 0 1 0 0 000000b0 0 0 000000ac 1 1 0 0
C 223 000000ac 0 0 0 0 0 0 0 0 1 0 0 000000b0 0 0 000000ac 0 0 1 0
R 223 39 000000ac 0000006f 0
C 224 000000ac 0 0 0 0 0 0 0 0 1 0 0 000000b0 0 0 000000ac 1 0 0 0
C 225 000000ac 0 0 0 0 0 0 0 0 1 0 0 000000b0 0 0 000000ac 1 1 0 0
C 226 000000ac 0 0 0 0 0 0 0 0 1 0 0 000000b0 0 0 000000ac 0 0 1 0
C 227 000000ac 1 0 0 0 0 0 0 1 1 0 0 000000b0 0 0 000000b0 1 0 0 1
C 228 000000ac 0 0 0 0 0 0 0 0 1 0 0 000000b0 0 0 000000ac 1 1 0 0
C 229 000000ac 0 0 0 0 0 0 0 0 1 0 0 000000b0 0 0 000000ac 0 0 1 0
R 229 40 000000ac 0000006f 0
C 230 000000ac 0 0 0 0 0 0 0 0 1 0 0 000000b0 0 0 000000ac 1 0 0 0
C 231 000000ac 0 0 0 0 0 0 0 0 1 0 0 000000b0 0 0 000000ac 1 1 0 0
C 232 000000ac 0 0 0 0 0 0 0 0 1 0 0 000000b0 0 0 000000ac 0 0 1 0
C 233 000000ac 1 0 0 0 0 0 0 1 1 0 0 000000b0 0 0 000000b0 1 0 0 1
C 234 000000ac 0 0 0 0 0 0 0 0 1 0 0 000000b0 0 0 000000ac 1 1 0 0
C 235 000000ac 0 0 0 0 0 0 0 0 1 0 0 000000b0 0 0 000000ac 0 0 1 0
R 235 41 000000ac 0000006f 0
C 236 000000ac 0 0 0 0 0 0 0 0 1 0 0 000000b0 0 0 000000ac 1 0 0 0
C 237 000000ac 0 0 0 0 0 0 0 0 1 0 0 000000b0 0 0 000000ac 1 1 0 0
C 238 000000ac 0 0 0 0 0 0 0 0 1 0 0 000000b0 0 0 000000ac 0 0 1 0
C 239 000000ac 1 0 0 0 0 0 0 1 1 0 0 000000b0 0 0 000000b0 1 0 0 1
C 240 000000ac 0 0 0 0 0 0 0 0 1 0 0 000000b0 0 0 000000ac 1 1 0 0
C 241 000000ac 0 0 0 0 0 0 0 0 1 0 0 000000b0 0 0 000000ac 0 0 1 0
R 241 42 000000ac 0000006f 0
C 242 000000ac 0 0 0 0 0 0 0 0 1 0 0 000000b0 0 0 000000ac 1 0 0 0
C 243 000000ac 0 0 0 0 0 0 0 0 1 0 0 000000b0 0 0 000000ac 1 1 0 0
C 244 000000ac 0 0 0 0 0 0 0 0 1 0 0 000000b0 0 0 000000ac 0 0 1 0
C 245 000000ac 1 0 0 0 0 0 0 1 1 0 0 000000b0 0 0 000000b0 1 0 0 1
C 246 000000ac 0 0 0 0 0 0 0 0 1 0 0 000000b0 0 0 000000ac 1 1 0 0
C 247 000000ac 0 0 0 0 0 0 0 0 1 0 0 000000b0 0 0 000000ac 0 0 1 0
R 247 43 000000ac 0000006f 0
C 248 000000ac 0 0 0 0 0 0 0 0 1 0 0 000000b0 0 0 000000ac 1 0 0 0
C 249 000000ac 0 0 0 0 0 0 0 0 1 0 0 000000b0 0 0 000000ac 1 1 0 0
C 250 000000ac 0 0 0 0 0 0 0 0 1 0 0 000000b0 0 0 000000ac 0 0 1 0
C 251 000000ac 1 0 0 0 0 0 0 1 1 0 0 000000b0 0 0 000000b0 1 0 0 1
C 252 000000ac 0 0 0 0 0 0 0 0 1 0 0 000000b0 0 0 000000ac 1 1 0 0
C 253 000000ac 0 0 0 0 0 0 0 0 1 0 0 000000b0 0 0 000000ac 0 0 1 0
R 253 44 000000ac 0000006f 0
C 254 000000ac 0 0 0 0 0 0 0 0 1 0 0 000000b0 0 0 000000ac 1 0 0 0
C 255 000000ac 0 0 0 0 0 0 0 0 1 0 0 000000b0 0 0 000000ac 1 1 0 0
C 256 000000ac 0 0 0 0 0 0 0 0 1 0 0 000000b0 0 0 000000ac 0 0 1 0
C 257 000000ac 1 0 0 0 0 0 0 1 1 0 0 000000b0 0 0 000000b0 1 0 0 1
C 258 000000ac 0 0 0 0 0 0 0 0 1 0 0 000000b0 0 0 000000ac 1 1 0 0
C 259 000000ac 0 0 0 0 0 0 0 0 1 0 0 000000b0 0 0 000000ac 0 0 1 0
R 259 45 000000ac 0000006f 0
C 260 000000ac 0 0 0 0 0 0 0 0 1 0 0 000000b0 0 0 000000ac 1 0 0 0
C 261 000000ac 0 0 0 0 0 0 0 0 1 0 0 000000b0 0 0 000000ac 1 1 0 0
C 262 000000ac 0 0 0 0 0 0 0 0 1 0 0 000000b0 0 0 000000ac 0 0 1 0
C 263 000000ac 1 0 0 0 0 0 0 1 1 0 0 000000b0 0 0 000000b0 1 0 0 1
C 264 000000ac 0 0 0 0 0 0 0 0 1 0 0 000000b0 0 0 000000ac 1 1 0 0
C 265 000000ac 0 0 0 0 0 0 0 0 1 0 0 000000b0 0 0 000000ac 0 0 1 0
R 265 46 000000ac 0000006f 0
C 266 000000ac 0 0 0 0 0 0 0 0 1 0 0 000000b0 0 0 000000ac 1 0 0 0
C 267 000000ac 0 0 0 0 0 0 0 0 1 0 0 000000b0 0 0 000000ac 1 1 0 0
C 268 000000ac 0 0 0 0 0 0 0 0 1 0 0 000000b0 0 0 000000ac 0 0 1 0
C 269 000000ac 1 0 0 0 0 0 0 1 1 0 0 000000b0 0 0 000000b0 1 0 0 1
C 270 000000ac 0 0 0 0 0 0 0 0 1 0 0 000000b0 0 0 000000ac 1 1 0 0
C 271 000000ac 0 0 0 0 0 0 0 0 1 0 0 000000b0 0 0 000000ac 0 0 1 0
R 271 47 000000ac 0000006f 0
C 272 000000ac 0 0 0 0 0 0 0 0 1 0 0 000000b0 0 0 000000ac 1 0 0 0
C 273 000000ac 0 0 0 0 0 0 0 0 1 0 0 000000b0 0 0 000000ac 1 1 0 0
C 274 000000ac 0 0 0 0 0 0 0 0 1 0 0 000000b0 0 0 000000ac 0 0 1 0
C 275 000000ac 1 0 0 0 0 0 0 1 1 0 0 000000b0 0 0 000000b0 1 0 0 1
C 276 000000ac 0 0 0 0 0 0 0 0 1 0 0 000000b0 0 0 000000ac 1 1 0 0
C 277 000000ac 0 0 0 0 0 0 0 0 1 0 0 000000b0 0 0 000000ac 0 0 1 0
R 277 48 000000ac 0000006f 0
C 278 000000ac 0 0 0 0 0 0 0 0 1 0 0 000000b0 0 0 000000ac 1 0 0 0
C 279 000000ac 0 0 0 0 0 0 0 0 1 0 0 000000b0 0 0 000000ac 1 1 0 0
C 280 000000ac 0 0 0 0 0 0 0 0 1 0 0 000000b0 0 0 000000ac 0 0 1 0
C 281 000000ac 1 0 0 0 0 0 0 1 1 0 0 000000b0 0 0 000000b0 1 0 0 1
C 282 000000ac 0 0 0 0 0 0 0 0 1 0 0 000000b0 0 0 000000ac 1 1 0 0
C 283 000000ac 0 0 0 0 0 0 0 0 1 0 0 000000b0 0 0 000000ac 0 0 1 0
R 283 49 000000ac 0000006f 0
C 284 000000ac 0 0 0 0 0 0 0 0 1 0 0 000000b0 0 0 000000ac 1 0 0 0
C 285 000000ac 0 0 0 0 0 0 0 0 1 0 0 000000b0 0 0 000000ac 1 1 0 0
C 286 000000ac 0 0 0 0 0 0 0 0 1 0 0 000000b0 0 0 000000ac 0 0 1 0
C 287 000000ac 1 0 0 0 0 0 0 1 1 0 0 000000b0 0 0 000000b0 1 0 0 1
C 288 000000ac 0 0 0 0 0 0 0 0 1 0 0 000000b0 0 0 000000ac 1 1 0 0
C 289 000000ac 0 0 0 0 0 0 0 0 1 0 0 000000b0 0 0 000000ac 0 0 1 0
R 289 50 000000ac 0000006f 0
C 290 000000ac 0 0 0 0 0 0 0 0 1 0 0 000000b0 0 0 000000ac 1 0 0 0
C 291 000000ac 0 0 0 0 0 0 0 0 1 0 0 000000b0 0 0 000000ac 1 1 0 0
C 292 000000ac 0 0 0 0 0 0 0 0 1 0 0 000000b0 0 0 000000ac 0 0 1 0
C 293 000000ac 1 0 0 0 0 0 0 1 1 0 0 000000b0 0 0 000000b0 1 0 0 1
C 294 000000ac 0 0 0 0 0 0 0 0 1 0 0 000000b0 0 0 000000ac 1 1 0 0
C 295 000000ac 0 0 0 0 0 0 0 0 1 0 0 000000b0 0 0 000000ac 0 0 1 0
R 295 51 000000ac 0000006f 0
C 296 000000ac 0 0 0 0 0 0 0 0 1 0 0 000000b0 0 0 000000ac 1 0 0 0
C 297 000000ac 0 0 0 0 0 0 0 0 1 0 0 000000b0 0 0 000000ac 1 1 0 0
C 298 000000ac 0 0 0 0 0 0 0 0 1 0 0 000000b0 0 0 000000ac 0 0 1 0
C 299 000000ac 1 0 0 0 0 0 0 1 1 0 0 000000b0 0 0 000000b0 1 0 0 1
C 300 000000ac 0 0 0 0 0 0 0 0 1 0 0 000000b0 0 0 000000ac 1 1 0 0
C 301 000000ac 0 0 0 0 0 0 0 0 1 0 0 000000b0 0 0 000000ac 0 0 1 0
R 301 52 000000ac 0000006f 0
C 302 000000ac 0 0 0 0 0 0 0 0 1 0 0 000000b0 0 0 000000ac 1 0 0 0
C 303 000000ac 0 0 0 0 0 0 0 0 1 0 0 000000b0 0 0 000000ac 1 1 0 0
C 304 000000ac 0 0 0 0 0 0 0 0 1 0 0 000000b0 0 0 000000ac 0 0 1 0
C 305 000000ac 1 0 0 0 0 0 0 1 1 0 0 000000b0 0 0 000000b0 1 0 0 1
C 306 000000ac 0 0 0 0 0 0 0 0 1 0 0 000000b0 0 0 000000ac 1 1 0 0
C 307 000000ac 0 0 0 0 0 0 0 0 1 0 0 000000b0 0 0 000000ac 0 0 1 0
R 307 53 000000ac 0000006f 0
C 308 000000ac 0 0 0 0 0 0 0 0 1 0 0 000000b0 0 0 000000ac 1 0 0 0
C 309 000000ac 0 0 0 0 0 0 0 0 1 0 0 000000b0 0 0 000000ac 1 1 0 0
C 310 000000ac 0 0 0 0 0 0 0 0 1 0 0 000000b0 0 0 000000ac 0 0 1 0
C 311 000000ac 1 0 0 0 0 0 0 1 1 0 0 000000b0 0 0 000000b0 1 0 0 1
C 312 000000ac 0 0 0 0 0 0 0 0 1 0 0 000000b0 0 0 000000ac 1 1 0 0
C 313 000000ac 0 0 0 0 0 0 0 0 1 0 0 000000b0 0 0 000000ac 0 0 1 0
R 313 54 000000ac 0000006f 0
C 314 000000ac 0 0 0 0 0 0 0 0 1 0 0 000000b0 0 0 000000ac 1 0 0 0
C 315 000000ac 0 0 0 0 0 0 0 0 1 0 0 000000b0 0 0 000000ac 1 1 0 0
C 316 000000ac 0 0 0 0 0 0 0 0 1 0 0 000000b0 0 0 000000ac 0 0 1 0
C 317 000000ac 1 0 0 0 0 0 0 1 1 0 0 000000b0 0 0 000000b0 1 0 0 1
C 318 000000ac 0 0 0 0 0 0 0 0 1 0 0 000000b0 0 0 000000ac 1 1 0 0
C 319 000000ac 0 0 0 0 0 0 0 0 1 0 0 000000b0 0 0 000000ac 0 0 1 0
R 319 55 000000ac 0000006f 0
C 320 000000ac 0 0 0 0 0 0 0 0 1 0 0 000000b0 0 0 000000ac 1 0 0 0
C 321 000000ac 0 0 0 0 0 0 0 0 1 0 0 000000b0 0 0 000000ac 1 1 0 0
C 322 000000ac 0 0 0 0 0 0 0 0 1 0 0 000000b0 0 0 000000ac 0 0 1 0
C 323 000000ac 1 0 0 0 0 0 0 1 1 0 0 000000b0 0 0 000000b0 1 0 0 1
C 324 000000ac 0 0 0 0 0 0 0 0 1 0 0 000000b0 0 0 000000ac 1 1 0 0
C 325 000000ac 0 0 0 0 0 0 0 0 1 0 0 000000b0 0 0 000000ac 0 0 1 0
R 325 56 000000ac 0000006f 0
C 326 000000ac 0 0 0 0 0 0 0 0 1 0 0 000000b0 0 0 000000ac 1 0 0 0
C 327 000000ac 0 0 0 0 0 0 0 0 1 0 0 000000b0 0 0 000000ac 1 1 0 0
C 328 000000ac 0 0 0 0 0 0 0 0 1 0 0 000000b0 0 0 000000ac 0 0 1 0
C 329 000000ac 1 0 0 0 0 0 0 1 1 0 0 000000b0 0 0 000000b0 1 0 0 1
C 330 000000ac 0 0 0 0 0 0 0 0 1 0 0 000000b0 0 0 000000ac 1 1 0 0
C 331 000000ac 0 0 0 0 0 0 0 0 1 0 0 000000b0 0 0 000000ac 0 0 1 0
R 331 57 000000ac 0000006f 0
C 332 000000ac 0 0 0 0 0 0 0 0 1 0 0 000000b0 0 0 000000ac 1 0 0 0
C 333 000000ac 0 0 0 0 0 0 0 0 1 0 0 000000b0 0 0 000000ac 1 1 0 0
C 334 000000ac 0 0 0 0 0 0 0 0 1 0 0 000000b0 0 0 000000ac 0 0 1 0
C 335 000000ac 1 0 0 0 0 0 0 1 1 0 0 000000b0 0 0 000000b0 1 0 0 1
C 336 000000ac 0 0 0 0 0 0 0 0 1 0 0 000000b0 0 0 000000ac 1 1 0 0
C 337 000000ac 0 0 0 0 0 0 0 0 1 0 0 000000b0 0 0 000000ac 0 0 1 0
R 337 58 000000ac 0000006f 0
C 338 000000ac 0 0 0 0 0 0 0 0 1 0 0 000000b0 0 0 000000ac 1 0 0 0
C 339 000000ac 0 0 0 0 0 0 0 0 1 0 0 000000b0 0 0 000000ac 1 1 0 0
C 340 000000ac 0 0 0 0 0 0 0 0 1 0 0 000000b0 0 0 000000ac 0 0 1 0
C 341 000000ac 1 0 0 0 0 0 0 1 1 0 0 000000b0 0 0 000000b0 1 0 0 1
C 342 000000ac 0 0 0 0 0 0 0 0 1 0 0 000000b0 0 0 000000ac 1 1 0 0
C 343 000000ac 0 0 0 0 0 0 0 0 1 0 0 000000b0 0 0 000000ac 0 0 1 0
R 343 59 000000ac 0000006f 0
C 344 000000ac 0 0 0 0 0 0 0 0 1 0 0 000000b0 0 0 000000ac 1 0 0 0
C 345 000000ac 0 0 0 0 0 0 0 0 1 0 0 000000b0 0 0 000000ac 1 1 0 0
C 346 000000ac 0 0 0 0 0 0 0 0 1 0 0 000000b0 0 0 000000ac 0 0 1 0
C 347 000000ac 1 0 0 0 0 0 0 1 1 0 0 000000b0 0 0 000000b0 1 0 0 1
C 348 000000ac 0 0 0 0 0 0 0 0 1 0 0 000000b0 0 0 000000ac 1 1 0 0
C 349 000000ac 0 0 0 0 0 0 0 0 1 0 0 000000b0 0 0 000000ac 0 0 1 0
R 349 60 000000ac 0000006f 0
C 350 000000ac 0 0 0 0 0 0 0 0 1 0 0 000000b0 0 0 000000ac 1 0 0 0
C 351 000000ac 0 0 0 0 0 0 0 0 1 0 0 000000b0 0 0 000000ac 1 1 0 0
C 352 000000ac 0 0 0 0 0 0 0 0 1 0 0 000000b0 0 0 000000ac 0 0 1 0
C 353 000000ac 1 0 0 0 0 0 0 1 1 0 0 000000b0 0 0 000000b0 1 0 0 1
C 354 000000ac 0 0 0 0 0 0 0 0 1 0 0 000000b0 0 0 000000ac 1 1 0 0
C 355 000000ac 0 0 0 0 0 0 0 0 1 0 0 000000b0 0 0 000000ac 0 0 1 0
R 355 61 000000ac 0000006f 0
C 356 000000ac 0 0 0 0 0 0 0 0 1 0 0 000000b0 0 0 000000ac 1 0 0 0
C 357 000000ac 0 0 0 0 0 0 0 0 1 0 0 000000b0 0 0 000000ac 1 1 0 0
C 358 000000ac 0 0 0 0 0 0 0 0 1 0 0 000000b0 0 0 000000ac 0 0 1 0
C 359 000000ac 1 0 0 0 0 0 0 1 1 0 0 000000b0 0 0 000000b0 1 0 0 1
C 360 000000ac 0 0 0 0 0 0 0 0 1 0 0 000000b0 0 0 000000ac 1 1 0 0
C 361 000000ac 0 0 0 0 0 0 0 0 1 0 0 000000b0 0 0 000000ac 0 0 1 0
R 361 62 000000ac 0000006f 0
C 362 000000ac 0 0 0 0 0 0 0 0 1 0 0 000000b0 0 0 000000ac 1 0 0 0
C 363 000000ac 0 0 0 0 0 0 0 0 1 0 0 000000b0 0 0 000000ac 1 1 0 0
C 364 000000ac 0 0 0 0 0 0 0 0 1 0 0 000000b0 0 0 000000ac 0 0 1 0
C 365 000000ac 1 0 0 0 0 0 0 1 1 0 0 000000b0 0 0 000000b0 1 0 0 1
C 366 000000ac 0 0 0 0 0 0 0 0 1 0 0 000000b0 0 0 000000ac 1 1 0 0
C 367 000000ac 0 0 0 0 0 0 0 0 1 0 0 000000b0 0 0 000000ac 0 0 1 0
R 367 63 000000ac 0000006f 0
C 368 000000ac 0 0 0 0 0 0 0 0 1 0 0 000000b0 0 0 000000ac 1 0 0 0
C 369 000000ac 0 0 0 0 0 0 0 0 1 0 0 000000b0 0 0 000000ac 1 1 0 0
C 370 000000ac 0 0 0 0 0 0 0 0 1 0 0 000000b0 0 0 000000ac 0 0 1 0
C 371 000000ac 1 0 0 0 0 0 0 1 1 0 0 000000b0 0 0 000000b0 1 0 0 1
C 372 000000ac 0 0 0 0 0 0 0 0 1 0 0 000000b0 0 0 000000ac 1 1 0 0
C 373 000000ac 0 0 0 0 0 0 0 0 1 0 0 000000b0 0 0 000000ac 0 0 1 0
R 373 64 000000ac 0000006f 0
C 374 000000ac 0 0 0 0 0 0 0 0 1 0 0 000000b0 0 0 000000ac 1 0 0 0
C 375 000000ac 0 0 0 0 0 0 0 0 1 0 0 000000b0 0 0 000000ac 1 1 0 0
C 376 000000ac 0 0 0 0 0 0 0 0 1 0 0 000000b0 0 0 000000ac 0 0 1 0
C 377 000000ac 1 0 0 0 0 0 0 1 1 0 0 000000b0 0 0 000000b0 1 0 0 1
C 378 000000ac 0 0 0 0 0 0 0 0 1 0 0 000000b0 0 0 000000ac 1 1 0 0
C 379 000000ac 0 0 0 0 0 0 0 0 1 0 0 000000b0 0 0 000000ac 0 0 1 0
R 379 65 000000ac 0000006f 0
C 380 000000ac 0 0 0 0 0 0 0 0 1 0 0 000000b0 0 0 000000ac 1 0 0 0
C 381 000000ac 0 0 0 0 0 0 0 0 1 0 0 000000b0 0 0 000000ac 1 1 0 0
C 382 000000ac 0 0 0 0 0 0 0 0 1 0 0 000000b0 0 0 000000ac 0 0 1 0
C 383 000000ac 1 0 0 0 0 0 0 1 1 0 0 000000b0 0 0 000000b0 1 0 0 1
C 384 000000ac 0 0 0 0 0 0 0 0 1 0 0 000000b0 0 0 000000ac 1 1 0 0
C 385 000000ac 0 0 0 0 0 0 0 0 1 0 0 000000b0 0 0 000000ac 0 0 1 0
R 385 66 000000ac 0000006f 0
C 386 000000ac 0 0 0 0 0 0 0 0 1 0 0 000000b0 0 0 000000ac 1 0 0 0
C 387 000000ac 0 0 0 0 0 0 0 0 1 0 0 000000b0 0 0 000000ac 1 1 0 0
C 388 000000ac 0 0 0 0 0 0 0 0 1 0 0 000000b0 0 0 000000ac 0 0 1 0
C 389 000000ac 1 0 0 0 0 0 0 1 1 0 0 000000b0 0 0 000000b0 1 0 0 1
C 390 000000ac 0 0 0 0 0 0 0 0 1 0 0 000000b0 0 0 000000ac 1 1 0 0
C 391 000000ac 0 0 0 0 0 0 0 0 1 0 0 000000b0 0 0 000000ac 0 0 1 0
R 391 67 000000ac 0000006f 0
C 392 000000ac 0 0 0 0 0 0 0 0 1 0 0 000000b0 0 0 000000ac 1 0 0 0
C 393 000000ac 0 0 0 0 0 0 0 0 1 0 0 000000b0 0 0 000000ac 1 1 0 0
C 394 000000ac 0 0 0 0 0 0 0 0 1 0 0 000000b0 0 0 000000ac 0 0 1 0
C 395 000000ac 1 0 0 0 0 0 0 1 1 0 0 000000b0 0 0 000000b0 1 0 0 1
C 396 000000ac 0 0 0 0 0 0 0 0 1 0 0 000000b0 0 0 000000ac 1 1 0 0
C 397 000000ac 0 0 0 0 0 0 0 0 1 0 0 000000b0 0 0 000000ac 0 0 1 0
R 397 68 000000ac 0000006f 0
C 398 000000ac 0 0 0 0 0 0 0 0 1 0 0 000000b0 0 0 000000ac 1 0 0 0
C 399 000000ac 0 0 0 0 0 0 0 0 1 0 0 000000b0 0 0 000000ac 1 1 0 0
REG 0 00000000
REG 1 00000001
REG 2 00000002
REG 3 00000098
REG 4 000000a8
REG 5 000000a4
REG 6 00000000
REG 7 00000000
REG 8 00000000
REG 9 00000000
REG 10 00000000
REG 11 00000000
REG 12 00000000
REG 13 00000000
REG 14 00000000
REG 15 00000000
REG 16 00000000
REG 17 00000000
REG 18 00000000
REG 19 00000000
REG 20 00000000
REG 21 00000000
REG 22 00000000
REG 23 00000000
REG 24 00000000
REG 25 00000000
REG 26 00000000
REG 27 00000000
REG 28 00000000
REG 29 00000000
REG 30 00000000
REG 31 0000007b
MEM 00000200 44332211
MEM 00000204 44332211
MEM 00000208 44332211
MEM 0000020c 44332211
MEM 00000210 44332211
FINISH
- /home/dungpc/ndmoney4porche/projects/ibex/doc/dungpc/microarchitecture/scripts/core_tb.sv:116: Verilog $finish
