CONFIG WB=0 BT=0 M=1 latency=1 ilatency=1 grant_period=1
C 0 00000000 0 0 0 0 0 0 0 0 1 0 0 00000000 0 0 00000080 0 0 0 1
C 1 00000000 0 0 0 0 0 0 0 0 1 0 0 00000000 0 0 00000080 1 1 0 1
C 2 00000000 0 0 0 0 0 0 0 0 1 0 0 00000000 0 0 00000080 1 1 1 0
C 3 00000080 1 0 0 0 0 0 0 1 1 0 0 00000000 0 0 00000084 1 1 1 0
W 3 1 00000001
C 4 00000084 1 0 0 0 0 0 0 1 1 0 0 00000000 0 0 00000088 1 1 1 0
R 4 1 00000080 00100093 0
C 5 00000088 1 0 0 0 0 0 0 1 1 0 0 00000000 0 0 0000008c 1 1 1 0
W 5 2 00000002
R 5 2 00000084 00008463 0
C 6 0000008c 1 0 0 0 0 1 0 0 1 0 0 00000000 0 0 00000090 1 1 1 0
R 6 3 00000088 00200113 0
C 7 0000008c 1 1 0 0 0 0 0 1 1 0 0 00000094 0 0 00000090 1 1 1 1
C 8 0000008c 0 0 0 0 0 0 0 0 1 0 0 00000094 0 0 00000094 1 1 1 0
R 8 4 0000008c 00108463 0
C 9 00000094 1 0 0 0 0 0 1 0 1 0 0 0000009c 0 0 00000098 1 1 1 1
C 10 00000094 1 1 0 0 0 0 0 1 1 0 0 00000098 0 0 0000009c 1 1 1 0
W 10 3 00000098
C 11 0000009c 1 0 0 0 0 0 0 1 1 0 0 000000a8 0 0 000000a0 1 1 1 0
W 11 4 000000a8
R 11 5 00000094 008001ef 0
C 12 000000a0 1 0 0 0 0 0 1 0 1 0 0 000000a8 0 0 000000a4 1 1 1 1
R 12 6 0000009c 0a800213 0
C 13 000000a0 1 1 0 0 0 0 0 1 1 0 0 000000a4 0 0 000000a8 1 1 1 0
W 13 5 000000a4
C 14 000000a8 1 0 0 0 0 0 0 1 1 0 0 00000078 0 0 000000ac 1 1 1 0
W 14 31 0000007b
R 14 7 000000a0 000202e7 0
C 15 000000ac 1 0 0 0 0 0 1 0 1 0 0 000000ac 0 0 000000b0 1 1 1 1
R 15 8 000000a8 07b00f93 0
C 16 000000ac 1 1 0 0 0 0 0 1 1 0 0 000000b0 0 0 000000ac 1 1 1 0
C 17 000000ac 1 0 0 0 0 0 1 0 1 0 0 000000ac 0 0 000000b0 1 1 1 1
R 17 9 000000ac 0000006f 0
C 18 000000ac 1 1 0 0 0 0 0 1 1 0 0 000000b0 0 0 000000ac 1 1 1 0
C 19 000000ac 1 0 0 0 0 0 1 0 1 0 0 000000ac 0 0 000000b0 1 1 1 1
R 19 10 000000ac 0000006f 0
C 20 000000ac 1 1 0 0 0 0 0 1 1 0 0 000000b0 0 0 000000ac 1 1 1 0
C 21 000000ac 1 0 0 0 0 0 1 0 1 0 0 000000ac 0 0 000000b0 1 1 1 1
R 21 11 000000ac 0000006f 0
C 22 000000ac 1 1 0 0 0 0 0 1 1 0 0 000000b0 0 0 000000ac 1 1 1 0
C 23 000000ac 1 0 0 0 0 0 1 0 1 0 0 000000ac 0 0 000000b0 1 1 1 1
R 23 12 000000ac 0000006f 0
C 24 000000ac 1 1 0 0 0 0 0 1 1 0 0 000000b0 0 0 000000ac 1 1 1 0
C 25 000000ac 1 0 0 0 0 0 1 0 1 0 0 000000ac 0 0 000000b0 1 1 1 1
R 25 13 000000ac 0000006f 0
C 26 000000ac 1 1 0 0 0 0 0 1 1 0 0 000000b0 0 0 000000ac 1 1 1 0
C 27 000000ac 1 0 0 0 0 0 1 0 1 0 0 000000ac 0 0 000000b0 1 1 1 1
R 27 14 000000ac 0000006f 0
C 28 000000ac 1 1 0 0 0 0 0 1 1 0 0 000000b0 0 0 000000ac 1 1 1 0
C 29 000000ac 1 0 0 0 0 0 1 0 1 0 0 000000ac 0 0 000000b0 1 1 1 1
R 29 15 000000ac 0000006f 0
C 30 000000ac 1 1 0 0 0 0 0 1 1 0 0 000000b0 0 0 000000ac 1 1 1 0
C 31 000000ac 1 0 0 0 0 0 1 0 1 0 0 000000ac 0 0 000000b0 1 1 1 1
R 31 16 000000ac 0000006f 0
C 32 000000ac 1 1 0 0 0 0 0 1 1 0 0 000000b0 0 0 000000ac 1 1 1 0
C 33 000000ac 1 0 0 0 0 0 1 0 1 0 0 000000ac 0 0 000000b0 1 1 1 1
R 33 17 000000ac 0000006f 0
C 34 000000ac 1 1 0 0 0 0 0 1 1 0 0 000000b0 0 0 000000ac 1 1 1 0
C 35 000000ac 1 0 0 0 0 0 1 0 1 0 0 000000ac 0 0 000000b0 1 1 1 1
R 35 18 000000ac 0000006f 0
C 36 000000ac 1 1 0 0 0 0 0 1 1 0 0 000000b0 0 0 000000ac 1 1 1 0
C 37 000000ac 1 0 0 0 0 0 1 0 1 0 0 000000ac 0 0 000000b0 1 1 1 1
R 37 19 000000ac 0000006f 0
C 38 000000ac 1 1 0 0 0 0 0 1 1 0 0 000000b0 0 0 000000ac 1 1 1 0
C 39 000000ac 1 0 0 0 0 0 1 0 1 0 0 000000ac 0 0 000000b0 1 1 1 1
R 39 20 000000ac 0000006f 0
C 40 000000ac 1 1 0 0 0 0 0 1 1 0 0 000000b0 0 0 000000ac 1 1 1 0
C 41 000000ac 1 0 0 0 0 0 1 0 1 0 0 000000ac 0 0 000000b0 1 1 1 1
R 41 21 000000ac 0000006f 0
C 42 000000ac 1 1 0 0 0 0 0 1 1 0 0 000000b0 0 0 000000ac 1 1 1 0
C 43 000000ac 1 0 0 0 0 0 1 0 1 0 0 000000ac 0 0 000000b0 1 1 1 1
R 43 22 000000ac 0000006f 0
C 44 000000ac 1 1 0 0 0 0 0 1 1 0 0 000000b0 0 0 000000ac 1 1 1 0
C 45 000000ac 1 0 0 0 0 0 1 0 1 0 0 000000ac 0 0 000000b0 1 1 1 1
R 45 23 000000ac 0000006f 0
C 46 000000ac 1 1 0 0 0 0 0 1 1 0 0 000000b0 0 0 000000ac 1 1 1 0
C 47 000000ac 1 0 0 0 0 0 1 0 1 0 0 000000ac 0 0 000000b0 1 1 1 1
R 47 24 000000ac 0000006f 0
C 48 000000ac 1 1 0 0 0 0 0 1 1 0 0 000000b0 0 0 000000ac 1 1 1 0
C 49 000000ac 1 0 0 0 0 0 1 0 1 0 0 000000ac 0 0 000000b0 1 1 1 1
R 49 25 000000ac 0000006f 0
C 50 000000ac 1 1 0 0 0 0 0 1 1 0 0 000000b0 0 0 000000ac 1 1 1 0
C 51 000000ac 1 0 0 0 0 0 1 0 1 0 0 000000ac 0 0 000000b0 1 1 1 1
R 51 26 000000ac 0000006f 0
C 52 000000ac 1 1 0 0 0 0 0 1 1 0 0 000000b0 0 0 000000ac 1 1 1 0
C 53 000000ac 1 0 0 0 0 0 1 0 1 0 0 000000ac 0 0 000000b0 1 1 1 1
R 53 27 000000ac 0000006f 0
C 54 000000ac 1 1 0 0 0 0 0 1 1 0 0 000000b0 0 0 000000ac 1 1 1 0
C 55 000000ac 1 0 0 0 0 0 1 0 1 0 0 000000ac 0 0 000000b0 1 1 1 1
R 55 28 000000ac 0000006f 0
C 56 000000ac 1 1 0 0 0 0 0 1 1 0 0 000000b0 0 0 000000ac 1 1 1 0
C 57 000000ac 1 0 0 0 0 0 1 0 1 0 0 000000ac 0 0 000000b0 1 1 1 1
R 57 29 000000ac 0000006f 0
C 58 000000ac 1 1 0 0 0 0 0 1 1 0 0 000000b0 0 0 000000ac 1 1 1 0
C 59 000000ac 1 0 0 0 0 0 1 0 1 0 0 000000ac 0 0 000000b0 1 1 1 1
R 59 30 000000ac 0000006f 0
C 60 000000ac 1 1 0 0 0 0 0 1 1 0 0 000000b0 0 0 000000ac 1 1 1 0
C 61 000000ac 1 0 0 0 0 0 1 0 1 0 0 000000ac 0 0 000000b0 1 1 1 1
R 61 31 000000ac 0000006f 0
C 62 000000ac 1 1 0 0 0 0 0 1 1 0 0 000000b0 0 0 000000ac 1 1 1 0
C 63 000000ac 1 0 0 0 0 0 1 0 1 0 0 000000ac 0 0 000000b0 1 1 1 1
R 63 32 000000ac 0000006f 0
C 64 000000ac 1 1 0 0 0 0 0 1 1 0 0 000000b0 0 0 000000ac 1 1 1 0
C 65 000000ac 1 0 0 0 0 0 1 0 1 0 0 000000ac 0 0 000000b0 1 1 1 1
R 65 33 000000ac 0000006f 0
C 66 000000ac 1 1 0 0 0 0 0 1 1 0 0 000000b0 0 0 000000ac 1 1 1 0
C 67 000000ac 1 0 0 0 0 0 1 0 1 0 0 000000ac 0 0 000000b0 1 1 1 1
R 67 34 000000ac 0000006f 0
C 68 000000ac 1 1 0 0 0 0 0 1 1 0 0 000000b0 0 0 000000ac 1 1 1 0
C 69 000000ac 1 0 0 0 0 0 1 0 1 0 0 000000ac 0 0 000000b0 1 1 1 1
R 69 35 000000ac 0000006f 0
C 70 000000ac 1 1 0 0 0 0 0 1 1 0 0 000000b0 0 0 000000ac 1 1 1 0
C 71 000000ac 1 0 0 0 0 0 1 0 1 0 0 000000ac 0 0 000000b0 1 1 1 1
R 71 36 000000ac 0000006f 0
C 72 000000ac 1 1 0 0 0 0 0 1 1 0 0 000000b0 0 0 000000ac 1 1 1 0
C 73 000000ac 1 0 0 0 0 0 1 0 1 0 0 000000ac 0 0 000000b0 1 1 1 1
R 73 37 000000ac 0000006f 0
C 74 000000ac 1 1 0 0 0 0 0 1 1 0 0 000000b0 0 0 000000ac 1 1 1 0
C 75 000000ac 1 0 0 0 0 0 1 0 1 0 0 000000ac 0 0 000000b0 1 1 1 1
R 75 38 000000ac 0000006f 0
C 76 000000ac 1 1 0 0 0 0 0 1 1 0 0 000000b0 0 0 000000ac 1 1 1 0
C 77 000000ac 1 0 0 0 0 0 1 0 1 0 0 000000ac 0 0 000000b0 1 1 1 1
R 77 39 000000ac 0000006f 0
C 78 000000ac 1 1 0 0 0 0 0 1 1 0 0 000000b0 0 0 000000ac 1 1 1 0
C 79 000000ac 1 0 0 0 0 0 1 0 1 0 0 000000ac 0 0 000000b0 1 1 1 1
R 79 40 000000ac 0000006f 0
C 80 000000ac 1 1 0 0 0 0 0 1 1 0 0 000000b0 0 0 000000ac 1 1 1 0
C 81 000000ac 1 0 0 0 0 0 1 0 1 0 0 000000ac 0 0 000000b0 1 1 1 1
R 81 41 000000ac 0000006f 0
C 82 000000ac 1 1 0 0 0 0 0 1 1 0 0 000000b0 0 0 000000ac 1 1 1 0
C 83 000000ac 1 0 0 0 0 0 1 0 1 0 0 000000ac 0 0 000000b0 1 1 1 1
R 83 42 000000ac 0000006f 0
C 84 000000ac 1 1 0 0 0 0 0 1 1 0 0 000000b0 0 0 000000ac 1 1 1 0
C 85 000000ac 1 0 0 0 0 0 1 0 1 0 0 000000ac 0 0 000000b0 1 1 1 1
R 85 43 000000ac 0000006f 0
C 86 000000ac 1 1 0 0 0 0 0 1 1 0 0 000000b0 0 0 000000ac 1 1 1 0
C 87 000000ac 1 0 0 0 0 0 1 0 1 0 0 000000ac 0 0 000000b0 1 1 1 1
R 87 44 000000ac 0000006f 0
C 88 000000ac 1 1 0 0 0 0 0 1 1 0 0 000000b0 0 0 000000ac 1 1 1 0
C 89 000000ac 1 0 0 0 0 0 1 0 1 0 0 000000ac 0 0 000000b0 1 1 1 1
R 89 45 000000ac 0000006f 0
C 90 000000ac 1 1 0 0 0 0 0 1 1 0 0 000000b0 0 0 000000ac 1 1 1 0
C 91 000000ac 1 0 0 0 0 0 1 0 1 0 0 000000ac 0 0 000000b0 1 1 1 1
R 91 46 000000ac 0000006f 0
C 92 000000ac 1 1 0 0 0 0 0 1 1 0 0 000000b0 0 0 000000ac 1 1 1 0
C 93 000000ac 1 0 0 0 0 0 1 0 1 0 0 000000ac 0 0 000000b0 1 1 1 1
R 93 47 000000ac 0000006f 0
C 94 000000ac 1 1 0 0 0 0 0 1 1 0 0 000000b0 0 0 000000ac 1 1 1 0
C 95 000000ac 1 0 0 0 0 0 1 0 1 0 0 000000ac 0 0 000000b0 1 1 1 1
R 95 48 000000ac 0000006f 0
C 96 000000ac 1 1 0 0 0 0 0 1 1 0 0 000000b0 0 0 000000ac 1 1 1 0
C 97 000000ac 1 0 0 0 0 0 1 0 1 0 0 000000ac 0 0 000000b0 1 1 1 1
R 97 49 000000ac 0000006f 0
C 98 000000ac 1 1 0 0 0 0 0 1 1 0 0 000000b0 0 0 000000ac 1 1 1 0
C 99 000000ac 1 0 0 0 0 0 1 0 1 0 0 000000ac 0 0 000000b0 1 1 1 1
R 99 50 000000ac 0000006f 0
C 100 000000ac 1 1 0 0 0 0 0 1 1 0 0 000000b0 0 0 000000ac 1 1 1 0
C 101 000000ac 1 0 0 0 0 0 1 0 1 0 0 000000ac 0 0 000000b0 1 1 1 1
R 101 51 000000ac 0000006f 0
C 102 000000ac 1 1 0 0 0 0 0 1 1 0 0 000000b0 0 0 000000ac 1 1 1 0
C 103 000000ac 1 0 0 0 0 0 1 0 1 0 0 000000ac 0 0 000000b0 1 1 1 1
R 103 52 000000ac 0000006f 0
C 104 000000ac 1 1 0 0 0 0 0 1 1 0 0 000000b0 0 0 000000ac 1 1 1 0
C 105 000000ac 1 0 0 0 0 0 1 0 1 0 0 000000ac 0 0 000000b0 1 1 1 1
R 105 53 000000ac 0000006f 0
C 106 000000ac 1 1 0 0 0 0 0 1 1 0 0 000000b0 0 0 000000ac 1 1 1 0
C 107 000000ac 1 0 0 0 0 0 1 0 1 0 0 000000ac 0 0 000000b0 1 1 1 1
R 107 54 000000ac 0000006f 0
C 108 000000ac 1 1 0 0 0 0 0 1 1 0 0 000000b0 0 0 000000ac 1 1 1 0
C 109 000000ac 1 0 0 0 0 0 1 0 1 0 0 000000ac 0 0 000000b0 1 1 1 1
R 109 55 000000ac 0000006f 0
C 110 000000ac 1 1 0 0 0 0 0 1 1 0 0 000000b0 0 0 000000ac 1 1 1 0
C 111 000000ac 1 0 0 0 0 0 1 0 1 0 0 000000ac 0 0 000000b0 1 1 1 1
R 111 56 000000ac 0000006f 0
C 112 000000ac 1 1 0 0 0 0 0 1 1 0 0 000000b0 0 0 000000ac 1 1 1 0
C 113 000000ac 1 0 0 0 0 0 1 0 1 0 0 000000ac 0 0 000000b0 1 1 1 1
R 113 57 000000ac 0000006f 0
C 114 000000ac 1 1 0 0 0 0 0 1 1 0 0 000000b0 0 0 000000ac 1 1 1 0
C 115 000000ac 1 0 0 0 0 0 1 0 1 0 0 000000ac 0 0 000000b0 1 1 1 1
R 115 58 000000ac 0000006f 0
C 116 000000ac 1 1 0 0 0 0 0 1 1 0 0 000000b0 0 0 000000ac 1 1 1 0
C 117 000000ac 1 0 0 0 0 0 1 0 1 0 0 000000ac 0 0 000000b0 1 1 1 1
R 117 59 000000ac 0000006f 0
C 118 000000ac 1 1 0 0 0 0 0 1 1 0 0 000000b0 0 0 000000ac 1 1 1 0
C 119 000000ac 1 0 0 0 0 0 1 0 1 0 0 000000ac 0 0 000000b0 1 1 1 1
R 119 60 000000ac 0000006f 0
C 120 000000ac 1 1 0 0 0 0 0 1 1 0 0 000000b0 0 0 000000ac 1 1 1 0
C 121 000000ac 1 0 0 0 0 0 1 0 1 0 0 000000ac 0 0 000000b0 1 1 1 1
R 121 61 000000ac 0000006f 0
C 122 000000ac 1 1 0 0 0 0 0 1 1 0 0 000000b0 0 0 000000ac 1 1 1 0
C 123 000000ac 1 0 0 0 0 0 1 0 1 0 0 000000ac 0 0 000000b0 1 1 1 1
R 123 62 000000ac 0000006f 0
C 124 000000ac 1 1 0 0 0 0 0 1 1 0 0 000000b0 0 0 000000ac 1 1 1 0
C 125 000000ac 1 0 0 0 0 0 1 0 1 0 0 000000ac 0 0 000000b0 1 1 1 1
R 125 63 000000ac 0000006f 0
C 126 000000ac 1 1 0 0 0 0 0 1 1 0 0 000000b0 0 0 000000ac 1 1 1 0
C 127 000000ac 1 0 0 0 0 0 1 0 1 0 0 000000ac 0 0 000000b0 1 1 1 1
R 127 64 000000ac 0000006f 0
C 128 000000ac 1 1 0 0 0 0 0 1 1 0 0 000000b0 0 0 000000ac 1 1 1 0
C 129 000000ac 1 0 0 0 0 0 1 0 1 0 0 000000ac 0 0 000000b0 1 1 1 1
R 129 65 000000ac 0000006f 0
C 130 000000ac 1 1 0 0 0 0 0 1 1 0 0 000000b0 0 0 000000ac 1 1 1 0
C 131 000000ac 1 0 0 0 0 0 1 0 1 0 0 000000ac 0 0 000000b0 1 1 1 1
R 131 66 000000ac 0000006f 0
C 132 000000ac 1 1 0 0 0 0 0 1 1 0 0 000000b0 0 0 000000ac 1 1 1 0
C 133 000000ac 1 0 0 0 0 0 1 0 1 0 0 000000ac 0 0 000000b0 1 1 1 1
R 133 67 000000ac 0000006f 0
C 134 000000ac 1 1 0 0 0 0 0 1 1 0 0 000000b0 0 0 000000ac 1 1 1 0
C 135 000000ac 1 0 0 0 0 0 1 0 1 0 0 000000ac 0 0 000000b0 1 1 1 1
R 135 68 000000ac 0000006f 0
C 136 000000ac 1 1 0 0 0 0 0 1 1 0 0 000000b0 0 0 000000ac 1 1 1 0
C 137 000000ac 1 0 0 0 0 0 1 0 1 0 0 000000ac 0 0 000000b0 1 1 1 1
R 137 69 000000ac 0000006f 0
C 138 000000ac 1 1 0 0 0 0 0 1 1 0 0 000000b0 0 0 000000ac 1 1 1 0
C 139 000000ac 1 0 0 0 0 0 1 0 1 0 0 000000ac 0 0 000000b0 1 1 1 1
R 139 70 000000ac 0000006f 0
C 140 000000ac 1 1 0 0 0 0 0 1 1 0 0 000000b0 0 0 000000ac 1 1 1 0
C 141 000000ac 1 0 0 0 0 0 1 0 1 0 0 000000ac 0 0 000000b0 1 1 1 1
R 141 71 000000ac 0000006f 0
C 142 000000ac 1 1 0 0 0 0 0 1 1 0 0 000000b0 0 0 000000ac 1 1 1 0
C 143 000000ac 1 0 0 0 0 0 1 0 1 0 0 000000ac 0 0 000000b0 1 1 1 1
R 143 72 000000ac 0000006f 0
C 144 000000ac 1 1 0 0 0 0 0 1 1 0 0 000000b0 0 0 000000ac 1 1 1 0
C 145 000000ac 1 0 0 0 0 0 1 0 1 0 0 000000ac 0 0 000000b0 1 1 1 1
R 145 73 000000ac 0000006f 0
C 146 000000ac 1 1 0 0 0 0 0 1 1 0 0 000000b0 0 0 000000ac 1 1 1 0
C 147 000000ac 1 0 0 0 0 0 1 0 1 0 0 000000ac 0 0 000000b0 1 1 1 1
R 147 74 000000ac 0000006f 0
C 148 000000ac 1 1 0 0 0 0 0 1 1 0 0 000000b0 0 0 000000ac 1 1 1 0
C 149 000000ac 1 0 0 0 0 0 1 0 1 0 0 000000ac 0 0 000000b0 1 1 1 1
R 149 75 000000ac 0000006f 0
C 150 000000ac 1 1 0 0 0 0 0 1 1 0 0 000000b0 0 0 000000ac 1 1 1 0
C 151 000000ac 1 0 0 0 0 0 1 0 1 0 0 000000ac 0 0 000000b0 1 1 1 1
R 151 76 000000ac 0000006f 0
C 152 000000ac 1 1 0 0 0 0 0 1 1 0 0 000000b0 0 0 000000ac 1 1 1 0
C 153 000000ac 1 0 0 0 0 0 1 0 1 0 0 000000ac 0 0 000000b0 1 1 1 1
R 153 77 000000ac 0000006f 0
C 154 000000ac 1 1 0 0 0 0 0 1 1 0 0 000000b0 0 0 000000ac 1 1 1 0
C 155 000000ac 1 0 0 0 0 0 1 0 1 0 0 000000ac 0 0 000000b0 1 1 1 1
R 155 78 000000ac 0000006f 0
C 156 000000ac 1 1 0 0 0 0 0 1 1 0 0 000000b0 0 0 000000ac 1 1 1 0
C 157 000000ac 1 0 0 0 0 0 1 0 1 0 0 000000ac 0 0 000000b0 1 1 1 1
R 157 79 000000ac 0000006f 0
C 158 000000ac 1 1 0 0 0 0 0 1 1 0 0 000000b0 0 0 000000ac 1 1 1 0
C 159 000000ac 1 0 0 0 0 0 1 0 1 0 0 000000ac 0 0 000000b0 1 1 1 1
R 159 80 000000ac 0000006f 0
C 160 000000ac 1 1 0 0 0 0 0 1 1 0 0 000000b0 0 0 000000ac 1 1 1 0
C 161 000000ac 1 0 0 0 0 0 1 0 1 0 0 000000ac 0 0 000000b0 1 1 1 1
R 161 81 000000ac 0000006f 0
C 162 000000ac 1 1 0 0 0 0 0 1 1 0 0 000000b0 0 0 000000ac 1 1 1 0
C 163 000000ac 1 0 0 0 0 0 1 0 1 0 0 000000ac 0 0 000000b0 1 1 1 1
R 163 82 000000ac 0000006f 0
C 164 000000ac 1 1 0 0 0 0 0 1 1 0 0 000000b0 0 0 000000ac 1 1 1 0
C 165 000000ac 1 0 0 0 0 0 1 0 1 0 0 000000ac 0 0 000000b0 1 1 1 1
R 165 83 000000ac 0000006f 0
C 166 000000ac 1 1 0 0 0 0 0 1 1 0 0 000000b0 0 0 000000ac 1 1 1 0
C 167 000000ac 1 0 0 0 0 0 1 0 1 0 0 000000ac 0 0 000000b0 1 1 1 1
R 167 84 000000ac 0000006f 0
C 168 000000ac 1 1 0 0 0 0 0 1 1 0 0 000000b0 0 0 000000ac 1 1 1 0
C 169 000000ac 1 0 0 0 0 0 1 0 1 0 0 000000ac 0 0 000000b0 1 1 1 1
R 169 85 000000ac 0000006f 0
C 170 000000ac 1 1 0 0 0 0 0 1 1 0 0 000000b0 0 0 000000ac 1 1 1 0
C 171 000000ac 1 0 0 0 0 0 1 0 1 0 0 000000ac 0 0 000000b0 1 1 1 1
R 171 86 000000ac 0000006f 0
C 172 000000ac 1 1 0 0 0 0 0 1 1 0 0 000000b0 0 0 000000ac 1 1 1 0
C 173 000000ac 1 0 0 0 0 0 1 0 1 0 0 000000ac 0 0 000000b0 1 1 1 1
R 173 87 000000ac 0000006f 0
C 174 000000ac 1 1 0 0 0 0 0 1 1 0 0 000000b0 0 0 000000ac 1 1 1 0
C 175 000000ac 1 0 0 0 0 0 1 0 1 0 0 000000ac 0 0 000000b0 1 1 1 1
R 175 88 000000ac 0000006f 0
C 176 000000ac 1 1 0 0 0 0 0 1 1 0 0 000000b0 0 0 000000ac 1 1 1 0
C 177 000000ac 1 0 0 0 0 0 1 0 1 0 0 000000ac 0 0 000000b0 1 1 1 1
R 177 89 000000ac 0000006f 0
C 178 000000ac 1 1 0 0 0 0 0 1 1 0 0 000000b0 0 0 000000ac 1 1 1 0
C 179 000000ac 1 0 0 0 0 0 1 0 1 0 0 000000ac 0 0 000000b0 1 1 1 1
R 179 90 000000ac 0000006f 0
C 180 000000ac 1 1 0 0 0 0 0 1 1 0 0 000000b0 0 0 000000ac 1 1 1 0
C 181 000000ac 1 0 0 0 0 0 1 0 1 0 0 000000ac 0 0 000000b0 1 1 1 1
R 181 91 000000ac 0000006f 0
C 182 000000ac 1 1 0 0 0 0 0 1 1 0 0 000000b0 0 0 000000ac 1 1 1 0
C 183 000000ac 1 0 0 0 0 0 1 0 1 0 0 000000ac 0 0 000000b0 1 1 1 1
R 183 92 000000ac 0000006f 0
C 184 000000ac 1 1 0 0 0 0 0 1 1 0 0 000000b0 0 0 000000ac 1 1 1 0
C 185 000000ac 1 0 0 0 0 0 1 0 1 0 0 000000ac 0 0 000000b0 1 1 1 1
R 185 93 000000ac 0000006f 0
C 186 000000ac 1 1 0 0 0 0 0 1 1 0 0 000000b0 0 0 000000ac 1 1 1 0
C 187 000000ac 1 0 0 0 0 0 1 0 1 0 0 000000ac 0 0 000000b0 1 1 1 1
R 187 94 000000ac 0000006f 0
C 188 000000ac 1 1 0 0 0 0 0 1 1 0 0 000000b0 0 0 000000ac 1 1 1 0
C 189 000000ac 1 0 0 0 0 0 1 0 1 0 0 000000ac 0 0 000000b0 1 1 1 1
R 189 95 000000ac 0000006f 0
C 190 000000ac 1 1 0 0 0 0 0 1 1 0 0 000000b0 0 0 000000ac 1 1 1 0
C 191 000000ac 1 0 0 0 0 0 1 0 1 0 0 000000ac 0 0 000000b0 1 1 1 1
R 191 96 000000ac 0000006f 0
C 192 000000ac 1 1 0 0 0 0 0 1 1 0 0 000000b0 0 0 000000ac 1 1 1 0
C 193 000000ac 1 0 0 0 0 0 1 0 1 0 0 000000ac 0 0 000000b0 1 1 1 1
R 193 97 000000ac 0000006f 0
C 194 000000ac 1 1 0 0 0 0 0 1 1 0 0 000000b0 0 0 000000ac 1 1 1 0
C 195 000000ac 1 0 0 0 0 0 1 0 1 0 0 000000ac 0 0 000000b0 1 1 1 1
R 195 98 000000ac 0000006f 0
C 196 000000ac 1 1 0 0 0 0 0 1 1 0 0 000000b0 0 0 000000ac 1 1 1 0
C 197 000000ac 1 0 0 0 0 0 1 0 1 0 0 000000ac 0 0 000000b0 1 1 1 1
R 197 99 000000ac 0000006f 0
C 198 000000ac 1 1 0 0 0 0 0 1 1 0 0 000000b0 0 0 000000ac 1 1 1 0
C 199 000000ac 1 0 0 0 0 0 1 0 1 0 0 000000ac 0 0 000000b0 1 1 1 1
R 199 100 000000ac 0000006f 0
C 200 000000ac 1 1 0 0 0 0 0 1 1 0 0 000000b0 0 0 000000ac 1 1 1 0
C 201 000000ac 1 0 0 0 0 0 1 0 1 0 0 000000ac 0 0 000000b0 1 1 1 1
R 201 101 000000ac 0000006f 0
C 202 000000ac 1 1 0 0 0 0 0 1 1 0 0 000000b0 0 0 000000ac 1 1 1 0
C 203 000000ac 1 0 0 0 0 0 1 0 1 0 0 000000ac 0 0 000000b0 1 1 1 1
R 203 102 000000ac 0000006f 0
C 204 000000ac 1 1 0 0 0 0 0 1 1 0 0 000000b0 0 0 000000ac 1 1 1 0
C 205 000000ac 1 0 0 0 0 0 1 0 1 0 0 000000ac 0 0 000000b0 1 1 1 1
R 205 103 000000ac 0000006f 0
C 206 000000ac 1 1 0 0 0 0 0 1 1 0 0 000000b0 0 0 000000ac 1 1 1 0
C 207 000000ac 1 0 0 0 0 0 1 0 1 0 0 000000ac 0 0 000000b0 1 1 1 1
R 207 104 000000ac 0000006f 0
C 208 000000ac 1 1 0 0 0 0 0 1 1 0 0 000000b0 0 0 000000ac 1 1 1 0
C 209 000000ac 1 0 0 0 0 0 1 0 1 0 0 000000ac 0 0 000000b0 1 1 1 1
R 209 105 000000ac 0000006f 0
C 210 000000ac 1 1 0 0 0 0 0 1 1 0 0 000000b0 0 0 000000ac 1 1 1 0
C 211 000000ac 1 0 0 0 0 0 1 0 1 0 0 000000ac 0 0 000000b0 1 1 1 1
R 211 106 000000ac 0000006f 0
C 212 000000ac 1 1 0 0 0 0 0 1 1 0 0 000000b0 0 0 000000ac 1 1 1 0
C 213 000000ac 1 0 0 0 0 0 1 0 1 0 0 000000ac 0 0 000000b0 1 1 1 1
R 213 107 000000ac 0000006f 0
C 214 000000ac 1 1 0 0 0 0 0 1 1 0 0 000000b0 0 0 000000ac 1 1 1 0
C 215 000000ac 1 0 0 0 0 0 1 0 1 0 0 000000ac 0 0 000000b0 1 1 1 1
R 215 108 000000ac 0000006f 0
C 216 000000ac 1 1 0 0 0 0 0 1 1 0 0 000000b0 0 0 000000ac 1 1 1 0
C 217 000000ac 1 0 0 0 0 0 1 0 1 0 0 000000ac 0 0 000000b0 1 1 1 1
R 217 109 000000ac 0000006f 0
C 218 000000ac 1 1 0 0 0 0 0 1 1 0 0 000000b0 0 0 000000ac 1 1 1 0
C 219 000000ac 1 0 0 0 0 0 1 0 1 0 0 000000ac 0 0 000000b0 1 1 1 1
R 219 110 000000ac 0000006f 0
C 220 000000ac 1 1 0 0 0 0 0 1 1 0 0 000000b0 0 0 000000ac 1 1 1 0
C 221 000000ac 1 0 0 0 0 0 1 0 1 0 0 000000ac 0 0 000000b0 1 1 1 1
R 221 111 000000ac 0000006f 0
C 222 000000ac 1 1 0 0 0 0 0 1 1 0 0 000000b0 0 0 000000ac 1 1 1 0
C 223 000000ac 1 0 0 0 0 0 1 0 1 0 0 000000ac 0 0 000000b0 1 1 1 1
R 223 112 000000ac 0000006f 0
C 224 000000ac 1 1 0 0 0 0 0 1 1 0 0 000000b0 0 0 000000ac 1 1 1 0
C 225 000000ac 1 0 0 0 0 0 1 0 1 0 0 000000ac 0 0 000000b0 1 1 1 1
R 225 113 000000ac 0000006f 0
C 226 000000ac 1 1 0 0 0 0 0 1 1 0 0 000000b0 0 0 000000ac 1 1 1 0
C 227 000000ac 1 0 0 0 0 0 1 0 1 0 0 000000ac 0 0 000000b0 1 1 1 1
R 227 114 000000ac 0000006f 0
C 228 000000ac 1 1 0 0 0 0 0 1 1 0 0 000000b0 0 0 000000ac 1 1 1 0
C 229 000000ac 1 0 0 0 0 0 1 0 1 0 0 000000ac 0 0 000000b0 1 1 1 1
R 229 115 000000ac 0000006f 0
C 230 000000ac 1 1 0 0 0 0 0 1 1 0 0 000000b0 0 0 000000ac 1 1 1 0
C 231 000000ac 1 0 0 0 0 0 1 0 1 0 0 000000ac 0 0 000000b0 1 1 1 1
R 231 116 000000ac 0000006f 0
C 232 000000ac 1 1 0 0 0 0 0 1 1 0 0 000000b0 0 0 000000ac 1 1 1 0
C 233 000000ac 1 0 0 0 0 0 1 0 1 0 0 000000ac 0 0 000000b0 1 1 1 1
R 233 117 000000ac 0000006f 0
C 234 000000ac 1 1 0 0 0 0 0 1 1 0 0 000000b0 0 0 000000ac 1 1 1 0
C 235 000000ac 1 0 0 0 0 0 1 0 1 0 0 000000ac 0 0 000000b0 1 1 1 1
R 235 118 000000ac 0000006f 0
C 236 000000ac 1 1 0 0 0 0 0 1 1 0 0 000000b0 0 0 000000ac 1 1 1 0
C 237 000000ac 1 0 0 0 0 0 1 0 1 0 0 000000ac 0 0 000000b0 1 1 1 1
R 237 119 000000ac 0000006f 0
C 238 000000ac 1 1 0 0 0 0 0 1 1 0 0 000000b0 0 0 000000ac 1 1 1 0
C 239 000000ac 1 0 0 0 0 0 1 0 1 0 0 000000ac 0 0 000000b0 1 1 1 1
R 239 120 000000ac 0000006f 0
C 240 000000ac 1 1 0 0 0 0 0 1 1 0 0 000000b0 0 0 000000ac 1 1 1 0
C 241 000000ac 1 0 0 0 0 0 1 0 1 0 0 000000ac 0 0 000000b0 1 1 1 1
R 241 121 000000ac 0000006f 0
C 242 000000ac 1 1 0 0 0 0 0 1 1 0 0 000000b0 0 0 000000ac 1 1 1 0
C 243 000000ac 1 0 0 0 0 0 1 0 1 0 0 000000ac 0 0 000000b0 1 1 1 1
R 243 122 000000ac 0000006f 0
C 244 000000ac 1 1 0 0 0 0 0 1 1 0 0 000000b0 0 0 000000ac 1 1 1 0
C 245 000000ac 1 0 0 0 0 0 1 0 1 0 0 000000ac 0 0 000000b0 1 1 1 1
R 245 123 000000ac 0000006f 0
C 246 000000ac 1 1 0 0 0 0 0 1 1 0 0 000000b0 0 0 000000ac 1 1 1 0
C 247 000000ac 1 0 0 0 0 0 1 0 1 0 0 000000ac 0 0 000000b0 1 1 1 1
R 247 124 000000ac 0000006f 0
C 248 000000ac 1 1 0 0 0 0 0 1 1 0 0 000000b0 0 0 000000ac 1 1 1 0
C 249 000000ac 1 0 0 0 0 0 1 0 1 0 0 000000ac 0 0 000000b0 1 1 1 1
R 249 125 000000ac 0000006f 0
C 250 000000ac 1 1 0 0 0 0 0 1 1 0 0 000000b0 0 0 000000ac 1 1 1 0
C 251 000000ac 1 0 0 0 0 0 1 0 1 0 0 000000ac 0 0 000000b0 1 1 1 1
R 251 126 000000ac 0000006f 0
C 252 000000ac 1 1 0 0 0 0 0 1 1 0 0 000000b0 0 0 000000ac 1 1 1 0
C 253 000000ac 1 0 0 0 0 0 1 0 1 0 0 000000ac 0 0 000000b0 1 1 1 1
R 253 127 000000ac 0000006f 0
C 254 000000ac 1 1 0 0 0 0 0 1 1 0 0 000000b0 0 0 000000ac 1 1 1 0
C 255 000000ac 1 0 0 0 0 0 1 0 1 0 0 000000ac 0 0 000000b0 1 1 1 1
R 255 128 000000ac 0000006f 0
C 256 000000ac 1 1 0 0 0 0 0 1 1 0 0 000000b0 0 0 000000ac 1 1 1 0
C 257 000000ac 1 0 0 0 0 0 1 0 1 0 0 000000ac 0 0 000000b0 1 1 1 1
R 257 129 000000ac 0000006f 0
C 258 000000ac 1 1 0 0 0 0 0 1 1 0 0 000000b0 0 0 000000ac 1 1 1 0
C 259 000000ac 1 0 0 0 0 0 1 0 1 0 0 000000ac 0 0 000000b0 1 1 1 1
R 259 130 000000ac 0000006f 0
C 260 000000ac 1 1 0 0 0 0 0 1 1 0 0 000000b0 0 0 000000ac 1 1 1 0
C 261 000000ac 1 0 0 0 0 0 1 0 1 0 0 000000ac 0 0 000000b0 1 1 1 1
R 261 131 000000ac 0000006f 0
C 262 000000ac 1 1 0 0 0 0 0 1 1 0 0 000000b0 0 0 000000ac 1 1 1 0
C 263 000000ac 1 0 0 0 0 0 1 0 1 0 0 000000ac 0 0 000000b0 1 1 1 1
R 263 132 000000ac 0000006f 0
C 264 000000ac 1 1 0 0 0 0 0 1 1 0 0 000000b0 0 0 000000ac 1 1 1 0
C 265 000000ac 1 0 0 0 0 0 1 0 1 0 0 000000ac 0 0 000000b0 1 1 1 1
R 265 133 000000ac 0000006f 0
C 266 000000ac 1 1 0 0 0 0 0 1 1 0 0 000000b0 0 0 000000ac 1 1 1 0
C 267 000000ac 1 0 0 0 0 0 1 0 1 0 0 000000ac 0 0 000000b0 1 1 1 1
R 267 134 000000ac 0000006f 0
C 268 000000ac 1 1 0 0 0 0 0 1 1 0 0 000000b0 0 0 000000ac 1 1 1 0
C 269 000000ac 1 0 0 0 0 0 1 0 1 0 0 000000ac 0 0 000000b0 1 1 1 1
R 269 135 000000ac 0000006f 0
C 270 000000ac 1 1 0 0 0 0 0 1 1 0 0 000000b0 0 0 000000ac 1 1 1 0
C 271 000000ac 1 0 0 0 0 0 1 0 1 0 0 000000ac 0 0 000000b0 1 1 1 1
R 271 136 000000ac 0000006f 0
C 272 000000ac 1 1 0 0 0 0 0 1 1 0 0 000000b0 0 0 000000ac 1 1 1 0
C 273 000000ac 1 0 0 0 0 0 1 0 1 0 0 000000ac 0 0 000000b0 1 1 1 1
R 273 137 000000ac 0000006f 0
C 274 000000ac 1 1 0 0 0 0 0 1 1 0 0 000000b0 0 0 000000ac 1 1 1 0
C 275 000000ac 1 0 0 0 0 0 1 0 1 0 0 000000ac 0 0 000000b0 1 1 1 1
R 275 138 000000ac 0000006f 0
C 276 000000ac 1 1 0 0 0 0 0 1 1 0 0 000000b0 0 0 000000ac 1 1 1 0
C 277 000000ac 1 0 0 0 0 0 1 0 1 0 0 000000ac 0 0 000000b0 1 1 1 1
R 277 139 000000ac 0000006f 0
C 278 000000ac 1 1 0 0 0 0 0 1 1 0 0 000000b0 0 0 000000ac 1 1 1 0
C 279 000000ac 1 0 0 0 0 0 1 0 1 0 0 000000ac 0 0 000000b0 1 1 1 1
R 279 140 000000ac 0000006f 0
C 280 000000ac 1 1 0 0 0 0 0 1 1 0 0 000000b0 0 0 000000ac 1 1 1 0
C 281 000000ac 1 0 0 0 0 0 1 0 1 0 0 000000ac 0 0 000000b0 1 1 1 1
R 281 141 000000ac 0000006f 0
C 282 000000ac 1 1 0 0 0 0 0 1 1 0 0 000000b0 0 0 000000ac 1 1 1 0
C 283 000000ac 1 0 0 0 0 0 1 0 1 0 0 000000ac 0 0 000000b0 1 1 1 1
R 283 142 000000ac 0000006f 0
C 284 000000ac 1 1 0 0 0 0 0 1 1 0 0 000000b0 0 0 000000ac 1 1 1 0
C 285 000000ac 1 0 0 0 0 0 1 0 1 0 0 000000ac 0 0 000000b0 1 1 1 1
R 285 143 000000ac 0000006f 0
C 286 000000ac 1 1 0 0 0 0 0 1 1 0 0 000000b0 0 0 000000ac 1 1 1 0
C 287 000000ac 1 0 0 0 0 0 1 0 1 0 0 000000ac 0 0 000000b0 1 1 1 1
R 287 144 000000ac 0000006f 0
C 288 000000ac 1 1 0 0 0 0 0 1 1 0 0 000000b0 0 0 000000ac 1 1 1 0
C 289 000000ac 1 0 0 0 0 0 1 0 1 0 0 000000ac 0 0 000000b0 1 1 1 1
R 289 145 000000ac 0000006f 0
C 290 000000ac 1 1 0 0 0 0 0 1 1 0 0 000000b0 0 0 000000ac 1 1 1 0
C 291 000000ac 1 0 0 0 0 0 1 0 1 0 0 000000ac 0 0 000000b0 1 1 1 1
R 291 146 000000ac 0000006f 0
C 292 000000ac 1 1 0 0 0 0 0 1 1 0 0 000000b0 0 0 000000ac 1 1 1 0
C 293 000000ac 1 0 0 0 0 0 1 0 1 0 0 000000ac 0 0 000000b0 1 1 1 1
R 293 147 000000ac 0000006f 0
C 294 000000ac 1 1 0 0 0 0 0 1 1 0 0 000000b0 0 0 000000ac 1 1 1 0
C 295 000000ac 1 0 0 0 0 0 1 0 1 0 0 000000ac 0 0 000000b0 1 1 1 1
R 295 148 000000ac 0000006f 0
C 296 000000ac 1 1 0 0 0 0 0 1 1 0 0 000000b0 0 0 000000ac 1 1 1 0
C 297 000000ac 1 0 0 0 0 0 1 0 1 0 0 000000ac 0 0 000000b0 1 1 1 1
R 297 149 000000ac 0000006f 0
C 298 000000ac 1 1 0 0 0 0 0 1 1 0 0 000000b0 0 0 000000ac 1 1 1 0
C 299 000000ac 1 0 0 0 0 0 1 0 1 0 0 000000ac 0 0 000000b0 1 1 1 1
R 299 150 000000ac 0000006f 0
C 300 000000ac 1 1 0 0 0 0 0 1 1 0 0 000000b0 0 0 000000ac 1 1 1 0
C 301 000000ac 1 0 0 0 0 0 1 0 1 0 0 000000ac 0 0 000000b0 1 1 1 1
R 301 151 000000ac 0000006f 0
C 302 000000ac 1 1 0 0 0 0 0 1 1 0 0 000000b0 0 0 000000ac 1 1 1 0
C 303 000000ac 1 0 0 0 0 0 1 0 1 0 0 000000ac 0 0 000000b0 1 1 1 1
R 303 152 000000ac 0000006f 0
C 304 000000ac 1 1 0 0 0 0 0 1 1 0 0 000000b0 0 0 000000ac 1 1 1 0
C 305 000000ac 1 0 0 0 0 0 1 0 1 0 0 000000ac 0 0 000000b0 1 1 1 1
R 305 153 000000ac 0000006f 0
C 306 000000ac 1 1 0 0 0 0 0 1 1 0 0 000000b0 0 0 000000ac 1 1 1 0
C 307 000000ac 1 0 0 0 0 0 1 0 1 0 0 000000ac 0 0 000000b0 1 1 1 1
R 307 154 000000ac 0000006f 0
C 308 000000ac 1 1 0 0 0 0 0 1 1 0 0 000000b0 0 0 000000ac 1 1 1 0
C 309 000000ac 1 0 0 0 0 0 1 0 1 0 0 000000ac 0 0 000000b0 1 1 1 1
R 309 155 000000ac 0000006f 0
C 310 000000ac 1 1 0 0 0 0 0 1 1 0 0 000000b0 0 0 000000ac 1 1 1 0
C 311 000000ac 1 0 0 0 0 0 1 0 1 0 0 000000ac 0 0 000000b0 1 1 1 1
R 311 156 000000ac 0000006f 0
C 312 000000ac 1 1 0 0 0 0 0 1 1 0 0 000000b0 0 0 000000ac 1 1 1 0
C 313 000000ac 1 0 0 0 0 0 1 0 1 0 0 000000ac 0 0 000000b0 1 1 1 1
R 313 157 000000ac 0000006f 0
C 314 000000ac 1 1 0 0 0 0 0 1 1 0 0 000000b0 0 0 000000ac 1 1 1 0
C 315 000000ac 1 0 0 0 0 0 1 0 1 0 0 000000ac 0 0 000000b0 1 1 1 1
R 315 158 000000ac 0000006f 0
C 316 000000ac 1 1 0 0 0 0 0 1 1 0 0 000000b0 0 0 000000ac 1 1 1 0
C 317 000000ac 1 0 0 0 0 0 1 0 1 0 0 000000ac 0 0 000000b0 1 1 1 1
R 317 159 000000ac 0000006f 0
C 318 000000ac 1 1 0 0 0 0 0 1 1 0 0 000000b0 0 0 000000ac 1 1 1 0
C 319 000000ac 1 0 0 0 0 0 1 0 1 0 0 000000ac 0 0 000000b0 1 1 1 1
R 319 160 000000ac 0000006f 0
C 320 000000ac 1 1 0 0 0 0 0 1 1 0 0 000000b0 0 0 000000ac 1 1 1 0
C 321 000000ac 1 0 0 0 0 0 1 0 1 0 0 000000ac 0 0 000000b0 1 1 1 1
R 321 161 000000ac 0000006f 0
C 322 000000ac 1 1 0 0 0 0 0 1 1 0 0 000000b0 0 0 000000ac 1 1 1 0
C 323 000000ac 1 0 0 0 0 0 1 0 1 0 0 000000ac 0 0 000000b0 1 1 1 1
R 323 162 000000ac 0000006f 0
C 324 000000ac 1 1 0 0 0 0 0 1 1 0 0 000000b0 0 0 000000ac 1 1 1 0
C 325 000000ac 1 0 0 0 0 0 1 0 1 0 0 000000ac 0 0 000000b0 1 1 1 1
R 325 163 000000ac 0000006f 0
C 326 000000ac 1 1 0 0 0 0 0 1 1 0 0 000000b0 0 0 000000ac 1 1 1 0
C 327 000000ac 1 0 0 0 0 0 1 0 1 0 0 000000ac 0 0 000000b0 1 1 1 1
R 327 164 000000ac 0000006f 0
C 328 000000ac 1 1 0 0 0 0 0 1 1 0 0 000000b0 0 0 000000ac 1 1 1 0
C 329 000000ac 1 0 0 0 0 0 1 0 1 0 0 000000ac 0 0 000000b0 1 1 1 1
R 329 165 000000ac 0000006f 0
C 330 000000ac 1 1 0 0 0 0 0 1 1 0 0 000000b0 0 0 000000ac 1 1 1 0
C 331 000000ac 1 0 0 0 0 0 1 0 1 0 0 000000ac 0 0 000000b0 1 1 1 1
R 331 166 000000ac 0000006f 0
C 332 000000ac 1 1 0 0 0 0 0 1 1 0 0 000000b0 0 0 000000ac 1 1 1 0
C 333 000000ac 1 0 0 0 0 0 1 0 1 0 0 000000ac 0 0 000000b0 1 1 1 1
R 333 167 000000ac 0000006f 0
C 334 000000ac 1 1 0 0 0 0 0 1 1 0 0 000000b0 0 0 000000ac 1 1 1 0
C 335 000000ac 1 0 0 0 0 0 1 0 1 0 0 000000ac 0 0 000000b0 1 1 1 1
R 335 168 000000ac 0000006f 0
C 336 000000ac 1 1 0 0 0 0 0 1 1 0 0 000000b0 0 0 000000ac 1 1 1 0
C 337 000000ac 1 0 0 0 0 0 1 0 1 0 0 000000ac 0 0 000000b0 1 1 1 1
R 337 169 000000ac 0000006f 0
C 338 000000ac 1 1 0 0 0 0 0 1 1 0 0 000000b0 0 0 000000ac 1 1 1 0
C 339 000000ac 1 0 0 0 0 0 1 0 1 0 0 000000ac 0 0 000000b0 1 1 1 1
R 339 170 000000ac 0000006f 0
C 340 000000ac 1 1 0 0 0 0 0 1 1 0 0 000000b0 0 0 000000ac 1 1 1 0
C 341 000000ac 1 0 0 0 0 0 1 0 1 0 0 000000ac 0 0 000000b0 1 1 1 1
R 341 171 000000ac 0000006f 0
C 342 000000ac 1 1 0 0 0 0 0 1 1 0 0 000000b0 0 0 000000ac 1 1 1 0
C 343 000000ac 1 0 0 0 0 0 1 0 1 0 0 000000ac 0 0 000000b0 1 1 1 1
R 343 172 000000ac 0000006f 0
C 344 000000ac 1 1 0 0 0 0 0 1 1 0 0 000000b0 0 0 000000ac 1 1 1 0
C 345 000000ac 1 0 0 0 0 0 1 0 1 0 0 000000ac 0 0 000000b0 1 1 1 1
R 345 173 000000ac 0000006f 0
C 346 000000ac 1 1 0 0 0 0 0 1 1 0 0 000000b0 0 0 000000ac 1 1 1 0
C 347 000000ac 1 0 0 0 0 0 1 0 1 0 0 000000ac 0 0 000000b0 1 1 1 1
R 347 174 000000ac 0000006f 0
C 348 000000ac 1 1 0 0 0 0 0 1 1 0 0 000000b0 0 0 000000ac 1 1 1 0
C 349 000000ac 1 0 0 0 0 0 1 0 1 0 0 000000ac 0 0 000000b0 1 1 1 1
R 349 175 000000ac 0000006f 0
C 350 000000ac 1 1 0 0 0 0 0 1 1 0 0 000000b0 0 0 000000ac 1 1 1 0
C 351 000000ac 1 0 0 0 0 0 1 0 1 0 0 000000ac 0 0 000000b0 1 1 1 1
R 351 176 000000ac 0000006f 0
C 352 000000ac 1 1 0 0 0 0 0 1 1 0 0 000000b0 0 0 000000ac 1 1 1 0
C 353 000000ac 1 0 0 0 0 0 1 0 1 0 0 000000ac 0 0 000000b0 1 1 1 1
R 353 177 000000ac 0000006f 0
C 354 000000ac 1 1 0 0 0 0 0 1 1 0 0 000000b0 0 0 000000ac 1 1 1 0
C 355 000000ac 1 0 0 0 0 0 1 0 1 0 0 000000ac 0 0 000000b0 1 1 1 1
R 355 178 000000ac 0000006f 0
C 356 000000ac 1 1 0 0 0 0 0 1 1 0 0 000000b0 0 0 000000ac 1 1 1 0
C 357 000000ac 1 0 0 0 0 0 1 0 1 0 0 000000ac 0 0 000000b0 1 1 1 1
R 357 179 000000ac 0000006f 0
C 358 000000ac 1 1 0 0 0 0 0 1 1 0 0 000000b0 0 0 000000ac 1 1 1 0
C 359 000000ac 1 0 0 0 0 0 1 0 1 0 0 000000ac 0 0 000000b0 1 1 1 1
R 359 180 000000ac 0000006f 0
C 360 000000ac 1 1 0 0 0 0 0 1 1 0 0 000000b0 0 0 000000ac 1 1 1 0
C 361 000000ac 1 0 0 0 0 0 1 0 1 0 0 000000ac 0 0 000000b0 1 1 1 1
R 361 181 000000ac 0000006f 0
C 362 000000ac 1 1 0 0 0 0 0 1 1 0 0 000000b0 0 0 000000ac 1 1 1 0
C 363 000000ac 1 0 0 0 0 0 1 0 1 0 0 000000ac 0 0 000000b0 1 1 1 1
R 363 182 000000ac 0000006f 0
C 364 000000ac 1 1 0 0 0 0 0 1 1 0 0 000000b0 0 0 000000ac 1 1 1 0
C 365 000000ac 1 0 0 0 0 0 1 0 1 0 0 000000ac 0 0 000000b0 1 1 1 1
R 365 183 000000ac 0000006f 0
C 366 000000ac 1 1 0 0 0 0 0 1 1 0 0 000000b0 0 0 000000ac 1 1 1 0
C 367 000000ac 1 0 0 0 0 0 1 0 1 0 0 000000ac 0 0 000000b0 1 1 1 1
R 367 184 000000ac 0000006f 0
C 368 000000ac 1 1 0 0 0 0 0 1 1 0 0 000000b0 0 0 000000ac 1 1 1 0
C 369 000000ac 1 0 0 0 0 0 1 0 1 0 0 000000ac 0 0 000000b0 1 1 1 1
R 369 185 000000ac 0000006f 0
C 370 000000ac 1 1 0 0 0 0 0 1 1 0 0 000000b0 0 0 000000ac 1 1 1 0
C 371 000000ac 1 0 0 0 0 0 1 0 1 0 0 000000ac 0 0 000000b0 1 1 1 1
R 371 186 000000ac 0000006f 0
C 372 000000ac 1 1 0 0 0 0 0 1 1 0 0 000000b0 0 0 000000ac 1 1 1 0
C 373 000000ac 1 0 0 0 0 0 1 0 1 0 0 000000ac 0 0 000000b0 1 1 1 1
R 373 187 000000ac 0000006f 0
C 374 000000ac 1 1 0 0 0 0 0 1 1 0 0 000000b0 0 0 000000ac 1 1 1 0
C 375 000000ac 1 0 0 0 0 0 1 0 1 0 0 000000ac 0 0 000000b0 1 1 1 1
R 375 188 000000ac 0000006f 0
C 376 000000ac 1 1 0 0 0 0 0 1 1 0 0 000000b0 0 0 000000ac 1 1 1 0
C 377 000000ac 1 0 0 0 0 0 1 0 1 0 0 000000ac 0 0 000000b0 1 1 1 1
R 377 189 000000ac 0000006f 0
C 378 000000ac 1 1 0 0 0 0 0 1 1 0 0 000000b0 0 0 000000ac 1 1 1 0
C 379 000000ac 1 0 0 0 0 0 1 0 1 0 0 000000ac 0 0 000000b0 1 1 1 1
R 379 190 000000ac 0000006f 0
C 380 000000ac 1 1 0 0 0 0 0 1 1 0 0 000000b0 0 0 000000ac 1 1 1 0
C 381 000000ac 1 0 0 0 0 0 1 0 1 0 0 000000ac 0 0 000000b0 1 1 1 1
R 381 191 000000ac 0000006f 0
C 382 000000ac 1 1 0 0 0 0 0 1 1 0 0 000000b0 0 0 000000ac 1 1 1 0
C 383 000000ac 1 0 0 0 0 0 1 0 1 0 0 000000ac 0 0 000000b0 1 1 1 1
R 383 192 000000ac 0000006f 0
C 384 000000ac 1 1 0 0 0 0 0 1 1 0 0 000000b0 0 0 000000ac 1 1 1 0
C 385 000000ac 1 0 0 0 0 0 1 0 1 0 0 000000ac 0 0 000000b0 1 1 1 1
R 385 193 000000ac 0000006f 0
C 386 000000ac 1 1 0 0 0 0 0 1 1 0 0 000000b0 0 0 000000ac 1 1 1 0
C 387 000000ac 1 0 0 0 0 0 1 0 1 0 0 000000ac 0 0 000000b0 1 1 1 1
R 387 194 000000ac 0000006f 0
C 388 000000ac 1 1 0 0 0 0 0 1 1 0 0 000000b0 0 0 000000ac 1 1 1 0
C 389 000000ac 1 0 0 0 0 0 1 0 1 0 0 000000ac 0 0 000000b0 1 1 1 1
R 389 195 000000ac 0000006f 0
C 390 000000ac 1 1 0 0 0 0 0 1 1 0 0 000000b0 0 0 000000ac 1 1 1 0
C 391 000000ac 1 0 0 0 0 0 1 0 1 0 0 000000ac 0 0 000000b0 1 1 1 1
R 391 196 000000ac 0000006f 0
C 392 000000ac 1 1 0 0 0 0 0 1 1 0 0 000000b0 0 0 000000ac 1 1 1 0
C 393 000000ac 1 0 0 0 0 0 1 0 1 0 0 000000ac 0 0 000000b0 1 1 1 1
R 393 197 000000ac 0000006f 0
C 394 000000ac 1 1 0 0 0 0 0 1 1 0 0 000000b0 0 0 000000ac 1 1 1 0
C 395 000000ac 1 0 0 0 0 0 1 0 1 0 0 000000ac 0 0 000000b0 1 1 1 1
R 395 198 000000ac 0000006f 0
C 396 000000ac 1 1 0 0 0 0 0 1 1 0 0 000000b0 0 0 000000ac 1 1 1 0
C 397 000000ac 1 0 0 0 0 0 1 0 1 0 0 000000ac 0 0 000000b0 1 1 1 1
R 397 199 000000ac 0000006f 0
C 398 000000ac 1 1 0 0 0 0 0 1 1 0 0 000000b0 0 0 000000ac 1 1 1 0
C 399 000000ac 1 0 0 0 0 0 1 0 1 0 0 000000ac 0 0 000000b0 1 1 1 1
R 399 200 000000ac 0000006f 0
REG 0 00000000
REG 1 00000001
REG 2 00000002
REG 3 00000098
REG 4 000000a8
REG 5 000000a4
REG 6 00000000
REG 7 00000000
REG 8 00000000
REG 9 00000000
REG 10 00000000
REG 11 00000000
REG 12 00000000
REG 13 00000000
REG 14 00000000
REG 15 00000000
REG 16 00000000
REG 17 00000000
REG 18 00000000
REG 19 00000000
REG 20 00000000
REG 21 00000000
REG 22 00000000
REG 23 00000000
REG 24 00000000
REG 25 00000000
REG 26 00000000
REG 27 00000000
REG 28 00000000
REG 29 00000000
REG 30 00000000
REG 31 0000007b
MEM 00000200 44332211
MEM 00000204 44332211
MEM 00000208 44332211
MEM 0000020c 44332211
MEM 00000210 44332211
FINISH
- /home/dungpc/ndmoney4porche/projects/ibex/doc/dungpc/microarchitecture/scripts/core_tb.sv:116: Verilog $finish
