CONFIG WB=0 BT=0 M=1 latency=1 ilatency=1 grant_period=1
C 0 00000000 0 0 0 0 0 0 0 0 1 0 0 00000000 0 0 00000080 0 0 0 1
C 1 00000000 0 0 0 0 0 0 0 0 1 0 0 00000000 0 0 00000080 1 1 0 1
C 2 00000000 0 0 0 0 0 0 0 0 1 0 0 00000000 0 0 00000080 1 1 1 0
C 3 00000080 1 0 0 0 0 0 0 1 1 0 0 00000200 0 0 00000084 1 1 1 0
W 3 1 00000200
C 4 00000084 1 0 0 0 0 0 0 1 1 0 0 00000054 0 0 00000088 1 1 1 0
W 4 2 00000055
R 4 1 00000080 20000093 0
C 5 00000088 1 0 1 0 0 0 0 0 1 1 1 00000200 0 0 0000008c 1 1 1 0
D 5 1 00000200 f 00000055
R 5 2 00000084 05500113 0
C 6 00000088 1 1 0 0 0 0 0 1 1 0 0 00000200 1 0 0000008c 1 1 1 0
C 7 0000008c 1 0 1 0 0 0 0 0 1 1 1 00000200 0 0 00000090 1 1 1 0
D 7 0 00000200 f 00000000
R 7 3 00000088 0020a023 0
C 8 0000008c 1 1 0 0 0 0 0 1 1 0 0 00000200 1 0 00000090 0 0 1 0
W 8 3 00000055
C 9 00000090 1 0 0 0 0 0 0 1 1 0 0 00000054 0 0 00000094 1 1 0 0
W 9 4 00000056
R 9 4 0000008c 0000a183 0
C 10 00000094 1 0 1 0 0 0 0 0 1 1 1 00000200 0 0 00000098 1 1 1 0
D 10 1 00000200 8 56000000
R 10 5 00000090 00118213 0
C 11 00000094 1 1 1 0 0 0 0 0 1 1 1 00000204 1 0 00000098 0 0 1 0
D 11 1 00000204 7 56000000
C 12 00000094 1 1 0 0 0 0 0 1 1 0 0 00000200 1 0 00000098 0 0 0 0
C 13 00000098 1 0 1 0 0 0 0 0 1 1 1 00000200 0 0 0000009c 1 1 0 0
D 13 0 00000200 8 55000000
R 13 6 00000094 0040a1a3 0
C 14 00000098 1 1 1 0 0 0 0 0 1 1 1 00000204 1 0 0000009c 0 0 1 0
D 14 0 00000204 7 55000000
C 15 00000098 1 1 0 0 0 0 0 1 1 0 0 00000200 1 0 0000009c 0 0 0 0
W 15 5 00000056
C 16 0000009c 1 0 1 0 0 0 0 0 1 1 1 00000204 0 0 000000a0 1 1 0 0
D 16 0 00000204 1 00000056
R 16 7 00000098 0030a283 0
C 17 0000009c 1 1 0 0 0 0 0 1 1 0 0 00000204 1 0 000000a0 0 0 1 0
W 17 6 00000000
C 18 000000a0 1 0 0 0 0 0 0 1 1 0 0 00000078 0 0 000000a4 1 1 0 0
W 18 31 0000007b
R 18 8 0000009c 0040c303 0
C 19 000000a4 1 0 0 0 0 0 1 0 1 0 0 000000a4 0 0 000000a8 1 1 1 1
R 19 9 000000a0 07b00f93 0
C 20 000000a4 1 1 0 0 0 0 0 1 1 0 0 000000a8 0 0 000000a4 1 1 1 0
C 21 000000a4 1 0 0 0 0 0 1 0 1 0 0 000000a4 0 0 000000a8 1 1 1 1
R 21 10 000000a4 0000006f 0
C 22 000000a4 1 1 0 0 0 0 0 1 1 0 0 000000a8 0 0 000000a4 1 1 1 0
C 23 000000a4 1 0 0 0 0 0 1 0 1 0 0 000000a4 0 0 000000a8 1 1 1 1
R 23 11 000000a4 0000006f 0
C 24 000000a4 1 1 0 0 0 0 0 1 1 0 0 000000a8 0 0 000000a4 1 1 1 0
C 25 000000a4 1 0 0 0 0 0 1 0 1 0 0 000000a4 0 0 000000a8 1 1 1 1
R 25 12 000000a4 0000006f 0
C 26 000000a4 1 1 0 0 0 0 0 1 1 0 0 000000a8 0 0 000000a4 1 1 1 0
C 27 000000a4 1 0 0 0 0 0 1 0 1 0 0 000000a4 0 0 000000a8 1 1 1 1
R 27 13 000000a4 0000006f 0
C 28 000000a4 1 1 0 0 0 0 0 1 1 0 0 000000a8 0 0 000000a4 1 1 1 0
C 29 000000a4 1 0 0 0 0 0 1 0 1 0 0 000000a4 0 0 000000a8 1 1 1 1
R 29 14 000000a4 0000006f 0
C 30 000000a4 1 1 0 0 0 0 0 1 1 0 0 000000a8 0 0 000000a4 1 1 1 0
C 31 000000a4 1 0 0 0 0 0 1 0 1 0 0 000000a4 0 0 000000a8 1 1 1 1
R 31 15 000000a4 0000006f 0
C 32 000000a4 1 1 0 0 0 0 0 1 1 0 0 000000a8 0 0 000000a4 1 1 1 0
C 33 000000a4 1 0 0 0 0 0 1 0 1 0 0 000000a4 0 0 000000a8 1 1 1 1
R 33 16 000000a4 0000006f 0
C 34 000000a4 1 1 0 0 0 0 0 1 1 0 0 000000a8 0 0 000000a4 1 1 1 0
C 35 000000a4 1 0 0 0 0 0 1 0 1 0 0 000000a4 0 0 000000a8 1 1 1 1
R 35 17 000000a4 0000006f 0
C 36 000000a4 1 1 0 0 0 0 0 1 1 0 0 000000a8 0 0 000000a4 1 1 1 0
C 37 000000a4 1 0 0 0 0 0 1 0 1 0 0 000000a4 0 0 000000a8 1 1 1 1
R 37 18 000000a4 0000006f 0
C 38 000000a4 1 1 0 0 0 0 0 1 1 0 0 000000a8 0 0 000000a4 1 1 1 0
C 39 000000a4 1 0 0 0 0 0 1 0 1 0 0 000000a4 0 0 000000a8 1 1 1 1
R 39 19 000000a4 0000006f 0
C 40 000000a4 1 1 0 0 0 0 0 1 1 0 0 000000a8 0 0 000000a4 1 1 1 0
C 41 000000a4 1 0 0 0 0 0 1 0 1 0 0 000000a4 0 0 000000a8 1 1 1 1
R 41 20 000000a4 0000006f 0
C 42 000000a4 1 1 0 0 0 0 0 1 1 0 0 000000a8 0 0 000000a4 1 1 1 0
C 43 000000a4 1 0 0 0 0 0 1 0 1 0 0 000000a4 0 0 000000a8 1 1 1 1
R 43 21 000000a4 0000006f 0
C 44 000000a4 1 1 0 0 0 0 0 1 1 0 0 000000a8 0 0 000000a4 1 1 1 0
C 45 000000a4 1 0 0 0 0 0 1 0 1 0 0 000000a4 0 0 000000a8 1 1 1 1
R 45 22 000000a4 0000006f 0
C 46 000000a4 1 1 0 0 0 0 0 1 1 0 0 000000a8 0 0 000000a4 1 1 1 0
C 47 000000a4 1 0 0 0 0 0 1 0 1 0 0 000000a4 0 0 000000a8 1 1 1 1
R 47 23 000000a4 0000006f 0
C 48 000000a4 1 1 0 0 0 0 0 1 1 0 0 000000a8 0 0 000000a4 1 1 1 0
C 49 000000a4 1 0 0 0 0 0 1 0 1 0 0 000000a4 0 0 000000a8 1 1 1 1
R 49 24 000000a4 0000006f 0
C 50 000000a4 1 1 0 0 0 0 0 1 1 0 0 000000a8 0 0 000000a4 1 1 1 0
C 51 000000a4 1 0 0 0 0 0 1 0 1 0 0 000000a4 0 0 000000a8 1 1 1 1
R 51 25 000000a4 0000006f 0
C 52 000000a4 1 1 0 0 0 0 0 1 1 0 0 000000a8 0 0 000000a4 1 1 1 0
C 53 000000a4 1 0 0 0 0 0 1 0 1 0 0 000000a4 0 0 000000a8 1 1 1 1
R 53 26 000000a4 0000006f 0
C 54 000000a4 1 1 0 0 0 0 0 1 1 0 0 000000a8 0 0 000000a4 1 1 1 0
C 55 000000a4 1 0 0 0 0 0 1 0 1 0 0 000000a4 0 0 000000a8 1 1 1 1
R 55 27 000000a4 0000006f 0
C 56 000000a4 1 1 0 0 0 0 0 1 1 0 0 000000a8 0 0 000000a4 1 1 1 0
C 57 000000a4 1 0 0 0 0 0 1 0 1 0 0 000000a4 0 0 000000a8 1 1 1 1
R 57 28 000000a4 0000006f 0
C 58 000000a4 1 1 0 0 0 0 0 1 1 0 0 000000a8 0 0 000000a4 1 1 1 0
C 59 000000a4 1 0 0 0 0 0 1 0 1 0 0 000000a4 0 0 000000a8 1 1 1 1
R 59 29 000000a4 0000006f 0
C 60 000000a4 1 1 0 0 0 0 0 1 1 0 0 000000a8 0 0 000000a4 1 1 1 0
C 61 000000a4 1 0 0 0 0 0 1 0 1 0 0 000000a4 0 0 000000a8 1 1 1 1
R 61 30 000000a4 0000006f 0
C 62 000000a4 1 1 0 0 0 0 0 1 1 0 0 000000a8 0 0 000000a4 1 1 1 0
C 63 000000a4 1 0 0 0 0 0 1 0 1 0 0 000000a4 0 0 000000a8 1 1 1 1
R 63 31 000000a4 0000006f 0
C 64 000000a4 1 1 0 0 0 0 0 1 1 0 0 000000a8 0 0 000000a4 1 1 1 0
C 65 000000a4 1 0 0 0 0 0 1 0 1 0 0 000000a4 0 0 000000a8 1 1 1 1
R 65 32 000000a4 0000006f 0
C 66 000000a4 1 1 0 0 0 0 0 1 1 0 0 000000a8 0 0 000000a4 1 1 1 0
C 67 000000a4 1 0 0 0 0 0 1 0 1 0 0 000000a4 0 0 000000a8 1 1 1 1
R 67 33 000000a4 0000006f 0
C 68 000000a4 1 1 0 0 0 0 0 1 1 0 0 000000a8 0 0 000000a4 1 1 1 0
C 69 000000a4 1 0 0 0 0 0 1 0 1 0 0 000000a4 0 0 000000a8 1 1 1 1
R 69 34 000000a4 0000006f 0
C 70 000000a4 1 1 0 0 0 0 0 1 1 0 0 000000a8 0 0 000000a4 1 1 1 0
C 71 000000a4 1 0 0 0 0 0 1 0 1 0 0 000000a4 0 0 000000a8 1 1 1 1
R 71 35 000000a4 0000006f 0
C 72 000000a4 1 1 0 0 0 0 0 1 1 0 0 000000a8 0 0 000000a4 1 1 1 0
C 73 000000a4 1 0 0 0 0 0 1 0 1 0 0 000000a4 0 0 000000a8 1 1 1 1
R 73 36 000000a4 0000006f 0
C 74 000000a4 1 1 0 0 0 0 0 1 1 0 0 000000a8 0 0 000000a4 1 1 1 0
C 75 000000a4 1 0 0 0 0 0 1 0 1 0 0 000000a4 0 0 000000a8 1 1 1 1
R 75 37 000000a4 0000006f 0
C 76 000000a4 1 1 0 0 0 0 0 1 1 0 0 000000a8 0 0 000000a4 1 1 1 0
C 77 000000a4 1 0 0 0 0 0 1 0 1 0 0 000000a4 0 0 000000a8 1 1 1 1
R 77 38 000000a4 0000006f 0
C 78 000000a4 1 1 0 0 0 0 0 1 1 0 0 000000a8 0 0 000000a4 1 1 1 0
C 79 000000a4 1 0 0 0 0 0 1 0 1 0 0 000000a4 0 0 000000a8 1 1 1 1
R 79 39 000000a4 0000006f 0
C 80 000000a4 1 1 0 0 0 0 0 1 1 0 0 000000a8 0 0 000000a4 1 1 1 0
C 81 000000a4 1 0 0 0 0 0 1 0 1 0 0 000000a4 0 0 000000a8 1 1 1 1
R 81 40 000000a4 0000006f 0
C 82 000000a4 1 1 0 0 0 0 0 1 1 0 0 000000a8 0 0 000000a4 1 1 1 0
C 83 000000a4 1 0 0 0 0 0 1 0 1 0 0 000000a4 0 0 000000a8 1 1 1 1
R 83 41 000000a4 0000006f 0
C 84 000000a4 1 1 0 0 0 0 0 1 1 0 0 000000a8 0 0 000000a4 1 1 1 0
C 85 000000a4 1 0 0 0 0 0 1 0 1 0 0 000000a4 0 0 000000a8 1 1 1 1
R 85 42 000000a4 0000006f 0
C 86 000000a4 1 1 0 0 0 0 0 1 1 0 0 000000a8 0 0 000000a4 1 1 1 0
C 87 000000a4 1 0 0 0 0 0 1 0 1 0 0 000000a4 0 0 000000a8 1 1 1 1
R 87 43 000000a4 0000006f 0
C 88 000000a4 1 1 0 0 0 0 0 1 1 0 0 000000a8 0 0 000000a4 1 1 1 0
C 89 000000a4 1 0 0 0 0 0 1 0 1 0 0 000000a4 0 0 000000a8 1 1 1 1
R 89 44 000000a4 0000006f 0
C 90 000000a4 1 1 0 0 0 0 0 1 1 0 0 000000a8 0 0 000000a4 1 1 1 0
C 91 000000a4 1 0 0 0 0 0 1 0 1 0 0 000000a4 0 0 000000a8 1 1 1 1
R 91 45 000000a4 0000006f 0
C 92 000000a4 1 1 0 0 0 0 0 1 1 0 0 000000a8 0 0 000000a4 1 1 1 0
C 93 000000a4 1 0 0 0 0 0 1 0 1 0 0 000000a4 0 0 000000a8 1 1 1 1
R 93 46 000000a4 0000006f 0
C 94 000000a4 1 1 0 0 0 0 0 1 1 0 0 000000a8 0 0 000000a4 1 1 1 0
C 95 000000a4 1 0 0 0 0 0 1 0 1 0 0 000000a4 0 0 000000a8 1 1 1 1
R 95 47 000000a4 0000006f 0
C 96 000000a4 1 1 0 0 0 0 0 1 1 0 0 000000a8 0 0 000000a4 1 1 1 0
C 97 000000a4 1 0 0 0 0 0 1 0 1 0 0 000000a4 0 0 000000a8 1 1 1 1
R 97 48 000000a4 0000006f 0
C 98 000000a4 1 1 0 0 0 0 0 1 1 0 0 000000a8 0 0 000000a4 1 1 1 0
C 99 000000a4 1 0 0 0 0 0 1 0 1 0 0 000000a4 0 0 000000a8 1 1 1 1
R 99 49 000000a4 0000006f 0
C 100 000000a4 1 1 0 0 0 0 0 1 1 0 0 000000a8 0 0 000000a4 1 1 1 0
C 101 000000a4 1 0 0 0 0 0 1 0 1 0 0 000000a4 0 0 000000a8 1 1 1 1
R 101 50 000000a4 0000006f 0
C 102 000000a4 1 1 0 0 0 0 0 1 1 0 0 000000a8 0 0 000000a4 1 1 1 0
C 103 000000a4 1 0 0 0 0 0 1 0 1 0 0 000000a4 0 0 000000a8 1 1 1 1
R 103 51 000000a4 0000006f 0
C 104 000000a4 1 1 0 0 0 0 0 1 1 0 0 000000a8 0 0 000000a4 1 1 1 0
C 105 000000a4 1 0 0 0 0 0 1 0 1 0 0 000000a4 0 0 000000a8 1 1 1 1
R 105 52 000000a4 0000006f 0
C 106 000000a4 1 1 0 0 0 0 0 1 1 0 0 000000a8 0 0 000000a4 1 1 1 0
C 107 000000a4 1 0 0 0 0 0 1 0 1 0 0 000000a4 0 0 000000a8 1 1 1 1
R 107 53 000000a4 0000006f 0
C 108 000000a4 1 1 0 0 0 0 0 1 1 0 0 000000a8 0 0 000000a4 1 1 1 0
C 109 000000a4 1 0 0 0 0 0 1 0 1 0 0 000000a4 0 0 000000a8 1 1 1 1
R 109 54 000000a4 0000006f 0
C 110 000000a4 1 1 0 0 0 0 0 1 1 0 0 000000a8 0 0 000000a4 1 1 1 0
C 111 000000a4 1 0 0 0 0 0 1 0 1 0 0 000000a4 0 0 000000a8 1 1 1 1
R 111 55 000000a4 0000006f 0
C 112 000000a4 1 1 0 0 0 0 0 1 1 0 0 000000a8 0 0 000000a4 1 1 1 0
C 113 000000a4 1 0 0 0 0 0 1 0 1 0 0 000000a4 0 0 000000a8 1 1 1 1
R 113 56 000000a4 0000006f 0
C 114 000000a4 1 1 0 0 0 0 0 1 1 0 0 000000a8 0 0 000000a4 1 1 1 0
C 115 000000a4 1 0 0 0 0 0 1 0 1 0 0 000000a4 0 0 000000a8 1 1 1 1
R 115 57 000000a4 0000006f 0
C 116 000000a4 1 1 0 0 0 0 0 1 1 0 0 000000a8 0 0 000000a4 1 1 1 0
C 117 000000a4 1 0 0 0 0 0 1 0 1 0 0 000000a4 0 0 000000a8 1 1 1 1
R 117 58 000000a4 0000006f 0
C 118 000000a4 1 1 0 0 0 0 0 1 1 0 0 000000a8 0 0 000000a4 1 1 1 0
C 119 000000a4 1 0 0 0 0 0 1 0 1 0 0 000000a4 0 0 000000a8 1 1 1 1
R 119 59 000000a4 0000006f 0
C 120 000000a4 1 1 0 0 0 0 0 1 1 0 0 000000a8 0 0 000000a4 1 1 1 0
C 121 000000a4 1 0 0 0 0 0 1 0 1 0 0 000000a4 0 0 000000a8 1 1 1 1
R 121 60 000000a4 0000006f 0
C 122 000000a4 1 1 0 0 0 0 0 1 1 0 0 000000a8 0 0 000000a4 1 1 1 0
C 123 000000a4 1 0 0 0 0 0 1 0 1 0 0 000000a4 0 0 000000a8 1 1 1 1
R 123 61 000000a4 0000006f 0
C 124 000000a4 1 1 0 0 0 0 0 1 1 0 0 000000a8 0 0 000000a4 1 1 1 0
C 125 000000a4 1 0 0 0 0 0 1 0 1 0 0 000000a4 0 0 000000a8 1 1 1 1
R 125 62 000000a4 0000006f 0
C 126 000000a4 1 1 0 0 0 0 0 1 1 0 0 000000a8 0 0 000000a4 1 1 1 0
C 127 000000a4 1 0 0 0 0 0 1 0 1 0 0 000000a4 0 0 000000a8 1 1 1 1
R 127 63 000000a4 0000006f 0
C 128 000000a4 1 1 0 0 0 0 0 1 1 0 0 000000a8 0 0 000000a4 1 1 1 0
C 129 000000a4 1 0 0 0 0 0 1 0 1 0 0 000000a4 0 0 000000a8 1 1 1 1
R 129 64 000000a4 0000006f 0
C 130 000000a4 1 1 0 0 0 0 0 1 1 0 0 000000a8 0 0 000000a4 1 1 1 0
C 131 000000a4 1 0 0 0 0 0 1 0 1 0 0 000000a4 0 0 000000a8 1 1 1 1
R 131 65 000000a4 0000006f 0
C 132 000000a4 1 1 0 0 0 0 0 1 1 0 0 000000a8 0 0 000000a4 1 1 1 0
C 133 000000a4 1 0 0 0 0 0 1 0 1 0 0 000000a4 0 0 000000a8 1 1 1 1
R 133 66 000000a4 0000006f 0
C 134 000000a4 1 1 0 0 0 0 0 1 1 0 0 000000a8 0 0 000000a4 1 1 1 0
C 135 000000a4 1 0 0 0 0 0 1 0 1 0 0 000000a4 0 0 000000a8 1 1 1 1
R 135 67 000000a4 0000006f 0
C 136 000000a4 1 1 0 0 0 0 0 1 1 0 0 000000a8 0 0 000000a4 1 1 1 0
C 137 000000a4 1 0 0 0 0 0 1 0 1 0 0 000000a4 0 0 000000a8 1 1 1 1
R 137 68 000000a4 0000006f 0
C 138 000000a4 1 1 0 0 0 0 0 1 1 0 0 000000a8 0 0 000000a4 1 1 1 0
C 139 000000a4 1 0 0 0 0 0 1 0 1 0 0 000000a4 0 0 000000a8 1 1 1 1
R 139 69 000000a4 0000006f 0
C 140 000000a4 1 1 0 0 0 0 0 1 1 0 0 000000a8 0 0 000000a4 1 1 1 0
C 141 000000a4 1 0 0 0 0 0 1 0 1 0 0 000000a4 0 0 000000a8 1 1 1 1
R 141 70 000000a4 0000006f 0
C 142 000000a4 1 1 0 0 0 0 0 1 1 0 0 000000a8 0 0 000000a4 1 1 1 0
C 143 000000a4 1 0 0 0 0 0 1 0 1 0 0 000000a4 0 0 000000a8 1 1 1 1
R 143 71 000000a4 0000006f 0
C 144 000000a4 1 1 0 0 0 0 0 1 1 0 0 000000a8 0 0 000000a4 1 1 1 0
C 145 000000a4 1 0 0 0 0 0 1 0 1 0 0 000000a4 0 0 000000a8 1 1 1 1
R 145 72 000000a4 0000006f 0
C 146 000000a4 1 1 0 0 0 0 0 1 1 0 0 000000a8 0 0 000000a4 1 1 1 0
C 147 000000a4 1 0 0 0 0 0 1 0 1 0 0 000000a4 0 0 000000a8 1 1 1 1
R 147 73 000000a4 0000006f 0
C 148 000000a4 1 1 0 0 0 0 0 1 1 0 0 000000a8 0 0 000000a4 1 1 1 0
C 149 000000a4 1 0 0 0 0 0 1 0 1 0 0 000000a4 0 0 000000a8 1 1 1 1
R 149 74 000000a4 0000006f 0
C 150 000000a4 1 1 0 0 0 0 0 1 1 0 0 000000a8 0 0 000000a4 1 1 1 0
C 151 000000a4 1 0 0 0 0 0 1 0 1 0 0 000000a4 0 0 000000a8 1 1 1 1
R 151 75 000000a4 0000006f 0
C 152 000000a4 1 1 0 0 0 0 0 1 1 0 0 000000a8 0 0 000000a4 1 1 1 0
C 153 000000a4 1 0 0 0 0 0 1 0 1 0 0 000000a4 0 0 000000a8 1 1 1 1
R 153 76 000000a4 0000006f 0
C 154 000000a4 1 1 0 0 0 0 0 1 1 0 0 000000a8 0 0 000000a4 1 1 1 0
C 155 000000a4 1 0 0 0 0 0 1 0 1 0 0 000000a4 0 0 000000a8 1 1 1 1
R 155 77 000000a4 0000006f 0
C 156 000000a4 1 1 0 0 0 0 0 1 1 0 0 000000a8 0 0 000000a4 1 1 1 0
C 157 000000a4 1 0 0 0 0 0 1 0 1 0 0 000000a4 0 0 000000a8 1 1 1 1
R 157 78 000000a4 0000006f 0
C 158 000000a4 1 1 0 0 0 0 0 1 1 0 0 000000a8 0 0 000000a4 1 1 1 0
C 159 000000a4 1 0 0 0 0 0 1 0 1 0 0 000000a4 0 0 000000a8 1 1 1 1
R 159 79 000000a4 0000006f 0
C 160 000000a4 1 1 0 0 0 0 0 1 1 0 0 000000a8 0 0 000000a4 1 1 1 0
C 161 000000a4 1 0 0 0 0 0 1 0 1 0 0 000000a4 0 0 000000a8 1 1 1 1
R 161 80 000000a4 0000006f 0
C 162 000000a4 1 1 0 0 0 0 0 1 1 0 0 000000a8 0 0 000000a4 1 1 1 0
C 163 000000a4 1 0 0 0 0 0 1 0 1 0 0 000000a4 0 0 000000a8 1 1 1 1
R 163 81 000000a4 0000006f 0
C 164 000000a4 1 1 0 0 0 0 0 1 1 0 0 000000a8 0 0 000000a4 1 1 1 0
C 165 000000a4 1 0 0 0 0 0 1 0 1 0 0 000000a4 0 0 000000a8 1 1 1 1
R 165 82 000000a4 0000006f 0
C 166 000000a4 1 1 0 0 0 0 0 1 1 0 0 000000a8 0 0 000000a4 1 1 1 0
C 167 000000a4 1 0 0 0 0 0 1 0 1 0 0 000000a4 0 0 000000a8 1 1 1 1
R 167 83 000000a4 0000006f 0
C 168 000000a4 1 1 0 0 0 0 0 1 1 0 0 000000a8 0 0 000000a4 1 1 1 0
C 169 000000a4 1 0 0 0 0 0 1 0 1 0 0 000000a4 0 0 000000a8 1 1 1 1
R 169 84 000000a4 0000006f 0
C 170 000000a4 1 1 0 0 0 0 0 1 1 0 0 000000a8 0 0 000000a4 1 1 1 0
C 171 000000a4 1 0 0 0 0 0 1 0 1 0 0 000000a4 0 0 000000a8 1 1 1 1
R 171 85 000000a4 0000006f 0
C 172 000000a4 1 1 0 0 0 0 0 1 1 0 0 000000a8 0 0 000000a4 1 1 1 0
C 173 000000a4 1 0 0 0 0 0 1 0 1 0 0 000000a4 0 0 000000a8 1 1 1 1
R 173 86 000000a4 0000006f 0
C 174 000000a4 1 1 0 0 0 0 0 1 1 0 0 000000a8 0 0 000000a4 1 1 1 0
C 175 000000a4 1 0 0 0 0 0 1 0 1 0 0 000000a4 0 0 000000a8 1 1 1 1
R 175 87 000000a4 0000006f 0
C 176 000000a4 1 1 0 0 0 0 0 1 1 0 0 000000a8 0 0 000000a4 1 1 1 0
C 177 000000a4 1 0 0 0 0 0 1 0 1 0 0 000000a4 0 0 000000a8 1 1 1 1
R 177 88 000000a4 0000006f 0
C 178 000000a4 1 1 0 0 0 0 0 1 1 0 0 000000a8 0 0 000000a4 1 1 1 0
C 179 000000a4 1 0 0 0 0 0 1 0 1 0 0 000000a4 0 0 000000a8 1 1 1 1
R 179 89 000000a4 0000006f 0
C 180 000000a4 1 1 0 0 0 0 0 1 1 0 0 000000a8 0 0 000000a4 1 1 1 0
C 181 000000a4 1 0 0 0 0 0 1 0 1 0 0 000000a4 0 0 000000a8 1 1 1 1
R 181 90 000000a4 0000006f 0
C 182 000000a4 1 1 0 0 0 0 0 1 1 0 0 000000a8 0 0 000000a4 1 1 1 0
C 183 000000a4 1 0 0 0 0 0 1 0 1 0 0 000000a4 0 0 000000a8 1 1 1 1
R 183 91 000000a4 0000006f 0
C 184 000000a4 1 1 0 0 0 0 0 1 1 0 0 000000a8 0 0 000000a4 1 1 1 0
C 185 000000a4 1 0 0 0 0 0 1 0 1 0 0 000000a4 0 0 000000a8 1 1 1 1
R 185 92 000000a4 0000006f 0
C 186 000000a4 1 1 0 0 0 0 0 1 1 0 0 000000a8 0 0 000000a4 1 1 1 0
C 187 000000a4 1 0 0 0 0 0 1 0 1 0 0 000000a4 0 0 000000a8 1 1 1 1
R 187 93 000000a4 0000006f 0
C 188 000000a4 1 1 0 0 0 0 0 1 1 0 0 000000a8 0 0 000000a4 1 1 1 0
C 189 000000a4 1 0 0 0 0 0 1 0 1 0 0 000000a4 0 0 000000a8 1 1 1 1
R 189 94 000000a4 0000006f 0
C 190 000000a4 1 1 0 0 0 0 0 1 1 0 0 000000a8 0 0 000000a4 1 1 1 0
C 191 000000a4 1 0 0 0 0 0 1 0 1 0 0 000000a4 0 0 000000a8 1 1 1 1
R 191 95 000000a4 0000006f 0
C 192 000000a4 1 1 0 0 0 0 0 1 1 0 0 000000a8 0 0 000000a4 1 1 1 0
C 193 000000a4 1 0 0 0 0 0 1 0 1 0 0 000000a4 0 0 000000a8 1 1 1 1
R 193 96 000000a4 0000006f 0
C 194 000000a4 1 1 0 0 0 0 0 1 1 0 0 000000a8 0 0 000000a4 1 1 1 0
C 195 000000a4 1 0 0 0 0 0 1 0 1 0 0 000000a4 0 0 000000a8 1 1 1 1
R 195 97 000000a4 0000006f 0
C 196 000000a4 1 1 0 0 0 0 0 1 1 0 0 000000a8 0 0 000000a4 1 1 1 0
C 197 000000a4 1 0 0 0 0 0 1 0 1 0 0 000000a4 0 0 000000a8 1 1 1 1
R 197 98 000000a4 0000006f 0
C 198 000000a4 1 1 0 0 0 0 0 1 1 0 0 000000a8 0 0 000000a4 1 1 1 0
C 199 000000a4 1 0 0 0 0 0 1 0 1 0 0 000000a4 0 0 000000a8 1 1 1 1
R 199 99 000000a4 0000006f 0
C 200 000000a4 1 1 0 0 0 0 0 1 1 0 0 000000a8 0 0 000000a4 1 1 1 0
C 201 000000a4 1 0 0 0 0 0 1 0 1 0 0 000000a4 0 0 000000a8 1 1 1 1
R 201 100 000000a4 0000006f 0
C 202 000000a4 1 1 0 0 0 0 0 1 1 0 0 000000a8 0 0 000000a4 1 1 1 0
C 203 000000a4 1 0 0 0 0 0 1 0 1 0 0 000000a4 0 0 000000a8 1 1 1 1
R 203 101 000000a4 0000006f 0
C 204 000000a4 1 1 0 0 0 0 0 1 1 0 0 000000a8 0 0 000000a4 1 1 1 0
C 205 000000a4 1 0 0 0 0 0 1 0 1 0 0 000000a4 0 0 000000a8 1 1 1 1
R 205 102 000000a4 0000006f 0
C 206 000000a4 1 1 0 0 0 0 0 1 1 0 0 000000a8 0 0 000000a4 1 1 1 0
C 207 000000a4 1 0 0 0 0 0 1 0 1 0 0 000000a4 0 0 000000a8 1 1 1 1
R 207 103 000000a4 0000006f 0
C 208 000000a4 1 1 0 0 0 0 0 1 1 0 0 000000a8 0 0 000000a4 1 1 1 0
C 209 000000a4 1 0 0 0 0 0 1 0 1 0 0 000000a4 0 0 000000a8 1 1 1 1
R 209 104 000000a4 0000006f 0
C 210 000000a4 1 1 0 0 0 0 0 1 1 0 0 000000a8 0 0 000000a4 1 1 1 0
C 211 000000a4 1 0 0 0 0 0 1 0 1 0 0 000000a4 0 0 000000a8 1 1 1 1
R 211 105 000000a4 0000006f 0
C 212 000000a4 1 1 0 0 0 0 0 1 1 0 0 000000a8 0 0 000000a4 1 1 1 0
C 213 000000a4 1 0 0 0 0 0 1 0 1 0 0 000000a4 0 0 000000a8 1 1 1 1
R 213 106 000000a4 0000006f 0
C 214 000000a4 1 1 0 0 0 0 0 1 1 0 0 000000a8 0 0 000000a4 1 1 1 0
C 215 000000a4 1 0 0 0 0 0 1 0 1 0 0 000000a4 0 0 000000a8 1 1 1 1
R 215 107 000000a4 0000006f 0
C 216 000000a4 1 1 0 0 0 0 0 1 1 0 0 000000a8 0 0 000000a4 1 1 1 0
C 217 000000a4 1 0 0 0 0 0 1 0 1 0 0 000000a4 0 0 000000a8 1 1 1 1
R 217 108 000000a4 0000006f 0
C 218 000000a4 1 1 0 0 0 0 0 1 1 0 0 000000a8 0 0 000000a4 1 1 1 0
C 219 000000a4 1 0 0 0 0 0 1 0 1 0 0 000000a4 0 0 000000a8 1 1 1 1
R 219 109 000000a4 0000006f 0
C 220 000000a4 1 1 0 0 0 0 0 1 1 0 0 000000a8 0 0 000000a4 1 1 1 0
C 221 000000a4 1 0 0 0 0 0 1 0 1 0 0 000000a4 0 0 000000a8 1 1 1 1
R 221 110 000000a4 0000006f 0
C 222 000000a4 1 1 0 0 0 0 0 1 1 0 0 000000a8 0 0 000000a4 1 1 1 0
C 223 000000a4 1 0 0 0 0 0 1 0 1 0 0 000000a4 0 0 000000a8 1 1 1 1
R 223 111 000000a4 0000006f 0
C 224 000000a4 1 1 0 0 0 0 0 1 1 0 0 000000a8 0 0 000000a4 1 1 1 0
C 225 000000a4 1 0 0 0 0 0 1 0 1 0 0 000000a4 0 0 000000a8 1 1 1 1
R 225 112 000000a4 0000006f 0
C 226 000000a4 1 1 0 0 0 0 0 1 1 0 0 000000a8 0 0 000000a4 1 1 1 0
C 227 000000a4 1 0 0 0 0 0 1 0 1 0 0 000000a4 0 0 000000a8 1 1 1 1
R 227 113 000000a4 0000006f 0
C 228 000000a4 1 1 0 0 0 0 0 1 1 0 0 000000a8 0 0 000000a4 1 1 1 0
C 229 000000a4 1 0 0 0 0 0 1 0 1 0 0 000000a4 0 0 000000a8 1 1 1 1
R 229 114 000000a4 0000006f 0
C 230 000000a4 1 1 0 0 0 0 0 1 1 0 0 000000a8 0 0 000000a4 1 1 1 0
C 231 000000a4 1 0 0 0 0 0 1 0 1 0 0 000000a4 0 0 000000a8 1 1 1 1
R 231 115 000000a4 0000006f 0
C 232 000000a4 1 1 0 0 0 0 0 1 1 0 0 000000a8 0 0 000000a4 1 1 1 0
C 233 000000a4 1 0 0 0 0 0 1 0 1 0 0 000000a4 0 0 000000a8 1 1 1 1
R 233 116 000000a4 0000006f 0
C 234 000000a4 1 1 0 0 0 0 0 1 1 0 0 000000a8 0 0 000000a4 1 1 1 0
C 235 000000a4 1 0 0 0 0 0 1 0 1 0 0 000000a4 0 0 000000a8 1 1 1 1
R 235 117 000000a4 0000006f 0
C 236 000000a4 1 1 0 0 0 0 0 1 1 0 0 000000a8 0 0 000000a4 1 1 1 0
C 237 000000a4 1 0 0 0 0 0 1 0 1 0 0 000000a4 0 0 000000a8 1 1 1 1
R 237 118 000000a4 0000006f 0
C 238 000000a4 1 1 0 0 0 0 0 1 1 0 0 000000a8 0 0 000000a4 1 1 1 0
C 239 000000a4 1 0 0 0 0 0 1 0 1 0 0 000000a4 0 0 000000a8 1 1 1 1
R 239 119 000000a4 0000006f 0
C 240 000000a4 1 1 0 0 0 0 0 1 1 0 0 000000a8 0 0 000000a4 1 1 1 0
C 241 000000a4 1 0 0 0 0 0 1 0 1 0 0 000000a4 0 0 000000a8 1 1 1 1
R 241 120 000000a4 0000006f 0
C 242 000000a4 1 1 0 0 0 0 0 1 1 0 0 000000a8 0 0 000000a4 1 1 1 0
C 243 000000a4 1 0 0 0 0 0 1 0 1 0 0 000000a4 0 0 000000a8 1 1 1 1
R 243 121 000000a4 0000006f 0
C 244 000000a4 1 1 0 0 0 0 0 1 1 0 0 000000a8 0 0 000000a4 1 1 1 0
C 245 000000a4 1 0 0 0 0 0 1 0 1 0 0 000000a4 0 0 000000a8 1 1 1 1
R 245 122 000000a4 0000006f 0
C 246 000000a4 1 1 0 0 0 0 0 1 1 0 0 000000a8 0 0 000000a4 1 1 1 0
C 247 000000a4 1 0 0 0 0 0 1 0 1 0 0 000000a4 0 0 000000a8 1 1 1 1
R 247 123 000000a4 0000006f 0
C 248 000000a4 1 1 0 0 0 0 0 1 1 0 0 000000a8 0 0 000000a4 1 1 1 0
C 249 000000a4 1 0 0 0 0 0 1 0 1 0 0 000000a4 0 0 000000a8 1 1 1 1
R 249 124 000000a4 0000006f 0
C 250 000000a4 1 1 0 0 0 0 0 1 1 0 0 000000a8 0 0 000000a4 1 1 1 0
C 251 000000a4 1 0 0 0 0 0 1 0 1 0 0 000000a4 0 0 000000a8 1 1 1 1
R 251 125 000000a4 0000006f 0
C 252 000000a4 1 1 0 0 0 0 0 1 1 0 0 000000a8 0 0 000000a4 1 1 1 0
C 253 000000a4 1 0 0 0 0 0 1 0 1 0 0 000000a4 0 0 000000a8 1 1 1 1
R 253 126 000000a4 0000006f 0
C 254 000000a4 1 1 0 0 0 0 0 1 1 0 0 000000a8 0 0 000000a4 1 1 1 0
C 255 000000a4 1 0 0 0 0 0 1 0 1 0 0 000000a4 0 0 000000a8 1 1 1 1
R 255 127 000000a4 0000006f 0
C 256 000000a4 1 1 0 0 0 0 0 1 1 0 0 000000a8 0 0 000000a4 1 1 1 0
C 257 000000a4 1 0 0 0 0 0 1 0 1 0 0 000000a4 0 0 000000a8 1 1 1 1
R 257 128 000000a4 0000006f 0
C 258 000000a4 1 1 0 0 0 0 0 1 1 0 0 000000a8 0 0 000000a4 1 1 1 0
C 259 000000a4 1 0 0 0 0 0 1 0 1 0 0 000000a4 0 0 000000a8 1 1 1 1
R 259 129 000000a4 0000006f 0
C 260 000000a4 1 1 0 0 0 0 0 1 1 0 0 000000a8 0 0 000000a4 1 1 1 0
C 261 000000a4 1 0 0 0 0 0 1 0 1 0 0 000000a4 0 0 000000a8 1 1 1 1
R 261 130 000000a4 0000006f 0
C 262 000000a4 1 1 0 0 0 0 0 1 1 0 0 000000a8 0 0 000000a4 1 1 1 0
C 263 000000a4 1 0 0 0 0 0 1 0 1 0 0 000000a4 0 0 000000a8 1 1 1 1
R 263 131 000000a4 0000006f 0
C 264 000000a4 1 1 0 0 0 0 0 1 1 0 0 000000a8 0 0 000000a4 1 1 1 0
C 265 000000a4 1 0 0 0 0 0 1 0 1 0 0 000000a4 0 0 000000a8 1 1 1 1
R 265 132 000000a4 0000006f 0
C 266 000000a4 1 1 0 0 0 0 0 1 1 0 0 000000a8 0 0 000000a4 1 1 1 0
C 267 000000a4 1 0 0 0 0 0 1 0 1 0 0 000000a4 0 0 000000a8 1 1 1 1
R 267 133 000000a4 0000006f 0
C 268 000000a4 1 1 0 0 0 0 0 1 1 0 0 000000a8 0 0 000000a4 1 1 1 0
C 269 000000a4 1 0 0 0 0 0 1 0 1 0 0 000000a4 0 0 000000a8 1 1 1 1
R 269 134 000000a4 0000006f 0
C 270 000000a4 1 1 0 0 0 0 0 1 1 0 0 000000a8 0 0 000000a4 1 1 1 0
C 271 000000a4 1 0 0 0 0 0 1 0 1 0 0 000000a4 0 0 000000a8 1 1 1 1
R 271 135 000000a4 0000006f 0
C 272 000000a4 1 1 0 0 0 0 0 1 1 0 0 000000a8 0 0 000000a4 1 1 1 0
C 273 000000a4 1 0 0 0 0 0 1 0 1 0 0 000000a4 0 0 000000a8 1 1 1 1
R 273 136 000000a4 0000006f 0
C 274 000000a4 1 1 0 0 0 0 0 1 1 0 0 000000a8 0 0 000000a4 1 1 1 0
C 275 000000a4 1 0 0 0 0 0 1 0 1 0 0 000000a4 0 0 000000a8 1 1 1 1
R 275 137 000000a4 0000006f 0
C 276 000000a4 1 1 0 0 0 0 0 1 1 0 0 000000a8 0 0 000000a4 1 1 1 0
C 277 000000a4 1 0 0 0 0 0 1 0 1 0 0 000000a4 0 0 000000a8 1 1 1 1
R 277 138 000000a4 0000006f 0
C 278 000000a4 1 1 0 0 0 0 0 1 1 0 0 000000a8 0 0 000000a4 1 1 1 0
C 279 000000a4 1 0 0 0 0 0 1 0 1 0 0 000000a4 0 0 000000a8 1 1 1 1
R 279 139 000000a4 0000006f 0
C 280 000000a4 1 1 0 0 0 0 0 1 1 0 0 000000a8 0 0 000000a4 1 1 1 0
C 281 000000a4 1 0 0 0 0 0 1 0 1 0 0 000000a4 0 0 000000a8 1 1 1 1
R 281 140 000000a4 0000006f 0
C 282 000000a4 1 1 0 0 0 0 0 1 1 0 0 000000a8 0 0 000000a4 1 1 1 0
C 283 000000a4 1 0 0 0 0 0 1 0 1 0 0 000000a4 0 0 000000a8 1 1 1 1
R 283 141 000000a4 0000006f 0
C 284 000000a4 1 1 0 0 0 0 0 1 1 0 0 000000a8 0 0 000000a4 1 1 1 0
C 285 000000a4 1 0 0 0 0 0 1 0 1 0 0 000000a4 0 0 000000a8 1 1 1 1
R 285 142 000000a4 0000006f 0
C 286 000000a4 1 1 0 0 0 0 0 1 1 0 0 000000a8 0 0 000000a4 1 1 1 0
C 287 000000a4 1 0 0 0 0 0 1 0 1 0 0 000000a4 0 0 000000a8 1 1 1 1
R 287 143 000000a4 0000006f 0
C 288 000000a4 1 1 0 0 0 0 0 1 1 0 0 000000a8 0 0 000000a4 1 1 1 0
C 289 000000a4 1 0 0 0 0 0 1 0 1 0 0 000000a4 0 0 000000a8 1 1 1 1
R 289 144 000000a4 0000006f 0
C 290 000000a4 1 1 0 0 0 0 0 1 1 0 0 000000a8 0 0 000000a4 1 1 1 0
C 291 000000a4 1 0 0 0 0 0 1 0 1 0 0 000000a4 0 0 000000a8 1 1 1 1
R 291 145 000000a4 0000006f 0
C 292 000000a4 1 1 0 0 0 0 0 1 1 0 0 000000a8 0 0 000000a4 1 1 1 0
C 293 000000a4 1 0 0 0 0 0 1 0 1 0 0 000000a4 0 0 000000a8 1 1 1 1
R 293 146 000000a4 0000006f 0
C 294 000000a4 1 1 0 0 0 0 0 1 1 0 0 000000a8 0 0 000000a4 1 1 1 0
C 295 000000a4 1 0 0 0 0 0 1 0 1 0 0 000000a4 0 0 000000a8 1 1 1 1
R 295 147 000000a4 0000006f 0
C 296 000000a4 1 1 0 0 0 0 0 1 1 0 0 000000a8 0 0 000000a4 1 1 1 0
C 297 000000a4 1 0 0 0 0 0 1 0 1 0 0 000000a4 0 0 000000a8 1 1 1 1
R 297 148 000000a4 0000006f 0
C 298 000000a4 1 1 0 0 0 0 0 1 1 0 0 000000a8 0 0 000000a4 1 1 1 0
C 299 000000a4 1 0 0 0 0 0 1 0 1 0 0 000000a4 0 0 000000a8 1 1 1 1
R 299 149 000000a4 0000006f 0
C 300 000000a4 1 1 0 0 0 0 0 1 1 0 0 000000a8 0 0 000000a4 1 1 1 0
C 301 000000a4 1 0 0 0 0 0 1 0 1 0 0 000000a4 0 0 000000a8 1 1 1 1
R 301 150 000000a4 0000006f 0
C 302 000000a4 1 1 0 0 0 0 0 1 1 0 0 000000a8 0 0 000000a4 1 1 1 0
C 303 000000a4 1 0 0 0 0 0 1 0 1 0 0 000000a4 0 0 000000a8 1 1 1 1
R 303 151 000000a4 0000006f 0
C 304 000000a4 1 1 0 0 0 0 0 1 1 0 0 000000a8 0 0 000000a4 1 1 1 0
C 305 000000a4 1 0 0 0 0 0 1 0 1 0 0 000000a4 0 0 000000a8 1 1 1 1
R 305 152 000000a4 0000006f 0
C 306 000000a4 1 1 0 0 0 0 0 1 1 0 0 000000a8 0 0 000000a4 1 1 1 0
C 307 000000a4 1 0 0 0 0 0 1 0 1 0 0 000000a4 0 0 000000a8 1 1 1 1
R 307 153 000000a4 0000006f 0
C 308 000000a4 1 1 0 0 0 0 0 1 1 0 0 000000a8 0 0 000000a4 1 1 1 0
C 309 000000a4 1 0 0 0 0 0 1 0 1 0 0 000000a4 0 0 000000a8 1 1 1 1
R 309 154 000000a4 0000006f 0
C 310 000000a4 1 1 0 0 0 0 0 1 1 0 0 000000a8 0 0 000000a4 1 1 1 0
C 311 000000a4 1 0 0 0 0 0 1 0 1 0 0 000000a4 0 0 000000a8 1 1 1 1
R 311 155 000000a4 0000006f 0
C 312 000000a4 1 1 0 0 0 0 0 1 1 0 0 000000a8 0 0 000000a4 1 1 1 0
C 313 000000a4 1 0 0 0 0 0 1 0 1 0 0 000000a4 0 0 000000a8 1 1 1 1
R 313 156 000000a4 0000006f 0
C 314 000000a4 1 1 0 0 0 0 0 1 1 0 0 000000a8 0 0 000000a4 1 1 1 0
C 315 000000a4 1 0 0 0 0 0 1 0 1 0 0 000000a4 0 0 000000a8 1 1 1 1
R 315 157 000000a4 0000006f 0
C 316 000000a4 1 1 0 0 0 0 0 1 1 0 0 000000a8 0 0 000000a4 1 1 1 0
C 317 000000a4 1 0 0 0 0 0 1 0 1 0 0 000000a4 0 0 000000a8 1 1 1 1
R 317 158 000000a4 0000006f 0
C 318 000000a4 1 1 0 0 0 0 0 1 1 0 0 000000a8 0 0 000000a4 1 1 1 0
C 319 000000a4 1 0 0 0 0 0 1 0 1 0 0 000000a4 0 0 000000a8 1 1 1 1
R 319 159 000000a4 0000006f 0
C 320 000000a4 1 1 0 0 0 0 0 1 1 0 0 000000a8 0 0 000000a4 1 1 1 0
C 321 000000a4 1 0 0 0 0 0 1 0 1 0 0 000000a4 0 0 000000a8 1 1 1 1
R 321 160 000000a4 0000006f 0
C 322 000000a4 1 1 0 0 0 0 0 1 1 0 0 000000a8 0 0 000000a4 1 1 1 0
C 323 000000a4 1 0 0 0 0 0 1 0 1 0 0 000000a4 0 0 000000a8 1 1 1 1
R 323 161 000000a4 0000006f 0
C 324 000000a4 1 1 0 0 0 0 0 1 1 0 0 000000a8 0 0 000000a4 1 1 1 0
C 325 000000a4 1 0 0 0 0 0 1 0 1 0 0 000000a4 0 0 000000a8 1 1 1 1
R 325 162 000000a4 0000006f 0
C 326 000000a4 1 1 0 0 0 0 0 1 1 0 0 000000a8 0 0 000000a4 1 1 1 0
C 327 000000a4 1 0 0 0 0 0 1 0 1 0 0 000000a4 0 0 000000a8 1 1 1 1
R 327 163 000000a4 0000006f 0
C 328 000000a4 1 1 0 0 0 0 0 1 1 0 0 000000a8 0 0 000000a4 1 1 1 0
C 329 000000a4 1 0 0 0 0 0 1 0 1 0 0 000000a4 0 0 000000a8 1 1 1 1
R 329 164 000000a4 0000006f 0
C 330 000000a4 1 1 0 0 0 0 0 1 1 0 0 000000a8 0 0 000000a4 1 1 1 0
C 331 000000a4 1 0 0 0 0 0 1 0 1 0 0 000000a4 0 0 000000a8 1 1 1 1
R 331 165 000000a4 0000006f 0
C 332 000000a4 1 1 0 0 0 0 0 1 1 0 0 000000a8 0 0 000000a4 1 1 1 0
C 333 000000a4 1 0 0 0 0 0 1 0 1 0 0 000000a4 0 0 000000a8 1 1 1 1
R 333 166 000000a4 0000006f 0
C 334 000000a4 1 1 0 0 0 0 0 1 1 0 0 000000a8 0 0 000000a4 1 1 1 0
C 335 000000a4 1 0 0 0 0 0 1 0 1 0 0 000000a4 0 0 000000a8 1 1 1 1
R 335 167 000000a4 0000006f 0
C 336 000000a4 1 1 0 0 0 0 0 1 1 0 0 000000a8 0 0 000000a4 1 1 1 0
C 337 000000a4 1 0 0 0 0 0 1 0 1 0 0 000000a4 0 0 000000a8 1 1 1 1
R 337 168 000000a4 0000006f 0
C 338 000000a4 1 1 0 0 0 0 0 1 1 0 0 000000a8 0 0 000000a4 1 1 1 0
C 339 000000a4 1 0 0 0 0 0 1 0 1 0 0 000000a4 0 0 000000a8 1 1 1 1
R 339 169 000000a4 0000006f 0
C 340 000000a4 1 1 0 0 0 0 0 1 1 0 0 000000a8 0 0 000000a4 1 1 1 0
C 341 000000a4 1 0 0 0 0 0 1 0 1 0 0 000000a4 0 0 000000a8 1 1 1 1
R 341 170 000000a4 0000006f 0
C 342 000000a4 1 1 0 0 0 0 0 1 1 0 0 000000a8 0 0 000000a4 1 1 1 0
C 343 000000a4 1 0 0 0 0 0 1 0 1 0 0 000000a4 0 0 000000a8 1 1 1 1
R 343 171 000000a4 0000006f 0
C 344 000000a4 1 1 0 0 0 0 0 1 1 0 0 000000a8 0 0 000000a4 1 1 1 0
C 345 000000a4 1 0 0 0 0 0 1 0 1 0 0 000000a4 0 0 000000a8 1 1 1 1
R 345 172 000000a4 0000006f 0
C 346 000000a4 1 1 0 0 0 0 0 1 1 0 0 000000a8 0 0 000000a4 1 1 1 0
C 347 000000a4 1 0 0 0 0 0 1 0 1 0 0 000000a4 0 0 000000a8 1 1 1 1
R 347 173 000000a4 0000006f 0
C 348 000000a4 1 1 0 0 0 0 0 1 1 0 0 000000a8 0 0 000000a4 1 1 1 0
C 349 000000a4 1 0 0 0 0 0 1 0 1 0 0 000000a4 0 0 000000a8 1 1 1 1
R 349 174 000000a4 0000006f 0
C 350 000000a4 1 1 0 0 0 0 0 1 1 0 0 000000a8 0 0 000000a4 1 1 1 0
C 351 000000a4 1 0 0 0 0 0 1 0 1 0 0 000000a4 0 0 000000a8 1 1 1 1
R 351 175 000000a4 0000006f 0
C 352 000000a4 1 1 0 0 0 0 0 1 1 0 0 000000a8 0 0 000000a4 1 1 1 0
C 353 000000a4 1 0 0 0 0 0 1 0 1 0 0 000000a4 0 0 000000a8 1 1 1 1
R 353 176 000000a4 0000006f 0
C 354 000000a4 1 1 0 0 0 0 0 1 1 0 0 000000a8 0 0 000000a4 1 1 1 0
C 355 000000a4 1 0 0 0 0 0 1 0 1 0 0 000000a4 0 0 000000a8 1 1 1 1
R 355 177 000000a4 0000006f 0
C 356 000000a4 1 1 0 0 0 0 0 1 1 0 0 000000a8 0 0 000000a4 1 1 1 0
C 357 000000a4 1 0 0 0 0 0 1 0 1 0 0 000000a4 0 0 000000a8 1 1 1 1
R 357 178 000000a4 0000006f 0
C 358 000000a4 1 1 0 0 0 0 0 1 1 0 0 000000a8 0 0 000000a4 1 1 1 0
C 359 000000a4 1 0 0 0 0 0 1 0 1 0 0 000000a4 0 0 000000a8 1 1 1 1
R 359 179 000000a4 0000006f 0
C 360 000000a4 1 1 0 0 0 0 0 1 1 0 0 000000a8 0 0 000000a4 1 1 1 0
C 361 000000a4 1 0 0 0 0 0 1 0 1 0 0 000000a4 0 0 000000a8 1 1 1 1
R 361 180 000000a4 0000006f 0
C 362 000000a4 1 1 0 0 0 0 0 1 1 0 0 000000a8 0 0 000000a4 1 1 1 0
C 363 000000a4 1 0 0 0 0 0 1 0 1 0 0 000000a4 0 0 000000a8 1 1 1 1
R 363 181 000000a4 0000006f 0
C 364 000000a4 1 1 0 0 0 0 0 1 1 0 0 000000a8 0 0 000000a4 1 1 1 0
C 365 000000a4 1 0 0 0 0 0 1 0 1 0 0 000000a4 0 0 000000a8 1 1 1 1
R 365 182 000000a4 0000006f 0
C 366 000000a4 1 1 0 0 0 0 0 1 1 0 0 000000a8 0 0 000000a4 1 1 1 0
C 367 000000a4 1 0 0 0 0 0 1 0 1 0 0 000000a4 0 0 000000a8 1 1 1 1
R 367 183 000000a4 0000006f 0
C 368 000000a4 1 1 0 0 0 0 0 1 1 0 0 000000a8 0 0 000000a4 1 1 1 0
C 369 000000a4 1 0 0 0 0 0 1 0 1 0 0 000000a4 0 0 000000a8 1 1 1 1
R 369 184 000000a4 0000006f 0
C 370 000000a4 1 1 0 0 0 0 0 1 1 0 0 000000a8 0 0 000000a4 1 1 1 0
C 371 000000a4 1 0 0 0 0 0 1 0 1 0 0 000000a4 0 0 000000a8 1 1 1 1
R 371 185 000000a4 0000006f 0
C 372 000000a4 1 1 0 0 0 0 0 1 1 0 0 000000a8 0 0 000000a4 1 1 1 0
C 373 000000a4 1 0 0 0 0 0 1 0 1 0 0 000000a4 0 0 000000a8 1 1 1 1
R 373 186 000000a4 0000006f 0
C 374 000000a4 1 1 0 0 0 0 0 1 1 0 0 000000a8 0 0 000000a4 1 1 1 0
C 375 000000a4 1 0 0 0 0 0 1 0 1 0 0 000000a4 0 0 000000a8 1 1 1 1
R 375 187 000000a4 0000006f 0
C 376 000000a4 1 1 0 0 0 0 0 1 1 0 0 000000a8 0 0 000000a4 1 1 1 0
C 377 000000a4 1 0 0 0 0 0 1 0 1 0 0 000000a4 0 0 000000a8 1 1 1 1
R 377 188 000000a4 0000006f 0
C 378 000000a4 1 1 0 0 0 0 0 1 1 0 0 000000a8 0 0 000000a4 1 1 1 0
C 379 000000a4 1 0 0 0 0 0 1 0 1 0 0 000000a4 0 0 000000a8 1 1 1 1
R 379 189 000000a4 0000006f 0
C 380 000000a4 1 1 0 0 0 0 0 1 1 0 0 000000a8 0 0 000000a4 1 1 1 0
C 381 000000a4 1 0 0 0 0 0 1 0 1 0 0 000000a4 0 0 000000a8 1 1 1 1
R 381 190 000000a4 0000006f 0
C 382 000000a4 1 1 0 0 0 0 0 1 1 0 0 000000a8 0 0 000000a4 1 1 1 0
C 383 000000a4 1 0 0 0 0 0 1 0 1 0 0 000000a4 0 0 000000a8 1 1 1 1
R 383 191 000000a4 0000006f 0
C 384 000000a4 1 1 0 0 0 0 0 1 1 0 0 000000a8 0 0 000000a4 1 1 1 0
C 385 000000a4 1 0 0 0 0 0 1 0 1 0 0 000000a4 0 0 000000a8 1 1 1 1
R 385 192 000000a4 0000006f 0
C 386 000000a4 1 1 0 0 0 0 0 1 1 0 0 000000a8 0 0 000000a4 1 1 1 0
C 387 000000a4 1 0 0 0 0 0 1 0 1 0 0 000000a4 0 0 000000a8 1 1 1 1
R 387 193 000000a4 0000006f 0
C 388 000000a4 1 1 0 0 0 0 0 1 1 0 0 000000a8 0 0 000000a4 1 1 1 0
C 389 000000a4 1 0 0 0 0 0 1 0 1 0 0 000000a4 0 0 000000a8 1 1 1 1
R 389 194 000000a4 0000006f 0
C 390 000000a4 1 1 0 0 0 0 0 1 1 0 0 000000a8 0 0 000000a4 1 1 1 0
C 391 000000a4 1 0 0 0 0 0 1 0 1 0 0 000000a4 0 0 000000a8 1 1 1 1
R 391 195 000000a4 0000006f 0
C 392 000000a4 1 1 0 0 0 0 0 1 1 0 0 000000a8 0 0 000000a4 1 1 1 0
C 393 000000a4 1 0 0 0 0 0 1 0 1 0 0 000000a4 0 0 000000a8 1 1 1 1
R 393 196 000000a4 0000006f 0
C 394 000000a4 1 1 0 0 0 0 0 1 1 0 0 000000a8 0 0 000000a4 1 1 1 0
C 395 000000a4 1 0 0 0 0 0 1 0 1 0 0 000000a4 0 0 000000a8 1 1 1 1
R 395 197 000000a4 0000006f 0
C 396 000000a4 1 1 0 0 0 0 0 1 1 0 0 000000a8 0 0 000000a4 1 1 1 0
C 397 000000a4 1 0 0 0 0 0 1 0 1 0 0 000000a4 0 0 000000a8 1 1 1 1
R 397 198 000000a4 0000006f 0
C 398 000000a4 1 1 0 0 0 0 0 1 1 0 0 000000a8 0 0 000000a4 1 1 1 0
C 399 000000a4 1 0 0 0 0 0 1 0 1 0 0 000000a4 0 0 000000a8 1 1 1 1
R 399 199 000000a4 0000006f 0
REG 0 00000000
REG 1 00000200
REG 2 00000055
REG 3 00000055
REG 4 00000056
REG 5 00000056
REG 6 00000000
REG 7 00000000
REG 8 00000000
REG 9 00000000
REG 10 00000000
REG 11 00000000
REG 12 00000000
REG 13 00000000
REG 14 00000000
REG 15 00000000
REG 16 00000000
REG 17 00000000
REG 18 00000000
REG 19 00000000
REG 20 00000000
REG 21 00000000
REG 22 00000000
REG 23 00000000
REG 24 00000000
REG 25 00000000
REG 26 00000000
REG 27 00000000
REG 28 00000000
REG 29 00000000
REG 30 00000000
REG 31 0000007b
MEM 00000200 56000055
MEM 00000204 44000000
MEM 00000208 44332211
MEM 0000020c 44332211
MEM 00000210 44332211
FINISH
- /home/dungpc/ndmoney4porche/projects/ibex/doc/dungpc/microarchitecture/scripts/core_tb.sv:116: Verilog $finish
