CONFIG WB=0 BT=0 M=1 latency=1 ilatency=1 grant_period=1
C 0 00000000 0 0 0 0 0 0 0 0 1 0 0 00000000 0 0 00000080 0 0 0 1
C 1 00000000 0 0 0 0 0 0 0 0 1 0 0 00000000 0 0 00000080 1 1 0 1
C 2 00000000 0 0 0 0 0 0 0 0 1 0 0 00000000 0 0 00000080 1 1 1 0
C 3 00000080 1 0 0 0 0 0 0 1 1 0 0 00000090 0 0 00000084 1 1 1 0
W 3 1 00000090
C 4 00000084 1 0 0 0 0 0 0 1 1 0 0 fffffd4c 0 0 00000088 1 1 1 0
R 4 1 00000080 09000093 0
C 5 00000088 1 0 0 0 0 0 0 1 1 0 0 fffffcfc 0 0 0000008c 1 1 1 0
R 5 2 00000084 34109073 0
C 6 00000088 1 0 0 0 0 0 0 0 1 0 0 fffffcfc 0 0 0000008c 1 1 1 1
R 6 3 00000088 30200073 0
C 7 00000088 0 0 0 0 0 0 0 0 1 0 0 fffffcfc 0 0 00000090 1 1 1 0
C 8 00000090 1 0 0 0 0 0 0 1 1 0 0 00000078 0 0 00000094 1 1 1 0
W 8 31 0000007b
C 9 00000094 1 0 0 0 0 0 1 0 1 0 0 00000094 0 0 00000098 1 1 1 1
R 9 4 00000090 07b00f93 0
C 10 00000094 1 1 0 0 0 0 0 1 1 0 0 00000098 0 0 00000094 1 1 1 0
C 11 00000094 1 0 0 0 0 0 1 0 1 0 0 00000094 0 0 00000098 1 1 1 1
R 11 5 00000094 0000006f 0
C 12 00000094 1 1 0 0 0 0 0 1 1 0 0 00000098 0 0 00000094 1 1 1 0
C 13 00000094 1 0 0 0 0 0 1 0 1 0 0 00000094 0 0 00000098 1 1 1 1
R 13 6 00000094 0000006f 0
C 14 00000094 1 1 0 0 0 0 0 1 1 0 0 00000098 0 0 00000094 1 1 1 0
C 15 00000094 1 0 0 0 0 0 1 0 1 0 0 00000094 0 0 00000098 1 1 1 1
R 15 7 00000094 0000006f 0
C 16 00000094 1 1 0 0 0 0 0 1 1 0 0 00000098 0 0 00000094 1 1 1 0
C 17 00000094 1 0 0 0 0 0 1 0 1 0 0 00000094 0 0 00000098 1 1 1 1
R 17 8 00000094 0000006f 0
C 18 00000094 1 1 0 0 0 0 0 1 1 0 0 00000098 0 0 00000094 1 1 1 0
C 19 00000094 1 0 0 0 0 0 1 0 1 0 0 00000094 0 0 00000098 1 1 1 1
R 19 9 00000094 0000006f 0
C 20 00000094 1 1 0 0 0 0 0 1 1 0 0 00000098 0 0 00000094 1 1 1 0
C 21 00000094 1 0 0 0 0 0 1 0 1 0 0 00000094 0 0 00000098 1 1 1 1
R 21 10 00000094 0000006f 0
C 22 00000094 1 1 0 0 0 0 0 1 1 0 0 00000098 0 0 00000094 1 1 1 0
C 23 00000094 1 0 0 0 0 0 1 0 1 0 0 00000094 0 0 00000098 1 1 1 1
R 23 11 00000094 0000006f 0
C 24 00000094 1 1 0 0 0 0 0 1 1 0 0 00000098 0 0 00000094 1 1 1 0
C 25 00000094 1 0 0 0 0 0 1 0 1 0 0 00000094 0 0 00000098 1 1 1 1
R 25 12 00000094 0000006f 0
C 26 00000094 1 1 0 0 0 0 0 1 1 0 0 00000098 0 0 00000094 1 1 1 0
C 27 00000094 1 0 0 0 0 0 1 0 1 0 0 00000094 0 0 00000098 1 1 1 1
R 27 13 00000094 0000006f 0
C 28 00000094 1 1 0 0 0 0 0 1 1 0 0 00000098 0 0 00000094 1 1 1 0
C 29 00000094 1 0 0 0 0 0 1 0 1 0 0 00000094 0 0 00000098 1 1 1 1
R 29 14 00000094 0000006f 0
C 30 00000094 1 1 0 0 0 0 0 1 1 0 0 00000098 0 0 00000094 1 1 1 0
C 31 00000094 1 0 0 0 0 0 1 0 1 0 0 00000094 0 0 00000098 1 1 1 1
R 31 15 00000094 0000006f 0
C 32 00000094 1 1 0 0 0 0 0 1 1 0 0 00000098 0 0 00000094 1 1 1 0
C 33 00000094 1 0 0 0 0 0 1 0 1 0 0 00000094 0 0 00000098 1 1 1 1
R 33 16 00000094 0000006f 0
C 34 00000094 1 1 0 0 0 0 0 1 1 0 0 00000098 0 0 00000094 1 1 1 0
C 35 00000094 1 0 0 0 0 0 1 0 1 0 0 00000094 0 0 00000098 1 1 1 1
R 35 17 00000094 0000006f 0
C 36 00000094 1 1 0 0 0 0 0 1 1 0 0 00000098 0 0 00000094 1 1 1 0
C 37 00000094 1 0 0 0 0 0 1 0 1 0 0 00000094 0 0 00000098 1 1 1 1
R 37 18 00000094 0000006f 0
C 38 00000094 1 1 0 0 0 0 0 1 1 0 0 00000098 0 0 00000094 1 1 1 0
C 39 00000094 1 0 0 0 0 0 1 0 1 0 0 00000094 0 0 00000098 1 1 1 1
R 39 19 00000094 0000006f 0
C 40 00000094 1 1 0 0 0 0 0 1 1 0 0 00000098 0 0 00000094 1 1 1 0
C 41 00000094 1 0 0 0 0 0 1 0 1 0 0 00000094 0 0 00000098 1 1 1 1
R 41 20 00000094 0000006f 0
C 42 00000094 1 1 0 0 0 0 0 1 1 0 0 00000098 0 0 00000094 1 1 1 0
C 43 00000094 1 0 0 0 0 0 1 0 1 0 0 00000094 0 0 00000098 1 1 1 1
R 43 21 00000094 0000006f 0
C 44 00000094 1 1 0 0 0 0 0 1 1 0 0 00000098 0 0 00000094 1 1 1 0
C 45 00000094 1 0 0 0 0 0 1 0 1 0 0 00000094 0 0 00000098 1 1 1 1
R 45 22 00000094 0000006f 0
C 46 00000094 1 1 0 0 0 0 0 1 1 0 0 00000098 0 0 00000094 1 1 1 0
C 47 00000094 1 0 0 0 0 0 1 0 1 0 0 00000094 0 0 00000098 1 1 1 1
R 47 23 00000094 0000006f 0
C 48 00000094 1 1 0 0 0 0 0 1 1 0 0 00000098 0 0 00000094 1 1 1 0
C 49 00000094 1 0 0 0 0 0 1 0 1 0 0 00000094 0 0 00000098 1 1 1 1
R 49 24 00000094 0000006f 0
C 50 00000094 1 1 0 0 0 0 0 1 1 0 0 00000098 0 0 00000094 1 1 1 0
C 51 00000094 1 0 0 0 0 0 1 0 1 0 0 00000094 0 0 00000098 1 1 1 1
R 51 25 00000094 0000006f 0
C 52 00000094 1 1 0 0 0 0 0 1 1 0 0 00000098 0 0 00000094 1 1 1 0
C 53 00000094 1 0 0 0 0 0 1 0 1 0 0 00000094 0 0 00000098 1 1 1 1
R 53 26 00000094 0000006f 0
C 54 00000094 1 1 0 0 0 0 0 1 1 0 0 00000098 0 0 00000094 1 1 1 0
C 55 00000094 1 0 0 0 0 0 1 0 1 0 0 00000094 0 0 00000098 1 1 1 1
R 55 27 00000094 0000006f 0
C 56 00000094 1 1 0 0 0 0 0 1 1 0 0 00000098 0 0 00000094 1 1 1 0
C 57 00000094 1 0 0 0 0 0 1 0 1 0 0 00000094 0 0 00000098 1 1 1 1
R 57 28 00000094 0000006f 0
C 58 00000094 1 1 0 0 0 0 0 1 1 0 0 00000098 0 0 00000094 1 1 1 0
C 59 00000094 1 0 0 0 0 0 1 0 1 0 0 00000094 0 0 00000098 1 1 1 1
R 59 29 00000094 0000006f 0
C 60 00000094 1 1 0 0 0 0 0 1 1 0 0 00000098 0 0 00000094 1 1 1 0
C 61 00000094 1 0 0 0 0 0 1 0 1 0 0 00000094 0 0 00000098 1 1 1 1
R 61 30 00000094 0000006f 0
C 62 00000094 1 1 0 0 0 0 0 1 1 0 0 00000098 0 0 00000094 1 1 1 0
C 63 00000094 1 0 0 0 0 0 1 0 1 0 0 00000094 0 0 00000098 1 1 1 1
R 63 31 00000094 0000006f 0
C 64 00000094 1 1 0 0 0 0 0 1 1 0 0 00000098 0 0 00000094 1 1 1 0
C 65 00000094 1 0 0 0 0 0 1 0 1 0 0 00000094 0 0 00000098 1 1 1 1
R 65 32 00000094 0000006f 0
C 66 00000094 1 1 0 0 0 0 0 1 1 0 0 00000098 0 0 00000094 1 1 1 0
C 67 00000094 1 0 0 0 0 0 1 0 1 0 0 00000094 0 0 00000098 1 1 1 1
R 67 33 00000094 0000006f 0
C 68 00000094 1 1 0 0 0 0 0 1 1 0 0 00000098 0 0 00000094 1 1 1 0
C 69 00000094 1 0 0 0 0 0 1 0 1 0 0 00000094 0 0 00000098 1 1 1 1
R 69 34 00000094 0000006f 0
C 70 00000094 1 1 0 0 0 0 0 1 1 0 0 00000098 0 0 00000094 1 1 1 0
C 71 00000094 1 0 0 0 0 0 1 0 1 0 0 00000094 0 0 00000098 1 1 1 1
R 71 35 00000094 0000006f 0
C 72 00000094 1 1 0 0 0 0 0 1 1 0 0 00000098 0 0 00000094 1 1 1 0
C 73 00000094 1 0 0 0 0 0 1 0 1 0 0 00000094 0 0 00000098 1 1 1 1
R 73 36 00000094 0000006f 0
C 74 00000094 1 1 0 0 0 0 0 1 1 0 0 00000098 0 0 00000094 1 1 1 0
C 75 00000094 1 0 0 0 0 0 1 0 1 0 0 00000094 0 0 00000098 1 1 1 1
R 75 37 00000094 0000006f 0
C 76 00000094 1 1 0 0 0 0 0 1 1 0 0 00000098 0 0 00000094 1 1 1 0
C 77 00000094 1 0 0 0 0 0 1 0 1 0 0 00000094 0 0 00000098 1 1 1 1
R 77 38 00000094 0000006f 0
C 78 00000094 1 1 0 0 0 0 0 1 1 0 0 00000098 0 0 00000094 1 1 1 0
C 79 00000094 1 0 0 0 0 0 1 0 1 0 0 00000094 0 0 00000098 1 1 1 1
R 79 39 00000094 0000006f 0
C 80 00000094 1 1 0 0 0 0 0 1 1 0 0 00000098 0 0 00000094 1 1 1 0
C 81 00000094 1 0 0 0 0 0 1 0 1 0 0 00000094 0 0 00000098 1 1 1 1
R 81 40 00000094 0000006f 0
C 82 00000094 1 1 0 0 0 0 0 1 1 0 0 00000098 0 0 00000094 1 1 1 0
C 83 00000094 1 0 0 0 0 0 1 0 1 0 0 00000094 0 0 00000098 1 1 1 1
R 83 41 00000094 0000006f 0
C 84 00000094 1 1 0 0 0 0 0 1 1 0 0 00000098 0 0 00000094 1 1 1 0
C 85 00000094 1 0 0 0 0 0 1 0 1 0 0 00000094 0 0 00000098 1 1 1 1
R 85 42 00000094 0000006f 0
C 86 00000094 1 1 0 0 0 0 0 1 1 0 0 00000098 0 0 00000094 1 1 1 0
C 87 00000094 1 0 0 0 0 0 1 0 1 0 0 00000094 0 0 00000098 1 1 1 1
R 87 43 00000094 0000006f 0
C 88 00000094 1 1 0 0 0 0 0 1 1 0 0 00000098 0 0 00000094 1 1 1 0
C 89 00000094 1 0 0 0 0 0 1 0 1 0 0 00000094 0 0 00000098 1 1 1 1
R 89 44 00000094 0000006f 0
C 90 00000094 1 1 0 0 0 0 0 1 1 0 0 00000098 0 0 00000094 1 1 1 0
C 91 00000094 1 0 0 0 0 0 1 0 1 0 0 00000094 0 0 00000098 1 1 1 1
R 91 45 00000094 0000006f 0
C 92 00000094 1 1 0 0 0 0 0 1 1 0 0 00000098 0 0 00000094 1 1 1 0
C 93 00000094 1 0 0 0 0 0 1 0 1 0 0 00000094 0 0 00000098 1 1 1 1
R 93 46 00000094 0000006f 0
C 94 00000094 1 1 0 0 0 0 0 1 1 0 0 00000098 0 0 00000094 1 1 1 0
C 95 00000094 1 0 0 0 0 0 1 0 1 0 0 00000094 0 0 00000098 1 1 1 1
R 95 47 00000094 0000006f 0
C 96 00000094 1 1 0 0 0 0 0 1 1 0 0 00000098 0 0 00000094 1 1 1 0
C 97 00000094 1 0 0 0 0 0 1 0 1 0 0 00000094 0 0 00000098 1 1 1 1
R 97 48 00000094 0000006f 0
C 98 00000094 1 1 0 0 0 0 0 1 1 0 0 00000098 0 0 00000094 1 1 1 0
C 99 00000094 1 0 0 0 0 0 1 0 1 0 0 00000094 0 0 00000098 1 1 1 1
R 99 49 00000094 0000006f 0
C 100 00000094 1 1 0 0 0 0 0 1 1 0 0 00000098 0 0 00000094 1 1 1 0
C 101 00000094 1 0 0 0 0 0 1 0 1 0 0 00000094 0 0 00000098 1 1 1 1
R 101 50 00000094 0000006f 0
C 102 00000094 1 1 0 0 0 0 0 1 1 0 0 00000098 0 0 00000094 1 1 1 0
C 103 00000094 1 0 0 0 0 0 1 0 1 0 0 00000094 0 0 00000098 1 1 1 1
R 103 51 00000094 0000006f 0
C 104 00000094 1 1 0 0 0 0 0 1 1 0 0 00000098 0 0 00000094 1 1 1 0
C 105 00000094 1 0 0 0 0 0 1 0 1 0 0 00000094 0 0 00000098 1 1 1 1
R 105 52 00000094 0000006f 0
C 106 00000094 1 1 0 0 0 0 0 1 1 0 0 00000098 0 0 00000094 1 1 1 0
C 107 00000094 1 0 0 0 0 0 1 0 1 0 0 00000094 0 0 00000098 1 1 1 1
R 107 53 00000094 0000006f 0
C 108 00000094 1 1 0 0 0 0 0 1 1 0 0 00000098 0 0 00000094 1 1 1 0
C 109 00000094 1 0 0 0 0 0 1 0 1 0 0 00000094 0 0 00000098 1 1 1 1
R 109 54 00000094 0000006f 0
C 110 00000094 1 1 0 0 0 0 0 1 1 0 0 00000098 0 0 00000094 1 1 1 0
C 111 00000094 1 0 0 0 0 0 1 0 1 0 0 00000094 0 0 00000098 1 1 1 1
R 111 55 00000094 0000006f 0
C 112 00000094 1 1 0 0 0 0 0 1 1 0 0 00000098 0 0 00000094 1 1 1 0
C 113 00000094 1 0 0 0 0 0 1 0 1 0 0 00000094 0 0 00000098 1 1 1 1
R 113 56 00000094 0000006f 0
C 114 00000094 1 1 0 0 0 0 0 1 1 0 0 00000098 0 0 00000094 1 1 1 0
C 115 00000094 1 0 0 0 0 0 1 0 1 0 0 00000094 0 0 00000098 1 1 1 1
R 115 57 00000094 0000006f 0
C 116 00000094 1 1 0 0 0 0 0 1 1 0 0 00000098 0 0 00000094 1 1 1 0
C 117 00000094 1 0 0 0 0 0 1 0 1 0 0 00000094 0 0 00000098 1 1 1 1
R 117 58 00000094 0000006f 0
C 118 00000094 1 1 0 0 0 0 0 1 1 0 0 00000098 0 0 00000094 1 1 1 0
C 119 00000094 1 0 0 0 0 0 1 0 1 0 0 00000094 0 0 00000098 1 1 1 1
R 119 59 00000094 0000006f 0
C 120 00000094 1 1 0 0 0 0 0 1 1 0 0 00000098 0 0 00000094 1 1 1 0
C 121 00000094 1 0 0 0 0 0 1 0 1 0 0 00000094 0 0 00000098 1 1 1 1
R 121 60 00000094 0000006f 0
C 122 00000094 1 1 0 0 0 0 0 1 1 0 0 00000098 0 0 00000094 1 1 1 0
C 123 00000094 1 0 0 0 0 0 1 0 1 0 0 00000094 0 0 00000098 1 1 1 1
R 123 61 00000094 0000006f 0
C 124 00000094 1 1 0 0 0 0 0 1 1 0 0 00000098 0 0 00000094 1 1 1 0
C 125 00000094 1 0 0 0 0 0 1 0 1 0 0 00000094 0 0 00000098 1 1 1 1
R 125 62 00000094 0000006f 0
C 126 00000094 1 1 0 0 0 0 0 1 1 0 0 00000098 0 0 00000094 1 1 1 0
C 127 00000094 1 0 0 0 0 0 1 0 1 0 0 00000094 0 0 00000098 1 1 1 1
R 127 63 00000094 0000006f 0
C 128 00000094 1 1 0 0 0 0 0 1 1 0 0 00000098 0 0 00000094 1 1 1 0
C 129 00000094 1 0 0 0 0 0 1 0 1 0 0 00000094 0 0 00000098 1 1 1 1
R 129 64 00000094 0000006f 0
C 130 00000094 1 1 0 0 0 0 0 1 1 0 0 00000098 0 0 00000094 1 1 1 0
C 131 00000094 1 0 0 0 0 0 1 0 1 0 0 00000094 0 0 00000098 1 1 1 1
R 131 65 00000094 0000006f 0
C 132 00000094 1 1 0 0 0 0 0 1 1 0 0 00000098 0 0 00000094 1 1 1 0
C 133 00000094 1 0 0 0 0 0 1 0 1 0 0 00000094 0 0 00000098 1 1 1 1
R 133 66 00000094 0000006f 0
C 134 00000094 1 1 0 0 0 0 0 1 1 0 0 00000098 0 0 00000094 1 1 1 0
C 135 00000094 1 0 0 0 0 0 1 0 1 0 0 00000094 0 0 00000098 1 1 1 1
R 135 67 00000094 0000006f 0
C 136 00000094 1 1 0 0 0 0 0 1 1 0 0 00000098 0 0 00000094 1 1 1 0
C 137 00000094 1 0 0 0 0 0 1 0 1 0 0 00000094 0 0 00000098 1 1 1 1
R 137 68 00000094 0000006f 0
C 138 00000094 1 1 0 0 0 0 0 1 1 0 0 00000098 0 0 00000094 1 1 1 0
C 139 00000094 1 0 0 0 0 0 1 0 1 0 0 00000094 0 0 00000098 1 1 1 1
R 139 69 00000094 0000006f 0
C 140 00000094 1 1 0 0 0 0 0 1 1 0 0 00000098 0 0 00000094 1 1 1 0
C 141 00000094 1 0 0 0 0 0 1 0 1 0 0 00000094 0 0 00000098 1 1 1 1
R 141 70 00000094 0000006f 0
C 142 00000094 1 1 0 0 0 0 0 1 1 0 0 00000098 0 0 00000094 1 1 1 0
C 143 00000094 1 0 0 0 0 0 1 0 1 0 0 00000094 0 0 00000098 1 1 1 1
R 143 71 00000094 0000006f 0
C 144 00000094 1 1 0 0 0 0 0 1 1 0 0 00000098 0 0 00000094 1 1 1 0
C 145 00000094 1 0 0 0 0 0 1 0 1 0 0 00000094 0 0 00000098 1 1 1 1
R 145 72 00000094 0000006f 0
C 146 00000094 1 1 0 0 0 0 0 1 1 0 0 00000098 0 0 00000094 1 1 1 0
C 147 00000094 1 0 0 0 0 0 1 0 1 0 0 00000094 0 0 00000098 1 1 1 1
R 147 73 00000094 0000006f 0
C 148 00000094 1 1 0 0 0 0 0 1 1 0 0 00000098 0 0 00000094 1 1 1 0
C 149 00000094 1 0 0 0 0 0 1 0 1 0 0 00000094 0 0 00000098 1 1 1 1
R 149 74 00000094 0000006f 0
C 150 00000094 1 1 0 0 0 0 0 1 1 0 0 00000098 0 0 00000094 1 1 1 0
C 151 00000094 1 0 0 0 0 0 1 0 1 0 0 00000094 0 0 00000098 1 1 1 1
R 151 75 00000094 0000006f 0
C 152 00000094 1 1 0 0 0 0 0 1 1 0 0 00000098 0 0 00000094 1 1 1 0
C 153 00000094 1 0 0 0 0 0 1 0 1 0 0 00000094 0 0 00000098 1 1 1 1
R 153 76 00000094 0000006f 0
C 154 00000094 1 1 0 0 0 0 0 1 1 0 0 00000098 0 0 00000094 1 1 1 0
C 155 00000094 1 0 0 0 0 0 1 0 1 0 0 00000094 0 0 00000098 1 1 1 1
R 155 77 00000094 0000006f 0
C 156 00000094 1 1 0 0 0 0 0 1 1 0 0 00000098 0 0 00000094 1 1 1 0
C 157 00000094 1 0 0 0 0 0 1 0 1 0 0 00000094 0 0 00000098 1 1 1 1
R 157 78 00000094 0000006f 0
C 158 00000094 1 1 0 0 0 0 0 1 1 0 0 00000098 0 0 00000094 1 1 1 0
C 159 00000094 1 0 0 0 0 0 1 0 1 0 0 00000094 0 0 00000098 1 1 1 1
R 159 79 00000094 0000006f 0
C 160 00000094 1 1 0 0 0 0 0 1 1 0 0 00000098 0 0 00000094 1 1 1 0
C 161 00000094 1 0 0 0 0 0 1 0 1 0 0 00000094 0 0 00000098 1 1 1 1
R 161 80 00000094 0000006f 0
C 162 00000094 1 1 0 0 0 0 0 1 1 0 0 00000098 0 0 00000094 1 1 1 0
C 163 00000094 1 0 0 0 0 0 1 0 1 0 0 00000094 0 0 00000098 1 1 1 1
R 163 81 00000094 0000006f 0
C 164 00000094 1 1 0 0 0 0 0 1 1 0 0 00000098 0 0 00000094 1 1 1 0
C 165 00000094 1 0 0 0 0 0 1 0 1 0 0 00000094 0 0 00000098 1 1 1 1
R 165 82 00000094 0000006f 0
C 166 00000094 1 1 0 0 0 0 0 1 1 0 0 00000098 0 0 00000094 1 1 1 0
C 167 00000094 1 0 0 0 0 0 1 0 1 0 0 00000094 0 0 00000098 1 1 1 1
R 167 83 00000094 0000006f 0
C 168 00000094 1 1 0 0 0 0 0 1 1 0 0 00000098 0 0 00000094 1 1 1 0
C 169 00000094 1 0 0 0 0 0 1 0 1 0 0 00000094 0 0 00000098 1 1 1 1
R 169 84 00000094 0000006f 0
C 170 00000094 1 1 0 0 0 0 0 1 1 0 0 00000098 0 0 00000094 1 1 1 0
C 171 00000094 1 0 0 0 0 0 1 0 1 0 0 00000094 0 0 00000098 1 1 1 1
R 171 85 00000094 0000006f 0
C 172 00000094 1 1 0 0 0 0 0 1 1 0 0 00000098 0 0 00000094 1 1 1 0
C 173 00000094 1 0 0 0 0 0 1 0 1 0 0 00000094 0 0 00000098 1 1 1 1
R 173 86 00000094 0000006f 0
C 174 00000094 1 1 0 0 0 0 0 1 1 0 0 00000098 0 0 00000094 1 1 1 0
C 175 00000094 1 0 0 0 0 0 1 0 1 0 0 00000094 0 0 00000098 1 1 1 1
R 175 87 00000094 0000006f 0
C 176 00000094 1 1 0 0 0 0 0 1 1 0 0 00000098 0 0 00000094 1 1 1 0
C 177 00000094 1 0 0 0 0 0 1 0 1 0 0 00000094 0 0 00000098 1 1 1 1
R 177 88 00000094 0000006f 0
C 178 00000094 1 1 0 0 0 0 0 1 1 0 0 00000098 0 0 00000094 1 1 1 0
C 179 00000094 1 0 0 0 0 0 1 0 1 0 0 00000094 0 0 00000098 1 1 1 1
R 179 89 00000094 0000006f 0
C 180 00000094 1 1 0 0 0 0 0 1 1 0 0 00000098 0 0 00000094 1 1 1 0
C 181 00000094 1 0 0 0 0 0 1 0 1 0 0 00000094 0 0 00000098 1 1 1 1
R 181 90 00000094 0000006f 0
C 182 00000094 1 1 0 0 0 0 0 1 1 0 0 00000098 0 0 00000094 1 1 1 0
C 183 00000094 1 0 0 0 0 0 1 0 1 0 0 00000094 0 0 00000098 1 1 1 1
R 183 91 00000094 0000006f 0
C 184 00000094 1 1 0 0 0 0 0 1 1 0 0 00000098 0 0 00000094 1 1 1 0
C 185 00000094 1 0 0 0 0 0 1 0 1 0 0 00000094 0 0 00000098 1 1 1 1
R 185 92 00000094 0000006f 0
C 186 00000094 1 1 0 0 0 0 0 1 1 0 0 00000098 0 0 00000094 1 1 1 0
C 187 00000094 1 0 0 0 0 0 1 0 1 0 0 00000094 0 0 00000098 1 1 1 1
R 187 93 00000094 0000006f 0
C 188 00000094 1 1 0 0 0 0 0 1 1 0 0 00000098 0 0 00000094 1 1 1 0
C 189 00000094 1 0 0 0 0 0 1 0 1 0 0 00000094 0 0 00000098 1 1 1 1
R 189 94 00000094 0000006f 0
C 190 00000094 1 1 0 0 0 0 0 1 1 0 0 00000098 0 0 00000094 1 1 1 0
C 191 00000094 1 0 0 0 0 0 1 0 1 0 0 00000094 0 0 00000098 1 1 1 1
R 191 95 00000094 0000006f 0
C 192 00000094 1 1 0 0 0 0 0 1 1 0 0 00000098 0 0 00000094 1 1 1 0
C 193 00000094 1 0 0 0 0 0 1 0 1 0 0 00000094 0 0 00000098 1 1 1 1
R 193 96 00000094 0000006f 0
C 194 00000094 1 1 0 0 0 0 0 1 1 0 0 00000098 0 0 00000094 1 1 1 0
C 195 00000094 1 0 0 0 0 0 1 0 1 0 0 00000094 0 0 00000098 1 1 1 1
R 195 97 00000094 0000006f 0
C 196 00000094 1 1 0 0 0 0 0 1 1 0 0 00000098 0 0 00000094 1 1 1 0
C 197 00000094 1 0 0 0 0 0 1 0 1 0 0 00000094 0 0 00000098 1 1 1 1
R 197 98 00000094 0000006f 0
C 198 00000094 1 1 0 0 0 0 0 1 1 0 0 00000098 0 0 00000094 1 1 1 0
C 199 00000094 1 0 0 0 0 0 1 0 1 0 0 00000094 0 0 00000098 1 1 1 1
R 199 99 00000094 0000006f 0
C 200 00000094 1 1 0 0 0 0 0 1 1 0 0 00000098 0 0 00000094 1 1 1 0
C 201 00000094 1 0 0 0 0 0 1 0 1 0 0 00000094 0 0 00000098 1 1 1 1
R 201 100 00000094 0000006f 0
C 202 00000094 1 1 0 0 0 0 0 1 1 0 0 00000098 0 0 00000094 1 1 1 0
C 203 00000094 1 0 0 0 0 0 1 0 1 0 0 00000094 0 0 00000098 1 1 1 1
R 203 101 00000094 0000006f 0
C 204 00000094 1 1 0 0 0 0 0 1 1 0 0 00000098 0 0 00000094 1 1 1 0
C 205 00000094 1 0 0 0 0 0 1 0 1 0 0 00000094 0 0 00000098 1 1 1 1
R 205 102 00000094 0000006f 0
C 206 00000094 1 1 0 0 0 0 0 1 1 0 0 00000098 0 0 00000094 1 1 1 0
C 207 00000094 1 0 0 0 0 0 1 0 1 0 0 00000094 0 0 00000098 1 1 1 1
R 207 103 00000094 0000006f 0
C 208 00000094 1 1 0 0 0 0 0 1 1 0 0 00000098 0 0 00000094 1 1 1 0
C 209 00000094 1 0 0 0 0 0 1 0 1 0 0 00000094 0 0 00000098 1 1 1 1
R 209 104 00000094 0000006f 0
C 210 00000094 1 1 0 0 0 0 0 1 1 0 0 00000098 0 0 00000094 1 1 1 0
C 211 00000094 1 0 0 0 0 0 1 0 1 0 0 00000094 0 0 00000098 1 1 1 1
R 211 105 00000094 0000006f 0
C 212 00000094 1 1 0 0 0 0 0 1 1 0 0 00000098 0 0 00000094 1 1 1 0
C 213 00000094 1 0 0 0 0 0 1 0 1 0 0 00000094 0 0 00000098 1 1 1 1
R 213 106 00000094 0000006f 0
C 214 00000094 1 1 0 0 0 0 0 1 1 0 0 00000098 0 0 00000094 1 1 1 0
C 215 00000094 1 0 0 0 0 0 1 0 1 0 0 00000094 0 0 00000098 1 1 1 1
R 215 107 00000094 0000006f 0
C 216 00000094 1 1 0 0 0 0 0 1 1 0 0 00000098 0 0 00000094 1 1 1 0
C 217 00000094 1 0 0 0 0 0 1 0 1 0 0 00000094 0 0 00000098 1 1 1 1
R 217 108 00000094 0000006f 0
C 218 00000094 1 1 0 0 0 0 0 1 1 0 0 00000098 0 0 00000094 1 1 1 0
C 219 00000094 1 0 0 0 0 0 1 0 1 0 0 00000094 0 0 00000098 1 1 1 1
R 219 109 00000094 0000006f 0
C 220 00000094 1 1 0 0 0 0 0 1 1 0 0 00000098 0 0 00000094 1 1 1 0
C 221 00000094 1 0 0 0 0 0 1 0 1 0 0 00000094 0 0 00000098 1 1 1 1
R 221 110 00000094 0000006f 0
C 222 00000094 1 1 0 0 0 0 0 1 1 0 0 00000098 0 0 00000094 1 1 1 0
C 223 00000094 1 0 0 0 0 0 1 0 1 0 0 00000094 0 0 00000098 1 1 1 1
R 223 111 00000094 0000006f 0
C 224 00000094 1 1 0 0 0 0 0 1 1 0 0 00000098 0 0 00000094 1 1 1 0
C 225 00000094 1 0 0 0 0 0 1 0 1 0 0 00000094 0 0 00000098 1 1 1 1
R 225 112 00000094 0000006f 0
C 226 00000094 1 1 0 0 0 0 0 1 1 0 0 00000098 0 0 00000094 1 1 1 0
C 227 00000094 1 0 0 0 0 0 1 0 1 0 0 00000094 0 0 00000098 1 1 1 1
R 227 113 00000094 0000006f 0
C 228 00000094 1 1 0 0 0 0 0 1 1 0 0 00000098 0 0 00000094 1 1 1 0
C 229 00000094 1 0 0 0 0 0 1 0 1 0 0 00000094 0 0 00000098 1 1 1 1
R 229 114 00000094 0000006f 0
C 230 00000094 1 1 0 0 0 0 0 1 1 0 0 00000098 0 0 00000094 1 1 1 0
C 231 00000094 1 0 0 0 0 0 1 0 1 0 0 00000094 0 0 00000098 1 1 1 1
R 231 115 00000094 0000006f 0
C 232 00000094 1 1 0 0 0 0 0 1 1 0 0 00000098 0 0 00000094 1 1 1 0
C 233 00000094 1 0 0 0 0 0 1 0 1 0 0 00000094 0 0 00000098 1 1 1 1
R 233 116 00000094 0000006f 0
C 234 00000094 1 1 0 0 0 0 0 1 1 0 0 00000098 0 0 00000094 1 1 1 0
C 235 00000094 1 0 0 0 0 0 1 0 1 0 0 00000094 0 0 00000098 1 1 1 1
R 235 117 00000094 0000006f 0
C 236 00000094 1 1 0 0 0 0 0 1 1 0 0 00000098 0 0 00000094 1 1 1 0
C 237 00000094 1 0 0 0 0 0 1 0 1 0 0 00000094 0 0 00000098 1 1 1 1
R 237 118 00000094 0000006f 0
C 238 00000094 1 1 0 0 0 0 0 1 1 0 0 00000098 0 0 00000094 1 1 1 0
C 239 00000094 1 0 0 0 0 0 1 0 1 0 0 00000094 0 0 00000098 1 1 1 1
R 239 119 00000094 0000006f 0
C 240 00000094 1 1 0 0 0 0 0 1 1 0 0 00000098 0 0 00000094 1 1 1 0
C 241 00000094 1 0 0 0 0 0 1 0 1 0 0 00000094 0 0 00000098 1 1 1 1
R 241 120 00000094 0000006f 0
C 242 00000094 1 1 0 0 0 0 0 1 1 0 0 00000098 0 0 00000094 1 1 1 0
C 243 00000094 1 0 0 0 0 0 1 0 1 0 0 00000094 0 0 00000098 1 1 1 1
R 243 121 00000094 0000006f 0
C 244 00000094 1 1 0 0 0 0 0 1 1 0 0 00000098 0 0 00000094 1 1 1 0
C 245 00000094 1 0 0 0 0 0 1 0 1 0 0 00000094 0 0 00000098 1 1 1 1
R 245 122 00000094 0000006f 0
C 246 00000094 1 1 0 0 0 0 0 1 1 0 0 00000098 0 0 00000094 1 1 1 0
C 247 00000094 1 0 0 0 0 0 1 0 1 0 0 00000094 0 0 00000098 1 1 1 1
R 247 123 00000094 0000006f 0
C 248 00000094 1 1 0 0 0 0 0 1 1 0 0 00000098 0 0 00000094 1 1 1 0
C 249 00000094 1 0 0 0 0 0 1 0 1 0 0 00000094 0 0 00000098 1 1 1 1
R 249 124 00000094 0000006f 0
C 250 00000094 1 1 0 0 0 0 0 1 1 0 0 00000098 0 0 00000094 1 1 1 0
C 251 00000094 1 0 0 0 0 0 1 0 1 0 0 00000094 0 0 00000098 1 1 1 1
R 251 125 00000094 0000006f 0
C 252 00000094 1 1 0 0 0 0 0 1 1 0 0 00000098 0 0 00000094 1 1 1 0
C 253 00000094 1 0 0 0 0 0 1 0 1 0 0 00000094 0 0 00000098 1 1 1 1
R 253 126 00000094 0000006f 0
C 254 00000094 1 1 0 0 0 0 0 1 1 0 0 00000098 0 0 00000094 1 1 1 0
C 255 00000094 1 0 0 0 0 0 1 0 1 0 0 00000094 0 0 00000098 1 1 1 1
R 255 127 00000094 0000006f 0
C 256 00000094 1 1 0 0 0 0 0 1 1 0 0 00000098 0 0 00000094 1 1 1 0
C 257 00000094 1 0 0 0 0 0 1 0 1 0 0 00000094 0 0 00000098 1 1 1 1
R 257 128 00000094 0000006f 0
C 258 00000094 1 1 0 0 0 0 0 1 1 0 0 00000098 0 0 00000094 1 1 1 0
C 259 00000094 1 0 0 0 0 0 1 0 1 0 0 00000094 0 0 00000098 1 1 1 1
R 259 129 00000094 0000006f 0
C 260 00000094 1 1 0 0 0 0 0 1 1 0 0 00000098 0 0 00000094 1 1 1 0
C 261 00000094 1 0 0 0 0 0 1 0 1 0 0 00000094 0 0 00000098 1 1 1 1
R 261 130 00000094 0000006f 0
C 262 00000094 1 1 0 0 0 0 0 1 1 0 0 00000098 0 0 00000094 1 1 1 0
C 263 00000094 1 0 0 0 0 0 1 0 1 0 0 00000094 0 0 00000098 1 1 1 1
R 263 131 00000094 0000006f 0
C 264 00000094 1 1 0 0 0 0 0 1 1 0 0 00000098 0 0 00000094 1 1 1 0
C 265 00000094 1 0 0 0 0 0 1 0 1 0 0 00000094 0 0 00000098 1 1 1 1
R 265 132 00000094 0000006f 0
C 266 00000094 1 1 0 0 0 0 0 1 1 0 0 00000098 0 0 00000094 1 1 1 0
C 267 00000094 1 0 0 0 0 0 1 0 1 0 0 00000094 0 0 00000098 1 1 1 1
R 267 133 00000094 0000006f 0
C 268 00000094 1 1 0 0 0 0 0 1 1 0 0 00000098 0 0 00000094 1 1 1 0
C 269 00000094 1 0 0 0 0 0 1 0 1 0 0 00000094 0 0 00000098 1 1 1 1
R 269 134 00000094 0000006f 0
C 270 00000094 1 1 0 0 0 0 0 1 1 0 0 00000098 0 0 00000094 1 1 1 0
C 271 00000094 1 0 0 0 0 0 1 0 1 0 0 00000094 0 0 00000098 1 1 1 1
R 271 135 00000094 0000006f 0
C 272 00000094 1 1 0 0 0 0 0 1 1 0 0 00000098 0 0 00000094 1 1 1 0
C 273 00000094 1 0 0 0 0 0 1 0 1 0 0 00000094 0 0 00000098 1 1 1 1
R 273 136 00000094 0000006f 0
C 274 00000094 1 1 0 0 0 0 0 1 1 0 0 00000098 0 0 00000094 1 1 1 0
C 275 00000094 1 0 0 0 0 0 1 0 1 0 0 00000094 0 0 00000098 1 1 1 1
R 275 137 00000094 0000006f 0
C 276 00000094 1 1 0 0 0 0 0 1 1 0 0 00000098 0 0 00000094 1 1 1 0
C 277 00000094 1 0 0 0 0 0 1 0 1 0 0 00000094 0 0 00000098 1 1 1 1
R 277 138 00000094 0000006f 0
C 278 00000094 1 1 0 0 0 0 0 1 1 0 0 00000098 0 0 00000094 1 1 1 0
C 279 00000094 1 0 0 0 0 0 1 0 1 0 0 00000094 0 0 00000098 1 1 1 1
R 279 139 00000094 0000006f 0
C 280 00000094 1 1 0 0 0 0 0 1 1 0 0 00000098 0 0 00000094 1 1 1 0
C 281 00000094 1 0 0 0 0 0 1 0 1 0 0 00000094 0 0 00000098 1 1 1 1
R 281 140 00000094 0000006f 0
C 282 00000094 1 1 0 0 0 0 0 1 1 0 0 00000098 0 0 00000094 1 1 1 0
C 283 00000094 1 0 0 0 0 0 1 0 1 0 0 00000094 0 0 00000098 1 1 1 1
R 283 141 00000094 0000006f 0
C 284 00000094 1 1 0 0 0 0 0 1 1 0 0 00000098 0 0 00000094 1 1 1 0
C 285 00000094 1 0 0 0 0 0 1 0 1 0 0 00000094 0 0 00000098 1 1 1 1
R 285 142 00000094 0000006f 0
C 286 00000094 1 1 0 0 0 0 0 1 1 0 0 00000098 0 0 00000094 1 1 1 0
C 287 00000094 1 0 0 0 0 0 1 0 1 0 0 00000094 0 0 00000098 1 1 1 1
R 287 143 00000094 0000006f 0
C 288 00000094 1 1 0 0 0 0 0 1 1 0 0 00000098 0 0 00000094 1 1 1 0
C 289 00000094 1 0 0 0 0 0 1 0 1 0 0 00000094 0 0 00000098 1 1 1 1
R 289 144 00000094 0000006f 0
C 290 00000094 1 1 0 0 0 0 0 1 1 0 0 00000098 0 0 00000094 1 1 1 0
C 291 00000094 1 0 0 0 0 0 1 0 1 0 0 00000094 0 0 00000098 1 1 1 1
R 291 145 00000094 0000006f 0
C 292 00000094 1 1 0 0 0 0 0 1 1 0 0 00000098 0 0 00000094 1 1 1 0
C 293 00000094 1 0 0 0 0 0 1 0 1 0 0 00000094 0 0 00000098 1 1 1 1
R 293 146 00000094 0000006f 0
C 294 00000094 1 1 0 0 0 0 0 1 1 0 0 00000098 0 0 00000094 1 1 1 0
C 295 00000094 1 0 0 0 0 0 1 0 1 0 0 00000094 0 0 00000098 1 1 1 1
R 295 147 00000094 0000006f 0
C 296 00000094 1 1 0 0 0 0 0 1 1 0 0 00000098 0 0 00000094 1 1 1 0
C 297 00000094 1 0 0 0 0 0 1 0 1 0 0 00000094 0 0 00000098 1 1 1 1
R 297 148 00000094 0000006f 0
C 298 00000094 1 1 0 0 0 0 0 1 1 0 0 00000098 0 0 00000094 1 1 1 0
C 299 00000094 1 0 0 0 0 0 1 0 1 0 0 00000094 0 0 00000098 1 1 1 1
R 299 149 00000094 0000006f 0
C 300 00000094 1 1 0 0 0 0 0 1 1 0 0 00000098 0 0 00000094 1 1 1 0
C 301 00000094 1 0 0 0 0 0 1 0 1 0 0 00000094 0 0 00000098 1 1 1 1
R 301 150 00000094 0000006f 0
C 302 00000094 1 1 0 0 0 0 0 1 1 0 0 00000098 0 0 00000094 1 1 1 0
C 303 00000094 1 0 0 0 0 0 1 0 1 0 0 00000094 0 0 00000098 1 1 1 1
R 303 151 00000094 0000006f 0
C 304 00000094 1 1 0 0 0 0 0 1 1 0 0 00000098 0 0 00000094 1 1 1 0
C 305 00000094 1 0 0 0 0 0 1 0 1 0 0 00000094 0 0 00000098 1 1 1 1
R 305 152 00000094 0000006f 0
C 306 00000094 1 1 0 0 0 0 0 1 1 0 0 00000098 0 0 00000094 1 1 1 0
C 307 00000094 1 0 0 0 0 0 1 0 1 0 0 00000094 0 0 00000098 1 1 1 1
R 307 153 00000094 0000006f 0
C 308 00000094 1 1 0 0 0 0 0 1 1 0 0 00000098 0 0 00000094 1 1 1 0
C 309 00000094 1 0 0 0 0 0 1 0 1 0 0 00000094 0 0 00000098 1 1 1 1
R 309 154 00000094 0000006f 0
C 310 00000094 1 1 0 0 0 0 0 1 1 0 0 00000098 0 0 00000094 1 1 1 0
C 311 00000094 1 0 0 0 0 0 1 0 1 0 0 00000094 0 0 00000098 1 1 1 1
R 311 155 00000094 0000006f 0
C 312 00000094 1 1 0 0 0 0 0 1 1 0 0 00000098 0 0 00000094 1 1 1 0
C 313 00000094 1 0 0 0 0 0 1 0 1 0 0 00000094 0 0 00000098 1 1 1 1
R 313 156 00000094 0000006f 0
C 314 00000094 1 1 0 0 0 0 0 1 1 0 0 00000098 0 0 00000094 1 1 1 0
C 315 00000094 1 0 0 0 0 0 1 0 1 0 0 00000094 0 0 00000098 1 1 1 1
R 315 157 00000094 0000006f 0
C 316 00000094 1 1 0 0 0 0 0 1 1 0 0 00000098 0 0 00000094 1 1 1 0
C 317 00000094 1 0 0 0 0 0 1 0 1 0 0 00000094 0 0 00000098 1 1 1 1
R 317 158 00000094 0000006f 0
C 318 00000094 1 1 0 0 0 0 0 1 1 0 0 00000098 0 0 00000094 1 1 1 0
C 319 00000094 1 0 0 0 0 0 1 0 1 0 0 00000094 0 0 00000098 1 1 1 1
R 319 159 00000094 0000006f 0
C 320 00000094 1 1 0 0 0 0 0 1 1 0 0 00000098 0 0 00000094 1 1 1 0
C 321 00000094 1 0 0 0 0 0 1 0 1 0 0 00000094 0 0 00000098 1 1 1 1
R 321 160 00000094 0000006f 0
C 322 00000094 1 1 0 0 0 0 0 1 1 0 0 00000098 0 0 00000094 1 1 1 0
C 323 00000094 1 0 0 0 0 0 1 0 1 0 0 00000094 0 0 00000098 1 1 1 1
R 323 161 00000094 0000006f 0
C 324 00000094 1 1 0 0 0 0 0 1 1 0 0 00000098 0 0 00000094 1 1 1 0
C 325 00000094 1 0 0 0 0 0 1 0 1 0 0 00000094 0 0 00000098 1 1 1 1
R 325 162 00000094 0000006f 0
C 326 00000094 1 1 0 0 0 0 0 1 1 0 0 00000098 0 0 00000094 1 1 1 0
C 327 00000094 1 0 0 0 0 0 1 0 1 0 0 00000094 0 0 00000098 1 1 1 1
R 327 163 00000094 0000006f 0
C 328 00000094 1 1 0 0 0 0 0 1 1 0 0 00000098 0 0 00000094 1 1 1 0
C 329 00000094 1 0 0 0 0 0 1 0 1 0 0 00000094 0 0 00000098 1 1 1 1
R 329 164 00000094 0000006f 0
C 330 00000094 1 1 0 0 0 0 0 1 1 0 0 00000098 0 0 00000094 1 1 1 0
C 331 00000094 1 0 0 0 0 0 1 0 1 0 0 00000094 0 0 00000098 1 1 1 1
R 331 165 00000094 0000006f 0
C 332 00000094 1 1 0 0 0 0 0 1 1 0 0 00000098 0 0 00000094 1 1 1 0
C 333 00000094 1 0 0 0 0 0 1 0 1 0 0 00000094 0 0 00000098 1 1 1 1
R 333 166 00000094 0000006f 0
C 334 00000094 1 1 0 0 0 0 0 1 1 0 0 00000098 0 0 00000094 1 1 1 0
C 335 00000094 1 0 0 0 0 0 1 0 1 0 0 00000094 0 0 00000098 1 1 1 1
R 335 167 00000094 0000006f 0
C 336 00000094 1 1 0 0 0 0 0 1 1 0 0 00000098 0 0 00000094 1 1 1 0
C 337 00000094 1 0 0 0 0 0 1 0 1 0 0 00000094 0 0 00000098 1 1 1 1
R 337 168 00000094 0000006f 0
C 338 00000094 1 1 0 0 0 0 0 1 1 0 0 00000098 0 0 00000094 1 1 1 0
C 339 00000094 1 0 0 0 0 0 1 0 1 0 0 00000094 0 0 00000098 1 1 1 1
R 339 169 00000094 0000006f 0
C 340 00000094 1 1 0 0 0 0 0 1 1 0 0 00000098 0 0 00000094 1 1 1 0
C 341 00000094 1 0 0 0 0 0 1 0 1 0 0 00000094 0 0 00000098 1 1 1 1
R 341 170 00000094 0000006f 0
C 342 00000094 1 1 0 0 0 0 0 1 1 0 0 00000098 0 0 00000094 1 1 1 0
C 343 00000094 1 0 0 0 0 0 1 0 1 0 0 00000094 0 0 00000098 1 1 1 1
R 343 171 00000094 0000006f 0
C 344 00000094 1 1 0 0 0 0 0 1 1 0 0 00000098 0 0 00000094 1 1 1 0
C 345 00000094 1 0 0 0 0 0 1 0 1 0 0 00000094 0 0 00000098 1 1 1 1
R 345 172 00000094 0000006f 0
C 346 00000094 1 1 0 0 0 0 0 1 1 0 0 00000098 0 0 00000094 1 1 1 0
C 347 00000094 1 0 0 0 0 0 1 0 1 0 0 00000094 0 0 00000098 1 1 1 1
R 347 173 00000094 0000006f 0
C 348 00000094 1 1 0 0 0 0 0 1 1 0 0 00000098 0 0 00000094 1 1 1 0
C 349 00000094 1 0 0 0 0 0 1 0 1 0 0 00000094 0 0 00000098 1 1 1 1
R 349 174 00000094 0000006f 0
C 350 00000094 1 1 0 0 0 0 0 1 1 0 0 00000098 0 0 00000094 1 1 1 0
C 351 00000094 1 0 0 0 0 0 1 0 1 0 0 00000094 0 0 00000098 1 1 1 1
R 351 175 00000094 0000006f 0
C 352 00000094 1 1 0 0 0 0 0 1 1 0 0 00000098 0 0 00000094 1 1 1 0
C 353 00000094 1 0 0 0 0 0 1 0 1 0 0 00000094 0 0 00000098 1 1 1 1
R 353 176 00000094 0000006f 0
C 354 00000094 1 1 0 0 0 0 0 1 1 0 0 00000098 0 0 00000094 1 1 1 0
C 355 00000094 1 0 0 0 0 0 1 0 1 0 0 00000094 0 0 00000098 1 1 1 1
R 355 177 00000094 0000006f 0
C 356 00000094 1 1 0 0 0 0 0 1 1 0 0 00000098 0 0 00000094 1 1 1 0
C 357 00000094 1 0 0 0 0 0 1 0 1 0 0 00000094 0 0 00000098 1 1 1 1
R 357 178 00000094 0000006f 0
C 358 00000094 1 1 0 0 0 0 0 1 1 0 0 00000098 0 0 00000094 1 1 1 0
C 359 00000094 1 0 0 0 0 0 1 0 1 0 0 00000094 0 0 00000098 1 1 1 1
R 359 179 00000094 0000006f 0
C 360 00000094 1 1 0 0 0 0 0 1 1 0 0 00000098 0 0 00000094 1 1 1 0
C 361 00000094 1 0 0 0 0 0 1 0 1 0 0 00000094 0 0 00000098 1 1 1 1
R 361 180 00000094 0000006f 0
C 362 00000094 1 1 0 0 0 0 0 1 1 0 0 00000098 0 0 00000094 1 1 1 0
C 363 00000094 1 0 0 0 0 0 1 0 1 0 0 00000094 0 0 00000098 1 1 1 1
R 363 181 00000094 0000006f 0
C 364 00000094 1 1 0 0 0 0 0 1 1 0 0 00000098 0 0 00000094 1 1 1 0
C 365 00000094 1 0 0 0 0 0 1 0 1 0 0 00000094 0 0 00000098 1 1 1 1
R 365 182 00000094 0000006f 0
C 366 00000094 1 1 0 0 0 0 0 1 1 0 0 00000098 0 0 00000094 1 1 1 0
C 367 00000094 1 0 0 0 0 0 1 0 1 0 0 00000094 0 0 00000098 1 1 1 1
R 367 183 00000094 0000006f 0
C 368 00000094 1 1 0 0 0 0 0 1 1 0 0 00000098 0 0 00000094 1 1 1 0
C 369 00000094 1 0 0 0 0 0 1 0 1 0 0 00000094 0 0 00000098 1 1 1 1
R 369 184 00000094 0000006f 0
C 370 00000094 1 1 0 0 0 0 0 1 1 0 0 00000098 0 0 00000094 1 1 1 0
C 371 00000094 1 0 0 0 0 0 1 0 1 0 0 00000094 0 0 00000098 1 1 1 1
R 371 185 00000094 0000006f 0
C 372 00000094 1 1 0 0 0 0 0 1 1 0 0 00000098 0 0 00000094 1 1 1 0
C 373 00000094 1 0 0 0 0 0 1 0 1 0 0 00000094 0 0 00000098 1 1 1 1
R 373 186 00000094 0000006f 0
C 374 00000094 1 1 0 0 0 0 0 1 1 0 0 00000098 0 0 00000094 1 1 1 0
C 375 00000094 1 0 0 0 0 0 1 0 1 0 0 00000094 0 0 00000098 1 1 1 1
R 375 187 00000094 0000006f 0
C 376 00000094 1 1 0 0 0 0 0 1 1 0 0 00000098 0 0 00000094 1 1 1 0
C 377 00000094 1 0 0 0 0 0 1 0 1 0 0 00000094 0 0 00000098 1 1 1 1
R 377 188 00000094 0000006f 0
C 378 00000094 1 1 0 0 0 0 0 1 1 0 0 00000098 0 0 00000094 1 1 1 0
C 379 00000094 1 0 0 0 0 0 1 0 1 0 0 00000094 0 0 00000098 1 1 1 1
R 379 189 00000094 0000006f 0
C 380 00000094 1 1 0 0 0 0 0 1 1 0 0 00000098 0 0 00000094 1 1 1 0
C 381 00000094 1 0 0 0 0 0 1 0 1 0 0 00000094 0 0 00000098 1 1 1 1
R 381 190 00000094 0000006f 0
C 382 00000094 1 1 0 0 0 0 0 1 1 0 0 00000098 0 0 00000094 1 1 1 0
C 383 00000094 1 0 0 0 0 0 1 0 1 0 0 00000094 0 0 00000098 1 1 1 1
R 383 191 00000094 0000006f 0
C 384 00000094 1 1 0 0 0 0 0 1 1 0 0 00000098 0 0 00000094 1 1 1 0
C 385 00000094 1 0 0 0 0 0 1 0 1 0 0 00000094 0 0 00000098 1 1 1 1
R 385 192 00000094 0000006f 0
C 386 00000094 1 1 0 0 0 0 0 1 1 0 0 00000098 0 0 00000094 1 1 1 0
C 387 00000094 1 0 0 0 0 0 1 0 1 0 0 00000094 0 0 00000098 1 1 1 1
R 387 193 00000094 0000006f 0
C 388 00000094 1 1 0 0 0 0 0 1 1 0 0 00000098 0 0 00000094 1 1 1 0
C 389 00000094 1 0 0 0 0 0 1 0 1 0 0 00000094 0 0 00000098 1 1 1 1
R 389 194 00000094 0000006f 0
C 390 00000094 1 1 0 0 0 0 0 1 1 0 0 00000098 0 0 00000094 1 1 1 0
C 391 00000094 1 0 0 0 0 0 1 0 1 0 0 00000094 0 0 00000098 1 1 1 1
R 391 195 00000094 0000006f 0
C 392 00000094 1 1 0 0 0 0 0 1 1 0 0 00000098 0 0 00000094 1 1 1 0
C 393 00000094 1 0 0 0 0 0 1 0 1 0 0 00000094 0 0 00000098 1 1 1 1
R 393 196 00000094 0000006f 0
C 394 00000094 1 1 0 0 0 0 0 1 1 0 0 00000098 0 0 00000094 1 1 1 0
C 395 00000094 1 0 0 0 0 0 1 0 1 0 0 00000094 0 0 00000098 1 1 1 1
R 395 197 00000094 0000006f 0
C 396 00000094 1 1 0 0 0 0 0 1 1 0 0 00000098 0 0 00000094 1 1 1 0
C 397 00000094 1 0 0 0 0 0 1 0 1 0 0 00000094 0 0 00000098 1 1 1 1
R 397 198 00000094 0000006f 0
C 398 00000094 1 1 0 0 0 0 0 1 1 0 0 00000098 0 0 00000094 1 1 1 0
C 399 00000094 1 0 0 0 0 0 1 0 1 0 0 00000094 0 0 00000098 1 1 1 1
R 399 199 00000094 0000006f 0
REG 0 00000000
REG 1 00000090
REG 2 00000000
REG 3 00000000
REG 4 00000000
REG 5 00000000
REG 6 00000000
REG 7 00000000
REG 8 00000000
REG 9 00000000
REG 10 00000000
REG 11 00000000
REG 12 00000000
REG 13 00000000
REG 14 00000000
REG 15 00000000
REG 16 00000000
REG 17 00000000
REG 18 00000000
REG 19 00000000
REG 20 00000000
REG 21 00000000
REG 22 00000000
REG 23 00000000
REG 24 00000000
REG 25 00000000
REG 26 00000000
REG 27 00000000
REG 28 00000000
REG 29 00000000
REG 30 00000000
REG 31 0000007b
MEM 00000200 44332211
MEM 00000204 44332211
MEM 00000208 44332211
MEM 0000020c 44332211
MEM 00000210 44332211
FINISH
- /home/dungpc/ndmoney4porche/projects/ibex/doc/dungpc/microarchitecture/scripts/core_tb.sv:116: Verilog $finish
