CONFIG WB=0 BT=0 M=1 latency=4 ilatency=4 grant_period=3
C 0 00000000 0 0 0 0 0 0 0 0 1 0 0 00000000 0 0 00000080 0 0 0 1
C 1 00000000 0 0 0 0 0 0 0 0 1 0 0 00000000 0 0 00000080 1 0 0 1
C 2 00000000 0 0 0 0 0 0 0 0 1 0 0 00000000 0 0 00000080 1 0 0 0
C 3 00000000 0 0 0 0 0 0 0 0 1 0 0 00000000 0 0 00000080 1 1 0 0
C 4 00000000 0 0 0 0 0 0 0 0 1 0 0 00000000 0 0 00000080 1 0 0 0
C 5 00000000 0 0 0 0 0 0 0 0 1 0 0 00000000 0 0 00000080 1 0 0 0
C 6 00000000 0 0 0 0 0 0 0 0 1 0 0 00000000 0 0 00000080 1 1 0 0
C 7 00000000 0 0 0 0 0 0 0 0 1 0 0 00000000 0 0 00000080 0 0 1 0
C 8 00000080 1 0 0 0 0 0 0 1 1 0 0 00000200 0 0 00000084 1 0 0 0
W 8 1 00000200
C 9 00000080 0 0 0 0 0 0 0 0 1 0 0 00000200 0 0 00000084 1 1 0 0
R 9 1 00000080 20000093 0
C 10 00000080 0 0 0 0 0 0 0 0 1 0 0 00000200 0 0 00000084 0 0 1 0
C 11 00000084 1 0 0 0 0 0 0 1 1 0 0 00000054 0 0 00000088 1 0 0 0
W 11 2 00000055
C 12 00000084 0 0 0 0 0 0 0 0 1 0 0 00000054 0 0 00000088 1 1 0 0
R 12 2 00000084 05500113 0
C 13 00000084 0 0 0 0 0 0 0 0 1 0 0 00000054 0 0 00000088 0 0 1 0
C 14 00000088 1 0 1 0 0 0 0 0 1 1 0 00000200 0 0 0000008c 1 0 0 0
C 15 00000088 1 1 1 0 0 0 0 0 1 1 1 00000200 0 0 0000008c 1 1 0 0
D 15 0 00000200 f 00000000
C 16 00000088 1 1 1 0 0 0 0 0 1 0 0 00000200 0 0 0000008c 0 0 1 0
C 17 00000088 1 1 1 0 0 0 0 0 1 0 0 00000200 0 0 0000008c 1 0 0 0
C 18 00000088 1 1 1 0 0 0 0 0 1 0 0 00000200 0 0 0000008c 1 1 0 0
C 19 00000088 1 1 0 0 0 0 0 1 1 0 0 00000200 1 1 0000008c 0 0 1 0
C 20 00000088 1 0 1 0 0 0 0 0 1 0 0 00000200 0 0 0000008c 1 0 0 1
R 20 3 00000088 0000a183 1
C 21 00000088 0 0 0 0 0 0 0 0 1 0 0 00000200 0 0 00000000 1 1 0 0
C 22 00000088 0 0 0 0 0 0 0 0 1 0 0 00000200 0 0 00000000 0 0 1 0
C 23 00000088 0 0 0 0 0 0 0 0 1 0 0 00000200 0 0 00000000 1 0 0 0
C 24 00000088 0 0 0 0 0 0 0 0 1 0 0 00000200 0 0 00000000 1 1 0 0
C 25 00000088 0 0 0 0 0 0 0 0 1 0 0 00000200 0 0 00000000 0 0 1 0
C 26 00000000 1 0 0 0 0 0 0 1 1 0 0 fffffcbc 0 0 00000004 1 0 0 0
W 26 25 00000005
C 27 00000000 0 0 0 0 0 0 0 0 1 0 0 fffffcbc 0 0 00000004 1 1 0 0
R 27 4 00000000 34202cf3 0
C 28 00000000 0 0 0 0 0 0 0 0 1 0 0 fffffcbc 0 0 00000004 0 0 1 0
C 29 00000004 1 0 0 0 0 0 0 1 1 0 0 fffffcbc 0 0 00000008 1 0 0 0
W 29 26 00000088
C 30 00000004 0 0 0 0 0 0 0 0 1 0 0 fffffcbc 0 0 00000008 1 1 0 0
R 30 5 00000004 34102d73 0
C 31 00000004 0 0 0 0 0 0 0 0 1 0 0 fffffcbc 0 0 00000008 0 0 1 0
C 32 00000008 1 0 0 0 0 0 0 1 1 0 0 fffffcbc 0 0 0000000c 1 0 0 0
W 32 27 00000200
C 33 00000008 0 0 0 0 0 0 0 0 1 0 0 fffffcbc 0 0 0000000c 1 1 0 0
R 33 6 00000008 34302df3 0
C 34 00000008 0 0 0 0 0 0 0 0 1 0 0 fffffcbc 0 0 0000000c 0 0 1 0
C 35 0000000c 1 0 0 0 0 0 0 1 1 0 0 00000074 0 0 00000010 1 0 0 0
W 35 31 00000077
C 36 0000000c 0 0 0 0 0 0 0 0 1 0 0 00000074 0 0 00000010 1 1 0 0
R 36 7 0000000c 07700f93 0
C 37 0000000c 0 0 0 0 0 0 0 0 1 0 0 00000074 0 0 00000010 0 0 1 0
C 38 00000010 1 0 0 0 0 0 1 0 1 0 0 00000010 0 0 00000014 1 0 0 1
C 39 00000010 1 1 0 0 0 0 0 1 1 0 0 00000014 0 0 00000010 1 1 0 0
C 40 00000010 0 0 0 0 0 0 0 0 1 0 0 00000014 0 0 00000010 0 0 1 0
R 40 8 00000010 0000006f 0
C 41 00000010 0 0 0 0 0 0 0 0 1 0 0 00000014 0 0 00000010 1 0 0 0
C 42 00000010 0 0 0 0 0 0 0 0 1 0 0 00000014 0 0 00000010 1 1 0 0
C 43 00000010 0 0 0 0 0 0 0 0 1 0 0 00000014 0 0 00000010 0 0 1 0
C 44 00000010 1 0 0 0 0 0 1 0 1 0 0 00000010 0 0 00000014 1 0 0 1
C 45 00000010 1 1 0 0 0 0 0 1 1 0 0 00000014 0 0 00000010 1 1 0 0
C 46 00000010 0 0 0 0 0 0 0 0 1 0 0 00000014 0 0 00000010 0 0 1 0
R 46 9 00000010 0000006f 0
C 47 00000010 0 0 0 0 0 0 0 0 1 0 0 00000014 0 0 00000010 1 0 0 0
C 48 00000010 0 0 0 0 0 0 0 0 1 0 0 00000014 0 0 00000010 1 1 0 0
C 49 00000010 0 0 0 0 0 0 0 0 1 0 0 00000014 0 0 00000010 0 0 1 0
C 50 00000010 1 0 0 0 0 0 1 0 1 0 0 00000010 0 0 00000014 1 0 0 1
C 51 00000010 1 1 0 0 0 0 0 1 1 0 0 00000014 0 0 00000010 1 1 0 0
C 52 00000010 0 0 0 0 0 0 0 0 1 0 0 00000014 0 0 00000010 0 0 1 0
R 52 10 00000010 0000006f 0
C 53 00000010 0 0 0 0 0 0 0 0 1 0 0 00000014 0 0 00000010 1 0 0 0
C 54 00000010 0 0 0 0 0 0 0 0 1 0 0 00000014 0 0 00000010 1 1 0 0
C 55 00000010 0 0 0 0 0 0 0 0 1 0 0 00000014 0 0 00000010 0 0 1 0
C 56 00000010 1 0 0 0 0 0 1 0 1 0 0 00000010 0 0 00000014 1 0 0 1
C 57 00000010 1 1 0 0 0 0 0 1 1 0 0 00000014 0 0 00000010 1 1 0 0
C 58 00000010 0 0 0 0 0 0 0 0 1 0 0 00000014 0 0 00000010 0 0 1 0
R 58 11 00000010 0000006f 0
C 59 00000010 0 0 0 0 0 0 0 0 1 0 0 00000014 0 0 00000010 1 0 0 0
C 60 00000010 0 0 0 0 0 0 0 0 1 0 0 00000014 0 0 00000010 1 1 0 0
C 61 00000010 0 0 0 0 0 0 0 0 1 0 0 00000014 0 0 00000010 0 0 1 0
C 62 00000010 1 0 0 0 0 0 1 0 1 0 0 00000010 0 0 00000014 1 0 0 1
C 63 00000010 1 1 0 0 0 0 0 1 1 0 0 00000014 0 0 00000010 1 1 0 0
C 64 00000010 0 0 0 0 0 0 0 0 1 0 0 00000014 0 0 00000010 0 0 1 0
R 64 12 00000010 0000006f 0
C 65 00000010 0 0 0 0 0 0 0 0 1 0 0 00000014 0 0 00000010 1 0 0 0
C 66 00000010 0 0 0 0 0 0 0 0 1 0 0 00000014 0 0 00000010 1 1 0 0
C 67 00000010 0 0 0 0 0 0 0 0 1 0 0 00000014 0 0 00000010 0 0 1 0
C 68 00000010 1 0 0 0 0 0 1 0 1 0 0 00000010 0 0 00000014 1 0 0 1
C 69 00000010 1 1 0 0 0 0 0 1 1 0 0 00000014 0 0 00000010 1 1 0 0
C 70 00000010 0 0 0 0 0 0 0 0 1 0 0 00000014 0 0 00000010 0 0 1 0
R 70 13 00000010 0000006f 0
C 71 00000010 0 0 0 0 0 0 0 0 1 0 0 00000014 0 0 00000010 1 0 0 0
C 72 00000010 0 0 0 0 0 0 0 0 1 0 0 00000014 0 0 00000010 1 1 0 0
C 73 00000010 0 0 0 0 0 0 0 0 1 0 0 00000014 0 0 00000010 0 0 1 0
C 74 00000010 1 0 0 0 0 0 1 0 1 0 0 00000010 0 0 00000014 1 0 0 1
C 75 00000010 1 1 0 0 0 0 0 1 1 0 0 00000014 0 0 00000010 1 1 0 0
C 76 00000010 0 0 0 0 0 0 0 0 1 0 0 00000014 0 0 00000010 0 0 1 0
R 76 14 00000010 0000006f 0
C 77 00000010 0 0 0 0 0 0 0 0 1 0 0 00000014 0 0 00000010 1 0 0 0
C 78 00000010 0 0 0 0 0 0 0 0 1 0 0 00000014 0 0 00000010 1 1 0 0
C 79 00000010 0 0 0 0 0 0 0 0 1 0 0 00000014 0 0 00000010 0 0 1 0
C 80 00000010 1 0 0 0 0 0 1 0 1 0 0 00000010 0 0 00000014 1 0 0 1
C 81 00000010 1 1 0 0 0 0 0 1 1 0 0 00000014 0 0 00000010 1 1 0 0
C 82 00000010 0 0 0 0 0 0 0 0 1 0 0 00000014 0 0 00000010 0 0 1 0
R 82 15 00000010 0000006f 0
C 83 00000010 0 0 0 0 0 0 0 0 1 0 0 00000014 0 0 00000010 1 0 0 0
C 84 00000010 0 0 0 0 0 0 0 0 1 0 0 00000014 0 0 00000010 1 1 0 0
C 85 00000010 0 0 0 0 0 0 0 0 1 0 0 00000014 0 0 00000010 0 0 1 0
C 86 00000010 1 0 0 0 0 0 1 0 1 0 0 00000010 0 0 00000014 1 0 0 1
C 87 00000010 1 1 0 0 0 0 0 1 1 0 0 00000014 0 0 00000010 1 1 0 0
C 88 00000010 0 0 0 0 0 0 0 0 1 0 0 00000014 0 0 00000010 0 0 1 0
R 88 16 00000010 0000006f 0
C 89 00000010 0 0 0 0 0 0 0 0 1 0 0 00000014 0 0 00000010 1 0 0 0
C 90 00000010 0 0 0 0 0 0 0 0 1 0 0 00000014 0 0 00000010 1 1 0 0
C 91 00000010 0 0 0 0 0 0 0 0 1 0 0 00000014 0 0 00000010 0 0 1 0
C 92 00000010 1 0 0 0 0 0 1 0 1 0 0 00000010 0 0 00000014 1 0 0 1
C 93 00000010 1 1 0 0 0 0 0 1 1 0 0 00000014 0 0 00000010 1 1 0 0
C 94 00000010 0 0 0 0 0 0 0 0 1 0 0 00000014 0 0 00000010 0 0 1 0
R 94 17 00000010 0000006f 0
C 95 00000010 0 0 0 0 0 0 0 0 1 0 0 00000014 0 0 00000010 1 0 0 0
C 96 00000010 0 0 0 0 0 0 0 0 1 0 0 00000014 0 0 00000010 1 1 0 0
C 97 00000010 0 0 0 0 0 0 0 0 1 0 0 00000014 0 0 00000010 0 0 1 0
C 98 00000010 1 0 0 0 0 0 1 0 1 0 0 00000010 0 0 00000014 1 0 0 1
C 99 00000010 1 1 0 0 0 0 0 1 1 0 0 00000014 0 0 00000010 1 1 0 0
C 100 00000010 0 0 0 0 0 0 0 0 1 0 0 00000014 0 0 00000010 0 0 1 0
R 100 18 00000010 0000006f 0
C 101 00000010 0 0 0 0 0 0 0 0 1 0 0 00000014 0 0 00000010 1 0 0 0
C 102 00000010 0 0 0 0 0 0 0 0 1 0 0 00000014 0 0 00000010 1 1 0 0
C 103 00000010 0 0 0 0 0 0 0 0 1 0 0 00000014 0 0 00000010 0 0 1 0
C 104 00000010 1 0 0 0 0 0 1 0 1 0 0 00000010 0 0 00000014 1 0 0 1
C 105 00000010 1 1 0 0 0 0 0 1 1 0 0 00000014 0 0 00000010 1 1 0 0
C 106 00000010 0 0 0 0 0 0 0 0 1 0 0 00000014 0 0 00000010 0 0 1 0
R 106 19 00000010 0000006f 0
C 107 00000010 0 0 0 0 0 0 0 0 1 0 0 00000014 0 0 00000010 1 0 0 0
C 108 00000010 0 0 0 0 0 0 0 0 1 0 0 00000014 0 0 00000010 1 1 0 0
C 109 00000010 0 0 0 0 0 0 0 0 1 0 0 00000014 0 0 00000010 0 0 1 0
C 110 00000010 1 0 0 0 0 0 1 0 1 0 0 00000010 0 0 00000014 1 0 0 1
C 111 00000010 1 1 0 0 0 0 0 1 1 0 0 00000014 0 0 00000010 1 1 0 0
C 112 00000010 0 0 0 0 0 0 0 0 1 0 0 00000014 0 0 00000010 0 0 1 0
R 112 20 00000010 0000006f 0
C 113 00000010 0 0 0 0 0 0 0 0 1 0 0 00000014 0 0 00000010 1 0 0 0
C 114 00000010 0 0 0 0 0 0 0 0 1 0 0 00000014 0 0 00000010 1 1 0 0
C 115 00000010 0 0 0 0 0 0 0 0 1 0 0 00000014 0 0 00000010 0 0 1 0
C 116 00000010 1 0 0 0 0 0 1 0 1 0 0 00000010 0 0 00000014 1 0 0 1
C 117 00000010 1 1 0 0 0 0 0 1 1 0 0 00000014 0 0 00000010 1 1 0 0
C 118 00000010 0 0 0 0 0 0 0 0 1 0 0 00000014 0 0 00000010 0 0 1 0
R 118 21 00000010 0000006f 0
C 119 00000010 0 0 0 0 0 0 0 0 1 0 0 00000014 0 0 00000010 1 0 0 0
C 120 00000010 0 0 0 0 0 0 0 0 1 0 0 00000014 0 0 00000010 1 1 0 0
C 121 00000010 0 0 0 0 0 0 0 0 1 0 0 00000014 0 0 00000010 0 0 1 0
C 122 00000010 1 0 0 0 0 0 1 0 1 0 0 00000010 0 0 00000014 1 0 0 1
C 123 00000010 1 1 0 0 0 0 0 1 1 0 0 00000014 0 0 00000010 1 1 0 0
C 124 00000010 0 0 0 0 0 0 0 0 1 0 0 00000014 0 0 00000010 0 0 1 0
R 124 22 00000010 0000006f 0
C 125 00000010 0 0 0 0 0 0 0 0 1 0 0 00000014 0 0 00000010 1 0 0 0
C 126 00000010 0 0 0 0 0 0 0 0 1 0 0 00000014 0 0 00000010 1 1 0 0
C 127 00000010 0 0 0 0 0 0 0 0 1 0 0 00000014 0 0 00000010 0 0 1 0
C 128 00000010 1 0 0 0 0 0 1 0 1 0 0 00000010 0 0 00000014 1 0 0 1
C 129 00000010 1 1 0 0 0 0 0 1 1 0 0 00000014 0 0 00000010 1 1 0 0
C 130 00000010 0 0 0 0 0 0 0 0 1 0 0 00000014 0 0 00000010 0 0 1 0
R 130 23 00000010 0000006f 0
C 131 00000010 0 0 0 0 0 0 0 0 1 0 0 00000014 0 0 00000010 1 0 0 0
C 132 00000010 0 0 0 0 0 0 0 0 1 0 0 00000014 0 0 00000010 1 1 0 0
C 133 00000010 0 0 0 0 0 0 0 0 1 0 0 00000014 0 0 00000010 0 0 1 0
C 134 00000010 1 0 0 0 0 0 1 0 1 0 0 00000010 0 0 00000014 1 0 0 1
C 135 00000010 1 1 0 0 0 0 0 1 1 0 0 00000014 0 0 00000010 1 1 0 0
C 136 00000010 0 0 0 0 0 0 0 0 1 0 0 00000014 0 0 00000010 0 0 1 0
R 136 24 00000010 0000006f 0
C 137 00000010 0 0 0 0 0 0 0 0 1 0 0 00000014 0 0 00000010 1 0 0 0
C 138 00000010 0 0 0 0 0 0 0 0 1 0 0 00000014 0 0 00000010 1 1 0 0
C 139 00000010 0 0 0 0 0 0 0 0 1 0 0 00000014 0 0 00000010 0 0 1 0
C 140 00000010 1 0 0 0 0 0 1 0 1 0 0 00000010 0 0 00000014 1 0 0 1
C 141 00000010 1 1 0 0 0 0 0 1 1 0 0 00000014 0 0 00000010 1 1 0 0
C 142 00000010 0 0 0 0 0 0 0 0 1 0 0 00000014 0 0 00000010 0 0 1 0
R 142 25 00000010 0000006f 0
C 143 00000010 0 0 0 0 0 0 0 0 1 0 0 00000014 0 0 00000010 1 0 0 0
C 144 00000010 0 0 0 0 0 0 0 0 1 0 0 00000014 0 0 00000010 1 1 0 0
C 145 00000010 0 0 0 0 0 0 0 0 1 0 0 00000014 0 0 00000010 0 0 1 0
C 146 00000010 1 0 0 0 0 0 1 0 1 0 0 00000010 0 0 00000014 1 0 0 1
C 147 00000010 1 1 0 0 0 0 0 1 1 0 0 00000014 0 0 00000010 1 1 0 0
C 148 00000010 0 0 0 0 0 0 0 0 1 0 0 00000014 0 0 00000010 0 0 1 0
R 148 26 00000010 0000006f 0
C 149 00000010 0 0 0 0 0 0 0 0 1 0 0 00000014 0 0 00000010 1 0 0 0
C 150 00000010 0 0 0 0 0 0 0 0 1 0 0 00000014 0 0 00000010 1 1 0 0
C 151 00000010 0 0 0 0 0 0 0 0 1 0 0 00000014 0 0 00000010 0 0 1 0
C 152 00000010 1 0 0 0 0 0 1 0 1 0 0 00000010 0 0 00000014 1 0 0 1
C 153 00000010 1 1 0 0 0 0 0 1 1 0 0 00000014 0 0 00000010 1 1 0 0
C 154 00000010 0 0 0 0 0 0 0 0 1 0 0 00000014 0 0 00000010 0 0 1 0
R 154 27 00000010 0000006f 0
C 155 00000010 0 0 0 0 0 0 0 0 1 0 0 00000014 0 0 00000010 1 0 0 0
C 156 00000010 0 0 0 0 0 0 0 0 1 0 0 00000014 0 0 00000010 1 1 0 0
C 157 00000010 0 0 0 0 0 0 0 0 1 0 0 00000014 0 0 00000010 0 0 1 0
C 158 00000010 1 0 0 0 0 0 1 0 1 0 0 00000010 0 0 00000014 1 0 0 1
C 159 00000010 1 1 0 0 0 0 0 1 1 0 0 00000014 0 0 00000010 1 1 0 0
C 160 00000010 0 0 0 0 0 0 0 0 1 0 0 00000014 0 0 00000010 0 0 1 0
R 160 28 00000010 0000006f 0
C 161 00000010 0 0 0 0 0 0 0 0 1 0 0 00000014 0 0 00000010 1 0 0 0
C 162 00000010 0 0 0 0 0 0 0 0 1 0 0 00000014 0 0 00000010 1 1 0 0
C 163 00000010 0 0 0 0 0 0 0 0 1 0 0 00000014 0 0 00000010 0 0 1 0
C 164 00000010 1 0 0 0 0 0 1 0 1 0 0 00000010 0 0 00000014 1 0 0 1
C 165 00000010 1 1 0 0 0 0 0 1 1 0 0 00000014 0 0 00000010 1 1 0 0
C 166 00000010 0 0 0 0 0 0 0 0 1 0 0 00000014 0 0 00000010 0 0 1 0
R 166 29 00000010 0000006f 0
C 167 00000010 0 0 0 0 0 0 0 0 1 0 0 00000014 0 0 00000010 1 0 0 0
C 168 00000010 0 0 0 0 0 0 0 0 1 0 0 00000014 0 0 00000010 1 1 0 0
C 169 00000010 0 0 0 0 0 0 0 0 1 0 0 00000014 0 0 00000010 0 0 1 0
C 170 00000010 1 0 0 0 0 0 1 0 1 0 0 00000010 0 0 00000014 1 0 0 1
C 171 00000010 1 1 0 0 0 0 0 1 1 0 0 00000014 0 0 00000010 1 1 0 0
C 172 00000010 0 0 0 0 0 0 0 0 1 0 0 00000014 0 0 00000010 0 0 1 0
R 172 30 00000010 0000006f 0
C 173 00000010 0 0 0 0 0 0 0 0 1 0 0 00000014 0 0 00000010 1 0 0 0
C 174 00000010 0 0 0 0 0 0 0 0 1 0 0 00000014 0 0 00000010 1 1 0 0
C 175 00000010 0 0 0 0 0 0 0 0 1 0 0 00000014 0 0 00000010 0 0 1 0
C 176 00000010 1 0 0 0 0 0 1 0 1 0 0 00000010 0 0 00000014 1 0 0 1
C 177 00000010 1 1 0 0 0 0 0 1 1 0 0 00000014 0 0 00000010 1 1 0 0
C 178 00000010 0 0 0 0 0 0 0 0 1 0 0 00000014 0 0 00000010 0 0 1 0
R 178 31 00000010 0000006f 0
C 179 00000010 0 0 0 0 0 0 0 0 1 0 0 00000014 0 0 00000010 1 0 0 0
C 180 00000010 0 0 0 0 0 0 0 0 1 0 0 00000014 0 0 00000010 1 1 0 0
C 181 00000010 0 0 0 0 0 0 0 0 1 0 0 00000014 0 0 00000010 0 0 1 0
C 182 00000010 1 0 0 0 0 0 1 0 1 0 0 00000010 0 0 00000014 1 0 0 1
C 183 00000010 1 1 0 0 0 0 0 1 1 0 0 00000014 0 0 00000010 1 1 0 0
C 184 00000010 0 0 0 0 0 0 0 0 1 0 0 00000014 0 0 00000010 0 0 1 0
R 184 32 00000010 0000006f 0
C 185 00000010 0 0 0 0 0 0 0 0 1 0 0 00000014 0 0 00000010 1 0 0 0
C 186 00000010 0 0 0 0 0 0 0 0 1 0 0 00000014 0 0 00000010 1 1 0 0
C 187 00000010 0 0 0 0 0 0 0 0 1 0 0 00000014 0 0 00000010 0 0 1 0
C 188 00000010 1 0 0 0 0 0 1 0 1 0 0 00000010 0 0 00000014 1 0 0 1
C 189 00000010 1 1 0 0 0 0 0 1 1 0 0 00000014 0 0 00000010 1 1 0 0
C 190 00000010 0 0 0 0 0 0 0 0 1 0 0 00000014 0 0 00000010 0 0 1 0
R 190 33 00000010 0000006f 0
C 191 00000010 0 0 0 0 0 0 0 0 1 0 0 00000014 0 0 00000010 1 0 0 0
C 192 00000010 0 0 0 0 0 0 0 0 1 0 0 00000014 0 0 00000010 1 1 0 0
C 193 00000010 0 0 0 0 0 0 0 0 1 0 0 00000014 0 0 00000010 0 0 1 0
C 194 00000010 1 0 0 0 0 0 1 0 1 0 0 00000010 0 0 00000014 1 0 0 1
C 195 00000010 1 1 0 0 0 0 0 1 1 0 0 00000014 0 0 00000010 1 1 0 0
C 196 00000010 0 0 0 0 0 0 0 0 1 0 0 00000014 0 0 00000010 0 0 1 0
R 196 34 00000010 0000006f 0
C 197 00000010 0 0 0 0 0 0 0 0 1 0 0 00000014 0 0 00000010 1 0 0 0
C 198 00000010 0 0 0 0 0 0 0 0 1 0 0 00000014 0 0 00000010 1 1 0 0
C 199 00000010 0 0 0 0 0 0 0 0 1 0 0 00000014 0 0 00000010 0 0 1 0
C 200 00000010 1 0 0 0 0 0 1 0 1 0 0 00000010 0 0 00000014 1 0 0 1
C 201 00000010 1 1 0 0 0 0 0 1 1 0 0 00000014 0 0 00000010 1 1 0 0
C 202 00000010 0 0 0 0 0 0 0 0 1 0 0 00000014 0 0 00000010 0 0 1 0
R 202 35 00000010 0000006f 0
C 203 00000010 0 0 0 0 0 0 0 0 1 0 0 00000014 0 0 00000010 1 0 0 0
C 204 00000010 0 0 0 0 0 0 0 0 1 0 0 00000014 0 0 00000010 1 1 0 0
C 205 00000010 0 0 0 0 0 0 0 0 1 0 0 00000014 0 0 00000010 0 0 1 0
C 206 00000010 1 0 0 0 0 0 1 0 1 0 0 00000010 0 0 00000014 1 0 0 1
C 207 00000010 1 1 0 0 0 0 0 1 1 0 0 00000014 0 0 00000010 1 1 0 0
C 208 00000010 0 0 0 0 0 0 0 0 1 0 0 00000014 0 0 00000010 0 0 1 0
R 208 36 00000010 0000006f 0
C 209 00000010 0 0 0 0 0 0 0 0 1 0 0 00000014 0 0 00000010 1 0 0 0
C 210 00000010 0 0 0 0 0 0 0 0 1 0 0 00000014 0 0 00000010 1 1 0 0
C 211 00000010 0 0 0 0 0 0 0 0 1 0 0 00000014 0 0 00000010 0 0 1 0
C 212 00000010 1 0 0 0 0 0 1 0 1 0 0 00000010 0 0 00000014 1 0 0 1
C 213 00000010 1 1 0 0 0 0 0 1 1 0 0 00000014 0 0 00000010 1 1 0 0
C 214 00000010 0 0 0 0 0 0 0 0 1 0 0 00000014 0 0 00000010 0 0 1 0
R 214 37 00000010 0000006f 0
C 215 00000010 0 0 0 0 0 0 0 0 1 0 0 00000014 0 0 00000010 1 0 0 0
C 216 00000010 0 0 0 0 0 0 0 0 1 0 0 00000014 0 0 00000010 1 1 0 0
C 217 00000010 0 0 0 0 0 0 0 0 1 0 0 00000014 0 0 00000010 0 0 1 0
C 218 00000010 1 0 0 0 0 0 1 0 1 0 0 00000010 0 0 00000014 1 0 0 1
C 219 00000010 1 1 0 0 0 0 0 1 1 0 0 00000014 0 0 00000010 1 1 0 0
C 220 00000010 0 0 0 0 0 0 0 0 1 0 0 00000014 0 0 00000010 0 0 1 0
R 220 38 00000010 0000006f 0
C 221 00000010 0 0 0 0 0 0 0 0 1 0 0 00000014 0 0 00000010 1 0 0 0
C 222 00000010 0 0 0 0 0 0 0 0 1 0 0 00000014 0 0 00000010 1 1 0 0
C 223 00000010 0 0 0 0 0 0 0 0 1 0 0 00000014 0 0 00000010 0 0 1 0
C 224 00000010 1 0 0 0 0 0 1 0 1 0 0 00000010 0 0 00000014 1 0 0 1
C 225 00000010 1 1 0 0 0 0 0 1 1 0 0 00000014 0 0 00000010 1 1 0 0
C 226 00000010 0 0 0 0 0 0 0 0 1 0 0 00000014 0 0 00000010 0 0 1 0
R 226 39 00000010 0000006f 0
C 227 00000010 0 0 0 0 0 0 0 0 1 0 0 00000014 0 0 00000010 1 0 0 0
C 228 00000010 0 0 0 0 0 0 0 0 1 0 0 00000014 0 0 00000010 1 1 0 0
C 229 00000010 0 0 0 0 0 0 0 0 1 0 0 00000014 0 0 00000010 0 0 1 0
C 230 00000010 1 0 0 0 0 0 1 0 1 0 0 00000010 0 0 00000014 1 0 0 1
C 231 00000010 1 1 0 0 0 0 0 1 1 0 0 00000014 0 0 00000010 1 1 0 0
C 232 00000010 0 0 0 0 0 0 0 0 1 0 0 00000014 0 0 00000010 0 0 1 0
R 232 40 00000010 0000006f 0
C 233 00000010 0 0 0 0 0 0 0 0 1 0 0 00000014 0 0 00000010 1 0 0 0
C 234 00000010 0 0 0 0 0 0 0 0 1 0 0 00000014 0 0 00000010 1 1 0 0
C 235 00000010 0 0 0 0 0 0 0 0 1 0 0 00000014 0 0 00000010 0 0 1 0
C 236 00000010 1 0 0 0 0 0 1 0 1 0 0 00000010 0 0 00000014 1 0 0 1
C 237 00000010 1 1 0 0 0 0 0 1 1 0 0 00000014 0 0 00000010 1 1 0 0
C 238 00000010 0 0 0 0 0 0 0 0 1 0 0 00000014 0 0 00000010 0 0 1 0
R 238 41 00000010 0000006f 0
C 239 00000010 0 0 0 0 0 0 0 0 1 0 0 00000014 0 0 00000010 1 0 0 0
C 240 00000010 0 0 0 0 0 0 0 0 1 0 0 00000014 0 0 00000010 1 1 0 0
C 241 00000010 0 0 0 0 0 0 0 0 1 0 0 00000014 0 0 00000010 0 0 1 0
C 242 00000010 1 0 0 0 0 0 1 0 1 0 0 00000010 0 0 00000014 1 0 0 1
C 243 00000010 1 1 0 0 0 0 0 1 1 0 0 00000014 0 0 00000010 1 1 0 0
C 244 00000010 0 0 0 0 0 0 0 0 1 0 0 00000014 0 0 00000010 0 0 1 0
R 244 42 00000010 0000006f 0
C 245 00000010 0 0 0 0 0 0 0 0 1 0 0 00000014 0 0 00000010 1 0 0 0
C 246 00000010 0 0 0 0 0 0 0 0 1 0 0 00000014 0 0 00000010 1 1 0 0
C 247 00000010 0 0 0 0 0 0 0 0 1 0 0 00000014 0 0 00000010 0 0 1 0
C 248 00000010 1 0 0 0 0 0 1 0 1 0 0 00000010 0 0 00000014 1 0 0 1
C 249 00000010 1 1 0 0 0 0 0 1 1 0 0 00000014 0 0 00000010 1 1 0 0
C 250 00000010 0 0 0 0 0 0 0 0 1 0 0 00000014 0 0 00000010 0 0 1 0
R 250 43 00000010 0000006f 0
C 251 00000010 0 0 0 0 0 0 0 0 1 0 0 00000014 0 0 00000010 1 0 0 0
C 252 00000010 0 0 0 0 0 0 0 0 1 0 0 00000014 0 0 00000010 1 1 0 0
C 253 00000010 0 0 0 0 0 0 0 0 1 0 0 00000014 0 0 00000010 0 0 1 0
C 254 00000010 1 0 0 0 0 0 1 0 1 0 0 00000010 0 0 00000014 1 0 0 1
C 255 00000010 1 1 0 0 0 0 0 1 1 0 0 00000014 0 0 00000010 1 1 0 0
C 256 00000010 0 0 0 0 0 0 0 0 1 0 0 00000014 0 0 00000010 0 0 1 0
R 256 44 00000010 0000006f 0
C 257 00000010 0 0 0 0 0 0 0 0 1 0 0 00000014 0 0 00000010 1 0 0 0
C 258 00000010 0 0 0 0 0 0 0 0 1 0 0 00000014 0 0 00000010 1 1 0 0
C 259 00000010 0 0 0 0 0 0 0 0 1 0 0 00000014 0 0 00000010 0 0 1 0
C 260 00000010 1 0 0 0 0 0 1 0 1 0 0 00000010 0 0 00000014 1 0 0 1
C 261 00000010 1 1 0 0 0 0 0 1 1 0 0 00000014 0 0 00000010 1 1 0 0
C 262 00000010 0 0 0 0 0 0 0 0 1 0 0 00000014 0 0 00000010 0 0 1 0
R 262 45 00000010 0000006f 0
C 263 00000010 0 0 0 0 0 0 0 0 1 0 0 00000014 0 0 00000010 1 0 0 0
C 264 00000010 0 0 0 0 0 0 0 0 1 0 0 00000014 0 0 00000010 1 1 0 0
C 265 00000010 0 0 0 0 0 0 0 0 1 0 0 00000014 0 0 00000010 0 0 1 0
C 266 00000010 1 0 0 0 0 0 1 0 1 0 0 00000010 0 0 00000014 1 0 0 1
C 267 00000010 1 1 0 0 0 0 0 1 1 0 0 00000014 0 0 00000010 1 1 0 0
C 268 00000010 0 0 0 0 0 0 0 0 1 0 0 00000014 0 0 00000010 0 0 1 0
R 268 46 00000010 0000006f 0
C 269 00000010 0 0 0 0 0 0 0 0 1 0 0 00000014 0 0 00000010 1 0 0 0
C 270 00000010 0 0 0 0 0 0 0 0 1 0 0 00000014 0 0 00000010 1 1 0 0
C 271 00000010 0 0 0 0 0 0 0 0 1 0 0 00000014 0 0 00000010 0 0 1 0
C 272 00000010 1 0 0 0 0 0 1 0 1 0 0 00000010 0 0 00000014 1 0 0 1
C 273 00000010 1 1 0 0 0 0 0 1 1 0 0 00000014 0 0 00000010 1 1 0 0
C 274 00000010 0 0 0 0 0 0 0 0 1 0 0 00000014 0 0 00000010 0 0 1 0
R 274 47 00000010 0000006f 0
C 275 00000010 0 0 0 0 0 0 0 0 1 0 0 00000014 0 0 00000010 1 0 0 0
C 276 00000010 0 0 0 0 0 0 0 0 1 0 0 00000014 0 0 00000010 1 1 0 0
C 277 00000010 0 0 0 0 0 0 0 0 1 0 0 00000014 0 0 00000010 0 0 1 0
C 278 00000010 1 0 0 0 0 0 1 0 1 0 0 00000010 0 0 00000014 1 0 0 1
C 279 00000010 1 1 0 0 0 0 0 1 1 0 0 00000014 0 0 00000010 1 1 0 0
C 280 00000010 0 0 0 0 0 0 0 0 1 0 0 00000014 0 0 00000010 0 0 1 0
R 280 48 00000010 0000006f 0
C 281 00000010 0 0 0 0 0 0 0 0 1 0 0 00000014 0 0 00000010 1 0 0 0
C 282 00000010 0 0 0 0 0 0 0 0 1 0 0 00000014 0 0 00000010 1 1 0 0
C 283 00000010 0 0 0 0 0 0 0 0 1 0 0 00000014 0 0 00000010 0 0 1 0
C 284 00000010 1 0 0 0 0 0 1 0 1 0 0 00000010 0 0 00000014 1 0 0 1
C 285 00000010 1 1 0 0 0 0 0 1 1 0 0 00000014 0 0 00000010 1 1 0 0
C 286 00000010 0 0 0 0 0 0 0 0 1 0 0 00000014 0 0 00000010 0 0 1 0
R 286 49 00000010 0000006f 0
C 287 00000010 0 0 0 0 0 0 0 0 1 0 0 00000014 0 0 00000010 1 0 0 0
C 288 00000010 0 0 0 0 0 0 0 0 1 0 0 00000014 0 0 00000010 1 1 0 0
C 289 00000010 0 0 0 0 0 0 0 0 1 0 0 00000014 0 0 00000010 0 0 1 0
C 290 00000010 1 0 0 0 0 0 1 0 1 0 0 00000010 0 0 00000014 1 0 0 1
C 291 00000010 1 1 0 0 0 0 0 1 1 0 0 00000014 0 0 00000010 1 1 0 0
C 292 00000010 0 0 0 0 0 0 0 0 1 0 0 00000014 0 0 00000010 0 0 1 0
R 292 50 00000010 0000006f 0
C 293 00000010 0 0 0 0 0 0 0 0 1 0 0 00000014 0 0 00000010 1 0 0 0
C 294 00000010 0 0 0 0 0 0 0 0 1 0 0 00000014 0 0 00000010 1 1 0 0
C 295 00000010 0 0 0 0 0 0 0 0 1 0 0 00000014 0 0 00000010 0 0 1 0
C 296 00000010 1 0 0 0 0 0 1 0 1 0 0 00000010 0 0 00000014 1 0 0 1
C 297 00000010 1 1 0 0 0 0 0 1 1 0 0 00000014 0 0 00000010 1 1 0 0
C 298 00000010 0 0 0 0 0 0 0 0 1 0 0 00000014 0 0 00000010 0 0 1 0
R 298 51 00000010 0000006f 0
C 299 00000010 0 0 0 0 0 0 0 0 1 0 0 00000014 0 0 00000010 1 0 0 0
C 300 00000010 0 0 0 0 0 0 0 0 1 0 0 00000014 0 0 00000010 1 1 0 0
C 301 00000010 0 0 0 0 0 0 0 0 1 0 0 00000014 0 0 00000010 0 0 1 0
C 302 00000010 1 0 0 0 0 0 1 0 1 0 0 00000010 0 0 00000014 1 0 0 1
C 303 00000010 1 1 0 0 0 0 0 1 1 0 0 00000014 0 0 00000010 1 1 0 0
C 304 00000010 0 0 0 0 0 0 0 0 1 0 0 00000014 0 0 00000010 0 0 1 0
R 304 52 00000010 0000006f 0
C 305 00000010 0 0 0 0 0 0 0 0 1 0 0 00000014 0 0 00000010 1 0 0 0
C 306 00000010 0 0 0 0 0 0 0 0 1 0 0 00000014 0 0 00000010 1 1 0 0
C 307 00000010 0 0 0 0 0 0 0 0 1 0 0 00000014 0 0 00000010 0 0 1 0
C 308 00000010 1 0 0 0 0 0 1 0 1 0 0 00000010 0 0 00000014 1 0 0 1
C 309 00000010 1 1 0 0 0 0 0 1 1 0 0 00000014 0 0 00000010 1 1 0 0
C 310 00000010 0 0 0 0 0 0 0 0 1 0 0 00000014 0 0 00000010 0 0 1 0
R 310 53 00000010 0000006f 0
C 311 00000010 0 0 0 0 0 0 0 0 1 0 0 00000014 0 0 00000010 1 0 0 0
C 312 00000010 0 0 0 0 0 0 0 0 1 0 0 00000014 0 0 00000010 1 1 0 0
C 313 00000010 0 0 0 0 0 0 0 0 1 0 0 00000014 0 0 00000010 0 0 1 0
C 314 00000010 1 0 0 0 0 0 1 0 1 0 0 00000010 0 0 00000014 1 0 0 1
C 315 00000010 1 1 0 0 0 0 0 1 1 0 0 00000014 0 0 00000010 1 1 0 0
C 316 00000010 0 0 0 0 0 0 0 0 1 0 0 00000014 0 0 00000010 0 0 1 0
R 316 54 00000010 0000006f 0
C 317 00000010 0 0 0 0 0 0 0 0 1 0 0 00000014 0 0 00000010 1 0 0 0
C 318 00000010 0 0 0 0 0 0 0 0 1 0 0 00000014 0 0 00000010 1 1 0 0
C 319 00000010 0 0 0 0 0 0 0 0 1 0 0 00000014 0 0 00000010 0 0 1 0
C 320 00000010 1 0 0 0 0 0 1 0 1 0 0 00000010 0 0 00000014 1 0 0 1
C 321 00000010 1 1 0 0 0 0 0 1 1 0 0 00000014 0 0 00000010 1 1 0 0
C 322 00000010 0 0 0 0 0 0 0 0 1 0 0 00000014 0 0 00000010 0 0 1 0
R 322 55 00000010 0000006f 0
C 323 00000010 0 0 0 0 0 0 0 0 1 0 0 00000014 0 0 00000010 1 0 0 0
C 324 00000010 0 0 0 0 0 0 0 0 1 0 0 00000014 0 0 00000010 1 1 0 0
C 325 00000010 0 0 0 0 0 0 0 0 1 0 0 00000014 0 0 00000010 0 0 1 0
C 326 00000010 1 0 0 0 0 0 1 0 1 0 0 00000010 0 0 00000014 1 0 0 1
C 327 00000010 1 1 0 0 0 0 0 1 1 0 0 00000014 0 0 00000010 1 1 0 0
C 328 00000010 0 0 0 0 0 0 0 0 1 0 0 00000014 0 0 00000010 0 0 1 0
R 328 56 00000010 0000006f 0
C 329 00000010 0 0 0 0 0 0 0 0 1 0 0 00000014 0 0 00000010 1 0 0 0
C 330 00000010 0 0 0 0 0 0 0 0 1 0 0 00000014 0 0 00000010 1 1 0 0
C 331 00000010 0 0 0 0 0 0 0 0 1 0 0 00000014 0 0 00000010 0 0 1 0
C 332 00000010 1 0 0 0 0 0 1 0 1 0 0 00000010 0 0 00000014 1 0 0 1
C 333 00000010 1 1 0 0 0 0 0 1 1 0 0 00000014 0 0 00000010 1 1 0 0
C 334 00000010 0 0 0 0 0 0 0 0 1 0 0 00000014 0 0 00000010 0 0 1 0
R 334 57 00000010 0000006f 0
C 335 00000010 0 0 0 0 0 0 0 0 1 0 0 00000014 0 0 00000010 1 0 0 0
C 336 00000010 0 0 0 0 0 0 0 0 1 0 0 00000014 0 0 00000010 1 1 0 0
C 337 00000010 0 0 0 0 0 0 0 0 1 0 0 00000014 0 0 00000010 0 0 1 0
C 338 00000010 1 0 0 0 0 0 1 0 1 0 0 00000010 0 0 00000014 1 0 0 1
C 339 00000010 1 1 0 0 0 0 0 1 1 0 0 00000014 0 0 00000010 1 1 0 0
C 340 00000010 0 0 0 0 0 0 0 0 1 0 0 00000014 0 0 00000010 0 0 1 0
R 340 58 00000010 0000006f 0
C 341 00000010 0 0 0 0 0 0 0 0 1 0 0 00000014 0 0 00000010 1 0 0 0
C 342 00000010 0 0 0 0 0 0 0 0 1 0 0 00000014 0 0 00000010 1 1 0 0
C 343 00000010 0 0 0 0 0 0 0 0 1 0 0 00000014 0 0 00000010 0 0 1 0
C 344 00000010 1 0 0 0 0 0 1 0 1 0 0 00000010 0 0 00000014 1 0 0 1
C 345 00000010 1 1 0 0 0 0 0 1 1 0 0 00000014 0 0 00000010 1 1 0 0
C 346 00000010 0 0 0 0 0 0 0 0 1 0 0 00000014 0 0 00000010 0 0 1 0
R 346 59 00000010 0000006f 0
C 347 00000010 0 0 0 0 0 0 0 0 1 0 0 00000014 0 0 00000010 1 0 0 0
C 348 00000010 0 0 0 0 0 0 0 0 1 0 0 00000014 0 0 00000010 1 1 0 0
C 349 00000010 0 0 0 0 0 0 0 0 1 0 0 00000014 0 0 00000010 0 0 1 0
C 350 00000010 1 0 0 0 0 0 1 0 1 0 0 00000010 0 0 00000014 1 0 0 1
C 351 00000010 1 1 0 0 0 0 0 1 1 0 0 00000014 0 0 00000010 1 1 0 0
C 352 00000010 0 0 0 0 0 0 0 0 1 0 0 00000014 0 0 00000010 0 0 1 0
R 352 60 00000010 0000006f 0
C 353 00000010 0 0 0 0 0 0 0 0 1 0 0 00000014 0 0 00000010 1 0 0 0
C 354 00000010 0 0 0 0 0 0 0 0 1 0 0 00000014 0 0 00000010 1 1 0 0
C 355 00000010 0 0 0 0 0 0 0 0 1 0 0 00000014 0 0 00000010 0 0 1 0
C 356 00000010 1 0 0 0 0 0 1 0 1 0 0 00000010 0 0 00000014 1 0 0 1
C 357 00000010 1 1 0 0 0 0 0 1 1 0 0 00000014 0 0 00000010 1 1 0 0
C 358 00000010 0 0 0 0 0 0 0 0 1 0 0 00000014 0 0 00000010 0 0 1 0
R 358 61 00000010 0000006f 0
C 359 00000010 0 0 0 0 0 0 0 0 1 0 0 00000014 0 0 00000010 1 0 0 0
C 360 00000010 0 0 0 0 0 0 0 0 1 0 0 00000014 0 0 00000010 1 1 0 0
C 361 00000010 0 0 0 0 0 0 0 0 1 0 0 00000014 0 0 00000010 0 0 1 0
C 362 00000010 1 0 0 0 0 0 1 0 1 0 0 00000010 0 0 00000014 1 0 0 1
C 363 00000010 1 1 0 0 0 0 0 1 1 0 0 00000014 0 0 00000010 1 1 0 0
C 364 00000010 0 0 0 0 0 0 0 0 1 0 0 00000014 0 0 00000010 0 0 1 0
R 364 62 00000010 0000006f 0
C 365 00000010 0 0 0 0 0 0 0 0 1 0 0 00000014 0 0 00000010 1 0 0 0
C 366 00000010 0 0 0 0 0 0 0 0 1 0 0 00000014 0 0 00000010 1 1 0 0
C 367 00000010 0 0 0 0 0 0 0 0 1 0 0 00000014 0 0 00000010 0 0 1 0
C 368 00000010 1 0 0 0 0 0 1 0 1 0 0 00000010 0 0 00000014 1 0 0 1
C 369 00000010 1 1 0 0 0 0 0 1 1 0 0 00000014 0 0 00000010 1 1 0 0
C 370 00000010 0 0 0 0 0 0 0 0 1 0 0 00000014 0 0 00000010 0 0 1 0
R 370 63 00000010 0000006f 0
C 371 00000010 0 0 0 0 0 0 0 0 1 0 0 00000014 0 0 00000010 1 0 0 0
C 372 00000010 0 0 0 0 0 0 0 0 1 0 0 00000014 0 0 00000010 1 1 0 0
C 373 00000010 0 0 0 0 0 0 0 0 1 0 0 00000014 0 0 00000010 0 0 1 0
C 374 00000010 1 0 0 0 0 0 1 0 1 0 0 00000010 0 0 00000014 1 0 0 1
C 375 00000010 1 1 0 0 0 0 0 1 1 0 0 00000014 0 0 00000010 1 1 0 0
C 376 00000010 0 0 0 0 0 0 0 0 1 0 0 00000014 0 0 00000010 0 0 1 0
R 376 64 00000010 0000006f 0
C 377 00000010 0 0 0 0 0 0 0 0 1 0 0 00000014 0 0 00000010 1 0 0 0
C 378 00000010 0 0 0 0 0 0 0 0 1 0 0 00000014 0 0 00000010 1 1 0 0
C 379 00000010 0 0 0 0 0 0 0 0 1 0 0 00000014 0 0 00000010 0 0 1 0
C 380 00000010 1 0 0 0 0 0 1 0 1 0 0 00000010 0 0 00000014 1 0 0 1
C 381 00000010 1 1 0 0 0 0 0 1 1 0 0 00000014 0 0 00000010 1 1 0 0
C 382 00000010 0 0 0 0 0 0 0 0 1 0 0 00000014 0 0 00000010 0 0 1 0
R 382 65 00000010 0000006f 0
C 383 00000010 0 0 0 0 0 0 0 0 1 0 0 00000014 0 0 00000010 1 0 0 0
C 384 00000010 0 0 0 0 0 0 0 0 1 0 0 00000014 0 0 00000010 1 1 0 0
C 385 00000010 0 0 0 0 0 0 0 0 1 0 0 00000014 0 0 00000010 0 0 1 0
C 386 00000010 1 0 0 0 0 0 1 0 1 0 0 00000010 0 0 00000014 1 0 0 1
C 387 00000010 1 1 0 0 0 0 0 1 1 0 0 00000014 0 0 00000010 1 1 0 0
C 388 00000010 0 0 0 0 0 0 0 0 1 0 0 00000014 0 0 00000010 0 0 1 0
R 388 66 00000010 0000006f 0
C 389 00000010 0 0 0 0 0 0 0 0 1 0 0 00000014 0 0 00000010 1 0 0 0
C 390 00000010 0 0 0 0 0 0 0 0 1 0 0 00000014 0 0 00000010 1 1 0 0
C 391 00000010 0 0 0 0 0 0 0 0 1 0 0 00000014 0 0 00000010 0 0 1 0
C 392 00000010 1 0 0 0 0 0 1 0 1 0 0 00000010 0 0 00000014 1 0 0 1
C 393 00000010 1 1 0 0 0 0 0 1 1 0 0 00000014 0 0 00000010 1 1 0 0
C 394 00000010 0 0 0 0 0 0 0 0 1 0 0 00000014 0 0 00000010 0 0 1 0
R 394 67 00000010 0000006f 0
C 395 00000010 0 0 0 0 0 0 0 0 1 0 0 00000014 0 0 00000010 1 0 0 0
C 396 00000010 0 0 0 0 0 0 0 0 1 0 0 00000014 0 0 00000010 1 1 0 0
C 397 00000010 0 0 0 0 0 0 0 0 1 0 0 00000014 0 0 00000010 0 0 1 0
C 398 00000010 1 0 0 0 0 0 1 0 1 0 0 00000010 0 0 00000014 1 0 0 1
C 399 00000010 1 1 0 0 0 0 0 1 1 0 0 00000014 0 0 00000010 1 1 0 0
REG 0 00000000
REG 1 00000200
REG 2 00000055
REG 3 00000000
REG 4 00000000
REG 5 00000000
REG 6 00000000
REG 7 00000000
REG 8 00000000
REG 9 00000000
REG 10 00000000
REG 11 00000000
REG 12 00000000
REG 13 00000000
REG 14 00000000
REG 15 00000000
REG 16 00000000
REG 17 00000000
REG 18 00000000
REG 19 00000000
REG 20 00000000
REG 21 00000000
REG 22 00000000
REG 23 00000000
REG 24 00000000
REG 25 00000005
REG 26 00000088
REG 27 00000200
REG 28 00000000
REG 29 00000000
REG 30 00000000
REG 31 00000077
MEM 00000200 44332211
MEM 00000204 44332211
MEM 00000208 44332211
MEM 0000020c 44332211
MEM 00000210 44332211
FINISH
- /home/dungpc/ndmoney4porche/projects/ibex/doc/dungpc/microarchitecture/scripts/core_tb.sv:116: Verilog $finish
