CONFIG WB=0 BT=0 M=2 latency=1 ilatency=1 grant_period=1
C 0 00000000 0 0 0 0 0 0 0 0 1 0 0 00000000 0 0 00000080 0 0 0 1
C 1 00000000 0 0 0 0 0 0 0 0 1 0 0 00000000 0 0 00000080 1 1 0 1
C 2 00000000 0 0 0 0 0 0 0 0 1 0 0 00000000 0 0 00000080 1 1 1 0
C 3 00000080 1 0 0 0 0 0 0 1 1 0 0 00000080 0 0 00000084 1 1 1 0
W 3 1 00000080
C 4 00000084 1 0 0 0 0 0 0 1 1 0 0 fffffd7c 0 0 00000088 1 1 1 0
R 4 1 00000080 08000093 0
C 5 00000084 1 0 0 0 0 0 0 0 1 0 0 fffffd7c 0 0 00000088 1 1 1 0
R 5 2 00000084 30409073 0
C 6 00000084 0 0 0 0 0 0 0 0 1 0 0 fffffd7c 0 0 00000088 0 0 1 0
C 7 00000088 1 0 0 0 0 0 0 1 1 0 0 00000200 0 0 0000008c 1 1 0 0
W 7 2 00000200
C 8 0000008c 1 0 1 0 0 0 0 0 1 1 1 00000200 0 0 00000090 1 1 1 0
D 8 0 00000200 f 00000000
R 8 3 00000088 20000113 0
EVENT 8 1
C 9 0000008c 1 1 0 0 0 0 0 1 1 0 0 00000200 1 0 00000090 0 0 1 0
W 9 3 44332211
C 10 00000090 1 0 0 0 0 0 0 1 1 0 0 fffffef8 0 0 00000094 1 1 0 0
R 10 4 0000008c 00012183 0
C 11 00000090 1 0 0 0 0 0 0 0 1 0 0 fffffef8 0 0 00000094 0 0 1 0
R 11 5 00000090 10500073 0
C 12 00000090 0 0 0 0 0 0 0 0 1 0 0 fffffef8 0 0 00000094 0 0 0 0
C 13 00000090 0 0 0 0 0 0 0 0 1 0 0 fffffef8 0 0 00000094 0 0 0 0
C 14 00000090 0 0 0 0 0 0 0 0 1 0 0 fffffef8 0 0 00000094 0 0 0 0
C 15 00000094 1 0 0 0 0 0 0 1 1 0 0 00000078 0 0 00000098 1 1 0 0
W 15 31 0000007b
C 16 00000098 1 0 0 0 0 0 1 0 1 0 0 00000098 0 0 0000009c 1 1 1 1
R 16 6 00000094 07b00f93 0
C 17 00000098 1 1 0 0 0 0 0 1 1 0 0 0000009c 0 0 00000098 1 1 1 0
C 18 00000098 1 0 0 0 0 0 1 0 1 0 0 00000098 0 0 0000009c 1 1 1 1
R 18 7 00000098 0000006f 0
C 19 00000098 1 1 0 0 0 0 0 1 1 0 0 0000009c 0 0 00000098 1 1 1 0
C 20 00000098 1 0 0 0 0 0 1 0 1 0 0 00000098 0 0 0000009c 1 1 1 1
R 20 8 00000098 0000006f 0
C 21 00000098 1 1 0 0 0 0 0 1 1 0 0 0000009c 0 0 00000098 1 1 1 0
C 22 00000098 1 0 0 0 0 0 1 0 1 0 0 00000098 0 0 0000009c 1 1 1 1
R 22 9 00000098 0000006f 0
C 23 00000098 1 1 0 0 0 0 0 1 1 0 0 0000009c 0 0 00000098 1 1 1 0
C 24 00000098 1 0 0 0 0 0 1 0 1 0 0 00000098 0 0 0000009c 1 1 1 1
R 24 10 00000098 0000006f 0
C 25 00000098 1 1 0 0 0 0 0 1 1 0 0 0000009c 0 0 00000098 1 1 1 0
C 26 00000098 1 0 0 0 0 0 1 0 1 0 0 00000098 0 0 0000009c 1 1 1 1
R 26 11 00000098 0000006f 0
C 27 00000098 1 1 0 0 0 0 0 1 1 0 0 0000009c 0 0 00000098 1 1 1 0
C 28 00000098 1 0 0 0 0 0 1 0 1 0 0 00000098 0 0 0000009c 1 1 1 1
R 28 12 00000098 0000006f 0
C 29 00000098 1 1 0 0 0 0 0 1 1 0 0 0000009c 0 0 00000098 1 1 1 0
C 30 00000098 1 0 0 0 0 0 1 0 1 0 0 00000098 0 0 0000009c 1 1 1 1
R 30 13 00000098 0000006f 0
C 31 00000098 1 1 0 0 0 0 0 1 1 0 0 0000009c 0 0 00000098 1 1 1 0
C 32 00000098 1 0 0 0 0 0 1 0 1 0 0 00000098 0 0 0000009c 1 1 1 1
R 32 14 00000098 0000006f 0
C 33 00000098 1 1 0 0 0 0 0 1 1 0 0 0000009c 0 0 00000098 1 1 1 0
C 34 00000098 1 0 0 0 0 0 1 0 1 0 0 00000098 0 0 0000009c 1 1 1 1
R 34 15 00000098 0000006f 0
C 35 00000098 1 1 0 0 0 0 0 1 1 0 0 0000009c 0 0 00000098 1 1 1 0
C 36 00000098 1 0 0 0 0 0 1 0 1 0 0 00000098 0 0 0000009c 1 1 1 1
R 36 16 00000098 0000006f 0
C 37 00000098 1 1 0 0 0 0 0 1 1 0 0 0000009c 0 0 00000098 1 1 1 0
C 38 00000098 1 0 0 0 0 0 1 0 1 0 0 00000098 0 0 0000009c 1 1 1 1
R 38 17 00000098 0000006f 0
C 39 00000098 1 1 0 0 0 0 0 1 1 0 0 0000009c 0 0 00000098 1 1 1 0
C 40 00000098 1 0 0 0 0 0 1 0 1 0 0 00000098 0 0 0000009c 1 1 1 1
R 40 18 00000098 0000006f 0
C 41 00000098 1 1 0 0 0 0 0 1 1 0 0 0000009c 0 0 00000098 1 1 1 0
C 42 00000098 1 0 0 0 0 0 1 0 1 0 0 00000098 0 0 0000009c 1 1 1 1
R 42 19 00000098 0000006f 0
C 43 00000098 1 1 0 0 0 0 0 1 1 0 0 0000009c 0 0 00000098 1 1 1 0
C 44 00000098 1 0 0 0 0 0 1 0 1 0 0 00000098 0 0 0000009c 1 1 1 1
R 44 20 00000098 0000006f 0
C 45 00000098 1 1 0 0 0 0 0 1 1 0 0 0000009c 0 0 00000098 1 1 1 0
C 46 00000098 1 0 0 0 0 0 1 0 1 0 0 00000098 0 0 0000009c 1 1 1 1
R 46 21 00000098 0000006f 0
C 47 00000098 1 1 0 0 0 0 0 1 1 0 0 0000009c 0 0 00000098 1 1 1 0
C 48 00000098 1 0 0 0 0 0 1 0 1 0 0 00000098 0 0 0000009c 1 1 1 1
R 48 22 00000098 0000006f 0
C 49 00000098 1 1 0 0 0 0 0 1 1 0 0 0000009c 0 0 00000098 1 1 1 0
C 50 00000098 1 0 0 0 0 0 1 0 1 0 0 00000098 0 0 0000009c 1 1 1 1
R 50 23 00000098 0000006f 0
C 51 00000098 1 1 0 0 0 0 0 1 1 0 0 0000009c 0 0 00000098 1 1 1 0
C 52 00000098 1 0 0 0 0 0 1 0 1 0 0 00000098 0 0 0000009c 1 1 1 1
R 52 24 00000098 0000006f 0
C 53 00000098 1 1 0 0 0 0 0 1 1 0 0 0000009c 0 0 00000098 1 1 1 0
C 54 00000098 1 0 0 0 0 0 1 0 1 0 0 00000098 0 0 0000009c 1 1 1 1
R 54 25 00000098 0000006f 0
C 55 00000098 1 1 0 0 0 0 0 1 1 0 0 0000009c 0 0 00000098 1 1 1 0
C 56 00000098 1 0 0 0 0 0 1 0 1 0 0 00000098 0 0 0000009c 1 1 1 1
R 56 26 00000098 0000006f 0
C 57 00000098 1 1 0 0 0 0 0 1 1 0 0 0000009c 0 0 00000098 1 1 1 0
C 58 00000098 1 0 0 0 0 0 1 0 1 0 0 00000098 0 0 0000009c 1 1 1 1
R 58 27 00000098 0000006f 0
C 59 00000098 1 1 0 0 0 0 0 1 1 0 0 0000009c 0 0 00000098 1 1 1 0
C 60 00000098 1 0 0 0 0 0 1 0 1 0 0 00000098 0 0 0000009c 1 1 1 1
R 60 28 00000098 0000006f 0
C 61 00000098 1 1 0 0 0 0 0 1 1 0 0 0000009c 0 0 00000098 1 1 1 0
C 62 00000098 1 0 0 0 0 0 1 0 1 0 0 00000098 0 0 0000009c 1 1 1 1
R 62 29 00000098 0000006f 0
C 63 00000098 1 1 0 0 0 0 0 1 1 0 0 0000009c 0 0 00000098 1 1 1 0
C 64 00000098 1 0 0 0 0 0 1 0 1 0 0 00000098 0 0 0000009c 1 1 1 1
R 64 30 00000098 0000006f 0
C 65 00000098 1 1 0 0 0 0 0 1 1 0 0 0000009c 0 0 00000098 1 1 1 0
C 66 00000098 1 0 0 0 0 0 1 0 1 0 0 00000098 0 0 0000009c 1 1 1 1
R 66 31 00000098 0000006f 0
C 67 00000098 1 1 0 0 0 0 0 1 1 0 0 0000009c 0 0 00000098 1 1 1 0
C 68 00000098 1 0 0 0 0 0 1 0 1 0 0 00000098 0 0 0000009c 1 1 1 1
R 68 32 00000098 0000006f 0
C 69 00000098 1 1 0 0 0 0 0 1 1 0 0 0000009c 0 0 00000098 1 1 1 0
C 70 00000098 1 0 0 0 0 0 1 0 1 0 0 00000098 0 0 0000009c 1 1 1 1
R 70 33 00000098 0000006f 0
C 71 00000098 1 1 0 0 0 0 0 1 1 0 0 0000009c 0 0 00000098 1 1 1 0
C 72 00000098 1 0 0 0 0 0 1 0 1 0 0 00000098 0 0 0000009c 1 1 1 1
R 72 34 00000098 0000006f 0
C 73 00000098 1 1 0 0 0 0 0 1 1 0 0 0000009c 0 0 00000098 1 1 1 0
C 74 00000098 1 0 0 0 0 0 1 0 1 0 0 00000098 0 0 0000009c 1 1 1 1
R 74 35 00000098 0000006f 0
C 75 00000098 1 1 0 0 0 0 0 1 1 0 0 0000009c 0 0 00000098 1 1 1 0
C 76 00000098 1 0 0 0 0 0 1 0 1 0 0 00000098 0 0 0000009c 1 1 1 1
R 76 36 00000098 0000006f 0
C 77 00000098 1 1 0 0 0 0 0 1 1 0 0 0000009c 0 0 00000098 1 1 1 0
C 78 00000098 1 0 0 0 0 0 1 0 1 0 0 00000098 0 0 0000009c 1 1 1 1
R 78 37 00000098 0000006f 0
C 79 00000098 1 1 0 0 0 0 0 1 1 0 0 0000009c 0 0 00000098 1 1 1 0
C 80 00000098 1 0 0 0 0 0 1 0 1 0 0 00000098 0 0 0000009c 1 1 1 1
R 80 38 00000098 0000006f 0
C 81 00000098 1 1 0 0 0 0 0 1 1 0 0 0000009c 0 0 00000098 1 1 1 0
C 82 00000098 1 0 0 0 0 0 1 0 1 0 0 00000098 0 0 0000009c 1 1 1 1
R 82 39 00000098 0000006f 0
C 83 00000098 1 1 0 0 0 0 0 1 1 0 0 0000009c 0 0 00000098 1 1 1 0
C 84 00000098 1 0 0 0 0 0 1 0 1 0 0 00000098 0 0 0000009c 1 1 1 1
R 84 40 00000098 0000006f 0
C 85 00000098 1 1 0 0 0 0 0 1 1 0 0 0000009c 0 0 00000098 1 1 1 0
C 86 00000098 1 0 0 0 0 0 1 0 1 0 0 00000098 0 0 0000009c 1 1 1 1
R 86 41 00000098 0000006f 0
C 87 00000098 1 1 0 0 0 0 0 1 1 0 0 0000009c 0 0 00000098 1 1 1 0
C 88 00000098 1 0 0 0 0 0 1 0 1 0 0 00000098 0 0 0000009c 1 1 1 1
R 88 42 00000098 0000006f 0
C 89 00000098 1 1 0 0 0 0 0 1 1 0 0 0000009c 0 0 00000098 1 1 1 0
C 90 00000098 1 0 0 0 0 0 1 0 1 0 0 00000098 0 0 0000009c 1 1 1 1
R 90 43 00000098 0000006f 0
C 91 00000098 1 1 0 0 0 0 0 1 1 0 0 0000009c 0 0 00000098 1 1 1 0
C 92 00000098 1 0 0 0 0 0 1 0 1 0 0 00000098 0 0 0000009c 1 1 1 1
R 92 44 00000098 0000006f 0
C 93 00000098 1 1 0 0 0 0 0 1 1 0 0 0000009c 0 0 00000098 1 1 1 0
C 94 00000098 1 0 0 0 0 0 1 0 1 0 0 00000098 0 0 0000009c 1 1 1 1
R 94 45 00000098 0000006f 0
C 95 00000098 1 1 0 0 0 0 0 1 1 0 0 0000009c 0 0 00000098 1 1 1 0
C 96 00000098 1 0 0 0 0 0 1 0 1 0 0 00000098 0 0 0000009c 1 1 1 1
R 96 46 00000098 0000006f 0
C 97 00000098 1 1 0 0 0 0 0 1 1 0 0 0000009c 0 0 00000098 1 1 1 0
C 98 00000098 1 0 0 0 0 0 1 0 1 0 0 00000098 0 0 0000009c 1 1 1 1
R 98 47 00000098 0000006f 0
C 99 00000098 1 1 0 0 0 0 0 1 1 0 0 0000009c 0 0 00000098 1 1 1 0
C 100 00000098 1 0 0 0 0 0 1 0 1 0 0 00000098 0 0 0000009c 1 1 1 1
R 100 48 00000098 0000006f 0
C 101 00000098 1 1 0 0 0 0 0 1 1 0 0 0000009c 0 0 00000098 1 1 1 0
C 102 00000098 1 0 0 0 0 0 1 0 1 0 0 00000098 0 0 0000009c 1 1 1 1
R 102 49 00000098 0000006f 0
C 103 00000098 1 1 0 0 0 0 0 1 1 0 0 0000009c 0 0 00000098 1 1 1 0
C 104 00000098 1 0 0 0 0 0 1 0 1 0 0 00000098 0 0 0000009c 1 1 1 1
R 104 50 00000098 0000006f 0
C 105 00000098 1 1 0 0 0 0 0 1 1 0 0 0000009c 0 0 00000098 1 1 1 0
C 106 00000098 1 0 0 0 0 0 1 0 1 0 0 00000098 0 0 0000009c 1 1 1 1
R 106 51 00000098 0000006f 0
C 107 00000098 1 1 0 0 0 0 0 1 1 0 0 0000009c 0 0 00000098 1 1 1 0
C 108 00000098 1 0 0 0 0 0 1 0 1 0 0 00000098 0 0 0000009c 1 1 1 1
R 108 52 00000098 0000006f 0
C 109 00000098 1 1 0 0 0 0 0 1 1 0 0 0000009c 0 0 00000098 1 1 1 0
C 110 00000098 1 0 0 0 0 0 1 0 1 0 0 00000098 0 0 0000009c 1 1 1 1
R 110 53 00000098 0000006f 0
C 111 00000098 1 1 0 0 0 0 0 1 1 0 0 0000009c 0 0 00000098 1 1 1 0
C 112 00000098 1 0 0 0 0 0 1 0 1 0 0 00000098 0 0 0000009c 1 1 1 1
R 112 54 00000098 0000006f 0
C 113 00000098 1 1 0 0 0 0 0 1 1 0 0 0000009c 0 0 00000098 1 1 1 0
C 114 00000098 1 0 0 0 0 0 1 0 1 0 0 00000098 0 0 0000009c 1 1 1 1
R 114 55 00000098 0000006f 0
C 115 00000098 1 1 0 0 0 0 0 1 1 0 0 0000009c 0 0 00000098 1 1 1 0
C 116 00000098 1 0 0 0 0 0 1 0 1 0 0 00000098 0 0 0000009c 1 1 1 1
R 116 56 00000098 0000006f 0
C 117 00000098 1 1 0 0 0 0 0 1 1 0 0 0000009c 0 0 00000098 1 1 1 0
C 118 00000098 1 0 0 0 0 0 1 0 1 0 0 00000098 0 0 0000009c 1 1 1 1
R 118 57 00000098 0000006f 0
C 119 00000098 1 1 0 0 0 0 0 1 1 0 0 0000009c 0 0 00000098 1 1 1 0
C 120 00000098 1 0 0 0 0 0 1 0 1 0 0 00000098 0 0 0000009c 1 1 1 1
R 120 58 00000098 0000006f 0
C 121 00000098 1 1 0 0 0 0 0 1 1 0 0 0000009c 0 0 00000098 1 1 1 0
C 122 00000098 1 0 0 0 0 0 1 0 1 0 0 00000098 0 0 0000009c 1 1 1 1
R 122 59 00000098 0000006f 0
C 123 00000098 1 1 0 0 0 0 0 1 1 0 0 0000009c 0 0 00000098 1 1 1 0
C 124 00000098 1 0 0 0 0 0 1 0 1 0 0 00000098 0 0 0000009c 1 1 1 1
R 124 60 00000098 0000006f 0
C 125 00000098 1 1 0 0 0 0 0 1 1 0 0 0000009c 0 0 00000098 1 1 1 0
C 126 00000098 1 0 0 0 0 0 1 0 1 0 0 00000098 0 0 0000009c 1 1 1 1
R 126 61 00000098 0000006f 0
C 127 00000098 1 1 0 0 0 0 0 1 1 0 0 0000009c 0 0 00000098 1 1 1 0
C 128 00000098 1 0 0 0 0 0 1 0 1 0 0 00000098 0 0 0000009c 1 1 1 1
R 128 62 00000098 0000006f 0
C 129 00000098 1 1 0 0 0 0 0 1 1 0 0 0000009c 0 0 00000098 1 1 1 0
C 130 00000098 1 0 0 0 0 0 1 0 1 0 0 00000098 0 0 0000009c 1 1 1 1
R 130 63 00000098 0000006f 0
C 131 00000098 1 1 0 0 0 0 0 1 1 0 0 0000009c 0 0 00000098 1 1 1 0
C 132 00000098 1 0 0 0 0 0 1 0 1 0 0 00000098 0 0 0000009c 1 1 1 1
R 132 64 00000098 0000006f 0
C 133 00000098 1 1 0 0 0 0 0 1 1 0 0 0000009c 0 0 00000098 1 1 1 0
C 134 00000098 1 0 0 0 0 0 1 0 1 0 0 00000098 0 0 0000009c 1 1 1 1
R 134 65 00000098 0000006f 0
C 135 00000098 1 1 0 0 0 0 0 1 1 0 0 0000009c 0 0 00000098 1 1 1 0
C 136 00000098 1 0 0 0 0 0 1 0 1 0 0 00000098 0 0 0000009c 1 1 1 1
R 136 66 00000098 0000006f 0
C 137 00000098 1 1 0 0 0 0 0 1 1 0 0 0000009c 0 0 00000098 1 1 1 0
C 138 00000098 1 0 0 0 0 0 1 0 1 0 0 00000098 0 0 0000009c 1 1 1 1
R 138 67 00000098 0000006f 0
C 139 00000098 1 1 0 0 0 0 0 1 1 0 0 0000009c 0 0 00000098 1 1 1 0
C 140 00000098 1 0 0 0 0 0 1 0 1 0 0 00000098 0 0 0000009c 1 1 1 1
R 140 68 00000098 0000006f 0
C 141 00000098 1 1 0 0 0 0 0 1 1 0 0 0000009c 0 0 00000098 1 1 1 0
C 142 00000098 1 0 0 0 0 0 1 0 1 0 0 00000098 0 0 0000009c 1 1 1 1
R 142 69 00000098 0000006f 0
C 143 00000098 1 1 0 0 0 0 0 1 1 0 0 0000009c 0 0 00000098 1 1 1 0
C 144 00000098 1 0 0 0 0 0 1 0 1 0 0 00000098 0 0 0000009c 1 1 1 1
R 144 70 00000098 0000006f 0
C 145 00000098 1 1 0 0 0 0 0 1 1 0 0 0000009c 0 0 00000098 1 1 1 0
C 146 00000098 1 0 0 0 0 0 1 0 1 0 0 00000098 0 0 0000009c 1 1 1 1
R 146 71 00000098 0000006f 0
C 147 00000098 1 1 0 0 0 0 0 1 1 0 0 0000009c 0 0 00000098 1 1 1 0
C 148 00000098 1 0 0 0 0 0 1 0 1 0 0 00000098 0 0 0000009c 1 1 1 1
R 148 72 00000098 0000006f 0
C 149 00000098 1 1 0 0 0 0 0 1 1 0 0 0000009c 0 0 00000098 1 1 1 0
C 150 00000098 1 0 0 0 0 0 1 0 1 0 0 00000098 0 0 0000009c 1 1 1 1
R 150 73 00000098 0000006f 0
C 151 00000098 1 1 0 0 0 0 0 1 1 0 0 0000009c 0 0 00000098 1 1 1 0
C 152 00000098 1 0 0 0 0 0 1 0 1 0 0 00000098 0 0 0000009c 1 1 1 1
R 152 74 00000098 0000006f 0
C 153 00000098 1 1 0 0 0 0 0 1 1 0 0 0000009c 0 0 00000098 1 1 1 0
C 154 00000098 1 0 0 0 0 0 1 0 1 0 0 00000098 0 0 0000009c 1 1 1 1
R 154 75 00000098 0000006f 0
C 155 00000098 1 1 0 0 0 0 0 1 1 0 0 0000009c 0 0 00000098 1 1 1 0
C 156 00000098 1 0 0 0 0 0 1 0 1 0 0 00000098 0 0 0000009c 1 1 1 1
R 156 76 00000098 0000006f 0
C 157 00000098 1 1 0 0 0 0 0 1 1 0 0 0000009c 0 0 00000098 1 1 1 0
C 158 00000098 1 0 0 0 0 0 1 0 1 0 0 00000098 0 0 0000009c 1 1 1 1
R 158 77 00000098 0000006f 0
C 159 00000098 1 1 0 0 0 0 0 1 1 0 0 0000009c 0 0 00000098 1 1 1 0
C 160 00000098 1 0 0 0 0 0 1 0 1 0 0 00000098 0 0 0000009c 1 1 1 1
R 160 78 00000098 0000006f 0
C 161 00000098 1 1 0 0 0 0 0 1 1 0 0 0000009c 0 0 00000098 1 1 1 0
C 162 00000098 1 0 0 0 0 0 1 0 1 0 0 00000098 0 0 0000009c 1 1 1 1
R 162 79 00000098 0000006f 0
C 163 00000098 1 1 0 0 0 0 0 1 1 0 0 0000009c 0 0 00000098 1 1 1 0
C 164 00000098 1 0 0 0 0 0 1 0 1 0 0 00000098 0 0 0000009c 1 1 1 1
R 164 80 00000098 0000006f 0
C 165 00000098 1 1 0 0 0 0 0 1 1 0 0 0000009c 0 0 00000098 1 1 1 0
C 166 00000098 1 0 0 0 0 0 1 0 1 0 0 00000098 0 0 0000009c 1 1 1 1
R 166 81 00000098 0000006f 0
C 167 00000098 1 1 0 0 0 0 0 1 1 0 0 0000009c 0 0 00000098 1 1 1 0
C 168 00000098 1 0 0 0 0 0 1 0 1 0 0 00000098 0 0 0000009c 1 1 1 1
R 168 82 00000098 0000006f 0
C 169 00000098 1 1 0 0 0 0 0 1 1 0 0 0000009c 0 0 00000098 1 1 1 0
C 170 00000098 1 0 0 0 0 0 1 0 1 0 0 00000098 0 0 0000009c 1 1 1 1
R 170 83 00000098 0000006f 0
C 171 00000098 1 1 0 0 0 0 0 1 1 0 0 0000009c 0 0 00000098 1 1 1 0
C 172 00000098 1 0 0 0 0 0 1 0 1 0 0 00000098 0 0 0000009c 1 1 1 1
R 172 84 00000098 0000006f 0
C 173 00000098 1 1 0 0 0 0 0 1 1 0 0 0000009c 0 0 00000098 1 1 1 0
C 174 00000098 1 0 0 0 0 0 1 0 1 0 0 00000098 0 0 0000009c 1 1 1 1
R 174 85 00000098 0000006f 0
C 175 00000098 1 1 0 0 0 0 0 1 1 0 0 0000009c 0 0 00000098 1 1 1 0
C 176 00000098 1 0 0 0 0 0 1 0 1 0 0 00000098 0 0 0000009c 1 1 1 1
R 176 86 00000098 0000006f 0
C 177 00000098 1 1 0 0 0 0 0 1 1 0 0 0000009c 0 0 00000098 1 1 1 0
C 178 00000098 1 0 0 0 0 0 1 0 1 0 0 00000098 0 0 0000009c 1 1 1 1
R 178 87 00000098 0000006f 0
C 179 00000098 1 1 0 0 0 0 0 1 1 0 0 0000009c 0 0 00000098 1 1 1 0
C 180 00000098 1 0 0 0 0 0 1 0 1 0 0 00000098 0 0 0000009c 1 1 1 1
R 180 88 00000098 0000006f 0
C 181 00000098 1 1 0 0 0 0 0 1 1 0 0 0000009c 0 0 00000098 1 1 1 0
C 182 00000098 1 0 0 0 0 0 1 0 1 0 0 00000098 0 0 0000009c 1 1 1 1
R 182 89 00000098 0000006f 0
C 183 00000098 1 1 0 0 0 0 0 1 1 0 0 0000009c 0 0 00000098 1 1 1 0
C 184 00000098 1 0 0 0 0 0 1 0 1 0 0 00000098 0 0 0000009c 1 1 1 1
R 184 90 00000098 0000006f 0
C 185 00000098 1 1 0 0 0 0 0 1 1 0 0 0000009c 0 0 00000098 1 1 1 0
C 186 00000098 1 0 0 0 0 0 1 0 1 0 0 00000098 0 0 0000009c 1 1 1 1
R 186 91 00000098 0000006f 0
C 187 00000098 1 1 0 0 0 0 0 1 1 0 0 0000009c 0 0 00000098 1 1 1 0
C 188 00000098 1 0 0 0 0 0 1 0 1 0 0 00000098 0 0 0000009c 1 1 1 1
R 188 92 00000098 0000006f 0
C 189 00000098 1 1 0 0 0 0 0 1 1 0 0 0000009c 0 0 00000098 1 1 1 0
C 190 00000098 1 0 0 0 0 0 1 0 1 0 0 00000098 0 0 0000009c 1 1 1 1
R 190 93 00000098 0000006f 0
C 191 00000098 1 1 0 0 0 0 0 1 1 0 0 0000009c 0 0 00000098 1 1 1 0
C 192 00000098 1 0 0 0 0 0 1 0 1 0 0 00000098 0 0 0000009c 1 1 1 1
R 192 94 00000098 0000006f 0
C 193 00000098 1 1 0 0 0 0 0 1 1 0 0 0000009c 0 0 00000098 1 1 1 0
C 194 00000098 1 0 0 0 0 0 1 0 1 0 0 00000098 0 0 0000009c 1 1 1 1
R 194 95 00000098 0000006f 0
C 195 00000098 1 1 0 0 0 0 0 1 1 0 0 0000009c 0 0 00000098 1 1 1 0
C 196 00000098 1 0 0 0 0 0 1 0 1 0 0 00000098 0 0 0000009c 1 1 1 1
R 196 96 00000098 0000006f 0
C 197 00000098 1 1 0 0 0 0 0 1 1 0 0 0000009c 0 0 00000098 1 1 1 0
C 198 00000098 1 0 0 0 0 0 1 0 1 0 0 00000098 0 0 0000009c 1 1 1 1
R 198 97 00000098 0000006f 0
C 199 00000098 1 1 0 0 0 0 0 1 1 0 0 0000009c 0 0 00000098 1 1 1 0
C 200 00000098 1 0 0 0 0 0 1 0 1 0 0 00000098 0 0 0000009c 1 1 1 1
R 200 98 00000098 0000006f 0
C 201 00000098 1 1 0 0 0 0 0 1 1 0 0 0000009c 0 0 00000098 1 1 1 0
C 202 00000098 1 0 0 0 0 0 1 0 1 0 0 00000098 0 0 0000009c 1 1 1 1
R 202 99 00000098 0000006f 0
C 203 00000098 1 1 0 0 0 0 0 1 1 0 0 0000009c 0 0 00000098 1 1 1 0
C 204 00000098 1 0 0 0 0 0 1 0 1 0 0 00000098 0 0 0000009c 1 1 1 1
R 204 100 00000098 0000006f 0
C 205 00000098 1 1 0 0 0 0 0 1 1 0 0 0000009c 0 0 00000098 1 1 1 0
C 206 00000098 1 0 0 0 0 0 1 0 1 0 0 00000098 0 0 0000009c 1 1 1 1
R 206 101 00000098 0000006f 0
C 207 00000098 1 1 0 0 0 0 0 1 1 0 0 0000009c 0 0 00000098 1 1 1 0
C 208 00000098 1 0 0 0 0 0 1 0 1 0 0 00000098 0 0 0000009c 1 1 1 1
R 208 102 00000098 0000006f 0
C 209 00000098 1 1 0 0 0 0 0 1 1 0 0 0000009c 0 0 00000098 1 1 1 0
C 210 00000098 1 0 0 0 0 0 1 0 1 0 0 00000098 0 0 0000009c 1 1 1 1
R 210 103 00000098 0000006f 0
C 211 00000098 1 1 0 0 0 0 0 1 1 0 0 0000009c 0 0 00000098 1 1 1 0
C 212 00000098 1 0 0 0 0 0 1 0 1 0 0 00000098 0 0 0000009c 1 1 1 1
R 212 104 00000098 0000006f 0
C 213 00000098 1 1 0 0 0 0 0 1 1 0 0 0000009c 0 0 00000098 1 1 1 0
C 214 00000098 1 0 0 0 0 0 1 0 1 0 0 00000098 0 0 0000009c 1 1 1 1
R 214 105 00000098 0000006f 0
C 215 00000098 1 1 0 0 0 0 0 1 1 0 0 0000009c 0 0 00000098 1 1 1 0
C 216 00000098 1 0 0 0 0 0 1 0 1 0 0 00000098 0 0 0000009c 1 1 1 1
R 216 106 00000098 0000006f 0
C 217 00000098 1 1 0 0 0 0 0 1 1 0 0 0000009c 0 0 00000098 1 1 1 0
C 218 00000098 1 0 0 0 0 0 1 0 1 0 0 00000098 0 0 0000009c 1 1 1 1
R 218 107 00000098 0000006f 0
C 219 00000098 1 1 0 0 0 0 0 1 1 0 0 0000009c 0 0 00000098 1 1 1 0
C 220 00000098 1 0 0 0 0 0 1 0 1 0 0 00000098 0 0 0000009c 1 1 1 1
R 220 108 00000098 0000006f 0
C 221 00000098 1 1 0 0 0 0 0 1 1 0 0 0000009c 0 0 00000098 1 1 1 0
C 222 00000098 1 0 0 0 0 0 1 0 1 0 0 00000098 0 0 0000009c 1 1 1 1
R 222 109 00000098 0000006f 0
C 223 00000098 1 1 0 0 0 0 0 1 1 0 0 0000009c 0 0 00000098 1 1 1 0
C 224 00000098 1 0 0 0 0 0 1 0 1 0 0 00000098 0 0 0000009c 1 1 1 1
R 224 110 00000098 0000006f 0
C 225 00000098 1 1 0 0 0 0 0 1 1 0 0 0000009c 0 0 00000098 1 1 1 0
C 226 00000098 1 0 0 0 0 0 1 0 1 0 0 00000098 0 0 0000009c 1 1 1 1
R 226 111 00000098 0000006f 0
C 227 00000098 1 1 0 0 0 0 0 1 1 0 0 0000009c 0 0 00000098 1 1 1 0
C 228 00000098 1 0 0 0 0 0 1 0 1 0 0 00000098 0 0 0000009c 1 1 1 1
R 228 112 00000098 0000006f 0
C 229 00000098 1 1 0 0 0 0 0 1 1 0 0 0000009c 0 0 00000098 1 1 1 0
C 230 00000098 1 0 0 0 0 0 1 0 1 0 0 00000098 0 0 0000009c 1 1 1 1
R 230 113 00000098 0000006f 0
C 231 00000098 1 1 0 0 0 0 0 1 1 0 0 0000009c 0 0 00000098 1 1 1 0
C 232 00000098 1 0 0 0 0 0 1 0 1 0 0 00000098 0 0 0000009c 1 1 1 1
R 232 114 00000098 0000006f 0
C 233 00000098 1 1 0 0 0 0 0 1 1 0 0 0000009c 0 0 00000098 1 1 1 0
C 234 00000098 1 0 0 0 0 0 1 0 1 0 0 00000098 0 0 0000009c 1 1 1 1
R 234 115 00000098 0000006f 0
C 235 00000098 1 1 0 0 0 0 0 1 1 0 0 0000009c 0 0 00000098 1 1 1 0
C 236 00000098 1 0 0 0 0 0 1 0 1 0 0 00000098 0 0 0000009c 1 1 1 1
R 236 116 00000098 0000006f 0
C 237 00000098 1 1 0 0 0 0 0 1 1 0 0 0000009c 0 0 00000098 1 1 1 0
C 238 00000098 1 0 0 0 0 0 1 0 1 0 0 00000098 0 0 0000009c 1 1 1 1
R 238 117 00000098 0000006f 0
C 239 00000098 1 1 0 0 0 0 0 1 1 0 0 0000009c 0 0 00000098 1 1 1 0
C 240 00000098 1 0 0 0 0 0 1 0 1 0 0 00000098 0 0 0000009c 1 1 1 1
R 240 118 00000098 0000006f 0
C 241 00000098 1 1 0 0 0 0 0 1 1 0 0 0000009c 0 0 00000098 1 1 1 0
C 242 00000098 1 0 0 0 0 0 1 0 1 0 0 00000098 0 0 0000009c 1 1 1 1
R 242 119 00000098 0000006f 0
C 243 00000098 1 1 0 0 0 0 0 1 1 0 0 0000009c 0 0 00000098 1 1 1 0
C 244 00000098 1 0 0 0 0 0 1 0 1 0 0 00000098 0 0 0000009c 1 1 1 1
R 244 120 00000098 0000006f 0
C 245 00000098 1 1 0 0 0 0 0 1 1 0 0 0000009c 0 0 00000098 1 1 1 0
C 246 00000098 1 0 0 0 0 0 1 0 1 0 0 00000098 0 0 0000009c 1 1 1 1
R 246 121 00000098 0000006f 0
C 247 00000098 1 1 0 0 0 0 0 1 1 0 0 0000009c 0 0 00000098 1 1 1 0
C 248 00000098 1 0 0 0 0 0 1 0 1 0 0 00000098 0 0 0000009c 1 1 1 1
R 248 122 00000098 0000006f 0
C 249 00000098 1 1 0 0 0 0 0 1 1 0 0 0000009c 0 0 00000098 1 1 1 0
C 250 00000098 1 0 0 0 0 0 1 0 1 0 0 00000098 0 0 0000009c 1 1 1 1
R 250 123 00000098 0000006f 0
C 251 00000098 1 1 0 0 0 0 0 1 1 0 0 0000009c 0 0 00000098 1 1 1 0
C 252 00000098 1 0 0 0 0 0 1 0 1 0 0 00000098 0 0 0000009c 1 1 1 1
R 252 124 00000098 0000006f 0
C 253 00000098 1 1 0 0 0 0 0 1 1 0 0 0000009c 0 0 00000098 1 1 1 0
C 254 00000098 1 0 0 0 0 0 1 0 1 0 0 00000098 0 0 0000009c 1 1 1 1
R 254 125 00000098 0000006f 0
C 255 00000098 1 1 0 0 0 0 0 1 1 0 0 0000009c 0 0 00000098 1 1 1 0
C 256 00000098 1 0 0 0 0 0 1 0 1 0 0 00000098 0 0 0000009c 1 1 1 1
R 256 126 00000098 0000006f 0
C 257 00000098 1 1 0 0 0 0 0 1 1 0 0 0000009c 0 0 00000098 1 1 1 0
C 258 00000098 1 0 0 0 0 0 1 0 1 0 0 00000098 0 0 0000009c 1 1 1 1
R 258 127 00000098 0000006f 0
C 259 00000098 1 1 0 0 0 0 0 1 1 0 0 0000009c 0 0 00000098 1 1 1 0
C 260 00000098 1 0 0 0 0 0 1 0 1 0 0 00000098 0 0 0000009c 1 1 1 1
R 260 128 00000098 0000006f 0
C 261 00000098 1 1 0 0 0 0 0 1 1 0 0 0000009c 0 0 00000098 1 1 1 0
C 262 00000098 1 0 0 0 0 0 1 0 1 0 0 00000098 0 0 0000009c 1 1 1 1
R 262 129 00000098 0000006f 0
C 263 00000098 1 1 0 0 0 0 0 1 1 0 0 0000009c 0 0 00000098 1 1 1 0
C 264 00000098 1 0 0 0 0 0 1 0 1 0 0 00000098 0 0 0000009c 1 1 1 1
R 264 130 00000098 0000006f 0
C 265 00000098 1 1 0 0 0 0 0 1 1 0 0 0000009c 0 0 00000098 1 1 1 0
C 266 00000098 1 0 0 0 0 0 1 0 1 0 0 00000098 0 0 0000009c 1 1 1 1
R 266 131 00000098 0000006f 0
C 267 00000098 1 1 0 0 0 0 0 1 1 0 0 0000009c 0 0 00000098 1 1 1 0
C 268 00000098 1 0 0 0 0 0 1 0 1 0 0 00000098 0 0 0000009c 1 1 1 1
R 268 132 00000098 0000006f 0
C 269 00000098 1 1 0 0 0 0 0 1 1 0 0 0000009c 0 0 00000098 1 1 1 0
C 270 00000098 1 0 0 0 0 0 1 0 1 0 0 00000098 0 0 0000009c 1 1 1 1
R 270 133 00000098 0000006f 0
C 271 00000098 1 1 0 0 0 0 0 1 1 0 0 0000009c 0 0 00000098 1 1 1 0
C 272 00000098 1 0 0 0 0 0 1 0 1 0 0 00000098 0 0 0000009c 1 1 1 1
R 272 134 00000098 0000006f 0
C 273 00000098 1 1 0 0 0 0 0 1 1 0 0 0000009c 0 0 00000098 1 1 1 0
C 274 00000098 1 0 0 0 0 0 1 0 1 0 0 00000098 0 0 0000009c 1 1 1 1
R 274 135 00000098 0000006f 0
C 275 00000098 1 1 0 0 0 0 0 1 1 0 0 0000009c 0 0 00000098 1 1 1 0
C 276 00000098 1 0 0 0 0 0 1 0 1 0 0 00000098 0 0 0000009c 1 1 1 1
R 276 136 00000098 0000006f 0
C 277 00000098 1 1 0 0 0 0 0 1 1 0 0 0000009c 0 0 00000098 1 1 1 0
C 278 00000098 1 0 0 0 0 0 1 0 1 0 0 00000098 0 0 0000009c 1 1 1 1
R 278 137 00000098 0000006f 0
C 279 00000098 1 1 0 0 0 0 0 1 1 0 0 0000009c 0 0 00000098 1 1 1 0
C 280 00000098 1 0 0 0 0 0 1 0 1 0 0 00000098 0 0 0000009c 1 1 1 1
R 280 138 00000098 0000006f 0
C 281 00000098 1 1 0 0 0 0 0 1 1 0 0 0000009c 0 0 00000098 1 1 1 0
C 282 00000098 1 0 0 0 0 0 1 0 1 0 0 00000098 0 0 0000009c 1 1 1 1
R 282 139 00000098 0000006f 0
C 283 00000098 1 1 0 0 0 0 0 1 1 0 0 0000009c 0 0 00000098 1 1 1 0
C 284 00000098 1 0 0 0 0 0 1 0 1 0 0 00000098 0 0 0000009c 1 1 1 1
R 284 140 00000098 0000006f 0
C 285 00000098 1 1 0 0 0 0 0 1 1 0 0 0000009c 0 0 00000098 1 1 1 0
C 286 00000098 1 0 0 0 0 0 1 0 1 0 0 00000098 0 0 0000009c 1 1 1 1
R 286 141 00000098 0000006f 0
C 287 00000098 1 1 0 0 0 0 0 1 1 0 0 0000009c 0 0 00000098 1 1 1 0
C 288 00000098 1 0 0 0 0 0 1 0 1 0 0 00000098 0 0 0000009c 1 1 1 1
R 288 142 00000098 0000006f 0
C 289 00000098 1 1 0 0 0 0 0 1 1 0 0 0000009c 0 0 00000098 1 1 1 0
C 290 00000098 1 0 0 0 0 0 1 0 1 0 0 00000098 0 0 0000009c 1 1 1 1
R 290 143 00000098 0000006f 0
C 291 00000098 1 1 0 0 0 0 0 1 1 0 0 0000009c 0 0 00000098 1 1 1 0
C 292 00000098 1 0 0 0 0 0 1 0 1 0 0 00000098 0 0 0000009c 1 1 1 1
R 292 144 00000098 0000006f 0
C 293 00000098 1 1 0 0 0 0 0 1 1 0 0 0000009c 0 0 00000098 1 1 1 0
C 294 00000098 1 0 0 0 0 0 1 0 1 0 0 00000098 0 0 0000009c 1 1 1 1
R 294 145 00000098 0000006f 0
C 295 00000098 1 1 0 0 0 0 0 1 1 0 0 0000009c 0 0 00000098 1 1 1 0
C 296 00000098 1 0 0 0 0 0 1 0 1 0 0 00000098 0 0 0000009c 1 1 1 1
R 296 146 00000098 0000006f 0
C 297 00000098 1 1 0 0 0 0 0 1 1 0 0 0000009c 0 0 00000098 1 1 1 0
C 298 00000098 1 0 0 0 0 0 1 0 1 0 0 00000098 0 0 0000009c 1 1 1 1
R 298 147 00000098 0000006f 0
C 299 00000098 1 1 0 0 0 0 0 1 1 0 0 0000009c 0 0 00000098 1 1 1 0
C 300 00000098 1 0 0 0 0 0 1 0 1 0 0 00000098 0 0 0000009c 1 1 1 1
R 300 148 00000098 0000006f 0
C 301 00000098 1 1 0 0 0 0 0 1 1 0 0 0000009c 0 0 00000098 1 1 1 0
C 302 00000098 1 0 0 0 0 0 1 0 1 0 0 00000098 0 0 0000009c 1 1 1 1
R 302 149 00000098 0000006f 0
C 303 00000098 1 1 0 0 0 0 0 1 1 0 0 0000009c 0 0 00000098 1 1 1 0
C 304 00000098 1 0 0 0 0 0 1 0 1 0 0 00000098 0 0 0000009c 1 1 1 1
R 304 150 00000098 0000006f 0
C 305 00000098 1 1 0 0 0 0 0 1 1 0 0 0000009c 0 0 00000098 1 1 1 0
C 306 00000098 1 0 0 0 0 0 1 0 1 0 0 00000098 0 0 0000009c 1 1 1 1
R 306 151 00000098 0000006f 0
C 307 00000098 1 1 0 0 0 0 0 1 1 0 0 0000009c 0 0 00000098 1 1 1 0
C 308 00000098 1 0 0 0 0 0 1 0 1 0 0 00000098 0 0 0000009c 1 1 1 1
R 308 152 00000098 0000006f 0
C 309 00000098 1 1 0 0 0 0 0 1 1 0 0 0000009c 0 0 00000098 1 1 1 0
C 310 00000098 1 0 0 0 0 0 1 0 1 0 0 00000098 0 0 0000009c 1 1 1 1
R 310 153 00000098 0000006f 0
C 311 00000098 1 1 0 0 0 0 0 1 1 0 0 0000009c 0 0 00000098 1 1 1 0
C 312 00000098 1 0 0 0 0 0 1 0 1 0 0 00000098 0 0 0000009c 1 1 1 1
R 312 154 00000098 0000006f 0
C 313 00000098 1 1 0 0 0 0 0 1 1 0 0 0000009c 0 0 00000098 1 1 1 0
C 314 00000098 1 0 0 0 0 0 1 0 1 0 0 00000098 0 0 0000009c 1 1 1 1
R 314 155 00000098 0000006f 0
C 315 00000098 1 1 0 0 0 0 0 1 1 0 0 0000009c 0 0 00000098 1 1 1 0
C 316 00000098 1 0 0 0 0 0 1 0 1 0 0 00000098 0 0 0000009c 1 1 1 1
R 316 156 00000098 0000006f 0
C 317 00000098 1 1 0 0 0 0 0 1 1 0 0 0000009c 0 0 00000098 1 1 1 0
C 318 00000098 1 0 0 0 0 0 1 0 1 0 0 00000098 0 0 0000009c 1 1 1 1
R 318 157 00000098 0000006f 0
C 319 00000098 1 1 0 0 0 0 0 1 1 0 0 0000009c 0 0 00000098 1 1 1 0
C 320 00000098 1 0 0 0 0 0 1 0 1 0 0 00000098 0 0 0000009c 1 1 1 1
R 320 158 00000098 0000006f 0
C 321 00000098 1 1 0 0 0 0 0 1 1 0 0 0000009c 0 0 00000098 1 1 1 0
C 322 00000098 1 0 0 0 0 0 1 0 1 0 0 00000098 0 0 0000009c 1 1 1 1
R 322 159 00000098 0000006f 0
C 323 00000098 1 1 0 0 0 0 0 1 1 0 0 0000009c 0 0 00000098 1 1 1 0
C 324 00000098 1 0 0 0 0 0 1 0 1 0 0 00000098 0 0 0000009c 1 1 1 1
R 324 160 00000098 0000006f 0
C 325 00000098 1 1 0 0 0 0 0 1 1 0 0 0000009c 0 0 00000098 1 1 1 0
C 326 00000098 1 0 0 0 0 0 1 0 1 0 0 00000098 0 0 0000009c 1 1 1 1
R 326 161 00000098 0000006f 0
C 327 00000098 1 1 0 0 0 0 0 1 1 0 0 0000009c 0 0 00000098 1 1 1 0
C 328 00000098 1 0 0 0 0 0 1 0 1 0 0 00000098 0 0 0000009c 1 1 1 1
R 328 162 00000098 0000006f 0
C 329 00000098 1 1 0 0 0 0 0 1 1 0 0 0000009c 0 0 00000098 1 1 1 0
C 330 00000098 1 0 0 0 0 0 1 0 1 0 0 00000098 0 0 0000009c 1 1 1 1
R 330 163 00000098 0000006f 0
C 331 00000098 1 1 0 0 0 0 0 1 1 0 0 0000009c 0 0 00000098 1 1 1 0
C 332 00000098 1 0 0 0 0 0 1 0 1 0 0 00000098 0 0 0000009c 1 1 1 1
R 332 164 00000098 0000006f 0
C 333 00000098 1 1 0 0 0 0 0 1 1 0 0 0000009c 0 0 00000098 1 1 1 0
C 334 00000098 1 0 0 0 0 0 1 0 1 0 0 00000098 0 0 0000009c 1 1 1 1
R 334 165 00000098 0000006f 0
C 335 00000098 1 1 0 0 0 0 0 1 1 0 0 0000009c 0 0 00000098 1 1 1 0
C 336 00000098 1 0 0 0 0 0 1 0 1 0 0 00000098 0 0 0000009c 1 1 1 1
R 336 166 00000098 0000006f 0
C 337 00000098 1 1 0 0 0 0 0 1 1 0 0 0000009c 0 0 00000098 1 1 1 0
C 338 00000098 1 0 0 0 0 0 1 0 1 0 0 00000098 0 0 0000009c 1 1 1 1
R 338 167 00000098 0000006f 0
C 339 00000098 1 1 0 0 0 0 0 1 1 0 0 0000009c 0 0 00000098 1 1 1 0
C 340 00000098 1 0 0 0 0 0 1 0 1 0 0 00000098 0 0 0000009c 1 1 1 1
R 340 168 00000098 0000006f 0
C 341 00000098 1 1 0 0 0 0 0 1 1 0 0 0000009c 0 0 00000098 1 1 1 0
C 342 00000098 1 0 0 0 0 0 1 0 1 0 0 00000098 0 0 0000009c 1 1 1 1
R 342 169 00000098 0000006f 0
C 343 00000098 1 1 0 0 0 0 0 1 1 0 0 0000009c 0 0 00000098 1 1 1 0
C 344 00000098 1 0 0 0 0 0 1 0 1 0 0 00000098 0 0 0000009c 1 1 1 1
R 344 170 00000098 0000006f 0
C 345 00000098 1 1 0 0 0 0 0 1 1 0 0 0000009c 0 0 00000098 1 1 1 0
C 346 00000098 1 0 0 0 0 0 1 0 1 0 0 00000098 0 0 0000009c 1 1 1 1
R 346 171 00000098 0000006f 0
C 347 00000098 1 1 0 0 0 0 0 1 1 0 0 0000009c 0 0 00000098 1 1 1 0
C 348 00000098 1 0 0 0 0 0 1 0 1 0 0 00000098 0 0 0000009c 1 1 1 1
R 348 172 00000098 0000006f 0
C 349 00000098 1 1 0 0 0 0 0 1 1 0 0 0000009c 0 0 00000098 1 1 1 0
C 350 00000098 1 0 0 0 0 0 1 0 1 0 0 00000098 0 0 0000009c 1 1 1 1
R 350 173 00000098 0000006f 0
C 351 00000098 1 1 0 0 0 0 0 1 1 0 0 0000009c 0 0 00000098 1 1 1 0
C 352 00000098 1 0 0 0 0 0 1 0 1 0 0 00000098 0 0 0000009c 1 1 1 1
R 352 174 00000098 0000006f 0
C 353 00000098 1 1 0 0 0 0 0 1 1 0 0 0000009c 0 0 00000098 1 1 1 0
C 354 00000098 1 0 0 0 0 0 1 0 1 0 0 00000098 0 0 0000009c 1 1 1 1
R 354 175 00000098 0000006f 0
C 355 00000098 1 1 0 0 0 0 0 1 1 0 0 0000009c 0 0 00000098 1 1 1 0
C 356 00000098 1 0 0 0 0 0 1 0 1 0 0 00000098 0 0 0000009c 1 1 1 1
R 356 176 00000098 0000006f 0
C 357 00000098 1 1 0 0 0 0 0 1 1 0 0 0000009c 0 0 00000098 1 1 1 0
C 358 00000098 1 0 0 0 0 0 1 0 1 0 0 00000098 0 0 0000009c 1 1 1 1
R 358 177 00000098 0000006f 0
C 359 00000098 1 1 0 0 0 0 0 1 1 0 0 0000009c 0 0 00000098 1 1 1 0
C 360 00000098 1 0 0 0 0 0 1 0 1 0 0 00000098 0 0 0000009c 1 1 1 1
R 360 178 00000098 0000006f 0
C 361 00000098 1 1 0 0 0 0 0 1 1 0 0 0000009c 0 0 00000098 1 1 1 0
C 362 00000098 1 0 0 0 0 0 1 0 1 0 0 00000098 0 0 0000009c 1 1 1 1
R 362 179 00000098 0000006f 0
C 363 00000098 1 1 0 0 0 0 0 1 1 0 0 0000009c 0 0 00000098 1 1 1 0
C 364 00000098 1 0 0 0 0 0 1 0 1 0 0 00000098 0 0 0000009c 1 1 1 1
R 364 180 00000098 0000006f 0
C 365 00000098 1 1 0 0 0 0 0 1 1 0 0 0000009c 0 0 00000098 1 1 1 0
C 366 00000098 1 0 0 0 0 0 1 0 1 0 0 00000098 0 0 0000009c 1 1 1 1
R 366 181 00000098 0000006f 0
C 367 00000098 1 1 0 0 0 0 0 1 1 0 0 0000009c 0 0 00000098 1 1 1 0
C 368 00000098 1 0 0 0 0 0 1 0 1 0 0 00000098 0 0 0000009c 1 1 1 1
R 368 182 00000098 0000006f 0
C 369 00000098 1 1 0 0 0 0 0 1 1 0 0 0000009c 0 0 00000098 1 1 1 0
C 370 00000098 1 0 0 0 0 0 1 0 1 0 0 00000098 0 0 0000009c 1 1 1 1
R 370 183 00000098 0000006f 0
C 371 00000098 1 1 0 0 0 0 0 1 1 0 0 0000009c 0 0 00000098 1 1 1 0
C 372 00000098 1 0 0 0 0 0 1 0 1 0 0 00000098 0 0 0000009c 1 1 1 1
R 372 184 00000098 0000006f 0
C 373 00000098 1 1 0 0 0 0 0 1 1 0 0 0000009c 0 0 00000098 1 1 1 0
C 374 00000098 1 0 0 0 0 0 1 0 1 0 0 00000098 0 0 0000009c 1 1 1 1
R 374 185 00000098 0000006f 0
C 375 00000098 1 1 0 0 0 0 0 1 1 0 0 0000009c 0 0 00000098 1 1 1 0
C 376 00000098 1 0 0 0 0 0 1 0 1 0 0 00000098 0 0 0000009c 1 1 1 1
R 376 186 00000098 0000006f 0
C 377 00000098 1 1 0 0 0 0 0 1 1 0 0 0000009c 0 0 00000098 1 1 1 0
C 378 00000098 1 0 0 0 0 0 1 0 1 0 0 00000098 0 0 0000009c 1 1 1 1
R 378 187 00000098 0000006f 0
C 379 00000098 1 1 0 0 0 0 0 1 1 0 0 0000009c 0 0 00000098 1 1 1 0
C 380 00000098 1 0 0 0 0 0 1 0 1 0 0 00000098 0 0 0000009c 1 1 1 1
R 380 188 00000098 0000006f 0
C 381 00000098 1 1 0 0 0 0 0 1 1 0 0 0000009c 0 0 00000098 1 1 1 0
C 382 00000098 1 0 0 0 0 0 1 0 1 0 0 00000098 0 0 0000009c 1 1 1 1
R 382 189 00000098 0000006f 0
C 383 00000098 1 1 0 0 0 0 0 1 1 0 0 0000009c 0 0 00000098 1 1 1 0
C 384 00000098 1 0 0 0 0 0 1 0 1 0 0 00000098 0 0 0000009c 1 1 1 1
R 384 190 00000098 0000006f 0
C 385 00000098 1 1 0 0 0 0 0 1 1 0 0 0000009c 0 0 00000098 1 1 1 0
C 386 00000098 1 0 0 0 0 0 1 0 1 0 0 00000098 0 0 0000009c 1 1 1 1
R 386 191 00000098 0000006f 0
C 387 00000098 1 1 0 0 0 0 0 1 1 0 0 0000009c 0 0 00000098 1 1 1 0
C 388 00000098 1 0 0 0 0 0 1 0 1 0 0 00000098 0 0 0000009c 1 1 1 1
R 388 192 00000098 0000006f 0
C 389 00000098 1 1 0 0 0 0 0 1 1 0 0 0000009c 0 0 00000098 1 1 1 0
C 390 00000098 1 0 0 0 0 0 1 0 1 0 0 00000098 0 0 0000009c 1 1 1 1
R 390 193 00000098 0000006f 0
C 391 00000098 1 1 0 0 0 0 0 1 1 0 0 0000009c 0 0 00000098 1 1 1 0
C 392 00000098 1 0 0 0 0 0 1 0 1 0 0 00000098 0 0 0000009c 1 1 1 1
R 392 194 00000098 0000006f 0
C 393 00000098 1 1 0 0 0 0 0 1 1 0 0 0000009c 0 0 00000098 1 1 1 0
C 394 00000098 1 0 0 0 0 0 1 0 1 0 0 00000098 0 0 0000009c 1 1 1 1
R 394 195 00000098 0000006f 0
C 395 00000098 1 1 0 0 0 0 0 1 1 0 0 0000009c 0 0 00000098 1 1 1 0
C 396 00000098 1 0 0 0 0 0 1 0 1 0 0 00000098 0 0 0000009c 1 1 1 1
R 396 196 00000098 0000006f 0
C 397 00000098 1 1 0 0 0 0 0 1 1 0 0 0000009c 0 0 00000098 1 1 1 0
C 398 00000098 1 0 0 0 0 0 1 0 1 0 0 00000098 0 0 0000009c 1 1 1 1
R 398 197 00000098 0000006f 0
C 399 00000098 1 1 0 0 0 0 0 1 1 0 0 0000009c 0 0 00000098 1 1 1 0
REG 0 00000000
REG 1 00000080
REG 2 00000200
REG 3 44332211
REG 4 00000000
REG 5 00000000
REG 6 00000000
REG 7 00000000
REG 8 00000000
REG 9 00000000
REG 10 00000000
REG 11 00000000
REG 12 00000000
REG 13 00000000
REG 14 00000000
REG 15 00000000
REG 16 00000000
REG 17 00000000
REG 18 00000000
REG 19 00000000
REG 20 00000000
REG 21 00000000
REG 22 00000000
REG 23 00000000
REG 24 00000000
REG 25 00000000
REG 26 00000000
REG 27 00000000
REG 28 00000000
REG 29 00000000
REG 30 00000000
REG 31 0000007b
MEM 00000200 44332211
MEM 00000204 44332211
MEM 00000208 44332211
MEM 0000020c 44332211
MEM 00000210 44332211
FINISH
- /home/dungpc/ndmoney4porche/projects/ibex/doc/dungpc/microarchitecture/scripts/core_tb.sv:116: Verilog $finish
