%Warning-TIMESCALEMOD: /home/dungpc/ndmoney4porche/projects/ibex/vendor/lowrisc_ip/ip/prim/rtl/prim_util_pkg.sv:9:9: Timescale missing on this module as other modules have it (IEEE 1800-2017 3.14.2.3)
    9 | package prim_util_pkg;
      |         ^~~~~~~~~~~~~
                       /home/dungpc/ndmoney4porche/projects/ibex/doc/dungpc/microarchitecture/scripts/trvk_tb.sv:2:8: ... Location of module with timescale
    2 | module trvk_tb;
      |        ^~~~~~~
                       ... For warning description see https://verilator.org/warn/TIMESCALEMOD?v=5.020
                       ... Use "/* verilator lint_off TIMESCALEMOD */" and lint_on around source to disable this message.
%Warning-TIMESCALEMOD: /home/dungpc/ndmoney4porche/projects/ibex/vendor/lowrisc_ip/ip/prim/rtl/prim_count_pkg.sv:5:9: Timescale missing on this module as other modules have it (IEEE 1800-2017 3.14.2.3)
    5 | package prim_count_pkg;
      |         ^~~~~~~~~~~~~~
                       /home/dungpc/ndmoney4porche/projects/ibex/doc/dungpc/microarchitecture/scripts/trvk_tb.sv:2:8: ... Location of module with timescale
    2 | module trvk_tb;
      |        ^~~~~~~
%Warning-TIMESCALEMOD: /home/dungpc/ndmoney4porche/projects/ibex/rtl/ibex_pkg.sv:10:9: Timescale missing on this module as other modules have it (IEEE 1800-2017 3.14.2.3)
   10 | package ibex_pkg;
      |         ^~~~~~~~
                       /home/dungpc/ndmoney4porche/projects/ibex/doc/dungpc/microarchitecture/scripts/trvk_tb.sv:2:8: ... Location of module with timescale
    2 | module trvk_tb;
      |        ^~~~~~~
%Warning-TIMESCALEMOD: /home/dungpc/ndmoney4porche/projects/ibex/rtl/ibex_cheriot_pkg.sv:8:9: Timescale missing on this module as other modules have it (IEEE 1800-2017 3.14.2.3)
    8 | package ibex_cheriot_pkg;
      |         ^~~~~~~~~~~~~~~~
                       /home/dungpc/ndmoney4porche/projects/ibex/doc/dungpc/microarchitecture/scripts/trvk_tb.sv:2:8: ... Location of module with timescale
    2 | module trvk_tb;
      |        ^~~~~~~
%Warning-TIMESCALEMOD: /home/dungpc/ndmoney4porche/projects/ibex/rtl/ibex_trvk.sv:9:8: Timescale missing on this module as other modules have it (IEEE 1800-2017 3.14.2.3)
    9 | module ibex_trvk #(
      |        ^~~~~~~~~
                       /home/dungpc/ndmoney4porche/projects/ibex/doc/dungpc/microarchitecture/scripts/trvk_tb.sv:2:8: ... Location of module with timescale
    2 | module trvk_tb;
      |        ^~~~~~~
%Warning-TIMESCALEMOD: /home/dungpc/ndmoney4porche/projects/ibex/vendor/pulp_common_cells/rtl/stream_fork.sv:21:8: Timescale missing on this module as other modules have it (IEEE 1800-2017 3.14.2.3)
   21 | module stream_fork #(
      |        ^~~~~~~~~~~
                       /home/dungpc/ndmoney4porche/projects/ibex/rtl/ibex_trvk.sv:161:1: ... note: In file included from 'ibex_trvk.sv'
                       /home/dungpc/ndmoney4porche/projects/ibex/doc/dungpc/microarchitecture/scripts/trvk_tb.sv:2:8: ... Location of module with timescale
    2 | module trvk_tb;
      |        ^~~~~~~
%Warning-TIMESCALEMOD: /home/dungpc/ndmoney4porche/projects/ibex/vendor/pulp_common_cells/rtl/stream_join_dynamic.sv:20:8: Timescale missing on this module as other modules have it (IEEE 1800-2017 3.14.2.3)
   20 | module stream_join_dynamic #(
      |        ^~~~~~~~~~~~~~~~~~~
                       /home/dungpc/ndmoney4porche/projects/ibex/rtl/ibex_trvk.sv:175:1: ... note: In file included from 'ibex_trvk.sv'
                       /home/dungpc/ndmoney4porche/projects/ibex/doc/dungpc/microarchitecture/scripts/trvk_tb.sv:2:8: ... Location of module with timescale
    2 | module trvk_tb;
      |        ^~~~~~~
%Warning-TIMESCALEMOD: /home/dungpc/ndmoney4porche/projects/ibex/vendor/lowrisc_ip/ip/prim/rtl/prim_fifo_sync.sv:14:8: Timescale missing on this module as other modules have it (IEEE 1800-2017 3.14.2.3)
   14 | module prim_fifo_sync #(
      |        ^~~~~~~~~~~~~~
                       /home/dungpc/ndmoney4porche/projects/ibex/rtl/ibex_trvk.sv:206:1: ... note: In file included from 'ibex_trvk.sv'
                       /home/dungpc/ndmoney4porche/projects/ibex/doc/dungpc/microarchitecture/scripts/trvk_tb.sv:2:8: ... Location of module with timescale
    2 | module trvk_tb;
      |        ^~~~~~~
%Warning-TIMESCALEMOD: /home/dungpc/ndmoney4porche/projects/ibex/vendor/lowrisc_ip/ip/prim/rtl/prim_secded_inv_39_32_dec.sv:7:8: Timescale missing on this module as other modules have it (IEEE 1800-2017 3.14.2.3)
    7 | module prim_secded_inv_39_32_dec (
      |        ^~~~~~~~~~~~~~~~~~~~~~~~~
                       /home/dungpc/ndmoney4porche/projects/ibex/rtl/ibex_trvk.sv:373:1: ... note: In file included from 'ibex_trvk.sv'
                       /home/dungpc/ndmoney4porche/projects/ibex/doc/dungpc/microarchitecture/scripts/trvk_tb.sv:2:8: ... Location of module with timescale
    2 | module trvk_tb;
      |        ^~~~~~~
%Warning-TIMESCALEMOD: /home/dungpc/ndmoney4porche/projects/ibex/vendor/lowrisc_ip/ip/prim/rtl/prim_fifo_sync_cnt.sv:9:8: Timescale missing on this module as other modules have it (IEEE 1800-2017 3.14.2.3)
    9 | module prim_fifo_sync_cnt #(
      |        ^~~~~~~~~~~~~~~~~~
                       /home/dungpc/ndmoney4porche/projects/ibex/vendor/lowrisc_ip/ip/prim/rtl/prim_fifo_sync.sv:170:1: ... note: In file included from 'prim_fifo_sync.sv'
                       /home/dungpc/ndmoney4porche/projects/ibex/rtl/ibex_trvk.sv:206:1: ... note: In file included from 'ibex_trvk.sv'
                       /home/dungpc/ndmoney4porche/projects/ibex/doc/dungpc/microarchitecture/scripts/trvk_tb.sv:2:8: ... Location of module with timescale
    2 | module trvk_tb;
      |        ^~~~~~~
%Warning-TIMESCALEMOD: /home/dungpc/ndmoney4porche/projects/ibex/vendor/lowrisc_ip/ip/prim/rtl/prim_count.sv:28:8: Timescale missing on this module as other modules have it (IEEE 1800-2017 3.14.2.3)
   28 | module prim_count
      |        ^~~~~~~~~~
                       /home/dungpc/ndmoney4porche/projects/ibex/vendor/lowrisc_ip/ip/prim/rtl/prim_fifo_sync_cnt.sv:82:1: ... note: In file included from 'prim_fifo_sync_cnt.sv'
                       /home/dungpc/ndmoney4porche/projects/ibex/vendor/lowrisc_ip/ip/prim/rtl/prim_fifo_sync.sv:170:1: ... note: In file included from 'prim_fifo_sync.sv'
                       /home/dungpc/ndmoney4porche/projects/ibex/rtl/ibex_trvk.sv:206:1: ... note: In file included from 'ibex_trvk.sv'
                       /home/dungpc/ndmoney4porche/projects/ibex/doc/dungpc/microarchitecture/scripts/trvk_tb.sv:2:8: ... Location of module with timescale
    2 | module trvk_tb;
      |        ^~~~~~~
make: Entering directory '/tmp/ibex-microarchitecture/trvk'
g++ -Os  -I.  -MMD -I/usr/share/verilator/include -I/usr/share/verilator/include/vltstd -DVM_COVERAGE=0 -DVM_SC=0 -DVM_TRACE=0 -DVM_TRACE_FST=0 -DVM_TRACE_VCD=0 -faligned-new -fcf-protection=none -Wno-bool-operation -Wno-overloaded-virtual -Wno-shadow -Wno-sign-compare -Wno-uninitialized -Wno-unused-but-set-parameter -Wno-unused-but-set-variable -Wno-unused-parameter -Wno-unused-variable     -DVL_TIME_CONTEXT   -fcoroutines -c -o verilated.o /usr/share/verilator/include/verilated.cpp
g++ -Os  -I.  -MMD -I/usr/share/verilator/include -I/usr/share/verilator/include/vltstd -DVM_COVERAGE=0 -DVM_SC=0 -DVM_TRACE=0 -DVM_TRACE_FST=0 -DVM_TRACE_VCD=0 -faligned-new -fcf-protection=none -Wno-bool-operation -Wno-overloaded-virtual -Wno-shadow -Wno-sign-compare -Wno-uninitialized -Wno-unused-but-set-parameter -Wno-unused-but-set-variable -Wno-unused-parameter -Wno-unused-variable     -DVL_TIME_CONTEXT   -fcoroutines -c -o verilated_timing.o /usr/share/verilator/include/verilated_timing.cpp
g++ -Os  -I.  -MMD -I/usr/share/verilator/include -I/usr/share/verilator/include/vltstd -DVM_COVERAGE=0 -DVM_SC=0 -DVM_TRACE=0 -DVM_TRACE_FST=0 -DVM_TRACE_VCD=0 -faligned-new -fcf-protection=none -Wno-bool-operation -Wno-overloaded-virtual -Wno-shadow -Wno-sign-compare -Wno-uninitialized -Wno-unused-but-set-parameter -Wno-unused-but-set-variable -Wno-unused-parameter -Wno-unused-variable     -DVL_TIME_CONTEXT   -fcoroutines -c -o verilated_threads.o /usr/share/verilator/include/verilated_threads.cpp
/usr/bin/python3 /usr/share/verilator/bin/verilator_includer -DVL_INCLUDE_OPT=include Vtrvk_tb.cpp Vtrvk_tb___024root__DepSet_h659bf0ae__0.cpp Vtrvk_tb___024root__DepSet_ha5e5ed3d__0.cpp Vtrvk_tb__main.cpp Vtrvk_tb___024root__Slow.cpp Vtrvk_tb___024root__DepSet_h659bf0ae__0__Slow.cpp Vtrvk_tb___024root__DepSet_ha5e5ed3d__0__Slow.cpp Vtrvk_tb__Syms.cpp > Vtrvk_tb__ALL.cpp
g++ -Os  -I.  -MMD -I/usr/share/verilator/include -I/usr/share/verilator/include/vltstd -DVM_COVERAGE=0 -DVM_SC=0 -DVM_TRACE=0 -DVM_TRACE_FST=0 -DVM_TRACE_VCD=0 -faligned-new -fcf-protection=none -Wno-bool-operation -Wno-overloaded-virtual -Wno-shadow -Wno-sign-compare -Wno-uninitialized -Wno-unused-but-set-parameter -Wno-unused-but-set-variable -Wno-unused-parameter -Wno-unused-variable     -DVL_TIME_CONTEXT   -fcoroutines -c -o Vtrvk_tb__ALL.o Vtrvk_tb__ALL.cpp
echo "" > Vtrvk_tb__ALL.verilator_deplist.tmp
Archive ar -rcs Vtrvk_tb__ALL.a Vtrvk_tb__ALL.o
g++     verilated.o verilated_timing.o verilated_threads.o Vtrvk_tb__ALL.a    -pthread -lpthread -latomic   -o Vtrvk_tb
rm Vtrvk_tb__ALL.verilator_deplist.tmp
make: Leaving directory '/tmp/ibex-microarchitecture/trvk'
