%Warning-TIMESCALEMOD: /home/dungpc/ndmoney4porche/projects/ibex/vendor/lowrisc_ip/ip/prim/rtl/prim_cipher_pkg.sv:17:9: Timescale missing on this module as other modules have it (IEEE 1800-2017 3.14.2.3)
   17 | package prim_cipher_pkg;
      |         ^~~~~~~~~~~~~~~
                       /home/dungpc/ndmoney4porche/projects/ibex/doc/dungpc/microarchitecture/scripts/core_tb.sv:2:8: ... Location of module with timescale
    2 | module core_tb;
      |        ^~~~~~~
                       ... For warning description see https://verilator.org/warn/TIMESCALEMOD?v=5.020
                       ... Use "/* verilator lint_off TIMESCALEMOD */" and lint_on around source to disable this message.
%Warning-TIMESCALEMOD: /home/dungpc/ndmoney4porche/projects/ibex/vendor/lowrisc_ip/ip/prim/rtl/prim_util_pkg.sv:9:9: Timescale missing on this module as other modules have it (IEEE 1800-2017 3.14.2.3)
    9 | package prim_util_pkg;
      |         ^~~~~~~~~~~~~
                       /home/dungpc/ndmoney4porche/projects/ibex/doc/dungpc/microarchitecture/scripts/core_tb.sv:2:8: ... Location of module with timescale
    2 | module core_tb;
      |        ^~~~~~~
%Warning-TIMESCALEMOD: /home/dungpc/ndmoney4porche/projects/ibex/rtl/ibex_pkg.sv:10:9: Timescale missing on this module as other modules have it (IEEE 1800-2017 3.14.2.3)
   10 | package ibex_pkg;
      |         ^~~~~~~~
                       /home/dungpc/ndmoney4porche/projects/ibex/doc/dungpc/microarchitecture/scripts/core_tb.sv:2:8: ... Location of module with timescale
    2 | module core_tb;
      |        ^~~~~~~
%Warning-TIMESCALEMOD: /home/dungpc/ndmoney4porche/projects/ibex/rtl/ibex_cheriot_pkg.sv:8:9: Timescale missing on this module as other modules have it (IEEE 1800-2017 3.14.2.3)
    8 | package ibex_cheriot_pkg;
      |         ^~~~~~~~~~~~~~~~
                       /home/dungpc/ndmoney4porche/projects/ibex/doc/dungpc/microarchitecture/scripts/core_tb.sv:2:8: ... Location of module with timescale
    2 | module core_tb;
      |        ^~~~~~~
%Warning-TIMESCALEMOD: /home/dungpc/ndmoney4porche/projects/ibex/rtl/ibex_alu.sv:9:8: Timescale missing on this module as other modules have it (IEEE 1800-2017 3.14.2.3)
    9 | module ibex_alu #(
      |        ^~~~~~~~
                       /home/dungpc/ndmoney4porche/projects/ibex/doc/dungpc/microarchitecture/scripts/core_tb.sv:2:8: ... Location of module with timescale
    2 | module core_tb;
      |        ^~~~~~~
%Warning-TIMESCALEMOD: /home/dungpc/ndmoney4porche/projects/ibex/rtl/ibex_branch_predict.sv:20:8: Timescale missing on this module as other modules have it (IEEE 1800-2017 3.14.2.3)
   20 | module ibex_branch_predict (
      |        ^~~~~~~~~~~~~~~~~~~
                       /home/dungpc/ndmoney4porche/projects/ibex/doc/dungpc/microarchitecture/scripts/core_tb.sv:2:8: ... Location of module with timescale
    2 | module core_tb;
      |        ^~~~~~~
%Warning-TIMESCALEMOD: /home/dungpc/ndmoney4porche/projects/ibex/rtl/ibex_cheriot_ex.sv:5:8: Timescale missing on this module as other modules have it (IEEE 1800-2017 3.14.2.3)
    5 | module ibex_cheriot_ex import ibex_cheriot_pkg::*; import ibex_pkg::*; #(
      |        ^~~~~~~~~~~~~~~
                       /home/dungpc/ndmoney4porche/projects/ibex/doc/dungpc/microarchitecture/scripts/core_tb.sv:2:8: ... Location of module with timescale
    2 | module core_tb;
      |        ^~~~~~~
%Warning-TIMESCALEMOD: /home/dungpc/ndmoney4porche/projects/ibex/rtl/ibex_compressed_decoder.sv:17:8: Timescale missing on this module as other modules have it (IEEE 1800-2017 3.14.2.3)
   17 | module ibex_compressed_decoder import ibex_pkg::*; #(
      |        ^~~~~~~~~~~~~~~~~~~~~~~
                       /home/dungpc/ndmoney4porche/projects/ibex/doc/dungpc/microarchitecture/scripts/core_tb.sv:2:8: ... Location of module with timescale
    2 | module core_tb;
      |        ^~~~~~~
%Warning-TIMESCALEMOD: /home/dungpc/ndmoney4porche/projects/ibex/rtl/ibex_controller.sv:14:8: Timescale missing on this module as other modules have it (IEEE 1800-2017 3.14.2.3)
   14 | module ibex_controller import ibex_pkg::*; #(
      |        ^~~~~~~~~~~~~~~
                       /home/dungpc/ndmoney4porche/projects/ibex/doc/dungpc/microarchitecture/scripts/core_tb.sv:2:8: ... Location of module with timescale
    2 | module core_tb;
      |        ^~~~~~~
%Warning-TIMESCALEMOD: /home/dungpc/ndmoney4porche/projects/ibex/rtl/ibex_core.sv:17:8: Timescale missing on this module as other modules have it (IEEE 1800-2017 3.14.2.3)
   17 | module ibex_core import ibex_pkg::*; import ibex_cheriot_pkg::*; #(
      |        ^~~~~~~~~
                       /home/dungpc/ndmoney4porche/projects/ibex/doc/dungpc/microarchitecture/scripts/core_tb.sv:2:8: ... Location of module with timescale
    2 | module core_tb;
      |        ^~~~~~~
%Warning-TIMESCALEMOD: /home/dungpc/ndmoney4porche/projects/ibex/rtl/ibex_counter.sv:5:8: Timescale missing on this module as other modules have it (IEEE 1800-2017 3.14.2.3)
    5 | module ibex_counter #(
      |        ^~~~~~~~~~~~
                       /home/dungpc/ndmoney4porche/projects/ibex/doc/dungpc/microarchitecture/scripts/core_tb.sv:2:8: ... Location of module with timescale
    2 | module core_tb;
      |        ^~~~~~~
%Warning-TIMESCALEMOD: /home/dungpc/ndmoney4porche/projects/ibex/rtl/ibex_cs_registers.sv:13:8: Timescale missing on this module as other modules have it (IEEE 1800-2017 3.14.2.3)
   13 | module ibex_cs_registers import ibex_pkg::*, ibex_cheriot_pkg::*; #(
      |        ^~~~~~~~~~~~~~~~~
                       /home/dungpc/ndmoney4porche/projects/ibex/doc/dungpc/microarchitecture/scripts/core_tb.sv:2:8: ... Location of module with timescale
    2 | module core_tb;
      |        ^~~~~~~
%Warning-TIMESCALEMOD: /home/dungpc/ndmoney4porche/projects/ibex/rtl/ibex_csr.sv:11:8: Timescale missing on this module as other modules have it (IEEE 1800-2017 3.14.2.3)
   11 | module ibex_csr #(
      |        ^~~~~~~~
                       /home/dungpc/ndmoney4porche/projects/ibex/doc/dungpc/microarchitecture/scripts/core_tb.sv:2:8: ... Location of module with timescale
    2 | module core_tb;
      |        ^~~~~~~
%Warning-TIMESCALEMOD: /home/dungpc/ndmoney4porche/projects/ibex/rtl/ibex_decoder.sv:17:8: Timescale missing on this module as other modules have it (IEEE 1800-2017 3.14.2.3)
   17 | module ibex_decoder import ibex_cheriot_pkg::*; #(
      |        ^~~~~~~~~~~~
                       /home/dungpc/ndmoney4porche/projects/ibex/doc/dungpc/microarchitecture/scripts/core_tb.sv:2:8: ... Location of module with timescale
    2 | module core_tb;
      |        ^~~~~~~
%Warning-TIMESCALEMOD: /home/dungpc/ndmoney4porche/projects/ibex/rtl/ibex_dummy_instr.sv:12:8: Timescale missing on this module as other modules have it (IEEE 1800-2017 3.14.2.3)
   12 | module ibex_dummy_instr import ibex_pkg::*; #(
      |        ^~~~~~~~~~~~~~~~
                       /home/dungpc/ndmoney4porche/projects/ibex/doc/dungpc/microarchitecture/scripts/core_tb.sv:2:8: ... Location of module with timescale
    2 | module core_tb;
      |        ^~~~~~~
%Warning-TIMESCALEMOD: /home/dungpc/ndmoney4porche/projects/ibex/rtl/ibex_ex_block.sv:11:8: Timescale missing on this module as other modules have it (IEEE 1800-2017 3.14.2.3)
   11 | module ibex_ex_block #(
      |        ^~~~~~~~~~~~~
                       /home/dungpc/ndmoney4porche/projects/ibex/doc/dungpc/microarchitecture/scripts/core_tb.sv:2:8: ... Location of module with timescale
    2 | module core_tb;
      |        ^~~~~~~
%Warning-TIMESCALEMOD: /home/dungpc/ndmoney4porche/projects/ibex/rtl/ibex_fetch_fifo.sv:15:8: Timescale missing on this module as other modules have it (IEEE 1800-2017 3.14.2.3)
   15 | module ibex_fetch_fifo #(
      |        ^~~~~~~~~~~~~~~
                       /home/dungpc/ndmoney4porche/projects/ibex/doc/dungpc/microarchitecture/scripts/core_tb.sv:2:8: ... Location of module with timescale
    2 | module core_tb;
      |        ^~~~~~~
%Warning-TIMESCALEMOD: /home/dungpc/ndmoney4porche/projects/ibex/rtl/ibex_icache.sv:13:8: Timescale missing on this module as other modules have it (IEEE 1800-2017 3.14.2.3)
   13 | module ibex_icache import ibex_pkg::*; #(
      |        ^~~~~~~~~~~
                       /home/dungpc/ndmoney4porche/projects/ibex/doc/dungpc/microarchitecture/scripts/core_tb.sv:2:8: ... Location of module with timescale
    2 | module core_tb;
      |        ^~~~~~~
%Warning-TIMESCALEMOD: /home/dungpc/ndmoney4porche/projects/ibex/rtl/ibex_id_stage.sv:21:8: Timescale missing on this module as other modules have it (IEEE 1800-2017 3.14.2.3)
   21 | module ibex_id_stage import ibex_cheriot_pkg::*; #(
      |        ^~~~~~~~~~~~~
                       /home/dungpc/ndmoney4porche/projects/ibex/doc/dungpc/microarchitecture/scripts/core_tb.sv:2:8: ... Location of module with timescale
    2 | module core_tb;
      |        ^~~~~~~
%Warning-TIMESCALEMOD: /home/dungpc/ndmoney4porche/projects/ibex/rtl/ibex_if_stage.sv:17:8: Timescale missing on this module as other modules have it (IEEE 1800-2017 3.14.2.3)
   17 | module ibex_if_stage import ibex_pkg::*; import ibex_cheriot_pkg::*; #(
      |        ^~~~~~~~~~~~~
                       /home/dungpc/ndmoney4porche/projects/ibex/doc/dungpc/microarchitecture/scripts/core_tb.sv:2:8: ... Location of module with timescale
    2 | module core_tb;
      |        ^~~~~~~
%Warning-TIMESCALEMOD: /home/dungpc/ndmoney4porche/projects/ibex/rtl/ibex_load_store_unit.sv:18:8: Timescale missing on this module as other modules have it (IEEE 1800-2017 3.14.2.3)
   18 | module ibex_load_store_unit import ibex_pkg::*; import ibex_cheriot_pkg::*; #(
      |        ^~~~~~~~~~~~~~~~~~~~
                       /home/dungpc/ndmoney4porche/projects/ibex/doc/dungpc/microarchitecture/scripts/core_tb.sv:2:8: ... Location of module with timescale
    2 | module core_tb;
      |        ^~~~~~~
%Warning-TIMESCALEMOD: /home/dungpc/ndmoney4porche/projects/ibex/rtl/ibex_multdiv_fast.sv:17:8: Timescale missing on this module as other modules have it (IEEE 1800-2017 3.14.2.3)
   17 | module ibex_multdiv_fast #(
      |        ^~~~~~~~~~~~~~~~~
                       /home/dungpc/ndmoney4porche/projects/ibex/doc/dungpc/microarchitecture/scripts/core_tb.sv:2:8: ... Location of module with timescale
    2 | module core_tb;
      |        ^~~~~~~
%Warning-TIMESCALEMOD: /home/dungpc/ndmoney4porche/projects/ibex/rtl/ibex_multdiv_slow.sv:14:8: Timescale missing on this module as other modules have it (IEEE 1800-2017 3.14.2.3)
   14 | module ibex_multdiv_slow
      |        ^~~~~~~~~~~~~~~~~
                       /home/dungpc/ndmoney4porche/projects/ibex/doc/dungpc/microarchitecture/scripts/core_tb.sv:2:8: ... Location of module with timescale
    2 | module core_tb;
      |        ^~~~~~~
%Warning-TIMESCALEMOD: /home/dungpc/ndmoney4porche/projects/ibex/rtl/ibex_pmp.sv:7:8: Timescale missing on this module as other modules have it (IEEE 1800-2017 3.14.2.3)
    7 | module ibex_pmp import ibex_pkg::*; #(
      |        ^~~~~~~~
                       /home/dungpc/ndmoney4porche/projects/ibex/doc/dungpc/microarchitecture/scripts/core_tb.sv:2:8: ... Location of module with timescale
    2 | module core_tb;
      |        ^~~~~~~
%Warning-TIMESCALEMOD: /home/dungpc/ndmoney4porche/projects/ibex/rtl/ibex_prefetch_buffer.sv:12:8: Timescale missing on this module as other modules have it (IEEE 1800-2017 3.14.2.3)
   12 | module ibex_prefetch_buffer #(
      |        ^~~~~~~~~~~~~~~~~~~~
                       /home/dungpc/ndmoney4porche/projects/ibex/doc/dungpc/microarchitecture/scripts/core_tb.sv:2:8: ... Location of module with timescale
    2 | module core_tb;
      |        ^~~~~~~
%Warning-TIMESCALEMOD: /home/dungpc/ndmoney4porche/projects/ibex/rtl/ibex_register_file_ff.sv:51:8: Timescale missing on this module as other modules have it (IEEE 1800-2017 3.14.2.3)
   51 | module ibex_register_file_ff import ibex_pkg::*; #(
      |        ^~~~~~~~~~~~~~~~~~~~~
                       /home/dungpc/ndmoney4porche/projects/ibex/doc/dungpc/microarchitecture/scripts/core_tb.sv:2:8: ... Location of module with timescale
    2 | module core_tb;
      |        ^~~~~~~
%Warning-TIMESCALEMOD: /home/dungpc/ndmoney4porche/projects/ibex/rtl/ibex_register_file_fpga.sv:36:8: Timescale missing on this module as other modules have it (IEEE 1800-2017 3.14.2.3)
   36 | module ibex_register_file_fpga import ibex_pkg::*; #(
      |        ^~~~~~~~~~~~~~~~~~~~~~~
                       /home/dungpc/ndmoney4porche/projects/ibex/doc/dungpc/microarchitecture/scripts/core_tb.sv:2:8: ... Location of module with timescale
    2 | module core_tb;
      |        ^~~~~~~
%Warning-TIMESCALEMOD: /home/dungpc/ndmoney4porche/projects/ibex/rtl/ibex_register_file_latch.sv:36:8: Timescale missing on this module as other modules have it (IEEE 1800-2017 3.14.2.3)
   36 | module ibex_register_file_latch import ibex_pkg::*; #(
      |        ^~~~~~~~~~~~~~~~~~~~~~~~
                       /home/dungpc/ndmoney4porche/projects/ibex/doc/dungpc/microarchitecture/scripts/core_tb.sv:2:8: ... Location of module with timescale
    2 | module core_tb;
      |        ^~~~~~~
%Warning-TIMESCALEMOD: /home/dungpc/ndmoney4porche/projects/ibex/rtl/ibex_wb_stage.sv:18:8: Timescale missing on this module as other modules have it (IEEE 1800-2017 3.14.2.3)
   18 | module ibex_wb_stage import ibex_cheriot_pkg::*; #(
      |        ^~~~~~~~~~~~~
                       /home/dungpc/ndmoney4porche/projects/ibex/doc/dungpc/microarchitecture/scripts/core_tb.sv:2:8: ... Location of module with timescale
    2 | module core_tb;
      |        ^~~~~~~
%Warning-TIMESCALEMOD: /home/dungpc/ndmoney4porche/projects/ibex/vendor/lowrisc_ip/ip/prim/rtl/prim_secded_inv_39_32_enc.sv:7:8: Timescale missing on this module as other modules have it (IEEE 1800-2017 3.14.2.3)
    7 | module prim_secded_inv_39_32_enc (
      |        ^~~~~~~~~~~~~~~~~~~~~~~~~
                       /home/dungpc/ndmoney4porche/projects/ibex/rtl/ibex_core.sv:1223:1: ... note: In file included from 'ibex_core.sv'
                       /home/dungpc/ndmoney4porche/projects/ibex/doc/dungpc/microarchitecture/scripts/core_tb.sv:2:8: ... Location of module with timescale
    2 | module core_tb;
      |        ^~~~~~~
%Warning-TIMESCALEMOD: /home/dungpc/ndmoney4porche/projects/ibex/vendor/lowrisc_ip/ip/prim/rtl/prim_secded_inv_39_32_dec.sv:7:8: Timescale missing on this module as other modules have it (IEEE 1800-2017 3.14.2.3)
    7 | module prim_secded_inv_39_32_dec (
      |        ^~~~~~~~~~~~~~~~~~~~~~~~~
                       /home/dungpc/ndmoney4porche/projects/ibex/rtl/ibex_core.sv:1229:1: ... note: In file included from 'ibex_core.sv'
                       /home/dungpc/ndmoney4porche/projects/ibex/doc/dungpc/microarchitecture/scripts/core_tb.sv:2:8: ... Location of module with timescale
    2 | module core_tb;
      |        ^~~~~~~
%Warning-TIMESCALEMOD: /home/dungpc/ndmoney4porche/projects/ibex/vendor/lowrisc_ip/ip/prim/rtl/prim_secded_inv_64_57_enc.sv:7:8: Timescale missing on this module as other modules have it (IEEE 1800-2017 3.14.2.3)
    7 | module prim_secded_inv_64_57_enc (
      |        ^~~~~~~~~~~~~~~~~~~~~~~~~
                       /home/dungpc/ndmoney4porche/projects/ibex/rtl/ibex_core.sv:1254:1: ... note: In file included from 'ibex_core.sv'
                       /home/dungpc/ndmoney4porche/projects/ibex/doc/dungpc/microarchitecture/scripts/core_tb.sv:2:8: ... Location of module with timescale
    2 | module core_tb;
      |        ^~~~~~~
%Warning-TIMESCALEMOD: /home/dungpc/ndmoney4porche/projects/ibex/vendor/lowrisc_ip/ip/prim/rtl/prim_secded_inv_64_57_dec.sv:7:8: Timescale missing on this module as other modules have it (IEEE 1800-2017 3.14.2.3)
    7 | module prim_secded_inv_64_57_dec (
      |        ^~~~~~~~~~~~~~~~~~~~~~~~~
                       /home/dungpc/ndmoney4porche/projects/ibex/rtl/ibex_core.sv:1265:1: ... note: In file included from 'ibex_core.sv'
                       /home/dungpc/ndmoney4porche/projects/ibex/doc/dungpc/microarchitecture/scripts/core_tb.sv:2:8: ... Location of module with timescale
    2 | module core_tb;
      |        ^~~~~~~
%Warning-TIMESCALEMOD: /home/dungpc/ndmoney4porche/projects/ibex/vendor/lowrisc_ip/ip/prim/rtl/prim_lfsr.sv:29:8: Timescale missing on this module as other modules have it (IEEE 1800-2017 3.14.2.3)
   29 | module prim_lfsr #(
      |        ^~~~~~~~~
                       /home/dungpc/ndmoney4porche/projects/ibex/rtl/ibex_dummy_instr.sv:84:1: ... note: In file included from 'ibex_dummy_instr.sv'
                       /home/dungpc/ndmoney4porche/projects/ibex/doc/dungpc/microarchitecture/scripts/core_tb.sv:2:8: ... Location of module with timescale
    2 | module core_tb;
      |        ^~~~~~~
%Warning-TIMESCALEMOD: /home/dungpc/ndmoney4porche/projects/ibex/vendor/lowrisc_ip/ip/prim/rtl/prim_secded_inv_28_22_enc.sv:7:8: Timescale missing on this module as other modules have it (IEEE 1800-2017 3.14.2.3)
    7 | module prim_secded_inv_28_22_enc (
      |        ^~~~~~~~~~~~~~~~~~~~~~~~~
                       /home/dungpc/ndmoney4porche/projects/ibex/rtl/ibex_icache.sv:299:1: ... note: In file included from 'ibex_icache.sv'
                       /home/dungpc/ndmoney4porche/projects/ibex/doc/dungpc/microarchitecture/scripts/core_tb.sv:2:8: ... Location of module with timescale
    2 | module core_tb;
      |        ^~~~~~~
%Warning-TIMESCALEMOD: /home/dungpc/ndmoney4porche/projects/ibex/vendor/lowrisc_ip/ip/prim/rtl/prim_secded_inv_28_22_dec.sv:7:8: Timescale missing on this module as other modules have it (IEEE 1800-2017 3.14.2.3)
    7 | module prim_secded_inv_28_22_dec (
      |        ^~~~~~~~~~~~~~~~~~~~~~~~~
                       /home/dungpc/ndmoney4porche/projects/ibex/rtl/ibex_icache.sv:557:1: ... note: In file included from 'ibex_icache.sv'
                       /home/dungpc/ndmoney4porche/projects/ibex/doc/dungpc/microarchitecture/scripts/core_tb.sv:2:8: ... Location of module with timescale
    2 | module core_tb;
      |        ^~~~~~~
%Warning-WIDTHTRUNC: /home/dungpc/ndmoney4porche/projects/ibex/doc/dungpc/microarchitecture/scripts/core_tb.sv:5:17: Operator VAR 'WB' expects 1 bits on the Initial value, but Initial value's CONST '32'h1' generates 32 bits.
                                                                                                                   : ... note: In instance 'core_tb'
    5 |   parameter bit WB = 0;
      |                 ^~
%Warning-UNOPTFLAT: /home/dungpc/ndmoney4porche/projects/ibex/rtl/ibex_id_stage.sv:258:16: Signal unoptimizable: Circular combinational logic: 'core_tb.dut.id_stage_i.controller_run'
  258 |   logic        controller_run;
      |                ^~~~~~~~~~~~~~
                    /home/dungpc/ndmoney4porche/projects/ibex/rtl/ibex_id_stage.sv:258:16:      Example path: core_tb.dut.id_stage_i.controller_run
                    /home/dungpc/ndmoney4porche/projects/ibex/rtl/ibex_id_stage.sv:877:3:      Example path: ALWAYS
                    /home/dungpc/ndmoney4porche/projects/ibex/rtl/ibex_id_stage.sv:308:16:      Example path: core_tb.dut.id_stage_i.stall_alu
                    /home/dungpc/ndmoney4porche/projects/ibex/rtl/ibex_id_stage.sv:983:19:      Example path: ASSIGNW
                    /home/dungpc/ndmoney4porche/projects/ibex/rtl/ibex_id_stage.sv:264:16:      Example path: core_tb.dut.id_stage_i.stall_id
                    /home/dungpc/ndmoney4porche/projects/ibex/rtl/ibex_id_stage.sv:991:21:      Example path: ASSIGNW
                    /home/dungpc/ndmoney4porche/projects/ibex/rtl/ibex_id_stage.sv:257:16:      Example path: core_tb.dut.id_stage_i.instr_done
                    /home/dungpc/ndmoney4porche/projects/ibex/rtl/ibex_id_stage.sv:1130:28:      Example path: ASSIGNW
                    /home/dungpc/ndmoney4porche/projects/ibex/rtl/ibex_core.sv:410:16:      Example path: core_tb.dut.instr_id_done
                    /home/dungpc/ndmoney4porche/projects/ibex/rtl/ibex_id_stage.sv:747:22:      Example path: ASSIGNW
                    /home/dungpc/ndmoney4porche/projects/ibex/rtl/ibex_core.sv:332:16:      Example path: core_tb.dut.csr_op_en
                    /home/dungpc/ndmoney4porche/projects/ibex/rtl/ibex_controller.sv:293:22:      Example path: ASSIGNW
                    /home/dungpc/ndmoney4porche/projects/ibex/rtl/ibex_controller.sv:168:9:      Example path: core_tb.dut.id_stage_i.controller_i.special_req
                    /home/dungpc/ndmoney4porche/projects/ibex/rtl/ibex_controller.sv:539:3:      Example path: ALWAYS
                    /home/dungpc/ndmoney4porche/projects/ibex/rtl/ibex_controller.sv:164:9:      Example path: core_tb.dut.id_stage_i.controller_i.halt_if
                    /home/dungpc/ndmoney4porche/projects/ibex/rtl/ibex_controller.sv:1020:24:      Example path: ASSIGNW
                    /home/dungpc/ndmoney4porche/projects/ibex/rtl/ibex_core.sv:351:16:      Example path: core_tb.dut.id_in_ready
                    /home/dungpc/ndmoney4porche/projects/ibex/rtl/ibex_controller.sv:539:3:      Example path: ALWAYS
%Warning-UNOPTFLAT: /home/dungpc/ndmoney4porche/projects/ibex/rtl/ibex_core.sv:351:16: Signal unoptimizable: Circular combinational logic: 'core_tb.dut.id_in_ready'
  351 |   logic        id_in_ready;
      |                ^~~~~~~~~~~
                    /home/dungpc/ndmoney4porche/projects/ibex/rtl/ibex_core.sv:351:16:      Example path: core_tb.dut.id_in_ready
                    /home/dungpc/ndmoney4porche/projects/ibex/rtl/ibex_controller.sv:539:3:      Example path: ALWAYS
                    /home/dungpc/ndmoney4porche/projects/ibex/rtl/ibex_controller.sv:164:9:      Example path: core_tb.dut.id_stage_i.controller_i.halt_if
                    /home/dungpc/ndmoney4porche/projects/ibex/rtl/ibex_controller.sv:1020:24:      Example path: ASSIGNW
                    /home/dungpc/ndmoney4porche/projects/ibex/rtl/ibex_core.sv:351:16:      Example path: core_tb.dut.id_in_ready
%Warning-UNOPTFLAT: /home/dungpc/ndmoney4porche/projects/ibex/rtl/ibex_id_stage.sv:257:16: Signal unoptimizable: Circular combinational logic: 'core_tb.dut.id_stage_i.instr_done'
  257 |   logic        instr_done;
      |                ^~~~~~~~~~
                    /home/dungpc/ndmoney4porche/projects/ibex/rtl/ibex_id_stage.sv:257:16:      Example path: core_tb.dut.id_stage_i.instr_done
                    /home/dungpc/ndmoney4porche/projects/ibex/rtl/ibex_id_stage.sv:1130:28:      Example path: ASSIGNW
                    /home/dungpc/ndmoney4porche/projects/ibex/rtl/ibex_core.sv:410:16:      Example path: core_tb.dut.instr_id_done
                    /home/dungpc/ndmoney4porche/projects/ibex/rtl/ibex_id_stage.sv:747:22:      Example path: ASSIGNW
                    /home/dungpc/ndmoney4porche/projects/ibex/rtl/ibex_core.sv:332:16:      Example path: core_tb.dut.csr_op_en
                    /home/dungpc/ndmoney4porche/projects/ibex/rtl/ibex_controller.sv:293:22:      Example path: ASSIGNW
                    /home/dungpc/ndmoney4porche/projects/ibex/rtl/ibex_controller.sv:168:9:      Example path: core_tb.dut.id_stage_i.controller_i.special_req
                    /home/dungpc/ndmoney4porche/projects/ibex/rtl/ibex_controller.sv:539:3:      Example path: ALWAYS
                    /home/dungpc/ndmoney4porche/projects/ibex/rtl/ibex_controller.sv:164:9:      Example path: core_tb.dut.id_stage_i.controller_i.halt_if
                    /home/dungpc/ndmoney4porche/projects/ibex/rtl/ibex_controller.sv:1020:24:      Example path: ASSIGNW
                    /home/dungpc/ndmoney4porche/projects/ibex/rtl/ibex_core.sv:351:16:      Example path: core_tb.dut.id_in_ready
                    /home/dungpc/ndmoney4porche/projects/ibex/rtl/ibex_controller.sv:539:3:      Example path: ALWAYS
make: Entering directory '/tmp/ibex-microarchitecture/wb'
g++ -Os  -I.  -MMD -I/usr/share/verilator/include -I/usr/share/verilator/include/vltstd -DVM_COVERAGE=0 -DVM_SC=0 -DVM_TRACE=1 -DVM_TRACE_FST=0 -DVM_TRACE_VCD=1 -faligned-new -fcf-protection=none -Wno-bool-operation -Wno-overloaded-virtual -Wno-shadow -Wno-sign-compare -Wno-uninitialized -Wno-unused-but-set-parameter -Wno-unused-but-set-variable -Wno-unused-parameter -Wno-unused-variable     -DVL_TIME_CONTEXT   -fcoroutines -c -o verilated.o /usr/share/verilator/include/verilated.cpp
g++ -Os  -I.  -MMD -I/usr/share/verilator/include -I/usr/share/verilator/include/vltstd -DVM_COVERAGE=0 -DVM_SC=0 -DVM_TRACE=1 -DVM_TRACE_FST=0 -DVM_TRACE_VCD=1 -faligned-new -fcf-protection=none -Wno-bool-operation -Wno-overloaded-virtual -Wno-shadow -Wno-sign-compare -Wno-uninitialized -Wno-unused-but-set-parameter -Wno-unused-but-set-variable -Wno-unused-parameter -Wno-unused-variable     -DVL_TIME_CONTEXT   -fcoroutines -c -o verilated_dpi.o /usr/share/verilator/include/verilated_dpi.cpp
g++ -Os  -I.  -MMD -I/usr/share/verilator/include -I/usr/share/verilator/include/vltstd -DVM_COVERAGE=0 -DVM_SC=0 -DVM_TRACE=1 -DVM_TRACE_FST=0 -DVM_TRACE_VCD=1 -faligned-new -fcf-protection=none -Wno-bool-operation -Wno-overloaded-virtual -Wno-shadow -Wno-sign-compare -Wno-uninitialized -Wno-unused-but-set-parameter -Wno-unused-but-set-variable -Wno-unused-parameter -Wno-unused-variable     -DVL_TIME_CONTEXT   -fcoroutines -c -o verilated_vcd_c.o /usr/share/verilator/include/verilated_vcd_c.cpp
g++ -Os  -I.  -MMD -I/usr/share/verilator/include -I/usr/share/verilator/include/vltstd -DVM_COVERAGE=0 -DVM_SC=0 -DVM_TRACE=1 -DVM_TRACE_FST=0 -DVM_TRACE_VCD=1 -faligned-new -fcf-protection=none -Wno-bool-operation -Wno-overloaded-virtual -Wno-shadow -Wno-sign-compare -Wno-uninitialized -Wno-unused-but-set-parameter -Wno-unused-but-set-variable -Wno-unused-parameter -Wno-unused-variable     -DVL_TIME_CONTEXT   -fcoroutines -c -o verilated_timing.o /usr/share/verilator/include/verilated_timing.cpp
g++ -Os  -I.  -MMD -I/usr/share/verilator/include -I/usr/share/verilator/include/vltstd -DVM_COVERAGE=0 -DVM_SC=0 -DVM_TRACE=1 -DVM_TRACE_FST=0 -DVM_TRACE_VCD=1 -faligned-new -fcf-protection=none -Wno-bool-operation -Wno-overloaded-virtual -Wno-shadow -Wno-sign-compare -Wno-uninitialized -Wno-unused-but-set-parameter -Wno-unused-but-set-variable -Wno-unused-parameter -Wno-unused-variable     -DVL_TIME_CONTEXT   -fcoroutines -c -o verilated_threads.o /usr/share/verilator/include/verilated_threads.cpp
/usr/bin/python3 /usr/share/verilator/bin/verilator_includer -DVL_INCLUDE_OPT=include Vcore_tb.cpp Vcore_tb__Dpi_Export__0.cpp Vcore_tb___024root__DepSet_h03008cef__0.cpp Vcore_tb___024root__DepSet_h9509ac93__0.cpp Vcore_tb__main.cpp Vcore_tb__Dpi.cpp Vcore_tb__Trace__0.cpp Vcore_tb__ConstPool_0.cpp Vcore_tb___024root__Slow.cpp Vcore_tb___024root__DepSet_h03008cef__0__Slow.cpp Vcore_tb___024root__DepSet_h9509ac93__0__Slow.cpp Vcore_tb_ibex_pkg__Slow.cpp Vcore_tb_ibex_pkg__DepSet_h11424ecd__0__Slow.cpp Vcore_tb__Syms.cpp Vcore_tb__Trace__0__Slow.cpp Vcore_tb__TraceDecls__0__Slow.cpp > Vcore_tb__ALL.cpp
echo "" > Vcore_tb__ALL.verilator_deplist.tmp
g++ -Os  -I.  -MMD -I/usr/share/verilator/include -I/usr/share/verilator/include/vltstd -DVM_COVERAGE=0 -DVM_SC=0 -DVM_TRACE=1 -DVM_TRACE_FST=0 -DVM_TRACE_VCD=1 -faligned-new -fcf-protection=none -Wno-bool-operation -Wno-overloaded-virtual -Wno-shadow -Wno-sign-compare -Wno-uninitialized -Wno-unused-but-set-parameter -Wno-unused-but-set-variable -Wno-unused-parameter -Wno-unused-variable     -DVL_TIME_CONTEXT   -fcoroutines -c -o Vcore_tb__ALL.o Vcore_tb__ALL.cpp
Archive ar -rcs Vcore_tb__ALL.a Vcore_tb__ALL.o
g++     verilated.o verilated_dpi.o verilated_vcd_c.o verilated_timing.o verilated_threads.o Vcore_tb__ALL.a    -pthread -lpthread -latomic   -o Vcore_tb
rm Vcore_tb__ALL.verilator_deplist.tmp
make: Leaving directory '/tmp/ibex-microarchitecture/wb'
