CONFIG WB=1 BT=0 M=2 latency=1 ilatency=1 grant_period=1
C 0 00000000 0 0 0 0 0 0 0 0 1 0 0 00000000 0 0 00000080 0 0 0 1
C 1 00000000 0 0 0 0 0 0 0 0 1 0 0 00000000 0 0 00000080 1 1 0 1
C 2 00000000 0 0 0 0 0 0 0 0 1 0 0 00000000 0 0 00000080 1 1 1 0
C 3 00000080 1 0 0 0 0 0 0 1 1 0 0 00000000 0 0 00000084 1 1 1 0
C 4 00000084 1 0 0 0 0 0 0 1 1 0 0 00000000 0 0 00000088 1 1 1 0
W 4 1 00000001
C 5 00000088 1 0 0 0 0 0 0 1 1 0 0 00000000 0 0 0000008c 1 1 1 0
R 5 1 00000080 00100093 0
C 6 0000008c 1 0 0 0 0 1 0 0 1 0 0 00000000 0 0 00000090 1 1 1 0
W 6 2 00000002
R 6 2 00000084 00008463 0
C 7 0000008c 1 1 0 0 0 0 0 1 1 0 0 00000094 0 0 00000090 1 1 1 1
R 7 3 00000088 00200113 0
C 8 0000008c 0 0 0 0 0 0 0 0 1 0 0 00000094 0 0 00000094 1 1 1 0
C 9 00000094 1 0 0 0 0 0 1 0 1 0 0 0000009c 0 0 00000098 1 1 1 1
R 9 4 0000008c 00108463 0
C 10 00000094 1 1 0 0 0 0 0 1 1 0 0 00000098 0 0 0000009c 1 1 1 0
C 11 0000009c 1 0 0 0 0 0 0 1 1 0 0 000000a8 0 0 000000a0 1 1 1 0
W 11 3 00000098
C 12 000000a0 1 0 0 0 0 0 1 0 1 0 0 000000a8 0 0 000000a4 1 1 1 1
W 12 4 000000a8
R 12 5 00000094 008001ef 0
C 13 000000a0 1 1 0 0 0 0 0 1 1 0 0 000000a4 0 0 000000a8 1 1 1 0
R 13 6 0000009c 0a800213 0
C 14 000000a8 1 0 0 0 0 0 0 1 1 0 0 00000078 0 0 000000ac 1 1 1 0
W 14 5 000000a4
C 15 000000ac 1 0 0 0 0 0 1 0 1 0 0 000000ac 0 0 000000b0 1 1 1 1
W 15 31 0000007b
R 15 7 000000a0 000202e7 0
C 16 000000ac 1 1 0 0 0 0 0 1 1 0 0 000000b0 0 0 000000ac 1 1 1 0
R 16 8 000000a8 07b00f93 0
C 17 000000ac 1 0 0 0 0 0 1 0 1 0 0 000000ac 0 0 000000b0 1 1 1 1
C 18 000000ac 1 1 0 0 0 0 0 1 1 0 0 000000b0 0 0 000000ac 1 1 1 0
R 18 9 000000ac 0000006f 0
C 19 000000ac 1 0 0 0 0 0 1 0 1 0 0 000000ac 0 0 000000b0 1 1 1 1
C 20 000000ac 1 1 0 0 0 0 0 1 1 0 0 000000b0 0 0 000000ac 1 1 1 0
R 20 10 000000ac 0000006f 0
C 21 000000ac 1 0 0 0 0 0 1 0 1 0 0 000000ac 0 0 000000b0 1 1 1 1
C 22 000000ac 1 1 0 0 0 0 0 1 1 0 0 000000b0 0 0 000000ac 1 1 1 0
R 22 11 000000ac 0000006f 0
C 23 000000ac 1 0 0 0 0 0 1 0 1 0 0 000000ac 0 0 000000b0 1 1 1 1
C 24 000000ac 1 1 0 0 0 0 0 1 1 0 0 000000b0 0 0 000000ac 1 1 1 0
R 24 12 000000ac 0000006f 0
C 25 000000ac 1 0 0 0 0 0 1 0 1 0 0 000000ac 0 0 000000b0 1 1 1 1
C 26 000000ac 1 1 0 0 0 0 0 1 1 0 0 000000b0 0 0 000000ac 1 1 1 0
R 26 13 000000ac 0000006f 0
C 27 000000ac 1 0 0 0 0 0 1 0 1 0 0 000000ac 0 0 000000b0 1 1 1 1
C 28 000000ac 1 1 0 0 0 0 0 1 1 0 0 000000b0 0 0 000000ac 1 1 1 0
R 28 14 000000ac 0000006f 0
C 29 000000ac 1 0 0 0 0 0 1 0 1 0 0 000000ac 0 0 000000b0 1 1 1 1
C 30 000000ac 1 1 0 0 0 0 0 1 1 0 0 000000b0 0 0 000000ac 1 1 1 0
R 30 15 000000ac 0000006f 0
C 31 000000ac 1 0 0 0 0 0 1 0 1 0 0 000000ac 0 0 000000b0 1 1 1 1
C 32 000000ac 1 1 0 0 0 0 0 1 1 0 0 000000b0 0 0 000000ac 1 1 1 0
R 32 16 000000ac 0000006f 0
C 33 000000ac 1 0 0 0 0 0 1 0 1 0 0 000000ac 0 0 000000b0 1 1 1 1
C 34 000000ac 1 1 0 0 0 0 0 1 1 0 0 000000b0 0 0 000000ac 1 1 1 0
R 34 17 000000ac 0000006f 0
C 35 000000ac 1 0 0 0 0 0 1 0 1 0 0 000000ac 0 0 000000b0 1 1 1 1
C 36 000000ac 1 1 0 0 0 0 0 1 1 0 0 000000b0 0 0 000000ac 1 1 1 0
R 36 18 000000ac 0000006f 0
C 37 000000ac 1 0 0 0 0 0 1 0 1 0 0 000000ac 0 0 000000b0 1 1 1 1
C 38 000000ac 1 1 0 0 0 0 0 1 1 0 0 000000b0 0 0 000000ac 1 1 1 0
R 38 19 000000ac 0000006f 0
C 39 000000ac 1 0 0 0 0 0 1 0 1 0 0 000000ac 0 0 000000b0 1 1 1 1
C 40 000000ac 1 1 0 0 0 0 0 1 1 0 0 000000b0 0 0 000000ac 1 1 1 0
R 40 20 000000ac 0000006f 0
C 41 000000ac 1 0 0 0 0 0 1 0 1 0 0 000000ac 0 0 000000b0 1 1 1 1
C 42 000000ac 1 1 0 0 0 0 0 1 1 0 0 000000b0 0 0 000000ac 1 1 1 0
R 42 21 000000ac 0000006f 0
C 43 000000ac 1 0 0 0 0 0 1 0 1 0 0 000000ac 0 0 000000b0 1 1 1 1
C 44 000000ac 1 1 0 0 0 0 0 1 1 0 0 000000b0 0 0 000000ac 1 1 1 0
R 44 22 000000ac 0000006f 0
C 45 000000ac 1 0 0 0 0 0 1 0 1 0 0 000000ac 0 0 000000b0 1 1 1 1
C 46 000000ac 1 1 0 0 0 0 0 1 1 0 0 000000b0 0 0 000000ac 1 1 1 0
R 46 23 000000ac 0000006f 0
C 47 000000ac 1 0 0 0 0 0 1 0 1 0 0 000000ac 0 0 000000b0 1 1 1 1
C 48 000000ac 1 1 0 0 0 0 0 1 1 0 0 000000b0 0 0 000000ac 1 1 1 0
R 48 24 000000ac 0000006f 0
C 49 000000ac 1 0 0 0 0 0 1 0 1 0 0 000000ac 0 0 000000b0 1 1 1 1
C 50 000000ac 1 1 0 0 0 0 0 1 1 0 0 000000b0 0 0 000000ac 1 1 1 0
R 50 25 000000ac 0000006f 0
C 51 000000ac 1 0 0 0 0 0 1 0 1 0 0 000000ac 0 0 000000b0 1 1 1 1
C 52 000000ac 1 1 0 0 0 0 0 1 1 0 0 000000b0 0 0 000000ac 1 1 1 0
R 52 26 000000ac 0000006f 0
C 53 000000ac 1 0 0 0 0 0 1 0 1 0 0 000000ac 0 0 000000b0 1 1 1 1
C 54 000000ac 1 1 0 0 0 0 0 1 1 0 0 000000b0 0 0 000000ac 1 1 1 0
R 54 27 000000ac 0000006f 0
C 55 000000ac 1 0 0 0 0 0 1 0 1 0 0 000000ac 0 0 000000b0 1 1 1 1
C 56 000000ac 1 1 0 0 0 0 0 1 1 0 0 000000b0 0 0 000000ac 1 1 1 0
R 56 28 000000ac 0000006f 0
C 57 000000ac 1 0 0 0 0 0 1 0 1 0 0 000000ac 0 0 000000b0 1 1 1 1
C 58 000000ac 1 1 0 0 0 0 0 1 1 0 0 000000b0 0 0 000000ac 1 1 1 0
R 58 29 000000ac 0000006f 0
C 59 000000ac 1 0 0 0 0 0 1 0 1 0 0 000000ac 0 0 000000b0 1 1 1 1
C 60 000000ac 1 1 0 0 0 0 0 1 1 0 0 000000b0 0 0 000000ac 1 1 1 0
R 60 30 000000ac 0000006f 0
C 61 000000ac 1 0 0 0 0 0 1 0 1 0 0 000000ac 0 0 000000b0 1 1 1 1
C 62 000000ac 1 1 0 0 0 0 0 1 1 0 0 000000b0 0 0 000000ac 1 1 1 0
R 62 31 000000ac 0000006f 0
C 63 000000ac 1 0 0 0 0 0 1 0 1 0 0 000000ac 0 0 000000b0 1 1 1 1
C 64 000000ac 1 1 0 0 0 0 0 1 1 0 0 000000b0 0 0 000000ac 1 1 1 0
R 64 32 000000ac 0000006f 0
C 65 000000ac 1 0 0 0 0 0 1 0 1 0 0 000000ac 0 0 000000b0 1 1 1 1
C 66 000000ac 1 1 0 0 0 0 0 1 1 0 0 000000b0 0 0 000000ac 1 1 1 0
R 66 33 000000ac 0000006f 0
C 67 000000ac 1 0 0 0 0 0 1 0 1 0 0 000000ac 0 0 000000b0 1 1 1 1
C 68 000000ac 1 1 0 0 0 0 0 1 1 0 0 000000b0 0 0 000000ac 1 1 1 0
R 68 34 000000ac 0000006f 0
C 69 000000ac 1 0 0 0 0 0 1 0 1 0 0 000000ac 0 0 000000b0 1 1 1 1
C 70 000000ac 1 1 0 0 0 0 0 1 1 0 0 000000b0 0 0 000000ac 1 1 1 0
R 70 35 000000ac 0000006f 0
C 71 000000ac 1 0 0 0 0 0 1 0 1 0 0 000000ac 0 0 000000b0 1 1 1 1
C 72 000000ac 1 1 0 0 0 0 0 1 1 0 0 000000b0 0 0 000000ac 1 1 1 0
R 72 36 000000ac 0000006f 0
C 73 000000ac 1 0 0 0 0 0 1 0 1 0 0 000000ac 0 0 000000b0 1 1 1 1
C 74 000000ac 1 1 0 0 0 0 0 1 1 0 0 000000b0 0 0 000000ac 1 1 1 0
R 74 37 000000ac 0000006f 0
C 75 000000ac 1 0 0 0 0 0 1 0 1 0 0 000000ac 0 0 000000b0 1 1 1 1
C 76 000000ac 1 1 0 0 0 0 0 1 1 0 0 000000b0 0 0 000000ac 1 1 1 0
R 76 38 000000ac 0000006f 0
C 77 000000ac 1 0 0 0 0 0 1 0 1 0 0 000000ac 0 0 000000b0 1 1 1 1
C 78 000000ac 1 1 0 0 0 0 0 1 1 0 0 000000b0 0 0 000000ac 1 1 1 0
R 78 39 000000ac 0000006f 0
C 79 000000ac 1 0 0 0 0 0 1 0 1 0 0 000000ac 0 0 000000b0 1 1 1 1
C 80 000000ac 1 1 0 0 0 0 0 1 1 0 0 000000b0 0 0 000000ac 1 1 1 0
R 80 40 000000ac 0000006f 0
C 81 000000ac 1 0 0 0 0 0 1 0 1 0 0 000000ac 0 0 000000b0 1 1 1 1
C 82 000000ac 1 1 0 0 0 0 0 1 1 0 0 000000b0 0 0 000000ac 1 1 1 0
R 82 41 000000ac 0000006f 0
C 83 000000ac 1 0 0 0 0 0 1 0 1 0 0 000000ac 0 0 000000b0 1 1 1 1
C 84 000000ac 1 1 0 0 0 0 0 1 1 0 0 000000b0 0 0 000000ac 1 1 1 0
R 84 42 000000ac 0000006f 0
C 85 000000ac 1 0 0 0 0 0 1 0 1 0 0 000000ac 0 0 000000b0 1 1 1 1
C 86 000000ac 1 1 0 0 0 0 0 1 1 0 0 000000b0 0 0 000000ac 1 1 1 0
R 86 43 000000ac 0000006f 0
C 87 000000ac 1 0 0 0 0 0 1 0 1 0 0 000000ac 0 0 000000b0 1 1 1 1
C 88 000000ac 1 1 0 0 0 0 0 1 1 0 0 000000b0 0 0 000000ac 1 1 1 0
R 88 44 000000ac 0000006f 0
C 89 000000ac 1 0 0 0 0 0 1 0 1 0 0 000000ac 0 0 000000b0 1 1 1 1
C 90 000000ac 1 1 0 0 0 0 0 1 1 0 0 000000b0 0 0 000000ac 1 1 1 0
R 90 45 000000ac 0000006f 0
C 91 000000ac 1 0 0 0 0 0 1 0 1 0 0 000000ac 0 0 000000b0 1 1 1 1
C 92 000000ac 1 1 0 0 0 0 0 1 1 0 0 000000b0 0 0 000000ac 1 1 1 0
R 92 46 000000ac 0000006f 0
C 93 000000ac 1 0 0 0 0 0 1 0 1 0 0 000000ac 0 0 000000b0 1 1 1 1
C 94 000000ac 1 1 0 0 0 0 0 1 1 0 0 000000b0 0 0 000000ac 1 1 1 0
R 94 47 000000ac 0000006f 0
C 95 000000ac 1 0 0 0 0 0 1 0 1 0 0 000000ac 0 0 000000b0 1 1 1 1
C 96 000000ac 1 1 0 0 0 0 0 1 1 0 0 000000b0 0 0 000000ac 1 1 1 0
R 96 48 000000ac 0000006f 0
C 97 000000ac 1 0 0 0 0 0 1 0 1 0 0 000000ac 0 0 000000b0 1 1 1 1
C 98 000000ac 1 1 0 0 0 0 0 1 1 0 0 000000b0 0 0 000000ac 1 1 1 0
R 98 49 000000ac 0000006f 0
C 99 000000ac 1 0 0 0 0 0 1 0 1 0 0 000000ac 0 0 000000b0 1 1 1 1
C 100 000000ac 1 1 0 0 0 0 0 1 1 0 0 000000b0 0 0 000000ac 1 1 1 0
R 100 50 000000ac 0000006f 0
C 101 000000ac 1 0 0 0 0 0 1 0 1 0 0 000000ac 0 0 000000b0 1 1 1 1
C 102 000000ac 1 1 0 0 0 0 0 1 1 0 0 000000b0 0 0 000000ac 1 1 1 0
R 102 51 000000ac 0000006f 0
C 103 000000ac 1 0 0 0 0 0 1 0 1 0 0 000000ac 0 0 000000b0 1 1 1 1
C 104 000000ac 1 1 0 0 0 0 0 1 1 0 0 000000b0 0 0 000000ac 1 1 1 0
R 104 52 000000ac 0000006f 0
C 105 000000ac 1 0 0 0 0 0 1 0 1 0 0 000000ac 0 0 000000b0 1 1 1 1
C 106 000000ac 1 1 0 0 0 0 0 1 1 0 0 000000b0 0 0 000000ac 1 1 1 0
R 106 53 000000ac 0000006f 0
C 107 000000ac 1 0 0 0 0 0 1 0 1 0 0 000000ac 0 0 000000b0 1 1 1 1
C 108 000000ac 1 1 0 0 0 0 0 1 1 0 0 000000b0 0 0 000000ac 1 1 1 0
R 108 54 000000ac 0000006f 0
C 109 000000ac 1 0 0 0 0 0 1 0 1 0 0 000000ac 0 0 000000b0 1 1 1 1
C 110 000000ac 1 1 0 0 0 0 0 1 1 0 0 000000b0 0 0 000000ac 1 1 1 0
R 110 55 000000ac 0000006f 0
C 111 000000ac 1 0 0 0 0 0 1 0 1 0 0 000000ac 0 0 000000b0 1 1 1 1
C 112 000000ac 1 1 0 0 0 0 0 1 1 0 0 000000b0 0 0 000000ac 1 1 1 0
R 112 56 000000ac 0000006f 0
C 113 000000ac 1 0 0 0 0 0 1 0 1 0 0 000000ac 0 0 000000b0 1 1 1 1
C 114 000000ac 1 1 0 0 0 0 0 1 1 0 0 000000b0 0 0 000000ac 1 1 1 0
R 114 57 000000ac 0000006f 0
C 115 000000ac 1 0 0 0 0 0 1 0 1 0 0 000000ac 0 0 000000b0 1 1 1 1
C 116 000000ac 1 1 0 0 0 0 0 1 1 0 0 000000b0 0 0 000000ac 1 1 1 0
R 116 58 000000ac 0000006f 0
C 117 000000ac 1 0 0 0 0 0 1 0 1 0 0 000000ac 0 0 000000b0 1 1 1 1
C 118 000000ac 1 1 0 0 0 0 0 1 1 0 0 000000b0 0 0 000000ac 1 1 1 0
R 118 59 000000ac 0000006f 0
C 119 000000ac 1 0 0 0 0 0 1 0 1 0 0 000000ac 0 0 000000b0 1 1 1 1
C 120 000000ac 1 1 0 0 0 0 0 1 1 0 0 000000b0 0 0 000000ac 1 1 1 0
R 120 60 000000ac 0000006f 0
C 121 000000ac 1 0 0 0 0 0 1 0 1 0 0 000000ac 0 0 000000b0 1 1 1 1
C 122 000000ac 1 1 0 0 0 0 0 1 1 0 0 000000b0 0 0 000000ac 1 1 1 0
R 122 61 000000ac 0000006f 0
C 123 000000ac 1 0 0 0 0 0 1 0 1 0 0 000000ac 0 0 000000b0 1 1 1 1
C 124 000000ac 1 1 0 0 0 0 0 1 1 0 0 000000b0 0 0 000000ac 1 1 1 0
R 124 62 000000ac 0000006f 0
C 125 000000ac 1 0 0 0 0 0 1 0 1 0 0 000000ac 0 0 000000b0 1 1 1 1
C 126 000000ac 1 1 0 0 0 0 0 1 1 0 0 000000b0 0 0 000000ac 1 1 1 0
R 126 63 000000ac 0000006f 0
C 127 000000ac 1 0 0 0 0 0 1 0 1 0 0 000000ac 0 0 000000b0 1 1 1 1
C 128 000000ac 1 1 0 0 0 0 0 1 1 0 0 000000b0 0 0 000000ac 1 1 1 0
R 128 64 000000ac 0000006f 0
C 129 000000ac 1 0 0 0 0 0 1 0 1 0 0 000000ac 0 0 000000b0 1 1 1 1
C 130 000000ac 1 1 0 0 0 0 0 1 1 0 0 000000b0 0 0 000000ac 1 1 1 0
R 130 65 000000ac 0000006f 0
C 131 000000ac 1 0 0 0 0 0 1 0 1 0 0 000000ac 0 0 000000b0 1 1 1 1
C 132 000000ac 1 1 0 0 0 0 0 1 1 0 0 000000b0 0 0 000000ac 1 1 1 0
R 132 66 000000ac 0000006f 0
C 133 000000ac 1 0 0 0 0 0 1 0 1 0 0 000000ac 0 0 000000b0 1 1 1 1
C 134 000000ac 1 1 0 0 0 0 0 1 1 0 0 000000b0 0 0 000000ac 1 1 1 0
R 134 67 000000ac 0000006f 0
C 135 000000ac 1 0 0 0 0 0 1 0 1 0 0 000000ac 0 0 000000b0 1 1 1 1
C 136 000000ac 1 1 0 0 0 0 0 1 1 0 0 000000b0 0 0 000000ac 1 1 1 0
R 136 68 000000ac 0000006f 0
C 137 000000ac 1 0 0 0 0 0 1 0 1 0 0 000000ac 0 0 000000b0 1 1 1 1
C 138 000000ac 1 1 0 0 0 0 0 1 1 0 0 000000b0 0 0 000000ac 1 1 1 0
R 138 69 000000ac 0000006f 0
C 139 000000ac 1 0 0 0 0 0 1 0 1 0 0 000000ac 0 0 000000b0 1 1 1 1
C 140 000000ac 1 1 0 0 0 0 0 1 1 0 0 000000b0 0 0 000000ac 1 1 1 0
R 140 70 000000ac 0000006f 0
C 141 000000ac 1 0 0 0 0 0 1 0 1 0 0 000000ac 0 0 000000b0 1 1 1 1
C 142 000000ac 1 1 0 0 0 0 0 1 1 0 0 000000b0 0 0 000000ac 1 1 1 0
R 142 71 000000ac 0000006f 0
C 143 000000ac 1 0 0 0 0 0 1 0 1 0 0 000000ac 0 0 000000b0 1 1 1 1
C 144 000000ac 1 1 0 0 0 0 0 1 1 0 0 000000b0 0 0 000000ac 1 1 1 0
R 144 72 000000ac 0000006f 0
C 145 000000ac 1 0 0 0 0 0 1 0 1 0 0 000000ac 0 0 000000b0 1 1 1 1
C 146 000000ac 1 1 0 0 0 0 0 1 1 0 0 000000b0 0 0 000000ac 1 1 1 0
R 146 73 000000ac 0000006f 0
C 147 000000ac 1 0 0 0 0 0 1 0 1 0 0 000000ac 0 0 000000b0 1 1 1 1
C 148 000000ac 1 1 0 0 0 0 0 1 1 0 0 000000b0 0 0 000000ac 1 1 1 0
R 148 74 000000ac 0000006f 0
C 149 000000ac 1 0 0 0 0 0 1 0 1 0 0 000000ac 0 0 000000b0 1 1 1 1
C 150 000000ac 1 1 0 0 0 0 0 1 1 0 0 000000b0 0 0 000000ac 1 1 1 0
R 150 75 000000ac 0000006f 0
C 151 000000ac 1 0 0 0 0 0 1 0 1 0 0 000000ac 0 0 000000b0 1 1 1 1
C 152 000000ac 1 1 0 0 0 0 0 1 1 0 0 000000b0 0 0 000000ac 1 1 1 0
R 152 76 000000ac 0000006f 0
C 153 000000ac 1 0 0 0 0 0 1 0 1 0 0 000000ac 0 0 000000b0 1 1 1 1
C 154 000000ac 1 1 0 0 0 0 0 1 1 0 0 000000b0 0 0 000000ac 1 1 1 0
R 154 77 000000ac 0000006f 0
C 155 000000ac 1 0 0 0 0 0 1 0 1 0 0 000000ac 0 0 000000b0 1 1 1 1
C 156 000000ac 1 1 0 0 0 0 0 1 1 0 0 000000b0 0 0 000000ac 1 1 1 0
R 156 78 000000ac 0000006f 0
C 157 000000ac 1 0 0 0 0 0 1 0 1 0 0 000000ac 0 0 000000b0 1 1 1 1
C 158 000000ac 1 1 0 0 0 0 0 1 1 0 0 000000b0 0 0 000000ac 1 1 1 0
R 158 79 000000ac 0000006f 0
C 159 000000ac 1 0 0 0 0 0 1 0 1 0 0 000000ac 0 0 000000b0 1 1 1 1
C 160 000000ac 1 1 0 0 0 0 0 1 1 0 0 000000b0 0 0 000000ac 1 1 1 0
R 160 80 000000ac 0000006f 0
C 161 000000ac 1 0 0 0 0 0 1 0 1 0 0 000000ac 0 0 000000b0 1 1 1 1
C 162 000000ac 1 1 0 0 0 0 0 1 1 0 0 000000b0 0 0 000000ac 1 1 1 0
R 162 81 000000ac 0000006f 0
C 163 000000ac 1 0 0 0 0 0 1 0 1 0 0 000000ac 0 0 000000b0 1 1 1 1
C 164 000000ac 1 1 0 0 0 0 0 1 1 0 0 000000b0 0 0 000000ac 1 1 1 0
R 164 82 000000ac 0000006f 0
C 165 000000ac 1 0 0 0 0 0 1 0 1 0 0 000000ac 0 0 000000b0 1 1 1 1
C 166 000000ac 1 1 0 0 0 0 0 1 1 0 0 000000b0 0 0 000000ac 1 1 1 0
R 166 83 000000ac 0000006f 0
C 167 000000ac 1 0 0 0 0 0 1 0 1 0 0 000000ac 0 0 000000b0 1 1 1 1
C 168 000000ac 1 1 0 0 0 0 0 1 1 0 0 000000b0 0 0 000000ac 1 1 1 0
R 168 84 000000ac 0000006f 0
C 169 000000ac 1 0 0 0 0 0 1 0 1 0 0 000000ac 0 0 000000b0 1 1 1 1
C 170 000000ac 1 1 0 0 0 0 0 1 1 0 0 000000b0 0 0 000000ac 1 1 1 0
R 170 85 000000ac 0000006f 0
C 171 000000ac 1 0 0 0 0 0 1 0 1 0 0 000000ac 0 0 000000b0 1 1 1 1
C 172 000000ac 1 1 0 0 0 0 0 1 1 0 0 000000b0 0 0 000000ac 1 1 1 0
R 172 86 000000ac 0000006f 0
C 173 000000ac 1 0 0 0 0 0 1 0 1 0 0 000000ac 0 0 000000b0 1 1 1 1
C 174 000000ac 1 1 0 0 0 0 0 1 1 0 0 000000b0 0 0 000000ac 1 1 1 0
R 174 87 000000ac 0000006f 0
C 175 000000ac 1 0 0 0 0 0 1 0 1 0 0 000000ac 0 0 000000b0 1 1 1 1
C 176 000000ac 1 1 0 0 0 0 0 1 1 0 0 000000b0 0 0 000000ac 1 1 1 0
R 176 88 000000ac 0000006f 0
C 177 000000ac 1 0 0 0 0 0 1 0 1 0 0 000000ac 0 0 000000b0 1 1 1 1
C 178 000000ac 1 1 0 0 0 0 0 1 1 0 0 000000b0 0 0 000000ac 1 1 1 0
R 178 89 000000ac 0000006f 0
C 179 000000ac 1 0 0 0 0 0 1 0 1 0 0 000000ac 0 0 000000b0 1 1 1 1
C 180 000000ac 1 1 0 0 0 0 0 1 1 0 0 000000b0 0 0 000000ac 1 1 1 0
R 180 90 000000ac 0000006f 0
C 181 000000ac 1 0 0 0 0 0 1 0 1 0 0 000000ac 0 0 000000b0 1 1 1 1
C 182 000000ac 1 1 0 0 0 0 0 1 1 0 0 000000b0 0 0 000000ac 1 1 1 0
R 182 91 000000ac 0000006f 0
C 183 000000ac 1 0 0 0 0 0 1 0 1 0 0 000000ac 0 0 000000b0 1 1 1 1
C 184 000000ac 1 1 0 0 0 0 0 1 1 0 0 000000b0 0 0 000000ac 1 1 1 0
R 184 92 000000ac 0000006f 0
C 185 000000ac 1 0 0 0 0 0 1 0 1 0 0 000000ac 0 0 000000b0 1 1 1 1
C 186 000000ac 1 1 0 0 0 0 0 1 1 0 0 000000b0 0 0 000000ac 1 1 1 0
R 186 93 000000ac 0000006f 0
C 187 000000ac 1 0 0 0 0 0 1 0 1 0 0 000000ac 0 0 000000b0 1 1 1 1
C 188 000000ac 1 1 0 0 0 0 0 1 1 0 0 000000b0 0 0 000000ac 1 1 1 0
R 188 94 000000ac 0000006f 0
C 189 000000ac 1 0 0 0 0 0 1 0 1 0 0 000000ac 0 0 000000b0 1 1 1 1
C 190 000000ac 1 1 0 0 0 0 0 1 1 0 0 000000b0 0 0 000000ac 1 1 1 0
R 190 95 000000ac 0000006f 0
C 191 000000ac 1 0 0 0 0 0 1 0 1 0 0 000000ac 0 0 000000b0 1 1 1 1
C 192 000000ac 1 1 0 0 0 0 0 1 1 0 0 000000b0 0 0 000000ac 1 1 1 0
R 192 96 000000ac 0000006f 0
C 193 000000ac 1 0 0 0 0 0 1 0 1 0 0 000000ac 0 0 000000b0 1 1 1 1
C 194 000000ac 1 1 0 0 0 0 0 1 1 0 0 000000b0 0 0 000000ac 1 1 1 0
R 194 97 000000ac 0000006f 0
C 195 000000ac 1 0 0 0 0 0 1 0 1 0 0 000000ac 0 0 000000b0 1 1 1 1
C 196 000000ac 1 1 0 0 0 0 0 1 1 0 0 000000b0 0 0 000000ac 1 1 1 0
R 196 98 000000ac 0000006f 0
C 197 000000ac 1 0 0 0 0 0 1 0 1 0 0 000000ac 0 0 000000b0 1 1 1 1
C 198 000000ac 1 1 0 0 0 0 0 1 1 0 0 000000b0 0 0 000000ac 1 1 1 0
R 198 99 000000ac 0000006f 0
C 199 000000ac 1 0 0 0 0 0 1 0 1 0 0 000000ac 0 0 000000b0 1 1 1 1
C 200 000000ac 1 1 0 0 0 0 0 1 1 0 0 000000b0 0 0 000000ac 1 1 1 0
R 200 100 000000ac 0000006f 0
C 201 000000ac 1 0 0 0 0 0 1 0 1 0 0 000000ac 0 0 000000b0 1 1 1 1
C 202 000000ac 1 1 0 0 0 0 0 1 1 0 0 000000b0 0 0 000000ac 1 1 1 0
R 202 101 000000ac 0000006f 0
C 203 000000ac 1 0 0 0 0 0 1 0 1 0 0 000000ac 0 0 000000b0 1 1 1 1
C 204 000000ac 1 1 0 0 0 0 0 1 1 0 0 000000b0 0 0 000000ac 1 1 1 0
R 204 102 000000ac 0000006f 0
C 205 000000ac 1 0 0 0 0 0 1 0 1 0 0 000000ac 0 0 000000b0 1 1 1 1
C 206 000000ac 1 1 0 0 0 0 0 1 1 0 0 000000b0 0 0 000000ac 1 1 1 0
R 206 103 000000ac 0000006f 0
C 207 000000ac 1 0 0 0 0 0 1 0 1 0 0 000000ac 0 0 000000b0 1 1 1 1
C 208 000000ac 1 1 0 0 0 0 0 1 1 0 0 000000b0 0 0 000000ac 1 1 1 0
R 208 104 000000ac 0000006f 0
C 209 000000ac 1 0 0 0 0 0 1 0 1 0 0 000000ac 0 0 000000b0 1 1 1 1
C 210 000000ac 1 1 0 0 0 0 0 1 1 0 0 000000b0 0 0 000000ac 1 1 1 0
R 210 105 000000ac 0000006f 0
C 211 000000ac 1 0 0 0 0 0 1 0 1 0 0 000000ac 0 0 000000b0 1 1 1 1
C 212 000000ac 1 1 0 0 0 0 0 1 1 0 0 000000b0 0 0 000000ac 1 1 1 0
R 212 106 000000ac 0000006f 0
C 213 000000ac 1 0 0 0 0 0 1 0 1 0 0 000000ac 0 0 000000b0 1 1 1 1
C 214 000000ac 1 1 0 0 0 0 0 1 1 0 0 000000b0 0 0 000000ac 1 1 1 0
R 214 107 000000ac 0000006f 0
C 215 000000ac 1 0 0 0 0 0 1 0 1 0 0 000000ac 0 0 000000b0 1 1 1 1
C 216 000000ac 1 1 0 0 0 0 0 1 1 0 0 000000b0 0 0 000000ac 1 1 1 0
R 216 108 000000ac 0000006f 0
C 217 000000ac 1 0 0 0 0 0 1 0 1 0 0 000000ac 0 0 000000b0 1 1 1 1
C 218 000000ac 1 1 0 0 0 0 0 1 1 0 0 000000b0 0 0 000000ac 1 1 1 0
R 218 109 000000ac 0000006f 0
C 219 000000ac 1 0 0 0 0 0 1 0 1 0 0 000000ac 0 0 000000b0 1 1 1 1
C 220 000000ac 1 1 0 0 0 0 0 1 1 0 0 000000b0 0 0 000000ac 1 1 1 0
R 220 110 000000ac 0000006f 0
C 221 000000ac 1 0 0 0 0 0 1 0 1 0 0 000000ac 0 0 000000b0 1 1 1 1
C 222 000000ac 1 1 0 0 0 0 0 1 1 0 0 000000b0 0 0 000000ac 1 1 1 0
R 222 111 000000ac 0000006f 0
C 223 000000ac 1 0 0 0 0 0 1 0 1 0 0 000000ac 0 0 000000b0 1 1 1 1
C 224 000000ac 1 1 0 0 0 0 0 1 1 0 0 000000b0 0 0 000000ac 1 1 1 0
R 224 112 000000ac 0000006f 0
C 225 000000ac 1 0 0 0 0 0 1 0 1 0 0 000000ac 0 0 000000b0 1 1 1 1
C 226 000000ac 1 1 0 0 0 0 0 1 1 0 0 000000b0 0 0 000000ac 1 1 1 0
R 226 113 000000ac 0000006f 0
C 227 000000ac 1 0 0 0 0 0 1 0 1 0 0 000000ac 0 0 000000b0 1 1 1 1
C 228 000000ac 1 1 0 0 0 0 0 1 1 0 0 000000b0 0 0 000000ac 1 1 1 0
R 228 114 000000ac 0000006f 0
C 229 000000ac 1 0 0 0 0 0 1 0 1 0 0 000000ac 0 0 000000b0 1 1 1 1
C 230 000000ac 1 1 0 0 0 0 0 1 1 0 0 000000b0 0 0 000000ac 1 1 1 0
R 230 115 000000ac 0000006f 0
C 231 000000ac 1 0 0 0 0 0 1 0 1 0 0 000000ac 0 0 000000b0 1 1 1 1
C 232 000000ac 1 1 0 0 0 0 0 1 1 0 0 000000b0 0 0 000000ac 1 1 1 0
R 232 116 000000ac 0000006f 0
C 233 000000ac 1 0 0 0 0 0 1 0 1 0 0 000000ac 0 0 000000b0 1 1 1 1
C 234 000000ac 1 1 0 0 0 0 0 1 1 0 0 000000b0 0 0 000000ac 1 1 1 0
R 234 117 000000ac 0000006f 0
C 235 000000ac 1 0 0 0 0 0 1 0 1 0 0 000000ac 0 0 000000b0 1 1 1 1
C 236 000000ac 1 1 0 0 0 0 0 1 1 0 0 000000b0 0 0 000000ac 1 1 1 0
R 236 118 000000ac 0000006f 0
C 237 000000ac 1 0 0 0 0 0 1 0 1 0 0 000000ac 0 0 000000b0 1 1 1 1
C 238 000000ac 1 1 0 0 0 0 0 1 1 0 0 000000b0 0 0 000000ac 1 1 1 0
R 238 119 000000ac 0000006f 0
C 239 000000ac 1 0 0 0 0 0 1 0 1 0 0 000000ac 0 0 000000b0 1 1 1 1
C 240 000000ac 1 1 0 0 0 0 0 1 1 0 0 000000b0 0 0 000000ac 1 1 1 0
R 240 120 000000ac 0000006f 0
C 241 000000ac 1 0 0 0 0 0 1 0 1 0 0 000000ac 0 0 000000b0 1 1 1 1
C 242 000000ac 1 1 0 0 0 0 0 1 1 0 0 000000b0 0 0 000000ac 1 1 1 0
R 242 121 000000ac 0000006f 0
C 243 000000ac 1 0 0 0 0 0 1 0 1 0 0 000000ac 0 0 000000b0 1 1 1 1
C 244 000000ac 1 1 0 0 0 0 0 1 1 0 0 000000b0 0 0 000000ac 1 1 1 0
R 244 122 000000ac 0000006f 0
C 245 000000ac 1 0 0 0 0 0 1 0 1 0 0 000000ac 0 0 000000b0 1 1 1 1
C 246 000000ac 1 1 0 0 0 0 0 1 1 0 0 000000b0 0 0 000000ac 1 1 1 0
R 246 123 000000ac 0000006f 0
C 247 000000ac 1 0 0 0 0 0 1 0 1 0 0 000000ac 0 0 000000b0 1 1 1 1
C 248 000000ac 1 1 0 0 0 0 0 1 1 0 0 000000b0 0 0 000000ac 1 1 1 0
R 248 124 000000ac 0000006f 0
C 249 000000ac 1 0 0 0 0 0 1 0 1 0 0 000000ac 0 0 000000b0 1 1 1 1
C 250 000000ac 1 1 0 0 0 0 0 1 1 0 0 000000b0 0 0 000000ac 1 1 1 0
R 250 125 000000ac 0000006f 0
C 251 000000ac 1 0 0 0 0 0 1 0 1 0 0 000000ac 0 0 000000b0 1 1 1 1
C 252 000000ac 1 1 0 0 0 0 0 1 1 0 0 000000b0 0 0 000000ac 1 1 1 0
R 252 126 000000ac 0000006f 0
C 253 000000ac 1 0 0 0 0 0 1 0 1 0 0 000000ac 0 0 000000b0 1 1 1 1
C 254 000000ac 1 1 0 0 0 0 0 1 1 0 0 000000b0 0 0 000000ac 1 1 1 0
R 254 127 000000ac 0000006f 0
C 255 000000ac 1 0 0 0 0 0 1 0 1 0 0 000000ac 0 0 000000b0 1 1 1 1
C 256 000000ac 1 1 0 0 0 0 0 1 1 0 0 000000b0 0 0 000000ac 1 1 1 0
R 256 128 000000ac 0000006f 0
C 257 000000ac 1 0 0 0 0 0 1 0 1 0 0 000000ac 0 0 000000b0 1 1 1 1
C 258 000000ac 1 1 0 0 0 0 0 1 1 0 0 000000b0 0 0 000000ac 1 1 1 0
R 258 129 000000ac 0000006f 0
C 259 000000ac 1 0 0 0 0 0 1 0 1 0 0 000000ac 0 0 000000b0 1 1 1 1
C 260 000000ac 1 1 0 0 0 0 0 1 1 0 0 000000b0 0 0 000000ac 1 1 1 0
R 260 130 000000ac 0000006f 0
C 261 000000ac 1 0 0 0 0 0 1 0 1 0 0 000000ac 0 0 000000b0 1 1 1 1
C 262 000000ac 1 1 0 0 0 0 0 1 1 0 0 000000b0 0 0 000000ac 1 1 1 0
R 262 131 000000ac 0000006f 0
C 263 000000ac 1 0 0 0 0 0 1 0 1 0 0 000000ac 0 0 000000b0 1 1 1 1
C 264 000000ac 1 1 0 0 0 0 0 1 1 0 0 000000b0 0 0 000000ac 1 1 1 0
R 264 132 000000ac 0000006f 0
C 265 000000ac 1 0 0 0 0 0 1 0 1 0 0 000000ac 0 0 000000b0 1 1 1 1
C 266 000000ac 1 1 0 0 0 0 0 1 1 0 0 000000b0 0 0 000000ac 1 1 1 0
R 266 133 000000ac 0000006f 0
C 267 000000ac 1 0 0 0 0 0 1 0 1 0 0 000000ac 0 0 000000b0 1 1 1 1
C 268 000000ac 1 1 0 0 0 0 0 1 1 0 0 000000b0 0 0 000000ac 1 1 1 0
R 268 134 000000ac 0000006f 0
C 269 000000ac 1 0 0 0 0 0 1 0 1 0 0 000000ac 0 0 000000b0 1 1 1 1
C 270 000000ac 1 1 0 0 0 0 0 1 1 0 0 000000b0 0 0 000000ac 1 1 1 0
R 270 135 000000ac 0000006f 0
C 271 000000ac 1 0 0 0 0 0 1 0 1 0 0 000000ac 0 0 000000b0 1 1 1 1
C 272 000000ac 1 1 0 0 0 0 0 1 1 0 0 000000b0 0 0 000000ac 1 1 1 0
R 272 136 000000ac 0000006f 0
C 273 000000ac 1 0 0 0 0 0 1 0 1 0 0 000000ac 0 0 000000b0 1 1 1 1
C 274 000000ac 1 1 0 0 0 0 0 1 1 0 0 000000b0 0 0 000000ac 1 1 1 0
R 274 137 000000ac 0000006f 0
C 275 000000ac 1 0 0 0 0 0 1 0 1 0 0 000000ac 0 0 000000b0 1 1 1 1
C 276 000000ac 1 1 0 0 0 0 0 1 1 0 0 000000b0 0 0 000000ac 1 1 1 0
R 276 138 000000ac 0000006f 0
C 277 000000ac 1 0 0 0 0 0 1 0 1 0 0 000000ac 0 0 000000b0 1 1 1 1
C 278 000000ac 1 1 0 0 0 0 0 1 1 0 0 000000b0 0 0 000000ac 1 1 1 0
R 278 139 000000ac 0000006f 0
C 279 000000ac 1 0 0 0 0 0 1 0 1 0 0 000000ac 0 0 000000b0 1 1 1 1
C 280 000000ac 1 1 0 0 0 0 0 1 1 0 0 000000b0 0 0 000000ac 1 1 1 0
R 280 140 000000ac 0000006f 0
C 281 000000ac 1 0 0 0 0 0 1 0 1 0 0 000000ac 0 0 000000b0 1 1 1 1
C 282 000000ac 1 1 0 0 0 0 0 1 1 0 0 000000b0 0 0 000000ac 1 1 1 0
R 282 141 000000ac 0000006f 0
C 283 000000ac 1 0 0 0 0 0 1 0 1 0 0 000000ac 0 0 000000b0 1 1 1 1
C 284 000000ac 1 1 0 0 0 0 0 1 1 0 0 000000b0 0 0 000000ac 1 1 1 0
R 284 142 000000ac 0000006f 0
C 285 000000ac 1 0 0 0 0 0 1 0 1 0 0 000000ac 0 0 000000b0 1 1 1 1
C 286 000000ac 1 1 0 0 0 0 0 1 1 0 0 000000b0 0 0 000000ac 1 1 1 0
R 286 143 000000ac 0000006f 0
C 287 000000ac 1 0 0 0 0 0 1 0 1 0 0 000000ac 0 0 000000b0 1 1 1 1
C 288 000000ac 1 1 0 0 0 0 0 1 1 0 0 000000b0 0 0 000000ac 1 1 1 0
R 288 144 000000ac 0000006f 0
C 289 000000ac 1 0 0 0 0 0 1 0 1 0 0 000000ac 0 0 000000b0 1 1 1 1
C 290 000000ac 1 1 0 0 0 0 0 1 1 0 0 000000b0 0 0 000000ac 1 1 1 0
R 290 145 000000ac 0000006f 0
C 291 000000ac 1 0 0 0 0 0 1 0 1 0 0 000000ac 0 0 000000b0 1 1 1 1
C 292 000000ac 1 1 0 0 0 0 0 1 1 0 0 000000b0 0 0 000000ac 1 1 1 0
R 292 146 000000ac 0000006f 0
C 293 000000ac 1 0 0 0 0 0 1 0 1 0 0 000000ac 0 0 000000b0 1 1 1 1
C 294 000000ac 1 1 0 0 0 0 0 1 1 0 0 000000b0 0 0 000000ac 1 1 1 0
R 294 147 000000ac 0000006f 0
C 295 000000ac 1 0 0 0 0 0 1 0 1 0 0 000000ac 0 0 000000b0 1 1 1 1
C 296 000000ac 1 1 0 0 0 0 0 1 1 0 0 000000b0 0 0 000000ac 1 1 1 0
R 296 148 000000ac 0000006f 0
C 297 000000ac 1 0 0 0 0 0 1 0 1 0 0 000000ac 0 0 000000b0 1 1 1 1
C 298 000000ac 1 1 0 0 0 0 0 1 1 0 0 000000b0 0 0 000000ac 1 1 1 0
R 298 149 000000ac 0000006f 0
C 299 000000ac 1 0 0 0 0 0 1 0 1 0 0 000000ac 0 0 000000b0 1 1 1 1
C 300 000000ac 1 1 0 0 0 0 0 1 1 0 0 000000b0 0 0 000000ac 1 1 1 0
R 300 150 000000ac 0000006f 0
C 301 000000ac 1 0 0 0 0 0 1 0 1 0 0 000000ac 0 0 000000b0 1 1 1 1
C 302 000000ac 1 1 0 0 0 0 0 1 1 0 0 000000b0 0 0 000000ac 1 1 1 0
R 302 151 000000ac 0000006f 0
C 303 000000ac 1 0 0 0 0 0 1 0 1 0 0 000000ac 0 0 000000b0 1 1 1 1
C 304 000000ac 1 1 0 0 0 0 0 1 1 0 0 000000b0 0 0 000000ac 1 1 1 0
R 304 152 000000ac 0000006f 0
C 305 000000ac 1 0 0 0 0 0 1 0 1 0 0 000000ac 0 0 000000b0 1 1 1 1
C 306 000000ac 1 1 0 0 0 0 0 1 1 0 0 000000b0 0 0 000000ac 1 1 1 0
R 306 153 000000ac 0000006f 0
C 307 000000ac 1 0 0 0 0 0 1 0 1 0 0 000000ac 0 0 000000b0 1 1 1 1
C 308 000000ac 1 1 0 0 0 0 0 1 1 0 0 000000b0 0 0 000000ac 1 1 1 0
R 308 154 000000ac 0000006f 0
C 309 000000ac 1 0 0 0 0 0 1 0 1 0 0 000000ac 0 0 000000b0 1 1 1 1
C 310 000000ac 1 1 0 0 0 0 0 1 1 0 0 000000b0 0 0 000000ac 1 1 1 0
R 310 155 000000ac 0000006f 0
C 311 000000ac 1 0 0 0 0 0 1 0 1 0 0 000000ac 0 0 000000b0 1 1 1 1
C 312 000000ac 1 1 0 0 0 0 0 1 1 0 0 000000b0 0 0 000000ac 1 1 1 0
R 312 156 000000ac 0000006f 0
C 313 000000ac 1 0 0 0 0 0 1 0 1 0 0 000000ac 0 0 000000b0 1 1 1 1
C 314 000000ac 1 1 0 0 0 0 0 1 1 0 0 000000b0 0 0 000000ac 1 1 1 0
R 314 157 000000ac 0000006f 0
C 315 000000ac 1 0 0 0 0 0 1 0 1 0 0 000000ac 0 0 000000b0 1 1 1 1
C 316 000000ac 1 1 0 0 0 0 0 1 1 0 0 000000b0 0 0 000000ac 1 1 1 0
R 316 158 000000ac 0000006f 0
C 317 000000ac 1 0 0 0 0 0 1 0 1 0 0 000000ac 0 0 000000b0 1 1 1 1
C 318 000000ac 1 1 0 0 0 0 0 1 1 0 0 000000b0 0 0 000000ac 1 1 1 0
R 318 159 000000ac 0000006f 0
C 319 000000ac 1 0 0 0 0 0 1 0 1 0 0 000000ac 0 0 000000b0 1 1 1 1
C 320 000000ac 1 1 0 0 0 0 0 1 1 0 0 000000b0 0 0 000000ac 1 1 1 0
R 320 160 000000ac 0000006f 0
C 321 000000ac 1 0 0 0 0 0 1 0 1 0 0 000000ac 0 0 000000b0 1 1 1 1
C 322 000000ac 1 1 0 0 0 0 0 1 1 0 0 000000b0 0 0 000000ac 1 1 1 0
R 322 161 000000ac 0000006f 0
C 323 000000ac 1 0 0 0 0 0 1 0 1 0 0 000000ac 0 0 000000b0 1 1 1 1
C 324 000000ac 1 1 0 0 0 0 0 1 1 0 0 000000b0 0 0 000000ac 1 1 1 0
R 324 162 000000ac 0000006f 0
C 325 000000ac 1 0 0 0 0 0 1 0 1 0 0 000000ac 0 0 000000b0 1 1 1 1
C 326 000000ac 1 1 0 0 0 0 0 1 1 0 0 000000b0 0 0 000000ac 1 1 1 0
R 326 163 000000ac 0000006f 0
C 327 000000ac 1 0 0 0 0 0 1 0 1 0 0 000000ac 0 0 000000b0 1 1 1 1
C 328 000000ac 1 1 0 0 0 0 0 1 1 0 0 000000b0 0 0 000000ac 1 1 1 0
R 328 164 000000ac 0000006f 0
C 329 000000ac 1 0 0 0 0 0 1 0 1 0 0 000000ac 0 0 000000b0 1 1 1 1
C 330 000000ac 1 1 0 0 0 0 0 1 1 0 0 000000b0 0 0 000000ac 1 1 1 0
R 330 165 000000ac 0000006f 0
C 331 000000ac 1 0 0 0 0 0 1 0 1 0 0 000000ac 0 0 000000b0 1 1 1 1
C 332 000000ac 1 1 0 0 0 0 0 1 1 0 0 000000b0 0 0 000000ac 1 1 1 0
R 332 166 000000ac 0000006f 0
C 333 000000ac 1 0 0 0 0 0 1 0 1 0 0 000000ac 0 0 000000b0 1 1 1 1
C 334 000000ac 1 1 0 0 0 0 0 1 1 0 0 000000b0 0 0 000000ac 1 1 1 0
R 334 167 000000ac 0000006f 0
C 335 000000ac 1 0 0 0 0 0 1 0 1 0 0 000000ac 0 0 000000b0 1 1 1 1
C 336 000000ac 1 1 0 0 0 0 0 1 1 0 0 000000b0 0 0 000000ac 1 1 1 0
R 336 168 000000ac 0000006f 0
C 337 000000ac 1 0 0 0 0 0 1 0 1 0 0 000000ac 0 0 000000b0 1 1 1 1
C 338 000000ac 1 1 0 0 0 0 0 1 1 0 0 000000b0 0 0 000000ac 1 1 1 0
R 338 169 000000ac 0000006f 0
C 339 000000ac 1 0 0 0 0 0 1 0 1 0 0 000000ac 0 0 000000b0 1 1 1 1
C 340 000000ac 1 1 0 0 0 0 0 1 1 0 0 000000b0 0 0 000000ac 1 1 1 0
R 340 170 000000ac 0000006f 0
C 341 000000ac 1 0 0 0 0 0 1 0 1 0 0 000000ac 0 0 000000b0 1 1 1 1
C 342 000000ac 1 1 0 0 0 0 0 1 1 0 0 000000b0 0 0 000000ac 1 1 1 0
R 342 171 000000ac 0000006f 0
C 343 000000ac 1 0 0 0 0 0 1 0 1 0 0 000000ac 0 0 000000b0 1 1 1 1
C 344 000000ac 1 1 0 0 0 0 0 1 1 0 0 000000b0 0 0 000000ac 1 1 1 0
R 344 172 000000ac 0000006f 0
C 345 000000ac 1 0 0 0 0 0 1 0 1 0 0 000000ac 0 0 000000b0 1 1 1 1
C 346 000000ac 1 1 0 0 0 0 0 1 1 0 0 000000b0 0 0 000000ac 1 1 1 0
R 346 173 000000ac 0000006f 0
C 347 000000ac 1 0 0 0 0 0 1 0 1 0 0 000000ac 0 0 000000b0 1 1 1 1
C 348 000000ac 1 1 0 0 0 0 0 1 1 0 0 000000b0 0 0 000000ac 1 1 1 0
R 348 174 000000ac 0000006f 0
C 349 000000ac 1 0 0 0 0 0 1 0 1 0 0 000000ac 0 0 000000b0 1 1 1 1
C 350 000000ac 1 1 0 0 0 0 0 1 1 0 0 000000b0 0 0 000000ac 1 1 1 0
R 350 175 000000ac 0000006f 0
C 351 000000ac 1 0 0 0 0 0 1 0 1 0 0 000000ac 0 0 000000b0 1 1 1 1
C 352 000000ac 1 1 0 0 0 0 0 1 1 0 0 000000b0 0 0 000000ac 1 1 1 0
R 352 176 000000ac 0000006f 0
C 353 000000ac 1 0 0 0 0 0 1 0 1 0 0 000000ac 0 0 000000b0 1 1 1 1
C 354 000000ac 1 1 0 0 0 0 0 1 1 0 0 000000b0 0 0 000000ac 1 1 1 0
R 354 177 000000ac 0000006f 0
C 355 000000ac 1 0 0 0 0 0 1 0 1 0 0 000000ac 0 0 000000b0 1 1 1 1
C 356 000000ac 1 1 0 0 0 0 0 1 1 0 0 000000b0 0 0 000000ac 1 1 1 0
R 356 178 000000ac 0000006f 0
C 357 000000ac 1 0 0 0 0 0 1 0 1 0 0 000000ac 0 0 000000b0 1 1 1 1
C 358 000000ac 1 1 0 0 0 0 0 1 1 0 0 000000b0 0 0 000000ac 1 1 1 0
R 358 179 000000ac 0000006f 0
C 359 000000ac 1 0 0 0 0 0 1 0 1 0 0 000000ac 0 0 000000b0 1 1 1 1
C 360 000000ac 1 1 0 0 0 0 0 1 1 0 0 000000b0 0 0 000000ac 1 1 1 0
R 360 180 000000ac 0000006f 0
C 361 000000ac 1 0 0 0 0 0 1 0 1 0 0 000000ac 0 0 000000b0 1 1 1 1
C 362 000000ac 1 1 0 0 0 0 0 1 1 0 0 000000b0 0 0 000000ac 1 1 1 0
R 362 181 000000ac 0000006f 0
C 363 000000ac 1 0 0 0 0 0 1 0 1 0 0 000000ac 0 0 000000b0 1 1 1 1
C 364 000000ac 1 1 0 0 0 0 0 1 1 0 0 000000b0 0 0 000000ac 1 1 1 0
R 364 182 000000ac 0000006f 0
C 365 000000ac 1 0 0 0 0 0 1 0 1 0 0 000000ac 0 0 000000b0 1 1 1 1
C 366 000000ac 1 1 0 0 0 0 0 1 1 0 0 000000b0 0 0 000000ac 1 1 1 0
R 366 183 000000ac 0000006f 0
C 367 000000ac 1 0 0 0 0 0 1 0 1 0 0 000000ac 0 0 000000b0 1 1 1 1
C 368 000000ac 1 1 0 0 0 0 0 1 1 0 0 000000b0 0 0 000000ac 1 1 1 0
R 368 184 000000ac 0000006f 0
C 369 000000ac 1 0 0 0 0 0 1 0 1 0 0 000000ac 0 0 000000b0 1 1 1 1
C 370 000000ac 1 1 0 0 0 0 0 1 1 0 0 000000b0 0 0 000000ac 1 1 1 0
R 370 185 000000ac 0000006f 0
C 371 000000ac 1 0 0 0 0 0 1 0 1 0 0 000000ac 0 0 000000b0 1 1 1 1
C 372 000000ac 1 1 0 0 0 0 0 1 1 0 0 000000b0 0 0 000000ac 1 1 1 0
R 372 186 000000ac 0000006f 0
C 373 000000ac 1 0 0 0 0 0 1 0 1 0 0 000000ac 0 0 000000b0 1 1 1 1
C 374 000000ac 1 1 0 0 0 0 0 1 1 0 0 000000b0 0 0 000000ac 1 1 1 0
R 374 187 000000ac 0000006f 0
C 375 000000ac 1 0 0 0 0 0 1 0 1 0 0 000000ac 0 0 000000b0 1 1 1 1
C 376 000000ac 1 1 0 0 0 0 0 1 1 0 0 000000b0 0 0 000000ac 1 1 1 0
R 376 188 000000ac 0000006f 0
C 377 000000ac 1 0 0 0 0 0 1 0 1 0 0 000000ac 0 0 000000b0 1 1 1 1
C 378 000000ac 1 1 0 0 0 0 0 1 1 0 0 000000b0 0 0 000000ac 1 1 1 0
R 378 189 000000ac 0000006f 0
C 379 000000ac 1 0 0 0 0 0 1 0 1 0 0 000000ac 0 0 000000b0 1 1 1 1
C 380 000000ac 1 1 0 0 0 0 0 1 1 0 0 000000b0 0 0 000000ac 1 1 1 0
R 380 190 000000ac 0000006f 0
C 381 000000ac 1 0 0 0 0 0 1 0 1 0 0 000000ac 0 0 000000b0 1 1 1 1
C 382 000000ac 1 1 0 0 0 0 0 1 1 0 0 000000b0 0 0 000000ac 1 1 1 0
R 382 191 000000ac 0000006f 0
C 383 000000ac 1 0 0 0 0 0 1 0 1 0 0 000000ac 0 0 000000b0 1 1 1 1
C 384 000000ac 1 1 0 0 0 0 0 1 1 0 0 000000b0 0 0 000000ac 1 1 1 0
R 384 192 000000ac 0000006f 0
C 385 000000ac 1 0 0 0 0 0 1 0 1 0 0 000000ac 0 0 000000b0 1 1 1 1
C 386 000000ac 1 1 0 0 0 0 0 1 1 0 0 000000b0 0 0 000000ac 1 1 1 0
R 386 193 000000ac 0000006f 0
C 387 000000ac 1 0 0 0 0 0 1 0 1 0 0 000000ac 0 0 000000b0 1 1 1 1
C 388 000000ac 1 1 0 0 0 0 0 1 1 0 0 000000b0 0 0 000000ac 1 1 1 0
R 388 194 000000ac 0000006f 0
C 389 000000ac 1 0 0 0 0 0 1 0 1 0 0 000000ac 0 0 000000b0 1 1 1 1
C 390 000000ac 1 1 0 0 0 0 0 1 1 0 0 000000b0 0 0 000000ac 1 1 1 0
R 390 195 000000ac 0000006f 0
C 391 000000ac 1 0 0 0 0 0 1 0 1 0 0 000000ac 0 0 000000b0 1 1 1 1
C 392 000000ac 1 1 0 0 0 0 0 1 1 0 0 000000b0 0 0 000000ac 1 1 1 0
R 392 196 000000ac 0000006f 0
C 393 000000ac 1 0 0 0 0 0 1 0 1 0 0 000000ac 0 0 000000b0 1 1 1 1
C 394 000000ac 1 1 0 0 0 0 0 1 1 0 0 000000b0 0 0 000000ac 1 1 1 0
R 394 197 000000ac 0000006f 0
C 395 000000ac 1 0 0 0 0 0 1 0 1 0 0 000000ac 0 0 000000b0 1 1 1 1
C 396 000000ac 1 1 0 0 0 0 0 1 1 0 0 000000b0 0 0 000000ac 1 1 1 0
R 396 198 000000ac 0000006f 0
C 397 000000ac 1 0 0 0 0 0 1 0 1 0 0 000000ac 0 0 000000b0 1 1 1 1
C 398 000000ac 1 1 0 0 0 0 0 1 1 0 0 000000b0 0 0 000000ac 1 1 1 0
R 398 199 000000ac 0000006f 0
C 399 000000ac 1 0 0 0 0 0 1 0 1 0 0 000000ac 0 0 000000b0 1 1 1 1
REG 0 00000000
REG 1 00000001
REG 2 00000002
REG 3 00000098
REG 4 000000a8
REG 5 000000a4
REG 6 00000000
REG 7 00000000
REG 8 00000000
REG 9 00000000
REG 10 00000000
REG 11 00000000
REG 12 00000000
REG 13 00000000
REG 14 00000000
REG 15 00000000
REG 16 00000000
REG 17 00000000
REG 18 00000000
REG 19 00000000
REG 20 00000000
REG 21 00000000
REG 22 00000000
REG 23 00000000
REG 24 00000000
REG 25 00000000
REG 26 00000000
REG 27 00000000
REG 28 00000000
REG 29 00000000
REG 30 00000000
REG 31 0000007b
MEM 00000200 44332211
MEM 00000204 44332211
MEM 00000208 44332211
MEM 0000020c 44332211
MEM 00000210 44332211
FINISH
- /home/dungpc/ndmoney4porche/projects/ibex/doc/dungpc/microarchitecture/scripts/core_tb.sv:116: Verilog $finish
