CONFIG WB=1 BT=0 M=2 latency=1 ilatency=1 grant_period=1
C 0 00000000 0 0 0 0 0 0 0 0 1 0 0 00000000 0 0 00000080 0 0 0 1
C 1 00000000 0 0 0 0 0 0 0 0 1 0 0 00000000 0 0 00000080 1 1 0 1
C 2 00000000 0 0 0 0 0 0 0 0 1 0 0 00000000 0 0 00000080 1 1 1 0
C 3 00000080 1 0 0 0 0 0 0 1 1 0 0 00000200 0 0 00000084 1 1 1 0
C 4 00000084 1 0 0 0 0 0 0 1 1 0 0 00000054 0 0 00000088 1 1 1 0
W 4 1 00000200
C 5 00000088 1 0 1 0 0 0 0 0 1 1 1 00000200 0 0 0000008c 1 1 1 0
D 5 0 00000200 8 00000000
W 5 2 00000055
R 5 1 00000080 20000093 0
C 6 00000088 1 1 0 0 0 0 0 1 1 1 1 00000204 1 0 0000008c 1 1 1 0
D 6 0 00000204 7 00000000
R 6 2 00000084 05500113 0
C 7 0000008c 1 0 0 0 0 0 0 0 1 0 0 00000060 1 1 00000090 1 1 1 0
C 8 0000008c 1 0 0 0 0 0 0 0 1 0 0 00000060 0 0 00000090 1 1 1 1
R 8 3 00000088 0030a183 1
C 9 0000008c 0 0 0 0 0 0 0 0 1 0 0 00000060 0 0 00000000 1 1 1 0
C 10 00000000 1 0 0 0 0 0 0 1 1 0 0 fffffcbc 0 0 00000004 1 1 1 0
C 11 00000004 1 0 0 0 0 0 0 1 1 0 0 fffffcbc 0 0 00000008 1 1 1 0
W 11 25 00000005
C 12 00000008 1 0 0 0 0 0 0 1 1 0 0 fffffcbc 0 0 0000000c 1 1 1 0
W 12 26 00000088
R 12 4 00000000 34202cf3 0
C 13 0000000c 1 0 0 0 0 0 0 1 1 0 0 00000074 0 0 00000010 1 1 1 0
W 13 27 00000204
R 13 5 00000004 34102d73 0
C 14 00000010 1 0 0 0 0 0 1 0 1 0 0 00000010 0 0 00000014 1 1 1 1
W 14 31 00000077
R 14 6 00000008 34302df3 0
C 15 00000010 1 1 0 0 0 0 0 1 1 0 0 00000014 0 0 00000010 1 1 1 0
R 15 7 0000000c 07700f93 0
C 16 00000010 1 0 0 0 0 0 1 0 1 0 0 00000010 0 0 00000014 1 1 1 1
C 17 00000010 1 1 0 0 0 0 0 1 1 0 0 00000014 0 0 00000010 1 1 1 0
R 17 8 00000010 0000006f 0
C 18 00000010 1 0 0 0 0 0 1 0 1 0 0 00000010 0 0 00000014 1 1 1 1
C 19 00000010 1 1 0 0 0 0 0 1 1 0 0 00000014 0 0 00000010 1 1 1 0
R 19 9 00000010 0000006f 0
C 20 00000010 1 0 0 0 0 0 1 0 1 0 0 00000010 0 0 00000014 1 1 1 1
C 21 00000010 1 1 0 0 0 0 0 1 1 0 0 00000014 0 0 00000010 1 1 1 0
R 21 10 00000010 0000006f 0
C 22 00000010 1 0 0 0 0 0 1 0 1 0 0 00000010 0 0 00000014 1 1 1 1
C 23 00000010 1 1 0 0 0 0 0 1 1 0 0 00000014 0 0 00000010 1 1 1 0
R 23 11 00000010 0000006f 0
C 24 00000010 1 0 0 0 0 0 1 0 1 0 0 00000010 0 0 00000014 1 1 1 1
C 25 00000010 1 1 0 0 0 0 0 1 1 0 0 00000014 0 0 00000010 1 1 1 0
R 25 12 00000010 0000006f 0
C 26 00000010 1 0 0 0 0 0 1 0 1 0 0 00000010 0 0 00000014 1 1 1 1
C 27 00000010 1 1 0 0 0 0 0 1 1 0 0 00000014 0 0 00000010 1 1 1 0
R 27 13 00000010 0000006f 0
C 28 00000010 1 0 0 0 0 0 1 0 1 0 0 00000010 0 0 00000014 1 1 1 1
C 29 00000010 1 1 0 0 0 0 0 1 1 0 0 00000014 0 0 00000010 1 1 1 0
R 29 14 00000010 0000006f 0
C 30 00000010 1 0 0 0 0 0 1 0 1 0 0 00000010 0 0 00000014 1 1 1 1
C 31 00000010 1 1 0 0 0 0 0 1 1 0 0 00000014 0 0 00000010 1 1 1 0
R 31 15 00000010 0000006f 0
C 32 00000010 1 0 0 0 0 0 1 0 1 0 0 00000010 0 0 00000014 1 1 1 1
C 33 00000010 1 1 0 0 0 0 0 1 1 0 0 00000014 0 0 00000010 1 1 1 0
R 33 16 00000010 0000006f 0
C 34 00000010 1 0 0 0 0 0 1 0 1 0 0 00000010 0 0 00000014 1 1 1 1
C 35 00000010 1 1 0 0 0 0 0 1 1 0 0 00000014 0 0 00000010 1 1 1 0
R 35 17 00000010 0000006f 0
C 36 00000010 1 0 0 0 0 0 1 0 1 0 0 00000010 0 0 00000014 1 1 1 1
C 37 00000010 1 1 0 0 0 0 0 1 1 0 0 00000014 0 0 00000010 1 1 1 0
R 37 18 00000010 0000006f 0
C 38 00000010 1 0 0 0 0 0 1 0 1 0 0 00000010 0 0 00000014 1 1 1 1
C 39 00000010 1 1 0 0 0 0 0 1 1 0 0 00000014 0 0 00000010 1 1 1 0
R 39 19 00000010 0000006f 0
C 40 00000010 1 0 0 0 0 0 1 0 1 0 0 00000010 0 0 00000014 1 1 1 1
C 41 00000010 1 1 0 0 0 0 0 1 1 0 0 00000014 0 0 00000010 1 1 1 0
R 41 20 00000010 0000006f 0
C 42 00000010 1 0 0 0 0 0 1 0 1 0 0 00000010 0 0 00000014 1 1 1 1
C 43 00000010 1 1 0 0 0 0 0 1 1 0 0 00000014 0 0 00000010 1 1 1 0
R 43 21 00000010 0000006f 0
C 44 00000010 1 0 0 0 0 0 1 0 1 0 0 00000010 0 0 00000014 1 1 1 1
C 45 00000010 1 1 0 0 0 0 0 1 1 0 0 00000014 0 0 00000010 1 1 1 0
R 45 22 00000010 0000006f 0
C 46 00000010 1 0 0 0 0 0 1 0 1 0 0 00000010 0 0 00000014 1 1 1 1
C 47 00000010 1 1 0 0 0 0 0 1 1 0 0 00000014 0 0 00000010 1 1 1 0
R 47 23 00000010 0000006f 0
C 48 00000010 1 0 0 0 0 0 1 0 1 0 0 00000010 0 0 00000014 1 1 1 1
C 49 00000010 1 1 0 0 0 0 0 1 1 0 0 00000014 0 0 00000010 1 1 1 0
R 49 24 00000010 0000006f 0
C 50 00000010 1 0 0 0 0 0 1 0 1 0 0 00000010 0 0 00000014 1 1 1 1
C 51 00000010 1 1 0 0 0 0 0 1 1 0 0 00000014 0 0 00000010 1 1 1 0
R 51 25 00000010 0000006f 0
C 52 00000010 1 0 0 0 0 0 1 0 1 0 0 00000010 0 0 00000014 1 1 1 1
C 53 00000010 1 1 0 0 0 0 0 1 1 0 0 00000014 0 0 00000010 1 1 1 0
R 53 26 00000010 0000006f 0
C 54 00000010 1 0 0 0 0 0 1 0 1 0 0 00000010 0 0 00000014 1 1 1 1
C 55 00000010 1 1 0 0 0 0 0 1 1 0 0 00000014 0 0 00000010 1 1 1 0
R 55 27 00000010 0000006f 0
C 56 00000010 1 0 0 0 0 0 1 0 1 0 0 00000010 0 0 00000014 1 1 1 1
C 57 00000010 1 1 0 0 0 0 0 1 1 0 0 00000014 0 0 00000010 1 1 1 0
R 57 28 00000010 0000006f 0
C 58 00000010 1 0 0 0 0 0 1 0 1 0 0 00000010 0 0 00000014 1 1 1 1
C 59 00000010 1 1 0 0 0 0 0 1 1 0 0 00000014 0 0 00000010 1 1 1 0
R 59 29 00000010 0000006f 0
C 60 00000010 1 0 0 0 0 0 1 0 1 0 0 00000010 0 0 00000014 1 1 1 1
C 61 00000010 1 1 0 0 0 0 0 1 1 0 0 00000014 0 0 00000010 1 1 1 0
R 61 30 00000010 0000006f 0
C 62 00000010 1 0 0 0 0 0 1 0 1 0 0 00000010 0 0 00000014 1 1 1 1
C 63 00000010 1 1 0 0 0 0 0 1 1 0 0 00000014 0 0 00000010 1 1 1 0
R 63 31 00000010 0000006f 0
C 64 00000010 1 0 0 0 0 0 1 0 1 0 0 00000010 0 0 00000014 1 1 1 1
C 65 00000010 1 1 0 0 0 0 0 1 1 0 0 00000014 0 0 00000010 1 1 1 0
R 65 32 00000010 0000006f 0
C 66 00000010 1 0 0 0 0 0 1 0 1 0 0 00000010 0 0 00000014 1 1 1 1
C 67 00000010 1 1 0 0 0 0 0 1 1 0 0 00000014 0 0 00000010 1 1 1 0
R 67 33 00000010 0000006f 0
C 68 00000010 1 0 0 0 0 0 1 0 1 0 0 00000010 0 0 00000014 1 1 1 1
C 69 00000010 1 1 0 0 0 0 0 1 1 0 0 00000014 0 0 00000010 1 1 1 0
R 69 34 00000010 0000006f 0
C 70 00000010 1 0 0 0 0 0 1 0 1 0 0 00000010 0 0 00000014 1 1 1 1
C 71 00000010 1 1 0 0 0 0 0 1 1 0 0 00000014 0 0 00000010 1 1 1 0
R 71 35 00000010 0000006f 0
C 72 00000010 1 0 0 0 0 0 1 0 1 0 0 00000010 0 0 00000014 1 1 1 1
C 73 00000010 1 1 0 0 0 0 0 1 1 0 0 00000014 0 0 00000010 1 1 1 0
R 73 36 00000010 0000006f 0
C 74 00000010 1 0 0 0 0 0 1 0 1 0 0 00000010 0 0 00000014 1 1 1 1
C 75 00000010 1 1 0 0 0 0 0 1 1 0 0 00000014 0 0 00000010 1 1 1 0
R 75 37 00000010 0000006f 0
C 76 00000010 1 0 0 0 0 0 1 0 1 0 0 00000010 0 0 00000014 1 1 1 1
C 77 00000010 1 1 0 0 0 0 0 1 1 0 0 00000014 0 0 00000010 1 1 1 0
R 77 38 00000010 0000006f 0
C 78 00000010 1 0 0 0 0 0 1 0 1 0 0 00000010 0 0 00000014 1 1 1 1
C 79 00000010 1 1 0 0 0 0 0 1 1 0 0 00000014 0 0 00000010 1 1 1 0
R 79 39 00000010 0000006f 0
C 80 00000010 1 0 0 0 0 0 1 0 1 0 0 00000010 0 0 00000014 1 1 1 1
C 81 00000010 1 1 0 0 0 0 0 1 1 0 0 00000014 0 0 00000010 1 1 1 0
R 81 40 00000010 0000006f 0
C 82 00000010 1 0 0 0 0 0 1 0 1 0 0 00000010 0 0 00000014 1 1 1 1
C 83 00000010 1 1 0 0 0 0 0 1 1 0 0 00000014 0 0 00000010 1 1 1 0
R 83 41 00000010 0000006f 0
C 84 00000010 1 0 0 0 0 0 1 0 1 0 0 00000010 0 0 00000014 1 1 1 1
C 85 00000010 1 1 0 0 0 0 0 1 1 0 0 00000014 0 0 00000010 1 1 1 0
R 85 42 00000010 0000006f 0
C 86 00000010 1 0 0 0 0 0 1 0 1 0 0 00000010 0 0 00000014 1 1 1 1
C 87 00000010 1 1 0 0 0 0 0 1 1 0 0 00000014 0 0 00000010 1 1 1 0
R 87 43 00000010 0000006f 0
C 88 00000010 1 0 0 0 0 0 1 0 1 0 0 00000010 0 0 00000014 1 1 1 1
C 89 00000010 1 1 0 0 0 0 0 1 1 0 0 00000014 0 0 00000010 1 1 1 0
R 89 44 00000010 0000006f 0
C 90 00000010 1 0 0 0 0 0 1 0 1 0 0 00000010 0 0 00000014 1 1 1 1
C 91 00000010 1 1 0 0 0 0 0 1 1 0 0 00000014 0 0 00000010 1 1 1 0
R 91 45 00000010 0000006f 0
C 92 00000010 1 0 0 0 0 0 1 0 1 0 0 00000010 0 0 00000014 1 1 1 1
C 93 00000010 1 1 0 0 0 0 0 1 1 0 0 00000014 0 0 00000010 1 1 1 0
R 93 46 00000010 0000006f 0
C 94 00000010 1 0 0 0 0 0 1 0 1 0 0 00000010 0 0 00000014 1 1 1 1
C 95 00000010 1 1 0 0 0 0 0 1 1 0 0 00000014 0 0 00000010 1 1 1 0
R 95 47 00000010 0000006f 0
C 96 00000010 1 0 0 0 0 0 1 0 1 0 0 00000010 0 0 00000014 1 1 1 1
C 97 00000010 1 1 0 0 0 0 0 1 1 0 0 00000014 0 0 00000010 1 1 1 0
R 97 48 00000010 0000006f 0
C 98 00000010 1 0 0 0 0 0 1 0 1 0 0 00000010 0 0 00000014 1 1 1 1
C 99 00000010 1 1 0 0 0 0 0 1 1 0 0 00000014 0 0 00000010 1 1 1 0
R 99 49 00000010 0000006f 0
C 100 00000010 1 0 0 0 0 0 1 0 1 0 0 00000010 0 0 00000014 1 1 1 1
C 101 00000010 1 1 0 0 0 0 0 1 1 0 0 00000014 0 0 00000010 1 1 1 0
R 101 50 00000010 0000006f 0
C 102 00000010 1 0 0 0 0 0 1 0 1 0 0 00000010 0 0 00000014 1 1 1 1
C 103 00000010 1 1 0 0 0 0 0 1 1 0 0 00000014 0 0 00000010 1 1 1 0
R 103 51 00000010 0000006f 0
C 104 00000010 1 0 0 0 0 0 1 0 1 0 0 00000010 0 0 00000014 1 1 1 1
C 105 00000010 1 1 0 0 0 0 0 1 1 0 0 00000014 0 0 00000010 1 1 1 0
R 105 52 00000010 0000006f 0
C 106 00000010 1 0 0 0 0 0 1 0 1 0 0 00000010 0 0 00000014 1 1 1 1
C 107 00000010 1 1 0 0 0 0 0 1 1 0 0 00000014 0 0 00000010 1 1 1 0
R 107 53 00000010 0000006f 0
C 108 00000010 1 0 0 0 0 0 1 0 1 0 0 00000010 0 0 00000014 1 1 1 1
C 109 00000010 1 1 0 0 0 0 0 1 1 0 0 00000014 0 0 00000010 1 1 1 0
R 109 54 00000010 0000006f 0
C 110 00000010 1 0 0 0 0 0 1 0 1 0 0 00000010 0 0 00000014 1 1 1 1
C 111 00000010 1 1 0 0 0 0 0 1 1 0 0 00000014 0 0 00000010 1 1 1 0
R 111 55 00000010 0000006f 0
C 112 00000010 1 0 0 0 0 0 1 0 1 0 0 00000010 0 0 00000014 1 1 1 1
C 113 00000010 1 1 0 0 0 0 0 1 1 0 0 00000014 0 0 00000010 1 1 1 0
R 113 56 00000010 0000006f 0
C 114 00000010 1 0 0 0 0 0 1 0 1 0 0 00000010 0 0 00000014 1 1 1 1
C 115 00000010 1 1 0 0 0 0 0 1 1 0 0 00000014 0 0 00000010 1 1 1 0
R 115 57 00000010 0000006f 0
C 116 00000010 1 0 0 0 0 0 1 0 1 0 0 00000010 0 0 00000014 1 1 1 1
C 117 00000010 1 1 0 0 0 0 0 1 1 0 0 00000014 0 0 00000010 1 1 1 0
R 117 58 00000010 0000006f 0
C 118 00000010 1 0 0 0 0 0 1 0 1 0 0 00000010 0 0 00000014 1 1 1 1
C 119 00000010 1 1 0 0 0 0 0 1 1 0 0 00000014 0 0 00000010 1 1 1 0
R 119 59 00000010 0000006f 0
C 120 00000010 1 0 0 0 0 0 1 0 1 0 0 00000010 0 0 00000014 1 1 1 1
C 121 00000010 1 1 0 0 0 0 0 1 1 0 0 00000014 0 0 00000010 1 1 1 0
R 121 60 00000010 0000006f 0
C 122 00000010 1 0 0 0 0 0 1 0 1 0 0 00000010 0 0 00000014 1 1 1 1
C 123 00000010 1 1 0 0 0 0 0 1 1 0 0 00000014 0 0 00000010 1 1 1 0
R 123 61 00000010 0000006f 0
C 124 00000010 1 0 0 0 0 0 1 0 1 0 0 00000010 0 0 00000014 1 1 1 1
C 125 00000010 1 1 0 0 0 0 0 1 1 0 0 00000014 0 0 00000010 1 1 1 0
R 125 62 00000010 0000006f 0
C 126 00000010 1 0 0 0 0 0 1 0 1 0 0 00000010 0 0 00000014 1 1 1 1
C 127 00000010 1 1 0 0 0 0 0 1 1 0 0 00000014 0 0 00000010 1 1 1 0
R 127 63 00000010 0000006f 0
C 128 00000010 1 0 0 0 0 0 1 0 1 0 0 00000010 0 0 00000014 1 1 1 1
C 129 00000010 1 1 0 0 0 0 0 1 1 0 0 00000014 0 0 00000010 1 1 1 0
R 129 64 00000010 0000006f 0
C 130 00000010 1 0 0 0 0 0 1 0 1 0 0 00000010 0 0 00000014 1 1 1 1
C 131 00000010 1 1 0 0 0 0 0 1 1 0 0 00000014 0 0 00000010 1 1 1 0
R 131 65 00000010 0000006f 0
C 132 00000010 1 0 0 0 0 0 1 0 1 0 0 00000010 0 0 00000014 1 1 1 1
C 133 00000010 1 1 0 0 0 0 0 1 1 0 0 00000014 0 0 00000010 1 1 1 0
R 133 66 00000010 0000006f 0
C 134 00000010 1 0 0 0 0 0 1 0 1 0 0 00000010 0 0 00000014 1 1 1 1
C 135 00000010 1 1 0 0 0 0 0 1 1 0 0 00000014 0 0 00000010 1 1 1 0
R 135 67 00000010 0000006f 0
C 136 00000010 1 0 0 0 0 0 1 0 1 0 0 00000010 0 0 00000014 1 1 1 1
C 137 00000010 1 1 0 0 0 0 0 1 1 0 0 00000014 0 0 00000010 1 1 1 0
R 137 68 00000010 0000006f 0
C 138 00000010 1 0 0 0 0 0 1 0 1 0 0 00000010 0 0 00000014 1 1 1 1
C 139 00000010 1 1 0 0 0 0 0 1 1 0 0 00000014 0 0 00000010 1 1 1 0
R 139 69 00000010 0000006f 0
C 140 00000010 1 0 0 0 0 0 1 0 1 0 0 00000010 0 0 00000014 1 1 1 1
C 141 00000010 1 1 0 0 0 0 0 1 1 0 0 00000014 0 0 00000010 1 1 1 0
R 141 70 00000010 0000006f 0
C 142 00000010 1 0 0 0 0 0 1 0 1 0 0 00000010 0 0 00000014 1 1 1 1
C 143 00000010 1 1 0 0 0 0 0 1 1 0 0 00000014 0 0 00000010 1 1 1 0
R 143 71 00000010 0000006f 0
C 144 00000010 1 0 0 0 0 0 1 0 1 0 0 00000010 0 0 00000014 1 1 1 1
C 145 00000010 1 1 0 0 0 0 0 1 1 0 0 00000014 0 0 00000010 1 1 1 0
R 145 72 00000010 0000006f 0
C 146 00000010 1 0 0 0 0 0 1 0 1 0 0 00000010 0 0 00000014 1 1 1 1
C 147 00000010 1 1 0 0 0 0 0 1 1 0 0 00000014 0 0 00000010 1 1 1 0
R 147 73 00000010 0000006f 0
C 148 00000010 1 0 0 0 0 0 1 0 1 0 0 00000010 0 0 00000014 1 1 1 1
C 149 00000010 1 1 0 0 0 0 0 1 1 0 0 00000014 0 0 00000010 1 1 1 0
R 149 74 00000010 0000006f 0
C 150 00000010 1 0 0 0 0 0 1 0 1 0 0 00000010 0 0 00000014 1 1 1 1
C 151 00000010 1 1 0 0 0 0 0 1 1 0 0 00000014 0 0 00000010 1 1 1 0
R 151 75 00000010 0000006f 0
C 152 00000010 1 0 0 0 0 0 1 0 1 0 0 00000010 0 0 00000014 1 1 1 1
C 153 00000010 1 1 0 0 0 0 0 1 1 0 0 00000014 0 0 00000010 1 1 1 0
R 153 76 00000010 0000006f 0
C 154 00000010 1 0 0 0 0 0 1 0 1 0 0 00000010 0 0 00000014 1 1 1 1
C 155 00000010 1 1 0 0 0 0 0 1 1 0 0 00000014 0 0 00000010 1 1 1 0
R 155 77 00000010 0000006f 0
C 156 00000010 1 0 0 0 0 0 1 0 1 0 0 00000010 0 0 00000014 1 1 1 1
C 157 00000010 1 1 0 0 0 0 0 1 1 0 0 00000014 0 0 00000010 1 1 1 0
R 157 78 00000010 0000006f 0
C 158 00000010 1 0 0 0 0 0 1 0 1 0 0 00000010 0 0 00000014 1 1 1 1
C 159 00000010 1 1 0 0 0 0 0 1 1 0 0 00000014 0 0 00000010 1 1 1 0
R 159 79 00000010 0000006f 0
C 160 00000010 1 0 0 0 0 0 1 0 1 0 0 00000010 0 0 00000014 1 1 1 1
C 161 00000010 1 1 0 0 0 0 0 1 1 0 0 00000014 0 0 00000010 1 1 1 0
R 161 80 00000010 0000006f 0
C 162 00000010 1 0 0 0 0 0 1 0 1 0 0 00000010 0 0 00000014 1 1 1 1
C 163 00000010 1 1 0 0 0 0 0 1 1 0 0 00000014 0 0 00000010 1 1 1 0
R 163 81 00000010 0000006f 0
C 164 00000010 1 0 0 0 0 0 1 0 1 0 0 00000010 0 0 00000014 1 1 1 1
C 165 00000010 1 1 0 0 0 0 0 1 1 0 0 00000014 0 0 00000010 1 1 1 0
R 165 82 00000010 0000006f 0
C 166 00000010 1 0 0 0 0 0 1 0 1 0 0 00000010 0 0 00000014 1 1 1 1
C 167 00000010 1 1 0 0 0 0 0 1 1 0 0 00000014 0 0 00000010 1 1 1 0
R 167 83 00000010 0000006f 0
C 168 00000010 1 0 0 0 0 0 1 0 1 0 0 00000010 0 0 00000014 1 1 1 1
C 169 00000010 1 1 0 0 0 0 0 1 1 0 0 00000014 0 0 00000010 1 1 1 0
R 169 84 00000010 0000006f 0
C 170 00000010 1 0 0 0 0 0 1 0 1 0 0 00000010 0 0 00000014 1 1 1 1
C 171 00000010 1 1 0 0 0 0 0 1 1 0 0 00000014 0 0 00000010 1 1 1 0
R 171 85 00000010 0000006f 0
C 172 00000010 1 0 0 0 0 0 1 0 1 0 0 00000010 0 0 00000014 1 1 1 1
C 173 00000010 1 1 0 0 0 0 0 1 1 0 0 00000014 0 0 00000010 1 1 1 0
R 173 86 00000010 0000006f 0
C 174 00000010 1 0 0 0 0 0 1 0 1 0 0 00000010 0 0 00000014 1 1 1 1
C 175 00000010 1 1 0 0 0 0 0 1 1 0 0 00000014 0 0 00000010 1 1 1 0
R 175 87 00000010 0000006f 0
C 176 00000010 1 0 0 0 0 0 1 0 1 0 0 00000010 0 0 00000014 1 1 1 1
C 177 00000010 1 1 0 0 0 0 0 1 1 0 0 00000014 0 0 00000010 1 1 1 0
R 177 88 00000010 0000006f 0
C 178 00000010 1 0 0 0 0 0 1 0 1 0 0 00000010 0 0 00000014 1 1 1 1
C 179 00000010 1 1 0 0 0 0 0 1 1 0 0 00000014 0 0 00000010 1 1 1 0
R 179 89 00000010 0000006f 0
C 180 00000010 1 0 0 0 0 0 1 0 1 0 0 00000010 0 0 00000014 1 1 1 1
C 181 00000010 1 1 0 0 0 0 0 1 1 0 0 00000014 0 0 00000010 1 1 1 0
R 181 90 00000010 0000006f 0
C 182 00000010 1 0 0 0 0 0 1 0 1 0 0 00000010 0 0 00000014 1 1 1 1
C 183 00000010 1 1 0 0 0 0 0 1 1 0 0 00000014 0 0 00000010 1 1 1 0
R 183 91 00000010 0000006f 0
C 184 00000010 1 0 0 0 0 0 1 0 1 0 0 00000010 0 0 00000014 1 1 1 1
C 185 00000010 1 1 0 0 0 0 0 1 1 0 0 00000014 0 0 00000010 1 1 1 0
R 185 92 00000010 0000006f 0
C 186 00000010 1 0 0 0 0 0 1 0 1 0 0 00000010 0 0 00000014 1 1 1 1
C 187 00000010 1 1 0 0 0 0 0 1 1 0 0 00000014 0 0 00000010 1 1 1 0
R 187 93 00000010 0000006f 0
C 188 00000010 1 0 0 0 0 0 1 0 1 0 0 00000010 0 0 00000014 1 1 1 1
C 189 00000010 1 1 0 0 0 0 0 1 1 0 0 00000014 0 0 00000010 1 1 1 0
R 189 94 00000010 0000006f 0
C 190 00000010 1 0 0 0 0 0 1 0 1 0 0 00000010 0 0 00000014 1 1 1 1
C 191 00000010 1 1 0 0 0 0 0 1 1 0 0 00000014 0 0 00000010 1 1 1 0
R 191 95 00000010 0000006f 0
C 192 00000010 1 0 0 0 0 0 1 0 1 0 0 00000010 0 0 00000014 1 1 1 1
C 193 00000010 1 1 0 0 0 0 0 1 1 0 0 00000014 0 0 00000010 1 1 1 0
R 193 96 00000010 0000006f 0
C 194 00000010 1 0 0 0 0 0 1 0 1 0 0 00000010 0 0 00000014 1 1 1 1
C 195 00000010 1 1 0 0 0 0 0 1 1 0 0 00000014 0 0 00000010 1 1 1 0
R 195 97 00000010 0000006f 0
C 196 00000010 1 0 0 0 0 0 1 0 1 0 0 00000010 0 0 00000014 1 1 1 1
C 197 00000010 1 1 0 0 0 0 0 1 1 0 0 00000014 0 0 00000010 1 1 1 0
R 197 98 00000010 0000006f 0
C 198 00000010 1 0 0 0 0 0 1 0 1 0 0 00000010 0 0 00000014 1 1 1 1
C 199 00000010 1 1 0 0 0 0 0 1 1 0 0 00000014 0 0 00000010 1 1 1 0
R 199 99 00000010 0000006f 0
C 200 00000010 1 0 0 0 0 0 1 0 1 0 0 00000010 0 0 00000014 1 1 1 1
C 201 00000010 1 1 0 0 0 0 0 1 1 0 0 00000014 0 0 00000010 1 1 1 0
R 201 100 00000010 0000006f 0
C 202 00000010 1 0 0 0 0 0 1 0 1 0 0 00000010 0 0 00000014 1 1 1 1
C 203 00000010 1 1 0 0 0 0 0 1 1 0 0 00000014 0 0 00000010 1 1 1 0
R 203 101 00000010 0000006f 0
C 204 00000010 1 0 0 0 0 0 1 0 1 0 0 00000010 0 0 00000014 1 1 1 1
C 205 00000010 1 1 0 0 0 0 0 1 1 0 0 00000014 0 0 00000010 1 1 1 0
R 205 102 00000010 0000006f 0
C 206 00000010 1 0 0 0 0 0 1 0 1 0 0 00000010 0 0 00000014 1 1 1 1
C 207 00000010 1 1 0 0 0 0 0 1 1 0 0 00000014 0 0 00000010 1 1 1 0
R 207 103 00000010 0000006f 0
C 208 00000010 1 0 0 0 0 0 1 0 1 0 0 00000010 0 0 00000014 1 1 1 1
C 209 00000010 1 1 0 0 0 0 0 1 1 0 0 00000014 0 0 00000010 1 1 1 0
R 209 104 00000010 0000006f 0
C 210 00000010 1 0 0 0 0 0 1 0 1 0 0 00000010 0 0 00000014 1 1 1 1
C 211 00000010 1 1 0 0 0 0 0 1 1 0 0 00000014 0 0 00000010 1 1 1 0
R 211 105 00000010 0000006f 0
C 212 00000010 1 0 0 0 0 0 1 0 1 0 0 00000010 0 0 00000014 1 1 1 1
C 213 00000010 1 1 0 0 0 0 0 1 1 0 0 00000014 0 0 00000010 1 1 1 0
R 213 106 00000010 0000006f 0
C 214 00000010 1 0 0 0 0 0 1 0 1 0 0 00000010 0 0 00000014 1 1 1 1
C 215 00000010 1 1 0 0 0 0 0 1 1 0 0 00000014 0 0 00000010 1 1 1 0
R 215 107 00000010 0000006f 0
C 216 00000010 1 0 0 0 0 0 1 0 1 0 0 00000010 0 0 00000014 1 1 1 1
C 217 00000010 1 1 0 0 0 0 0 1 1 0 0 00000014 0 0 00000010 1 1 1 0
R 217 108 00000010 0000006f 0
C 218 00000010 1 0 0 0 0 0 1 0 1 0 0 00000010 0 0 00000014 1 1 1 1
C 219 00000010 1 1 0 0 0 0 0 1 1 0 0 00000014 0 0 00000010 1 1 1 0
R 219 109 00000010 0000006f 0
C 220 00000010 1 0 0 0 0 0 1 0 1 0 0 00000010 0 0 00000014 1 1 1 1
C 221 00000010 1 1 0 0 0 0 0 1 1 0 0 00000014 0 0 00000010 1 1 1 0
R 221 110 00000010 0000006f 0
C 222 00000010 1 0 0 0 0 0 1 0 1 0 0 00000010 0 0 00000014 1 1 1 1
C 223 00000010 1 1 0 0 0 0 0 1 1 0 0 00000014 0 0 00000010 1 1 1 0
R 223 111 00000010 0000006f 0
C 224 00000010 1 0 0 0 0 0 1 0 1 0 0 00000010 0 0 00000014 1 1 1 1
C 225 00000010 1 1 0 0 0 0 0 1 1 0 0 00000014 0 0 00000010 1 1 1 0
R 225 112 00000010 0000006f 0
C 226 00000010 1 0 0 0 0 0 1 0 1 0 0 00000010 0 0 00000014 1 1 1 1
C 227 00000010 1 1 0 0 0 0 0 1 1 0 0 00000014 0 0 00000010 1 1 1 0
R 227 113 00000010 0000006f 0
C 228 00000010 1 0 0 0 0 0 1 0 1 0 0 00000010 0 0 00000014 1 1 1 1
C 229 00000010 1 1 0 0 0 0 0 1 1 0 0 00000014 0 0 00000010 1 1 1 0
R 229 114 00000010 0000006f 0
C 230 00000010 1 0 0 0 0 0 1 0 1 0 0 00000010 0 0 00000014 1 1 1 1
C 231 00000010 1 1 0 0 0 0 0 1 1 0 0 00000014 0 0 00000010 1 1 1 0
R 231 115 00000010 0000006f 0
C 232 00000010 1 0 0 0 0 0 1 0 1 0 0 00000010 0 0 00000014 1 1 1 1
C 233 00000010 1 1 0 0 0 0 0 1 1 0 0 00000014 0 0 00000010 1 1 1 0
R 233 116 00000010 0000006f 0
C 234 00000010 1 0 0 0 0 0 1 0 1 0 0 00000010 0 0 00000014 1 1 1 1
C 235 00000010 1 1 0 0 0 0 0 1 1 0 0 00000014 0 0 00000010 1 1 1 0
R 235 117 00000010 0000006f 0
C 236 00000010 1 0 0 0 0 0 1 0 1 0 0 00000010 0 0 00000014 1 1 1 1
C 237 00000010 1 1 0 0 0 0 0 1 1 0 0 00000014 0 0 00000010 1 1 1 0
R 237 118 00000010 0000006f 0
C 238 00000010 1 0 0 0 0 0 1 0 1 0 0 00000010 0 0 00000014 1 1 1 1
C 239 00000010 1 1 0 0 0 0 0 1 1 0 0 00000014 0 0 00000010 1 1 1 0
R 239 119 00000010 0000006f 0
C 240 00000010 1 0 0 0 0 0 1 0 1 0 0 00000010 0 0 00000014 1 1 1 1
C 241 00000010 1 1 0 0 0 0 0 1 1 0 0 00000014 0 0 00000010 1 1 1 0
R 241 120 00000010 0000006f 0
C 242 00000010 1 0 0 0 0 0 1 0 1 0 0 00000010 0 0 00000014 1 1 1 1
C 243 00000010 1 1 0 0 0 0 0 1 1 0 0 00000014 0 0 00000010 1 1 1 0
R 243 121 00000010 0000006f 0
C 244 00000010 1 0 0 0 0 0 1 0 1 0 0 00000010 0 0 00000014 1 1 1 1
C 245 00000010 1 1 0 0 0 0 0 1 1 0 0 00000014 0 0 00000010 1 1 1 0
R 245 122 00000010 0000006f 0
C 246 00000010 1 0 0 0 0 0 1 0 1 0 0 00000010 0 0 00000014 1 1 1 1
C 247 00000010 1 1 0 0 0 0 0 1 1 0 0 00000014 0 0 00000010 1 1 1 0
R 247 123 00000010 0000006f 0
C 248 00000010 1 0 0 0 0 0 1 0 1 0 0 00000010 0 0 00000014 1 1 1 1
C 249 00000010 1 1 0 0 0 0 0 1 1 0 0 00000014 0 0 00000010 1 1 1 0
R 249 124 00000010 0000006f 0
C 250 00000010 1 0 0 0 0 0 1 0 1 0 0 00000010 0 0 00000014 1 1 1 1
C 251 00000010 1 1 0 0 0 0 0 1 1 0 0 00000014 0 0 00000010 1 1 1 0
R 251 125 00000010 0000006f 0
C 252 00000010 1 0 0 0 0 0 1 0 1 0 0 00000010 0 0 00000014 1 1 1 1
C 253 00000010 1 1 0 0 0 0 0 1 1 0 0 00000014 0 0 00000010 1 1 1 0
R 253 126 00000010 0000006f 0
C 254 00000010 1 0 0 0 0 0 1 0 1 0 0 00000010 0 0 00000014 1 1 1 1
C 255 00000010 1 1 0 0 0 0 0 1 1 0 0 00000014 0 0 00000010 1 1 1 0
R 255 127 00000010 0000006f 0
C 256 00000010 1 0 0 0 0 0 1 0 1 0 0 00000010 0 0 00000014 1 1 1 1
C 257 00000010 1 1 0 0 0 0 0 1 1 0 0 00000014 0 0 00000010 1 1 1 0
R 257 128 00000010 0000006f 0
C 258 00000010 1 0 0 0 0 0 1 0 1 0 0 00000010 0 0 00000014 1 1 1 1
C 259 00000010 1 1 0 0 0 0 0 1 1 0 0 00000014 0 0 00000010 1 1 1 0
R 259 129 00000010 0000006f 0
C 260 00000010 1 0 0 0 0 0 1 0 1 0 0 00000010 0 0 00000014 1 1 1 1
C 261 00000010 1 1 0 0 0 0 0 1 1 0 0 00000014 0 0 00000010 1 1 1 0
R 261 130 00000010 0000006f 0
C 262 00000010 1 0 0 0 0 0 1 0 1 0 0 00000010 0 0 00000014 1 1 1 1
C 263 00000010 1 1 0 0 0 0 0 1 1 0 0 00000014 0 0 00000010 1 1 1 0
R 263 131 00000010 0000006f 0
C 264 00000010 1 0 0 0 0 0 1 0 1 0 0 00000010 0 0 00000014 1 1 1 1
C 265 00000010 1 1 0 0 0 0 0 1 1 0 0 00000014 0 0 00000010 1 1 1 0
R 265 132 00000010 0000006f 0
C 266 00000010 1 0 0 0 0 0 1 0 1 0 0 00000010 0 0 00000014 1 1 1 1
C 267 00000010 1 1 0 0 0 0 0 1 1 0 0 00000014 0 0 00000010 1 1 1 0
R 267 133 00000010 0000006f 0
C 268 00000010 1 0 0 0 0 0 1 0 1 0 0 00000010 0 0 00000014 1 1 1 1
C 269 00000010 1 1 0 0 0 0 0 1 1 0 0 00000014 0 0 00000010 1 1 1 0
R 269 134 00000010 0000006f 0
C 270 00000010 1 0 0 0 0 0 1 0 1 0 0 00000010 0 0 00000014 1 1 1 1
C 271 00000010 1 1 0 0 0 0 0 1 1 0 0 00000014 0 0 00000010 1 1 1 0
R 271 135 00000010 0000006f 0
C 272 00000010 1 0 0 0 0 0 1 0 1 0 0 00000010 0 0 00000014 1 1 1 1
C 273 00000010 1 1 0 0 0 0 0 1 1 0 0 00000014 0 0 00000010 1 1 1 0
R 273 136 00000010 0000006f 0
C 274 00000010 1 0 0 0 0 0 1 0 1 0 0 00000010 0 0 00000014 1 1 1 1
C 275 00000010 1 1 0 0 0 0 0 1 1 0 0 00000014 0 0 00000010 1 1 1 0
R 275 137 00000010 0000006f 0
C 276 00000010 1 0 0 0 0 0 1 0 1 0 0 00000010 0 0 00000014 1 1 1 1
C 277 00000010 1 1 0 0 0 0 0 1 1 0 0 00000014 0 0 00000010 1 1 1 0
R 277 138 00000010 0000006f 0
C 278 00000010 1 0 0 0 0 0 1 0 1 0 0 00000010 0 0 00000014 1 1 1 1
C 279 00000010 1 1 0 0 0 0 0 1 1 0 0 00000014 0 0 00000010 1 1 1 0
R 279 139 00000010 0000006f 0
C 280 00000010 1 0 0 0 0 0 1 0 1 0 0 00000010 0 0 00000014 1 1 1 1
C 281 00000010 1 1 0 0 0 0 0 1 1 0 0 00000014 0 0 00000010 1 1 1 0
R 281 140 00000010 0000006f 0
C 282 00000010 1 0 0 0 0 0 1 0 1 0 0 00000010 0 0 00000014 1 1 1 1
C 283 00000010 1 1 0 0 0 0 0 1 1 0 0 00000014 0 0 00000010 1 1 1 0
R 283 141 00000010 0000006f 0
C 284 00000010 1 0 0 0 0 0 1 0 1 0 0 00000010 0 0 00000014 1 1 1 1
C 285 00000010 1 1 0 0 0 0 0 1 1 0 0 00000014 0 0 00000010 1 1 1 0
R 285 142 00000010 0000006f 0
C 286 00000010 1 0 0 0 0 0 1 0 1 0 0 00000010 0 0 00000014 1 1 1 1
C 287 00000010 1 1 0 0 0 0 0 1 1 0 0 00000014 0 0 00000010 1 1 1 0
R 287 143 00000010 0000006f 0
C 288 00000010 1 0 0 0 0 0 1 0 1 0 0 00000010 0 0 00000014 1 1 1 1
C 289 00000010 1 1 0 0 0 0 0 1 1 0 0 00000014 0 0 00000010 1 1 1 0
R 289 144 00000010 0000006f 0
C 290 00000010 1 0 0 0 0 0 1 0 1 0 0 00000010 0 0 00000014 1 1 1 1
C 291 00000010 1 1 0 0 0 0 0 1 1 0 0 00000014 0 0 00000010 1 1 1 0
R 291 145 00000010 0000006f 0
C 292 00000010 1 0 0 0 0 0 1 0 1 0 0 00000010 0 0 00000014 1 1 1 1
C 293 00000010 1 1 0 0 0 0 0 1 1 0 0 00000014 0 0 00000010 1 1 1 0
R 293 146 00000010 0000006f 0
C 294 00000010 1 0 0 0 0 0 1 0 1 0 0 00000010 0 0 00000014 1 1 1 1
C 295 00000010 1 1 0 0 0 0 0 1 1 0 0 00000014 0 0 00000010 1 1 1 0
R 295 147 00000010 0000006f 0
C 296 00000010 1 0 0 0 0 0 1 0 1 0 0 00000010 0 0 00000014 1 1 1 1
C 297 00000010 1 1 0 0 0 0 0 1 1 0 0 00000014 0 0 00000010 1 1 1 0
R 297 148 00000010 0000006f 0
C 298 00000010 1 0 0 0 0 0 1 0 1 0 0 00000010 0 0 00000014 1 1 1 1
C 299 00000010 1 1 0 0 0 0 0 1 1 0 0 00000014 0 0 00000010 1 1 1 0
R 299 149 00000010 0000006f 0
C 300 00000010 1 0 0 0 0 0 1 0 1 0 0 00000010 0 0 00000014 1 1 1 1
C 301 00000010 1 1 0 0 0 0 0 1 1 0 0 00000014 0 0 00000010 1 1 1 0
R 301 150 00000010 0000006f 0
C 302 00000010 1 0 0 0 0 0 1 0 1 0 0 00000010 0 0 00000014 1 1 1 1
C 303 00000010 1 1 0 0 0 0 0 1 1 0 0 00000014 0 0 00000010 1 1 1 0
R 303 151 00000010 0000006f 0
C 304 00000010 1 0 0 0 0 0 1 0 1 0 0 00000010 0 0 00000014 1 1 1 1
C 305 00000010 1 1 0 0 0 0 0 1 1 0 0 00000014 0 0 00000010 1 1 1 0
R 305 152 00000010 0000006f 0
C 306 00000010 1 0 0 0 0 0 1 0 1 0 0 00000010 0 0 00000014 1 1 1 1
C 307 00000010 1 1 0 0 0 0 0 1 1 0 0 00000014 0 0 00000010 1 1 1 0
R 307 153 00000010 0000006f 0
C 308 00000010 1 0 0 0 0 0 1 0 1 0 0 00000010 0 0 00000014 1 1 1 1
C 309 00000010 1 1 0 0 0 0 0 1 1 0 0 00000014 0 0 00000010 1 1 1 0
R 309 154 00000010 0000006f 0
C 310 00000010 1 0 0 0 0 0 1 0 1 0 0 00000010 0 0 00000014 1 1 1 1
C 311 00000010 1 1 0 0 0 0 0 1 1 0 0 00000014 0 0 00000010 1 1 1 0
R 311 155 00000010 0000006f 0
C 312 00000010 1 0 0 0 0 0 1 0 1 0 0 00000010 0 0 00000014 1 1 1 1
C 313 00000010 1 1 0 0 0 0 0 1 1 0 0 00000014 0 0 00000010 1 1 1 0
R 313 156 00000010 0000006f 0
C 314 00000010 1 0 0 0 0 0 1 0 1 0 0 00000010 0 0 00000014 1 1 1 1
C 315 00000010 1 1 0 0 0 0 0 1 1 0 0 00000014 0 0 00000010 1 1 1 0
R 315 157 00000010 0000006f 0
C 316 00000010 1 0 0 0 0 0 1 0 1 0 0 00000010 0 0 00000014 1 1 1 1
C 317 00000010 1 1 0 0 0 0 0 1 1 0 0 00000014 0 0 00000010 1 1 1 0
R 317 158 00000010 0000006f 0
C 318 00000010 1 0 0 0 0 0 1 0 1 0 0 00000010 0 0 00000014 1 1 1 1
C 319 00000010 1 1 0 0 0 0 0 1 1 0 0 00000014 0 0 00000010 1 1 1 0
R 319 159 00000010 0000006f 0
C 320 00000010 1 0 0 0 0 0 1 0 1 0 0 00000010 0 0 00000014 1 1 1 1
C 321 00000010 1 1 0 0 0 0 0 1 1 0 0 00000014 0 0 00000010 1 1 1 0
R 321 160 00000010 0000006f 0
C 322 00000010 1 0 0 0 0 0 1 0 1 0 0 00000010 0 0 00000014 1 1 1 1
C 323 00000010 1 1 0 0 0 0 0 1 1 0 0 00000014 0 0 00000010 1 1 1 0
R 323 161 00000010 0000006f 0
C 324 00000010 1 0 0 0 0 0 1 0 1 0 0 00000010 0 0 00000014 1 1 1 1
C 325 00000010 1 1 0 0 0 0 0 1 1 0 0 00000014 0 0 00000010 1 1 1 0
R 325 162 00000010 0000006f 0
C 326 00000010 1 0 0 0 0 0 1 0 1 0 0 00000010 0 0 00000014 1 1 1 1
C 327 00000010 1 1 0 0 0 0 0 1 1 0 0 00000014 0 0 00000010 1 1 1 0
R 327 163 00000010 0000006f 0
C 328 00000010 1 0 0 0 0 0 1 0 1 0 0 00000010 0 0 00000014 1 1 1 1
C 329 00000010 1 1 0 0 0 0 0 1 1 0 0 00000014 0 0 00000010 1 1 1 0
R 329 164 00000010 0000006f 0
C 330 00000010 1 0 0 0 0 0 1 0 1 0 0 00000010 0 0 00000014 1 1 1 1
C 331 00000010 1 1 0 0 0 0 0 1 1 0 0 00000014 0 0 00000010 1 1 1 0
R 331 165 00000010 0000006f 0
C 332 00000010 1 0 0 0 0 0 1 0 1 0 0 00000010 0 0 00000014 1 1 1 1
C 333 00000010 1 1 0 0 0 0 0 1 1 0 0 00000014 0 0 00000010 1 1 1 0
R 333 166 00000010 0000006f 0
C 334 00000010 1 0 0 0 0 0 1 0 1 0 0 00000010 0 0 00000014 1 1 1 1
C 335 00000010 1 1 0 0 0 0 0 1 1 0 0 00000014 0 0 00000010 1 1 1 0
R 335 167 00000010 0000006f 0
C 336 00000010 1 0 0 0 0 0 1 0 1 0 0 00000010 0 0 00000014 1 1 1 1
C 337 00000010 1 1 0 0 0 0 0 1 1 0 0 00000014 0 0 00000010 1 1 1 0
R 337 168 00000010 0000006f 0
C 338 00000010 1 0 0 0 0 0 1 0 1 0 0 00000010 0 0 00000014 1 1 1 1
C 339 00000010 1 1 0 0 0 0 0 1 1 0 0 00000014 0 0 00000010 1 1 1 0
R 339 169 00000010 0000006f 0
C 340 00000010 1 0 0 0 0 0 1 0 1 0 0 00000010 0 0 00000014 1 1 1 1
C 341 00000010 1 1 0 0 0 0 0 1 1 0 0 00000014 0 0 00000010 1 1 1 0
R 341 170 00000010 0000006f 0
C 342 00000010 1 0 0 0 0 0 1 0 1 0 0 00000010 0 0 00000014 1 1 1 1
C 343 00000010 1 1 0 0 0 0 0 1 1 0 0 00000014 0 0 00000010 1 1 1 0
R 343 171 00000010 0000006f 0
C 344 00000010 1 0 0 0 0 0 1 0 1 0 0 00000010 0 0 00000014 1 1 1 1
C 345 00000010 1 1 0 0 0 0 0 1 1 0 0 00000014 0 0 00000010 1 1 1 0
R 345 172 00000010 0000006f 0
C 346 00000010 1 0 0 0 0 0 1 0 1 0 0 00000010 0 0 00000014 1 1 1 1
C 347 00000010 1 1 0 0 0 0 0 1 1 0 0 00000014 0 0 00000010 1 1 1 0
R 347 173 00000010 0000006f 0
C 348 00000010 1 0 0 0 0 0 1 0 1 0 0 00000010 0 0 00000014 1 1 1 1
C 349 00000010 1 1 0 0 0 0 0 1 1 0 0 00000014 0 0 00000010 1 1 1 0
R 349 174 00000010 0000006f 0
C 350 00000010 1 0 0 0 0 0 1 0 1 0 0 00000010 0 0 00000014 1 1 1 1
C 351 00000010 1 1 0 0 0 0 0 1 1 0 0 00000014 0 0 00000010 1 1 1 0
R 351 175 00000010 0000006f 0
C 352 00000010 1 0 0 0 0 0 1 0 1 0 0 00000010 0 0 00000014 1 1 1 1
C 353 00000010 1 1 0 0 0 0 0 1 1 0 0 00000014 0 0 00000010 1 1 1 0
R 353 176 00000010 0000006f 0
C 354 00000010 1 0 0 0 0 0 1 0 1 0 0 00000010 0 0 00000014 1 1 1 1
C 355 00000010 1 1 0 0 0 0 0 1 1 0 0 00000014 0 0 00000010 1 1 1 0
R 355 177 00000010 0000006f 0
C 356 00000010 1 0 0 0 0 0 1 0 1 0 0 00000010 0 0 00000014 1 1 1 1
C 357 00000010 1 1 0 0 0 0 0 1 1 0 0 00000014 0 0 00000010 1 1 1 0
R 357 178 00000010 0000006f 0
C 358 00000010 1 0 0 0 0 0 1 0 1 0 0 00000010 0 0 00000014 1 1 1 1
C 359 00000010 1 1 0 0 0 0 0 1 1 0 0 00000014 0 0 00000010 1 1 1 0
R 359 179 00000010 0000006f 0
C 360 00000010 1 0 0 0 0 0 1 0 1 0 0 00000010 0 0 00000014 1 1 1 1
C 361 00000010 1 1 0 0 0 0 0 1 1 0 0 00000014 0 0 00000010 1 1 1 0
R 361 180 00000010 0000006f 0
C 362 00000010 1 0 0 0 0 0 1 0 1 0 0 00000010 0 0 00000014 1 1 1 1
C 363 00000010 1 1 0 0 0 0 0 1 1 0 0 00000014 0 0 00000010 1 1 1 0
R 363 181 00000010 0000006f 0
C 364 00000010 1 0 0 0 0 0 1 0 1 0 0 00000010 0 0 00000014 1 1 1 1
C 365 00000010 1 1 0 0 0 0 0 1 1 0 0 00000014 0 0 00000010 1 1 1 0
R 365 182 00000010 0000006f 0
C 366 00000010 1 0 0 0 0 0 1 0 1 0 0 00000010 0 0 00000014 1 1 1 1
C 367 00000010 1 1 0 0 0 0 0 1 1 0 0 00000014 0 0 00000010 1 1 1 0
R 367 183 00000010 0000006f 0
C 368 00000010 1 0 0 0 0 0 1 0 1 0 0 00000010 0 0 00000014 1 1 1 1
C 369 00000010 1 1 0 0 0 0 0 1 1 0 0 00000014 0 0 00000010 1 1 1 0
R 369 184 00000010 0000006f 0
C 370 00000010 1 0 0 0 0 0 1 0 1 0 0 00000010 0 0 00000014 1 1 1 1
C 371 00000010 1 1 0 0 0 0 0 1 1 0 0 00000014 0 0 00000010 1 1 1 0
R 371 185 00000010 0000006f 0
C 372 00000010 1 0 0 0 0 0 1 0 1 0 0 00000010 0 0 00000014 1 1 1 1
C 373 00000010 1 1 0 0 0 0 0 1 1 0 0 00000014 0 0 00000010 1 1 1 0
R 373 186 00000010 0000006f 0
C 374 00000010 1 0 0 0 0 0 1 0 1 0 0 00000010 0 0 00000014 1 1 1 1
C 375 00000010 1 1 0 0 0 0 0 1 1 0 0 00000014 0 0 00000010 1 1 1 0
R 375 187 00000010 0000006f 0
C 376 00000010 1 0 0 0 0 0 1 0 1 0 0 00000010 0 0 00000014 1 1 1 1
C 377 00000010 1 1 0 0 0 0 0 1 1 0 0 00000014 0 0 00000010 1 1 1 0
R 377 188 00000010 0000006f 0
C 378 00000010 1 0 0 0 0 0 1 0 1 0 0 00000010 0 0 00000014 1 1 1 1
C 379 00000010 1 1 0 0 0 0 0 1 1 0 0 00000014 0 0 00000010 1 1 1 0
R 379 189 00000010 0000006f 0
C 380 00000010 1 0 0 0 0 0 1 0 1 0 0 00000010 0 0 00000014 1 1 1 1
C 381 00000010 1 1 0 0 0 0 0 1 1 0 0 00000014 0 0 00000010 1 1 1 0
R 381 190 00000010 0000006f 0
C 382 00000010 1 0 0 0 0 0 1 0 1 0 0 00000010 0 0 00000014 1 1 1 1
C 383 00000010 1 1 0 0 0 0 0 1 1 0 0 00000014 0 0 00000010 1 1 1 0
R 383 191 00000010 0000006f 0
C 384 00000010 1 0 0 0 0 0 1 0 1 0 0 00000010 0 0 00000014 1 1 1 1
C 385 00000010 1 1 0 0 0 0 0 1 1 0 0 00000014 0 0 00000010 1 1 1 0
R 385 192 00000010 0000006f 0
C 386 00000010 1 0 0 0 0 0 1 0 1 0 0 00000010 0 0 00000014 1 1 1 1
C 387 00000010 1 1 0 0 0 0 0 1 1 0 0 00000014 0 0 00000010 1 1 1 0
R 387 193 00000010 0000006f 0
C 388 00000010 1 0 0 0 0 0 1 0 1 0 0 00000010 0 0 00000014 1 1 1 1
C 389 00000010 1 1 0 0 0 0 0 1 1 0 0 00000014 0 0 00000010 1 1 1 0
R 389 194 00000010 0000006f 0
C 390 00000010 1 0 0 0 0 0 1 0 1 0 0 00000010 0 0 00000014 1 1 1 1
C 391 00000010 1 1 0 0 0 0 0 1 1 0 0 00000014 0 0 00000010 1 1 1 0
R 391 195 00000010 0000006f 0
C 392 00000010 1 0 0 0 0 0 1 0 1 0 0 00000010 0 0 00000014 1 1 1 1
C 393 00000010 1 1 0 0 0 0 0 1 1 0 0 00000014 0 0 00000010 1 1 1 0
R 393 196 00000010 0000006f 0
C 394 00000010 1 0 0 0 0 0 1 0 1 0 0 00000010 0 0 00000014 1 1 1 1
C 395 00000010 1 1 0 0 0 0 0 1 1 0 0 00000014 0 0 00000010 1 1 1 0
R 395 197 00000010 0000006f 0
C 396 00000010 1 0 0 0 0 0 1 0 1 0 0 00000010 0 0 00000014 1 1 1 1
C 397 00000010 1 1 0 0 0 0 0 1 1 0 0 00000014 0 0 00000010 1 1 1 0
R 397 198 00000010 0000006f 0
C 398 00000010 1 0 0 0 0 0 1 0 1 0 0 00000010 0 0 00000014 1 1 1 1
C 399 00000010 1 1 0 0 0 0 0 1 1 0 0 00000014 0 0 00000010 1 1 1 0
R 399 199 00000010 0000006f 0
REG 0 00000000
REG 1 00000200
REG 2 00000055
REG 3 00000000
REG 4 00000000
REG 5 00000000
REG 6 00000000
REG 7 00000000
REG 8 00000000
REG 9 00000000
REG 10 00000000
REG 11 00000000
REG 12 00000000
REG 13 00000000
REG 14 00000000
REG 15 00000000
REG 16 00000000
REG 17 00000000
REG 18 00000000
REG 19 00000000
REG 20 00000000
REG 21 00000000
REG 22 00000000
REG 23 00000000
REG 24 00000000
REG 25 00000005
REG 26 00000088
REG 27 00000204
REG 28 00000000
REG 29 00000000
REG 30 00000000
REG 31 00000077
MEM 00000200 44332211
MEM 00000204 44332211
MEM 00000208 44332211
MEM 0000020c 44332211
MEM 00000210 44332211
FINISH
- /home/dungpc/ndmoney4porche/projects/ibex/doc/dungpc/microarchitecture/scripts/core_tb.sv:116: Verilog $finish
