CONFIG WB=1 BT=0 M=2 latency=1 ilatency=1 grant_period=1
C 0 00000000 0 0 0 0 0 0 0 0 1 0 0 00000000 0 0 00000080 0 0 0 1
C 1 00000000 0 0 0 0 0 0 0 0 1 0 0 00000000 0 0 00000080 1 1 0 1
C 2 00000000 0 0 0 0 0 0 0 0 1 0 0 00000000 0 0 00000080 1 1 1 0
C 3 00000080 1 0 0 0 0 0 0 1 1 0 0 00000080 0 0 00000084 1 1 1 0
C 4 00000084 1 0 0 0 0 0 0 1 1 0 0 fffffd7c 0 0 00000088 1 1 1 0
W 4 1 00000080
C 5 00000084 1 0 0 0 0 0 0 0 1 0 0 fffffd7c 0 0 00000088 1 1 1 0
R 5 1 00000080 08000093 0
C 6 00000084 0 0 0 0 0 0 0 0 1 0 0 fffffd7c 0 0 00000088 0 0 1 0
R 6 2 00000084 30409073 0
C 7 00000088 1 0 0 0 0 0 0 1 1 0 0 00000008 0 0 0000008c 1 1 0 0
C 8 0000008c 1 0 0 0 0 0 0 1 1 0 0 fffffd08 0 0 00000090 1 1 1 0
W 8 1 00000008
C 9 0000008c 1 0 0 0 0 0 0 0 1 0 0 fffffd08 0 0 00000090 0 0 1 0
R 9 3 00000088 00800093 0
C 10 0000008c 0 0 0 0 0 0 0 0 1 0 0 fffffd08 0 0 00000090 0 0 0 0
R 10 4 0000008c 3000a073 0
C 11 00000090 1 0 0 0 0 0 0 1 1 0 0 00000200 0 0 00000094 1 1 0 0
C 12 00000094 1 0 0 0 0 0 0 1 1 1 1 00000200 0 0 00000098 1 1 1 0
D 12 0 00000200 f 00000000
W 12 2 00000200
EVENT 12 2
C 13 00000098 1 0 0 0 0 0 0 1 1 0 0 00000060 1 0 0000009c 1 1 1 0
W 13 3 44332211
R 13 5 00000090 20000113 0
C 14 00000098 0 0 0 0 0 0 0 0 1 0 0 00000060 0 0 0000009c 0 0 1 0
W 14 20 00000063
R 14 6 00000094 00012183 0
C 15 00000098 0 0 0 0 0 0 0 0 1 0 0 00000060 0 0 0000009c 1 1 0 1
R 15 7 00000098 06300a13 0
C 16 00000098 0 0 0 0 0 0 0 0 1 0 0 00000060 0 0 00000040 1 1 1 0
C 17 00000040 1 0 0 0 0 0 0 1 1 0 0 00000074 0 0 00000044 1 1 1 0
C 18 00000044 1 0 0 0 0 0 1 0 1 0 0 00000044 0 0 00000048 1 1 1 1
W 18 31 00000076
C 19 00000044 1 1 0 0 0 0 0 1 1 0 0 00000048 0 0 00000044 1 1 1 0
R 19 8 00000040 07600f93 0
C 20 00000044 1 0 0 0 0 0 1 0 1 0 0 00000044 0 0 00000048 1 1 1 1
C 21 00000044 1 1 0 0 0 0 0 1 1 0 0 00000048 0 0 00000044 1 1 1 0
R 21 9 00000044 0000006f 0
C 22 00000044 1 0 0 0 0 0 1 0 1 0 0 00000044 0 0 00000048 1 1 1 1
C 23 00000044 1 1 0 0 0 0 0 1 1 0 0 00000048 0 0 00000044 1 1 1 0
R 23 10 00000044 0000006f 0
C 24 00000044 1 0 0 0 0 0 1 0 1 0 0 00000044 0 0 00000048 1 1 1 1
C 25 00000044 1 1 0 0 0 0 0 1 1 0 0 00000048 0 0 00000044 1 1 1 0
R 25 11 00000044 0000006f 0
C 26 00000044 1 0 0 0 0 0 1 0 1 0 0 00000044 0 0 00000048 1 1 1 1
C 27 00000044 1 1 0 0 0 0 0 1 1 0 0 00000048 0 0 00000044 1 1 1 0
R 27 12 00000044 0000006f 0
C 28 00000044 1 0 0 0 0 0 1 0 1 0 0 00000044 0 0 00000048 1 1 1 1
C 29 00000044 1 1 0 0 0 0 0 1 1 0 0 00000048 0 0 00000044 1 1 1 0
R 29 13 00000044 0000006f 0
C 30 00000044 1 0 0 0 0 0 1 0 1 0 0 00000044 0 0 00000048 1 1 1 1
C 31 00000044 1 1 0 0 0 0 0 1 1 0 0 00000048 0 0 00000044 1 1 1 0
R 31 14 00000044 0000006f 0
C 32 00000044 1 0 0 0 0 0 1 0 1 0 0 00000044 0 0 00000048 1 1 1 1
C 33 00000044 1 1 0 0 0 0 0 1 1 0 0 00000048 0 0 00000044 1 1 1 0
R 33 15 00000044 0000006f 0
C 34 00000044 1 0 0 0 0 0 1 0 1 0 0 00000044 0 0 00000048 1 1 1 1
C 35 00000044 1 1 0 0 0 0 0 1 1 0 0 00000048 0 0 00000044 1 1 1 0
R 35 16 00000044 0000006f 0
C 36 00000044 1 0 0 0 0 0 1 0 1 0 0 00000044 0 0 00000048 1 1 1 1
C 37 00000044 1 1 0 0 0 0 0 1 1 0 0 00000048 0 0 00000044 1 1 1 0
R 37 17 00000044 0000006f 0
C 38 00000044 1 0 0 0 0 0 1 0 1 0 0 00000044 0 0 00000048 1 1 1 1
C 39 00000044 1 1 0 0 0 0 0 1 1 0 0 00000048 0 0 00000044 1 1 1 0
R 39 18 00000044 0000006f 0
C 40 00000044 1 0 0 0 0 0 1 0 1 0 0 00000044 0 0 00000048 1 1 1 1
C 41 00000044 1 1 0 0 0 0 0 1 1 0 0 00000048 0 0 00000044 1 1 1 0
R 41 19 00000044 0000006f 0
C 42 00000044 1 0 0 0 0 0 1 0 1 0 0 00000044 0 0 00000048 1 1 1 1
C 43 00000044 1 1 0 0 0 0 0 1 1 0 0 00000048 0 0 00000044 1 1 1 0
R 43 20 00000044 0000006f 0
C 44 00000044 1 0 0 0 0 0 1 0 1 0 0 00000044 0 0 00000048 1 1 1 1
C 45 00000044 1 1 0 0 0 0 0 1 1 0 0 00000048 0 0 00000044 1 1 1 0
R 45 21 00000044 0000006f 0
C 46 00000044 1 0 0 0 0 0 1 0 1 0 0 00000044 0 0 00000048 1 1 1 1
C 47 00000044 1 1 0 0 0 0 0 1 1 0 0 00000048 0 0 00000044 1 1 1 0
R 47 22 00000044 0000006f 0
C 48 00000044 1 0 0 0 0 0 1 0 1 0 0 00000044 0 0 00000048 1 1 1 1
C 49 00000044 1 1 0 0 0 0 0 1 1 0 0 00000048 0 0 00000044 1 1 1 0
R 49 23 00000044 0000006f 0
C 50 00000044 1 0 0 0 0 0 1 0 1 0 0 00000044 0 0 00000048 1 1 1 1
C 51 00000044 1 1 0 0 0 0 0 1 1 0 0 00000048 0 0 00000044 1 1 1 0
R 51 24 00000044 0000006f 0
C 52 00000044 1 0 0 0 0 0 1 0 1 0 0 00000044 0 0 00000048 1 1 1 1
C 53 00000044 1 1 0 0 0 0 0 1 1 0 0 00000048 0 0 00000044 1 1 1 0
R 53 25 00000044 0000006f 0
C 54 00000044 1 0 0 0 0 0 1 0 1 0 0 00000044 0 0 00000048 1 1 1 1
C 55 00000044 1 1 0 0 0 0 0 1 1 0 0 00000048 0 0 00000044 1 1 1 0
R 55 26 00000044 0000006f 0
C 56 00000044 1 0 0 0 0 0 1 0 1 0 0 00000044 0 0 00000048 1 1 1 1
C 57 00000044 1 1 0 0 0 0 0 1 1 0 0 00000048 0 0 00000044 1 1 1 0
R 57 27 00000044 0000006f 0
C 58 00000044 1 0 0 0 0 0 1 0 1 0 0 00000044 0 0 00000048 1 1 1 1
C 59 00000044 1 1 0 0 0 0 0 1 1 0 0 00000048 0 0 00000044 1 1 1 0
R 59 28 00000044 0000006f 0
C 60 00000044 1 0 0 0 0 0 1 0 1 0 0 00000044 0 0 00000048 1 1 1 1
C 61 00000044 1 1 0 0 0 0 0 1 1 0 0 00000048 0 0 00000044 1 1 1 0
R 61 29 00000044 0000006f 0
C 62 00000044 1 0 0 0 0 0 1 0 1 0 0 00000044 0 0 00000048 1 1 1 1
C 63 00000044 1 1 0 0 0 0 0 1 1 0 0 00000048 0 0 00000044 1 1 1 0
R 63 30 00000044 0000006f 0
C 64 00000044 1 0 0 0 0 0 1 0 1 0 0 00000044 0 0 00000048 1 1 1 1
C 65 00000044 1 1 0 0 0 0 0 1 1 0 0 00000048 0 0 00000044 1 1 1 0
R 65 31 00000044 0000006f 0
C 66 00000044 1 0 0 0 0 0 1 0 1 0 0 00000044 0 0 00000048 1 1 1 1
C 67 00000044 1 1 0 0 0 0 0 1 1 0 0 00000048 0 0 00000044 1 1 1 0
R 67 32 00000044 0000006f 0
C 68 00000044 1 0 0 0 0 0 1 0 1 0 0 00000044 0 0 00000048 1 1 1 1
C 69 00000044 1 1 0 0 0 0 0 1 1 0 0 00000048 0 0 00000044 1 1 1 0
R 69 33 00000044 0000006f 0
C 70 00000044 1 0 0 0 0 0 1 0 1 0 0 00000044 0 0 00000048 1 1 1 1
C 71 00000044 1 1 0 0 0 0 0 1 1 0 0 00000048 0 0 00000044 1 1 1 0
R 71 34 00000044 0000006f 0
C 72 00000044 1 0 0 0 0 0 1 0 1 0 0 00000044 0 0 00000048 1 1 1 1
C 73 00000044 1 1 0 0 0 0 0 1 1 0 0 00000048 0 0 00000044 1 1 1 0
R 73 35 00000044 0000006f 0
C 74 00000044 1 0 0 0 0 0 1 0 1 0 0 00000044 0 0 00000048 1 1 1 1
C 75 00000044 1 1 0 0 0 0 0 1 1 0 0 00000048 0 0 00000044 1 1 1 0
R 75 36 00000044 0000006f 0
C 76 00000044 1 0 0 0 0 0 1 0 1 0 0 00000044 0 0 00000048 1 1 1 1
C 77 00000044 1 1 0 0 0 0 0 1 1 0 0 00000048 0 0 00000044 1 1 1 0
R 77 37 00000044 0000006f 0
C 78 00000044 1 0 0 0 0 0 1 0 1 0 0 00000044 0 0 00000048 1 1 1 1
C 79 00000044 1 1 0 0 0 0 0 1 1 0 0 00000048 0 0 00000044 1 1 1 0
R 79 38 00000044 0000006f 0
C 80 00000044 1 0 0 0 0 0 1 0 1 0 0 00000044 0 0 00000048 1 1 1 1
C 81 00000044 1 1 0 0 0 0 0 1 1 0 0 00000048 0 0 00000044 1 1 1 0
R 81 39 00000044 0000006f 0
C 82 00000044 1 0 0 0 0 0 1 0 1 0 0 00000044 0 0 00000048 1 1 1 1
C 83 00000044 1 1 0 0 0 0 0 1 1 0 0 00000048 0 0 00000044 1 1 1 0
R 83 40 00000044 0000006f 0
C 84 00000044 1 0 0 0 0 0 1 0 1 0 0 00000044 0 0 00000048 1 1 1 1
C 85 00000044 1 1 0 0 0 0 0 1 1 0 0 00000048 0 0 00000044 1 1 1 0
R 85 41 00000044 0000006f 0
C 86 00000044 1 0 0 0 0 0 1 0 1 0 0 00000044 0 0 00000048 1 1 1 1
C 87 00000044 1 1 0 0 0 0 0 1 1 0 0 00000048 0 0 00000044 1 1 1 0
R 87 42 00000044 0000006f 0
C 88 00000044 1 0 0 0 0 0 1 0 1 0 0 00000044 0 0 00000048 1 1 1 1
C 89 00000044 1 1 0 0 0 0 0 1 1 0 0 00000048 0 0 00000044 1 1 1 0
R 89 43 00000044 0000006f 0
C 90 00000044 1 0 0 0 0 0 1 0 1 0 0 00000044 0 0 00000048 1 1 1 1
C 91 00000044 1 1 0 0 0 0 0 1 1 0 0 00000048 0 0 00000044 1 1 1 0
R 91 44 00000044 0000006f 0
C 92 00000044 1 0 0 0 0 0 1 0 1 0 0 00000044 0 0 00000048 1 1 1 1
C 93 00000044 1 1 0 0 0 0 0 1 1 0 0 00000048 0 0 00000044 1 1 1 0
R 93 45 00000044 0000006f 0
C 94 00000044 1 0 0 0 0 0 1 0 1 0 0 00000044 0 0 00000048 1 1 1 1
C 95 00000044 1 1 0 0 0 0 0 1 1 0 0 00000048 0 0 00000044 1 1 1 0
R 95 46 00000044 0000006f 0
C 96 00000044 1 0 0 0 0 0 1 0 1 0 0 00000044 0 0 00000048 1 1 1 1
C 97 00000044 1 1 0 0 0 0 0 1 1 0 0 00000048 0 0 00000044 1 1 1 0
R 97 47 00000044 0000006f 0
C 98 00000044 1 0 0 0 0 0 1 0 1 0 0 00000044 0 0 00000048 1 1 1 1
C 99 00000044 1 1 0 0 0 0 0 1 1 0 0 00000048 0 0 00000044 1 1 1 0
R 99 48 00000044 0000006f 0
C 100 00000044 1 0 0 0 0 0 1 0 1 0 0 00000044 0 0 00000048 1 1 1 1
C 101 00000044 1 1 0 0 0 0 0 1 1 0 0 00000048 0 0 00000044 1 1 1 0
R 101 49 00000044 0000006f 0
C 102 00000044 1 0 0 0 0 0 1 0 1 0 0 00000044 0 0 00000048 1 1 1 1
C 103 00000044 1 1 0 0 0 0 0 1 1 0 0 00000048 0 0 00000044 1 1 1 0
R 103 50 00000044 0000006f 0
C 104 00000044 1 0 0 0 0 0 1 0 1 0 0 00000044 0 0 00000048 1 1 1 1
C 105 00000044 1 1 0 0 0 0 0 1 1 0 0 00000048 0 0 00000044 1 1 1 0
R 105 51 00000044 0000006f 0
C 106 00000044 1 0 0 0 0 0 1 0 1 0 0 00000044 0 0 00000048 1 1 1 1
C 107 00000044 1 1 0 0 0 0 0 1 1 0 0 00000048 0 0 00000044 1 1 1 0
R 107 52 00000044 0000006f 0
C 108 00000044 1 0 0 0 0 0 1 0 1 0 0 00000044 0 0 00000048 1 1 1 1
C 109 00000044 1 1 0 0 0 0 0 1 1 0 0 00000048 0 0 00000044 1 1 1 0
R 109 53 00000044 0000006f 0
C 110 00000044 1 0 0 0 0 0 1 0 1 0 0 00000044 0 0 00000048 1 1 1 1
C 111 00000044 1 1 0 0 0 0 0 1 1 0 0 00000048 0 0 00000044 1 1 1 0
R 111 54 00000044 0000006f 0
C 112 00000044 1 0 0 0 0 0 1 0 1 0 0 00000044 0 0 00000048 1 1 1 1
C 113 00000044 1 1 0 0 0 0 0 1 1 0 0 00000048 0 0 00000044 1 1 1 0
R 113 55 00000044 0000006f 0
C 114 00000044 1 0 0 0 0 0 1 0 1 0 0 00000044 0 0 00000048 1 1 1 1
C 115 00000044 1 1 0 0 0 0 0 1 1 0 0 00000048 0 0 00000044 1 1 1 0
R 115 56 00000044 0000006f 0
C 116 00000044 1 0 0 0 0 0 1 0 1 0 0 00000044 0 0 00000048 1 1 1 1
C 117 00000044 1 1 0 0 0 0 0 1 1 0 0 00000048 0 0 00000044 1 1 1 0
R 117 57 00000044 0000006f 0
C 118 00000044 1 0 0 0 0 0 1 0 1 0 0 00000044 0 0 00000048 1 1 1 1
C 119 00000044 1 1 0 0 0 0 0 1 1 0 0 00000048 0 0 00000044 1 1 1 0
R 119 58 00000044 0000006f 0
C 120 00000044 1 0 0 0 0 0 1 0 1 0 0 00000044 0 0 00000048 1 1 1 1
C 121 00000044 1 1 0 0 0 0 0 1 1 0 0 00000048 0 0 00000044 1 1 1 0
R 121 59 00000044 0000006f 0
C 122 00000044 1 0 0 0 0 0 1 0 1 0 0 00000044 0 0 00000048 1 1 1 1
C 123 00000044 1 1 0 0 0 0 0 1 1 0 0 00000048 0 0 00000044 1 1 1 0
R 123 60 00000044 0000006f 0
C 124 00000044 1 0 0 0 0 0 1 0 1 0 0 00000044 0 0 00000048 1 1 1 1
C 125 00000044 1 1 0 0 0 0 0 1 1 0 0 00000048 0 0 00000044 1 1 1 0
R 125 61 00000044 0000006f 0
C 126 00000044 1 0 0 0 0 0 1 0 1 0 0 00000044 0 0 00000048 1 1 1 1
C 127 00000044 1 1 0 0 0 0 0 1 1 0 0 00000048 0 0 00000044 1 1 1 0
R 127 62 00000044 0000006f 0
C 128 00000044 1 0 0 0 0 0 1 0 1 0 0 00000044 0 0 00000048 1 1 1 1
C 129 00000044 1 1 0 0 0 0 0 1 1 0 0 00000048 0 0 00000044 1 1 1 0
R 129 63 00000044 0000006f 0
C 130 00000044 1 0 0 0 0 0 1 0 1 0 0 00000044 0 0 00000048 1 1 1 1
C 131 00000044 1 1 0 0 0 0 0 1 1 0 0 00000048 0 0 00000044 1 1 1 0
R 131 64 00000044 0000006f 0
C 132 00000044 1 0 0 0 0 0 1 0 1 0 0 00000044 0 0 00000048 1 1 1 1
C 133 00000044 1 1 0 0 0 0 0 1 1 0 0 00000048 0 0 00000044 1 1 1 0
R 133 65 00000044 0000006f 0
C 134 00000044 1 0 0 0 0 0 1 0 1 0 0 00000044 0 0 00000048 1 1 1 1
C 135 00000044 1 1 0 0 0 0 0 1 1 0 0 00000048 0 0 00000044 1 1 1 0
R 135 66 00000044 0000006f 0
C 136 00000044 1 0 0 0 0 0 1 0 1 0 0 00000044 0 0 00000048 1 1 1 1
C 137 00000044 1 1 0 0 0 0 0 1 1 0 0 00000048 0 0 00000044 1 1 1 0
R 137 67 00000044 0000006f 0
C 138 00000044 1 0 0 0 0 0 1 0 1 0 0 00000044 0 0 00000048 1 1 1 1
C 139 00000044 1 1 0 0 0 0 0 1 1 0 0 00000048 0 0 00000044 1 1 1 0
R 139 68 00000044 0000006f 0
C 140 00000044 1 0 0 0 0 0 1 0 1 0 0 00000044 0 0 00000048 1 1 1 1
C 141 00000044 1 1 0 0 0 0 0 1 1 0 0 00000048 0 0 00000044 1 1 1 0
R 141 69 00000044 0000006f 0
C 142 00000044 1 0 0 0 0 0 1 0 1 0 0 00000044 0 0 00000048 1 1 1 1
C 143 00000044 1 1 0 0 0 0 0 1 1 0 0 00000048 0 0 00000044 1 1 1 0
R 143 70 00000044 0000006f 0
C 144 00000044 1 0 0 0 0 0 1 0 1 0 0 00000044 0 0 00000048 1 1 1 1
C 145 00000044 1 1 0 0 0 0 0 1 1 0 0 00000048 0 0 00000044 1 1 1 0
R 145 71 00000044 0000006f 0
C 146 00000044 1 0 0 0 0 0 1 0 1 0 0 00000044 0 0 00000048 1 1 1 1
C 147 00000044 1 1 0 0 0 0 0 1 1 0 0 00000048 0 0 00000044 1 1 1 0
R 147 72 00000044 0000006f 0
C 148 00000044 1 0 0 0 0 0 1 0 1 0 0 00000044 0 0 00000048 1 1 1 1
C 149 00000044 1 1 0 0 0 0 0 1 1 0 0 00000048 0 0 00000044 1 1 1 0
R 149 73 00000044 0000006f 0
C 150 00000044 1 0 0 0 0 0 1 0 1 0 0 00000044 0 0 00000048 1 1 1 1
C 151 00000044 1 1 0 0 0 0 0 1 1 0 0 00000048 0 0 00000044 1 1 1 0
R 151 74 00000044 0000006f 0
C 152 00000044 1 0 0 0 0 0 1 0 1 0 0 00000044 0 0 00000048 1 1 1 1
C 153 00000044 1 1 0 0 0 0 0 1 1 0 0 00000048 0 0 00000044 1 1 1 0
R 153 75 00000044 0000006f 0
C 154 00000044 1 0 0 0 0 0 1 0 1 0 0 00000044 0 0 00000048 1 1 1 1
C 155 00000044 1 1 0 0 0 0 0 1 1 0 0 00000048 0 0 00000044 1 1 1 0
R 155 76 00000044 0000006f 0
C 156 00000044 1 0 0 0 0 0 1 0 1 0 0 00000044 0 0 00000048 1 1 1 1
C 157 00000044 1 1 0 0 0 0 0 1 1 0 0 00000048 0 0 00000044 1 1 1 0
R 157 77 00000044 0000006f 0
C 158 00000044 1 0 0 0 0 0 1 0 1 0 0 00000044 0 0 00000048 1 1 1 1
C 159 00000044 1 1 0 0 0 0 0 1 1 0 0 00000048 0 0 00000044 1 1 1 0
R 159 78 00000044 0000006f 0
C 160 00000044 1 0 0 0 0 0 1 0 1 0 0 00000044 0 0 00000048 1 1 1 1
C 161 00000044 1 1 0 0 0 0 0 1 1 0 0 00000048 0 0 00000044 1 1 1 0
R 161 79 00000044 0000006f 0
C 162 00000044 1 0 0 0 0 0 1 0 1 0 0 00000044 0 0 00000048 1 1 1 1
C 163 00000044 1 1 0 0 0 0 0 1 1 0 0 00000048 0 0 00000044 1 1 1 0
R 163 80 00000044 0000006f 0
C 164 00000044 1 0 0 0 0 0 1 0 1 0 0 00000044 0 0 00000048 1 1 1 1
C 165 00000044 1 1 0 0 0 0 0 1 1 0 0 00000048 0 0 00000044 1 1 1 0
R 165 81 00000044 0000006f 0
C 166 00000044 1 0 0 0 0 0 1 0 1 0 0 00000044 0 0 00000048 1 1 1 1
C 167 00000044 1 1 0 0 0 0 0 1 1 0 0 00000048 0 0 00000044 1 1 1 0
R 167 82 00000044 0000006f 0
C 168 00000044 1 0 0 0 0 0 1 0 1 0 0 00000044 0 0 00000048 1 1 1 1
C 169 00000044 1 1 0 0 0 0 0 1 1 0 0 00000048 0 0 00000044 1 1 1 0
R 169 83 00000044 0000006f 0
C 170 00000044 1 0 0 0 0 0 1 0 1 0 0 00000044 0 0 00000048 1 1 1 1
C 171 00000044 1 1 0 0 0 0 0 1 1 0 0 00000048 0 0 00000044 1 1 1 0
R 171 84 00000044 0000006f 0
C 172 00000044 1 0 0 0 0 0 1 0 1 0 0 00000044 0 0 00000048 1 1 1 1
C 173 00000044 1 1 0 0 0 0 0 1 1 0 0 00000048 0 0 00000044 1 1 1 0
R 173 85 00000044 0000006f 0
C 174 00000044 1 0 0 0 0 0 1 0 1 0 0 00000044 0 0 00000048 1 1 1 1
C 175 00000044 1 1 0 0 0 0 0 1 1 0 0 00000048 0 0 00000044 1 1 1 0
R 175 86 00000044 0000006f 0
C 176 00000044 1 0 0 0 0 0 1 0 1 0 0 00000044 0 0 00000048 1 1 1 1
C 177 00000044 1 1 0 0 0 0 0 1 1 0 0 00000048 0 0 00000044 1 1 1 0
R 177 87 00000044 0000006f 0
C 178 00000044 1 0 0 0 0 0 1 0 1 0 0 00000044 0 0 00000048 1 1 1 1
C 179 00000044 1 1 0 0 0 0 0 1 1 0 0 00000048 0 0 00000044 1 1 1 0
R 179 88 00000044 0000006f 0
C 180 00000044 1 0 0 0 0 0 1 0 1 0 0 00000044 0 0 00000048 1 1 1 1
C 181 00000044 1 1 0 0 0 0 0 1 1 0 0 00000048 0 0 00000044 1 1 1 0
R 181 89 00000044 0000006f 0
C 182 00000044 1 0 0 0 0 0 1 0 1 0 0 00000044 0 0 00000048 1 1 1 1
C 183 00000044 1 1 0 0 0 0 0 1 1 0 0 00000048 0 0 00000044 1 1 1 0
R 183 90 00000044 0000006f 0
C 184 00000044 1 0 0 0 0 0 1 0 1 0 0 00000044 0 0 00000048 1 1 1 1
C 185 00000044 1 1 0 0 0 0 0 1 1 0 0 00000048 0 0 00000044 1 1 1 0
R 185 91 00000044 0000006f 0
C 186 00000044 1 0 0 0 0 0 1 0 1 0 0 00000044 0 0 00000048 1 1 1 1
C 187 00000044 1 1 0 0 0 0 0 1 1 0 0 00000048 0 0 00000044 1 1 1 0
R 187 92 00000044 0000006f 0
C 188 00000044 1 0 0 0 0 0 1 0 1 0 0 00000044 0 0 00000048 1 1 1 1
C 189 00000044 1 1 0 0 0 0 0 1 1 0 0 00000048 0 0 00000044 1 1 1 0
R 189 93 00000044 0000006f 0
C 190 00000044 1 0 0 0 0 0 1 0 1 0 0 00000044 0 0 00000048 1 1 1 1
C 191 00000044 1 1 0 0 0 0 0 1 1 0 0 00000048 0 0 00000044 1 1 1 0
R 191 94 00000044 0000006f 0
C 192 00000044 1 0 0 0 0 0 1 0 1 0 0 00000044 0 0 00000048 1 1 1 1
C 193 00000044 1 1 0 0 0 0 0 1 1 0 0 00000048 0 0 00000044 1 1 1 0
R 193 95 00000044 0000006f 0
C 194 00000044 1 0 0 0 0 0 1 0 1 0 0 00000044 0 0 00000048 1 1 1 1
C 195 00000044 1 1 0 0 0 0 0 1 1 0 0 00000048 0 0 00000044 1 1 1 0
R 195 96 00000044 0000006f 0
C 196 00000044 1 0 0 0 0 0 1 0 1 0 0 00000044 0 0 00000048 1 1 1 1
C 197 00000044 1 1 0 0 0 0 0 1 1 0 0 00000048 0 0 00000044 1 1 1 0
R 197 97 00000044 0000006f 0
C 198 00000044 1 0 0 0 0 0 1 0 1 0 0 00000044 0 0 00000048 1 1 1 1
C 199 00000044 1 1 0 0 0 0 0 1 1 0 0 00000048 0 0 00000044 1 1 1 0
R 199 98 00000044 0000006f 0
C 200 00000044 1 0 0 0 0 0 1 0 1 0 0 00000044 0 0 00000048 1 1 1 1
C 201 00000044 1 1 0 0 0 0 0 1 1 0 0 00000048 0 0 00000044 1 1 1 0
R 201 99 00000044 0000006f 0
C 202 00000044 1 0 0 0 0 0 1 0 1 0 0 00000044 0 0 00000048 1 1 1 1
C 203 00000044 1 1 0 0 0 0 0 1 1 0 0 00000048 0 0 00000044 1 1 1 0
R 203 100 00000044 0000006f 0
C 204 00000044 1 0 0 0 0 0 1 0 1 0 0 00000044 0 0 00000048 1 1 1 1
C 205 00000044 1 1 0 0 0 0 0 1 1 0 0 00000048 0 0 00000044 1 1 1 0
R 205 101 00000044 0000006f 0
C 206 00000044 1 0 0 0 0 0 1 0 1 0 0 00000044 0 0 00000048 1 1 1 1
C 207 00000044 1 1 0 0 0 0 0 1 1 0 0 00000048 0 0 00000044 1 1 1 0
R 207 102 00000044 0000006f 0
C 208 00000044 1 0 0 0 0 0 1 0 1 0 0 00000044 0 0 00000048 1 1 1 1
C 209 00000044 1 1 0 0 0 0 0 1 1 0 0 00000048 0 0 00000044 1 1 1 0
R 209 103 00000044 0000006f 0
C 210 00000044 1 0 0 0 0 0 1 0 1 0 0 00000044 0 0 00000048 1 1 1 1
C 211 00000044 1 1 0 0 0 0 0 1 1 0 0 00000048 0 0 00000044 1 1 1 0
R 211 104 00000044 0000006f 0
C 212 00000044 1 0 0 0 0 0 1 0 1 0 0 00000044 0 0 00000048 1 1 1 1
C 213 00000044 1 1 0 0 0 0 0 1 1 0 0 00000048 0 0 00000044 1 1 1 0
R 213 105 00000044 0000006f 0
C 214 00000044 1 0 0 0 0 0 1 0 1 0 0 00000044 0 0 00000048 1 1 1 1
C 215 00000044 1 1 0 0 0 0 0 1 1 0 0 00000048 0 0 00000044 1 1 1 0
R 215 106 00000044 0000006f 0
C 216 00000044 1 0 0 0 0 0 1 0 1 0 0 00000044 0 0 00000048 1 1 1 1
C 217 00000044 1 1 0 0 0 0 0 1 1 0 0 00000048 0 0 00000044 1 1 1 0
R 217 107 00000044 0000006f 0
C 218 00000044 1 0 0 0 0 0 1 0 1 0 0 00000044 0 0 00000048 1 1 1 1
C 219 00000044 1 1 0 0 0 0 0 1 1 0 0 00000048 0 0 00000044 1 1 1 0
R 219 108 00000044 0000006f 0
C 220 00000044 1 0 0 0 0 0 1 0 1 0 0 00000044 0 0 00000048 1 1 1 1
C 221 00000044 1 1 0 0 0 0 0 1 1 0 0 00000048 0 0 00000044 1 1 1 0
R 221 109 00000044 0000006f 0
C 222 00000044 1 0 0 0 0 0 1 0 1 0 0 00000044 0 0 00000048 1 1 1 1
C 223 00000044 1 1 0 0 0 0 0 1 1 0 0 00000048 0 0 00000044 1 1 1 0
R 223 110 00000044 0000006f 0
C 224 00000044 1 0 0 0 0 0 1 0 1 0 0 00000044 0 0 00000048 1 1 1 1
C 225 00000044 1 1 0 0 0 0 0 1 1 0 0 00000048 0 0 00000044 1 1 1 0
R 225 111 00000044 0000006f 0
C 226 00000044 1 0 0 0 0 0 1 0 1 0 0 00000044 0 0 00000048 1 1 1 1
C 227 00000044 1 1 0 0 0 0 0 1 1 0 0 00000048 0 0 00000044 1 1 1 0
R 227 112 00000044 0000006f 0
C 228 00000044 1 0 0 0 0 0 1 0 1 0 0 00000044 0 0 00000048 1 1 1 1
C 229 00000044 1 1 0 0 0 0 0 1 1 0 0 00000048 0 0 00000044 1 1 1 0
R 229 113 00000044 0000006f 0
C 230 00000044 1 0 0 0 0 0 1 0 1 0 0 00000044 0 0 00000048 1 1 1 1
C 231 00000044 1 1 0 0 0 0 0 1 1 0 0 00000048 0 0 00000044 1 1 1 0
R 231 114 00000044 0000006f 0
C 232 00000044 1 0 0 0 0 0 1 0 1 0 0 00000044 0 0 00000048 1 1 1 1
C 233 00000044 1 1 0 0 0 0 0 1 1 0 0 00000048 0 0 00000044 1 1 1 0
R 233 115 00000044 0000006f 0
C 234 00000044 1 0 0 0 0 0 1 0 1 0 0 00000044 0 0 00000048 1 1 1 1
C 235 00000044 1 1 0 0 0 0 0 1 1 0 0 00000048 0 0 00000044 1 1 1 0
R 235 116 00000044 0000006f 0
C 236 00000044 1 0 0 0 0 0 1 0 1 0 0 00000044 0 0 00000048 1 1 1 1
C 237 00000044 1 1 0 0 0 0 0 1 1 0 0 00000048 0 0 00000044 1 1 1 0
R 237 117 00000044 0000006f 0
C 238 00000044 1 0 0 0 0 0 1 0 1 0 0 00000044 0 0 00000048 1 1 1 1
C 239 00000044 1 1 0 0 0 0 0 1 1 0 0 00000048 0 0 00000044 1 1 1 0
R 239 118 00000044 0000006f 0
C 240 00000044 1 0 0 0 0 0 1 0 1 0 0 00000044 0 0 00000048 1 1 1 1
C 241 00000044 1 1 0 0 0 0 0 1 1 0 0 00000048 0 0 00000044 1 1 1 0
R 241 119 00000044 0000006f 0
C 242 00000044 1 0 0 0 0 0 1 0 1 0 0 00000044 0 0 00000048 1 1 1 1
C 243 00000044 1 1 0 0 0 0 0 1 1 0 0 00000048 0 0 00000044 1 1 1 0
R 243 120 00000044 0000006f 0
C 244 00000044 1 0 0 0 0 0 1 0 1 0 0 00000044 0 0 00000048 1 1 1 1
C 245 00000044 1 1 0 0 0 0 0 1 1 0 0 00000048 0 0 00000044 1 1 1 0
R 245 121 00000044 0000006f 0
C 246 00000044 1 0 0 0 0 0 1 0 1 0 0 00000044 0 0 00000048 1 1 1 1
C 247 00000044 1 1 0 0 0 0 0 1 1 0 0 00000048 0 0 00000044 1 1 1 0
R 247 122 00000044 0000006f 0
C 248 00000044 1 0 0 0 0 0 1 0 1 0 0 00000044 0 0 00000048 1 1 1 1
C 249 00000044 1 1 0 0 0 0 0 1 1 0 0 00000048 0 0 00000044 1 1 1 0
R 249 123 00000044 0000006f 0
C 250 00000044 1 0 0 0 0 0 1 0 1 0 0 00000044 0 0 00000048 1 1 1 1
C 251 00000044 1 1 0 0 0 0 0 1 1 0 0 00000048 0 0 00000044 1 1 1 0
R 251 124 00000044 0000006f 0
C 252 00000044 1 0 0 0 0 0 1 0 1 0 0 00000044 0 0 00000048 1 1 1 1
C 253 00000044 1 1 0 0 0 0 0 1 1 0 0 00000048 0 0 00000044 1 1 1 0
R 253 125 00000044 0000006f 0
C 254 00000044 1 0 0 0 0 0 1 0 1 0 0 00000044 0 0 00000048 1 1 1 1
C 255 00000044 1 1 0 0 0 0 0 1 1 0 0 00000048 0 0 00000044 1 1 1 0
R 255 126 00000044 0000006f 0
C 256 00000044 1 0 0 0 0 0 1 0 1 0 0 00000044 0 0 00000048 1 1 1 1
C 257 00000044 1 1 0 0 0 0 0 1 1 0 0 00000048 0 0 00000044 1 1 1 0
R 257 127 00000044 0000006f 0
C 258 00000044 1 0 0 0 0 0 1 0 1 0 0 00000044 0 0 00000048 1 1 1 1
C 259 00000044 1 1 0 0 0 0 0 1 1 0 0 00000048 0 0 00000044 1 1 1 0
R 259 128 00000044 0000006f 0
C 260 00000044 1 0 0 0 0 0 1 0 1 0 0 00000044 0 0 00000048 1 1 1 1
C 261 00000044 1 1 0 0 0 0 0 1 1 0 0 00000048 0 0 00000044 1 1 1 0
R 261 129 00000044 0000006f 0
C 262 00000044 1 0 0 0 0 0 1 0 1 0 0 00000044 0 0 00000048 1 1 1 1
C 263 00000044 1 1 0 0 0 0 0 1 1 0 0 00000048 0 0 00000044 1 1 1 0
R 263 130 00000044 0000006f 0
C 264 00000044 1 0 0 0 0 0 1 0 1 0 0 00000044 0 0 00000048 1 1 1 1
C 265 00000044 1 1 0 0 0 0 0 1 1 0 0 00000048 0 0 00000044 1 1 1 0
R 265 131 00000044 0000006f 0
C 266 00000044 1 0 0 0 0 0 1 0 1 0 0 00000044 0 0 00000048 1 1 1 1
C 267 00000044 1 1 0 0 0 0 0 1 1 0 0 00000048 0 0 00000044 1 1 1 0
R 267 132 00000044 0000006f 0
C 268 00000044 1 0 0 0 0 0 1 0 1 0 0 00000044 0 0 00000048 1 1 1 1
C 269 00000044 1 1 0 0 0 0 0 1 1 0 0 00000048 0 0 00000044 1 1 1 0
R 269 133 00000044 0000006f 0
C 270 00000044 1 0 0 0 0 0 1 0 1 0 0 00000044 0 0 00000048 1 1 1 1
C 271 00000044 1 1 0 0 0 0 0 1 1 0 0 00000048 0 0 00000044 1 1 1 0
R 271 134 00000044 0000006f 0
C 272 00000044 1 0 0 0 0 0 1 0 1 0 0 00000044 0 0 00000048 1 1 1 1
C 273 00000044 1 1 0 0 0 0 0 1 1 0 0 00000048 0 0 00000044 1 1 1 0
R 273 135 00000044 0000006f 0
C 274 00000044 1 0 0 0 0 0 1 0 1 0 0 00000044 0 0 00000048 1 1 1 1
C 275 00000044 1 1 0 0 0 0 0 1 1 0 0 00000048 0 0 00000044 1 1 1 0
R 275 136 00000044 0000006f 0
C 276 00000044 1 0 0 0 0 0 1 0 1 0 0 00000044 0 0 00000048 1 1 1 1
C 277 00000044 1 1 0 0 0 0 0 1 1 0 0 00000048 0 0 00000044 1 1 1 0
R 277 137 00000044 0000006f 0
C 278 00000044 1 0 0 0 0 0 1 0 1 0 0 00000044 0 0 00000048 1 1 1 1
C 279 00000044 1 1 0 0 0 0 0 1 1 0 0 00000048 0 0 00000044 1 1 1 0
R 279 138 00000044 0000006f 0
C 280 00000044 1 0 0 0 0 0 1 0 1 0 0 00000044 0 0 00000048 1 1 1 1
C 281 00000044 1 1 0 0 0 0 0 1 1 0 0 00000048 0 0 00000044 1 1 1 0
R 281 139 00000044 0000006f 0
C 282 00000044 1 0 0 0 0 0 1 0 1 0 0 00000044 0 0 00000048 1 1 1 1
C 283 00000044 1 1 0 0 0 0 0 1 1 0 0 00000048 0 0 00000044 1 1 1 0
R 283 140 00000044 0000006f 0
C 284 00000044 1 0 0 0 0 0 1 0 1 0 0 00000044 0 0 00000048 1 1 1 1
C 285 00000044 1 1 0 0 0 0 0 1 1 0 0 00000048 0 0 00000044 1 1 1 0
R 285 141 00000044 0000006f 0
C 286 00000044 1 0 0 0 0 0 1 0 1 0 0 00000044 0 0 00000048 1 1 1 1
C 287 00000044 1 1 0 0 0 0 0 1 1 0 0 00000048 0 0 00000044 1 1 1 0
R 287 142 00000044 0000006f 0
C 288 00000044 1 0 0 0 0 0 1 0 1 0 0 00000044 0 0 00000048 1 1 1 1
C 289 00000044 1 1 0 0 0 0 0 1 1 0 0 00000048 0 0 00000044 1 1 1 0
R 289 143 00000044 0000006f 0
C 290 00000044 1 0 0 0 0 0 1 0 1 0 0 00000044 0 0 00000048 1 1 1 1
C 291 00000044 1 1 0 0 0 0 0 1 1 0 0 00000048 0 0 00000044 1 1 1 0
R 291 144 00000044 0000006f 0
C 292 00000044 1 0 0 0 0 0 1 0 1 0 0 00000044 0 0 00000048 1 1 1 1
C 293 00000044 1 1 0 0 0 0 0 1 1 0 0 00000048 0 0 00000044 1 1 1 0
R 293 145 00000044 0000006f 0
C 294 00000044 1 0 0 0 0 0 1 0 1 0 0 00000044 0 0 00000048 1 1 1 1
C 295 00000044 1 1 0 0 0 0 0 1 1 0 0 00000048 0 0 00000044 1 1 1 0
R 295 146 00000044 0000006f 0
C 296 00000044 1 0 0 0 0 0 1 0 1 0 0 00000044 0 0 00000048 1 1 1 1
C 297 00000044 1 1 0 0 0 0 0 1 1 0 0 00000048 0 0 00000044 1 1 1 0
R 297 147 00000044 0000006f 0
C 298 00000044 1 0 0 0 0 0 1 0 1 0 0 00000044 0 0 00000048 1 1 1 1
C 299 00000044 1 1 0 0 0 0 0 1 1 0 0 00000048 0 0 00000044 1 1 1 0
R 299 148 00000044 0000006f 0
C 300 00000044 1 0 0 0 0 0 1 0 1 0 0 00000044 0 0 00000048 1 1 1 1
C 301 00000044 1 1 0 0 0 0 0 1 1 0 0 00000048 0 0 00000044 1 1 1 0
R 301 149 00000044 0000006f 0
C 302 00000044 1 0 0 0 0 0 1 0 1 0 0 00000044 0 0 00000048 1 1 1 1
C 303 00000044 1 1 0 0 0 0 0 1 1 0 0 00000048 0 0 00000044 1 1 1 0
R 303 150 00000044 0000006f 0
C 304 00000044 1 0 0 0 0 0 1 0 1 0 0 00000044 0 0 00000048 1 1 1 1
C 305 00000044 1 1 0 0 0 0 0 1 1 0 0 00000048 0 0 00000044 1 1 1 0
R 305 151 00000044 0000006f 0
C 306 00000044 1 0 0 0 0 0 1 0 1 0 0 00000044 0 0 00000048 1 1 1 1
C 307 00000044 1 1 0 0 0 0 0 1 1 0 0 00000048 0 0 00000044 1 1 1 0
R 307 152 00000044 0000006f 0
C 308 00000044 1 0 0 0 0 0 1 0 1 0 0 00000044 0 0 00000048 1 1 1 1
C 309 00000044 1 1 0 0 0 0 0 1 1 0 0 00000048 0 0 00000044 1 1 1 0
R 309 153 00000044 0000006f 0
C 310 00000044 1 0 0 0 0 0 1 0 1 0 0 00000044 0 0 00000048 1 1 1 1
C 311 00000044 1 1 0 0 0 0 0 1 1 0 0 00000048 0 0 00000044 1 1 1 0
R 311 154 00000044 0000006f 0
C 312 00000044 1 0 0 0 0 0 1 0 1 0 0 00000044 0 0 00000048 1 1 1 1
C 313 00000044 1 1 0 0 0 0 0 1 1 0 0 00000048 0 0 00000044 1 1 1 0
R 313 155 00000044 0000006f 0
C 314 00000044 1 0 0 0 0 0 1 0 1 0 0 00000044 0 0 00000048 1 1 1 1
C 315 00000044 1 1 0 0 0 0 0 1 1 0 0 00000048 0 0 00000044 1 1 1 0
R 315 156 00000044 0000006f 0
C 316 00000044 1 0 0 0 0 0 1 0 1 0 0 00000044 0 0 00000048 1 1 1 1
C 317 00000044 1 1 0 0 0 0 0 1 1 0 0 00000048 0 0 00000044 1 1 1 0
R 317 157 00000044 0000006f 0
C 318 00000044 1 0 0 0 0 0 1 0 1 0 0 00000044 0 0 00000048 1 1 1 1
C 319 00000044 1 1 0 0 0 0 0 1 1 0 0 00000048 0 0 00000044 1 1 1 0
R 319 158 00000044 0000006f 0
C 320 00000044 1 0 0 0 0 0 1 0 1 0 0 00000044 0 0 00000048 1 1 1 1
C 321 00000044 1 1 0 0 0 0 0 1 1 0 0 00000048 0 0 00000044 1 1 1 0
R 321 159 00000044 0000006f 0
C 322 00000044 1 0 0 0 0 0 1 0 1 0 0 00000044 0 0 00000048 1 1 1 1
C 323 00000044 1 1 0 0 0 0 0 1 1 0 0 00000048 0 0 00000044 1 1 1 0
R 323 160 00000044 0000006f 0
C 324 00000044 1 0 0 0 0 0 1 0 1 0 0 00000044 0 0 00000048 1 1 1 1
C 325 00000044 1 1 0 0 0 0 0 1 1 0 0 00000048 0 0 00000044 1 1 1 0
R 325 161 00000044 0000006f 0
C 326 00000044 1 0 0 0 0 0 1 0 1 0 0 00000044 0 0 00000048 1 1 1 1
C 327 00000044 1 1 0 0 0 0 0 1 1 0 0 00000048 0 0 00000044 1 1 1 0
R 327 162 00000044 0000006f 0
C 328 00000044 1 0 0 0 0 0 1 0 1 0 0 00000044 0 0 00000048 1 1 1 1
C 329 00000044 1 1 0 0 0 0 0 1 1 0 0 00000048 0 0 00000044 1 1 1 0
R 329 163 00000044 0000006f 0
C 330 00000044 1 0 0 0 0 0 1 0 1 0 0 00000044 0 0 00000048 1 1 1 1
C 331 00000044 1 1 0 0 0 0 0 1 1 0 0 00000048 0 0 00000044 1 1 1 0
R 331 164 00000044 0000006f 0
C 332 00000044 1 0 0 0 0 0 1 0 1 0 0 00000044 0 0 00000048 1 1 1 1
C 333 00000044 1 1 0 0 0 0 0 1 1 0 0 00000048 0 0 00000044 1 1 1 0
R 333 165 00000044 0000006f 0
C 334 00000044 1 0 0 0 0 0 1 0 1 0 0 00000044 0 0 00000048 1 1 1 1
C 335 00000044 1 1 0 0 0 0 0 1 1 0 0 00000048 0 0 00000044 1 1 1 0
R 335 166 00000044 0000006f 0
C 336 00000044 1 0 0 0 0 0 1 0 1 0 0 00000044 0 0 00000048 1 1 1 1
C 337 00000044 1 1 0 0 0 0 0 1 1 0 0 00000048 0 0 00000044 1 1 1 0
R 337 167 00000044 0000006f 0
C 338 00000044 1 0 0 0 0 0 1 0 1 0 0 00000044 0 0 00000048 1 1 1 1
C 339 00000044 1 1 0 0 0 0 0 1 1 0 0 00000048 0 0 00000044 1 1 1 0
R 339 168 00000044 0000006f 0
C 340 00000044 1 0 0 0 0 0 1 0 1 0 0 00000044 0 0 00000048 1 1 1 1
C 341 00000044 1 1 0 0 0 0 0 1 1 0 0 00000048 0 0 00000044 1 1 1 0
R 341 169 00000044 0000006f 0
C 342 00000044 1 0 0 0 0 0 1 0 1 0 0 00000044 0 0 00000048 1 1 1 1
C 343 00000044 1 1 0 0 0 0 0 1 1 0 0 00000048 0 0 00000044 1 1 1 0
R 343 170 00000044 0000006f 0
C 344 00000044 1 0 0 0 0 0 1 0 1 0 0 00000044 0 0 00000048 1 1 1 1
C 345 00000044 1 1 0 0 0 0 0 1 1 0 0 00000048 0 0 00000044 1 1 1 0
R 345 171 00000044 0000006f 0
C 346 00000044 1 0 0 0 0 0 1 0 1 0 0 00000044 0 0 00000048 1 1 1 1
C 347 00000044 1 1 0 0 0 0 0 1 1 0 0 00000048 0 0 00000044 1 1 1 0
R 347 172 00000044 0000006f 0
C 348 00000044 1 0 0 0 0 0 1 0 1 0 0 00000044 0 0 00000048 1 1 1 1
C 349 00000044 1 1 0 0 0 0 0 1 1 0 0 00000048 0 0 00000044 1 1 1 0
R 349 173 00000044 0000006f 0
C 350 00000044 1 0 0 0 0 0 1 0 1 0 0 00000044 0 0 00000048 1 1 1 1
C 351 00000044 1 1 0 0 0 0 0 1 1 0 0 00000048 0 0 00000044 1 1 1 0
R 351 174 00000044 0000006f 0
C 352 00000044 1 0 0 0 0 0 1 0 1 0 0 00000044 0 0 00000048 1 1 1 1
C 353 00000044 1 1 0 0 0 0 0 1 1 0 0 00000048 0 0 00000044 1 1 1 0
R 353 175 00000044 0000006f 0
C 354 00000044 1 0 0 0 0 0 1 0 1 0 0 00000044 0 0 00000048 1 1 1 1
C 355 00000044 1 1 0 0 0 0 0 1 1 0 0 00000048 0 0 00000044 1 1 1 0
R 355 176 00000044 0000006f 0
C 356 00000044 1 0 0 0 0 0 1 0 1 0 0 00000044 0 0 00000048 1 1 1 1
C 357 00000044 1 1 0 0 0 0 0 1 1 0 0 00000048 0 0 00000044 1 1 1 0
R 357 177 00000044 0000006f 0
C 358 00000044 1 0 0 0 0 0 1 0 1 0 0 00000044 0 0 00000048 1 1 1 1
C 359 00000044 1 1 0 0 0 0 0 1 1 0 0 00000048 0 0 00000044 1 1 1 0
R 359 178 00000044 0000006f 0
C 360 00000044 1 0 0 0 0 0 1 0 1 0 0 00000044 0 0 00000048 1 1 1 1
C 361 00000044 1 1 0 0 0 0 0 1 1 0 0 00000048 0 0 00000044 1 1 1 0
R 361 179 00000044 0000006f 0
C 362 00000044 1 0 0 0 0 0 1 0 1 0 0 00000044 0 0 00000048 1 1 1 1
C 363 00000044 1 1 0 0 0 0 0 1 1 0 0 00000048 0 0 00000044 1 1 1 0
R 363 180 00000044 0000006f 0
C 364 00000044 1 0 0 0 0 0 1 0 1 0 0 00000044 0 0 00000048 1 1 1 1
C 365 00000044 1 1 0 0 0 0 0 1 1 0 0 00000048 0 0 00000044 1 1 1 0
R 365 181 00000044 0000006f 0
C 366 00000044 1 0 0 0 0 0 1 0 1 0 0 00000044 0 0 00000048 1 1 1 1
C 367 00000044 1 1 0 0 0 0 0 1 1 0 0 00000048 0 0 00000044 1 1 1 0
R 367 182 00000044 0000006f 0
C 368 00000044 1 0 0 0 0 0 1 0 1 0 0 00000044 0 0 00000048 1 1 1 1
C 369 00000044 1 1 0 0 0 0 0 1 1 0 0 00000048 0 0 00000044 1 1 1 0
R 369 183 00000044 0000006f 0
C 370 00000044 1 0 0 0 0 0 1 0 1 0 0 00000044 0 0 00000048 1 1 1 1
C 371 00000044 1 1 0 0 0 0 0 1 1 0 0 00000048 0 0 00000044 1 1 1 0
R 371 184 00000044 0000006f 0
C 372 00000044 1 0 0 0 0 0 1 0 1 0 0 00000044 0 0 00000048 1 1 1 1
C 373 00000044 1 1 0 0 0 0 0 1 1 0 0 00000048 0 0 00000044 1 1 1 0
R 373 185 00000044 0000006f 0
C 374 00000044 1 0 0 0 0 0 1 0 1 0 0 00000044 0 0 00000048 1 1 1 1
C 375 00000044 1 1 0 0 0 0 0 1 1 0 0 00000048 0 0 00000044 1 1 1 0
R 375 186 00000044 0000006f 0
C 376 00000044 1 0 0 0 0 0 1 0 1 0 0 00000044 0 0 00000048 1 1 1 1
C 377 00000044 1 1 0 0 0 0 0 1 1 0 0 00000048 0 0 00000044 1 1 1 0
R 377 187 00000044 0000006f 0
C 378 00000044 1 0 0 0 0 0 1 0 1 0 0 00000044 0 0 00000048 1 1 1 1
C 379 00000044 1 1 0 0 0 0 0 1 1 0 0 00000048 0 0 00000044 1 1 1 0
R 379 188 00000044 0000006f 0
C 380 00000044 1 0 0 0 0 0 1 0 1 0 0 00000044 0 0 00000048 1 1 1 1
C 381 00000044 1 1 0 0 0 0 0 1 1 0 0 00000048 0 0 00000044 1 1 1 0
R 381 189 00000044 0000006f 0
C 382 00000044 1 0 0 0 0 0 1 0 1 0 0 00000044 0 0 00000048 1 1 1 1
C 383 00000044 1 1 0 0 0 0 0 1 1 0 0 00000048 0 0 00000044 1 1 1 0
R 383 190 00000044 0000006f 0
C 384 00000044 1 0 0 0 0 0 1 0 1 0 0 00000044 0 0 00000048 1 1 1 1
C 385 00000044 1 1 0 0 0 0 0 1 1 0 0 00000048 0 0 00000044 1 1 1 0
R 385 191 00000044 0000006f 0
C 386 00000044 1 0 0 0 0 0 1 0 1 0 0 00000044 0 0 00000048 1 1 1 1
C 387 00000044 1 1 0 0 0 0 0 1 1 0 0 00000048 0 0 00000044 1 1 1 0
R 387 192 00000044 0000006f 0
C 388 00000044 1 0 0 0 0 0 1 0 1 0 0 00000044 0 0 00000048 1 1 1 1
C 389 00000044 1 1 0 0 0 0 0 1 1 0 0 00000048 0 0 00000044 1 1 1 0
R 389 193 00000044 0000006f 0
C 390 00000044 1 0 0 0 0 0 1 0 1 0 0 00000044 0 0 00000048 1 1 1 1
C 391 00000044 1 1 0 0 0 0 0 1 1 0 0 00000048 0 0 00000044 1 1 1 0
R 391 194 00000044 0000006f 0
C 392 00000044 1 0 0 0 0 0 1 0 1 0 0 00000044 0 0 00000048 1 1 1 1
C 393 00000044 1 1 0 0 0 0 0 1 1 0 0 00000048 0 0 00000044 1 1 1 0
R 393 195 00000044 0000006f 0
C 394 00000044 1 0 0 0 0 0 1 0 1 0 0 00000044 0 0 00000048 1 1 1 1
C 395 00000044 1 1 0 0 0 0 0 1 1 0 0 00000048 0 0 00000044 1 1 1 0
R 395 196 00000044 0000006f 0
C 396 00000044 1 0 0 0 0 0 1 0 1 0 0 00000044 0 0 00000048 1 1 1 1
C 397 00000044 1 1 0 0 0 0 0 1 1 0 0 00000048 0 0 00000044 1 1 1 0
R 397 197 00000044 0000006f 0
C 398 00000044 1 0 0 0 0 0 1 0 1 0 0 00000044 0 0 00000048 1 1 1 1
C 399 00000044 1 1 0 0 0 0 0 1 1 0 0 00000048 0 0 00000044 1 1 1 0
R 399 198 00000044 0000006f 0
REG 0 00000000
REG 1 00000008
REG 2 00000200
REG 3 44332211
REG 4 00000000
REG 5 00000000
REG 6 00000000
REG 7 00000000
REG 8 00000000
REG 9 00000000
REG 10 00000000
REG 11 00000000
REG 12 00000000
REG 13 00000000
REG 14 00000000
REG 15 00000000
REG 16 00000000
REG 17 00000000
REG 18 00000000
REG 19 00000000
REG 20 00000063
REG 21 00000000
REG 22 00000000
REG 23 00000000
REG 24 00000000
REG 25 00000000
REG 26 00000000
REG 27 00000000
REG 28 00000000
REG 29 00000000
REG 30 00000000
REG 31 00000076
MEM 00000200 44332211
MEM 00000204 44332211
MEM 00000208 44332211
MEM 0000020c 44332211
MEM 00000210 44332211
FINISH
- /home/dungpc/ndmoney4porche/projects/ibex/doc/dungpc/microarchitecture/scripts/core_tb.sv:116: Verilog $finish
