CONFIG WB=1 BT=0 M=2 latency=4 ilatency=4 grant_period=3
C 0 00000000 0 0 0 0 0 0 0 0 1 0 0 00000000 0 0 00000080 0 0 0 1
C 1 00000000 0 0 0 0 0 0 0 0 1 0 0 00000000 0 0 00000080 1 0 0 1
C 2 00000000 0 0 0 0 0 0 0 0 1 0 0 00000000 0 0 00000080 1 0 0 0
C 3 00000000 0 0 0 0 0 0 0 0 1 0 0 00000000 0 0 00000080 1 1 0 0
C 4 00000000 0 0 0 0 0 0 0 0 1 0 0 00000000 0 0 00000080 1 0 0 0
C 5 00000000 0 0 0 0 0 0 0 0 1 0 0 00000000 0 0 00000080 1 0 0 0
C 6 00000000 0 0 0 0 0 0 0 0 1 0 0 00000000 0 0 00000080 1 1 0 0
C 7 00000000 0 0 0 0 0 0 0 0 1 0 0 00000000 0 0 00000080 0 0 1 0
C 8 00000080 1 0 0 0 0 0 0 1 1 0 0 00000200 0 0 00000084 1 0 0 0
C 9 00000080 0 0 0 0 0 0 0 0 1 0 0 00000200 0 0 00000084 1 1 0 0
W 9 1 00000200
C 10 00000080 0 0 0 0 0 0 0 0 1 0 0 00000200 0 0 00000084 0 0 1 0
R 10 1 00000080 20000093 0
C 11 00000084 1 0 0 0 0 0 0 1 1 0 0 00000054 0 0 00000088 1 0 0 0
C 12 00000084 0 0 0 0 0 0 0 0 1 0 0 00000054 0 0 00000088 1 1 0 0
W 12 2 00000055
C 13 00000084 0 0 0 0 0 0 0 0 1 0 0 00000054 0 0 00000088 0 0 1 0
R 13 2 00000084 05500113 0
C 14 00000088 1 0 1 0 0 0 0 0 1 1 0 00000200 0 0 0000008c 1 0 0 0
C 15 00000088 1 1 0 0 0 0 0 1 1 1 1 00000200 0 0 0000008c 1 1 0 0
D 15 1 00000200 f 00000055
C 16 00000088 0 0 0 0 0 0 0 0 0 0 0 00000200 0 0 0000008c 0 0 1 0
C 17 0000008c 1 0 1 0 0 0 0 0 0 0 0 00000200 0 0 00000090 1 0 0 0
C 18 0000008c 1 0 1 0 0 0 0 0 0 0 0 00000200 0 0 00000090 1 1 0 0
C 19 0000008c 1 0 1 0 0 0 0 0 1 1 0 00000200 1 0 00000090 0 0 1 0
C 20 0000008c 1 1 1 0 0 0 0 0 1 1 0 00000200 0 0 00000090 1 0 0 0
R 20 3 00000088 0020a023 0
C 21 0000008c 1 1 0 0 0 0 0 1 1 1 1 00000200 0 0 00000090 1 1 0 0
D 21 0 00000200 f 00000000
C 22 00000090 1 0 1 1 0 0 0 0 0 0 0 00000200 0 0 00000094 0 0 1 0
C 23 00000090 1 0 1 1 0 0 0 0 0 0 0 00000200 0 0 00000094 1 0 0 0
C 24 00000090 1 0 1 1 0 0 0 0 0 0 0 00000200 0 0 00000094 1 1 0 0
C 25 00000090 1 0 0 1 0 0 0 0 1 0 0 00000200 1 0 00000094 0 0 1 0
W 25 3 00000055
C 26 00000090 1 0 0 0 0 0 0 1 1 0 0 00000054 0 0 00000094 0 0 0 0
R 26 4 0000008c 0000a183 0
C 27 00000094 1 0 1 0 0 0 0 0 1 1 1 00000200 0 0 00000098 1 1 0 0
D 27 1 00000200 8 56000000
W 27 4 00000056
C 28 00000094 1 1 1 0 0 0 0 0 1 1 0 00000204 0 0 00000098 0 0 1 0
R 28 5 00000090 00118213 0
C 29 00000094 1 1 1 0 0 0 0 0 1 1 0 00000204 0 0 00000098 0 0 0 0
C 30 00000094 1 1 1 0 0 0 0 0 1 1 1 00000204 0 0 00000098 0 0 0 0
D 30 1 00000204 7 56000000
C 31 00000094 1 1 0 0 0 0 0 1 1 0 0 00000204 1 0 00000098 0 0 1 0
C 32 00000098 1 0 1 0 0 0 0 0 0 0 0 00000200 0 0 0000009c 1 0 0 0
C 33 00000098 1 0 1 0 0 0 0 0 0 0 0 00000200 0 0 0000009c 1 1 0 0
C 34 00000098 1 0 1 0 0 0 0 0 1 1 0 00000200 1 0 0000009c 0 0 0 0
C 35 00000098 1 1 1 0 0 0 0 0 1 1 0 00000200 0 0 0000009c 0 0 0 0
R 35 6 00000094 0040a1a3 0
C 36 00000098 1 1 1 0 0 0 0 0 1 1 1 00000200 0 0 0000009c 0 0 0 0
D 36 0 00000200 8 55000000
C 37 00000098 1 1 1 0 0 0 0 0 1 1 0 00000204 0 0 0000009c 0 0 1 0
C 38 00000098 1 1 1 0 0 0 0 0 1 1 0 00000204 0 0 0000009c 0 0 0 0
C 39 00000098 1 1 1 0 0 0 0 0 1 1 1 00000204 0 0 0000009c 0 0 0 0
D 39 0 00000204 7 55000000
C 40 00000098 1 1 0 0 0 0 0 1 1 0 0 00000204 1 0 0000009c 0 0 0 0
C 41 0000009c 1 0 1 0 0 0 0 0 0 0 0 00000204 0 0 000000a0 1 0 0 0
C 42 0000009c 1 0 1 0 0 0 0 0 0 0 0 00000204 0 0 000000a0 1 1 0 0
C 43 0000009c 1 0 1 0 0 0 0 0 1 1 0 00000204 1 0 000000a0 0 0 0 0
W 43 5 00000056
C 44 0000009c 1 1 1 0 0 0 0 0 1 1 0 00000204 0 0 000000a0 0 0 0 0
R 44 7 00000098 0030a283 0
C 45 0000009c 1 1 0 0 0 0 0 1 1 1 1 00000204 0 0 000000a0 0 0 0 0
D 45 0 00000204 1 00000056
C 46 000000a0 1 0 1 0 0 0 0 0 0 0 0 00000078 0 0 000000a4 1 0 1 0
C 47 000000a0 1 0 1 0 0 0 0 0 0 0 0 00000078 0 0 000000a4 1 0 0 0
C 48 000000a0 1 0 1 0 0 0 0 0 0 0 0 00000078 0 0 000000a4 1 1 0 0
C 49 000000a0 1 0 0 0 0 0 0 1 1 0 0 00000078 1 0 000000a4 0 0 0 0
W 49 6 00000000
C 50 000000a4 1 0 0 0 0 0 1 0 1 0 0 000000a4 0 0 000000a8 1 0 0 1
W 50 31 0000007b
R 50 8 0000009c 0040c303 0
C 51 000000a4 1 1 0 0 0 0 0 1 1 0 0 000000a8 0 0 000000a4 1 1 0 0
R 51 9 000000a0 07b00f93 0
C 52 000000a4 0 0 0 0 0 0 0 0 1 0 0 000000a8 0 0 000000a4 0 0 1 0
C 53 000000a4 0 0 0 0 0 0 0 0 1 0 0 000000a8 0 0 000000a4 1 0 0 0
R 53 10 000000a4 0000006f 0
C 54 000000a4 0 0 0 0 0 0 0 0 1 0 0 000000a8 0 0 000000a4 1 1 0 0
C 55 000000a4 0 0 0 0 0 0 0 0 1 0 0 000000a8 0 0 000000a4 0 0 1 0
C 56 000000a4 1 0 0 0 0 0 1 0 1 0 0 000000a4 0 0 000000a8 1 0 0 1
C 57 000000a4 1 1 0 0 0 0 0 1 1 0 0 000000a8 0 0 000000a4 1 1 0 0
C 58 000000a4 0 0 0 0 0 0 0 0 1 0 0 000000a8 0 0 000000a4 0 0 1 0
C 59 000000a4 0 0 0 0 0 0 0 0 1 0 0 000000a8 0 0 000000a4 1 0 0 0
R 59 11 000000a4 0000006f 0
C 60 000000a4 0 0 0 0 0 0 0 0 1 0 0 000000a8 0 0 000000a4 1 1 0 0
C 61 000000a4 0 0 0 0 0 0 0 0 1 0 0 000000a8 0 0 000000a4 0 0 1 0
C 62 000000a4 1 0 0 0 0 0 1 0 1 0 0 000000a4 0 0 000000a8 1 0 0 1
C 63 000000a4 1 1 0 0 0 0 0 1 1 0 0 000000a8 0 0 000000a4 1 1 0 0
C 64 000000a4 0 0 0 0 0 0 0 0 1 0 0 000000a8 0 0 000000a4 0 0 1 0
C 65 000000a4 0 0 0 0 0 0 0 0 1 0 0 000000a8 0 0 000000a4 1 0 0 0
R 65 12 000000a4 0000006f 0
C 66 000000a4 0 0 0 0 0 0 0 0 1 0 0 000000a8 0 0 000000a4 1 1 0 0
C 67 000000a4 0 0 0 0 0 0 0 0 1 0 0 000000a8 0 0 000000a4 0 0 1 0
C 68 000000a4 1 0 0 0 0 0 1 0 1 0 0 000000a4 0 0 000000a8 1 0 0 1
C 69 000000a4 1 1 0 0 0 0 0 1 1 0 0 000000a8 0 0 000000a4 1 1 0 0
C 70 000000a4 0 0 0 0 0 0 0 0 1 0 0 000000a8 0 0 000000a4 0 0 1 0
C 71 000000a4 0 0 0 0 0 0 0 0 1 0 0 000000a8 0 0 000000a4 1 0 0 0
R 71 13 000000a4 0000006f 0
C 72 000000a4 0 0 0 0 0 0 0 0 1 0 0 000000a8 0 0 000000a4 1 1 0 0
C 73 000000a4 0 0 0 0 0 0 0 0 1 0 0 000000a8 0 0 000000a4 0 0 1 0
C 74 000000a4 1 0 0 0 0 0 1 0 1 0 0 000000a4 0 0 000000a8 1 0 0 1
C 75 000000a4 1 1 0 0 0 0 0 1 1 0 0 000000a8 0 0 000000a4 1 1 0 0
C 76 000000a4 0 0 0 0 0 0 0 0 1 0 0 000000a8 0 0 000000a4 0 0 1 0
C 77 000000a4 0 0 0 0 0 0 0 0 1 0 0 000000a8 0 0 000000a4 1 0 0 0
R 77 14 000000a4 0000006f 0
C 78 000000a4 0 0 0 0 0 0 0 0 1 0 0 000000a8 0 0 000000a4 1 1 0 0
C 79 000000a4 0 0 0 0 0 0 0 0 1 0 0 000000a8 0 0 000000a4 0 0 1 0
C 80 000000a4 1 0 0 0 0 0 1 0 1 0 0 000000a4 0 0 000000a8 1 0 0 1
C 81 000000a4 1 1 0 0 0 0 0 1 1 0 0 000000a8 0 0 000000a4 1 1 0 0
C 82 000000a4 0 0 0 0 0 0 0 0 1 0 0 000000a8 0 0 000000a4 0 0 1 0
C 83 000000a4 0 0 0 0 0 0 0 0 1 0 0 000000a8 0 0 000000a4 1 0 0 0
R 83 15 000000a4 0000006f 0
C 84 000000a4 0 0 0 0 0 0 0 0 1 0 0 000000a8 0 0 000000a4 1 1 0 0
C 85 000000a4 0 0 0 0 0 0 0 0 1 0 0 000000a8 0 0 000000a4 0 0 1 0
C 86 000000a4 1 0 0 0 0 0 1 0 1 0 0 000000a4 0 0 000000a8 1 0 0 1
C 87 000000a4 1 1 0 0 0 0 0 1 1 0 0 000000a8 0 0 000000a4 1 1 0 0
C 88 000000a4 0 0 0 0 0 0 0 0 1 0 0 000000a8 0 0 000000a4 0 0 1 0
C 89 000000a4 0 0 0 0 0 0 0 0 1 0 0 000000a8 0 0 000000a4 1 0 0 0
R 89 16 000000a4 0000006f 0
C 90 000000a4 0 0 0 0 0 0 0 0 1 0 0 000000a8 0 0 000000a4 1 1 0 0
C 91 000000a4 0 0 0 0 0 0 0 0 1 0 0 000000a8 0 0 000000a4 0 0 1 0
C 92 000000a4 1 0 0 0 0 0 1 0 1 0 0 000000a4 0 0 000000a8 1 0 0 1
C 93 000000a4 1 1 0 0 0 0 0 1 1 0 0 000000a8 0 0 000000a4 1 1 0 0
C 94 000000a4 0 0 0 0 0 0 0 0 1 0 0 000000a8 0 0 000000a4 0 0 1 0
C 95 000000a4 0 0 0 0 0 0 0 0 1 0 0 000000a8 0 0 000000a4 1 0 0 0
R 95 17 000000a4 0000006f 0
C 96 000000a4 0 0 0 0 0 0 0 0 1 0 0 000000a8 0 0 000000a4 1 1 0 0
C 97 000000a4 0 0 0 0 0 0 0 0 1 0 0 000000a8 0 0 000000a4 0 0 1 0
C 98 000000a4 1 0 0 0 0 0 1 0 1 0 0 000000a4 0 0 000000a8 1 0 0 1
C 99 000000a4 1 1 0 0 0 0 0 1 1 0 0 000000a8 0 0 000000a4 1 1 0 0
C 100 000000a4 0 0 0 0 0 0 0 0 1 0 0 000000a8 0 0 000000a4 0 0 1 0
C 101 000000a4 0 0 0 0 0 0 0 0 1 0 0 000000a8 0 0 000000a4 1 0 0 0
R 101 18 000000a4 0000006f 0
C 102 000000a4 0 0 0 0 0 0 0 0 1 0 0 000000a8 0 0 000000a4 1 1 0 0
C 103 000000a4 0 0 0 0 0 0 0 0 1 0 0 000000a8 0 0 000000a4 0 0 1 0
C 104 000000a4 1 0 0 0 0 0 1 0 1 0 0 000000a4 0 0 000000a8 1 0 0 1
C 105 000000a4 1 1 0 0 0 0 0 1 1 0 0 000000a8 0 0 000000a4 1 1 0 0
C 106 000000a4 0 0 0 0 0 0 0 0 1 0 0 000000a8 0 0 000000a4 0 0 1 0
C 107 000000a4 0 0 0 0 0 0 0 0 1 0 0 000000a8 0 0 000000a4 1 0 0 0
R 107 19 000000a4 0000006f 0
C 108 000000a4 0 0 0 0 0 0 0 0 1 0 0 000000a8 0 0 000000a4 1 1 0 0
C 109 000000a4 0 0 0 0 0 0 0 0 1 0 0 000000a8 0 0 000000a4 0 0 1 0
C 110 000000a4 1 0 0 0 0 0 1 0 1 0 0 000000a4 0 0 000000a8 1 0 0 1
C 111 000000a4 1 1 0 0 0 0 0 1 1 0 0 000000a8 0 0 000000a4 1 1 0 0
C 112 000000a4 0 0 0 0 0 0 0 0 1 0 0 000000a8 0 0 000000a4 0 0 1 0
C 113 000000a4 0 0 0 0 0 0 0 0 1 0 0 000000a8 0 0 000000a4 1 0 0 0
R 113 20 000000a4 0000006f 0
C 114 000000a4 0 0 0 0 0 0 0 0 1 0 0 000000a8 0 0 000000a4 1 1 0 0
C 115 000000a4 0 0 0 0 0 0 0 0 1 0 0 000000a8 0 0 000000a4 0 0 1 0
C 116 000000a4 1 0 0 0 0 0 1 0 1 0 0 000000a4 0 0 000000a8 1 0 0 1
C 117 000000a4 1 1 0 0 0 0 0 1 1 0 0 000000a8 0 0 000000a4 1 1 0 0
C 118 000000a4 0 0 0 0 0 0 0 0 1 0 0 000000a8 0 0 000000a4 0 0 1 0
C 119 000000a4 0 0 0 0 0 0 0 0 1 0 0 000000a8 0 0 000000a4 1 0 0 0
R 119 21 000000a4 0000006f 0
C 120 000000a4 0 0 0 0 0 0 0 0 1 0 0 000000a8 0 0 000000a4 1 1 0 0
C 121 000000a4 0 0 0 0 0 0 0 0 1 0 0 000000a8 0 0 000000a4 0 0 1 0
C 122 000000a4 1 0 0 0 0 0 1 0 1 0 0 000000a4 0 0 000000a8 1 0 0 1
C 123 000000a4 1 1 0 0 0 0 0 1 1 0 0 000000a8 0 0 000000a4 1 1 0 0
C 124 000000a4 0 0 0 0 0 0 0 0 1 0 0 000000a8 0 0 000000a4 0 0 1 0
C 125 000000a4 0 0 0 0 0 0 0 0 1 0 0 000000a8 0 0 000000a4 1 0 0 0
R 125 22 000000a4 0000006f 0
C 126 000000a4 0 0 0 0 0 0 0 0 1 0 0 000000a8 0 0 000000a4 1 1 0 0
C 127 000000a4 0 0 0 0 0 0 0 0 1 0 0 000000a8 0 0 000000a4 0 0 1 0
C 128 000000a4 1 0 0 0 0 0 1 0 1 0 0 000000a4 0 0 000000a8 1 0 0 1
C 129 000000a4 1 1 0 0 0 0 0 1 1 0 0 000000a8 0 0 000000a4 1 1 0 0
C 130 000000a4 0 0 0 0 0 0 0 0 1 0 0 000000a8 0 0 000000a4 0 0 1 0
C 131 000000a4 0 0 0 0 0 0 0 0 1 0 0 000000a8 0 0 000000a4 1 0 0 0
R 131 23 000000a4 0000006f 0
C 132 000000a4 0 0 0 0 0 0 0 0 1 0 0 000000a8 0 0 000000a4 1 1 0 0
C 133 000000a4 0 0 0 0 0 0 0 0 1 0 0 000000a8 0 0 000000a4 0 0 1 0
C 134 000000a4 1 0 0 0 0 0 1 0 1 0 0 000000a4 0 0 000000a8 1 0 0 1
C 135 000000a4 1 1 0 0 0 0 0 1 1 0 0 000000a8 0 0 000000a4 1 1 0 0
C 136 000000a4 0 0 0 0 0 0 0 0 1 0 0 000000a8 0 0 000000a4 0 0 1 0
C 137 000000a4 0 0 0 0 0 0 0 0 1 0 0 000000a8 0 0 000000a4 1 0 0 0
R 137 24 000000a4 0000006f 0
C 138 000000a4 0 0 0 0 0 0 0 0 1 0 0 000000a8 0 0 000000a4 1 1 0 0
C 139 000000a4 0 0 0 0 0 0 0 0 1 0 0 000000a8 0 0 000000a4 0 0 1 0
C 140 000000a4 1 0 0 0 0 0 1 0 1 0 0 000000a4 0 0 000000a8 1 0 0 1
C 141 000000a4 1 1 0 0 0 0 0 1 1 0 0 000000a8 0 0 000000a4 1 1 0 0
C 142 000000a4 0 0 0 0 0 0 0 0 1 0 0 000000a8 0 0 000000a4 0 0 1 0
C 143 000000a4 0 0 0 0 0 0 0 0 1 0 0 000000a8 0 0 000000a4 1 0 0 0
R 143 25 000000a4 0000006f 0
C 144 000000a4 0 0 0 0 0 0 0 0 1 0 0 000000a8 0 0 000000a4 1 1 0 0
C 145 000000a4 0 0 0 0 0 0 0 0 1 0 0 000000a8 0 0 000000a4 0 0 1 0
C 146 000000a4 1 0 0 0 0 0 1 0 1 0 0 000000a4 0 0 000000a8 1 0 0 1
C 147 000000a4 1 1 0 0 0 0 0 1 1 0 0 000000a8 0 0 000000a4 1 1 0 0
C 148 000000a4 0 0 0 0 0 0 0 0 1 0 0 000000a8 0 0 000000a4 0 0 1 0
C 149 000000a4 0 0 0 0 0 0 0 0 1 0 0 000000a8 0 0 000000a4 1 0 0 0
R 149 26 000000a4 0000006f 0
C 150 000000a4 0 0 0 0 0 0 0 0 1 0 0 000000a8 0 0 000000a4 1 1 0 0
C 151 000000a4 0 0 0 0 0 0 0 0 1 0 0 000000a8 0 0 000000a4 0 0 1 0
C 152 000000a4 1 0 0 0 0 0 1 0 1 0 0 000000a4 0 0 000000a8 1 0 0 1
C 153 000000a4 1 1 0 0 0 0 0 1 1 0 0 000000a8 0 0 000000a4 1 1 0 0
C 154 000000a4 0 0 0 0 0 0 0 0 1 0 0 000000a8 0 0 000000a4 0 0 1 0
C 155 000000a4 0 0 0 0 0 0 0 0 1 0 0 000000a8 0 0 000000a4 1 0 0 0
R 155 27 000000a4 0000006f 0
C 156 000000a4 0 0 0 0 0 0 0 0 1 0 0 000000a8 0 0 000000a4 1 1 0 0
C 157 000000a4 0 0 0 0 0 0 0 0 1 0 0 000000a8 0 0 000000a4 0 0 1 0
C 158 000000a4 1 0 0 0 0 0 1 0 1 0 0 000000a4 0 0 000000a8 1 0 0 1
C 159 000000a4 1 1 0 0 0 0 0 1 1 0 0 000000a8 0 0 000000a4 1 1 0 0
C 160 000000a4 0 0 0 0 0 0 0 0 1 0 0 000000a8 0 0 000000a4 0 0 1 0
C 161 000000a4 0 0 0 0 0 0 0 0 1 0 0 000000a8 0 0 000000a4 1 0 0 0
R 161 28 000000a4 0000006f 0
C 162 000000a4 0 0 0 0 0 0 0 0 1 0 0 000000a8 0 0 000000a4 1 1 0 0
C 163 000000a4 0 0 0 0 0 0 0 0 1 0 0 000000a8 0 0 000000a4 0 0 1 0
C 164 000000a4 1 0 0 0 0 0 1 0 1 0 0 000000a4 0 0 000000a8 1 0 0 1
C 165 000000a4 1 1 0 0 0 0 0 1 1 0 0 000000a8 0 0 000000a4 1 1 0 0
C 166 000000a4 0 0 0 0 0 0 0 0 1 0 0 000000a8 0 0 000000a4 0 0 1 0
C 167 000000a4 0 0 0 0 0 0 0 0 1 0 0 000000a8 0 0 000000a4 1 0 0 0
R 167 29 000000a4 0000006f 0
C 168 000000a4 0 0 0 0 0 0 0 0 1 0 0 000000a8 0 0 000000a4 1 1 0 0
C 169 000000a4 0 0 0 0 0 0 0 0 1 0 0 000000a8 0 0 000000a4 0 0 1 0
C 170 000000a4 1 0 0 0 0 0 1 0 1 0 0 000000a4 0 0 000000a8 1 0 0 1
C 171 000000a4 1 1 0 0 0 0 0 1 1 0 0 000000a8 0 0 000000a4 1 1 0 0
C 172 000000a4 0 0 0 0 0 0 0 0 1 0 0 000000a8 0 0 000000a4 0 0 1 0
C 173 000000a4 0 0 0 0 0 0 0 0 1 0 0 000000a8 0 0 000000a4 1 0 0 0
R 173 30 000000a4 0000006f 0
C 174 000000a4 0 0 0 0 0 0 0 0 1 0 0 000000a8 0 0 000000a4 1 1 0 0
C 175 000000a4 0 0 0 0 0 0 0 0 1 0 0 000000a8 0 0 000000a4 0 0 1 0
C 176 000000a4 1 0 0 0 0 0 1 0 1 0 0 000000a4 0 0 000000a8 1 0 0 1
C 177 000000a4 1 1 0 0 0 0 0 1 1 0 0 000000a8 0 0 000000a4 1 1 0 0
C 178 000000a4 0 0 0 0 0 0 0 0 1 0 0 000000a8 0 0 000000a4 0 0 1 0
C 179 000000a4 0 0 0 0 0 0 0 0 1 0 0 000000a8 0 0 000000a4 1 0 0 0
R 179 31 000000a4 0000006f 0
C 180 000000a4 0 0 0 0 0 0 0 0 1 0 0 000000a8 0 0 000000a4 1 1 0 0
C 181 000000a4 0 0 0 0 0 0 0 0 1 0 0 000000a8 0 0 000000a4 0 0 1 0
C 182 000000a4 1 0 0 0 0 0 1 0 1 0 0 000000a4 0 0 000000a8 1 0 0 1
C 183 000000a4 1 1 0 0 0 0 0 1 1 0 0 000000a8 0 0 000000a4 1 1 0 0
C 184 000000a4 0 0 0 0 0 0 0 0 1 0 0 000000a8 0 0 000000a4 0 0 1 0
C 185 000000a4 0 0 0 0 0 0 0 0 1 0 0 000000a8 0 0 000000a4 1 0 0 0
R 185 32 000000a4 0000006f 0
C 186 000000a4 0 0 0 0 0 0 0 0 1 0 0 000000a8 0 0 000000a4 1 1 0 0
C 187 000000a4 0 0 0 0 0 0 0 0 1 0 0 000000a8 0 0 000000a4 0 0 1 0
C 188 000000a4 1 0 0 0 0 0 1 0 1 0 0 000000a4 0 0 000000a8 1 0 0 1
C 189 000000a4 1 1 0 0 0 0 0 1 1 0 0 000000a8 0 0 000000a4 1 1 0 0
C 190 000000a4 0 0 0 0 0 0 0 0 1 0 0 000000a8 0 0 000000a4 0 0 1 0
C 191 000000a4 0 0 0 0 0 0 0 0 1 0 0 000000a8 0 0 000000a4 1 0 0 0
R 191 33 000000a4 0000006f 0
C 192 000000a4 0 0 0 0 0 0 0 0 1 0 0 000000a8 0 0 000000a4 1 1 0 0
C 193 000000a4 0 0 0 0 0 0 0 0 1 0 0 000000a8 0 0 000000a4 0 0 1 0
C 194 000000a4 1 0 0 0 0 0 1 0 1 0 0 000000a4 0 0 000000a8 1 0 0 1
C 195 000000a4 1 1 0 0 0 0 0 1 1 0 0 000000a8 0 0 000000a4 1 1 0 0
C 196 000000a4 0 0 0 0 0 0 0 0 1 0 0 000000a8 0 0 000000a4 0 0 1 0
C 197 000000a4 0 0 0 0 0 0 0 0 1 0 0 000000a8 0 0 000000a4 1 0 0 0
R 197 34 000000a4 0000006f 0
C 198 000000a4 0 0 0 0 0 0 0 0 1 0 0 000000a8 0 0 000000a4 1 1 0 0
C 199 000000a4 0 0 0 0 0 0 0 0 1 0 0 000000a8 0 0 000000a4 0 0 1 0
C 200 000000a4 1 0 0 0 0 0 1 0 1 0 0 000000a4 0 0 000000a8 1 0 0 1
C 201 000000a4 1 1 0 0 0 0 0 1 1 0 0 000000a8 0 0 000000a4 1 1 0 0
C 202 000000a4 0 0 0 0 0 0 0 0 1 0 0 000000a8 0 0 000000a4 0 0 1 0
C 203 000000a4 0 0 0 0 0 0 0 0 1 0 0 000000a8 0 0 000000a4 1 0 0 0
R 203 35 000000a4 0000006f 0
C 204 000000a4 0 0 0 0 0 0 0 0 1 0 0 000000a8 0 0 000000a4 1 1 0 0
C 205 000000a4 0 0 0 0 0 0 0 0 1 0 0 000000a8 0 0 000000a4 0 0 1 0
C 206 000000a4 1 0 0 0 0 0 1 0 1 0 0 000000a4 0 0 000000a8 1 0 0 1
C 207 000000a4 1 1 0 0 0 0 0 1 1 0 0 000000a8 0 0 000000a4 1 1 0 0
C 208 000000a4 0 0 0 0 0 0 0 0 1 0 0 000000a8 0 0 000000a4 0 0 1 0
C 209 000000a4 0 0 0 0 0 0 0 0 1 0 0 000000a8 0 0 000000a4 1 0 0 0
R 209 36 000000a4 0000006f 0
C 210 000000a4 0 0 0 0 0 0 0 0 1 0 0 000000a8 0 0 000000a4 1 1 0 0
C 211 000000a4 0 0 0 0 0 0 0 0 1 0 0 000000a8 0 0 000000a4 0 0 1 0
C 212 000000a4 1 0 0 0 0 0 1 0 1 0 0 000000a4 0 0 000000a8 1 0 0 1
C 213 000000a4 1 1 0 0 0 0 0 1 1 0 0 000000a8 0 0 000000a4 1 1 0 0
C 214 000000a4 0 0 0 0 0 0 0 0 1 0 0 000000a8 0 0 000000a4 0 0 1 0
C 215 000000a4 0 0 0 0 0 0 0 0 1 0 0 000000a8 0 0 000000a4 1 0 0 0
R 215 37 000000a4 0000006f 0
C 216 000000a4 0 0 0 0 0 0 0 0 1 0 0 000000a8 0 0 000000a4 1 1 0 0
C 217 000000a4 0 0 0 0 0 0 0 0 1 0 0 000000a8 0 0 000000a4 0 0 1 0
C 218 000000a4 1 0 0 0 0 0 1 0 1 0 0 000000a4 0 0 000000a8 1 0 0 1
C 219 000000a4 1 1 0 0 0 0 0 1 1 0 0 000000a8 0 0 000000a4 1 1 0 0
C 220 000000a4 0 0 0 0 0 0 0 0 1 0 0 000000a8 0 0 000000a4 0 0 1 0
C 221 000000a4 0 0 0 0 0 0 0 0 1 0 0 000000a8 0 0 000000a4 1 0 0 0
R 221 38 000000a4 0000006f 0
C 222 000000a4 0 0 0 0 0 0 0 0 1 0 0 000000a8 0 0 000000a4 1 1 0 0
C 223 000000a4 0 0 0 0 0 0 0 0 1 0 0 000000a8 0 0 000000a4 0 0 1 0
C 224 000000a4 1 0 0 0 0 0 1 0 1 0 0 000000a4 0 0 000000a8 1 0 0 1
C 225 000000a4 1 1 0 0 0 0 0 1 1 0 0 000000a8 0 0 000000a4 1 1 0 0
C 226 000000a4 0 0 0 0 0 0 0 0 1 0 0 000000a8 0 0 000000a4 0 0 1 0
C 227 000000a4 0 0 0 0 0 0 0 0 1 0 0 000000a8 0 0 000000a4 1 0 0 0
R 227 39 000000a4 0000006f 0
C 228 000000a4 0 0 0 0 0 0 0 0 1 0 0 000000a8 0 0 000000a4 1 1 0 0
C 229 000000a4 0 0 0 0 0 0 0 0 1 0 0 000000a8 0 0 000000a4 0 0 1 0
C 230 000000a4 1 0 0 0 0 0 1 0 1 0 0 000000a4 0 0 000000a8 1 0 0 1
C 231 000000a4 1 1 0 0 0 0 0 1 1 0 0 000000a8 0 0 000000a4 1 1 0 0
C 232 000000a4 0 0 0 0 0 0 0 0 1 0 0 000000a8 0 0 000000a4 0 0 1 0
C 233 000000a4 0 0 0 0 0 0 0 0 1 0 0 000000a8 0 0 000000a4 1 0 0 0
R 233 40 000000a4 0000006f 0
C 234 000000a4 0 0 0 0 0 0 0 0 1 0 0 000000a8 0 0 000000a4 1 1 0 0
C 235 000000a4 0 0 0 0 0 0 0 0 1 0 0 000000a8 0 0 000000a4 0 0 1 0
C 236 000000a4 1 0 0 0 0 0 1 0 1 0 0 000000a4 0 0 000000a8 1 0 0 1
C 237 000000a4 1 1 0 0 0 0 0 1 1 0 0 000000a8 0 0 000000a4 1 1 0 0
C 238 000000a4 0 0 0 0 0 0 0 0 1 0 0 000000a8 0 0 000000a4 0 0 1 0
C 239 000000a4 0 0 0 0 0 0 0 0 1 0 0 000000a8 0 0 000000a4 1 0 0 0
R 239 41 000000a4 0000006f 0
C 240 000000a4 0 0 0 0 0 0 0 0 1 0 0 000000a8 0 0 000000a4 1 1 0 0
C 241 000000a4 0 0 0 0 0 0 0 0 1 0 0 000000a8 0 0 000000a4 0 0 1 0
C 242 000000a4 1 0 0 0 0 0 1 0 1 0 0 000000a4 0 0 000000a8 1 0 0 1
C 243 000000a4 1 1 0 0 0 0 0 1 1 0 0 000000a8 0 0 000000a4 1 1 0 0
C 244 000000a4 0 0 0 0 0 0 0 0 1 0 0 000000a8 0 0 000000a4 0 0 1 0
C 245 000000a4 0 0 0 0 0 0 0 0 1 0 0 000000a8 0 0 000000a4 1 0 0 0
R 245 42 000000a4 0000006f 0
C 246 000000a4 0 0 0 0 0 0 0 0 1 0 0 000000a8 0 0 000000a4 1 1 0 0
C 247 000000a4 0 0 0 0 0 0 0 0 1 0 0 000000a8 0 0 000000a4 0 0 1 0
C 248 000000a4 1 0 0 0 0 0 1 0 1 0 0 000000a4 0 0 000000a8 1 0 0 1
C 249 000000a4 1 1 0 0 0 0 0 1 1 0 0 000000a8 0 0 000000a4 1 1 0 0
C 250 000000a4 0 0 0 0 0 0 0 0 1 0 0 000000a8 0 0 000000a4 0 0 1 0
C 251 000000a4 0 0 0 0 0 0 0 0 1 0 0 000000a8 0 0 000000a4 1 0 0 0
R 251 43 000000a4 0000006f 0
C 252 000000a4 0 0 0 0 0 0 0 0 1 0 0 000000a8 0 0 000000a4 1 1 0 0
C 253 000000a4 0 0 0 0 0 0 0 0 1 0 0 000000a8 0 0 000000a4 0 0 1 0
C 254 000000a4 1 0 0 0 0 0 1 0 1 0 0 000000a4 0 0 000000a8 1 0 0 1
C 255 000000a4 1 1 0 0 0 0 0 1 1 0 0 000000a8 0 0 000000a4 1 1 0 0
C 256 000000a4 0 0 0 0 0 0 0 0 1 0 0 000000a8 0 0 000000a4 0 0 1 0
C 257 000000a4 0 0 0 0 0 0 0 0 1 0 0 000000a8 0 0 000000a4 1 0 0 0
R 257 44 000000a4 0000006f 0
C 258 000000a4 0 0 0 0 0 0 0 0 1 0 0 000000a8 0 0 000000a4 1 1 0 0
C 259 000000a4 0 0 0 0 0 0 0 0 1 0 0 000000a8 0 0 000000a4 0 0 1 0
C 260 000000a4 1 0 0 0 0 0 1 0 1 0 0 000000a4 0 0 000000a8 1 0 0 1
C 261 000000a4 1 1 0 0 0 0 0 1 1 0 0 000000a8 0 0 000000a4 1 1 0 0
C 262 000000a4 0 0 0 0 0 0 0 0 1 0 0 000000a8 0 0 000000a4 0 0 1 0
C 263 000000a4 0 0 0 0 0 0 0 0 1 0 0 000000a8 0 0 000000a4 1 0 0 0
R 263 45 000000a4 0000006f 0
C 264 000000a4 0 0 0 0 0 0 0 0 1 0 0 000000a8 0 0 000000a4 1 1 0 0
C 265 000000a4 0 0 0 0 0 0 0 0 1 0 0 000000a8 0 0 000000a4 0 0 1 0
C 266 000000a4 1 0 0 0 0 0 1 0 1 0 0 000000a4 0 0 000000a8 1 0 0 1
C 267 000000a4 1 1 0 0 0 0 0 1 1 0 0 000000a8 0 0 000000a4 1 1 0 0
C 268 000000a4 0 0 0 0 0 0 0 0 1 0 0 000000a8 0 0 000000a4 0 0 1 0
C 269 000000a4 0 0 0 0 0 0 0 0 1 0 0 000000a8 0 0 000000a4 1 0 0 0
R 269 46 000000a4 0000006f 0
C 270 000000a4 0 0 0 0 0 0 0 0 1 0 0 000000a8 0 0 000000a4 1 1 0 0
C 271 000000a4 0 0 0 0 0 0 0 0 1 0 0 000000a8 0 0 000000a4 0 0 1 0
C 272 000000a4 1 0 0 0 0 0 1 0 1 0 0 000000a4 0 0 000000a8 1 0 0 1
C 273 000000a4 1 1 0 0 0 0 0 1 1 0 0 000000a8 0 0 000000a4 1 1 0 0
C 274 000000a4 0 0 0 0 0 0 0 0 1 0 0 000000a8 0 0 000000a4 0 0 1 0
C 275 000000a4 0 0 0 0 0 0 0 0 1 0 0 000000a8 0 0 000000a4 1 0 0 0
R 275 47 000000a4 0000006f 0
C 276 000000a4 0 0 0 0 0 0 0 0 1 0 0 000000a8 0 0 000000a4 1 1 0 0
C 277 000000a4 0 0 0 0 0 0 0 0 1 0 0 000000a8 0 0 000000a4 0 0 1 0
C 278 000000a4 1 0 0 0 0 0 1 0 1 0 0 000000a4 0 0 000000a8 1 0 0 1
C 279 000000a4 1 1 0 0 0 0 0 1 1 0 0 000000a8 0 0 000000a4 1 1 0 0
C 280 000000a4 0 0 0 0 0 0 0 0 1 0 0 000000a8 0 0 000000a4 0 0 1 0
C 281 000000a4 0 0 0 0 0 0 0 0 1 0 0 000000a8 0 0 000000a4 1 0 0 0
R 281 48 000000a4 0000006f 0
C 282 000000a4 0 0 0 0 0 0 0 0 1 0 0 000000a8 0 0 000000a4 1 1 0 0
C 283 000000a4 0 0 0 0 0 0 0 0 1 0 0 000000a8 0 0 000000a4 0 0 1 0
C 284 000000a4 1 0 0 0 0 0 1 0 1 0 0 000000a4 0 0 000000a8 1 0 0 1
C 285 000000a4 1 1 0 0 0 0 0 1 1 0 0 000000a8 0 0 000000a4 1 1 0 0
C 286 000000a4 0 0 0 0 0 0 0 0 1 0 0 000000a8 0 0 000000a4 0 0 1 0
C 287 000000a4 0 0 0 0 0 0 0 0 1 0 0 000000a8 0 0 000000a4 1 0 0 0
R 287 49 000000a4 0000006f 0
C 288 000000a4 0 0 0 0 0 0 0 0 1 0 0 000000a8 0 0 000000a4 1 1 0 0
C 289 000000a4 0 0 0 0 0 0 0 0 1 0 0 000000a8 0 0 000000a4 0 0 1 0
C 290 000000a4 1 0 0 0 0 0 1 0 1 0 0 000000a4 0 0 000000a8 1 0 0 1
C 291 000000a4 1 1 0 0 0 0 0 1 1 0 0 000000a8 0 0 000000a4 1 1 0 0
C 292 000000a4 0 0 0 0 0 0 0 0 1 0 0 000000a8 0 0 000000a4 0 0 1 0
C 293 000000a4 0 0 0 0 0 0 0 0 1 0 0 000000a8 0 0 000000a4 1 0 0 0
R 293 50 000000a4 0000006f 0
C 294 000000a4 0 0 0 0 0 0 0 0 1 0 0 000000a8 0 0 000000a4 1 1 0 0
C 295 000000a4 0 0 0 0 0 0 0 0 1 0 0 000000a8 0 0 000000a4 0 0 1 0
C 296 000000a4 1 0 0 0 0 0 1 0 1 0 0 000000a4 0 0 000000a8 1 0 0 1
C 297 000000a4 1 1 0 0 0 0 0 1 1 0 0 000000a8 0 0 000000a4 1 1 0 0
C 298 000000a4 0 0 0 0 0 0 0 0 1 0 0 000000a8 0 0 000000a4 0 0 1 0
C 299 000000a4 0 0 0 0 0 0 0 0 1 0 0 000000a8 0 0 000000a4 1 0 0 0
R 299 51 000000a4 0000006f 0
C 300 000000a4 0 0 0 0 0 0 0 0 1 0 0 000000a8 0 0 000000a4 1 1 0 0
C 301 000000a4 0 0 0 0 0 0 0 0 1 0 0 000000a8 0 0 000000a4 0 0 1 0
C 302 000000a4 1 0 0 0 0 0 1 0 1 0 0 000000a4 0 0 000000a8 1 0 0 1
C 303 000000a4 1 1 0 0 0 0 0 1 1 0 0 000000a8 0 0 000000a4 1 1 0 0
C 304 000000a4 0 0 0 0 0 0 0 0 1 0 0 000000a8 0 0 000000a4 0 0 1 0
C 305 000000a4 0 0 0 0 0 0 0 0 1 0 0 000000a8 0 0 000000a4 1 0 0 0
R 305 52 000000a4 0000006f 0
C 306 000000a4 0 0 0 0 0 0 0 0 1 0 0 000000a8 0 0 000000a4 1 1 0 0
C 307 000000a4 0 0 0 0 0 0 0 0 1 0 0 000000a8 0 0 000000a4 0 0 1 0
C 308 000000a4 1 0 0 0 0 0 1 0 1 0 0 000000a4 0 0 000000a8 1 0 0 1
C 309 000000a4 1 1 0 0 0 0 0 1 1 0 0 000000a8 0 0 000000a4 1 1 0 0
C 310 000000a4 0 0 0 0 0 0 0 0 1 0 0 000000a8 0 0 000000a4 0 0 1 0
C 311 000000a4 0 0 0 0 0 0 0 0 1 0 0 000000a8 0 0 000000a4 1 0 0 0
R 311 53 000000a4 0000006f 0
C 312 000000a4 0 0 0 0 0 0 0 0 1 0 0 000000a8 0 0 000000a4 1 1 0 0
C 313 000000a4 0 0 0 0 0 0 0 0 1 0 0 000000a8 0 0 000000a4 0 0 1 0
C 314 000000a4 1 0 0 0 0 0 1 0 1 0 0 000000a4 0 0 000000a8 1 0 0 1
C 315 000000a4 1 1 0 0 0 0 0 1 1 0 0 000000a8 0 0 000000a4 1 1 0 0
C 316 000000a4 0 0 0 0 0 0 0 0 1 0 0 000000a8 0 0 000000a4 0 0 1 0
C 317 000000a4 0 0 0 0 0 0 0 0 1 0 0 000000a8 0 0 000000a4 1 0 0 0
R 317 54 000000a4 0000006f 0
C 318 000000a4 0 0 0 0 0 0 0 0 1 0 0 000000a8 0 0 000000a4 1 1 0 0
C 319 000000a4 0 0 0 0 0 0 0 0 1 0 0 000000a8 0 0 000000a4 0 0 1 0
C 320 000000a4 1 0 0 0 0 0 1 0 1 0 0 000000a4 0 0 000000a8 1 0 0 1
C 321 000000a4 1 1 0 0 0 0 0 1 1 0 0 000000a8 0 0 000000a4 1 1 0 0
C 322 000000a4 0 0 0 0 0 0 0 0 1 0 0 000000a8 0 0 000000a4 0 0 1 0
C 323 000000a4 0 0 0 0 0 0 0 0 1 0 0 000000a8 0 0 000000a4 1 0 0 0
R 323 55 000000a4 0000006f 0
C 324 000000a4 0 0 0 0 0 0 0 0 1 0 0 000000a8 0 0 000000a4 1 1 0 0
C 325 000000a4 0 0 0 0 0 0 0 0 1 0 0 000000a8 0 0 000000a4 0 0 1 0
C 326 000000a4 1 0 0 0 0 0 1 0 1 0 0 000000a4 0 0 000000a8 1 0 0 1
C 327 000000a4 1 1 0 0 0 0 0 1 1 0 0 000000a8 0 0 000000a4 1 1 0 0
C 328 000000a4 0 0 0 0 0 0 0 0 1 0 0 000000a8 0 0 000000a4 0 0 1 0
C 329 000000a4 0 0 0 0 0 0 0 0 1 0 0 000000a8 0 0 000000a4 1 0 0 0
R 329 56 000000a4 0000006f 0
C 330 000000a4 0 0 0 0 0 0 0 0 1 0 0 000000a8 0 0 000000a4 1 1 0 0
C 331 000000a4 0 0 0 0 0 0 0 0 1 0 0 000000a8 0 0 000000a4 0 0 1 0
C 332 000000a4 1 0 0 0 0 0 1 0 1 0 0 000000a4 0 0 000000a8 1 0 0 1
C 333 000000a4 1 1 0 0 0 0 0 1 1 0 0 000000a8 0 0 000000a4 1 1 0 0
C 334 000000a4 0 0 0 0 0 0 0 0 1 0 0 000000a8 0 0 000000a4 0 0 1 0
C 335 000000a4 0 0 0 0 0 0 0 0 1 0 0 000000a8 0 0 000000a4 1 0 0 0
R 335 57 000000a4 0000006f 0
C 336 000000a4 0 0 0 0 0 0 0 0 1 0 0 000000a8 0 0 000000a4 1 1 0 0
C 337 000000a4 0 0 0 0 0 0 0 0 1 0 0 000000a8 0 0 000000a4 0 0 1 0
C 338 000000a4 1 0 0 0 0 0 1 0 1 0 0 000000a4 0 0 000000a8 1 0 0 1
C 339 000000a4 1 1 0 0 0 0 0 1 1 0 0 000000a8 0 0 000000a4 1 1 0 0
C 340 000000a4 0 0 0 0 0 0 0 0 1 0 0 000000a8 0 0 000000a4 0 0 1 0
C 341 000000a4 0 0 0 0 0 0 0 0 1 0 0 000000a8 0 0 000000a4 1 0 0 0
R 341 58 000000a4 0000006f 0
C 342 000000a4 0 0 0 0 0 0 0 0 1 0 0 000000a8 0 0 000000a4 1 1 0 0
C 343 000000a4 0 0 0 0 0 0 0 0 1 0 0 000000a8 0 0 000000a4 0 0 1 0
C 344 000000a4 1 0 0 0 0 0 1 0 1 0 0 000000a4 0 0 000000a8 1 0 0 1
C 345 000000a4 1 1 0 0 0 0 0 1 1 0 0 000000a8 0 0 000000a4 1 1 0 0
C 346 000000a4 0 0 0 0 0 0 0 0 1 0 0 000000a8 0 0 000000a4 0 0 1 0
C 347 000000a4 0 0 0 0 0 0 0 0 1 0 0 000000a8 0 0 000000a4 1 0 0 0
R 347 59 000000a4 0000006f 0
C 348 000000a4 0 0 0 0 0 0 0 0 1 0 0 000000a8 0 0 000000a4 1 1 0 0
C 349 000000a4 0 0 0 0 0 0 0 0 1 0 0 000000a8 0 0 000000a4 0 0 1 0
C 350 000000a4 1 0 0 0 0 0 1 0 1 0 0 000000a4 0 0 000000a8 1 0 0 1
C 351 000000a4 1 1 0 0 0 0 0 1 1 0 0 000000a8 0 0 000000a4 1 1 0 0
C 352 000000a4 0 0 0 0 0 0 0 0 1 0 0 000000a8 0 0 000000a4 0 0 1 0
C 353 000000a4 0 0 0 0 0 0 0 0 1 0 0 000000a8 0 0 000000a4 1 0 0 0
R 353 60 000000a4 0000006f 0
C 354 000000a4 0 0 0 0 0 0 0 0 1 0 0 000000a8 0 0 000000a4 1 1 0 0
C 355 000000a4 0 0 0 0 0 0 0 0 1 0 0 000000a8 0 0 000000a4 0 0 1 0
C 356 000000a4 1 0 0 0 0 0 1 0 1 0 0 000000a4 0 0 000000a8 1 0 0 1
C 357 000000a4 1 1 0 0 0 0 0 1 1 0 0 000000a8 0 0 000000a4 1 1 0 0
C 358 000000a4 0 0 0 0 0 0 0 0 1 0 0 000000a8 0 0 000000a4 0 0 1 0
C 359 000000a4 0 0 0 0 0 0 0 0 1 0 0 000000a8 0 0 000000a4 1 0 0 0
R 359 61 000000a4 0000006f 0
C 360 000000a4 0 0 0 0 0 0 0 0 1 0 0 000000a8 0 0 000000a4 1 1 0 0
C 361 000000a4 0 0 0 0 0 0 0 0 1 0 0 000000a8 0 0 000000a4 0 0 1 0
C 362 000000a4 1 0 0 0 0 0 1 0 1 0 0 000000a4 0 0 000000a8 1 0 0 1
C 363 000000a4 1 1 0 0 0 0 0 1 1 0 0 000000a8 0 0 000000a4 1 1 0 0
C 364 000000a4 0 0 0 0 0 0 0 0 1 0 0 000000a8 0 0 000000a4 0 0 1 0
C 365 000000a4 0 0 0 0 0 0 0 0 1 0 0 000000a8 0 0 000000a4 1 0 0 0
R 365 62 000000a4 0000006f 0
C 366 000000a4 0 0 0 0 0 0 0 0 1 0 0 000000a8 0 0 000000a4 1 1 0 0
C 367 000000a4 0 0 0 0 0 0 0 0 1 0 0 000000a8 0 0 000000a4 0 0 1 0
C 368 000000a4 1 0 0 0 0 0 1 0 1 0 0 000000a4 0 0 000000a8 1 0 0 1
C 369 000000a4 1 1 0 0 0 0 0 1 1 0 0 000000a8 0 0 000000a4 1 1 0 0
C 370 000000a4 0 0 0 0 0 0 0 0 1 0 0 000000a8 0 0 000000a4 0 0 1 0
C 371 000000a4 0 0 0 0 0 0 0 0 1 0 0 000000a8 0 0 000000a4 1 0 0 0
R 371 63 000000a4 0000006f 0
C 372 000000a4 0 0 0 0 0 0 0 0 1 0 0 000000a8 0 0 000000a4 1 1 0 0
C 373 000000a4 0 0 0 0 0 0 0 0 1 0 0 000000a8 0 0 000000a4 0 0 1 0
C 374 000000a4 1 0 0 0 0 0 1 0 1 0 0 000000a4 0 0 000000a8 1 0 0 1
C 375 000000a4 1 1 0 0 0 0 0 1 1 0 0 000000a8 0 0 000000a4 1 1 0 0
C 376 000000a4 0 0 0 0 0 0 0 0 1 0 0 000000a8 0 0 000000a4 0 0 1 0
C 377 000000a4 0 0 0 0 0 0 0 0 1 0 0 000000a8 0 0 000000a4 1 0 0 0
R 377 64 000000a4 0000006f 0
C 378 000000a4 0 0 0 0 0 0 0 0 1 0 0 000000a8 0 0 000000a4 1 1 0 0
C 379 000000a4 0 0 0 0 0 0 0 0 1 0 0 000000a8 0 0 000000a4 0 0 1 0
C 380 000000a4 1 0 0 0 0 0 1 0 1 0 0 000000a4 0 0 000000a8 1 0 0 1
C 381 000000a4 1 1 0 0 0 0 0 1 1 0 0 000000a8 0 0 000000a4 1 1 0 0
C 382 000000a4 0 0 0 0 0 0 0 0 1 0 0 000000a8 0 0 000000a4 0 0 1 0
C 383 000000a4 0 0 0 0 0 0 0 0 1 0 0 000000a8 0 0 000000a4 1 0 0 0
R 383 65 000000a4 0000006f 0
C 384 000000a4 0 0 0 0 0 0 0 0 1 0 0 000000a8 0 0 000000a4 1 1 0 0
C 385 000000a4 0 0 0 0 0 0 0 0 1 0 0 000000a8 0 0 000000a4 0 0 1 0
C 386 000000a4 1 0 0 0 0 0 1 0 1 0 0 000000a4 0 0 000000a8 1 0 0 1
C 387 000000a4 1 1 0 0 0 0 0 1 1 0 0 000000a8 0 0 000000a4 1 1 0 0
C 388 000000a4 0 0 0 0 0 0 0 0 1 0 0 000000a8 0 0 000000a4 0 0 1 0
C 389 000000a4 0 0 0 0 0 0 0 0 1 0 0 000000a8 0 0 000000a4 1 0 0 0
R 389 66 000000a4 0000006f 0
C 390 000000a4 0 0 0 0 0 0 0 0 1 0 0 000000a8 0 0 000000a4 1 1 0 0
C 391 000000a4 0 0 0 0 0 0 0 0 1 0 0 000000a8 0 0 000000a4 0 0 1 0
C 392 000000a4 1 0 0 0 0 0 1 0 1 0 0 000000a4 0 0 000000a8 1 0 0 1
C 393 000000a4 1 1 0 0 0 0 0 1 1 0 0 000000a8 0 0 000000a4 1 1 0 0
C 394 000000a4 0 0 0 0 0 0 0 0 1 0 0 000000a8 0 0 000000a4 0 0 1 0
C 395 000000a4 0 0 0 0 0 0 0 0 1 0 0 000000a8 0 0 000000a4 1 0 0 0
R 395 67 000000a4 0000006f 0
C 396 000000a4 0 0 0 0 0 0 0 0 1 0 0 000000a8 0 0 000000a4 1 1 0 0
C 397 000000a4 0 0 0 0 0 0 0 0 1 0 0 000000a8 0 0 000000a4 0 0 1 0
C 398 000000a4 1 0 0 0 0 0 1 0 1 0 0 000000a4 0 0 000000a8 1 0 0 1
C 399 000000a4 1 1 0 0 0 0 0 1 1 0 0 000000a8 0 0 000000a4 1 1 0 0
REG 0 00000000
REG 1 00000200
REG 2 00000055
REG 3 00000055
REG 4 00000056
REG 5 00000056
REG 6 00000000
REG 7 00000000
REG 8 00000000
REG 9 00000000
REG 10 00000000
REG 11 00000000
REG 12 00000000
REG 13 00000000
REG 14 00000000
REG 15 00000000
REG 16 00000000
REG 17 00000000
REG 18 00000000
REG 19 00000000
REG 20 00000000
REG 21 00000000
REG 22 00000000
REG 23 00000000
REG 24 00000000
REG 25 00000000
REG 26 00000000
REG 27 00000000
REG 28 00000000
REG 29 00000000
REG 30 00000000
REG 31 0000007b
MEM 00000200 56000055
MEM 00000204 44000000
MEM 00000208 44332211
MEM 0000020c 44332211
MEM 00000210 44332211
FINISH
- /home/dungpc/ndmoney4porche/projects/ibex/doc/dungpc/microarchitecture/scripts/core_tb.sv:116: Verilog $finish
