CONFIG WB=1 BT=0 M=2 latency=1 ilatency=1 grant_period=1
C 0 00000000 0 0 0 0 0 0 0 0 1 0 0 00000000 0 0 00000080 0 0 0 1
C 1 00000000 0 0 0 0 0 0 0 0 1 0 0 00000000 0 0 00000080 1 1 0 1
C 2 00000000 0 0 0 0 0 0 0 0 1 0 0 00000000 0 0 00000080 1 1 1 0
C 3 00000080 1 0 0 0 0 0 0 1 1 0 0 00000090 0 0 00000084 1 1 1 0
C 4 00000084 1 0 0 0 0 0 0 1 1 0 0 fffffd4c 0 0 00000088 1 1 1 0
W 4 1 00000090
C 5 00000088 1 0 0 0 0 0 0 1 1 0 0 fffffcfc 0 0 0000008c 1 1 1 0
R 5 1 00000080 09000093 0
C 6 00000088 1 0 0 0 0 0 0 0 1 0 0 fffffcfc 0 0 0000008c 1 1 1 1
R 6 2 00000084 34109073 0
C 7 00000088 0 0 0 0 0 0 0 0 1 0 0 fffffcfc 0 0 00000090 1 1 1 0
R 7 3 00000088 30200073 0
C 8 00000090 1 0 0 0 0 0 0 1 1 0 0 00000078 0 0 00000094 1 1 1 0
C 9 00000094 1 0 0 0 0 0 1 0 1 0 0 00000094 0 0 00000098 1 1 1 1
W 9 31 0000007b
C 10 00000094 1 1 0 0 0 0 0 1 1 0 0 00000098 0 0 00000094 1 1 1 0
R 10 4 00000090 07b00f93 0
C 11 00000094 1 0 0 0 0 0 1 0 1 0 0 00000094 0 0 00000098 1 1 1 1
C 12 00000094 1 1 0 0 0 0 0 1 1 0 0 00000098 0 0 00000094 1 1 1 0
R 12 5 00000094 0000006f 0
C 13 00000094 1 0 0 0 0 0 1 0 1 0 0 00000094 0 0 00000098 1 1 1 1
C 14 00000094 1 1 0 0 0 0 0 1 1 0 0 00000098 0 0 00000094 1 1 1 0
R 14 6 00000094 0000006f 0
C 15 00000094 1 0 0 0 0 0 1 0 1 0 0 00000094 0 0 00000098 1 1 1 1
C 16 00000094 1 1 0 0 0 0 0 1 1 0 0 00000098 0 0 00000094 1 1 1 0
R 16 7 00000094 0000006f 0
C 17 00000094 1 0 0 0 0 0 1 0 1 0 0 00000094 0 0 00000098 1 1 1 1
C 18 00000094 1 1 0 0 0 0 0 1 1 0 0 00000098 0 0 00000094 1 1 1 0
R 18 8 00000094 0000006f 0
C 19 00000094 1 0 0 0 0 0 1 0 1 0 0 00000094 0 0 00000098 1 1 1 1
C 20 00000094 1 1 0 0 0 0 0 1 1 0 0 00000098 0 0 00000094 1 1 1 0
R 20 9 00000094 0000006f 0
C 21 00000094 1 0 0 0 0 0 1 0 1 0 0 00000094 0 0 00000098 1 1 1 1
C 22 00000094 1 1 0 0 0 0 0 1 1 0 0 00000098 0 0 00000094 1 1 1 0
R 22 10 00000094 0000006f 0
C 23 00000094 1 0 0 0 0 0 1 0 1 0 0 00000094 0 0 00000098 1 1 1 1
C 24 00000094 1 1 0 0 0 0 0 1 1 0 0 00000098 0 0 00000094 1 1 1 0
R 24 11 00000094 0000006f 0
C 25 00000094 1 0 0 0 0 0 1 0 1 0 0 00000094 0 0 00000098 1 1 1 1
C 26 00000094 1 1 0 0 0 0 0 1 1 0 0 00000098 0 0 00000094 1 1 1 0
R 26 12 00000094 0000006f 0
C 27 00000094 1 0 0 0 0 0 1 0 1 0 0 00000094 0 0 00000098 1 1 1 1
C 28 00000094 1 1 0 0 0 0 0 1 1 0 0 00000098 0 0 00000094 1 1 1 0
R 28 13 00000094 0000006f 0
C 29 00000094 1 0 0 0 0 0 1 0 1 0 0 00000094 0 0 00000098 1 1 1 1
C 30 00000094 1 1 0 0 0 0 0 1 1 0 0 00000098 0 0 00000094 1 1 1 0
R 30 14 00000094 0000006f 0
C 31 00000094 1 0 0 0 0 0 1 0 1 0 0 00000094 0 0 00000098 1 1 1 1
C 32 00000094 1 1 0 0 0 0 0 1 1 0 0 00000098 0 0 00000094 1 1 1 0
R 32 15 00000094 0000006f 0
C 33 00000094 1 0 0 0 0 0 1 0 1 0 0 00000094 0 0 00000098 1 1 1 1
C 34 00000094 1 1 0 0 0 0 0 1 1 0 0 00000098 0 0 00000094 1 1 1 0
R 34 16 00000094 0000006f 0
C 35 00000094 1 0 0 0 0 0 1 0 1 0 0 00000094 0 0 00000098 1 1 1 1
C 36 00000094 1 1 0 0 0 0 0 1 1 0 0 00000098 0 0 00000094 1 1 1 0
R 36 17 00000094 0000006f 0
C 37 00000094 1 0 0 0 0 0 1 0 1 0 0 00000094 0 0 00000098 1 1 1 1
C 38 00000094 1 1 0 0 0 0 0 1 1 0 0 00000098 0 0 00000094 1 1 1 0
R 38 18 00000094 0000006f 0
C 39 00000094 1 0 0 0 0 0 1 0 1 0 0 00000094 0 0 00000098 1 1 1 1
C 40 00000094 1 1 0 0 0 0 0 1 1 0 0 00000098 0 0 00000094 1 1 1 0
R 40 19 00000094 0000006f 0
C 41 00000094 1 0 0 0 0 0 1 0 1 0 0 00000094 0 0 00000098 1 1 1 1
C 42 00000094 1 1 0 0 0 0 0 1 1 0 0 00000098 0 0 00000094 1 1 1 0
R 42 20 00000094 0000006f 0
C 43 00000094 1 0 0 0 0 0 1 0 1 0 0 00000094 0 0 00000098 1 1 1 1
C 44 00000094 1 1 0 0 0 0 0 1 1 0 0 00000098 0 0 00000094 1 1 1 0
R 44 21 00000094 0000006f 0
C 45 00000094 1 0 0 0 0 0 1 0 1 0 0 00000094 0 0 00000098 1 1 1 1
C 46 00000094 1 1 0 0 0 0 0 1 1 0 0 00000098 0 0 00000094 1 1 1 0
R 46 22 00000094 0000006f 0
C 47 00000094 1 0 0 0 0 0 1 0 1 0 0 00000094 0 0 00000098 1 1 1 1
C 48 00000094 1 1 0 0 0 0 0 1 1 0 0 00000098 0 0 00000094 1 1 1 0
R 48 23 00000094 0000006f 0
C 49 00000094 1 0 0 0 0 0 1 0 1 0 0 00000094 0 0 00000098 1 1 1 1
C 50 00000094 1 1 0 0 0 0 0 1 1 0 0 00000098 0 0 00000094 1 1 1 0
R 50 24 00000094 0000006f 0
C 51 00000094 1 0 0 0 0 0 1 0 1 0 0 00000094 0 0 00000098 1 1 1 1
C 52 00000094 1 1 0 0 0 0 0 1 1 0 0 00000098 0 0 00000094 1 1 1 0
R 52 25 00000094 0000006f 0
C 53 00000094 1 0 0 0 0 0 1 0 1 0 0 00000094 0 0 00000098 1 1 1 1
C 54 00000094 1 1 0 0 0 0 0 1 1 0 0 00000098 0 0 00000094 1 1 1 0
R 54 26 00000094 0000006f 0
C 55 00000094 1 0 0 0 0 0 1 0 1 0 0 00000094 0 0 00000098 1 1 1 1
C 56 00000094 1 1 0 0 0 0 0 1 1 0 0 00000098 0 0 00000094 1 1 1 0
R 56 27 00000094 0000006f 0
C 57 00000094 1 0 0 0 0 0 1 0 1 0 0 00000094 0 0 00000098 1 1 1 1
C 58 00000094 1 1 0 0 0 0 0 1 1 0 0 00000098 0 0 00000094 1 1 1 0
R 58 28 00000094 0000006f 0
C 59 00000094 1 0 0 0 0 0 1 0 1 0 0 00000094 0 0 00000098 1 1 1 1
C 60 00000094 1 1 0 0 0 0 0 1 1 0 0 00000098 0 0 00000094 1 1 1 0
R 60 29 00000094 0000006f 0
C 61 00000094 1 0 0 0 0 0 1 0 1 0 0 00000094 0 0 00000098 1 1 1 1
C 62 00000094 1 1 0 0 0 0 0 1 1 0 0 00000098 0 0 00000094 1 1 1 0
R 62 30 00000094 0000006f 0
C 63 00000094 1 0 0 0 0 0 1 0 1 0 0 00000094 0 0 00000098 1 1 1 1
C 64 00000094 1 1 0 0 0 0 0 1 1 0 0 00000098 0 0 00000094 1 1 1 0
R 64 31 00000094 0000006f 0
C 65 00000094 1 0 0 0 0 0 1 0 1 0 0 00000094 0 0 00000098 1 1 1 1
C 66 00000094 1 1 0 0 0 0 0 1 1 0 0 00000098 0 0 00000094 1 1 1 0
R 66 32 00000094 0000006f 0
C 67 00000094 1 0 0 0 0 0 1 0 1 0 0 00000094 0 0 00000098 1 1 1 1
C 68 00000094 1 1 0 0 0 0 0 1 1 0 0 00000098 0 0 00000094 1 1 1 0
R 68 33 00000094 0000006f 0
C 69 00000094 1 0 0 0 0 0 1 0 1 0 0 00000094 0 0 00000098 1 1 1 1
C 70 00000094 1 1 0 0 0 0 0 1 1 0 0 00000098 0 0 00000094 1 1 1 0
R 70 34 00000094 0000006f 0
C 71 00000094 1 0 0 0 0 0 1 0 1 0 0 00000094 0 0 00000098 1 1 1 1
C 72 00000094 1 1 0 0 0 0 0 1 1 0 0 00000098 0 0 00000094 1 1 1 0
R 72 35 00000094 0000006f 0
C 73 00000094 1 0 0 0 0 0 1 0 1 0 0 00000094 0 0 00000098 1 1 1 1
C 74 00000094 1 1 0 0 0 0 0 1 1 0 0 00000098 0 0 00000094 1 1 1 0
R 74 36 00000094 0000006f 0
C 75 00000094 1 0 0 0 0 0 1 0 1 0 0 00000094 0 0 00000098 1 1 1 1
C 76 00000094 1 1 0 0 0 0 0 1 1 0 0 00000098 0 0 00000094 1 1 1 0
R 76 37 00000094 0000006f 0
C 77 00000094 1 0 0 0 0 0 1 0 1 0 0 00000094 0 0 00000098 1 1 1 1
C 78 00000094 1 1 0 0 0 0 0 1 1 0 0 00000098 0 0 00000094 1 1 1 0
R 78 38 00000094 0000006f 0
C 79 00000094 1 0 0 0 0 0 1 0 1 0 0 00000094 0 0 00000098 1 1 1 1
C 80 00000094 1 1 0 0 0 0 0 1 1 0 0 00000098 0 0 00000094 1 1 1 0
R 80 39 00000094 0000006f 0
C 81 00000094 1 0 0 0 0 0 1 0 1 0 0 00000094 0 0 00000098 1 1 1 1
C 82 00000094 1 1 0 0 0 0 0 1 1 0 0 00000098 0 0 00000094 1 1 1 0
R 82 40 00000094 0000006f 0
C 83 00000094 1 0 0 0 0 0 1 0 1 0 0 00000094 0 0 00000098 1 1 1 1
C 84 00000094 1 1 0 0 0 0 0 1 1 0 0 00000098 0 0 00000094 1 1 1 0
R 84 41 00000094 0000006f 0
C 85 00000094 1 0 0 0 0 0 1 0 1 0 0 00000094 0 0 00000098 1 1 1 1
C 86 00000094 1 1 0 0 0 0 0 1 1 0 0 00000098 0 0 00000094 1 1 1 0
R 86 42 00000094 0000006f 0
C 87 00000094 1 0 0 0 0 0 1 0 1 0 0 00000094 0 0 00000098 1 1 1 1
C 88 00000094 1 1 0 0 0 0 0 1 1 0 0 00000098 0 0 00000094 1 1 1 0
R 88 43 00000094 0000006f 0
C 89 00000094 1 0 0 0 0 0 1 0 1 0 0 00000094 0 0 00000098 1 1 1 1
C 90 00000094 1 1 0 0 0 0 0 1 1 0 0 00000098 0 0 00000094 1 1 1 0
R 90 44 00000094 0000006f 0
C 91 00000094 1 0 0 0 0 0 1 0 1 0 0 00000094 0 0 00000098 1 1 1 1
C 92 00000094 1 1 0 0 0 0 0 1 1 0 0 00000098 0 0 00000094 1 1 1 0
R 92 45 00000094 0000006f 0
C 93 00000094 1 0 0 0 0 0 1 0 1 0 0 00000094 0 0 00000098 1 1 1 1
C 94 00000094 1 1 0 0 0 0 0 1 1 0 0 00000098 0 0 00000094 1 1 1 0
R 94 46 00000094 0000006f 0
C 95 00000094 1 0 0 0 0 0 1 0 1 0 0 00000094 0 0 00000098 1 1 1 1
C 96 00000094 1 1 0 0 0 0 0 1 1 0 0 00000098 0 0 00000094 1 1 1 0
R 96 47 00000094 0000006f 0
C 97 00000094 1 0 0 0 0 0 1 0 1 0 0 00000094 0 0 00000098 1 1 1 1
C 98 00000094 1 1 0 0 0 0 0 1 1 0 0 00000098 0 0 00000094 1 1 1 0
R 98 48 00000094 0000006f 0
C 99 00000094 1 0 0 0 0 0 1 0 1 0 0 00000094 0 0 00000098 1 1 1 1
C 100 00000094 1 1 0 0 0 0 0 1 1 0 0 00000098 0 0 00000094 1 1 1 0
R 100 49 00000094 0000006f 0
C 101 00000094 1 0 0 0 0 0 1 0 1 0 0 00000094 0 0 00000098 1 1 1 1
C 102 00000094 1 1 0 0 0 0 0 1 1 0 0 00000098 0 0 00000094 1 1 1 0
R 102 50 00000094 0000006f 0
C 103 00000094 1 0 0 0 0 0 1 0 1 0 0 00000094 0 0 00000098 1 1 1 1
C 104 00000094 1 1 0 0 0 0 0 1 1 0 0 00000098 0 0 00000094 1 1 1 0
R 104 51 00000094 0000006f 0
C 105 00000094 1 0 0 0 0 0 1 0 1 0 0 00000094 0 0 00000098 1 1 1 1
C 106 00000094 1 1 0 0 0 0 0 1 1 0 0 00000098 0 0 00000094 1 1 1 0
R 106 52 00000094 0000006f 0
C 107 00000094 1 0 0 0 0 0 1 0 1 0 0 00000094 0 0 00000098 1 1 1 1
C 108 00000094 1 1 0 0 0 0 0 1 1 0 0 00000098 0 0 00000094 1 1 1 0
R 108 53 00000094 0000006f 0
C 109 00000094 1 0 0 0 0 0 1 0 1 0 0 00000094 0 0 00000098 1 1 1 1
C 110 00000094 1 1 0 0 0 0 0 1 1 0 0 00000098 0 0 00000094 1 1 1 0
R 110 54 00000094 0000006f 0
C 111 00000094 1 0 0 0 0 0 1 0 1 0 0 00000094 0 0 00000098 1 1 1 1
C 112 00000094 1 1 0 0 0 0 0 1 1 0 0 00000098 0 0 00000094 1 1 1 0
R 112 55 00000094 0000006f 0
C 113 00000094 1 0 0 0 0 0 1 0 1 0 0 00000094 0 0 00000098 1 1 1 1
C 114 00000094 1 1 0 0 0 0 0 1 1 0 0 00000098 0 0 00000094 1 1 1 0
R 114 56 00000094 0000006f 0
C 115 00000094 1 0 0 0 0 0 1 0 1 0 0 00000094 0 0 00000098 1 1 1 1
C 116 00000094 1 1 0 0 0 0 0 1 1 0 0 00000098 0 0 00000094 1 1 1 0
R 116 57 00000094 0000006f 0
C 117 00000094 1 0 0 0 0 0 1 0 1 0 0 00000094 0 0 00000098 1 1 1 1
C 118 00000094 1 1 0 0 0 0 0 1 1 0 0 00000098 0 0 00000094 1 1 1 0
R 118 58 00000094 0000006f 0
C 119 00000094 1 0 0 0 0 0 1 0 1 0 0 00000094 0 0 00000098 1 1 1 1
C 120 00000094 1 1 0 0 0 0 0 1 1 0 0 00000098 0 0 00000094 1 1 1 0
R 120 59 00000094 0000006f 0
C 121 00000094 1 0 0 0 0 0 1 0 1 0 0 00000094 0 0 00000098 1 1 1 1
C 122 00000094 1 1 0 0 0 0 0 1 1 0 0 00000098 0 0 00000094 1 1 1 0
R 122 60 00000094 0000006f 0
C 123 00000094 1 0 0 0 0 0 1 0 1 0 0 00000094 0 0 00000098 1 1 1 1
C 124 00000094 1 1 0 0 0 0 0 1 1 0 0 00000098 0 0 00000094 1 1 1 0
R 124 61 00000094 0000006f 0
C 125 00000094 1 0 0 0 0 0 1 0 1 0 0 00000094 0 0 00000098 1 1 1 1
C 126 00000094 1 1 0 0 0 0 0 1 1 0 0 00000098 0 0 00000094 1 1 1 0
R 126 62 00000094 0000006f 0
C 127 00000094 1 0 0 0 0 0 1 0 1 0 0 00000094 0 0 00000098 1 1 1 1
C 128 00000094 1 1 0 0 0 0 0 1 1 0 0 00000098 0 0 00000094 1 1 1 0
R 128 63 00000094 0000006f 0
C 129 00000094 1 0 0 0 0 0 1 0 1 0 0 00000094 0 0 00000098 1 1 1 1
C 130 00000094 1 1 0 0 0 0 0 1 1 0 0 00000098 0 0 00000094 1 1 1 0
R 130 64 00000094 0000006f 0
C 131 00000094 1 0 0 0 0 0 1 0 1 0 0 00000094 0 0 00000098 1 1 1 1
C 132 00000094 1 1 0 0 0 0 0 1 1 0 0 00000098 0 0 00000094 1 1 1 0
R 132 65 00000094 0000006f 0
C 133 00000094 1 0 0 0 0 0 1 0 1 0 0 00000094 0 0 00000098 1 1 1 1
C 134 00000094 1 1 0 0 0 0 0 1 1 0 0 00000098 0 0 00000094 1 1 1 0
R 134 66 00000094 0000006f 0
C 135 00000094 1 0 0 0 0 0 1 0 1 0 0 00000094 0 0 00000098 1 1 1 1
C 136 00000094 1 1 0 0 0 0 0 1 1 0 0 00000098 0 0 00000094 1 1 1 0
R 136 67 00000094 0000006f 0
C 137 00000094 1 0 0 0 0 0 1 0 1 0 0 00000094 0 0 00000098 1 1 1 1
C 138 00000094 1 1 0 0 0 0 0 1 1 0 0 00000098 0 0 00000094 1 1 1 0
R 138 68 00000094 0000006f 0
C 139 00000094 1 0 0 0 0 0 1 0 1 0 0 00000094 0 0 00000098 1 1 1 1
C 140 00000094 1 1 0 0 0 0 0 1 1 0 0 00000098 0 0 00000094 1 1 1 0
R 140 69 00000094 0000006f 0
C 141 00000094 1 0 0 0 0 0 1 0 1 0 0 00000094 0 0 00000098 1 1 1 1
C 142 00000094 1 1 0 0 0 0 0 1 1 0 0 00000098 0 0 00000094 1 1 1 0
R 142 70 00000094 0000006f 0
C 143 00000094 1 0 0 0 0 0 1 0 1 0 0 00000094 0 0 00000098 1 1 1 1
C 144 00000094 1 1 0 0 0 0 0 1 1 0 0 00000098 0 0 00000094 1 1 1 0
R 144 71 00000094 0000006f 0
C 145 00000094 1 0 0 0 0 0 1 0 1 0 0 00000094 0 0 00000098 1 1 1 1
C 146 00000094 1 1 0 0 0 0 0 1 1 0 0 00000098 0 0 00000094 1 1 1 0
R 146 72 00000094 0000006f 0
C 147 00000094 1 0 0 0 0 0 1 0 1 0 0 00000094 0 0 00000098 1 1 1 1
C 148 00000094 1 1 0 0 0 0 0 1 1 0 0 00000098 0 0 00000094 1 1 1 0
R 148 73 00000094 0000006f 0
C 149 00000094 1 0 0 0 0 0 1 0 1 0 0 00000094 0 0 00000098 1 1 1 1
C 150 00000094 1 1 0 0 0 0 0 1 1 0 0 00000098 0 0 00000094 1 1 1 0
R 150 74 00000094 0000006f 0
C 151 00000094 1 0 0 0 0 0 1 0 1 0 0 00000094 0 0 00000098 1 1 1 1
C 152 00000094 1 1 0 0 0 0 0 1 1 0 0 00000098 0 0 00000094 1 1 1 0
R 152 75 00000094 0000006f 0
C 153 00000094 1 0 0 0 0 0 1 0 1 0 0 00000094 0 0 00000098 1 1 1 1
C 154 00000094 1 1 0 0 0 0 0 1 1 0 0 00000098 0 0 00000094 1 1 1 0
R 154 76 00000094 0000006f 0
C 155 00000094 1 0 0 0 0 0 1 0 1 0 0 00000094 0 0 00000098 1 1 1 1
C 156 00000094 1 1 0 0 0 0 0 1 1 0 0 00000098 0 0 00000094 1 1 1 0
R 156 77 00000094 0000006f 0
C 157 00000094 1 0 0 0 0 0 1 0 1 0 0 00000094 0 0 00000098 1 1 1 1
C 158 00000094 1 1 0 0 0 0 0 1 1 0 0 00000098 0 0 00000094 1 1 1 0
R 158 78 00000094 0000006f 0
C 159 00000094 1 0 0 0 0 0 1 0 1 0 0 00000094 0 0 00000098 1 1 1 1
C 160 00000094 1 1 0 0 0 0 0 1 1 0 0 00000098 0 0 00000094 1 1 1 0
R 160 79 00000094 0000006f 0
C 161 00000094 1 0 0 0 0 0 1 0 1 0 0 00000094 0 0 00000098 1 1 1 1
C 162 00000094 1 1 0 0 0 0 0 1 1 0 0 00000098 0 0 00000094 1 1 1 0
R 162 80 00000094 0000006f 0
C 163 00000094 1 0 0 0 0 0 1 0 1 0 0 00000094 0 0 00000098 1 1 1 1
C 164 00000094 1 1 0 0 0 0 0 1 1 0 0 00000098 0 0 00000094 1 1 1 0
R 164 81 00000094 0000006f 0
C 165 00000094 1 0 0 0 0 0 1 0 1 0 0 00000094 0 0 00000098 1 1 1 1
C 166 00000094 1 1 0 0 0 0 0 1 1 0 0 00000098 0 0 00000094 1 1 1 0
R 166 82 00000094 0000006f 0
C 167 00000094 1 0 0 0 0 0 1 0 1 0 0 00000094 0 0 00000098 1 1 1 1
C 168 00000094 1 1 0 0 0 0 0 1 1 0 0 00000098 0 0 00000094 1 1 1 0
R 168 83 00000094 0000006f 0
C 169 00000094 1 0 0 0 0 0 1 0 1 0 0 00000094 0 0 00000098 1 1 1 1
C 170 00000094 1 1 0 0 0 0 0 1 1 0 0 00000098 0 0 00000094 1 1 1 0
R 170 84 00000094 0000006f 0
C 171 00000094 1 0 0 0 0 0 1 0 1 0 0 00000094 0 0 00000098 1 1 1 1
C 172 00000094 1 1 0 0 0 0 0 1 1 0 0 00000098 0 0 00000094 1 1 1 0
R 172 85 00000094 0000006f 0
C 173 00000094 1 0 0 0 0 0 1 0 1 0 0 00000094 0 0 00000098 1 1 1 1
C 174 00000094 1 1 0 0 0 0 0 1 1 0 0 00000098 0 0 00000094 1 1 1 0
R 174 86 00000094 0000006f 0
C 175 00000094 1 0 0 0 0 0 1 0 1 0 0 00000094 0 0 00000098 1 1 1 1
C 176 00000094 1 1 0 0 0 0 0 1 1 0 0 00000098 0 0 00000094 1 1 1 0
R 176 87 00000094 0000006f 0
C 177 00000094 1 0 0 0 0 0 1 0 1 0 0 00000094 0 0 00000098 1 1 1 1
C 178 00000094 1 1 0 0 0 0 0 1 1 0 0 00000098 0 0 00000094 1 1 1 0
R 178 88 00000094 0000006f 0
C 179 00000094 1 0 0 0 0 0 1 0 1 0 0 00000094 0 0 00000098 1 1 1 1
C 180 00000094 1 1 0 0 0 0 0 1 1 0 0 00000098 0 0 00000094 1 1 1 0
R 180 89 00000094 0000006f 0
C 181 00000094 1 0 0 0 0 0 1 0 1 0 0 00000094 0 0 00000098 1 1 1 1
C 182 00000094 1 1 0 0 0 0 0 1 1 0 0 00000098 0 0 00000094 1 1 1 0
R 182 90 00000094 0000006f 0
C 183 00000094 1 0 0 0 0 0 1 0 1 0 0 00000094 0 0 00000098 1 1 1 1
C 184 00000094 1 1 0 0 0 0 0 1 1 0 0 00000098 0 0 00000094 1 1 1 0
R 184 91 00000094 0000006f 0
C 185 00000094 1 0 0 0 0 0 1 0 1 0 0 00000094 0 0 00000098 1 1 1 1
C 186 00000094 1 1 0 0 0 0 0 1 1 0 0 00000098 0 0 00000094 1 1 1 0
R 186 92 00000094 0000006f 0
C 187 00000094 1 0 0 0 0 0 1 0 1 0 0 00000094 0 0 00000098 1 1 1 1
C 188 00000094 1 1 0 0 0 0 0 1 1 0 0 00000098 0 0 00000094 1 1 1 0
R 188 93 00000094 0000006f 0
C 189 00000094 1 0 0 0 0 0 1 0 1 0 0 00000094 0 0 00000098 1 1 1 1
C 190 00000094 1 1 0 0 0 0 0 1 1 0 0 00000098 0 0 00000094 1 1 1 0
R 190 94 00000094 0000006f 0
C 191 00000094 1 0 0 0 0 0 1 0 1 0 0 00000094 0 0 00000098 1 1 1 1
C 192 00000094 1 1 0 0 0 0 0 1 1 0 0 00000098 0 0 00000094 1 1 1 0
R 192 95 00000094 0000006f 0
C 193 00000094 1 0 0 0 0 0 1 0 1 0 0 00000094 0 0 00000098 1 1 1 1
C 194 00000094 1 1 0 0 0 0 0 1 1 0 0 00000098 0 0 00000094 1 1 1 0
R 194 96 00000094 0000006f 0
C 195 00000094 1 0 0 0 0 0 1 0 1 0 0 00000094 0 0 00000098 1 1 1 1
C 196 00000094 1 1 0 0 0 0 0 1 1 0 0 00000098 0 0 00000094 1 1 1 0
R 196 97 00000094 0000006f 0
C 197 00000094 1 0 0 0 0 0 1 0 1 0 0 00000094 0 0 00000098 1 1 1 1
C 198 00000094 1 1 0 0 0 0 0 1 1 0 0 00000098 0 0 00000094 1 1 1 0
R 198 98 00000094 0000006f 0
C 199 00000094 1 0 0 0 0 0 1 0 1 0 0 00000094 0 0 00000098 1 1 1 1
C 200 00000094 1 1 0 0 0 0 0 1 1 0 0 00000098 0 0 00000094 1 1 1 0
R 200 99 00000094 0000006f 0
C 201 00000094 1 0 0 0 0 0 1 0 1 0 0 00000094 0 0 00000098 1 1 1 1
C 202 00000094 1 1 0 0 0 0 0 1 1 0 0 00000098 0 0 00000094 1 1 1 0
R 202 100 00000094 0000006f 0
C 203 00000094 1 0 0 0 0 0 1 0 1 0 0 00000094 0 0 00000098 1 1 1 1
C 204 00000094 1 1 0 0 0 0 0 1 1 0 0 00000098 0 0 00000094 1 1 1 0
R 204 101 00000094 0000006f 0
C 205 00000094 1 0 0 0 0 0 1 0 1 0 0 00000094 0 0 00000098 1 1 1 1
C 206 00000094 1 1 0 0 0 0 0 1 1 0 0 00000098 0 0 00000094 1 1 1 0
R 206 102 00000094 0000006f 0
C 207 00000094 1 0 0 0 0 0 1 0 1 0 0 00000094 0 0 00000098 1 1 1 1
C 208 00000094 1 1 0 0 0 0 0 1 1 0 0 00000098 0 0 00000094 1 1 1 0
R 208 103 00000094 0000006f 0
C 209 00000094 1 0 0 0 0 0 1 0 1 0 0 00000094 0 0 00000098 1 1 1 1
C 210 00000094 1 1 0 0 0 0 0 1 1 0 0 00000098 0 0 00000094 1 1 1 0
R 210 104 00000094 0000006f 0
C 211 00000094 1 0 0 0 0 0 1 0 1 0 0 00000094 0 0 00000098 1 1 1 1
C 212 00000094 1 1 0 0 0 0 0 1 1 0 0 00000098 0 0 00000094 1 1 1 0
R 212 105 00000094 0000006f 0
C 213 00000094 1 0 0 0 0 0 1 0 1 0 0 00000094 0 0 00000098 1 1 1 1
C 214 00000094 1 1 0 0 0 0 0 1 1 0 0 00000098 0 0 00000094 1 1 1 0
R 214 106 00000094 0000006f 0
C 215 00000094 1 0 0 0 0 0 1 0 1 0 0 00000094 0 0 00000098 1 1 1 1
C 216 00000094 1 1 0 0 0 0 0 1 1 0 0 00000098 0 0 00000094 1 1 1 0
R 216 107 00000094 0000006f 0
C 217 00000094 1 0 0 0 0 0 1 0 1 0 0 00000094 0 0 00000098 1 1 1 1
C 218 00000094 1 1 0 0 0 0 0 1 1 0 0 00000098 0 0 00000094 1 1 1 0
R 218 108 00000094 0000006f 0
C 219 00000094 1 0 0 0 0 0 1 0 1 0 0 00000094 0 0 00000098 1 1 1 1
C 220 00000094 1 1 0 0 0 0 0 1 1 0 0 00000098 0 0 00000094 1 1 1 0
R 220 109 00000094 0000006f 0
C 221 00000094 1 0 0 0 0 0 1 0 1 0 0 00000094 0 0 00000098 1 1 1 1
C 222 00000094 1 1 0 0 0 0 0 1 1 0 0 00000098 0 0 00000094 1 1 1 0
R 222 110 00000094 0000006f 0
C 223 00000094 1 0 0 0 0 0 1 0 1 0 0 00000094 0 0 00000098 1 1 1 1
C 224 00000094 1 1 0 0 0 0 0 1 1 0 0 00000098 0 0 00000094 1 1 1 0
R 224 111 00000094 0000006f 0
C 225 00000094 1 0 0 0 0 0 1 0 1 0 0 00000094 0 0 00000098 1 1 1 1
C 226 00000094 1 1 0 0 0 0 0 1 1 0 0 00000098 0 0 00000094 1 1 1 0
R 226 112 00000094 0000006f 0
C 227 00000094 1 0 0 0 0 0 1 0 1 0 0 00000094 0 0 00000098 1 1 1 1
C 228 00000094 1 1 0 0 0 0 0 1 1 0 0 00000098 0 0 00000094 1 1 1 0
R 228 113 00000094 0000006f 0
C 229 00000094 1 0 0 0 0 0 1 0 1 0 0 00000094 0 0 00000098 1 1 1 1
C 230 00000094 1 1 0 0 0 0 0 1 1 0 0 00000098 0 0 00000094 1 1 1 0
R 230 114 00000094 0000006f 0
C 231 00000094 1 0 0 0 0 0 1 0 1 0 0 00000094 0 0 00000098 1 1 1 1
C 232 00000094 1 1 0 0 0 0 0 1 1 0 0 00000098 0 0 00000094 1 1 1 0
R 232 115 00000094 0000006f 0
C 233 00000094 1 0 0 0 0 0 1 0 1 0 0 00000094 0 0 00000098 1 1 1 1
C 234 00000094 1 1 0 0 0 0 0 1 1 0 0 00000098 0 0 00000094 1 1 1 0
R 234 116 00000094 0000006f 0
C 235 00000094 1 0 0 0 0 0 1 0 1 0 0 00000094 0 0 00000098 1 1 1 1
C 236 00000094 1 1 0 0 0 0 0 1 1 0 0 00000098 0 0 00000094 1 1 1 0
R 236 117 00000094 0000006f 0
C 237 00000094 1 0 0 0 0 0 1 0 1 0 0 00000094 0 0 00000098 1 1 1 1
C 238 00000094 1 1 0 0 0 0 0 1 1 0 0 00000098 0 0 00000094 1 1 1 0
R 238 118 00000094 0000006f 0
C 239 00000094 1 0 0 0 0 0 1 0 1 0 0 00000094 0 0 00000098 1 1 1 1
C 240 00000094 1 1 0 0 0 0 0 1 1 0 0 00000098 0 0 00000094 1 1 1 0
R 240 119 00000094 0000006f 0
C 241 00000094 1 0 0 0 0 0 1 0 1 0 0 00000094 0 0 00000098 1 1 1 1
C 242 00000094 1 1 0 0 0 0 0 1 1 0 0 00000098 0 0 00000094 1 1 1 0
R 242 120 00000094 0000006f 0
C 243 00000094 1 0 0 0 0 0 1 0 1 0 0 00000094 0 0 00000098 1 1 1 1
C 244 00000094 1 1 0 0 0 0 0 1 1 0 0 00000098 0 0 00000094 1 1 1 0
R 244 121 00000094 0000006f 0
C 245 00000094 1 0 0 0 0 0 1 0 1 0 0 00000094 0 0 00000098 1 1 1 1
C 246 00000094 1 1 0 0 0 0 0 1 1 0 0 00000098 0 0 00000094 1 1 1 0
R 246 122 00000094 0000006f 0
C 247 00000094 1 0 0 0 0 0 1 0 1 0 0 00000094 0 0 00000098 1 1 1 1
C 248 00000094 1 1 0 0 0 0 0 1 1 0 0 00000098 0 0 00000094 1 1 1 0
R 248 123 00000094 0000006f 0
C 249 00000094 1 0 0 0 0 0 1 0 1 0 0 00000094 0 0 00000098 1 1 1 1
C 250 00000094 1 1 0 0 0 0 0 1 1 0 0 00000098 0 0 00000094 1 1 1 0
R 250 124 00000094 0000006f 0
C 251 00000094 1 0 0 0 0 0 1 0 1 0 0 00000094 0 0 00000098 1 1 1 1
C 252 00000094 1 1 0 0 0 0 0 1 1 0 0 00000098 0 0 00000094 1 1 1 0
R 252 125 00000094 0000006f 0
C 253 00000094 1 0 0 0 0 0 1 0 1 0 0 00000094 0 0 00000098 1 1 1 1
C 254 00000094 1 1 0 0 0 0 0 1 1 0 0 00000098 0 0 00000094 1 1 1 0
R 254 126 00000094 0000006f 0
C 255 00000094 1 0 0 0 0 0 1 0 1 0 0 00000094 0 0 00000098 1 1 1 1
C 256 00000094 1 1 0 0 0 0 0 1 1 0 0 00000098 0 0 00000094 1 1 1 0
R 256 127 00000094 0000006f 0
C 257 00000094 1 0 0 0 0 0 1 0 1 0 0 00000094 0 0 00000098 1 1 1 1
C 258 00000094 1 1 0 0 0 0 0 1 1 0 0 00000098 0 0 00000094 1 1 1 0
R 258 128 00000094 0000006f 0
C 259 00000094 1 0 0 0 0 0 1 0 1 0 0 00000094 0 0 00000098 1 1 1 1
C 260 00000094 1 1 0 0 0 0 0 1 1 0 0 00000098 0 0 00000094 1 1 1 0
R 260 129 00000094 0000006f 0
C 261 00000094 1 0 0 0 0 0 1 0 1 0 0 00000094 0 0 00000098 1 1 1 1
C 262 00000094 1 1 0 0 0 0 0 1 1 0 0 00000098 0 0 00000094 1 1 1 0
R 262 130 00000094 0000006f 0
C 263 00000094 1 0 0 0 0 0 1 0 1 0 0 00000094 0 0 00000098 1 1 1 1
C 264 00000094 1 1 0 0 0 0 0 1 1 0 0 00000098 0 0 00000094 1 1 1 0
R 264 131 00000094 0000006f 0
C 265 00000094 1 0 0 0 0 0 1 0 1 0 0 00000094 0 0 00000098 1 1 1 1
C 266 00000094 1 1 0 0 0 0 0 1 1 0 0 00000098 0 0 00000094 1 1 1 0
R 266 132 00000094 0000006f 0
C 267 00000094 1 0 0 0 0 0 1 0 1 0 0 00000094 0 0 00000098 1 1 1 1
C 268 00000094 1 1 0 0 0 0 0 1 1 0 0 00000098 0 0 00000094 1 1 1 0
R 268 133 00000094 0000006f 0
C 269 00000094 1 0 0 0 0 0 1 0 1 0 0 00000094 0 0 00000098 1 1 1 1
C 270 00000094 1 1 0 0 0 0 0 1 1 0 0 00000098 0 0 00000094 1 1 1 0
R 270 134 00000094 0000006f 0
C 271 00000094 1 0 0 0 0 0 1 0 1 0 0 00000094 0 0 00000098 1 1 1 1
C 272 00000094 1 1 0 0 0 0 0 1 1 0 0 00000098 0 0 00000094 1 1 1 0
R 272 135 00000094 0000006f 0
C 273 00000094 1 0 0 0 0 0 1 0 1 0 0 00000094 0 0 00000098 1 1 1 1
C 274 00000094 1 1 0 0 0 0 0 1 1 0 0 00000098 0 0 00000094 1 1 1 0
R 274 136 00000094 0000006f 0
C 275 00000094 1 0 0 0 0 0 1 0 1 0 0 00000094 0 0 00000098 1 1 1 1
C 276 00000094 1 1 0 0 0 0 0 1 1 0 0 00000098 0 0 00000094 1 1 1 0
R 276 137 00000094 0000006f 0
C 277 00000094 1 0 0 0 0 0 1 0 1 0 0 00000094 0 0 00000098 1 1 1 1
C 278 00000094 1 1 0 0 0 0 0 1 1 0 0 00000098 0 0 00000094 1 1 1 0
R 278 138 00000094 0000006f 0
C 279 00000094 1 0 0 0 0 0 1 0 1 0 0 00000094 0 0 00000098 1 1 1 1
C 280 00000094 1 1 0 0 0 0 0 1 1 0 0 00000098 0 0 00000094 1 1 1 0
R 280 139 00000094 0000006f 0
C 281 00000094 1 0 0 0 0 0 1 0 1 0 0 00000094 0 0 00000098 1 1 1 1
C 282 00000094 1 1 0 0 0 0 0 1 1 0 0 00000098 0 0 00000094 1 1 1 0
R 282 140 00000094 0000006f 0
C 283 00000094 1 0 0 0 0 0 1 0 1 0 0 00000094 0 0 00000098 1 1 1 1
C 284 00000094 1 1 0 0 0 0 0 1 1 0 0 00000098 0 0 00000094 1 1 1 0
R 284 141 00000094 0000006f 0
C 285 00000094 1 0 0 0 0 0 1 0 1 0 0 00000094 0 0 00000098 1 1 1 1
C 286 00000094 1 1 0 0 0 0 0 1 1 0 0 00000098 0 0 00000094 1 1 1 0
R 286 142 00000094 0000006f 0
C 287 00000094 1 0 0 0 0 0 1 0 1 0 0 00000094 0 0 00000098 1 1 1 1
C 288 00000094 1 1 0 0 0 0 0 1 1 0 0 00000098 0 0 00000094 1 1 1 0
R 288 143 00000094 0000006f 0
C 289 00000094 1 0 0 0 0 0 1 0 1 0 0 00000094 0 0 00000098 1 1 1 1
C 290 00000094 1 1 0 0 0 0 0 1 1 0 0 00000098 0 0 00000094 1 1 1 0
R 290 144 00000094 0000006f 0
C 291 00000094 1 0 0 0 0 0 1 0 1 0 0 00000094 0 0 00000098 1 1 1 1
C 292 00000094 1 1 0 0 0 0 0 1 1 0 0 00000098 0 0 00000094 1 1 1 0
R 292 145 00000094 0000006f 0
C 293 00000094 1 0 0 0 0 0 1 0 1 0 0 00000094 0 0 00000098 1 1 1 1
C 294 00000094 1 1 0 0 0 0 0 1 1 0 0 00000098 0 0 00000094 1 1 1 0
R 294 146 00000094 0000006f 0
C 295 00000094 1 0 0 0 0 0 1 0 1 0 0 00000094 0 0 00000098 1 1 1 1
C 296 00000094 1 1 0 0 0 0 0 1 1 0 0 00000098 0 0 00000094 1 1 1 0
R 296 147 00000094 0000006f 0
C 297 00000094 1 0 0 0 0 0 1 0 1 0 0 00000094 0 0 00000098 1 1 1 1
C 298 00000094 1 1 0 0 0 0 0 1 1 0 0 00000098 0 0 00000094 1 1 1 0
R 298 148 00000094 0000006f 0
C 299 00000094 1 0 0 0 0 0 1 0 1 0 0 00000094 0 0 00000098 1 1 1 1
C 300 00000094 1 1 0 0 0 0 0 1 1 0 0 00000098 0 0 00000094 1 1 1 0
R 300 149 00000094 0000006f 0
C 301 00000094 1 0 0 0 0 0 1 0 1 0 0 00000094 0 0 00000098 1 1 1 1
C 302 00000094 1 1 0 0 0 0 0 1 1 0 0 00000098 0 0 00000094 1 1 1 0
R 302 150 00000094 0000006f 0
C 303 00000094 1 0 0 0 0 0 1 0 1 0 0 00000094 0 0 00000098 1 1 1 1
C 304 00000094 1 1 0 0 0 0 0 1 1 0 0 00000098 0 0 00000094 1 1 1 0
R 304 151 00000094 0000006f 0
C 305 00000094 1 0 0 0 0 0 1 0 1 0 0 00000094 0 0 00000098 1 1 1 1
C 306 00000094 1 1 0 0 0 0 0 1 1 0 0 00000098 0 0 00000094 1 1 1 0
R 306 152 00000094 0000006f 0
C 307 00000094 1 0 0 0 0 0 1 0 1 0 0 00000094 0 0 00000098 1 1 1 1
C 308 00000094 1 1 0 0 0 0 0 1 1 0 0 00000098 0 0 00000094 1 1 1 0
R 308 153 00000094 0000006f 0
C 309 00000094 1 0 0 0 0 0 1 0 1 0 0 00000094 0 0 00000098 1 1 1 1
C 310 00000094 1 1 0 0 0 0 0 1 1 0 0 00000098 0 0 00000094 1 1 1 0
R 310 154 00000094 0000006f 0
C 311 00000094 1 0 0 0 0 0 1 0 1 0 0 00000094 0 0 00000098 1 1 1 1
C 312 00000094 1 1 0 0 0 0 0 1 1 0 0 00000098 0 0 00000094 1 1 1 0
R 312 155 00000094 0000006f 0
C 313 00000094 1 0 0 0 0 0 1 0 1 0 0 00000094 0 0 00000098 1 1 1 1
C 314 00000094 1 1 0 0 0 0 0 1 1 0 0 00000098 0 0 00000094 1 1 1 0
R 314 156 00000094 0000006f 0
C 315 00000094 1 0 0 0 0 0 1 0 1 0 0 00000094 0 0 00000098 1 1 1 1
C 316 00000094 1 1 0 0 0 0 0 1 1 0 0 00000098 0 0 00000094 1 1 1 0
R 316 157 00000094 0000006f 0
C 317 00000094 1 0 0 0 0 0 1 0 1 0 0 00000094 0 0 00000098 1 1 1 1
C 318 00000094 1 1 0 0 0 0 0 1 1 0 0 00000098 0 0 00000094 1 1 1 0
R 318 158 00000094 0000006f 0
C 319 00000094 1 0 0 0 0 0 1 0 1 0 0 00000094 0 0 00000098 1 1 1 1
C 320 00000094 1 1 0 0 0 0 0 1 1 0 0 00000098 0 0 00000094 1 1 1 0
R 320 159 00000094 0000006f 0
C 321 00000094 1 0 0 0 0 0 1 0 1 0 0 00000094 0 0 00000098 1 1 1 1
C 322 00000094 1 1 0 0 0 0 0 1 1 0 0 00000098 0 0 00000094 1 1 1 0
R 322 160 00000094 0000006f 0
C 323 00000094 1 0 0 0 0 0 1 0 1 0 0 00000094 0 0 00000098 1 1 1 1
C 324 00000094 1 1 0 0 0 0 0 1 1 0 0 00000098 0 0 00000094 1 1 1 0
R 324 161 00000094 0000006f 0
C 325 00000094 1 0 0 0 0 0 1 0 1 0 0 00000094 0 0 00000098 1 1 1 1
C 326 00000094 1 1 0 0 0 0 0 1 1 0 0 00000098 0 0 00000094 1 1 1 0
R 326 162 00000094 0000006f 0
C 327 00000094 1 0 0 0 0 0 1 0 1 0 0 00000094 0 0 00000098 1 1 1 1
C 328 00000094 1 1 0 0 0 0 0 1 1 0 0 00000098 0 0 00000094 1 1 1 0
R 328 163 00000094 0000006f 0
C 329 00000094 1 0 0 0 0 0 1 0 1 0 0 00000094 0 0 00000098 1 1 1 1
C 330 00000094 1 1 0 0 0 0 0 1 1 0 0 00000098 0 0 00000094 1 1 1 0
R 330 164 00000094 0000006f 0
C 331 00000094 1 0 0 0 0 0 1 0 1 0 0 00000094 0 0 00000098 1 1 1 1
C 332 00000094 1 1 0 0 0 0 0 1 1 0 0 00000098 0 0 00000094 1 1 1 0
R 332 165 00000094 0000006f 0
C 333 00000094 1 0 0 0 0 0 1 0 1 0 0 00000094 0 0 00000098 1 1 1 1
C 334 00000094 1 1 0 0 0 0 0 1 1 0 0 00000098 0 0 00000094 1 1 1 0
R 334 166 00000094 0000006f 0
C 335 00000094 1 0 0 0 0 0 1 0 1 0 0 00000094 0 0 00000098 1 1 1 1
C 336 00000094 1 1 0 0 0 0 0 1 1 0 0 00000098 0 0 00000094 1 1 1 0
R 336 167 00000094 0000006f 0
C 337 00000094 1 0 0 0 0 0 1 0 1 0 0 00000094 0 0 00000098 1 1 1 1
C 338 00000094 1 1 0 0 0 0 0 1 1 0 0 00000098 0 0 00000094 1 1 1 0
R 338 168 00000094 0000006f 0
C 339 00000094 1 0 0 0 0 0 1 0 1 0 0 00000094 0 0 00000098 1 1 1 1
C 340 00000094 1 1 0 0 0 0 0 1 1 0 0 00000098 0 0 00000094 1 1 1 0
R 340 169 00000094 0000006f 0
C 341 00000094 1 0 0 0 0 0 1 0 1 0 0 00000094 0 0 00000098 1 1 1 1
C 342 00000094 1 1 0 0 0 0 0 1 1 0 0 00000098 0 0 00000094 1 1 1 0
R 342 170 00000094 0000006f 0
C 343 00000094 1 0 0 0 0 0 1 0 1 0 0 00000094 0 0 00000098 1 1 1 1
C 344 00000094 1 1 0 0 0 0 0 1 1 0 0 00000098 0 0 00000094 1 1 1 0
R 344 171 00000094 0000006f 0
C 345 00000094 1 0 0 0 0 0 1 0 1 0 0 00000094 0 0 00000098 1 1 1 1
C 346 00000094 1 1 0 0 0 0 0 1 1 0 0 00000098 0 0 00000094 1 1 1 0
R 346 172 00000094 0000006f 0
C 347 00000094 1 0 0 0 0 0 1 0 1 0 0 00000094 0 0 00000098 1 1 1 1
C 348 00000094 1 1 0 0 0 0 0 1 1 0 0 00000098 0 0 00000094 1 1 1 0
R 348 173 00000094 0000006f 0
C 349 00000094 1 0 0 0 0 0 1 0 1 0 0 00000094 0 0 00000098 1 1 1 1
C 350 00000094 1 1 0 0 0 0 0 1 1 0 0 00000098 0 0 00000094 1 1 1 0
R 350 174 00000094 0000006f 0
C 351 00000094 1 0 0 0 0 0 1 0 1 0 0 00000094 0 0 00000098 1 1 1 1
C 352 00000094 1 1 0 0 0 0 0 1 1 0 0 00000098 0 0 00000094 1 1 1 0
R 352 175 00000094 0000006f 0
C 353 00000094 1 0 0 0 0 0 1 0 1 0 0 00000094 0 0 00000098 1 1 1 1
C 354 00000094 1 1 0 0 0 0 0 1 1 0 0 00000098 0 0 00000094 1 1 1 0
R 354 176 00000094 0000006f 0
C 355 00000094 1 0 0 0 0 0 1 0 1 0 0 00000094 0 0 00000098 1 1 1 1
C 356 00000094 1 1 0 0 0 0 0 1 1 0 0 00000098 0 0 00000094 1 1 1 0
R 356 177 00000094 0000006f 0
C 357 00000094 1 0 0 0 0 0 1 0 1 0 0 00000094 0 0 00000098 1 1 1 1
C 358 00000094 1 1 0 0 0 0 0 1 1 0 0 00000098 0 0 00000094 1 1 1 0
R 358 178 00000094 0000006f 0
C 359 00000094 1 0 0 0 0 0 1 0 1 0 0 00000094 0 0 00000098 1 1 1 1
C 360 00000094 1 1 0 0 0 0 0 1 1 0 0 00000098 0 0 00000094 1 1 1 0
R 360 179 00000094 0000006f 0
C 361 00000094 1 0 0 0 0 0 1 0 1 0 0 00000094 0 0 00000098 1 1 1 1
C 362 00000094 1 1 0 0 0 0 0 1 1 0 0 00000098 0 0 00000094 1 1 1 0
R 362 180 00000094 0000006f 0
C 363 00000094 1 0 0 0 0 0 1 0 1 0 0 00000094 0 0 00000098 1 1 1 1
C 364 00000094 1 1 0 0 0 0 0 1 1 0 0 00000098 0 0 00000094 1 1 1 0
R 364 181 00000094 0000006f 0
C 365 00000094 1 0 0 0 0 0 1 0 1 0 0 00000094 0 0 00000098 1 1 1 1
C 366 00000094 1 1 0 0 0 0 0 1 1 0 0 00000098 0 0 00000094 1 1 1 0
R 366 182 00000094 0000006f 0
C 367 00000094 1 0 0 0 0 0 1 0 1 0 0 00000094 0 0 00000098 1 1 1 1
C 368 00000094 1 1 0 0 0 0 0 1 1 0 0 00000098 0 0 00000094 1 1 1 0
R 368 183 00000094 0000006f 0
C 369 00000094 1 0 0 0 0 0 1 0 1 0 0 00000094 0 0 00000098 1 1 1 1
C 370 00000094 1 1 0 0 0 0 0 1 1 0 0 00000098 0 0 00000094 1 1 1 0
R 370 184 00000094 0000006f 0
C 371 00000094 1 0 0 0 0 0 1 0 1 0 0 00000094 0 0 00000098 1 1 1 1
C 372 00000094 1 1 0 0 0 0 0 1 1 0 0 00000098 0 0 00000094 1 1 1 0
R 372 185 00000094 0000006f 0
C 373 00000094 1 0 0 0 0 0 1 0 1 0 0 00000094 0 0 00000098 1 1 1 1
C 374 00000094 1 1 0 0 0 0 0 1 1 0 0 00000098 0 0 00000094 1 1 1 0
R 374 186 00000094 0000006f 0
C 375 00000094 1 0 0 0 0 0 1 0 1 0 0 00000094 0 0 00000098 1 1 1 1
C 376 00000094 1 1 0 0 0 0 0 1 1 0 0 00000098 0 0 00000094 1 1 1 0
R 376 187 00000094 0000006f 0
C 377 00000094 1 0 0 0 0 0 1 0 1 0 0 00000094 0 0 00000098 1 1 1 1
C 378 00000094 1 1 0 0 0 0 0 1 1 0 0 00000098 0 0 00000094 1 1 1 0
R 378 188 00000094 0000006f 0
C 379 00000094 1 0 0 0 0 0 1 0 1 0 0 00000094 0 0 00000098 1 1 1 1
C 380 00000094 1 1 0 0 0 0 0 1 1 0 0 00000098 0 0 00000094 1 1 1 0
R 380 189 00000094 0000006f 0
C 381 00000094 1 0 0 0 0 0 1 0 1 0 0 00000094 0 0 00000098 1 1 1 1
C 382 00000094 1 1 0 0 0 0 0 1 1 0 0 00000098 0 0 00000094 1 1 1 0
R 382 190 00000094 0000006f 0
C 383 00000094 1 0 0 0 0 0 1 0 1 0 0 00000094 0 0 00000098 1 1 1 1
C 384 00000094 1 1 0 0 0 0 0 1 1 0 0 00000098 0 0 00000094 1 1 1 0
R 384 191 00000094 0000006f 0
C 385 00000094 1 0 0 0 0 0 1 0 1 0 0 00000094 0 0 00000098 1 1 1 1
C 386 00000094 1 1 0 0 0 0 0 1 1 0 0 00000098 0 0 00000094 1 1 1 0
R 386 192 00000094 0000006f 0
C 387 00000094 1 0 0 0 0 0 1 0 1 0 0 00000094 0 0 00000098 1 1 1 1
C 388 00000094 1 1 0 0 0 0 0 1 1 0 0 00000098 0 0 00000094 1 1 1 0
R 388 193 00000094 0000006f 0
C 389 00000094 1 0 0 0 0 0 1 0 1 0 0 00000094 0 0 00000098 1 1 1 1
C 390 00000094 1 1 0 0 0 0 0 1 1 0 0 00000098 0 0 00000094 1 1 1 0
R 390 194 00000094 0000006f 0
C 391 00000094 1 0 0 0 0 0 1 0 1 0 0 00000094 0 0 00000098 1 1 1 1
C 392 00000094 1 1 0 0 0 0 0 1 1 0 0 00000098 0 0 00000094 1 1 1 0
R 392 195 00000094 0000006f 0
C 393 00000094 1 0 0 0 0 0 1 0 1 0 0 00000094 0 0 00000098 1 1 1 1
C 394 00000094 1 1 0 0 0 0 0 1 1 0 0 00000098 0 0 00000094 1 1 1 0
R 394 196 00000094 0000006f 0
C 395 00000094 1 0 0 0 0 0 1 0 1 0 0 00000094 0 0 00000098 1 1 1 1
C 396 00000094 1 1 0 0 0 0 0 1 1 0 0 00000098 0 0 00000094 1 1 1 0
R 396 197 00000094 0000006f 0
C 397 00000094 1 0 0 0 0 0 1 0 1 0 0 00000094 0 0 00000098 1 1 1 1
C 398 00000094 1 1 0 0 0 0 0 1 1 0 0 00000098 0 0 00000094 1 1 1 0
R 398 198 00000094 0000006f 0
C 399 00000094 1 0 0 0 0 0 1 0 1 0 0 00000094 0 0 00000098 1 1 1 1
REG 0 00000000
REG 1 00000090
REG 2 00000000
REG 3 00000000
REG 4 00000000
REG 5 00000000
REG 6 00000000
REG 7 00000000
REG 8 00000000
REG 9 00000000
REG 10 00000000
REG 11 00000000
REG 12 00000000
REG 13 00000000
REG 14 00000000
REG 15 00000000
REG 16 00000000
REG 17 00000000
REG 18 00000000
REG 19 00000000
REG 20 00000000
REG 21 00000000
REG 22 00000000
REG 23 00000000
REG 24 00000000
REG 25 00000000
REG 26 00000000
REG 27 00000000
REG 28 00000000
REG 29 00000000
REG 30 00000000
REG 31 0000007b
MEM 00000200 44332211
MEM 00000204 44332211
MEM 00000208 44332211
MEM 0000020c 44332211
MEM 00000210 44332211
FINISH
- /home/dungpc/ndmoney4porche/projects/ibex/doc/dungpc/microarchitecture/scripts/core_tb.sv:116: Verilog $finish
