CONFIG SEC=1 CACHE=1 PRED=0 DUAL=0 MODE=0 ZC=0 SCR=1 ICECC=1 OFFSET=1 PMP=0
SAMPLE 3 ai=0 ab=0 am=0 pc=0 mismatch=0 rf=0 mode=0
SECDET 3 pc=0 rf=0 intg=0
C 3 00000000 0 0 0 1 0 0
LOCK 4 rst=0 cmp=a mismatch=0 rf=0 cap=0
SAMPLE 4 ai=0 ab=0 am=0 pc=0 mismatch=0 rf=0 mode=0
SECDET 4 pc=0 rf=0 intg=0
C 4 00000000 0 0 0 1 1 0
LOCK 5 rst=1 cmp=a mismatch=0 rf=0 cap=0
SAMPLE 5 ai=0 ab=0 am=0 pc=0 mismatch=0 rf=0 mode=0
SECDET 5 pc=0 rf=0 intg=0
C 5 00000000 0 0 0 0 4 0
LOCK 6 rst=1 cmp=5 mismatch=0 rf=0 cap=0
SAMPLE 6 ai=0 ab=0 am=0 pc=0 mismatch=0 rf=0 mode=0
CSRDBG 6 addr=001 priv=3 dec=0 csr=0 raw=1 pw=0 dbg=0 op=0
SECDET 6 pc=0 rf=0 intg=0
C 6 00000080 1 0 0 0 5 0
LOCK 7 rst=1 cmp=5 mismatch=0 rf=0 cap=0
SAMPLE 7 ai=0 ab=0 am=0 pc=0 mismatch=0 rf=0 mode=0
W 7 1 00000001 000000000
CSRDBG 7 addr=7c0 priv=3 dec=0 csr=0 raw=0 pw=0 dbg=0 op=1
SECDET 7 pc=0 rf=0 intg=0
C 7 00000084 1 0 0 0 5 0
LOCK 8 rst=1 cmp=5 mismatch=0 rf=0 cap=0
SAMPLE 8 ai=0 ab=0 am=0 pc=0 mismatch=0 rf=0 mode=0
CSRDBG 8 addr=7c0 priv=3 dec=0 csr=0 raw=0 pw=0 dbg=0 op=1
SECDET 8 pc=0 rf=0 intg=0
R 8 1 00000080 00100093
C 8 00000084 1 0 0 0 6 0
LOCK 9 rst=1 cmp=5 mismatch=0 rf=0 cap=0
SAMPLE 9 ai=0 ab=0 am=0 pc=0 mismatch=0 rf=0 mode=0
SECDET 9 pc=0 rf=0 intg=0
R 9 2 00000084 7c009073
C 9 00000084 0 0 0 0 5 0
LOCK 10 rst=1 cmp=5 mismatch=0 rf=0 cap=0
SAMPLE 10 ai=0 ab=0 am=0 pc=0 mismatch=0 rf=0 mode=0
CSRDBG 10 addr=0b4 priv=3 dec=0 csr=0 raw=1 pw=0 dbg=0 op=0
SECDET 10 pc=0 rf=0 intg=0
C 10 00000088 1 0 0 0 5 0
LOCK 11 rst=1 cmp=5 mismatch=0 rf=0 cap=0
SAMPLE 11 ai=0 ab=0 am=0 pc=0 mismatch=0 rf=0 mode=0
W 11 2 000000b4 000000000
CSRDBG 11 addr=fff priv=3 dec=0 csr=0 raw=1 pw=0 dbg=0 op=0
SECDET 11 pc=0 rf=0 intg=0
C 11 0000008c 1 0 0 0 5 0
LOCK 12 rst=1 cmp=5 mismatch=0 rf=0 cap=0
SAMPLE 12 ai=0 ab=0 am=0 pc=0 mismatch=0 rf=0 mode=0
W 12 2 000000b3 000000000
CSRDBG 12 addr=fe0 priv=3 dec=0 csr=0 raw=1 pw=0 dbg=0 op=0
SECDET 12 pc=0 rf=0 intg=0
R 12 3 00000088 0b400113
C 12 00000090 1 0 0 1 5 0
LOCK 13 rst=1 cmp=5 mismatch=0 rf=0 cap=0
SAMPLE 13 ai=0 ab=0 am=0 pc=0 mismatch=0 rf=0 mode=0
SECDET 13 pc=0 rf=0 intg=0
R 13 4 0000008c fff10113
C 13 00000090 0 0 0 0 5 0
LOCK 14 rst=1 cmp=5 mismatch=0 rf=0 cap=0
SAMPLE 14 ai=0 ab=0 am=0 pc=0 mismatch=0 rf=0 mode=0
CSRDBG 14 addr=fff priv=3 dec=0 csr=0 raw=1 pw=0 dbg=0 op=0
SECDET 14 pc=0 rf=0 intg=0
R 14 5 00000090 fe011ee3
C 14 0000008c 1 0 0 0 5 0
LOCK 15 rst=1 cmp=5 mismatch=0 rf=0 cap=0
SAMPLE 15 ai=0 ab=0 am=0 pc=0 mismatch=0 rf=0 mode=0
W 15 2 000000b2 000000000
SECDET 15 pc=0 rf=0 intg=0
C 15 0000008c 0 0 0 0 5 0
LOCK 16 rst=1 cmp=5 mismatch=0 rf=0 cap=0
SAMPLE 16 ai=0 ab=0 am=0 pc=0 mismatch=0 rf=0 mode=0
CSRDBG 16 addr=fe0 priv=3 dec=0 csr=0 raw=1 pw=0 dbg=0 op=0
SECDET 16 pc=0 rf=0 intg=0
R 16 6 0000008c fff10113
C 16 00000090 1 0 0 1 5 0
LOCK 17 rst=1 cmp=5 mismatch=0 rf=0 cap=0
SAMPLE 17 ai=0 ab=0 am=0 pc=0 mismatch=0 rf=0 mode=0
SECDET 17 pc=0 rf=0 intg=0
C 17 00000090 0 0 0 0 5 0
LOCK 18 rst=1 cmp=5 mismatch=0 rf=0 cap=0
SAMPLE 18 ai=0 ab=0 am=0 pc=0 mismatch=0 rf=0 mode=0
CSRDBG 18 addr=fff priv=3 dec=0 csr=0 raw=1 pw=0 dbg=0 op=0
SECDET 18 pc=0 rf=0 intg=0
R 18 7 00000090 fe011ee3
C 18 0000008c 1 0 0 0 5 0
LOCK 19 rst=1 cmp=5 mismatch=0 rf=0 cap=0
SAMPLE 19 ai=0 ab=0 am=0 pc=0 mismatch=0 rf=0 mode=0
W 19 2 000000b1 000000000
SECDET 19 pc=0 rf=0 intg=0
C 19 0000008c 0 0 0 0 5 0
LOCK 20 rst=1 cmp=5 mismatch=0 rf=0 cap=0
SAMPLE 20 ai=0 ab=0 am=0 pc=0 mismatch=0 rf=0 mode=0
SECDET 20 pc=0 rf=0 intg=0
R 20 8 0000008c fff10113
C 20 0000008c 0 0 0 0 5 0
LOCK 21 rst=1 cmp=5 mismatch=0 rf=0 cap=0
SAMPLE 21 ai=0 ab=0 am=0 pc=0 mismatch=0 rf=0 mode=0
CSRDBG 21 addr=fe0 priv=3 dec=0 csr=0 raw=1 pw=0 dbg=0 op=0
SECDET 21 pc=0 rf=0 intg=0
C 21 00000090 1 0 0 1 5 0
LOCK 22 rst=1 cmp=5 mismatch=0 rf=0 cap=0
SAMPLE 22 ai=0 ab=0 am=0 pc=0 mismatch=0 rf=0 mode=0
SECDET 22 pc=0 rf=0 intg=0
C 22 00000090 0 0 0 0 5 0
LOCK 23 rst=1 cmp=5 mismatch=0 rf=0 cap=0
SAMPLE 23 ai=0 ab=0 am=0 pc=0 mismatch=0 rf=0 mode=0
CSRDBG 23 addr=fff priv=3 dec=0 csr=0 raw=1 pw=0 dbg=0 op=0
SECDET 23 pc=0 rf=0 intg=0
R 23 9 00000090 fe011ee3
C 23 0000008c 1 0 0 0 5 0
LOCK 24 rst=1 cmp=5 mismatch=0 rf=0 cap=0
SAMPLE 24 ai=0 ab=0 am=0 pc=0 mismatch=0 rf=0 mode=0
W 24 2 000000b0 000000000
SECDET 24 pc=0 rf=0 intg=0
C 24 0000008c 0 0 0 0 5 0
LOCK 25 rst=1 cmp=5 mismatch=0 rf=0 cap=0
SAMPLE 25 ai=0 ab=0 am=0 pc=0 mismatch=0 rf=0 mode=0
SECDET 25 pc=0 rf=0 intg=0
R 25 10 0000008c fff10113
C 25 0000008c 0 0 0 0 5 0
LOCK 26 rst=1 cmp=5 mismatch=0 rf=0 cap=0
SAMPLE 26 ai=0 ab=0 am=0 pc=0 mismatch=0 rf=0 mode=0
CSRDBG 26 addr=fe0 priv=3 dec=0 csr=0 raw=1 pw=0 dbg=0 op=0
SECDET 26 pc=0 rf=0 intg=0
C 26 00000090 1 0 0 1 5 0
LOCK 27 rst=1 cmp=5 mismatch=0 rf=0 cap=0
SAMPLE 27 ai=0 ab=0 am=0 pc=0 mismatch=0 rf=0 mode=0
SECDET 27 pc=0 rf=0 intg=0
C 27 00000090 0 0 0 0 5 0
LOCK 28 rst=1 cmp=5 mismatch=0 rf=0 cap=0
SAMPLE 28 ai=0 ab=0 am=0 pc=0 mismatch=0 rf=0 mode=0
CSRDBG 28 addr=fff priv=3 dec=0 csr=0 raw=1 pw=0 dbg=0 op=0
SECDET 28 pc=0 rf=0 intg=0
R 28 11 00000090 fe011ee3
C 28 0000008c 1 0 0 0 5 0
LOCK 29 rst=1 cmp=5 mismatch=0 rf=0 cap=0
SAMPLE 29 ai=0 ab=0 am=0 pc=0 mismatch=0 rf=0 mode=0
W 29 2 000000af 000000000
SECDET 29 pc=0 rf=0 intg=0
C 29 0000008c 0 0 0 0 5 0
LOCK 30 rst=1 cmp=5 mismatch=0 rf=0 cap=0
SAMPLE 30 ai=0 ab=0 am=0 pc=0 mismatch=0 rf=0 mode=0
SECDET 30 pc=0 rf=0 intg=0
R 30 12 0000008c fff10113
C 30 0000008c 0 0 0 0 5 0
LOCK 31 rst=1 cmp=5 mismatch=0 rf=0 cap=0
SAMPLE 31 ai=0 ab=0 am=0 pc=0 mismatch=0 rf=0 mode=0
CSRDBG 31 addr=fe0 priv=3 dec=0 csr=0 raw=1 pw=0 dbg=0 op=0
SECDET 31 pc=0 rf=0 intg=0
C 31 00000090 1 0 0 1 5 0
LOCK 32 rst=1 cmp=5 mismatch=0 rf=0 cap=0
SAMPLE 32 ai=0 ab=0 am=0 pc=0 mismatch=0 rf=0 mode=0
SECDET 32 pc=0 rf=0 intg=0
C 32 00000090 0 0 0 0 5 0
LOCK 33 rst=1 cmp=5 mismatch=0 rf=0 cap=0
SAMPLE 33 ai=0 ab=0 am=0 pc=0 mismatch=0 rf=0 mode=0
CSRDBG 33 addr=fff priv=3 dec=0 csr=0 raw=1 pw=0 dbg=0 op=0
SECDET 33 pc=0 rf=0 intg=0
R 33 13 00000090 fe011ee3
C 33 0000008c 1 0 0 0 5 0
LOCK 34 rst=1 cmp=5 mismatch=0 rf=0 cap=0
SAMPLE 34 ai=0 ab=0 am=0 pc=0 mismatch=0 rf=0 mode=0
W 34 2 000000ae 000000000
SECDET 34 pc=0 rf=0 intg=0
C 34 0000008c 0 0 0 0 5 0
LOCK 35 rst=1 cmp=5 mismatch=0 rf=0 cap=0
SAMPLE 35 ai=0 ab=0 am=0 pc=0 mismatch=0 rf=0 mode=0
SECDET 35 pc=0 rf=0 intg=0
R 35 14 0000008c fff10113
C 35 0000008c 0 0 0 0 5 0
LOCK 36 rst=1 cmp=5 mismatch=0 rf=0 cap=0
SAMPLE 36 ai=0 ab=0 am=0 pc=0 mismatch=0 rf=0 mode=0
CSRDBG 36 addr=fe0 priv=3 dec=0 csr=0 raw=1 pw=0 dbg=0 op=0
SECDET 36 pc=0 rf=0 intg=0
C 36 00000090 1 0 0 1 5 0
LOCK 37 rst=1 cmp=5 mismatch=0 rf=0 cap=0
SAMPLE 37 ai=0 ab=0 am=0 pc=0 mismatch=0 rf=0 mode=0
SECDET 37 pc=0 rf=0 intg=0
C 37 00000090 0 0 0 0 5 0
LOCK 38 rst=1 cmp=5 mismatch=0 rf=0 cap=0
SAMPLE 38 ai=0 ab=0 am=0 pc=0 mismatch=0 rf=0 mode=0
CSRDBG 38 addr=fff priv=3 dec=0 csr=0 raw=1 pw=0 dbg=0 op=0
SECDET 38 pc=0 rf=0 intg=0
R 38 15 00000090 fe011ee3
C 38 0000008c 1 0 0 0 5 0
LOCK 39 rst=1 cmp=5 mismatch=0 rf=0 cap=0
SAMPLE 39 ai=0 ab=0 am=0 pc=0 mismatch=0 rf=0 mode=0
W 39 2 000000ad 000000000
SECDET 39 pc=0 rf=0 intg=0
C 39 0000008c 0 0 0 0 5 0
LOCK 40 rst=1 cmp=5 mismatch=0 rf=0 cap=0
SAMPLE 40 ai=0 ab=0 am=0 pc=0 mismatch=0 rf=0 mode=0
SECDET 40 pc=0 rf=0 intg=0
R 40 16 0000008c fff10113
C 40 0000008c 0 0 0 0 5 0
LOCK 41 rst=1 cmp=5 mismatch=0 rf=0 cap=0
SAMPLE 41 ai=0 ab=0 am=0 pc=0 mismatch=0 rf=0 mode=0
CSRDBG 41 addr=fe0 priv=3 dec=0 csr=0 raw=1 pw=0 dbg=0 op=0
SECDET 41 pc=0 rf=0 intg=0
C 41 00000090 1 0 0 1 5 0
LOCK 42 rst=1 cmp=5 mismatch=0 rf=0 cap=0
SAMPLE 42 ai=0 ab=0 am=0 pc=0 mismatch=0 rf=0 mode=0
SECDET 42 pc=0 rf=0 intg=0
C 42 00000090 0 0 0 0 5 0
LOCK 43 rst=1 cmp=5 mismatch=0 rf=0 cap=0
SAMPLE 43 ai=0 ab=0 am=0 pc=0 mismatch=0 rf=0 mode=0
CSRDBG 43 addr=fff priv=3 dec=0 csr=0 raw=1 pw=0 dbg=0 op=0
SECDET 43 pc=0 rf=0 intg=0
R 43 17 00000090 fe011ee3
C 43 0000008c 1 0 0 0 5 0
LOCK 44 rst=1 cmp=5 mismatch=0 rf=0 cap=0
SAMPLE 44 ai=0 ab=0 am=0 pc=0 mismatch=0 rf=0 mode=0
W 44 2 000000ac 000000000
SECDET 44 pc=0 rf=0 intg=0
C 44 0000008c 0 0 0 0 5 0
LOCK 45 rst=1 cmp=5 mismatch=0 rf=0 cap=0
SAMPLE 45 ai=0 ab=0 am=0 pc=0 mismatch=0 rf=0 mode=0
SECDET 45 pc=0 rf=0 intg=0
R 45 18 0000008c fff10113
C 45 0000008c 0 0 0 0 5 0
LOCK 46 rst=1 cmp=5 mismatch=0 rf=0 cap=0
SAMPLE 46 ai=0 ab=0 am=0 pc=0 mismatch=0 rf=0 mode=0
CSRDBG 46 addr=fe0 priv=3 dec=0 csr=0 raw=1 pw=0 dbg=0 op=0
SECDET 46 pc=0 rf=0 intg=0
C 46 00000090 1 0 0 1 5 0
LOCK 47 rst=1 cmp=5 mismatch=0 rf=0 cap=0
SAMPLE 47 ai=0 ab=0 am=0 pc=0 mismatch=0 rf=0 mode=0
SECDET 47 pc=0 rf=0 intg=0
C 47 00000090 0 0 0 0 5 0
LOCK 48 rst=1 cmp=5 mismatch=0 rf=0 cap=0
SAMPLE 48 ai=0 ab=0 am=0 pc=0 mismatch=0 rf=0 mode=0
CSRDBG 48 addr=fff priv=3 dec=0 csr=0 raw=1 pw=0 dbg=0 op=0
SECDET 48 pc=0 rf=0 intg=0
R 48 19 00000090 fe011ee3
C 48 0000008c 1 0 0 0 5 0
LOCK 49 rst=1 cmp=5 mismatch=0 rf=0 cap=0
SAMPLE 49 ai=0 ab=0 am=0 pc=0 mismatch=0 rf=0 mode=0
W 49 2 000000ab 000000000
SECDET 49 pc=0 rf=0 intg=0
C 49 0000008c 0 0 0 0 5 0
LOCK 50 rst=1 cmp=5 mismatch=0 rf=0 cap=0
SAMPLE 50 ai=0 ab=0 am=0 pc=0 mismatch=0 rf=0 mode=0
SECDET 50 pc=0 rf=0 intg=0
R 50 20 0000008c fff10113
C 50 0000008c 0 0 0 0 5 0
LOCK 51 rst=1 cmp=5 mismatch=0 rf=0 cap=0
SAMPLE 51 ai=0 ab=0 am=0 pc=0 mismatch=0 rf=0 mode=0
CSRDBG 51 addr=fe0 priv=3 dec=0 csr=0 raw=1 pw=0 dbg=0 op=0
SECDET 51 pc=0 rf=0 intg=0
C 51 00000090 1 0 0 1 5 0
LOCK 52 rst=1 cmp=5 mismatch=0 rf=0 cap=0
SAMPLE 52 ai=0 ab=0 am=0 pc=0 mismatch=0 rf=0 mode=0
SECDET 52 pc=0 rf=0 intg=0
C 52 00000090 0 0 0 0 5 0
LOCK 53 rst=1 cmp=5 mismatch=0 rf=0 cap=0
SAMPLE 53 ai=0 ab=0 am=0 pc=0 mismatch=0 rf=0 mode=0
CSRDBG 53 addr=fff priv=3 dec=0 csr=0 raw=1 pw=0 dbg=0 op=0
SECDET 53 pc=0 rf=0 intg=0
R 53 21 00000090 fe011ee3
C 53 0000008c 1 0 0 0 5 0
LOCK 54 rst=1 cmp=5 mismatch=0 rf=0 cap=0
SAMPLE 54 ai=0 ab=0 am=0 pc=0 mismatch=0 rf=0 mode=0
W 54 2 000000aa 000000000
SECDET 54 pc=0 rf=0 intg=0
C 54 0000008c 0 0 0 0 5 0
LOCK 55 rst=1 cmp=5 mismatch=0 rf=0 cap=0
SAMPLE 55 ai=0 ab=0 am=0 pc=0 mismatch=0 rf=0 mode=0
SECDET 55 pc=0 rf=0 intg=0
R 55 22 0000008c fff10113
C 55 0000008c 0 0 0 0 5 0
LOCK 56 rst=1 cmp=5 mismatch=0 rf=0 cap=0
SAMPLE 56 ai=0 ab=0 am=0 pc=0 mismatch=0 rf=0 mode=0
CSRDBG 56 addr=fe0 priv=3 dec=0 csr=0 raw=1 pw=0 dbg=0 op=0
SECDET 56 pc=0 rf=0 intg=0
C 56 00000090 1 0 0 1 5 0
LOCK 57 rst=1 cmp=5 mismatch=0 rf=0 cap=0
SAMPLE 57 ai=0 ab=0 am=0 pc=0 mismatch=0 rf=0 mode=0
SECDET 57 pc=0 rf=0 intg=0
C 57 00000090 0 0 0 0 5 0
LOCK 58 rst=1 cmp=5 mismatch=0 rf=0 cap=0
SAMPLE 58 ai=0 ab=0 am=0 pc=0 mismatch=0 rf=0 mode=0
CSRDBG 58 addr=fff priv=3 dec=0 csr=0 raw=1 pw=0 dbg=0 op=0
SECDET 58 pc=0 rf=0 intg=0
R 58 23 00000090 fe011ee3
C 58 0000008c 1 0 0 0 5 0
LOCK 59 rst=1 cmp=5 mismatch=0 rf=0 cap=0
SAMPLE 59 ai=0 ab=0 am=0 pc=0 mismatch=0 rf=0 mode=0
W 59 2 000000a9 000000000
SECDET 59 pc=0 rf=0 intg=0
C 59 0000008c 0 0 0 0 5 0
LOCK 60 rst=1 cmp=5 mismatch=0 rf=0 cap=0
SAMPLE 60 ai=0 ab=0 am=0 pc=0 mismatch=0 rf=0 mode=0
SECDET 60 pc=0 rf=0 intg=0
R 60 24 0000008c fff10113
C 60 0000008c 0 0 0 0 5 0
LOCK 61 rst=1 cmp=5 mismatch=0 rf=0 cap=0
SAMPLE 61 ai=0 ab=0 am=0 pc=0 mismatch=0 rf=0 mode=0
CSRDBG 61 addr=fe0 priv=3 dec=0 csr=0 raw=1 pw=0 dbg=0 op=0
SECDET 61 pc=0 rf=0 intg=0
C 61 00000090 1 0 0 1 5 0
LOCK 62 rst=1 cmp=5 mismatch=0 rf=0 cap=0
SAMPLE 62 ai=0 ab=0 am=0 pc=0 mismatch=0 rf=0 mode=0
SECDET 62 pc=0 rf=0 intg=0
C 62 00000090 0 0 0 0 5 0
LOCK 63 rst=1 cmp=5 mismatch=0 rf=0 cap=0
SAMPLE 63 ai=0 ab=0 am=0 pc=0 mismatch=0 rf=0 mode=0
CSRDBG 63 addr=fff priv=3 dec=0 csr=0 raw=1 pw=0 dbg=0 op=0
SECDET 63 pc=0 rf=0 intg=0
R 63 25 00000090 fe011ee3
C 63 0000008c 1 0 0 0 5 0
LOCK 64 rst=1 cmp=5 mismatch=0 rf=0 cap=0
SAMPLE 64 ai=0 ab=0 am=0 pc=0 mismatch=0 rf=0 mode=0
W 64 2 000000a8 000000000
SECDET 64 pc=0 rf=0 intg=0
C 64 0000008c 0 0 0 0 5 0
LOCK 65 rst=1 cmp=5 mismatch=0 rf=0 cap=0
SAMPLE 65 ai=0 ab=0 am=0 pc=0 mismatch=0 rf=0 mode=0
SECDET 65 pc=0 rf=0 intg=0
R 65 26 0000008c fff10113
C 65 0000008c 0 0 0 0 5 0
LOCK 66 rst=1 cmp=5 mismatch=0 rf=0 cap=0
SAMPLE 66 ai=0 ab=0 am=0 pc=0 mismatch=0 rf=0 mode=0
CSRDBG 66 addr=fe0 priv=3 dec=0 csr=0 raw=1 pw=0 dbg=0 op=0
SECDET 66 pc=0 rf=0 intg=0
C 66 00000090 1 0 0 1 5 0
LOCK 67 rst=1 cmp=5 mismatch=0 rf=0 cap=0
SAMPLE 67 ai=0 ab=0 am=0 pc=0 mismatch=0 rf=0 mode=0
SECDET 67 pc=0 rf=0 intg=0
C 67 00000090 0 0 0 0 5 0
LOCK 68 rst=1 cmp=5 mismatch=0 rf=0 cap=0
SAMPLE 68 ai=0 ab=0 am=0 pc=0 mismatch=0 rf=0 mode=0
CSRDBG 68 addr=fff priv=3 dec=0 csr=0 raw=1 pw=0 dbg=0 op=0
SECDET 68 pc=0 rf=0 intg=0
R 68 27 00000090 fe011ee3
C 68 0000008c 1 0 0 0 5 0
LOCK 69 rst=1 cmp=5 mismatch=0 rf=0 cap=0
SAMPLE 69 ai=0 ab=0 am=0 pc=0 mismatch=0 rf=0 mode=0
W 69 2 000000a7 000000000
SECDET 69 pc=0 rf=0 intg=0
C 69 0000008c 0 0 0 0 5 0
LOCK 70 rst=1 cmp=5 mismatch=0 rf=0 cap=0
SAMPLE 70 ai=0 ab=0 am=0 pc=0 mismatch=0 rf=0 mode=0
SECDET 70 pc=0 rf=0 intg=0
R 70 28 0000008c fff10113
C 70 0000008c 0 0 0 0 5 0
LOCK 71 rst=1 cmp=5 mismatch=0 rf=0 cap=0
SAMPLE 71 ai=0 ab=0 am=0 pc=0 mismatch=0 rf=0 mode=0
CSRDBG 71 addr=fe0 priv=3 dec=0 csr=0 raw=1 pw=0 dbg=0 op=0
SECDET 71 pc=0 rf=0 intg=0
C 71 00000090 1 0 0 1 5 0
LOCK 72 rst=1 cmp=5 mismatch=0 rf=0 cap=0
SAMPLE 72 ai=0 ab=0 am=0 pc=0 mismatch=0 rf=0 mode=0
SECDET 72 pc=0 rf=0 intg=0
C 72 00000090 0 0 0 0 5 0
LOCK 73 rst=1 cmp=5 mismatch=0 rf=0 cap=0
SAMPLE 73 ai=0 ab=0 am=0 pc=0 mismatch=0 rf=0 mode=0
CSRDBG 73 addr=fff priv=3 dec=0 csr=0 raw=1 pw=0 dbg=0 op=0
SECDET 73 pc=0 rf=0 intg=0
R 73 29 00000090 fe011ee3
C 73 0000008c 1 0 0 0 5 0
LOCK 74 rst=1 cmp=5 mismatch=0 rf=0 cap=0
SAMPLE 74 ai=0 ab=0 am=0 pc=0 mismatch=0 rf=0 mode=0
W 74 2 000000a6 000000000
SECDET 74 pc=0 rf=0 intg=0
C 74 0000008c 0 0 0 0 5 0
LOCK 75 rst=1 cmp=5 mismatch=0 rf=0 cap=0
SAMPLE 75 ai=0 ab=0 am=0 pc=0 mismatch=0 rf=0 mode=0
SECDET 75 pc=0 rf=0 intg=0
R 75 30 0000008c fff10113
C 75 0000008c 0 0 0 0 5 0
LOCK 76 rst=1 cmp=5 mismatch=0 rf=0 cap=0
SAMPLE 76 ai=0 ab=0 am=0 pc=0 mismatch=0 rf=0 mode=0
CSRDBG 76 addr=fe0 priv=3 dec=0 csr=0 raw=1 pw=0 dbg=0 op=0
SECDET 76 pc=0 rf=0 intg=0
C 76 00000090 1 0 0 1 5 0
LOCK 77 rst=1 cmp=5 mismatch=0 rf=0 cap=0
SAMPLE 77 ai=0 ab=0 am=0 pc=0 mismatch=0 rf=0 mode=0
SECDET 77 pc=0 rf=0 intg=0
C 77 00000090 0 0 0 0 5 0
LOCK 78 rst=1 cmp=5 mismatch=0 rf=0 cap=0
SAMPLE 78 ai=0 ab=0 am=0 pc=0 mismatch=0 rf=0 mode=0
CSRDBG 78 addr=fff priv=3 dec=0 csr=0 raw=1 pw=0 dbg=0 op=0
SECDET 78 pc=0 rf=0 intg=0
R 78 31 00000090 fe011ee3
C 78 0000008c 1 0 0 0 5 0
LOCK 79 rst=1 cmp=5 mismatch=0 rf=0 cap=0
SAMPLE 79 ai=0 ab=0 am=0 pc=0 mismatch=0 rf=0 mode=0
W 79 2 000000a5 000000000
SECDET 79 pc=0 rf=0 intg=0
C 79 0000008c 0 0 0 0 5 0
LOCK 80 rst=1 cmp=5 mismatch=0 rf=0 cap=0
SAMPLE 80 ai=0 ab=0 am=0 pc=0 mismatch=0 rf=0 mode=0
SECDET 80 pc=0 rf=0 intg=0
R 80 32 0000008c fff10113
C 80 0000008c 0 0 0 0 5 0
LOCK 81 rst=1 cmp=5 mismatch=0 rf=0 cap=0
SAMPLE 81 ai=0 ab=0 am=0 pc=0 mismatch=0 rf=0 mode=0
SECDET 81 pc=0 rf=0 intg=0
C 81 00000090 1 0 0 1 5 0
LOCK 82 rst=1 cmp=5 mismatch=0 rf=0 cap=0
SAMPLE 82 ai=0 ab=0 am=0 pc=0 mismatch=0 rf=0 mode=0
SECDET 82 pc=0 rf=0 intg=0
C 82 00000090 0 0 0 0 5 0
LOCK 83 rst=1 cmp=5 mismatch=0 rf=0 cap=0
SAMPLE 83 ai=0 ab=0 am=0 pc=0 mismatch=0 rf=0 mode=0
SECDET 83 pc=0 rf=0 intg=0
R 83 33 00000090 fe011ee3
C 83 0000008c 1 0 0 0 5 0
LOCK 84 rst=1 cmp=5 mismatch=0 rf=0 cap=0
SAMPLE 84 ai=0 ab=0 am=0 pc=0 mismatch=0 rf=0 mode=0
W 84 2 000000a4 000000000
SECDET 84 pc=0 rf=0 intg=0
C 84 0000008c 0 0 0 0 5 0
LOCK 85 rst=1 cmp=5 mismatch=0 rf=0 cap=0
SAMPLE 85 ai=0 ab=0 am=0 pc=0 mismatch=0 rf=0 mode=0
SECDET 85 pc=0 rf=0 intg=0
R 85 34 0000008c fff10113
C 85 0000008c 0 0 0 0 5 0
LOCK 86 rst=1 cmp=5 mismatch=0 rf=0 cap=0
SAMPLE 86 ai=0 ab=0 am=0 pc=0 mismatch=0 rf=0 mode=0
SECDET 86 pc=0 rf=0 intg=0
C 86 00000090 1 0 0 1 5 0
LOCK 87 rst=1 cmp=5 mismatch=0 rf=0 cap=0
SAMPLE 87 ai=0 ab=0 am=0 pc=0 mismatch=0 rf=0 mode=0
SECDET 87 pc=0 rf=0 intg=0
C 87 00000090 0 0 0 0 5 0
LOCK 88 rst=1 cmp=5 mismatch=0 rf=0 cap=0
SAMPLE 88 ai=0 ab=0 am=0 pc=0 mismatch=0 rf=0 mode=0
SECDET 88 pc=0 rf=0 intg=0
R 88 35 00000090 fe011ee3
C 88 0000008c 1 0 0 0 5 0
LOCK 89 rst=1 cmp=5 mismatch=0 rf=0 cap=0
SAMPLE 89 ai=0 ab=0 am=0 pc=0 mismatch=0 rf=0 mode=0
W 89 2 000000a3 000000000
SECDET 89 pc=0 rf=0 intg=0
C 89 0000008c 0 0 0 0 5 0
LOCK 90 rst=1 cmp=5 mismatch=0 rf=0 cap=0
SAMPLE 90 ai=0 ab=0 am=0 pc=0 mismatch=0 rf=0 mode=0
SECDET 90 pc=0 rf=0 intg=0
R 90 36 0000008c fff10113
C 90 0000008c 0 0 0 0 5 0
LOCK 91 rst=1 cmp=5 mismatch=0 rf=0 cap=0
SAMPLE 91 ai=0 ab=0 am=0 pc=0 mismatch=0 rf=0 mode=0
SECDET 91 pc=0 rf=0 intg=0
C 91 00000090 1 0 0 1 5 0
LOCK 92 rst=1 cmp=5 mismatch=0 rf=0 cap=0
SAMPLE 92 ai=0 ab=0 am=0 pc=0 mismatch=0 rf=0 mode=0
SECDET 92 pc=0 rf=0 intg=0
C 92 00000090 0 0 0 0 5 0
LOCK 93 rst=1 cmp=5 mismatch=0 rf=0 cap=0
SAMPLE 93 ai=0 ab=0 am=0 pc=0 mismatch=0 rf=0 mode=0
SECDET 93 pc=0 rf=0 intg=0
R 93 37 00000090 fe011ee3
C 93 0000008c 1 0 0 0 5 0
LOCK 94 rst=1 cmp=5 mismatch=0 rf=0 cap=0
SAMPLE 94 ai=0 ab=0 am=0 pc=0 mismatch=0 rf=0 mode=0
W 94 2 000000a2 000000000
SECDET 94 pc=0 rf=0 intg=0
C 94 0000008c 0 0 0 0 5 0
LOCK 95 rst=1 cmp=5 mismatch=0 rf=0 cap=0
SAMPLE 95 ai=0 ab=0 am=0 pc=0 mismatch=0 rf=0 mode=0
SECDET 95 pc=0 rf=0 intg=0
R 95 38 0000008c fff10113
C 95 0000008c 0 0 0 0 5 0
LOCK 96 rst=1 cmp=5 mismatch=0 rf=0 cap=0
SAMPLE 96 ai=0 ab=0 am=0 pc=0 mismatch=0 rf=0 mode=0
SECDET 96 pc=0 rf=0 intg=0
C 96 00000090 1 0 0 1 5 0
LOCK 97 rst=1 cmp=5 mismatch=0 rf=0 cap=0
SAMPLE 97 ai=0 ab=0 am=0 pc=0 mismatch=0 rf=0 mode=0
SECDET 97 pc=0 rf=0 intg=0
C 97 00000090 0 0 0 0 5 0
LOCK 98 rst=1 cmp=5 mismatch=0 rf=0 cap=0
SAMPLE 98 ai=0 ab=0 am=0 pc=0 mismatch=0 rf=0 mode=0
SECDET 98 pc=0 rf=0 intg=0
R 98 39 00000090 fe011ee3
C 98 0000008c 1 0 0 0 5 0
LOCK 99 rst=1 cmp=5 mismatch=0 rf=0 cap=0
SAMPLE 99 ai=0 ab=0 am=0 pc=0 mismatch=0 rf=0 mode=0
W 99 2 000000a1 000000000
SECDET 99 pc=0 rf=0 intg=0
C 99 0000008c 0 0 0 0 5 0
LOCK 100 rst=1 cmp=5 mismatch=0 rf=0 cap=0
INJECT 100 fault=10
SAMPLE 100 ai=0 ab=0 am=0 pc=0 mismatch=0 rf=0 mode=0
SECDET 100 pc=0 rf=0 intg=0
R 100 40 0000008c fff10113
C 100 0000008c 0 0 0 0 5 0
LOCK 101 rst=1 cmp=5 mismatch=0 rf=0 cap=0
SAMPLE 101 ai=0 ab=0 am=0 pc=0 mismatch=0 rf=0 mode=0
SECDET 101 pc=0 rf=0 intg=0
C 101 00000090 1 0 0 1 5 0
LOCK 102 rst=1 cmp=5 mismatch=0 rf=0 cap=0
SAMPLE 102 ai=0 ab=0 am=0 pc=0 mismatch=0 rf=0 mode=0
SECDET 102 pc=0 rf=0 intg=0
C 102 00000090 0 0 0 0 5 0
LOCK 103 rst=1 cmp=5 mismatch=0 rf=0 cap=0
SAMPLE 103 ai=0 ab=0 am=0 pc=0 mismatch=0 rf=0 mode=0
SECDET 103 pc=0 rf=0 intg=0
R 103 41 00000090 fe011ee3
C 103 0000008c 1 0 0 0 5 0
LOCK 104 rst=1 cmp=5 mismatch=0 rf=0 cap=0
SAMPLE 104 ai=0 ab=0 am=0 pc=0 mismatch=0 rf=0 mode=0
W 104 2 000000a0 000000000
SECDET 104 pc=0 rf=0 intg=0
C 104 0000008c 0 0 0 0 5 0
LOCK 105 rst=1 cmp=5 mismatch=0 rf=0 cap=0
SAMPLE 105 ai=0 ab=0 am=0 pc=0 mismatch=0 rf=0 mode=0
SECDET 105 pc=0 rf=0 intg=0
R 105 42 0000008c fff10113
C 105 0000008c 0 0 0 0 5 0
LOCK 106 rst=1 cmp=5 mismatch=0 rf=0 cap=0
SAMPLE 106 ai=0 ab=0 am=0 pc=0 mismatch=0 rf=0 mode=0
SECDET 106 pc=0 rf=0 intg=0
C 106 00000090 1 0 0 1 5 0
LOCK 107 rst=1 cmp=5 mismatch=0 rf=0 cap=0
SAMPLE 107 ai=0 ab=0 am=0 pc=0 mismatch=0 rf=0 mode=0
SECDET 107 pc=0 rf=0 intg=0
C 107 00000090 0 0 0 0 5 0
LOCK 108 rst=1 cmp=5 mismatch=0 rf=0 cap=0
SAMPLE 108 ai=0 ab=0 am=0 pc=0 mismatch=0 rf=0 mode=0
SECDET 108 pc=0 rf=0 intg=0
R 108 43 00000090 fe011ee3
C 108 0000008c 1 0 0 0 5 0
LOCK 109 rst=1 cmp=5 mismatch=0 rf=0 cap=0
SAMPLE 109 ai=0 ab=0 am=0 pc=0 mismatch=0 rf=0 mode=0
W 109 2 0000009f 000000000
SECDET 109 pc=0 rf=0 intg=0
C 109 0000008c 0 0 0 0 5 0
LOCK 110 rst=1 cmp=5 mismatch=0 rf=0 cap=0
SAMPLE 110 ai=0 ab=0 am=0 pc=0 mismatch=0 rf=0 mode=0
SECDET 110 pc=0 rf=0 intg=0
R 110 44 0000008c fff10113
C 110 0000008c 0 0 0 0 5 0
LOCK 111 rst=1 cmp=5 mismatch=0 rf=0 cap=0
SAMPLE 111 ai=0 ab=0 am=0 pc=0 mismatch=0 rf=0 mode=0
SECDET 111 pc=0 rf=0 intg=0
C 111 00000090 1 0 0 1 5 0
LOCK 112 rst=1 cmp=5 mismatch=0 rf=0 cap=0
SAMPLE 112 ai=0 ab=0 am=0 pc=0 mismatch=0 rf=0 mode=0
SECDET 112 pc=0 rf=0 intg=0
C 112 00000090 0 0 0 0 5 0
LOCK 113 rst=1 cmp=5 mismatch=0 rf=0 cap=0
SAMPLE 113 ai=0 ab=0 am=0 pc=0 mismatch=0 rf=0 mode=0
SECDET 113 pc=0 rf=0 intg=0
R 113 45 00000090 fe011ee3
C 113 0000008c 1 0 0 0 5 0
LOCK 114 rst=1 cmp=5 mismatch=0 rf=0 cap=0
SAMPLE 114 ai=0 ab=0 am=0 pc=0 mismatch=0 rf=0 mode=0
W 114 2 0000009e 000000000
SECDET 114 pc=0 rf=0 intg=0
C 114 0000008c 0 0 0 0 5 0
LOCK 115 rst=1 cmp=5 mismatch=0 rf=0 cap=0
SAMPLE 115 ai=0 ab=0 am=0 pc=0 mismatch=0 rf=0 mode=0
SECDET 115 pc=0 rf=0 intg=0
R 115 46 0000008c fff10113
C 115 0000008c 0 0 0 0 5 0
LOCK 116 rst=1 cmp=5 mismatch=0 rf=0 cap=0
SAMPLE 116 ai=0 ab=0 am=0 pc=0 mismatch=0 rf=0 mode=0
SECDET 116 pc=0 rf=0 intg=0
C 116 00000090 1 0 0 1 5 0
LOCK 117 rst=1 cmp=5 mismatch=0 rf=0 cap=0
SAMPLE 117 ai=0 ab=0 am=0 pc=0 mismatch=0 rf=0 mode=0
SECDET 117 pc=0 rf=0 intg=0
C 117 00000090 0 0 0 0 5 0
LOCK 118 rst=1 cmp=5 mismatch=0 rf=0 cap=0
SAMPLE 118 ai=0 ab=0 am=0 pc=0 mismatch=0 rf=0 mode=0
SECDET 118 pc=0 rf=0 intg=0
R 118 47 00000090 fe011ee3
C 118 0000008c 1 0 0 0 5 0
LOCK 119 rst=1 cmp=5 mismatch=0 rf=0 cap=0
SAMPLE 119 ai=0 ab=0 am=0 pc=0 mismatch=0 rf=0 mode=0
W 119 2 0000009d 000000000
SECDET 119 pc=0 rf=0 intg=0
C 119 0000008c 0 0 0 0 5 0
R 120 48 0000008c fff10113
C 120 0000008c 0 0 0 0 5 0
C 121 00000090 1 0 0 1 5 0
C 122 00000090 0 0 0 0 5 0
R 123 49 00000090 fe011ee3
C 123 0000008c 1 0 0 0 5 0
W 124 2 0000009c 000000000
C 124 0000008c 0 0 0 0 5 0
R 125 50 0000008c fff10113
C 125 0000008c 0 0 0 0 5 0
C 126 00000090 1 0 0 1 5 0
C 127 00000090 0 0 0 0 5 0
R 128 51 00000090 fe011ee3
C 128 0000008c 1 0 0 0 5 0
W 129 2 0000009b 000000000
C 129 0000008c 0 0 0 0 5 0
R 130 52 0000008c fff10113
C 130 0000008c 0 0 0 0 5 0
C 131 00000090 1 0 0 1 5 0
C 132 00000090 0 0 0 0 5 0
R 133 53 00000090 fe011ee3
C 133 0000008c 1 0 0 0 5 0
W 134 2 0000009a 000000000
C 134 0000008c 0 0 0 0 5 0
R 135 54 0000008c fff10113
C 135 0000008c 0 0 0 0 5 0
C 136 00000090 1 0 0 1 5 0
C 137 00000090 0 0 0 0 5 0
R 138 55 00000090 fe011ee3
C 138 0000008c 1 0 0 0 5 0
W 139 2 00000099 000000000
C 139 0000008c 0 0 0 0 5 0
R 140 56 0000008c fff10113
C 140 0000008c 0 0 0 0 5 0
C 141 00000090 1 0 0 1 5 0
C 142 00000090 0 0 0 0 5 0
R 143 57 00000090 fe011ee3
C 143 0000008c 1 0 0 0 5 0
W 144 2 00000098 000000000
C 144 0000008c 0 0 0 0 5 0
R 145 58 0000008c fff10113
C 145 0000008c 0 0 0 0 5 0
C 146 00000090 1 0 0 1 5 0
C 147 00000090 0 0 0 0 5 0
R 148 59 00000090 fe011ee3
C 148 0000008c 1 0 0 0 5 0
W 149 2 00000097 000000000
C 149 0000008c 0 0 0 0 5 0
R 150 60 0000008c fff10113
C 150 0000008c 0 0 0 0 5 0
C 151 00000090 1 0 0 1 5 0
C 152 00000090 0 0 0 0 5 0
R 153 61 00000090 fe011ee3
C 153 0000008c 1 0 0 0 5 0
W 154 2 00000096 000000000
C 154 0000008c 0 0 0 0 5 0
R 155 62 0000008c fff10113
C 155 0000008c 0 0 0 0 5 0
C 156 00000090 1 0 0 1 5 0
C 157 00000090 0 0 0 0 5 0
R 158 63 00000090 fe011ee3
C 158 0000008c 1 0 0 0 5 0
W 159 2 00000095 000000000
C 159 0000008c 0 0 0 0 5 0
R 160 64 0000008c fff10113
C 160 0000008c 0 0 0 0 5 0
C 161 00000090 1 0 0 1 5 0
C 162 00000090 0 0 0 0 5 0
R 163 65 00000090 fe011ee3
C 163 0000008c 1 0 0 0 5 0
W 164 2 00000094 000000000
C 164 0000008c 0 0 0 0 5 0
R 165 66 0000008c fff10113
C 165 0000008c 0 0 0 0 5 0
C 166 00000090 1 0 0 1 5 0
C 167 00000090 0 0 0 0 5 0
R 168 67 00000090 fe011ee3
C 168 0000008c 1 0 0 0 5 0
W 169 2 00000093 000000000
C 169 0000008c 0 0 0 0 5 0
R 170 68 0000008c fff10113
C 170 0000008c 0 0 0 0 5 0
C 171 00000090 1 0 0 1 5 0
C 172 00000090 0 0 0 0 5 0
R 173 69 00000090 fe011ee3
C 173 0000008c 1 0 0 0 5 0
W 174 2 00000092 000000000
C 174 0000008c 0 0 0 0 5 0
R 175 70 0000008c fff10113
C 175 0000008c 0 0 0 0 5 0
C 176 00000090 1 0 0 1 5 0
C 177 00000090 0 0 0 0 5 0
R 178 71 00000090 fe011ee3
C 178 0000008c 1 0 0 0 5 0
W 179 2 00000091 000000000
C 179 0000008c 0 0 0 0 5 0
R 180 72 0000008c fff10113
R 183 73 00000090 fe011ee3
W 184 2 00000090 000000000
R 185 74 0000008c fff10113
R 188 75 00000090 fe011ee3
W 189 2 0000008f 000000000
R 190 76 0000008c fff10113
R 193 77 00000090 fe011ee3
W 194 2 0000008e 000000000
R 195 78 0000008c fff10113
R 198 79 00000090 fe011ee3
W 199 2 0000008d 000000000
R 200 80 0000008c fff10113
R 203 81 00000090 fe011ee3
W 204 2 0000008c 000000000
R 205 82 0000008c fff10113
R 208 83 00000090 fe011ee3
W 209 2 0000008b 000000000
R 210 84 0000008c fff10113
R 213 85 00000090 fe011ee3
W 214 2 0000008a 000000000
R 215 86 0000008c fff10113
R 218 87 00000090 fe011ee3
W 219 2 00000089 000000000
R 220 88 0000008c fff10113
R 223 89 00000090 fe011ee3
W 224 2 00000088 000000000
R 225 90 0000008c fff10113
R 228 91 00000090 fe011ee3
W 229 2 00000087 000000000
R 230 92 0000008c fff10113
R 233 93 00000090 fe011ee3
W 234 2 00000086 000000000
R 235 94 0000008c fff10113
R 238 95 00000090 fe011ee3
W 239 2 00000085 000000000
R 240 96 0000008c fff10113
R 243 97 00000090 fe011ee3
W 244 2 00000084 000000000
R 245 98 0000008c fff10113
R 248 99 00000090 fe011ee3
W 249 2 00000083 000000000
R 250 100 0000008c fff10113
R 253 101 00000090 fe011ee3
W 254 2 00000082 000000000
R 255 102 0000008c fff10113
R 258 103 00000090 fe011ee3
W 259 2 00000081 000000000
R 260 104 0000008c fff10113
R 263 105 00000090 fe011ee3
W 264 2 00000080 000000000
R 265 106 0000008c fff10113
R 268 107 00000090 fe011ee3
W 269 2 0000007f 000000000
R 270 108 0000008c fff10113
R 272 109 00000090 fe011ee3
W 273 2 0000007e 000000000
R 274 110 0000008c fff10113
R 277 111 00000090 fe011ee3
ALERT minor 277
W 278 2 0000007d 000000000
R 279 112 0000008c fff10113
ALERT internal 279
R 281 113 00000090 fe011ee3
W 282 2 0000007c 000000000
R 283 114 0000008c fff10113
R 285 115 00000090 fe011ee3
W 286 2 0000007b 000000000
R 287 116 0000008c fff10113
R 289 117 00000090 fe011ee3
W 290 2 0000007a 000000000
R 291 118 0000008c fff10113
R 293 119 00000090 fe011ee3
W 294 2 00000079 000000000
R 295 120 0000008c fff10113
R 297 121 00000090 fe011ee3
W 298 2 00000078 000000000
R 299 122 0000008c fff10113
R 301 123 00000090 fe011ee3
W 302 2 00000077 000000000
R 303 124 0000008c fff10113
R 305 125 00000090 fe011ee3
W 306 2 00000076 000000000
R 307 126 0000008c fff10113
R 309 127 00000090 fe011ee3
W 310 2 00000075 000000000
R 311 128 0000008c fff10113
R 313 129 00000090 fe011ee3
W 314 2 00000074 000000000
R 315 130 0000008c fff10113
R 317 131 00000090 fe011ee3
W 318 2 00000073 000000000
R 319 132 0000008c fff10113
R 321 133 00000090 fe011ee3
W 322 2 00000072 000000000
R 323 134 0000008c fff10113
R 325 135 00000090 fe011ee3
W 326 2 00000071 000000000
R 327 136 0000008c fff10113
R 329 137 00000090 fe011ee3
W 330 2 00000070 000000000
R 331 138 0000008c fff10113
R 333 139 00000090 fe011ee3
W 334 2 0000006f 000000000
R 335 140 0000008c fff10113
R 337 141 00000090 fe011ee3
W 338 2 0000006e 000000000
R 339 142 0000008c fff10113
R 341 143 00000090 fe011ee3
W 342 2 0000006d 000000000
R 343 144 0000008c fff10113
R 345 145 00000090 fe011ee3
W 346 2 0000006c 000000000
R 347 146 0000008c fff10113
R 349 147 00000090 fe011ee3
INJECT 350 cache-hit-codeword
W 350 2 0000006b 000000000
R 351 148 0000008c fff10113
R 353 149 00000090 fe011ee3
W 356 2 0000006a 000000000
R 357 150 0000008c fff10113
R 359 151 00000090 fe011ee3
W 362 2 00000069 000000000
R 363 152 0000008c fff10113
R 364 153 00000090 fe011ee3
W 366 2 00000068 000000000
R 367 154 0000008c fff10113
R 368 155 00000090 fe011ee3
W 369 2 00000067 000000000
R 370 156 0000008c fff10113
R 371 157 00000090 fe011ee3
W 372 2 00000066 000000000
R 373 158 0000008c fff10113
R 374 159 00000090 fe011ee3
W 375 2 00000065 000000000
R 376 160 0000008c fff10113
R 377 161 00000090 fe011ee3
W 378 2 00000064 000000000
R 379 162 0000008c fff10113
R 381 163 00000090 fe011ee3
W 383 2 00000063 000000000
R 384 164 0000008c fff10113
R 385 165 00000090 fe011ee3
W 386 2 00000062 000000000
R 387 166 0000008c fff10113
R 388 167 00000090 fe011ee3
W 389 2 00000061 000000000
R 390 168 0000008c fff10113
R 392 169 00000090 fe011ee3
W 394 2 00000060 000000000
R 395 170 0000008c fff10113
R 396 171 00000090 fe011ee3
W 397 2 0000005f 000000000
R 398 172 0000008c fff10113
R 399 173 00000090 fe011ee3
W 400 2 0000005e 000000000
R 401 174 0000008c fff10113
R 403 175 00000090 fe011ee3
W 405 2 0000005d 000000000
R 406 176 0000008c fff10113
R 407 177 00000090 fe011ee3
W 408 2 0000005c 000000000
R 409 178 0000008c fff10113
R 410 179 00000090 fe011ee3
W 411 2 0000005b 000000000
R 412 180 0000008c fff10113
R 414 181 00000090 fe011ee3
W 416 2 0000005a 000000000
R 417 182 0000008c fff10113
R 418 183 00000090 fe011ee3
W 419 2 00000059 000000000
R 420 184 0000008c fff10113
R 421 185 00000090 fe011ee3
W 422 2 00000058 000000000
R 423 186 0000008c fff10113
R 425 187 00000090 fe011ee3
W 427 2 00000057 000000000
R 428 188 0000008c fff10113
R 429 189 00000090 fe011ee3
W 430 2 00000056 000000000
R 431 190 0000008c fff10113
R 432 191 00000090 fe011ee3
W 433 2 00000055 000000000
R 434 192 0000008c fff10113
R 436 193 00000090 fe011ee3
W 438 2 00000054 000000000
R 439 194 0000008c fff10113
R 440 195 00000090 fe011ee3
W 441 2 00000053 000000000
R 442 196 0000008c fff10113
R 443 197 00000090 fe011ee3
W 444 2 00000052 000000000
R 445 198 0000008c fff10113
R 447 199 00000090 fe011ee3
W 449 2 00000051 000000000
R 450 200 0000008c fff10113
R 451 201 00000090 fe011ee3
W 452 2 00000050 000000000
R 453 202 0000008c fff10113
R 454 203 00000090 fe011ee3
W 455 2 0000004f 000000000
R 456 204 0000008c fff10113
R 458 205 00000090 fe011ee3
W 460 2 0000004e 000000000
R 461 206 0000008c fff10113
R 462 207 00000090 fe011ee3
W 463 2 0000004d 000000000
R 464 208 0000008c fff10113
R 465 209 00000090 fe011ee3
W 466 2 0000004c 000000000
R 467 210 0000008c fff10113
R 469 211 00000090 fe011ee3
W 471 2 0000004b 000000000
R 472 212 0000008c fff10113
R 473 213 00000090 fe011ee3
W 474 2 0000004a 000000000
R 475 214 0000008c fff10113
R 476 215 00000090 fe011ee3
W 477 2 00000049 000000000
R 478 216 0000008c fff10113
R 480 217 00000090 fe011ee3
W 482 2 00000048 000000000
R 483 218 0000008c fff10113
R 484 219 00000090 fe011ee3
W 485 2 00000047 000000000
R 486 220 0000008c fff10113
R 487 221 00000090 fe011ee3
W 488 2 00000046 000000000
R 489 222 0000008c fff10113
R 491 223 00000090 fe011ee3
W 493 2 00000045 000000000
R 494 224 0000008c fff10113
R 495 225 00000090 fe011ee3
W 496 2 00000044 000000000
R 497 226 0000008c fff10113
R 498 227 00000090 fe011ee3
W 499 2 00000043 000000000
R 500 228 0000008c fff10113
R 502 229 00000090 fe011ee3
W 504 2 00000042 000000000
R 505 230 0000008c fff10113
R 506 231 00000090 fe011ee3
W 507 2 00000041 000000000
R 508 232 0000008c fff10113
R 509 233 00000090 fe011ee3
W 510 2 00000040 000000000
R 511 234 0000008c fff10113
R 513 235 00000090 fe011ee3
W 515 2 0000003f 000000000
R 516 236 0000008c fff10113
R 517 237 00000090 fe011ee3
W 518 2 0000003e 000000000
R 519 238 0000008c fff10113
R 520 239 00000090 fe011ee3
W 521 2 0000003d 000000000
R 522 240 0000008c fff10113
R 524 241 00000090 fe011ee3
W 526 2 0000003c 000000000
R 527 242 0000008c fff10113
R 528 243 00000090 fe011ee3
W 529 2 0000003b 000000000
R 530 244 0000008c fff10113
R 531 245 00000090 fe011ee3
W 532 2 0000003a 000000000
R 533 246 0000008c fff10113
R 535 247 00000090 fe011ee3
W 537 2 00000039 000000000
R 538 248 0000008c fff10113
R 539 249 00000090 fe011ee3
W 540 2 00000038 000000000
R 541 250 0000008c fff10113
R 542 251 00000090 fe011ee3
W 543 2 00000037 000000000
R 544 252 0000008c fff10113
R 546 253 00000090 fe011ee3
W 548 2 00000036 000000000
R 549 254 0000008c fff10113
R 550 255 00000090 fe011ee3
W 551 2 00000035 000000000
R 552 256 0000008c fff10113
R 553 257 00000090 fe011ee3
W 554 2 00000034 000000000
R 555 258 0000008c fff10113
R 557 259 00000090 fe011ee3
W 559 2 00000033 000000000
R 560 260 0000008c fff10113
R 561 261 00000090 fe011ee3
W 562 2 00000032 000000000
R 563 262 0000008c fff10113
R 564 263 00000090 fe011ee3
W 565 2 00000031 000000000
R 566 264 0000008c fff10113
R 568 265 00000090 fe011ee3
W 570 2 00000030 000000000
R 571 266 0000008c fff10113
R 572 267 00000090 fe011ee3
W 573 2 0000002f 000000000
R 574 268 0000008c fff10113
R 575 269 00000090 fe011ee3
W 576 2 0000002e 000000000
R 577 270 0000008c fff10113
R 579 271 00000090 fe011ee3
W 581 2 0000002d 000000000
R 582 272 0000008c fff10113
R 583 273 00000090 fe011ee3
W 584 2 0000002c 000000000
R 585 274 0000008c fff10113
R 586 275 00000090 fe011ee3
W 587 2 0000002b 000000000
R 588 276 0000008c fff10113
R 590 277 00000090 fe011ee3
W 592 2 0000002a 000000000
R 593 278 0000008c fff10113
R 594 279 00000090 fe011ee3
W 595 2 00000029 000000000
R 596 280 0000008c fff10113
R 597 281 00000090 fe011ee3
W 598 2 00000028 000000000
R 599 282 0000008c fff10113
R 601 283 00000090 fe011ee3
W 603 2 00000027 000000000
R 604 284 0000008c fff10113
R 605 285 00000090 fe011ee3
W 606 2 00000026 000000000
R 607 286 0000008c fff10113
R 608 287 00000090 fe011ee3
W 609 2 00000025 000000000
R 610 288 0000008c fff10113
R 612 289 00000090 fe011ee3
W 614 2 00000024 000000000
R 615 290 0000008c fff10113
R 616 291 00000090 fe011ee3
W 617 2 00000023 000000000
R 618 292 0000008c fff10113
R 619 293 00000090 fe011ee3
W 620 2 00000022 000000000
R 621 294 0000008c fff10113
R 623 295 00000090 fe011ee3
W 625 2 00000021 000000000
R 626 296 0000008c fff10113
R 627 297 00000090 fe011ee3
W 628 2 00000020 000000000
R 629 298 0000008c fff10113
R 630 299 00000090 fe011ee3
W 631 2 0000001f 000000000
R 632 300 0000008c fff10113
R 634 301 00000090 fe011ee3
W 636 2 0000001e 000000000
R 637 302 0000008c fff10113
R 638 303 00000090 fe011ee3
W 639 2 0000001d 000000000
R 640 304 0000008c fff10113
R 641 305 00000090 fe011ee3
W 642 2 0000001c 000000000
R 643 306 0000008c fff10113
R 645 307 00000090 fe011ee3
W 647 2 0000001b 000000000
R 648 308 0000008c fff10113
R 649 309 00000090 fe011ee3
W 650 2 0000001a 000000000
R 651 310 0000008c fff10113
R 652 311 00000090 fe011ee3
W 653 2 00000019 000000000
R 654 312 0000008c fff10113
R 656 313 00000090 fe011ee3
W 658 2 00000018 000000000
R 659 314 0000008c fff10113
R 660 315 00000090 fe011ee3
W 661 2 00000017 000000000
R 662 316 0000008c fff10113
R 663 317 00000090 fe011ee3
W 664 2 00000016 000000000
R 665 318 0000008c fff10113
R 667 319 00000090 fe011ee3
W 669 2 00000015 000000000
R 670 320 0000008c fff10113
R 671 321 00000090 fe011ee3
W 672 2 00000014 000000000
R 673 322 0000008c fff10113
R 674 323 00000090 fe011ee3
W 675 2 00000013 000000000
R 676 324 0000008c fff10113
R 678 325 00000090 fe011ee3
W 680 2 00000012 000000000
R 681 326 0000008c fff10113
R 682 327 00000090 fe011ee3
W 683 2 00000011 000000000
R 684 328 0000008c fff10113
R 685 329 00000090 fe011ee3
W 686 2 00000010 000000000
R 687 330 0000008c fff10113
R 689 331 00000090 fe011ee3
W 691 2 0000000f 000000000
R 692 332 0000008c fff10113
R 693 333 00000090 fe011ee3
W 694 2 0000000e 000000000
R 695 334 0000008c fff10113
R 696 335 00000090 fe011ee3
W 697 2 0000000d 000000000
R 698 336 0000008c fff10113
R 700 337 00000090 fe011ee3
W 702 2 0000000c 000000000
R 703 338 0000008c fff10113
R 704 339 00000090 fe011ee3
W 705 2 0000000b 000000000
R 706 340 0000008c fff10113
R 707 341 00000090 fe011ee3
W 708 2 0000000a 000000000
R 709 342 0000008c fff10113
R 711 343 00000090 fe011ee3
W 713 2 00000009 000000000
R 714 344 0000008c fff10113
R 715 345 00000090 fe011ee3
W 716 2 00000008 000000000
R 717 346 0000008c fff10113
R 718 347 00000090 fe011ee3
W 719 2 00000007 000000000
R 720 348 0000008c fff10113
R 722 349 00000090 fe011ee3
W 724 2 00000006 000000000
R 725 350 0000008c fff10113
R 726 351 00000090 fe011ee3
W 727 2 00000005 000000000
R 728 352 0000008c fff10113
R 729 353 00000090 fe011ee3
W 730 2 00000004 000000000
R 731 354 0000008c fff10113
R 733 355 00000090 fe011ee3
W 735 2 00000003 000000000
R 736 356 0000008c fff10113
R 737 357 00000090 fe011ee3
W 738 2 00000002 000000000
R 739 358 0000008c fff10113
R 740 359 00000090 fe011ee3
W 741 2 00000001 000000000
R 742 360 0000008c fff10113
R 744 361 00000090 fe011ee3
W 746 2 00000000 000000000
R 747 362 0000008c fff10113
R 748 363 00000090 fe011ee3
R 749 364 00000094 0000100f
W 750 15 0000007b 000000000
R 751 365 00000098 07b00793
KEY 752 response
R 752 366 0000009c 0000006f
R 754 367 0000009c 0000006f
R 756 368 0000009c 0000006f
R 758 369 0000009c 0000006f
R 760 370 0000009c 0000006f
R 762 371 0000009c 0000006f
R 764 372 0000009c 0000006f
R 766 373 0000009c 0000006f
R 768 374 0000009c 0000006f
R 770 375 0000009c 0000006f
R 772 376 0000009c 0000006f
R 774 377 0000009c 0000006f
R 776 378 0000009c 0000006f
R 778 379 0000009c 0000006f
R 780 380 0000009c 0000006f
R 782 381 0000009c 0000006f
R 784 382 0000009c 0000006f
R 786 383 0000009c 0000006f
R 788 384 0000009c 0000006f
R 790 385 0000009c 0000006f
R 792 386 0000009c 0000006f
R 794 387 0000009c 0000006f
R 796 388 0000009c 0000006f
R 798 389 0000009c 0000006f
R 800 390 0000009c 0000006f
R 802 391 0000009c 0000006f
R 804 392 0000009c 0000006f
R 806 393 0000009c 0000006f
R 808 394 0000009c 0000006f
R 810 395 0000009c 0000006f
R 812 396 0000009c 0000006f
R 814 397 0000009c 0000006f
R 816 398 0000009c 0000006f
R 818 399 0000009c 0000006f
R 820 400 0000009c 0000006f
R 822 401 0000009c 0000006f
R 824 402 0000009c 0000006f
R 826 403 0000009c 0000006f
R 828 404 0000009c 0000006f
R 830 405 0000009c 0000006f
R 832 406 0000009c 0000006f
R 834 407 0000009c 0000006f
R 836 408 0000009c 0000006f
R 838 409 0000009c 0000006f
R 840 410 0000009c 0000006f
R 842 411 0000009c 0000006f
R 844 412 0000009c 0000006f
R 846 413 0000009c 0000006f
R 848 414 0000009c 0000006f
R 850 415 0000009c 0000006f
R 852 416 0000009c 0000006f
R 854 417 0000009c 0000006f
R 856 418 0000009c 0000006f
R 858 419 0000009c 0000006f
R 860 420 0000009c 0000006f
R 862 421 0000009c 0000006f
R 864 422 0000009c 0000006f
R 866 423 0000009c 0000006f
R 868 424 0000009c 0000006f
R 870 425 0000009c 0000006f
R 872 426 0000009c 0000006f
R 874 427 0000009c 0000006f
R 876 428 0000009c 0000006f
R 878 429 0000009c 0000006f
R 880 430 0000009c 0000006f
R 882 431 0000009c 0000006f
R 884 432 0000009c 0000006f
R 886 433 0000009c 0000006f
R 888 434 0000009c 0000006f
R 890 435 0000009c 0000006f
R 892 436 0000009c 0000006f
R 894 437 0000009c 0000006f
R 896 438 0000009c 0000006f
R 898 439 0000009c 0000006f
R 900 440 0000009c 0000006f
R 902 441 0000009c 0000006f
R 904 442 0000009c 0000006f
R 906 443 0000009c 0000006f
R 908 444 0000009c 0000006f
R 910 445 0000009c 0000006f
R 912 446 0000009c 0000006f
R 914 447 0000009c 0000006f
R 916 448 0000009c 0000006f
R 918 449 0000009c 0000006f
R 920 450 0000009c 0000006f
R 922 451 0000009c 0000006f
R 924 452 0000009c 0000006f
R 926 453 0000009c 0000006f
R 928 454 0000009c 0000006f
R 930 455 0000009c 0000006f
R 932 456 0000009c 0000006f
R 934 457 0000009c 0000006f
R 936 458 0000009c 0000006f
R 938 459 0000009c 0000006f
R 940 460 0000009c 0000006f
R 942 461 0000009c 0000006f
R 944 462 0000009c 0000006f
R 946 463 0000009c 0000006f
R 948 464 0000009c 0000006f
R 950 465 0000009c 0000006f
R 952 466 0000009c 0000006f
R 954 467 0000009c 0000006f
R 956 468 0000009c 0000006f
R 958 469 0000009c 0000006f
R 960 470 0000009c 0000006f
R 962 471 0000009c 0000006f
R 964 472 0000009c 0000006f
R 966 473 0000009c 0000006f
R 968 474 0000009c 0000006f
R 970 475 0000009c 0000006f
R 972 476 0000009c 0000006f
R 974 477 0000009c 0000006f
R 976 478 0000009c 0000006f
R 978 479 0000009c 0000006f
R 980 480 0000009c 0000006f
R 982 481 0000009c 0000006f
R 984 482 0000009c 0000006f
R 986 483 0000009c 0000006f
R 988 484 0000009c 0000006f
R 990 485 0000009c 0000006f
R 992 486 0000009c 0000006f
R 994 487 0000009c 0000006f
R 996 488 0000009c 0000006f
R 998 489 0000009c 0000006f
R 1000 490 0000009c 0000006f
R 1002 491 0000009c 0000006f
R 1004 492 0000009c 0000006f
R 1006 493 0000009c 0000006f
R 1008 494 0000009c 0000006f
R 1010 495 0000009c 0000006f
R 1012 496 0000009c 0000006f
R 1014 497 0000009c 0000006f
R 1018 498 0000009c 0000006f
R 1020 499 0000009c 0000006f
R 1024 500 0000009c 0000006f
R 1027 501 0000009c 0000006f
R 1031 502 0000009c 0000006f
R 1034 503 0000009c 0000006f
R 1036 504 0000009c 0000006f
R 1038 505 0000009c 0000006f
R 1041 506 0000009c 0000006f
R 1045 507 0000009c 0000006f
R 1048 508 0000009c 0000006f
R 1050 509 0000009c 0000006f
R 1052 510 0000009c 0000006f
R 1055 511 0000009c 0000006f
R 1059 512 0000009c 0000006f
R 1062 513 0000009c 0000006f
R 1064 514 0000009c 0000006f
R 1066 515 0000009c 0000006f
R 1069 516 0000009c 0000006f
R 1073 517 0000009c 0000006f
R 1076 518 0000009c 0000006f
R 1078 519 0000009c 0000006f
R 1080 520 0000009c 0000006f
R 1083 521 0000009c 0000006f
R 1087 522 0000009c 0000006f
R 1090 523 0000009c 0000006f
R 1092 524 0000009c 0000006f
R 1094 525 0000009c 0000006f
R 1097 526 0000009c 0000006f
R 1101 527 0000009c 0000006f
R 1104 528 0000009c 0000006f
R 1106 529 0000009c 0000006f
R 1108 530 0000009c 0000006f
R 1111 531 0000009c 0000006f
R 1115 532 0000009c 0000006f
R 1118 533 0000009c 0000006f
R 1120 534 0000009c 0000006f
R 1122 535 0000009c 0000006f
R 1125 536 0000009c 0000006f
R 1129 537 0000009c 0000006f
R 1132 538 0000009c 0000006f
R 1134 539 0000009c 0000006f
R 1136 540 0000009c 0000006f
R 1139 541 0000009c 0000006f
R 1143 542 0000009c 0000006f
R 1146 543 0000009c 0000006f
R 1148 544 0000009c 0000006f
R 1150 545 0000009c 0000006f
R 1153 546 0000009c 0000006f
R 1157 547 0000009c 0000006f
R 1160 548 0000009c 0000006f
R 1162 549 0000009c 0000006f
R 1164 550 0000009c 0000006f
R 1167 551 0000009c 0000006f
R 1171 552 0000009c 0000006f
R 1174 553 0000009c 0000006f
R 1176 554 0000009c 0000006f
R 1178 555 0000009c 0000006f
R 1181 556 0000009c 0000006f
R 1185 557 0000009c 0000006f
R 1188 558 0000009c 0000006f
R 1190 559 0000009c 0000006f
R 1192 560 0000009c 0000006f
R 1195 561 0000009c 0000006f
R 1199 562 0000009c 0000006f
REG 0 00000000
REG 1 00000001
REG 2 00000000
REG 3 00000000
REG 4 00000000
REG 5 00000000
REG 6 00000000
REG 7 00000000
REG 8 00000000
REG 9 00000000
REG 10 00000000
REG 11 00000000
REG 12 00000000
REG 13 00000000
REG 14 00000000
REG 15 0000007b
REG 16 00000000
REG 17 00000000
REG 18 00000000
REG 19 00000000
REG 20 00000000
REG 21 00000000
REG 22 00000000
REG 23 00000000
REG 24 00000000
REG 25 00000000
REG 26 00000000
REG 27 00000000
REG 28 00000000
REG 29 00000000
REG 30 00000000
REG 31 00000000
COUNTS sleep=1 clocks=1197 ai=921 ab=0 am=200 ifetch=625 data=0 bitmap=0 hit=407 miss=64 dummy=0 expanded=0 predict=0 mispredict=0 keys=1
FINISH
- /home/dungpc/ndmoney4porche/projects/ibex/doc/dungpc/microarchitecture/scripts/top_tb.sv:214: Verilog $finish
