CONFIG SEC=1 CACHE=1 PRED=0 DUAL=1 MODE=1 ZC=0 SCR=1 ICECC=1 OFFSET=1 PMP=1
SAMPLE 3 ai=0 ab=0 am=0 pc=0 mismatch=0 rf=0 mode=0
SECDET 3 pc=0 rf=0 intg=0
C 3 00000000 0 0 0 1 0 0
LOCK 4 rst=0 cmp=a mismatch=0 rf=0 cap=0
SAMPLE 4 ai=0 ab=0 am=0 pc=0 mismatch=0 rf=0 mode=0
SECDET 4 pc=0 rf=0 intg=0
C 4 00000000 0 0 0 1 1 0
LOCK 5 rst=1 cmp=a mismatch=0 rf=0 cap=0
SAMPLE 5 ai=0 ab=0 am=0 pc=0 mismatch=0 rf=0 mode=0
SECDET 5 pc=0 rf=0 intg=0
C 5 00000000 0 0 0 0 4 0
LOCK 6 rst=1 cmp=5 mismatch=0 rf=0 cap=0
SAMPLE 6 ai=0 ab=0 am=0 pc=0 mismatch=0 rf=0 mode=0
CSRDBG 6 addr=03d priv=3 dec=0 csr=0 raw=1 pw=0 dbg=0 op=0
SECDET 6 pc=0 rf=0 intg=0
C 6 00000080 1 0 0 0 5 0
LOCK 7 rst=1 cmp=5 mismatch=0 rf=0 cap=0
SAMPLE 7 ai=0 ab=0 am=0 pc=0 mismatch=0 rf=0 mode=0
W 7 1 00000000 17e3e0000
CSRDBG 7 addr=200 priv=3 dec=0 csr=0 raw=1 pw=0 dbg=0 op=0
SECDET 7 pc=0 rf=0 intg=0
C 7 00000084 1 0 0 0 5 0
LOCK 8 rst=1 cmp=5 mismatch=0 rf=0 cap=0
SAMPLE 8 ai=0 ab=0 am=0 pc=0 mismatch=0 rf=0 mode=0
W 8 1 00000200 17e3e0000
CSRDBG 8 addr=000 priv=3 dec=0 csr=0 raw=1 pw=0 dbg=0 op=0
SECDET 8 pc=0 rf=0 intg=0
R 8 1 00000080 03d000db
C 8 00000088 1 1 0 0 5 0
D 8 0 00000200 f 00000000 tag=1
LOCK 9 rst=1 cmp=5 mismatch=0 rf=0 cap=0
SAMPLE 9 ai=0 ab=0 am=0 pc=0 mismatch=0 rf=0 mode=0
CSRDBG 9 addr=000 priv=3 dec=0 csr=0 raw=1 pw=0 dbg=0 op=0
SECDET 9 pc=0 rf=0 intg=0
R 9 2 00000084 200090db
C 9 00000088 1 0 0 0 5 0
D 9 0 00000204 f 00000000 tag=1
LOCK 10 rst=1 cmp=5 mismatch=0 rf=0 cap=0
SAMPLE 10 ai=0 ab=0 am=0 pc=0 mismatch=0 rf=0 mode=0
CSRDBG 10 addr=fe4 priv=3 dec=0 csr=0 raw=1 pw=0 dbg=0 op=0
SECDET 10 pc=0 rf=0 intg=0
C 10 0000008c 1 1 0 0 5 0
B 10 00000000
LOCK 11 rst=1 cmp=5 mismatch=0 rf=0 cap=0
SAMPLE 11 ai=0 ab=0 am=0 pc=0 mismatch=0 rf=0 mode=0
CSRDBG 11 addr=fe4 priv=3 dec=0 csr=0 raw=1 pw=0 dbg=0 op=0
SECDET 11 pc=0 rf=0 intg=0
C 11 0000008c 1 1 0 0 5 0
LOCK 12 rst=1 cmp=5 mismatch=0 rf=0 cap=0
SAMPLE 12 ai=0 ab=0 am=0 pc=0 mismatch=0 rf=0 mode=0
CSRDBG 12 addr=fe4 priv=3 dec=0 csr=0 raw=1 pw=0 dbg=0 op=0
SECDET 12 pc=0 rf=0 intg=0
C 12 0000008c 1 1 0 0 5 0
LOCK 13 rst=1 cmp=5 mismatch=0 rf=0 cap=0
SAMPLE 13 ai=0 ab=0 am=0 pc=0 mismatch=0 rf=0 mode=0
CSRDBG 13 addr=fe4 priv=3 dec=0 csr=0 raw=1 pw=0 dbg=0 op=0
SECDET 13 pc=0 rf=0 intg=0
C 13 0000008c 1 1 0 0 5 0
LOCK 14 rst=1 cmp=5 mismatch=0 rf=0 cap=0
SAMPLE 14 ai=0 ab=0 am=0 pc=0 mismatch=0 rf=0 mode=0
CSRDBG 14 addr=fe4 priv=3 dec=0 csr=0 raw=1 pw=0 dbg=0 op=0
SECDET 14 pc=0 rf=0 intg=0
C 14 0000008c 1 1 0 0 5 0
LOCK 15 rst=1 cmp=5 mismatch=0 rf=0 cap=0
SAMPLE 15 ai=0 ab=0 am=0 pc=0 mismatch=0 rf=0 mode=0
CSRDBG 15 addr=fe4 priv=3 dec=0 csr=0 raw=1 pw=0 dbg=0 op=0
SECDET 15 pc=0 rf=0 intg=0
C 15 0000008c 1 1 0 0 5 0
LOCK 16 rst=1 cmp=5 mismatch=0 rf=0 cap=0
SAMPLE 16 ai=0 ab=0 am=0 pc=0 mismatch=0 rf=0 mode=0
W 16 2 00001000 07e020000
CSRDBG 16 addr=fe4 priv=3 dec=0 csr=0 raw=1 pw=0 dbg=0 op=0
SECDET 16 pc=0 rf=0 intg=0
C 16 0000008c 1 0 0 0 5 0
LOCK 17 rst=1 cmp=5 mismatch=0 rf=0 cap=0
SAMPLE 17 ai=0 ab=0 am=0 pc=0 mismatch=0 rf=0 mode=0
CSRDBG 17 addr=fe4 priv=3 dec=0 csr=0 raw=1 pw=0 dbg=0 op=0
SECDET 17 pc=0 rf=0 intg=0
R 17 3 00000088 0000b103
C 17 0000008c 1 0 0 0 5 0
LOCK 18 rst=1 cmp=5 mismatch=0 rf=0 cap=0
SAMPLE 18 ai=0 ab=0 am=0 pc=0 mismatch=0 rf=0 mode=0
W 18 3 00000000 000000000
CSRDBG 18 addr=07b priv=3 dec=0 csr=0 raw=1 pw=0 dbg=0 op=0
SECDET 18 pc=0 rf=0 intg=0
C 18 00000090 1 0 0 0 5 0
LOCK 19 rst=1 cmp=5 mismatch=0 rf=0 cap=0
SAMPLE 19 ai=0 ab=0 am=0 pc=0 mismatch=0 rf=0 mode=0
W 19 15 0000007b 000000000
CSRDBG 19 addr=000 priv=3 dec=0 csr=0 raw=1 pw=0 dbg=0 op=0
SECDET 19 pc=0 rf=0 intg=0
R 19 4 0000008c fe4101db
C 19 00000094 1 0 0 1 5 0
LOCK 20 rst=1 cmp=5 mismatch=0 rf=0 cap=0
SAMPLE 20 ai=0 ab=0 am=0 pc=0 mismatch=0 rf=0 mode=0
SECDET 20 pc=0 rf=0 intg=0
R 20 5 00000090 07b00793
C 20 00000094 0 0 0 0 5 0
LOCK 21 rst=1 cmp=5 mismatch=0 rf=0 cap=0
SAMPLE 21 ai=0 ab=0 am=0 pc=0 mismatch=0 rf=0 mode=0
CSRDBG 21 addr=000 priv=3 dec=0 csr=0 raw=1 pw=0 dbg=0 op=0
SECDET 21 pc=0 rf=0 intg=0
R 21 6 00000094 0000006f
C 21 00000094 1 0 0 1 5 0
LOCK 22 rst=1 cmp=5 mismatch=0 rf=0 cap=0
SAMPLE 22 ai=0 ab=0 am=0 pc=0 mismatch=0 rf=0 mode=0
SECDET 22 pc=0 rf=0 intg=0
C 22 00000094 0 0 0 0 5 0
LOCK 23 rst=1 cmp=5 mismatch=0 rf=0 cap=0
SAMPLE 23 ai=0 ab=0 am=0 pc=0 mismatch=0 rf=0 mode=0
CSRDBG 23 addr=000 priv=3 dec=0 csr=0 raw=1 pw=0 dbg=0 op=0
SECDET 23 pc=0 rf=0 intg=0
R 23 7 00000094 0000006f
C 23 00000094 1 0 0 1 5 0
LOCK 24 rst=1 cmp=5 mismatch=0 rf=0 cap=0
SAMPLE 24 ai=0 ab=0 am=0 pc=0 mismatch=0 rf=0 mode=0
SECDET 24 pc=0 rf=0 intg=0
C 24 00000094 0 0 0 0 5 0
LOCK 25 rst=1 cmp=5 mismatch=0 rf=0 cap=0
SAMPLE 25 ai=0 ab=0 am=0 pc=0 mismatch=0 rf=0 mode=0
CSRDBG 25 addr=000 priv=3 dec=0 csr=0 raw=1 pw=0 dbg=0 op=0
SECDET 25 pc=0 rf=0 intg=0
R 25 8 00000094 0000006f
C 25 00000094 1 0 0 1 5 0
LOCK 26 rst=1 cmp=5 mismatch=0 rf=0 cap=0
SAMPLE 26 ai=0 ab=0 am=0 pc=0 mismatch=0 rf=0 mode=0
SECDET 26 pc=0 rf=0 intg=0
C 26 00000094 0 0 0 0 5 0
LOCK 27 rst=1 cmp=5 mismatch=0 rf=0 cap=0
SAMPLE 27 ai=0 ab=0 am=0 pc=0 mismatch=0 rf=0 mode=0
CSRDBG 27 addr=000 priv=3 dec=0 csr=0 raw=1 pw=0 dbg=0 op=0
SECDET 27 pc=0 rf=0 intg=0
R 27 9 00000094 0000006f
C 27 00000094 1 0 0 1 5 0
LOCK 28 rst=1 cmp=5 mismatch=0 rf=0 cap=0
SAMPLE 28 ai=0 ab=0 am=0 pc=0 mismatch=0 rf=0 mode=0
SECDET 28 pc=0 rf=0 intg=0
C 28 00000094 0 0 0 0 5 0
LOCK 29 rst=1 cmp=5 mismatch=0 rf=0 cap=0
SAMPLE 29 ai=0 ab=0 am=0 pc=0 mismatch=0 rf=0 mode=0
CSRDBG 29 addr=000 priv=3 dec=0 csr=0 raw=1 pw=0 dbg=0 op=0
SECDET 29 pc=0 rf=0 intg=0
R 29 10 00000094 0000006f
C 29 00000094 1 0 0 1 5 0
LOCK 30 rst=1 cmp=5 mismatch=0 rf=0 cap=0
SAMPLE 30 ai=0 ab=0 am=0 pc=0 mismatch=0 rf=0 mode=0
SECDET 30 pc=0 rf=0 intg=0
C 30 00000094 0 0 0 0 5 0
LOCK 31 rst=1 cmp=5 mismatch=0 rf=0 cap=0
SAMPLE 31 ai=0 ab=0 am=0 pc=0 mismatch=0 rf=0 mode=0
CSRDBG 31 addr=000 priv=3 dec=0 csr=0 raw=1 pw=0 dbg=0 op=0
SECDET 31 pc=0 rf=0 intg=0
R 31 11 00000094 0000006f
C 31 00000094 1 0 0 1 5 0
LOCK 32 rst=1 cmp=5 mismatch=0 rf=0 cap=0
SAMPLE 32 ai=0 ab=0 am=0 pc=0 mismatch=0 rf=0 mode=0
SECDET 32 pc=0 rf=0 intg=0
C 32 00000094 0 0 0 0 5 0
LOCK 33 rst=1 cmp=5 mismatch=0 rf=0 cap=0
SAMPLE 33 ai=0 ab=0 am=0 pc=0 mismatch=0 rf=0 mode=0
CSRDBG 33 addr=000 priv=3 dec=0 csr=0 raw=1 pw=0 dbg=0 op=0
SECDET 33 pc=0 rf=0 intg=0
R 33 12 00000094 0000006f
C 33 00000094 1 0 0 1 5 0
LOCK 34 rst=1 cmp=5 mismatch=0 rf=0 cap=0
SAMPLE 34 ai=0 ab=0 am=0 pc=0 mismatch=0 rf=0 mode=0
SECDET 34 pc=0 rf=0 intg=0
C 34 00000094 0 0 0 0 5 0
LOCK 35 rst=1 cmp=5 mismatch=0 rf=0 cap=0
SAMPLE 35 ai=0 ab=0 am=0 pc=0 mismatch=0 rf=0 mode=0
CSRDBG 35 addr=000 priv=3 dec=0 csr=0 raw=1 pw=0 dbg=0 op=0
SECDET 35 pc=0 rf=0 intg=0
R 35 13 00000094 0000006f
C 35 00000094 1 0 0 1 5 0
LOCK 36 rst=1 cmp=5 mismatch=0 rf=0 cap=0
SAMPLE 36 ai=0 ab=0 am=0 pc=0 mismatch=0 rf=0 mode=0
SECDET 36 pc=0 rf=0 intg=0
C 36 00000094 0 0 0 0 5 0
LOCK 37 rst=1 cmp=5 mismatch=0 rf=0 cap=0
SAMPLE 37 ai=0 ab=0 am=0 pc=0 mismatch=0 rf=0 mode=0
CSRDBG 37 addr=000 priv=3 dec=0 csr=0 raw=1 pw=0 dbg=0 op=0
SECDET 37 pc=0 rf=0 intg=0
R 37 14 00000094 0000006f
C 37 00000094 1 0 0 1 5 0
LOCK 38 rst=1 cmp=5 mismatch=0 rf=0 cap=0
SAMPLE 38 ai=0 ab=0 am=0 pc=0 mismatch=0 rf=0 mode=0
SECDET 38 pc=0 rf=0 intg=0
C 38 00000094 0 0 0 0 5 0
LOCK 39 rst=1 cmp=5 mismatch=0 rf=0 cap=0
SAMPLE 39 ai=0 ab=0 am=0 pc=0 mismatch=0 rf=0 mode=0
CSRDBG 39 addr=000 priv=3 dec=0 csr=0 raw=1 pw=0 dbg=0 op=0
SECDET 39 pc=0 rf=0 intg=0
R 39 15 00000094 0000006f
C 39 00000094 1 0 0 1 5 0
LOCK 40 rst=1 cmp=5 mismatch=0 rf=0 cap=0
SAMPLE 40 ai=0 ab=0 am=0 pc=0 mismatch=0 rf=0 mode=0
SECDET 40 pc=0 rf=0 intg=0
C 40 00000094 0 0 0 0 5 0
LOCK 41 rst=1 cmp=5 mismatch=0 rf=0 cap=0
SAMPLE 41 ai=0 ab=0 am=0 pc=0 mismatch=0 rf=0 mode=0
CSRDBG 41 addr=000 priv=3 dec=0 csr=0 raw=1 pw=0 dbg=0 op=0
SECDET 41 pc=0 rf=0 intg=0
R 41 16 00000094 0000006f
C 41 00000094 1 0 0 1 5 0
LOCK 42 rst=1 cmp=5 mismatch=0 rf=0 cap=0
SAMPLE 42 ai=0 ab=0 am=0 pc=0 mismatch=0 rf=0 mode=0
SECDET 42 pc=0 rf=0 intg=0
C 42 00000094 0 0 0 0 5 0
LOCK 43 rst=1 cmp=5 mismatch=0 rf=0 cap=0
SAMPLE 43 ai=0 ab=0 am=0 pc=0 mismatch=0 rf=0 mode=0
CSRDBG 43 addr=000 priv=3 dec=0 csr=0 raw=1 pw=0 dbg=0 op=0
SECDET 43 pc=0 rf=0 intg=0
R 43 17 00000094 0000006f
C 43 00000094 1 0 0 1 5 0
LOCK 44 rst=1 cmp=5 mismatch=0 rf=0 cap=0
SAMPLE 44 ai=0 ab=0 am=0 pc=0 mismatch=0 rf=0 mode=0
SECDET 44 pc=0 rf=0 intg=0
C 44 00000094 0 0 0 0 5 0
LOCK 45 rst=1 cmp=5 mismatch=0 rf=0 cap=0
SAMPLE 45 ai=0 ab=0 am=0 pc=0 mismatch=0 rf=0 mode=0
CSRDBG 45 addr=000 priv=3 dec=0 csr=0 raw=1 pw=0 dbg=0 op=0
SECDET 45 pc=0 rf=0 intg=0
R 45 18 00000094 0000006f
C 45 00000094 1 0 0 1 5 0
LOCK 46 rst=1 cmp=5 mismatch=0 rf=0 cap=0
SAMPLE 46 ai=0 ab=0 am=0 pc=0 mismatch=0 rf=0 mode=0
SECDET 46 pc=0 rf=0 intg=0
C 46 00000094 0 0 0 0 5 0
LOCK 47 rst=1 cmp=5 mismatch=0 rf=0 cap=0
SAMPLE 47 ai=0 ab=0 am=0 pc=0 mismatch=0 rf=0 mode=0
CSRDBG 47 addr=000 priv=3 dec=0 csr=0 raw=1 pw=0 dbg=0 op=0
SECDET 47 pc=0 rf=0 intg=0
R 47 19 00000094 0000006f
C 47 00000094 1 0 0 1 5 0
LOCK 48 rst=1 cmp=5 mismatch=0 rf=0 cap=0
SAMPLE 48 ai=0 ab=0 am=0 pc=0 mismatch=0 rf=0 mode=0
SECDET 48 pc=0 rf=0 intg=0
C 48 00000094 0 0 0 0 5 0
LOCK 49 rst=1 cmp=5 mismatch=0 rf=0 cap=0
SAMPLE 49 ai=0 ab=0 am=0 pc=0 mismatch=0 rf=0 mode=0
CSRDBG 49 addr=000 priv=3 dec=0 csr=0 raw=1 pw=0 dbg=0 op=0
SECDET 49 pc=0 rf=0 intg=0
R 49 20 00000094 0000006f
C 49 00000094 1 0 0 1 5 0
LOCK 50 rst=1 cmp=5 mismatch=0 rf=0 cap=0
SAMPLE 50 ai=0 ab=0 am=0 pc=0 mismatch=0 rf=0 mode=0
SECDET 50 pc=0 rf=0 intg=0
C 50 00000094 0 0 0 0 5 0
LOCK 51 rst=1 cmp=5 mismatch=0 rf=0 cap=0
SAMPLE 51 ai=0 ab=0 am=0 pc=0 mismatch=0 rf=0 mode=0
CSRDBG 51 addr=000 priv=3 dec=0 csr=0 raw=1 pw=0 dbg=0 op=0
SECDET 51 pc=0 rf=0 intg=0
R 51 21 00000094 0000006f
C 51 00000094 1 0 0 1 5 0
LOCK 52 rst=1 cmp=5 mismatch=0 rf=0 cap=0
SAMPLE 52 ai=0 ab=0 am=0 pc=0 mismatch=0 rf=0 mode=0
SECDET 52 pc=0 rf=0 intg=0
C 52 00000094 0 0 0 0 5 0
LOCK 53 rst=1 cmp=5 mismatch=0 rf=0 cap=0
SAMPLE 53 ai=0 ab=0 am=0 pc=0 mismatch=0 rf=0 mode=0
CSRDBG 53 addr=000 priv=3 dec=0 csr=0 raw=1 pw=0 dbg=0 op=0
SECDET 53 pc=0 rf=0 intg=0
R 53 22 00000094 0000006f
C 53 00000094 1 0 0 1 5 0
LOCK 54 rst=1 cmp=5 mismatch=0 rf=0 cap=0
SAMPLE 54 ai=0 ab=0 am=0 pc=0 mismatch=0 rf=0 mode=0
SECDET 54 pc=0 rf=0 intg=0
C 54 00000094 0 0 0 0 5 0
LOCK 55 rst=1 cmp=5 mismatch=0 rf=0 cap=0
SAMPLE 55 ai=0 ab=0 am=0 pc=0 mismatch=0 rf=0 mode=0
CSRDBG 55 addr=000 priv=3 dec=0 csr=0 raw=1 pw=0 dbg=0 op=0
SECDET 55 pc=0 rf=0 intg=0
R 55 23 00000094 0000006f
C 55 00000094 1 0 0 1 5 0
LOCK 56 rst=1 cmp=5 mismatch=0 rf=0 cap=0
SAMPLE 56 ai=0 ab=0 am=0 pc=0 mismatch=0 rf=0 mode=0
SECDET 56 pc=0 rf=0 intg=0
C 56 00000094 0 0 0 0 5 0
LOCK 57 rst=1 cmp=5 mismatch=0 rf=0 cap=0
SAMPLE 57 ai=0 ab=0 am=0 pc=0 mismatch=0 rf=0 mode=0
CSRDBG 57 addr=000 priv=3 dec=0 csr=0 raw=1 pw=0 dbg=0 op=0
SECDET 57 pc=0 rf=0 intg=0
R 57 24 00000094 0000006f
C 57 00000094 1 0 0 1 5 0
LOCK 58 rst=1 cmp=5 mismatch=0 rf=0 cap=0
SAMPLE 58 ai=0 ab=0 am=0 pc=0 mismatch=0 rf=0 mode=0
SECDET 58 pc=0 rf=0 intg=0
C 58 00000094 0 0 0 0 5 0
LOCK 59 rst=1 cmp=5 mismatch=0 rf=0 cap=0
SAMPLE 59 ai=0 ab=0 am=0 pc=0 mismatch=0 rf=0 mode=0
CSRDBG 59 addr=000 priv=3 dec=0 csr=0 raw=1 pw=0 dbg=0 op=0
SECDET 59 pc=0 rf=0 intg=0
R 59 25 00000094 0000006f
C 59 00000094 1 0 0 1 5 0
LOCK 60 rst=1 cmp=5 mismatch=0 rf=0 cap=0
SAMPLE 60 ai=0 ab=0 am=0 pc=0 mismatch=0 rf=0 mode=0
SECDET 60 pc=0 rf=0 intg=0
C 60 00000094 0 0 0 0 5 0
LOCK 61 rst=1 cmp=5 mismatch=0 rf=0 cap=0
SAMPLE 61 ai=0 ab=0 am=0 pc=0 mismatch=0 rf=0 mode=0
CSRDBG 61 addr=000 priv=3 dec=0 csr=0 raw=1 pw=0 dbg=0 op=0
SECDET 61 pc=0 rf=0 intg=0
R 61 26 00000094 0000006f
C 61 00000094 1 0 0 1 5 0
LOCK 62 rst=1 cmp=5 mismatch=0 rf=0 cap=0
SAMPLE 62 ai=0 ab=0 am=0 pc=0 mismatch=0 rf=0 mode=0
SECDET 62 pc=0 rf=0 intg=0
C 62 00000094 0 0 0 0 5 0
LOCK 63 rst=1 cmp=5 mismatch=0 rf=0 cap=0
SAMPLE 63 ai=0 ab=0 am=0 pc=0 mismatch=0 rf=0 mode=0
CSRDBG 63 addr=000 priv=3 dec=0 csr=0 raw=1 pw=0 dbg=0 op=0
SECDET 63 pc=0 rf=0 intg=0
R 63 27 00000094 0000006f
C 63 00000094 1 0 0 1 5 0
LOCK 64 rst=1 cmp=5 mismatch=0 rf=0 cap=0
SAMPLE 64 ai=0 ab=0 am=0 pc=0 mismatch=0 rf=0 mode=0
SECDET 64 pc=0 rf=0 intg=0
C 64 00000094 0 0 0 0 5 0
LOCK 65 rst=1 cmp=5 mismatch=0 rf=0 cap=0
SAMPLE 65 ai=0 ab=0 am=0 pc=0 mismatch=0 rf=0 mode=0
CSRDBG 65 addr=000 priv=3 dec=0 csr=0 raw=1 pw=0 dbg=0 op=0
SECDET 65 pc=0 rf=0 intg=0
R 65 28 00000094 0000006f
C 65 00000094 1 0 0 1 5 0
LOCK 66 rst=1 cmp=5 mismatch=0 rf=0 cap=0
SAMPLE 66 ai=0 ab=0 am=0 pc=0 mismatch=0 rf=0 mode=0
SECDET 66 pc=0 rf=0 intg=0
C 66 00000094 0 0 0 0 5 0
LOCK 67 rst=1 cmp=5 mismatch=0 rf=0 cap=0
SAMPLE 67 ai=0 ab=0 am=0 pc=0 mismatch=0 rf=0 mode=0
CSRDBG 67 addr=000 priv=3 dec=0 csr=0 raw=1 pw=0 dbg=0 op=0
SECDET 67 pc=0 rf=0 intg=0
R 67 29 00000094 0000006f
C 67 00000094 1 0 0 1 5 0
LOCK 68 rst=1 cmp=5 mismatch=0 rf=0 cap=0
SAMPLE 68 ai=0 ab=0 am=0 pc=0 mismatch=0 rf=0 mode=0
SECDET 68 pc=0 rf=0 intg=0
C 68 00000094 0 0 0 0 5 0
LOCK 69 rst=1 cmp=5 mismatch=0 rf=0 cap=0
SAMPLE 69 ai=0 ab=0 am=0 pc=0 mismatch=0 rf=0 mode=0
CSRDBG 69 addr=000 priv=3 dec=0 csr=0 raw=1 pw=0 dbg=0 op=0
SECDET 69 pc=0 rf=0 intg=0
R 69 30 00000094 0000006f
C 69 00000094 1 0 0 1 5 0
LOCK 70 rst=1 cmp=5 mismatch=0 rf=0 cap=0
SAMPLE 70 ai=0 ab=0 am=0 pc=0 mismatch=0 rf=0 mode=0
SECDET 70 pc=0 rf=0 intg=0
C 70 00000094 0 0 0 0 5 0
LOCK 71 rst=1 cmp=5 mismatch=0 rf=0 cap=0
SAMPLE 71 ai=0 ab=0 am=0 pc=0 mismatch=0 rf=0 mode=0
CSRDBG 71 addr=000 priv=3 dec=0 csr=0 raw=1 pw=0 dbg=0 op=0
SECDET 71 pc=0 rf=0 intg=0
R 71 31 00000094 0000006f
C 71 00000094 1 0 0 1 5 0
LOCK 72 rst=1 cmp=5 mismatch=0 rf=0 cap=0
SAMPLE 72 ai=0 ab=0 am=0 pc=0 mismatch=0 rf=0 mode=0
SECDET 72 pc=0 rf=0 intg=0
C 72 00000094 0 0 0 0 5 0
LOCK 73 rst=1 cmp=5 mismatch=0 rf=0 cap=0
SAMPLE 73 ai=0 ab=0 am=0 pc=0 mismatch=0 rf=0 mode=0
CSRDBG 73 addr=000 priv=3 dec=0 csr=0 raw=1 pw=0 dbg=0 op=0
SECDET 73 pc=0 rf=0 intg=0
R 73 32 00000094 0000006f
C 73 00000094 1 0 0 1 5 0
LOCK 74 rst=1 cmp=5 mismatch=0 rf=0 cap=0
SAMPLE 74 ai=0 ab=0 am=0 pc=0 mismatch=0 rf=0 mode=0
SECDET 74 pc=0 rf=0 intg=0
C 74 00000094 0 0 0 0 5 0
LOCK 75 rst=1 cmp=5 mismatch=0 rf=0 cap=0
SAMPLE 75 ai=0 ab=0 am=0 pc=0 mismatch=0 rf=0 mode=0
CSRDBG 75 addr=000 priv=3 dec=0 csr=0 raw=1 pw=0 dbg=0 op=0
SECDET 75 pc=0 rf=0 intg=0
R 75 33 00000094 0000006f
C 75 00000094 1 0 0 1 5 0
LOCK 76 rst=1 cmp=5 mismatch=0 rf=0 cap=0
SAMPLE 76 ai=0 ab=0 am=0 pc=0 mismatch=0 rf=0 mode=0
SECDET 76 pc=0 rf=0 intg=0
C 76 00000094 0 0 0 0 5 0
LOCK 77 rst=1 cmp=5 mismatch=0 rf=0 cap=0
SAMPLE 77 ai=0 ab=0 am=0 pc=0 mismatch=0 rf=0 mode=0
CSRDBG 77 addr=000 priv=3 dec=0 csr=0 raw=1 pw=0 dbg=0 op=0
SECDET 77 pc=0 rf=0 intg=0
R 77 34 00000094 0000006f
C 77 00000094 1 0 0 1 5 0
LOCK 78 rst=1 cmp=5 mismatch=0 rf=0 cap=0
SAMPLE 78 ai=0 ab=0 am=0 pc=0 mismatch=0 rf=0 mode=0
SECDET 78 pc=0 rf=0 intg=0
C 78 00000094 0 0 0 0 5 0
LOCK 79 rst=1 cmp=5 mismatch=0 rf=0 cap=0
SAMPLE 79 ai=0 ab=0 am=0 pc=0 mismatch=0 rf=0 mode=0
CSRDBG 79 addr=000 priv=3 dec=0 csr=0 raw=1 pw=0 dbg=0 op=0
SECDET 79 pc=0 rf=0 intg=0
R 79 35 00000094 0000006f
C 79 00000094 1 0 0 1 5 0
LOCK 80 rst=1 cmp=5 mismatch=0 rf=0 cap=0
SAMPLE 80 ai=0 ab=0 am=0 pc=0 mismatch=0 rf=0 mode=0
SECDET 80 pc=0 rf=0 intg=0
C 80 00000094 0 0 0 0 5 0
LOCK 81 rst=1 cmp=5 mismatch=0 rf=0 cap=0
SAMPLE 81 ai=0 ab=0 am=0 pc=0 mismatch=0 rf=0 mode=0
SECDET 81 pc=0 rf=0 intg=0
R 81 36 00000094 0000006f
C 81 00000094 1 0 0 1 5 0
LOCK 82 rst=1 cmp=5 mismatch=0 rf=0 cap=0
SAMPLE 82 ai=0 ab=0 am=0 pc=0 mismatch=0 rf=0 mode=0
SECDET 82 pc=0 rf=0 intg=0
C 82 00000094 0 0 0 0 5 0
LOCK 83 rst=1 cmp=5 mismatch=0 rf=0 cap=0
SAMPLE 83 ai=0 ab=0 am=0 pc=0 mismatch=0 rf=0 mode=0
SECDET 83 pc=0 rf=0 intg=0
R 83 37 00000094 0000006f
C 83 00000094 1 0 0 1 5 0
LOCK 84 rst=1 cmp=5 mismatch=0 rf=0 cap=0
SAMPLE 84 ai=0 ab=0 am=0 pc=0 mismatch=0 rf=0 mode=0
SECDET 84 pc=0 rf=0 intg=0
C 84 00000094 0 0 0 0 5 0
LOCK 85 rst=1 cmp=5 mismatch=0 rf=0 cap=0
SAMPLE 85 ai=0 ab=0 am=0 pc=0 mismatch=0 rf=0 mode=0
SECDET 85 pc=0 rf=0 intg=0
R 85 38 00000094 0000006f
C 85 00000094 1 0 0 1 5 0
LOCK 86 rst=1 cmp=5 mismatch=0 rf=0 cap=0
SAMPLE 86 ai=0 ab=0 am=0 pc=0 mismatch=0 rf=0 mode=0
SECDET 86 pc=0 rf=0 intg=0
C 86 00000094 0 0 0 0 5 0
LOCK 87 rst=1 cmp=5 mismatch=0 rf=0 cap=0
SAMPLE 87 ai=0 ab=0 am=0 pc=0 mismatch=0 rf=0 mode=0
SECDET 87 pc=0 rf=0 intg=0
R 87 39 00000094 0000006f
C 87 00000094 1 0 0 1 5 0
LOCK 88 rst=1 cmp=5 mismatch=0 rf=0 cap=0
SAMPLE 88 ai=0 ab=0 am=0 pc=0 mismatch=0 rf=0 mode=0
SECDET 88 pc=0 rf=0 intg=0
C 88 00000094 0 0 0 0 5 0
LOCK 89 rst=1 cmp=5 mismatch=0 rf=0 cap=0
SAMPLE 89 ai=0 ab=0 am=0 pc=0 mismatch=0 rf=0 mode=0
SECDET 89 pc=0 rf=0 intg=0
R 89 40 00000094 0000006f
C 89 00000094 1 0 0 1 5 0
LOCK 90 rst=1 cmp=5 mismatch=0 rf=0 cap=0
SAMPLE 90 ai=0 ab=0 am=0 pc=0 mismatch=0 rf=0 mode=0
SECDET 90 pc=0 rf=0 intg=0
C 90 00000094 0 0 0 0 5 0
LOCK 91 rst=1 cmp=5 mismatch=0 rf=0 cap=0
SAMPLE 91 ai=0 ab=0 am=0 pc=0 mismatch=0 rf=0 mode=0
SECDET 91 pc=0 rf=0 intg=0
R 91 41 00000094 0000006f
C 91 00000094 1 0 0 1 5 0
LOCK 92 rst=1 cmp=5 mismatch=0 rf=0 cap=0
SAMPLE 92 ai=0 ab=0 am=0 pc=0 mismatch=0 rf=0 mode=0
SECDET 92 pc=0 rf=0 intg=0
C 92 00000094 0 0 0 0 5 0
LOCK 93 rst=1 cmp=5 mismatch=0 rf=0 cap=0
SAMPLE 93 ai=0 ab=0 am=0 pc=0 mismatch=0 rf=0 mode=0
SECDET 93 pc=0 rf=0 intg=0
R 93 42 00000094 0000006f
C 93 00000094 1 0 0 1 5 0
LOCK 94 rst=1 cmp=5 mismatch=0 rf=0 cap=0
SAMPLE 94 ai=0 ab=0 am=0 pc=0 mismatch=0 rf=0 mode=0
SECDET 94 pc=0 rf=0 intg=0
C 94 00000094 0 0 0 0 5 0
LOCK 95 rst=1 cmp=5 mismatch=0 rf=0 cap=0
SAMPLE 95 ai=0 ab=0 am=0 pc=0 mismatch=0 rf=0 mode=0
SECDET 95 pc=0 rf=0 intg=0
R 95 43 00000094 0000006f
C 95 00000094 1 0 0 1 5 0
LOCK 96 rst=1 cmp=5 mismatch=0 rf=0 cap=0
SAMPLE 96 ai=0 ab=0 am=0 pc=0 mismatch=0 rf=0 mode=0
SECDET 96 pc=0 rf=0 intg=0
C 96 00000094 0 0 0 0 5 0
LOCK 97 rst=1 cmp=5 mismatch=0 rf=0 cap=0
SAMPLE 97 ai=0 ab=0 am=0 pc=0 mismatch=0 rf=0 mode=0
SECDET 97 pc=0 rf=0 intg=0
R 97 44 00000094 0000006f
C 97 00000094 1 0 0 1 5 0
LOCK 98 rst=1 cmp=5 mismatch=0 rf=0 cap=0
SAMPLE 98 ai=0 ab=0 am=0 pc=0 mismatch=0 rf=0 mode=0
SECDET 98 pc=0 rf=0 intg=0
C 98 00000094 0 0 0 0 5 0
LOCK 99 rst=1 cmp=5 mismatch=0 rf=0 cap=0
SAMPLE 99 ai=0 ab=0 am=0 pc=0 mismatch=0 rf=0 mode=0
SECDET 99 pc=0 rf=0 intg=0
R 99 45 00000094 0000006f
C 99 00000094 1 0 0 1 5 0
LOCK 100 rst=1 cmp=5 mismatch=0 rf=0 cap=0
SAMPLE 100 ai=0 ab=0 am=0 pc=0 mismatch=0 rf=0 mode=0
SECDET 100 pc=0 rf=0 intg=0
C 100 00000094 0 0 0 0 5 0
LOCK 101 rst=1 cmp=5 mismatch=0 rf=0 cap=0
SAMPLE 101 ai=0 ab=0 am=0 pc=0 mismatch=0 rf=0 mode=0
SECDET 101 pc=0 rf=0 intg=0
R 101 46 00000094 0000006f
C 101 00000094 1 0 0 1 5 0
LOCK 102 rst=1 cmp=5 mismatch=0 rf=0 cap=0
SAMPLE 102 ai=0 ab=0 am=0 pc=0 mismatch=0 rf=0 mode=0
SECDET 102 pc=0 rf=0 intg=0
C 102 00000094 0 0 0 0 5 0
LOCK 103 rst=1 cmp=5 mismatch=0 rf=0 cap=0
SAMPLE 103 ai=0 ab=0 am=0 pc=0 mismatch=0 rf=0 mode=0
SECDET 103 pc=0 rf=0 intg=0
R 103 47 00000094 0000006f
C 103 00000094 1 0 0 1 5 0
LOCK 104 rst=1 cmp=5 mismatch=0 rf=0 cap=0
SAMPLE 104 ai=0 ab=0 am=0 pc=0 mismatch=0 rf=0 mode=0
SECDET 104 pc=0 rf=0 intg=0
C 104 00000094 0 0 0 0 5 0
LOCK 105 rst=1 cmp=5 mismatch=0 rf=0 cap=0
SAMPLE 105 ai=0 ab=0 am=0 pc=0 mismatch=0 rf=0 mode=0
SECDET 105 pc=0 rf=0 intg=0
R 105 48 00000094 0000006f
C 105 00000094 1 0 0 1 5 0
LOCK 106 rst=1 cmp=5 mismatch=0 rf=0 cap=0
SAMPLE 106 ai=0 ab=0 am=0 pc=0 mismatch=0 rf=0 mode=0
SECDET 106 pc=0 rf=0 intg=0
C 106 00000094 0 0 0 0 5 0
LOCK 107 rst=1 cmp=5 mismatch=0 rf=0 cap=0
SAMPLE 107 ai=0 ab=0 am=0 pc=0 mismatch=0 rf=0 mode=0
SECDET 107 pc=0 rf=0 intg=0
R 107 49 00000094 0000006f
C 107 00000094 1 0 0 1 5 0
LOCK 108 rst=1 cmp=5 mismatch=0 rf=0 cap=0
SAMPLE 108 ai=0 ab=0 am=0 pc=0 mismatch=0 rf=0 mode=0
SECDET 108 pc=0 rf=0 intg=0
C 108 00000094 0 0 0 0 5 0
LOCK 109 rst=1 cmp=5 mismatch=0 rf=0 cap=0
SAMPLE 109 ai=0 ab=0 am=0 pc=0 mismatch=0 rf=0 mode=0
SECDET 109 pc=0 rf=0 intg=0
R 109 50 00000094 0000006f
C 109 00000094 1 0 0 1 5 0
LOCK 110 rst=1 cmp=5 mismatch=0 rf=0 cap=0
SAMPLE 110 ai=0 ab=0 am=0 pc=0 mismatch=0 rf=0 mode=0
SECDET 110 pc=0 rf=0 intg=0
C 110 00000094 0 0 0 0 5 0
LOCK 111 rst=1 cmp=5 mismatch=0 rf=0 cap=0
SAMPLE 111 ai=0 ab=0 am=0 pc=0 mismatch=0 rf=0 mode=0
SECDET 111 pc=0 rf=0 intg=0
R 111 51 00000094 0000006f
C 111 00000094 1 0 0 1 5 0
LOCK 112 rst=1 cmp=5 mismatch=0 rf=0 cap=0
SAMPLE 112 ai=0 ab=0 am=0 pc=0 mismatch=0 rf=0 mode=0
SECDET 112 pc=0 rf=0 intg=0
C 112 00000094 0 0 0 0 5 0
LOCK 113 rst=1 cmp=5 mismatch=0 rf=0 cap=0
SAMPLE 113 ai=0 ab=0 am=0 pc=0 mismatch=0 rf=0 mode=0
SECDET 113 pc=0 rf=0 intg=0
R 113 52 00000094 0000006f
C 113 00000094 1 0 0 1 5 0
LOCK 114 rst=1 cmp=5 mismatch=0 rf=0 cap=0
SAMPLE 114 ai=0 ab=0 am=0 pc=0 mismatch=0 rf=0 mode=0
SECDET 114 pc=0 rf=0 intg=0
C 114 00000094 0 0 0 0 5 0
LOCK 115 rst=1 cmp=5 mismatch=0 rf=0 cap=0
SAMPLE 115 ai=0 ab=0 am=0 pc=0 mismatch=0 rf=0 mode=0
SECDET 115 pc=0 rf=0 intg=0
R 115 53 00000094 0000006f
C 115 00000094 1 0 0 1 5 0
LOCK 116 rst=1 cmp=5 mismatch=0 rf=0 cap=0
SAMPLE 116 ai=0 ab=0 am=0 pc=0 mismatch=0 rf=0 mode=0
SECDET 116 pc=0 rf=0 intg=0
C 116 00000094 0 0 0 0 5 0
LOCK 117 rst=1 cmp=5 mismatch=0 rf=0 cap=0
SAMPLE 117 ai=0 ab=0 am=0 pc=0 mismatch=0 rf=0 mode=0
SECDET 117 pc=0 rf=0 intg=0
R 117 54 00000094 0000006f
C 117 00000094 1 0 0 1 5 0
LOCK 118 rst=1 cmp=5 mismatch=0 rf=0 cap=0
SAMPLE 118 ai=0 ab=0 am=0 pc=0 mismatch=0 rf=0 mode=0
SECDET 118 pc=0 rf=0 intg=0
C 118 00000094 0 0 0 0 5 0
LOCK 119 rst=1 cmp=5 mismatch=0 rf=0 cap=0
SAMPLE 119 ai=0 ab=0 am=0 pc=0 mismatch=0 rf=0 mode=0
SECDET 119 pc=0 rf=0 intg=0
R 119 55 00000094 0000006f
C 119 00000094 1 0 0 1 5 0
C 120 00000094 0 0 0 0 5 0
R 121 56 00000094 0000006f
C 121 00000094 1 0 0 1 5 0
C 122 00000094 0 0 0 0 5 0
R 123 57 00000094 0000006f
C 123 00000094 1 0 0 1 5 0
C 124 00000094 0 0 0 0 5 0
R 125 58 00000094 0000006f
C 125 00000094 1 0 0 1 5 0
C 126 00000094 0 0 0 0 5 0
R 127 59 00000094 0000006f
C 127 00000094 1 0 0 1 5 0
C 128 00000094 0 0 0 0 5 0
R 129 60 00000094 0000006f
C 129 00000094 1 0 0 1 5 0
C 130 00000094 0 0 0 0 5 0
R 131 61 00000094 0000006f
C 131 00000094 1 0 0 1 5 0
C 132 00000094 0 0 0 0 5 0
R 133 62 00000094 0000006f
C 133 00000094 1 0 0 1 5 0
C 134 00000094 0 0 0 0 5 0
R 135 63 00000094 0000006f
C 135 00000094 1 0 0 1 5 0
C 136 00000094 0 0 0 0 5 0
R 137 64 00000094 0000006f
C 137 00000094 1 0 0 1 5 0
C 138 00000094 0 0 0 0 5 0
R 139 65 00000094 0000006f
C 139 00000094 1 0 0 1 5 0
C 140 00000094 0 0 0 0 5 0
R 141 66 00000094 0000006f
C 141 00000094 1 0 0 1 5 0
C 142 00000094 0 0 0 0 5 0
R 143 67 00000094 0000006f
C 143 00000094 1 0 0 1 5 0
C 144 00000094 0 0 0 0 5 0
R 145 68 00000094 0000006f
C 145 00000094 1 0 0 1 5 0
C 146 00000094 0 0 0 0 5 0
R 147 69 00000094 0000006f
C 147 00000094 1 0 0 1 5 0
C 148 00000094 0 0 0 0 5 0
R 149 70 00000094 0000006f
C 149 00000094 1 0 0 1 5 0
C 150 00000094 0 0 0 0 5 0
R 151 71 00000094 0000006f
C 151 00000094 1 0 0 1 5 0
C 152 00000094 0 0 0 0 5 0
R 153 72 00000094 0000006f
C 153 00000094 1 0 0 1 5 0
C 154 00000094 0 0 0 0 5 0
R 155 73 00000094 0000006f
C 155 00000094 1 0 0 1 5 0
C 156 00000094 0 0 0 0 5 0
R 157 74 00000094 0000006f
C 157 00000094 1 0 0 1 5 0
C 158 00000094 0 0 0 0 5 0
R 159 75 00000094 0000006f
C 159 00000094 1 0 0 1 5 0
C 160 00000094 0 0 0 0 5 0
R 161 76 00000094 0000006f
C 161 00000094 1 0 0 1 5 0
C 162 00000094 0 0 0 0 5 0
R 163 77 00000094 0000006f
C 163 00000094 1 0 0 1 5 0
C 164 00000094 0 0 0 0 5 0
R 165 78 00000094 0000006f
C 165 00000094 1 0 0 1 5 0
C 166 00000094 0 0 0 0 5 0
R 167 79 00000094 0000006f
C 167 00000094 1 0 0 1 5 0
C 168 00000094 0 0 0 0 5 0
R 169 80 00000094 0000006f
C 169 00000094 1 0 0 1 5 0
C 170 00000094 0 0 0 0 5 0
R 171 81 00000094 0000006f
C 171 00000094 1 0 0 1 5 0
C 172 00000094 0 0 0 0 5 0
R 173 82 00000094 0000006f
C 173 00000094 1 0 0 1 5 0
C 174 00000094 0 0 0 0 5 0
R 175 83 00000094 0000006f
C 175 00000094 1 0 0 1 5 0
C 176 00000094 0 0 0 0 5 0
R 177 84 00000094 0000006f
C 177 00000094 1 0 0 1 5 0
C 178 00000094 0 0 0 0 5 0
R 179 85 00000094 0000006f
C 179 00000094 1 0 0 1 5 0
R 181 86 00000094 0000006f
R 183 87 00000094 0000006f
R 185 88 00000094 0000006f
R 187 89 00000094 0000006f
R 189 90 00000094 0000006f
R 191 91 00000094 0000006f
R 193 92 00000094 0000006f
R 195 93 00000094 0000006f
R 197 94 00000094 0000006f
R 199 95 00000094 0000006f
R 201 96 00000094 0000006f
R 203 97 00000094 0000006f
R 205 98 00000094 0000006f
R 207 99 00000094 0000006f
R 209 100 00000094 0000006f
R 211 101 00000094 0000006f
R 213 102 00000094 0000006f
R 215 103 00000094 0000006f
R 217 104 00000094 0000006f
R 219 105 00000094 0000006f
R 221 106 00000094 0000006f
R 223 107 00000094 0000006f
R 225 108 00000094 0000006f
R 227 109 00000094 0000006f
R 229 110 00000094 0000006f
R 231 111 00000094 0000006f
R 233 112 00000094 0000006f
R 235 113 00000094 0000006f
R 237 114 00000094 0000006f
R 239 115 00000094 0000006f
R 241 116 00000094 0000006f
R 243 117 00000094 0000006f
R 245 118 00000094 0000006f
R 247 119 00000094 0000006f
R 249 120 00000094 0000006f
R 251 121 00000094 0000006f
R 253 122 00000094 0000006f
R 255 123 00000094 0000006f
R 257 124 00000094 0000006f
R 259 125 00000094 0000006f
R 261 126 00000094 0000006f
R 263 127 00000094 0000006f
R 265 128 00000094 0000006f
R 267 129 00000094 0000006f
R 269 130 00000094 0000006f
R 271 131 00000094 0000006f
R 273 132 00000094 0000006f
R 275 133 00000094 0000006f
R 277 134 00000094 0000006f
R 279 135 00000094 0000006f
R 281 136 00000094 0000006f
R 283 137 00000094 0000006f
R 285 138 00000094 0000006f
R 287 139 00000094 0000006f
R 289 140 00000094 0000006f
R 291 141 00000094 0000006f
R 293 142 00000094 0000006f
R 295 143 00000094 0000006f
R 297 144 00000094 0000006f
R 299 145 00000094 0000006f
R 301 146 00000094 0000006f
R 303 147 00000094 0000006f
R 305 148 00000094 0000006f
R 307 149 00000094 0000006f
R 309 150 00000094 0000006f
R 311 151 00000094 0000006f
R 313 152 00000094 0000006f
R 315 153 00000094 0000006f
R 317 154 00000094 0000006f
R 319 155 00000094 0000006f
R 321 156 00000094 0000006f
R 323 157 00000094 0000006f
R 325 158 00000094 0000006f
R 327 159 00000094 0000006f
R 329 160 00000094 0000006f
R 331 161 00000094 0000006f
R 333 162 00000094 0000006f
R 335 163 00000094 0000006f
R 337 164 00000094 0000006f
R 339 165 00000094 0000006f
R 341 166 00000094 0000006f
R 343 167 00000094 0000006f
R 345 168 00000094 0000006f
R 347 169 00000094 0000006f
R 349 170 00000094 0000006f
R 351 171 00000094 0000006f
R 353 172 00000094 0000006f
R 355 173 00000094 0000006f
R 357 174 00000094 0000006f
R 359 175 00000094 0000006f
R 361 176 00000094 0000006f
R 363 177 00000094 0000006f
R 365 178 00000094 0000006f
R 367 179 00000094 0000006f
R 369 180 00000094 0000006f
R 371 181 00000094 0000006f
R 373 182 00000094 0000006f
R 375 183 00000094 0000006f
R 377 184 00000094 0000006f
R 379 185 00000094 0000006f
R 381 186 00000094 0000006f
R 383 187 00000094 0000006f
R 385 188 00000094 0000006f
R 387 189 00000094 0000006f
R 389 190 00000094 0000006f
R 391 191 00000094 0000006f
R 393 192 00000094 0000006f
R 395 193 00000094 0000006f
R 397 194 00000094 0000006f
R 399 195 00000094 0000006f
R 401 196 00000094 0000006f
R 403 197 00000094 0000006f
R 405 198 00000094 0000006f
R 407 199 00000094 0000006f
R 409 200 00000094 0000006f
R 411 201 00000094 0000006f
R 413 202 00000094 0000006f
R 415 203 00000094 0000006f
R 417 204 00000094 0000006f
R 419 205 00000094 0000006f
R 421 206 00000094 0000006f
R 423 207 00000094 0000006f
R 425 208 00000094 0000006f
R 427 209 00000094 0000006f
R 429 210 00000094 0000006f
R 431 211 00000094 0000006f
R 433 212 00000094 0000006f
R 435 213 00000094 0000006f
R 437 214 00000094 0000006f
R 439 215 00000094 0000006f
R 441 216 00000094 0000006f
R 443 217 00000094 0000006f
R 445 218 00000094 0000006f
R 447 219 00000094 0000006f
R 449 220 00000094 0000006f
R 451 221 00000094 0000006f
R 453 222 00000094 0000006f
R 455 223 00000094 0000006f
R 457 224 00000094 0000006f
R 459 225 00000094 0000006f
R 461 226 00000094 0000006f
R 463 227 00000094 0000006f
R 465 228 00000094 0000006f
R 467 229 00000094 0000006f
R 469 230 00000094 0000006f
R 471 231 00000094 0000006f
R 473 232 00000094 0000006f
R 475 233 00000094 0000006f
R 477 234 00000094 0000006f
R 479 235 00000094 0000006f
R 481 236 00000094 0000006f
R 483 237 00000094 0000006f
R 485 238 00000094 0000006f
R 487 239 00000094 0000006f
R 489 240 00000094 0000006f
R 491 241 00000094 0000006f
R 493 242 00000094 0000006f
R 495 243 00000094 0000006f
R 497 244 00000094 0000006f
R 499 245 00000094 0000006f
R 501 246 00000094 0000006f
R 503 247 00000094 0000006f
R 505 248 00000094 0000006f
R 507 249 00000094 0000006f
R 509 250 00000094 0000006f
R 511 251 00000094 0000006f
R 513 252 00000094 0000006f
R 515 253 00000094 0000006f
R 517 254 00000094 0000006f
R 519 255 00000094 0000006f
R 521 256 00000094 0000006f
R 523 257 00000094 0000006f
R 525 258 00000094 0000006f
R 527 259 00000094 0000006f
R 529 260 00000094 0000006f
R 531 261 00000094 0000006f
R 533 262 00000094 0000006f
R 535 263 00000094 0000006f
R 537 264 00000094 0000006f
R 539 265 00000094 0000006f
R 541 266 00000094 0000006f
R 543 267 00000094 0000006f
R 545 268 00000094 0000006f
R 547 269 00000094 0000006f
R 549 270 00000094 0000006f
R 551 271 00000094 0000006f
R 553 272 00000094 0000006f
R 555 273 00000094 0000006f
R 557 274 00000094 0000006f
R 559 275 00000094 0000006f
R 561 276 00000094 0000006f
R 563 277 00000094 0000006f
R 565 278 00000094 0000006f
R 567 279 00000094 0000006f
R 569 280 00000094 0000006f
R 571 281 00000094 0000006f
R 573 282 00000094 0000006f
R 575 283 00000094 0000006f
R 577 284 00000094 0000006f
R 579 285 00000094 0000006f
R 581 286 00000094 0000006f
R 583 287 00000094 0000006f
R 585 288 00000094 0000006f
R 587 289 00000094 0000006f
R 589 290 00000094 0000006f
R 591 291 00000094 0000006f
R 593 292 00000094 0000006f
R 595 293 00000094 0000006f
R 597 294 00000094 0000006f
R 599 295 00000094 0000006f
R 601 296 00000094 0000006f
R 603 297 00000094 0000006f
R 605 298 00000094 0000006f
R 607 299 00000094 0000006f
R 609 300 00000094 0000006f
R 611 301 00000094 0000006f
R 613 302 00000094 0000006f
R 615 303 00000094 0000006f
R 617 304 00000094 0000006f
R 619 305 00000094 0000006f
R 621 306 00000094 0000006f
R 623 307 00000094 0000006f
R 625 308 00000094 0000006f
R 627 309 00000094 0000006f
R 629 310 00000094 0000006f
R 631 311 00000094 0000006f
R 633 312 00000094 0000006f
R 635 313 00000094 0000006f
R 637 314 00000094 0000006f
R 639 315 00000094 0000006f
R 641 316 00000094 0000006f
R 643 317 00000094 0000006f
R 645 318 00000094 0000006f
R 647 319 00000094 0000006f
R 649 320 00000094 0000006f
R 651 321 00000094 0000006f
R 653 322 00000094 0000006f
R 655 323 00000094 0000006f
R 657 324 00000094 0000006f
R 659 325 00000094 0000006f
R 661 326 00000094 0000006f
R 663 327 00000094 0000006f
R 665 328 00000094 0000006f
R 667 329 00000094 0000006f
R 669 330 00000094 0000006f
R 671 331 00000094 0000006f
R 673 332 00000094 0000006f
R 675 333 00000094 0000006f
R 677 334 00000094 0000006f
R 679 335 00000094 0000006f
R 681 336 00000094 0000006f
R 683 337 00000094 0000006f
R 685 338 00000094 0000006f
R 687 339 00000094 0000006f
R 689 340 00000094 0000006f
R 691 341 00000094 0000006f
R 693 342 00000094 0000006f
R 695 343 00000094 0000006f
R 697 344 00000094 0000006f
R 699 345 00000094 0000006f
R 701 346 00000094 0000006f
R 703 347 00000094 0000006f
R 705 348 00000094 0000006f
R 707 349 00000094 0000006f
R 709 350 00000094 0000006f
R 711 351 00000094 0000006f
R 713 352 00000094 0000006f
R 715 353 00000094 0000006f
R 717 354 00000094 0000006f
R 719 355 00000094 0000006f
R 721 356 00000094 0000006f
R 723 357 00000094 0000006f
R 725 358 00000094 0000006f
R 727 359 00000094 0000006f
R 729 360 00000094 0000006f
R 731 361 00000094 0000006f
R 733 362 00000094 0000006f
R 735 363 00000094 0000006f
R 737 364 00000094 0000006f
R 739 365 00000094 0000006f
R 741 366 00000094 0000006f
R 743 367 00000094 0000006f
R 745 368 00000094 0000006f
R 747 369 00000094 0000006f
R 749 370 00000094 0000006f
R 751 371 00000094 0000006f
R 753 372 00000094 0000006f
R 755 373 00000094 0000006f
R 757 374 00000094 0000006f
R 759 375 00000094 0000006f
R 761 376 00000094 0000006f
R 763 377 00000094 0000006f
R 765 378 00000094 0000006f
R 767 379 00000094 0000006f
R 769 380 00000094 0000006f
R 771 381 00000094 0000006f
R 773 382 00000094 0000006f
R 775 383 00000094 0000006f
R 777 384 00000094 0000006f
R 779 385 00000094 0000006f
R 781 386 00000094 0000006f
R 783 387 00000094 0000006f
R 785 388 00000094 0000006f
R 787 389 00000094 0000006f
R 789 390 00000094 0000006f
R 791 391 00000094 0000006f
R 793 392 00000094 0000006f
R 795 393 00000094 0000006f
R 797 394 00000094 0000006f
R 799 395 00000094 0000006f
R 801 396 00000094 0000006f
R 803 397 00000094 0000006f
R 805 398 00000094 0000006f
R 807 399 00000094 0000006f
R 809 400 00000094 0000006f
R 811 401 00000094 0000006f
R 813 402 00000094 0000006f
R 815 403 00000094 0000006f
R 817 404 00000094 0000006f
R 819 405 00000094 0000006f
R 821 406 00000094 0000006f
R 823 407 00000094 0000006f
R 825 408 00000094 0000006f
R 827 409 00000094 0000006f
R 829 410 00000094 0000006f
R 831 411 00000094 0000006f
R 833 412 00000094 0000006f
R 835 413 00000094 0000006f
R 837 414 00000094 0000006f
R 839 415 00000094 0000006f
R 841 416 00000094 0000006f
R 843 417 00000094 0000006f
R 845 418 00000094 0000006f
R 847 419 00000094 0000006f
R 849 420 00000094 0000006f
R 851 421 00000094 0000006f
R 853 422 00000094 0000006f
R 855 423 00000094 0000006f
R 857 424 00000094 0000006f
R 859 425 00000094 0000006f
R 861 426 00000094 0000006f
R 863 427 00000094 0000006f
R 865 428 00000094 0000006f
R 867 429 00000094 0000006f
R 869 430 00000094 0000006f
R 871 431 00000094 0000006f
R 873 432 00000094 0000006f
R 875 433 00000094 0000006f
R 877 434 00000094 0000006f
R 879 435 00000094 0000006f
R 881 436 00000094 0000006f
R 883 437 00000094 0000006f
R 885 438 00000094 0000006f
R 887 439 00000094 0000006f
R 889 440 00000094 0000006f
R 891 441 00000094 0000006f
R 893 442 00000094 0000006f
R 895 443 00000094 0000006f
R 897 444 00000094 0000006f
R 899 445 00000094 0000006f
R 901 446 00000094 0000006f
R 903 447 00000094 0000006f
R 905 448 00000094 0000006f
R 907 449 00000094 0000006f
R 909 450 00000094 0000006f
R 911 451 00000094 0000006f
R 913 452 00000094 0000006f
R 915 453 00000094 0000006f
R 917 454 00000094 0000006f
R 919 455 00000094 0000006f
R 921 456 00000094 0000006f
R 923 457 00000094 0000006f
R 925 458 00000094 0000006f
R 927 459 00000094 0000006f
R 929 460 00000094 0000006f
R 931 461 00000094 0000006f
R 933 462 00000094 0000006f
R 935 463 00000094 0000006f
R 937 464 00000094 0000006f
R 939 465 00000094 0000006f
R 941 466 00000094 0000006f
R 943 467 00000094 0000006f
R 945 468 00000094 0000006f
R 947 469 00000094 0000006f
R 949 470 00000094 0000006f
R 951 471 00000094 0000006f
R 953 472 00000094 0000006f
R 955 473 00000094 0000006f
R 957 474 00000094 0000006f
R 959 475 00000094 0000006f
R 961 476 00000094 0000006f
R 963 477 00000094 0000006f
R 965 478 00000094 0000006f
R 967 479 00000094 0000006f
R 969 480 00000094 0000006f
R 971 481 00000094 0000006f
R 973 482 00000094 0000006f
R 975 483 00000094 0000006f
R 977 484 00000094 0000006f
R 979 485 00000094 0000006f
R 981 486 00000094 0000006f
R 983 487 00000094 0000006f
R 985 488 00000094 0000006f
R 987 489 00000094 0000006f
R 989 490 00000094 0000006f
R 991 491 00000094 0000006f
R 993 492 00000094 0000006f
R 995 493 00000094 0000006f
R 997 494 00000094 0000006f
R 999 495 00000094 0000006f
R 1001 496 00000094 0000006f
R 1003 497 00000094 0000006f
R 1005 498 00000094 0000006f
R 1007 499 00000094 0000006f
R 1009 500 00000094 0000006f
R 1011 501 00000094 0000006f
R 1013 502 00000094 0000006f
R 1015 503 00000094 0000006f
R 1017 504 00000094 0000006f
R 1019 505 00000094 0000006f
R 1021 506 00000094 0000006f
R 1023 507 00000094 0000006f
R 1025 508 00000094 0000006f
R 1027 509 00000094 0000006f
R 1029 510 00000094 0000006f
R 1031 511 00000094 0000006f
R 1033 512 00000094 0000006f
R 1035 513 00000094 0000006f
R 1037 514 00000094 0000006f
R 1039 515 00000094 0000006f
R 1041 516 00000094 0000006f
R 1043 517 00000094 0000006f
R 1045 518 00000094 0000006f
R 1047 519 00000094 0000006f
R 1049 520 00000094 0000006f
R 1051 521 00000094 0000006f
R 1053 522 00000094 0000006f
R 1055 523 00000094 0000006f
R 1057 524 00000094 0000006f
R 1059 525 00000094 0000006f
R 1061 526 00000094 0000006f
R 1063 527 00000094 0000006f
R 1065 528 00000094 0000006f
R 1067 529 00000094 0000006f
R 1069 530 00000094 0000006f
R 1071 531 00000094 0000006f
R 1073 532 00000094 0000006f
R 1075 533 00000094 0000006f
R 1077 534 00000094 0000006f
R 1079 535 00000094 0000006f
R 1081 536 00000094 0000006f
R 1083 537 00000094 0000006f
R 1085 538 00000094 0000006f
R 1087 539 00000094 0000006f
R 1089 540 00000094 0000006f
R 1091 541 00000094 0000006f
R 1093 542 00000094 0000006f
R 1095 543 00000094 0000006f
R 1097 544 00000094 0000006f
R 1099 545 00000094 0000006f
R 1101 546 00000094 0000006f
R 1103 547 00000094 0000006f
R 1105 548 00000094 0000006f
R 1107 549 00000094 0000006f
R 1109 550 00000094 0000006f
R 1111 551 00000094 0000006f
R 1113 552 00000094 0000006f
R 1115 553 00000094 0000006f
R 1117 554 00000094 0000006f
R 1119 555 00000094 0000006f
R 1121 556 00000094 0000006f
R 1123 557 00000094 0000006f
R 1125 558 00000094 0000006f
R 1127 559 00000094 0000006f
R 1129 560 00000094 0000006f
R 1131 561 00000094 0000006f
R 1133 562 00000094 0000006f
R 1135 563 00000094 0000006f
R 1137 564 00000094 0000006f
R 1139 565 00000094 0000006f
R 1141 566 00000094 0000006f
R 1143 567 00000094 0000006f
R 1145 568 00000094 0000006f
R 1147 569 00000094 0000006f
R 1149 570 00000094 0000006f
R 1151 571 00000094 0000006f
R 1153 572 00000094 0000006f
R 1155 573 00000094 0000006f
R 1157 574 00000094 0000006f
R 1159 575 00000094 0000006f
R 1161 576 00000094 0000006f
R 1163 577 00000094 0000006f
R 1165 578 00000094 0000006f
R 1167 579 00000094 0000006f
R 1169 580 00000094 0000006f
R 1171 581 00000094 0000006f
R 1173 582 00000094 0000006f
R 1175 583 00000094 0000006f
R 1177 584 00000094 0000006f
R 1179 585 00000094 0000006f
R 1181 586 00000094 0000006f
R 1183 587 00000094 0000006f
R 1185 588 00000094 0000006f
R 1187 589 00000094 0000006f
R 1189 590 00000094 0000006f
R 1191 591 00000094 0000006f
R 1193 592 00000094 0000006f
R 1195 593 00000094 0000006f
R 1197 594 00000094 0000006f
R 1199 595 00000094 0000006f
REG 0 00000000
REG 1 00000200
REG 2 00001000
REG 3 00000000
REG 4 00000000
REG 5 00000000
REG 6 00000000
REG 7 00000000
REG 8 00000000
REG 9 00000000
REG 10 00000000
REG 11 00000000
REG 12 00000000
REG 13 00000000
REG 14 00000000
REG 15 0000007b
REG 16 00000000
REG 17 00000000
REG 18 00000000
REG 19 00000000
REG 20 00000000
REG 21 00000000
REG 22 00000000
REG 23 00000000
REG 24 00000000
REG 25 00000000
REG 26 00000000
REG 27 00000000
REG 28 00000000
REG 29 00000000
REG 30 00000000
REG 31 00000000
COUNTS sleep=1 clocks=1197 ai=0 ab=0 am=0 ifetch=1191 data=2 bitmap=1 hit=0 miss=0 dummy=0 expanded=0 predict=0 mispredict=0 keys=0
FINISH
- /home/dungpc/ndmoney4porche/projects/ibex/doc/dungpc/secure_ibex/evidence/secure_combo.harness.sv:217: Verilog $finish
