CONFIG SEC=1 CACHE=0 PRED=0 DUAL=0 MODE=0 ZC=0 SCR=0 ICECC=0 OFFSET=1 PMP=0
SAMPLE 3 ai=0 ab=0 am=0 pc=0 mismatch=0 rf=0 mode=0
SECDET 3 pc=0 rf=0 intg=0
C 3 00000000 0 0 0 1 0 0
LOCK 4 rst=0 cmp=a mismatch=0 rf=0 cap=0
SAMPLE 4 ai=0 ab=0 am=0 pc=0 mismatch=0 rf=0 mode=0
SECDET 4 pc=0 rf=0 intg=0
C 4 00000000 0 0 0 1 1 0
LOCK 5 rst=1 cmp=a mismatch=0 rf=0 cap=0
SAMPLE 5 ai=0 ab=0 am=0 pc=0 mismatch=0 rf=0 mode=0
SECDET 5 pc=0 rf=0 intg=0
C 5 00000000 0 0 0 0 4 0
LOCK 6 rst=1 cmp=5 mismatch=0 rf=0 cap=0
SAMPLE 6 ai=0 ab=0 am=0 pc=0 mismatch=0 rf=0 mode=0
CSRDBG 6 addr=000 priv=3 dec=0 csr=0 raw=1 pw=0 dbg=0 op=0
SECDET 6 pc=0 rf=0 intg=0
C 6 00000080 1 0 0 0 5 0
LOCK 7 rst=1 cmp=5 mismatch=0 rf=0 cap=0
SAMPLE 7 ai=0 ab=0 am=0 pc=0 mismatch=0 rf=0 mode=0
W 7 1 00000000 000000000
CSRDBG 7 addr=7c0 priv=3 dec=0 csr=0 raw=0 pw=0 dbg=0 op=1
SECDET 7 pc=0 rf=0 intg=0
C 7 00000084 1 0 0 0 5 0
LOCK 8 rst=1 cmp=5 mismatch=0 rf=0 cap=0
SAMPLE 8 ai=0 ab=0 am=0 pc=0 mismatch=0 rf=0 mode=0
CSRDBG 8 addr=7c0 priv=3 dec=0 csr=0 raw=0 pw=0 dbg=0 op=1
SECDET 8 pc=0 rf=0 intg=0
R 8 1 00000080 00000093
C 8 00000084 1 0 0 0 6 0
LOCK 9 rst=1 cmp=5 mismatch=0 rf=0 cap=0
SAMPLE 9 ai=0 ab=0 am=0 pc=0 mismatch=0 rf=0 mode=0
SECDET 9 pc=0 rf=0 intg=0
R 9 2 00000084 7c009073
C 9 00000084 0 0 0 0 5 0
LOCK 10 rst=1 cmp=5 mismatch=0 rf=0 cap=0
SAMPLE 10 ai=0 ab=0 am=0 pc=0 mismatch=0 rf=0 mode=0
CSRDBG 10 addr=001 priv=3 dec=0 csr=0 raw=1 pw=0 dbg=0 op=0
SECDET 10 pc=0 rf=0 intg=0
C 10 00000088 1 0 0 0 5 0
LOCK 11 rst=1 cmp=5 mismatch=0 rf=0 cap=0
SAMPLE 11 ai=0 ab=0 am=0 pc=0 mismatch=0 rf=0 mode=0
W 11 2 00000001 000000000
CSRDBG 11 addr=002 priv=3 dec=0 csr=0 raw=1 pw=0 dbg=0 op=0
SECDET 11 pc=0 rf=0 intg=0
C 11 0000008c 1 0 0 1 5 0
LOCK 12 rst=1 cmp=5 mismatch=0 rf=0 cap=0
SAMPLE 12 ai=0 ab=0 am=0 pc=0 mismatch=0 rf=0 mode=0
SECDET 12 pc=0 rf=0 intg=0
R 12 3 00000088 00100113
C 12 0000008c 0 0 0 0 5 0
LOCK 13 rst=1 cmp=5 mismatch=0 rf=0 cap=0
SAMPLE 13 ai=0 ab=0 am=0 pc=0 mismatch=0 rf=0 mode=0
CSRDBG 13 addr=07b priv=3 dec=0 csr=0 raw=1 pw=0 dbg=0 op=0
SECDET 13 pc=0 rf=0 intg=0
R 13 4 0000008c 00210463
C 13 00000094 1 0 0 0 5 0
LOCK 14 rst=1 cmp=5 mismatch=0 rf=0 cap=0
SAMPLE 14 ai=0 ab=0 am=0 pc=0 mismatch=0 rf=0 mode=0
W 14 15 0000007b 000000000
CSRDBG 14 addr=000 priv=3 dec=0 csr=0 raw=1 pw=0 dbg=0 op=0
SECDET 14 pc=0 rf=0 intg=0
C 14 00000098 1 0 0 1 5 0
LOCK 15 rst=1 cmp=5 mismatch=0 rf=0 cap=0
SAMPLE 15 ai=0 ab=0 am=0 pc=0 mismatch=0 rf=0 mode=0
SECDET 15 pc=0 rf=0 intg=0
R 15 5 00000094 07b00793
C 15 00000098 0 0 0 0 5 0
LOCK 16 rst=1 cmp=5 mismatch=0 rf=0 cap=0
SAMPLE 16 ai=0 ab=0 am=0 pc=0 mismatch=0 rf=0 mode=0
CSRDBG 16 addr=000 priv=3 dec=0 csr=0 raw=1 pw=0 dbg=0 op=0
SECDET 16 pc=0 rf=0 intg=0
R 16 6 00000098 0000006f
C 16 00000098 1 0 0 1 5 0
LOCK 17 rst=1 cmp=5 mismatch=0 rf=0 cap=0
SAMPLE 17 ai=0 ab=0 am=0 pc=0 mismatch=0 rf=0 mode=0
SECDET 17 pc=0 rf=0 intg=0
C 17 00000098 0 0 0 0 5 0
LOCK 18 rst=1 cmp=5 mismatch=0 rf=0 cap=0
SAMPLE 18 ai=0 ab=0 am=0 pc=0 mismatch=0 rf=0 mode=0
CSRDBG 18 addr=000 priv=3 dec=0 csr=0 raw=1 pw=0 dbg=0 op=0
SECDET 18 pc=0 rf=0 intg=0
R 18 7 00000098 0000006f
C 18 00000098 1 0 0 1 5 0
LOCK 19 rst=1 cmp=5 mismatch=0 rf=0 cap=0
SAMPLE 19 ai=0 ab=0 am=0 pc=0 mismatch=0 rf=0 mode=0
SECDET 19 pc=0 rf=0 intg=0
C 19 00000098 0 0 0 0 5 0
LOCK 20 rst=1 cmp=5 mismatch=0 rf=0 cap=0
SAMPLE 20 ai=0 ab=0 am=0 pc=0 mismatch=0 rf=0 mode=0
CSRDBG 20 addr=000 priv=3 dec=0 csr=0 raw=1 pw=0 dbg=0 op=0
SECDET 20 pc=0 rf=0 intg=0
R 20 8 00000098 0000006f
C 20 00000098 1 0 0 1 5 0
LOCK 21 rst=1 cmp=5 mismatch=0 rf=0 cap=0
SAMPLE 21 ai=0 ab=0 am=0 pc=0 mismatch=0 rf=0 mode=0
SECDET 21 pc=0 rf=0 intg=0
C 21 00000098 0 0 0 0 5 0
LOCK 22 rst=1 cmp=5 mismatch=0 rf=0 cap=0
SAMPLE 22 ai=0 ab=0 am=0 pc=0 mismatch=0 rf=0 mode=0
CSRDBG 22 addr=000 priv=3 dec=0 csr=0 raw=1 pw=0 dbg=0 op=0
SECDET 22 pc=0 rf=0 intg=0
R 22 9 00000098 0000006f
C 22 00000098 1 0 0 1 5 0
LOCK 23 rst=1 cmp=5 mismatch=0 rf=0 cap=0
SAMPLE 23 ai=0 ab=0 am=0 pc=0 mismatch=0 rf=0 mode=0
SECDET 23 pc=0 rf=0 intg=0
C 23 00000098 0 0 0 0 5 0
LOCK 24 rst=1 cmp=5 mismatch=0 rf=0 cap=0
SAMPLE 24 ai=0 ab=0 am=0 pc=0 mismatch=0 rf=0 mode=0
CSRDBG 24 addr=000 priv=3 dec=0 csr=0 raw=1 pw=0 dbg=0 op=0
SECDET 24 pc=0 rf=0 intg=0
R 24 10 00000098 0000006f
C 24 00000098 1 0 0 1 5 0
LOCK 25 rst=1 cmp=5 mismatch=0 rf=0 cap=0
SAMPLE 25 ai=0 ab=0 am=0 pc=0 mismatch=0 rf=0 mode=0
SECDET 25 pc=0 rf=0 intg=0
C 25 00000098 0 0 0 0 5 0
LOCK 26 rst=1 cmp=5 mismatch=0 rf=0 cap=0
SAMPLE 26 ai=0 ab=0 am=0 pc=0 mismatch=0 rf=0 mode=0
CSRDBG 26 addr=000 priv=3 dec=0 csr=0 raw=1 pw=0 dbg=0 op=0
SECDET 26 pc=0 rf=0 intg=0
R 26 11 00000098 0000006f
C 26 00000098 1 0 0 1 5 0
LOCK 27 rst=1 cmp=5 mismatch=0 rf=0 cap=0
SAMPLE 27 ai=0 ab=0 am=0 pc=0 mismatch=0 rf=0 mode=0
SECDET 27 pc=0 rf=0 intg=0
C 27 00000098 0 0 0 0 5 0
LOCK 28 rst=1 cmp=5 mismatch=0 rf=0 cap=0
SAMPLE 28 ai=0 ab=0 am=0 pc=0 mismatch=0 rf=0 mode=0
CSRDBG 28 addr=000 priv=3 dec=0 csr=0 raw=1 pw=0 dbg=0 op=0
SECDET 28 pc=0 rf=0 intg=0
R 28 12 00000098 0000006f
C 28 00000098 1 0 0 1 5 0
LOCK 29 rst=1 cmp=5 mismatch=0 rf=0 cap=0
SAMPLE 29 ai=0 ab=0 am=0 pc=0 mismatch=0 rf=0 mode=0
SECDET 29 pc=0 rf=0 intg=0
C 29 00000098 0 0 0 0 5 0
LOCK 30 rst=1 cmp=5 mismatch=0 rf=0 cap=0
SAMPLE 30 ai=0 ab=0 am=0 pc=0 mismatch=0 rf=0 mode=0
CSRDBG 30 addr=000 priv=3 dec=0 csr=0 raw=1 pw=0 dbg=0 op=0
SECDET 30 pc=0 rf=0 intg=0
R 30 13 00000098 0000006f
C 30 00000098 1 0 0 1 5 0
LOCK 31 rst=1 cmp=5 mismatch=0 rf=0 cap=0
SAMPLE 31 ai=0 ab=0 am=0 pc=0 mismatch=0 rf=0 mode=0
SECDET 31 pc=0 rf=0 intg=0
C 31 00000098 0 0 0 0 5 0
LOCK 32 rst=1 cmp=5 mismatch=0 rf=0 cap=0
SAMPLE 32 ai=0 ab=0 am=0 pc=0 mismatch=0 rf=0 mode=0
CSRDBG 32 addr=000 priv=3 dec=0 csr=0 raw=1 pw=0 dbg=0 op=0
SECDET 32 pc=0 rf=0 intg=0
R 32 14 00000098 0000006f
C 32 00000098 1 0 0 1 5 0
LOCK 33 rst=1 cmp=5 mismatch=0 rf=0 cap=0
SAMPLE 33 ai=0 ab=0 am=0 pc=0 mismatch=0 rf=0 mode=0
SECDET 33 pc=0 rf=0 intg=0
C 33 00000098 0 0 0 0 5 0
LOCK 34 rst=1 cmp=5 mismatch=0 rf=0 cap=0
SAMPLE 34 ai=0 ab=0 am=0 pc=0 mismatch=0 rf=0 mode=0
CSRDBG 34 addr=000 priv=3 dec=0 csr=0 raw=1 pw=0 dbg=0 op=0
SECDET 34 pc=0 rf=0 intg=0
R 34 15 00000098 0000006f
C 34 00000098 1 0 0 1 5 0
LOCK 35 rst=1 cmp=5 mismatch=0 rf=0 cap=0
SAMPLE 35 ai=0 ab=0 am=0 pc=0 mismatch=0 rf=0 mode=0
SECDET 35 pc=0 rf=0 intg=0
C 35 00000098 0 0 0 0 5 0
LOCK 36 rst=1 cmp=5 mismatch=0 rf=0 cap=0
SAMPLE 36 ai=0 ab=0 am=0 pc=0 mismatch=0 rf=0 mode=0
CSRDBG 36 addr=000 priv=3 dec=0 csr=0 raw=1 pw=0 dbg=0 op=0
SECDET 36 pc=0 rf=0 intg=0
R 36 16 00000098 0000006f
C 36 00000098 1 0 0 1 5 0
LOCK 37 rst=1 cmp=5 mismatch=0 rf=0 cap=0
SAMPLE 37 ai=0 ab=0 am=0 pc=0 mismatch=0 rf=0 mode=0
SECDET 37 pc=0 rf=0 intg=0
C 37 00000098 0 0 0 0 5 0
LOCK 38 rst=1 cmp=5 mismatch=0 rf=0 cap=0
SAMPLE 38 ai=0 ab=0 am=0 pc=0 mismatch=0 rf=0 mode=0
CSRDBG 38 addr=000 priv=3 dec=0 csr=0 raw=1 pw=0 dbg=0 op=0
SECDET 38 pc=0 rf=0 intg=0
R 38 17 00000098 0000006f
C 38 00000098 1 0 0 1 5 0
LOCK 39 rst=1 cmp=5 mismatch=0 rf=0 cap=0
SAMPLE 39 ai=0 ab=0 am=0 pc=0 mismatch=0 rf=0 mode=0
SECDET 39 pc=0 rf=0 intg=0
C 39 00000098 0 0 0 0 5 0
LOCK 40 rst=1 cmp=5 mismatch=0 rf=0 cap=0
SAMPLE 40 ai=0 ab=0 am=0 pc=0 mismatch=0 rf=0 mode=0
CSRDBG 40 addr=000 priv=3 dec=0 csr=0 raw=1 pw=0 dbg=0 op=0
SECDET 40 pc=0 rf=0 intg=0
R 40 18 00000098 0000006f
C 40 00000098 1 0 0 1 5 0
LOCK 41 rst=1 cmp=5 mismatch=0 rf=0 cap=0
SAMPLE 41 ai=0 ab=0 am=0 pc=0 mismatch=0 rf=0 mode=0
SECDET 41 pc=0 rf=0 intg=0
C 41 00000098 0 0 0 0 5 0
LOCK 42 rst=1 cmp=5 mismatch=0 rf=0 cap=0
SAMPLE 42 ai=0 ab=0 am=0 pc=0 mismatch=0 rf=0 mode=0
CSRDBG 42 addr=000 priv=3 dec=0 csr=0 raw=1 pw=0 dbg=0 op=0
SECDET 42 pc=0 rf=0 intg=0
R 42 19 00000098 0000006f
C 42 00000098 1 0 0 1 5 0
LOCK 43 rst=1 cmp=5 mismatch=0 rf=0 cap=0
SAMPLE 43 ai=0 ab=0 am=0 pc=0 mismatch=0 rf=0 mode=0
SECDET 43 pc=0 rf=0 intg=0
C 43 00000098 0 0 0 0 5 0
LOCK 44 rst=1 cmp=5 mismatch=0 rf=0 cap=0
SAMPLE 44 ai=0 ab=0 am=0 pc=0 mismatch=0 rf=0 mode=0
CSRDBG 44 addr=000 priv=3 dec=0 csr=0 raw=1 pw=0 dbg=0 op=0
SECDET 44 pc=0 rf=0 intg=0
R 44 20 00000098 0000006f
C 44 00000098 1 0 0 1 5 0
LOCK 45 rst=1 cmp=5 mismatch=0 rf=0 cap=0
SAMPLE 45 ai=0 ab=0 am=0 pc=0 mismatch=0 rf=0 mode=0
SECDET 45 pc=0 rf=0 intg=0
C 45 00000098 0 0 0 0 5 0
LOCK 46 rst=1 cmp=5 mismatch=0 rf=0 cap=0
SAMPLE 46 ai=0 ab=0 am=0 pc=0 mismatch=0 rf=0 mode=0
CSRDBG 46 addr=000 priv=3 dec=0 csr=0 raw=1 pw=0 dbg=0 op=0
SECDET 46 pc=0 rf=0 intg=0
R 46 21 00000098 0000006f
C 46 00000098 1 0 0 1 5 0
LOCK 47 rst=1 cmp=5 mismatch=0 rf=0 cap=0
SAMPLE 47 ai=0 ab=0 am=0 pc=0 mismatch=0 rf=0 mode=0
SECDET 47 pc=0 rf=0 intg=0
C 47 00000098 0 0 0 0 5 0
LOCK 48 rst=1 cmp=5 mismatch=0 rf=0 cap=0
SAMPLE 48 ai=0 ab=0 am=0 pc=0 mismatch=0 rf=0 mode=0
CSRDBG 48 addr=000 priv=3 dec=0 csr=0 raw=1 pw=0 dbg=0 op=0
SECDET 48 pc=0 rf=0 intg=0
R 48 22 00000098 0000006f
C 48 00000098 1 0 0 1 5 0
LOCK 49 rst=1 cmp=5 mismatch=0 rf=0 cap=0
SAMPLE 49 ai=0 ab=0 am=0 pc=0 mismatch=0 rf=0 mode=0
SECDET 49 pc=0 rf=0 intg=0
C 49 00000098 0 0 0 0 5 0
LOCK 50 rst=1 cmp=5 mismatch=0 rf=0 cap=0
SAMPLE 50 ai=0 ab=0 am=0 pc=0 mismatch=0 rf=0 mode=0
CSRDBG 50 addr=000 priv=3 dec=0 csr=0 raw=1 pw=0 dbg=0 op=0
SECDET 50 pc=0 rf=0 intg=0
R 50 23 00000098 0000006f
C 50 00000098 1 0 0 1 5 0
LOCK 51 rst=1 cmp=5 mismatch=0 rf=0 cap=0
SAMPLE 51 ai=0 ab=0 am=0 pc=0 mismatch=0 rf=0 mode=0
SECDET 51 pc=0 rf=0 intg=0
C 51 00000098 0 0 0 0 5 0
LOCK 52 rst=1 cmp=5 mismatch=0 rf=0 cap=0
SAMPLE 52 ai=0 ab=0 am=0 pc=0 mismatch=0 rf=0 mode=0
CSRDBG 52 addr=000 priv=3 dec=0 csr=0 raw=1 pw=0 dbg=0 op=0
SECDET 52 pc=0 rf=0 intg=0
R 52 24 00000098 0000006f
C 52 00000098 1 0 0 1 5 0
LOCK 53 rst=1 cmp=5 mismatch=0 rf=0 cap=0
SAMPLE 53 ai=0 ab=0 am=0 pc=0 mismatch=0 rf=0 mode=0
SECDET 53 pc=0 rf=0 intg=0
C 53 00000098 0 0 0 0 5 0
LOCK 54 rst=1 cmp=5 mismatch=0 rf=0 cap=0
SAMPLE 54 ai=0 ab=0 am=0 pc=0 mismatch=0 rf=0 mode=0
CSRDBG 54 addr=000 priv=3 dec=0 csr=0 raw=1 pw=0 dbg=0 op=0
SECDET 54 pc=0 rf=0 intg=0
R 54 25 00000098 0000006f
C 54 00000098 1 0 0 1 5 0
LOCK 55 rst=1 cmp=5 mismatch=0 rf=0 cap=0
SAMPLE 55 ai=0 ab=0 am=0 pc=0 mismatch=0 rf=0 mode=0
SECDET 55 pc=0 rf=0 intg=0
C 55 00000098 0 0 0 0 5 0
LOCK 56 rst=1 cmp=5 mismatch=0 rf=0 cap=0
SAMPLE 56 ai=0 ab=0 am=0 pc=0 mismatch=0 rf=0 mode=0
CSRDBG 56 addr=000 priv=3 dec=0 csr=0 raw=1 pw=0 dbg=0 op=0
SECDET 56 pc=0 rf=0 intg=0
R 56 26 00000098 0000006f
C 56 00000098 1 0 0 1 5 0
LOCK 57 rst=1 cmp=5 mismatch=0 rf=0 cap=0
SAMPLE 57 ai=0 ab=0 am=0 pc=0 mismatch=0 rf=0 mode=0
SECDET 57 pc=0 rf=0 intg=0
C 57 00000098 0 0 0 0 5 0
LOCK 58 rst=1 cmp=5 mismatch=0 rf=0 cap=0
SAMPLE 58 ai=0 ab=0 am=0 pc=0 mismatch=0 rf=0 mode=0
CSRDBG 58 addr=000 priv=3 dec=0 csr=0 raw=1 pw=0 dbg=0 op=0
SECDET 58 pc=0 rf=0 intg=0
R 58 27 00000098 0000006f
C 58 00000098 1 0 0 1 5 0
LOCK 59 rst=1 cmp=5 mismatch=0 rf=0 cap=0
SAMPLE 59 ai=0 ab=0 am=0 pc=0 mismatch=0 rf=0 mode=0
SECDET 59 pc=0 rf=0 intg=0
C 59 00000098 0 0 0 0 5 0
LOCK 60 rst=1 cmp=5 mismatch=0 rf=0 cap=0
SAMPLE 60 ai=0 ab=0 am=0 pc=0 mismatch=0 rf=0 mode=0
CSRDBG 60 addr=000 priv=3 dec=0 csr=0 raw=1 pw=0 dbg=0 op=0
SECDET 60 pc=0 rf=0 intg=0
R 60 28 00000098 0000006f
C 60 00000098 1 0 0 1 5 0
LOCK 61 rst=1 cmp=5 mismatch=0 rf=0 cap=0
SAMPLE 61 ai=0 ab=0 am=0 pc=0 mismatch=0 rf=0 mode=0
SECDET 61 pc=0 rf=0 intg=0
C 61 00000098 0 0 0 0 5 0
LOCK 62 rst=1 cmp=5 mismatch=0 rf=0 cap=0
SAMPLE 62 ai=0 ab=0 am=0 pc=0 mismatch=0 rf=0 mode=0
CSRDBG 62 addr=000 priv=3 dec=0 csr=0 raw=1 pw=0 dbg=0 op=0
SECDET 62 pc=0 rf=0 intg=0
R 62 29 00000098 0000006f
C 62 00000098 1 0 0 1 5 0
LOCK 63 rst=1 cmp=5 mismatch=0 rf=0 cap=0
SAMPLE 63 ai=0 ab=0 am=0 pc=0 mismatch=0 rf=0 mode=0
SECDET 63 pc=0 rf=0 intg=0
C 63 00000098 0 0 0 0 5 0
LOCK 64 rst=1 cmp=5 mismatch=0 rf=0 cap=0
SAMPLE 64 ai=0 ab=0 am=0 pc=0 mismatch=0 rf=0 mode=0
CSRDBG 64 addr=000 priv=3 dec=0 csr=0 raw=1 pw=0 dbg=0 op=0
SECDET 64 pc=0 rf=0 intg=0
R 64 30 00000098 0000006f
C 64 00000098 1 0 0 1 5 0
LOCK 65 rst=1 cmp=5 mismatch=0 rf=0 cap=0
SAMPLE 65 ai=0 ab=0 am=0 pc=0 mismatch=0 rf=0 mode=0
SECDET 65 pc=0 rf=0 intg=0
C 65 00000098 0 0 0 0 5 0
LOCK 66 rst=1 cmp=5 mismatch=0 rf=0 cap=0
SAMPLE 66 ai=0 ab=0 am=0 pc=0 mismatch=0 rf=0 mode=0
CSRDBG 66 addr=000 priv=3 dec=0 csr=0 raw=1 pw=0 dbg=0 op=0
SECDET 66 pc=0 rf=0 intg=0
R 66 31 00000098 0000006f
C 66 00000098 1 0 0 1 5 0
LOCK 67 rst=1 cmp=5 mismatch=0 rf=0 cap=0
SAMPLE 67 ai=0 ab=0 am=0 pc=0 mismatch=0 rf=0 mode=0
SECDET 67 pc=0 rf=0 intg=0
C 67 00000098 0 0 0 0 5 0
LOCK 68 rst=1 cmp=5 mismatch=0 rf=0 cap=0
SAMPLE 68 ai=0 ab=0 am=0 pc=0 mismatch=0 rf=0 mode=0
CSRDBG 68 addr=000 priv=3 dec=0 csr=0 raw=1 pw=0 dbg=0 op=0
SECDET 68 pc=0 rf=0 intg=0
R 68 32 00000098 0000006f
C 68 00000098 1 0 0 1 5 0
LOCK 69 rst=1 cmp=5 mismatch=0 rf=0 cap=0
SAMPLE 69 ai=0 ab=0 am=0 pc=0 mismatch=0 rf=0 mode=0
SECDET 69 pc=0 rf=0 intg=0
C 69 00000098 0 0 0 0 5 0
LOCK 70 rst=1 cmp=5 mismatch=0 rf=0 cap=0
SAMPLE 70 ai=0 ab=0 am=0 pc=0 mismatch=0 rf=0 mode=0
CSRDBG 70 addr=000 priv=3 dec=0 csr=0 raw=1 pw=0 dbg=0 op=0
SECDET 70 pc=0 rf=0 intg=0
R 70 33 00000098 0000006f
C 70 00000098 1 0 0 1 5 0
LOCK 71 rst=1 cmp=5 mismatch=0 rf=0 cap=0
SAMPLE 71 ai=0 ab=0 am=0 pc=0 mismatch=0 rf=0 mode=0
SECDET 71 pc=0 rf=0 intg=0
C 71 00000098 0 0 0 0 5 0
LOCK 72 rst=1 cmp=5 mismatch=0 rf=0 cap=0
SAMPLE 72 ai=0 ab=0 am=0 pc=0 mismatch=0 rf=0 mode=0
CSRDBG 72 addr=000 priv=3 dec=0 csr=0 raw=1 pw=0 dbg=0 op=0
SECDET 72 pc=0 rf=0 intg=0
R 72 34 00000098 0000006f
C 72 00000098 1 0 0 1 5 0
LOCK 73 rst=1 cmp=5 mismatch=0 rf=0 cap=0
SAMPLE 73 ai=0 ab=0 am=0 pc=0 mismatch=0 rf=0 mode=0
SECDET 73 pc=0 rf=0 intg=0
C 73 00000098 0 0 0 0 5 0
LOCK 74 rst=1 cmp=5 mismatch=0 rf=0 cap=0
SAMPLE 74 ai=0 ab=0 am=0 pc=0 mismatch=0 rf=0 mode=0
CSRDBG 74 addr=000 priv=3 dec=0 csr=0 raw=1 pw=0 dbg=0 op=0
SECDET 74 pc=0 rf=0 intg=0
R 74 35 00000098 0000006f
C 74 00000098 1 0 0 1 5 0
LOCK 75 rst=1 cmp=5 mismatch=0 rf=0 cap=0
SAMPLE 75 ai=0 ab=0 am=0 pc=0 mismatch=0 rf=0 mode=0
SECDET 75 pc=0 rf=0 intg=0
C 75 00000098 0 0 0 0 5 0
LOCK 76 rst=1 cmp=5 mismatch=0 rf=0 cap=0
SAMPLE 76 ai=0 ab=0 am=0 pc=0 mismatch=0 rf=0 mode=0
CSRDBG 76 addr=000 priv=3 dec=0 csr=0 raw=1 pw=0 dbg=0 op=0
SECDET 76 pc=0 rf=0 intg=0
R 76 36 00000098 0000006f
C 76 00000098 1 0 0 1 5 0
LOCK 77 rst=1 cmp=5 mismatch=0 rf=0 cap=0
SAMPLE 77 ai=0 ab=0 am=0 pc=0 mismatch=0 rf=0 mode=0
SECDET 77 pc=0 rf=0 intg=0
C 77 00000098 0 0 0 0 5 0
LOCK 78 rst=1 cmp=5 mismatch=0 rf=0 cap=0
SAMPLE 78 ai=0 ab=0 am=0 pc=0 mismatch=0 rf=0 mode=0
CSRDBG 78 addr=000 priv=3 dec=0 csr=0 raw=1 pw=0 dbg=0 op=0
SECDET 78 pc=0 rf=0 intg=0
R 78 37 00000098 0000006f
C 78 00000098 1 0 0 1 5 0
LOCK 79 rst=1 cmp=5 mismatch=0 rf=0 cap=0
SAMPLE 79 ai=0 ab=0 am=0 pc=0 mismatch=0 rf=0 mode=0
SECDET 79 pc=0 rf=0 intg=0
C 79 00000098 0 0 0 0 5 0
LOCK 80 rst=1 cmp=5 mismatch=0 rf=0 cap=0
SAMPLE 80 ai=0 ab=0 am=0 pc=0 mismatch=0 rf=0 mode=0
SECDET 80 pc=0 rf=0 intg=0
R 80 38 00000098 0000006f
C 80 00000098 1 0 0 1 5 0
LOCK 81 rst=1 cmp=5 mismatch=0 rf=0 cap=0
SAMPLE 81 ai=0 ab=0 am=0 pc=0 mismatch=0 rf=0 mode=0
SECDET 81 pc=0 rf=0 intg=0
C 81 00000098 0 0 0 0 5 0
LOCK 82 rst=1 cmp=5 mismatch=0 rf=0 cap=0
SAMPLE 82 ai=0 ab=0 am=0 pc=0 mismatch=0 rf=0 mode=0
SECDET 82 pc=0 rf=0 intg=0
R 82 39 00000098 0000006f
C 82 00000098 1 0 0 1 5 0
LOCK 83 rst=1 cmp=5 mismatch=0 rf=0 cap=0
SAMPLE 83 ai=0 ab=0 am=0 pc=0 mismatch=0 rf=0 mode=0
SECDET 83 pc=0 rf=0 intg=0
C 83 00000098 0 0 0 0 5 0
LOCK 84 rst=1 cmp=5 mismatch=0 rf=0 cap=0
SAMPLE 84 ai=0 ab=0 am=0 pc=0 mismatch=0 rf=0 mode=0
SECDET 84 pc=0 rf=0 intg=0
R 84 40 00000098 0000006f
C 84 00000098 1 0 0 1 5 0
LOCK 85 rst=1 cmp=5 mismatch=0 rf=0 cap=0
SAMPLE 85 ai=0 ab=0 am=0 pc=0 mismatch=0 rf=0 mode=0
SECDET 85 pc=0 rf=0 intg=0
C 85 00000098 0 0 0 0 5 0
LOCK 86 rst=1 cmp=5 mismatch=0 rf=0 cap=0
SAMPLE 86 ai=0 ab=0 am=0 pc=0 mismatch=0 rf=0 mode=0
SECDET 86 pc=0 rf=0 intg=0
R 86 41 00000098 0000006f
C 86 00000098 1 0 0 1 5 0
LOCK 87 rst=1 cmp=5 mismatch=0 rf=0 cap=0
SAMPLE 87 ai=0 ab=0 am=0 pc=0 mismatch=0 rf=0 mode=0
SECDET 87 pc=0 rf=0 intg=0
C 87 00000098 0 0 0 0 5 0
LOCK 88 rst=1 cmp=5 mismatch=0 rf=0 cap=0
SAMPLE 88 ai=0 ab=0 am=0 pc=0 mismatch=0 rf=0 mode=0
SECDET 88 pc=0 rf=0 intg=0
R 88 42 00000098 0000006f
C 88 00000098 1 0 0 1 5 0
LOCK 89 rst=1 cmp=5 mismatch=0 rf=0 cap=0
SAMPLE 89 ai=0 ab=0 am=0 pc=0 mismatch=0 rf=0 mode=0
SECDET 89 pc=0 rf=0 intg=0
C 89 00000098 0 0 0 0 5 0
LOCK 90 rst=1 cmp=5 mismatch=0 rf=0 cap=0
SAMPLE 90 ai=0 ab=0 am=0 pc=0 mismatch=0 rf=0 mode=0
SECDET 90 pc=0 rf=0 intg=0
R 90 43 00000098 0000006f
C 90 00000098 1 0 0 1 5 0
LOCK 91 rst=1 cmp=5 mismatch=0 rf=0 cap=0
SAMPLE 91 ai=0 ab=0 am=0 pc=0 mismatch=0 rf=0 mode=0
SECDET 91 pc=0 rf=0 intg=0
C 91 00000098 0 0 0 0 5 0
LOCK 92 rst=1 cmp=5 mismatch=0 rf=0 cap=0
SAMPLE 92 ai=0 ab=0 am=0 pc=0 mismatch=0 rf=0 mode=0
SECDET 92 pc=0 rf=0 intg=0
R 92 44 00000098 0000006f
C 92 00000098 1 0 0 1 5 0
LOCK 93 rst=1 cmp=5 mismatch=0 rf=0 cap=0
SAMPLE 93 ai=0 ab=0 am=0 pc=0 mismatch=0 rf=0 mode=0
SECDET 93 pc=0 rf=0 intg=0
C 93 00000098 0 0 0 0 5 0
LOCK 94 rst=1 cmp=5 mismatch=0 rf=0 cap=0
SAMPLE 94 ai=0 ab=0 am=0 pc=0 mismatch=0 rf=0 mode=0
SECDET 94 pc=0 rf=0 intg=0
R 94 45 00000098 0000006f
C 94 00000098 1 0 0 1 5 0
LOCK 95 rst=1 cmp=5 mismatch=0 rf=0 cap=0
SAMPLE 95 ai=0 ab=0 am=0 pc=0 mismatch=0 rf=0 mode=0
SECDET 95 pc=0 rf=0 intg=0
C 95 00000098 0 0 0 0 5 0
LOCK 96 rst=1 cmp=5 mismatch=0 rf=0 cap=0
SAMPLE 96 ai=0 ab=0 am=0 pc=0 mismatch=0 rf=0 mode=0
SECDET 96 pc=0 rf=0 intg=0
R 96 46 00000098 0000006f
C 96 00000098 1 0 0 1 5 0
LOCK 97 rst=1 cmp=5 mismatch=0 rf=0 cap=0
SAMPLE 97 ai=0 ab=0 am=0 pc=0 mismatch=0 rf=0 mode=0
SECDET 97 pc=0 rf=0 intg=0
C 97 00000098 0 0 0 0 5 0
LOCK 98 rst=1 cmp=5 mismatch=0 rf=0 cap=0
SAMPLE 98 ai=0 ab=0 am=0 pc=0 mismatch=0 rf=0 mode=0
SECDET 98 pc=0 rf=0 intg=0
R 98 47 00000098 0000006f
C 98 00000098 1 0 0 1 5 0
LOCK 99 rst=1 cmp=5 mismatch=0 rf=0 cap=0
SAMPLE 99 ai=0 ab=0 am=0 pc=0 mismatch=0 rf=0 mode=0
SECDET 99 pc=0 rf=0 intg=0
C 99 00000098 0 0 0 0 5 0
LOCK 100 rst=1 cmp=5 mismatch=0 rf=0 cap=0
SAMPLE 100 ai=0 ab=0 am=0 pc=0 mismatch=0 rf=0 mode=0
SECDET 100 pc=0 rf=0 intg=0
R 100 48 00000098 0000006f
C 100 00000098 1 0 0 1 5 0
LOCK 101 rst=1 cmp=5 mismatch=0 rf=0 cap=0
SAMPLE 101 ai=0 ab=0 am=0 pc=0 mismatch=0 rf=0 mode=0
SECDET 101 pc=0 rf=0 intg=0
C 101 00000098 0 0 0 0 5 0
LOCK 102 rst=1 cmp=5 mismatch=0 rf=0 cap=0
SAMPLE 102 ai=0 ab=0 am=0 pc=0 mismatch=0 rf=0 mode=0
SECDET 102 pc=0 rf=0 intg=0
R 102 49 00000098 0000006f
C 102 00000098 1 0 0 1 5 0
LOCK 103 rst=1 cmp=5 mismatch=0 rf=0 cap=0
SAMPLE 103 ai=0 ab=0 am=0 pc=0 mismatch=0 rf=0 mode=0
SECDET 103 pc=0 rf=0 intg=0
C 103 00000098 0 0 0 0 5 0
LOCK 104 rst=1 cmp=5 mismatch=0 rf=0 cap=0
SAMPLE 104 ai=0 ab=0 am=0 pc=0 mismatch=0 rf=0 mode=0
SECDET 104 pc=0 rf=0 intg=0
R 104 50 00000098 0000006f
C 104 00000098 1 0 0 1 5 0
LOCK 105 rst=1 cmp=5 mismatch=0 rf=0 cap=0
SAMPLE 105 ai=0 ab=0 am=0 pc=0 mismatch=0 rf=0 mode=0
SECDET 105 pc=0 rf=0 intg=0
C 105 00000098 0 0 0 0 5 0
LOCK 106 rst=1 cmp=5 mismatch=0 rf=0 cap=0
SAMPLE 106 ai=0 ab=0 am=0 pc=0 mismatch=0 rf=0 mode=0
SECDET 106 pc=0 rf=0 intg=0
R 106 51 00000098 0000006f
C 106 00000098 1 0 0 1 5 0
LOCK 107 rst=1 cmp=5 mismatch=0 rf=0 cap=0
SAMPLE 107 ai=0 ab=0 am=0 pc=0 mismatch=0 rf=0 mode=0
SECDET 107 pc=0 rf=0 intg=0
C 107 00000098 0 0 0 0 5 0
LOCK 108 rst=1 cmp=5 mismatch=0 rf=0 cap=0
SAMPLE 108 ai=0 ab=0 am=0 pc=0 mismatch=0 rf=0 mode=0
SECDET 108 pc=0 rf=0 intg=0
R 108 52 00000098 0000006f
C 108 00000098 1 0 0 1 5 0
LOCK 109 rst=1 cmp=5 mismatch=0 rf=0 cap=0
SAMPLE 109 ai=0 ab=0 am=0 pc=0 mismatch=0 rf=0 mode=0
SECDET 109 pc=0 rf=0 intg=0
C 109 00000098 0 0 0 0 5 0
LOCK 110 rst=1 cmp=5 mismatch=0 rf=0 cap=0
SAMPLE 110 ai=0 ab=0 am=0 pc=0 mismatch=0 rf=0 mode=0
SECDET 110 pc=0 rf=0 intg=0
R 110 53 00000098 0000006f
C 110 00000098 1 0 0 1 5 0
LOCK 111 rst=1 cmp=5 mismatch=0 rf=0 cap=0
SAMPLE 111 ai=0 ab=0 am=0 pc=0 mismatch=0 rf=0 mode=0
SECDET 111 pc=0 rf=0 intg=0
C 111 00000098 0 0 0 0 5 0
LOCK 112 rst=1 cmp=5 mismatch=0 rf=0 cap=0
SAMPLE 112 ai=0 ab=0 am=0 pc=0 mismatch=0 rf=0 mode=0
SECDET 112 pc=0 rf=0 intg=0
R 112 54 00000098 0000006f
C 112 00000098 1 0 0 1 5 0
LOCK 113 rst=1 cmp=5 mismatch=0 rf=0 cap=0
SAMPLE 113 ai=0 ab=0 am=0 pc=0 mismatch=0 rf=0 mode=0
SECDET 113 pc=0 rf=0 intg=0
C 113 00000098 0 0 0 0 5 0
LOCK 114 rst=1 cmp=5 mismatch=0 rf=0 cap=0
SAMPLE 114 ai=0 ab=0 am=0 pc=0 mismatch=0 rf=0 mode=0
SECDET 114 pc=0 rf=0 intg=0
R 114 55 00000098 0000006f
C 114 00000098 1 0 0 1 5 0
LOCK 115 rst=1 cmp=5 mismatch=0 rf=0 cap=0
SAMPLE 115 ai=0 ab=0 am=0 pc=0 mismatch=0 rf=0 mode=0
SECDET 115 pc=0 rf=0 intg=0
C 115 00000098 0 0 0 0 5 0
LOCK 116 rst=1 cmp=5 mismatch=0 rf=0 cap=0
SAMPLE 116 ai=0 ab=0 am=0 pc=0 mismatch=0 rf=0 mode=0
SECDET 116 pc=0 rf=0 intg=0
R 116 56 00000098 0000006f
C 116 00000098 1 0 0 1 5 0
LOCK 117 rst=1 cmp=5 mismatch=0 rf=0 cap=0
SAMPLE 117 ai=0 ab=0 am=0 pc=0 mismatch=0 rf=0 mode=0
SECDET 117 pc=0 rf=0 intg=0
C 117 00000098 0 0 0 0 5 0
LOCK 118 rst=1 cmp=5 mismatch=0 rf=0 cap=0
SAMPLE 118 ai=0 ab=0 am=0 pc=0 mismatch=0 rf=0 mode=0
SECDET 118 pc=0 rf=0 intg=0
R 118 57 00000098 0000006f
C 118 00000098 1 0 0 1 5 0
LOCK 119 rst=1 cmp=5 mismatch=0 rf=0 cap=0
SAMPLE 119 ai=0 ab=0 am=0 pc=0 mismatch=0 rf=0 mode=0
SECDET 119 pc=0 rf=0 intg=0
C 119 00000098 0 0 0 0 5 0
R 120 58 00000098 0000006f
C 120 00000098 1 0 0 1 5 0
C 121 00000098 0 0 0 0 5 0
R 122 59 00000098 0000006f
C 122 00000098 1 0 0 1 5 0
C 123 00000098 0 0 0 0 5 0
R 124 60 00000098 0000006f
C 124 00000098 1 0 0 1 5 0
C 125 00000098 0 0 0 0 5 0
R 126 61 00000098 0000006f
C 126 00000098 1 0 0 1 5 0
C 127 00000098 0 0 0 0 5 0
R 128 62 00000098 0000006f
C 128 00000098 1 0 0 1 5 0
C 129 00000098 0 0 0 0 5 0
R 130 63 00000098 0000006f
C 130 00000098 1 0 0 1 5 0
C 131 00000098 0 0 0 0 5 0
R 132 64 00000098 0000006f
C 132 00000098 1 0 0 1 5 0
C 133 00000098 0 0 0 0 5 0
R 134 65 00000098 0000006f
C 134 00000098 1 0 0 1 5 0
C 135 00000098 0 0 0 0 5 0
R 136 66 00000098 0000006f
C 136 00000098 1 0 0 1 5 0
C 137 00000098 0 0 0 0 5 0
R 138 67 00000098 0000006f
C 138 00000098 1 0 0 1 5 0
C 139 00000098 0 0 0 0 5 0
R 140 68 00000098 0000006f
C 140 00000098 1 0 0 1 5 0
C 141 00000098 0 0 0 0 5 0
R 142 69 00000098 0000006f
C 142 00000098 1 0 0 1 5 0
C 143 00000098 0 0 0 0 5 0
R 144 70 00000098 0000006f
C 144 00000098 1 0 0 1 5 0
C 145 00000098 0 0 0 0 5 0
R 146 71 00000098 0000006f
C 146 00000098 1 0 0 1 5 0
C 147 00000098 0 0 0 0 5 0
R 148 72 00000098 0000006f
C 148 00000098 1 0 0 1 5 0
C 149 00000098 0 0 0 0 5 0
R 150 73 00000098 0000006f
C 150 00000098 1 0 0 1 5 0
C 151 00000098 0 0 0 0 5 0
R 152 74 00000098 0000006f
C 152 00000098 1 0 0 1 5 0
C 153 00000098 0 0 0 0 5 0
R 154 75 00000098 0000006f
C 154 00000098 1 0 0 1 5 0
C 155 00000098 0 0 0 0 5 0
R 156 76 00000098 0000006f
C 156 00000098 1 0 0 1 5 0
C 157 00000098 0 0 0 0 5 0
R 158 77 00000098 0000006f
C 158 00000098 1 0 0 1 5 0
C 159 00000098 0 0 0 0 5 0
R 160 78 00000098 0000006f
C 160 00000098 1 0 0 1 5 0
C 161 00000098 0 0 0 0 5 0
R 162 79 00000098 0000006f
C 162 00000098 1 0 0 1 5 0
C 163 00000098 0 0 0 0 5 0
R 164 80 00000098 0000006f
C 164 00000098 1 0 0 1 5 0
C 165 00000098 0 0 0 0 5 0
R 166 81 00000098 0000006f
C 166 00000098 1 0 0 1 5 0
C 167 00000098 0 0 0 0 5 0
R 168 82 00000098 0000006f
C 168 00000098 1 0 0 1 5 0
C 169 00000098 0 0 0 0 5 0
R 170 83 00000098 0000006f
C 170 00000098 1 0 0 1 5 0
C 171 00000098 0 0 0 0 5 0
R 172 84 00000098 0000006f
C 172 00000098 1 0 0 1 5 0
C 173 00000098 0 0 0 0 5 0
R 174 85 00000098 0000006f
C 174 00000098 1 0 0 1 5 0
C 175 00000098 0 0 0 0 5 0
R 176 86 00000098 0000006f
C 176 00000098 1 0 0 1 5 0
C 177 00000098 0 0 0 0 5 0
R 178 87 00000098 0000006f
C 178 00000098 1 0 0 1 5 0
C 179 00000098 0 0 0 0 5 0
R 180 88 00000098 0000006f
R 182 89 00000098 0000006f
R 184 90 00000098 0000006f
R 186 91 00000098 0000006f
R 188 92 00000098 0000006f
R 190 93 00000098 0000006f
R 192 94 00000098 0000006f
R 194 95 00000098 0000006f
R 196 96 00000098 0000006f
R 198 97 00000098 0000006f
R 200 98 00000098 0000006f
R 202 99 00000098 0000006f
R 204 100 00000098 0000006f
R 206 101 00000098 0000006f
R 208 102 00000098 0000006f
R 210 103 00000098 0000006f
R 212 104 00000098 0000006f
R 214 105 00000098 0000006f
R 216 106 00000098 0000006f
R 218 107 00000098 0000006f
R 220 108 00000098 0000006f
R 222 109 00000098 0000006f
R 224 110 00000098 0000006f
R 226 111 00000098 0000006f
R 228 112 00000098 0000006f
R 230 113 00000098 0000006f
R 232 114 00000098 0000006f
R 234 115 00000098 0000006f
R 236 116 00000098 0000006f
R 238 117 00000098 0000006f
R 240 118 00000098 0000006f
R 242 119 00000098 0000006f
R 244 120 00000098 0000006f
R 246 121 00000098 0000006f
R 248 122 00000098 0000006f
R 250 123 00000098 0000006f
R 252 124 00000098 0000006f
R 254 125 00000098 0000006f
R 256 126 00000098 0000006f
R 258 127 00000098 0000006f
R 260 128 00000098 0000006f
R 262 129 00000098 0000006f
R 264 130 00000098 0000006f
R 266 131 00000098 0000006f
R 268 132 00000098 0000006f
R 270 133 00000098 0000006f
R 272 134 00000098 0000006f
R 274 135 00000098 0000006f
R 276 136 00000098 0000006f
R 278 137 00000098 0000006f
R 280 138 00000098 0000006f
R 282 139 00000098 0000006f
R 284 140 00000098 0000006f
R 286 141 00000098 0000006f
R 288 142 00000098 0000006f
R 290 143 00000098 0000006f
R 292 144 00000098 0000006f
R 294 145 00000098 0000006f
R 296 146 00000098 0000006f
R 298 147 00000098 0000006f
R 300 148 00000098 0000006f
R 302 149 00000098 0000006f
R 304 150 00000098 0000006f
R 306 151 00000098 0000006f
R 308 152 00000098 0000006f
R 310 153 00000098 0000006f
R 312 154 00000098 0000006f
R 314 155 00000098 0000006f
R 316 156 00000098 0000006f
R 318 157 00000098 0000006f
R 320 158 00000098 0000006f
R 322 159 00000098 0000006f
R 324 160 00000098 0000006f
R 326 161 00000098 0000006f
R 328 162 00000098 0000006f
R 330 163 00000098 0000006f
R 332 164 00000098 0000006f
R 334 165 00000098 0000006f
R 336 166 00000098 0000006f
R 338 167 00000098 0000006f
R 340 168 00000098 0000006f
R 342 169 00000098 0000006f
R 344 170 00000098 0000006f
R 346 171 00000098 0000006f
R 348 172 00000098 0000006f
R 350 173 00000098 0000006f
R 352 174 00000098 0000006f
R 354 175 00000098 0000006f
R 356 176 00000098 0000006f
R 358 177 00000098 0000006f
R 360 178 00000098 0000006f
R 362 179 00000098 0000006f
R 364 180 00000098 0000006f
R 366 181 00000098 0000006f
R 368 182 00000098 0000006f
R 370 183 00000098 0000006f
R 372 184 00000098 0000006f
R 374 185 00000098 0000006f
R 376 186 00000098 0000006f
R 378 187 00000098 0000006f
R 380 188 00000098 0000006f
R 382 189 00000098 0000006f
R 384 190 00000098 0000006f
R 386 191 00000098 0000006f
R 388 192 00000098 0000006f
R 390 193 00000098 0000006f
R 392 194 00000098 0000006f
R 394 195 00000098 0000006f
R 396 196 00000098 0000006f
R 398 197 00000098 0000006f
R 400 198 00000098 0000006f
R 402 199 00000098 0000006f
R 404 200 00000098 0000006f
R 406 201 00000098 0000006f
R 408 202 00000098 0000006f
R 410 203 00000098 0000006f
R 412 204 00000098 0000006f
R 414 205 00000098 0000006f
R 416 206 00000098 0000006f
R 418 207 00000098 0000006f
R 420 208 00000098 0000006f
R 422 209 00000098 0000006f
R 424 210 00000098 0000006f
R 426 211 00000098 0000006f
R 428 212 00000098 0000006f
R 430 213 00000098 0000006f
R 432 214 00000098 0000006f
R 434 215 00000098 0000006f
R 436 216 00000098 0000006f
R 438 217 00000098 0000006f
R 440 218 00000098 0000006f
R 442 219 00000098 0000006f
R 444 220 00000098 0000006f
R 446 221 00000098 0000006f
R 448 222 00000098 0000006f
R 450 223 00000098 0000006f
R 452 224 00000098 0000006f
R 454 225 00000098 0000006f
R 456 226 00000098 0000006f
R 458 227 00000098 0000006f
R 460 228 00000098 0000006f
R 462 229 00000098 0000006f
R 464 230 00000098 0000006f
R 466 231 00000098 0000006f
R 468 232 00000098 0000006f
R 470 233 00000098 0000006f
R 472 234 00000098 0000006f
R 474 235 00000098 0000006f
R 476 236 00000098 0000006f
R 478 237 00000098 0000006f
R 480 238 00000098 0000006f
R 482 239 00000098 0000006f
R 484 240 00000098 0000006f
R 486 241 00000098 0000006f
R 488 242 00000098 0000006f
R 490 243 00000098 0000006f
R 492 244 00000098 0000006f
R 494 245 00000098 0000006f
R 496 246 00000098 0000006f
R 498 247 00000098 0000006f
R 500 248 00000098 0000006f
R 502 249 00000098 0000006f
R 504 250 00000098 0000006f
R 506 251 00000098 0000006f
R 508 252 00000098 0000006f
R 510 253 00000098 0000006f
R 512 254 00000098 0000006f
R 514 255 00000098 0000006f
R 516 256 00000098 0000006f
R 518 257 00000098 0000006f
R 520 258 00000098 0000006f
R 522 259 00000098 0000006f
R 524 260 00000098 0000006f
R 526 261 00000098 0000006f
R 528 262 00000098 0000006f
R 530 263 00000098 0000006f
R 532 264 00000098 0000006f
R 534 265 00000098 0000006f
R 536 266 00000098 0000006f
R 538 267 00000098 0000006f
R 540 268 00000098 0000006f
R 542 269 00000098 0000006f
R 544 270 00000098 0000006f
R 546 271 00000098 0000006f
R 548 272 00000098 0000006f
R 550 273 00000098 0000006f
R 552 274 00000098 0000006f
R 554 275 00000098 0000006f
R 556 276 00000098 0000006f
R 558 277 00000098 0000006f
R 560 278 00000098 0000006f
R 562 279 00000098 0000006f
R 564 280 00000098 0000006f
R 566 281 00000098 0000006f
R 568 282 00000098 0000006f
R 570 283 00000098 0000006f
R 572 284 00000098 0000006f
R 574 285 00000098 0000006f
R 576 286 00000098 0000006f
R 578 287 00000098 0000006f
R 580 288 00000098 0000006f
R 582 289 00000098 0000006f
R 584 290 00000098 0000006f
R 586 291 00000098 0000006f
R 588 292 00000098 0000006f
R 590 293 00000098 0000006f
R 592 294 00000098 0000006f
R 594 295 00000098 0000006f
R 596 296 00000098 0000006f
R 598 297 00000098 0000006f
R 600 298 00000098 0000006f
R 602 299 00000098 0000006f
R 604 300 00000098 0000006f
R 606 301 00000098 0000006f
R 608 302 00000098 0000006f
R 610 303 00000098 0000006f
R 612 304 00000098 0000006f
R 614 305 00000098 0000006f
R 616 306 00000098 0000006f
R 618 307 00000098 0000006f
R 620 308 00000098 0000006f
R 622 309 00000098 0000006f
R 624 310 00000098 0000006f
R 626 311 00000098 0000006f
R 628 312 00000098 0000006f
R 630 313 00000098 0000006f
R 632 314 00000098 0000006f
R 634 315 00000098 0000006f
R 636 316 00000098 0000006f
R 638 317 00000098 0000006f
R 640 318 00000098 0000006f
R 642 319 00000098 0000006f
R 644 320 00000098 0000006f
R 646 321 00000098 0000006f
R 648 322 00000098 0000006f
R 650 323 00000098 0000006f
R 652 324 00000098 0000006f
R 654 325 00000098 0000006f
R 656 326 00000098 0000006f
R 658 327 00000098 0000006f
R 660 328 00000098 0000006f
R 662 329 00000098 0000006f
R 664 330 00000098 0000006f
R 666 331 00000098 0000006f
R 668 332 00000098 0000006f
R 670 333 00000098 0000006f
R 672 334 00000098 0000006f
R 674 335 00000098 0000006f
R 676 336 00000098 0000006f
R 678 337 00000098 0000006f
R 680 338 00000098 0000006f
R 682 339 00000098 0000006f
R 684 340 00000098 0000006f
R 686 341 00000098 0000006f
R 688 342 00000098 0000006f
R 690 343 00000098 0000006f
R 692 344 00000098 0000006f
R 694 345 00000098 0000006f
R 696 346 00000098 0000006f
R 698 347 00000098 0000006f
R 700 348 00000098 0000006f
R 702 349 00000098 0000006f
R 704 350 00000098 0000006f
R 706 351 00000098 0000006f
R 708 352 00000098 0000006f
R 710 353 00000098 0000006f
R 712 354 00000098 0000006f
R 714 355 00000098 0000006f
R 716 356 00000098 0000006f
R 718 357 00000098 0000006f
R 720 358 00000098 0000006f
R 722 359 00000098 0000006f
R 724 360 00000098 0000006f
R 726 361 00000098 0000006f
R 728 362 00000098 0000006f
R 730 363 00000098 0000006f
R 732 364 00000098 0000006f
R 734 365 00000098 0000006f
R 736 366 00000098 0000006f
R 738 367 00000098 0000006f
R 740 368 00000098 0000006f
R 742 369 00000098 0000006f
R 744 370 00000098 0000006f
R 746 371 00000098 0000006f
R 748 372 00000098 0000006f
R 750 373 00000098 0000006f
R 752 374 00000098 0000006f
R 754 375 00000098 0000006f
R 756 376 00000098 0000006f
R 758 377 00000098 0000006f
R 760 378 00000098 0000006f
R 762 379 00000098 0000006f
R 764 380 00000098 0000006f
R 766 381 00000098 0000006f
R 768 382 00000098 0000006f
R 770 383 00000098 0000006f
R 772 384 00000098 0000006f
R 774 385 00000098 0000006f
R 776 386 00000098 0000006f
R 778 387 00000098 0000006f
R 780 388 00000098 0000006f
R 782 389 00000098 0000006f
R 784 390 00000098 0000006f
R 786 391 00000098 0000006f
R 788 392 00000098 0000006f
R 790 393 00000098 0000006f
R 792 394 00000098 0000006f
R 794 395 00000098 0000006f
R 796 396 00000098 0000006f
R 798 397 00000098 0000006f
R 800 398 00000098 0000006f
R 802 399 00000098 0000006f
R 804 400 00000098 0000006f
R 806 401 00000098 0000006f
R 808 402 00000098 0000006f
R 810 403 00000098 0000006f
R 812 404 00000098 0000006f
R 814 405 00000098 0000006f
R 816 406 00000098 0000006f
R 818 407 00000098 0000006f
R 820 408 00000098 0000006f
R 822 409 00000098 0000006f
R 824 410 00000098 0000006f
R 826 411 00000098 0000006f
R 828 412 00000098 0000006f
R 830 413 00000098 0000006f
R 832 414 00000098 0000006f
R 834 415 00000098 0000006f
R 836 416 00000098 0000006f
R 838 417 00000098 0000006f
R 840 418 00000098 0000006f
R 842 419 00000098 0000006f
R 844 420 00000098 0000006f
R 846 421 00000098 0000006f
R 848 422 00000098 0000006f
R 850 423 00000098 0000006f
R 852 424 00000098 0000006f
R 854 425 00000098 0000006f
R 856 426 00000098 0000006f
R 858 427 00000098 0000006f
R 860 428 00000098 0000006f
R 862 429 00000098 0000006f
R 864 430 00000098 0000006f
R 866 431 00000098 0000006f
R 868 432 00000098 0000006f
R 870 433 00000098 0000006f
R 872 434 00000098 0000006f
R 874 435 00000098 0000006f
R 876 436 00000098 0000006f
R 878 437 00000098 0000006f
R 880 438 00000098 0000006f
R 882 439 00000098 0000006f
R 884 440 00000098 0000006f
R 886 441 00000098 0000006f
R 888 442 00000098 0000006f
R 890 443 00000098 0000006f
R 892 444 00000098 0000006f
R 894 445 00000098 0000006f
R 896 446 00000098 0000006f
R 898 447 00000098 0000006f
R 900 448 00000098 0000006f
R 902 449 00000098 0000006f
R 904 450 00000098 0000006f
R 906 451 00000098 0000006f
R 908 452 00000098 0000006f
R 910 453 00000098 0000006f
R 912 454 00000098 0000006f
R 914 455 00000098 0000006f
R 916 456 00000098 0000006f
R 918 457 00000098 0000006f
R 920 458 00000098 0000006f
R 922 459 00000098 0000006f
R 924 460 00000098 0000006f
R 926 461 00000098 0000006f
R 928 462 00000098 0000006f
R 930 463 00000098 0000006f
R 932 464 00000098 0000006f
R 934 465 00000098 0000006f
R 936 466 00000098 0000006f
R 938 467 00000098 0000006f
R 940 468 00000098 0000006f
R 942 469 00000098 0000006f
R 944 470 00000098 0000006f
R 946 471 00000098 0000006f
R 948 472 00000098 0000006f
R 950 473 00000098 0000006f
R 952 474 00000098 0000006f
R 954 475 00000098 0000006f
R 956 476 00000098 0000006f
R 958 477 00000098 0000006f
R 960 478 00000098 0000006f
R 962 479 00000098 0000006f
R 964 480 00000098 0000006f
R 966 481 00000098 0000006f
R 968 482 00000098 0000006f
R 970 483 00000098 0000006f
R 972 484 00000098 0000006f
R 974 485 00000098 0000006f
R 976 486 00000098 0000006f
R 978 487 00000098 0000006f
R 980 488 00000098 0000006f
R 982 489 00000098 0000006f
R 984 490 00000098 0000006f
R 986 491 00000098 0000006f
R 988 492 00000098 0000006f
R 990 493 00000098 0000006f
R 992 494 00000098 0000006f
R 994 495 00000098 0000006f
R 996 496 00000098 0000006f
R 998 497 00000098 0000006f
R 1000 498 00000098 0000006f
R 1002 499 00000098 0000006f
R 1004 500 00000098 0000006f
R 1006 501 00000098 0000006f
R 1008 502 00000098 0000006f
R 1010 503 00000098 0000006f
R 1012 504 00000098 0000006f
R 1014 505 00000098 0000006f
R 1016 506 00000098 0000006f
R 1018 507 00000098 0000006f
R 1020 508 00000098 0000006f
R 1022 509 00000098 0000006f
R 1024 510 00000098 0000006f
R 1026 511 00000098 0000006f
R 1028 512 00000098 0000006f
R 1030 513 00000098 0000006f
R 1032 514 00000098 0000006f
R 1034 515 00000098 0000006f
R 1036 516 00000098 0000006f
R 1038 517 00000098 0000006f
R 1040 518 00000098 0000006f
R 1042 519 00000098 0000006f
R 1044 520 00000098 0000006f
R 1046 521 00000098 0000006f
R 1048 522 00000098 0000006f
R 1050 523 00000098 0000006f
R 1052 524 00000098 0000006f
R 1054 525 00000098 0000006f
R 1056 526 00000098 0000006f
R 1058 527 00000098 0000006f
R 1060 528 00000098 0000006f
R 1062 529 00000098 0000006f
R 1064 530 00000098 0000006f
R 1066 531 00000098 0000006f
R 1068 532 00000098 0000006f
R 1070 533 00000098 0000006f
R 1072 534 00000098 0000006f
R 1074 535 00000098 0000006f
R 1076 536 00000098 0000006f
R 1078 537 00000098 0000006f
R 1080 538 00000098 0000006f
R 1082 539 00000098 0000006f
R 1084 540 00000098 0000006f
R 1086 541 00000098 0000006f
R 1088 542 00000098 0000006f
R 1090 543 00000098 0000006f
R 1092 544 00000098 0000006f
R 1094 545 00000098 0000006f
R 1096 546 00000098 0000006f
R 1098 547 00000098 0000006f
R 1100 548 00000098 0000006f
R 1102 549 00000098 0000006f
R 1104 550 00000098 0000006f
R 1106 551 00000098 0000006f
R 1108 552 00000098 0000006f
R 1110 553 00000098 0000006f
R 1112 554 00000098 0000006f
R 1114 555 00000098 0000006f
R 1116 556 00000098 0000006f
R 1118 557 00000098 0000006f
R 1120 558 00000098 0000006f
R 1122 559 00000098 0000006f
R 1124 560 00000098 0000006f
R 1126 561 00000098 0000006f
R 1128 562 00000098 0000006f
R 1130 563 00000098 0000006f
R 1132 564 00000098 0000006f
R 1134 565 00000098 0000006f
R 1136 566 00000098 0000006f
R 1138 567 00000098 0000006f
R 1140 568 00000098 0000006f
R 1142 569 00000098 0000006f
R 1144 570 00000098 0000006f
R 1146 571 00000098 0000006f
R 1148 572 00000098 0000006f
R 1150 573 00000098 0000006f
R 1152 574 00000098 0000006f
R 1154 575 00000098 0000006f
R 1156 576 00000098 0000006f
R 1158 577 00000098 0000006f
R 1160 578 00000098 0000006f
R 1162 579 00000098 0000006f
R 1164 580 00000098 0000006f
R 1166 581 00000098 0000006f
R 1168 582 00000098 0000006f
R 1170 583 00000098 0000006f
R 1172 584 00000098 0000006f
R 1174 585 00000098 0000006f
R 1176 586 00000098 0000006f
R 1178 587 00000098 0000006f
R 1180 588 00000098 0000006f
R 1182 589 00000098 0000006f
R 1184 590 00000098 0000006f
R 1186 591 00000098 0000006f
R 1188 592 00000098 0000006f
R 1190 593 00000098 0000006f
R 1192 594 00000098 0000006f
R 1194 595 00000098 0000006f
R 1196 596 00000098 0000006f
R 1198 597 00000098 0000006f
REG 0 00000000
REG 1 00000000
REG 2 00000001
REG 3 00000000
REG 4 00000000
REG 5 00000000
REG 6 00000000
REG 7 00000000
REG 8 00000000
REG 9 00000000
REG 10 00000000
REG 11 00000000
REG 12 00000000
REG 13 00000000
REG 14 00000000
REG 15 0000007b
REG 16 00000000
REG 17 00000000
REG 18 00000000
REG 19 00000000
REG 20 00000000
REG 21 00000000
REG 22 00000000
REG 23 00000000
REG 24 00000000
REG 25 00000000
REG 26 00000000
REG 27 00000000
REG 28 00000000
REG 29 00000000
REG 30 00000000
REG 31 00000000
COUNTS sleep=1 clocks=1197 ai=0 ab=0 am=0 ifetch=1195 data=0 bitmap=0 hit=0 miss=0 dummy=0 expanded=0 predict=0 mispredict=0 keys=0
FINISH
- /home/dungpc/ndmoney4porche/projects/ibex/doc/dungpc/secure_ibex/evidence/secure.harness.sv:217: Verilog $finish
