CONFIG SEC=1 CACHE=0 PRED=0 DUAL=0 MODE=0 ZC=0 SCR=0 ICECC=0 OFFSET=1 PMP=0
SAMPLE 3 ai=0 ab=0 am=0 pc=0 mismatch=0 rf=0 mode=0
SECDET 3 pc=0 rf=0 intg=0
C 3 00000000 0 0 0 1 0 0
LOCK 4 rst=0 cmp=a mismatch=0 rf=0 cap=0
SAMPLE 4 ai=0 ab=0 am=0 pc=0 mismatch=0 rf=0 mode=0
SECDET 4 pc=0 rf=0 intg=0
C 4 00000000 0 0 0 1 1 0
LOCK 5 rst=1 cmp=a mismatch=0 rf=0 cap=0
SAMPLE 5 ai=0 ab=0 am=0 pc=0 mismatch=0 rf=0 mode=0
SECDET 5 pc=0 rf=0 intg=0
C 5 00000000 0 0 0 0 4 0
LOCK 6 rst=1 cmp=5 mismatch=0 rf=0 cap=0
SAMPLE 6 ai=0 ab=0 am=0 pc=0 mismatch=0 rf=0 mode=0
CSRDBG 6 addr=004 priv=3 dec=0 csr=0 raw=1 pw=0 dbg=0 op=0
SECDET 6 pc=0 rf=0 intg=0
C 6 00000080 1 0 0 0 5 0
LOCK 7 rst=1 cmp=5 mismatch=0 rf=0 cap=0
SAMPLE 7 ai=0 ab=0 am=0 pc=0 mismatch=0 rf=0 mode=0
W 7 1 00000004 000000000
CSRDBG 7 addr=7c0 priv=3 dec=0 csr=0 raw=0 pw=0 dbg=0 op=1
SECDET 7 pc=0 rf=0 intg=0
C 7 00000084 1 0 0 0 5 0
LOCK 8 rst=1 cmp=5 mismatch=0 rf=0 cap=0
SAMPLE 8 ai=0 ab=0 am=0 pc=0 mismatch=0 rf=0 mode=0
CSRDBG 8 addr=7c0 priv=3 dec=0 csr=0 raw=0 pw=0 dbg=0 op=1
SECDET 8 pc=0 rf=0 intg=0
R 8 1 00000080 00400093
C 8 00000084 1 0 0 0 6 0
LOCK 9 rst=1 cmp=5 mismatch=0 rf=0 cap=0
SAMPLE 9 ai=0 ab=0 am=0 pc=0 mismatch=0 rf=0 mode=0
SECDET 9 pc=0 rf=0 intg=0
R 9 2 00000084 7c009073
C 9 00000084 0 0 0 0 5 0
LOCK 10 rst=1 cmp=5 mismatch=0 rf=0 cap=0
SAMPLE 10 ai=0 ab=0 am=0 pc=0 mismatch=0 rf=0 mode=0
CSRDBG 10 addr=064 priv=3 dec=0 csr=0 raw=1 pw=0 dbg=0 op=0
SECDET 10 pc=0 rf=0 intg=0
C 10 00000088 1 0 0 0 5 0
LOCK 11 rst=1 cmp=5 mismatch=0 rf=0 cap=0
SAMPLE 11 ai=0 ab=0 am=0 pc=0 mismatch=0 rf=0 mode=0
W 11 2 00000064 000000000
CSRDBG 11 addr=03c priv=3 dec=0 csr=0 raw=1 pw=0 dbg=0 op=0
SECDET 11 pc=0 rf=0 intg=0
C 11 0000008c 1 0 0 0 5 0
LOCK 12 rst=1 cmp=5 mismatch=0 rf=0 cap=0
SAMPLE 12 ai=0 ab=0 am=0 pc=0 mismatch=0 rf=0 mode=0
CSRDBG 12 addr=015 priv=3 dec=0 csr=0 raw=1 pw=0 dbg=0 op=0
SECDET 12 pc=0 rf=0 intg=0
R 12 3 00000088 06400113
C 12 0000008c 1 0 0 0 5 0
LOCK 13 rst=1 cmp=5 mismatch=0 rf=0 cap=0
SAMPLE 13 ai=0 ab=0 am=0 pc=0 mismatch=0 rf=0 mode=0
CSRDBG 13 addr=01a priv=3 dec=0 csr=0 raw=1 pw=0 dbg=0 op=0
SECDET 13 pc=0 rf=0 intg=0
C 13 0000008c 1 0 0 0 5 0
LOCK 14 rst=1 cmp=5 mismatch=0 rf=0 cap=0
SAMPLE 14 ai=0 ab=0 am=0 pc=0 mismatch=0 rf=0 mode=0
CSRDBG 14 addr=fff priv=3 dec=0 csr=0 raw=1 pw=0 dbg=0 op=0
SECDET 14 pc=0 rf=0 intg=0
C 14 0000008c 1 0 0 0 5 0
LOCK 15 rst=1 cmp=5 mismatch=0 rf=0 cap=0
SAMPLE 15 ai=0 ab=0 am=0 pc=0 mismatch=0 rf=0 mode=0
W 15 2 00000063 000000000
CSRDBG 15 addr=fe0 priv=3 dec=0 csr=0 raw=1 pw=0 dbg=0 op=0
SECDET 15 pc=0 rf=0 intg=0
C 15 00000090 1 0 0 1 5 0
LOCK 16 rst=1 cmp=5 mismatch=0 rf=0 cap=0
SAMPLE 16 ai=0 ab=0 am=0 pc=0 mismatch=0 rf=0 mode=0
SECDET 16 pc=0 rf=0 intg=0
R 16 4 0000008c fff10113
C 16 00000090 0 0 0 0 5 0
LOCK 17 rst=1 cmp=5 mismatch=0 rf=0 cap=0
SAMPLE 17 ai=0 ab=0 am=0 pc=0 mismatch=0 rf=0 mode=0
CSRDBG 17 addr=03b priv=3 dec=0 csr=0 raw=1 pw=0 dbg=0 op=0
SECDET 17 pc=0 rf=0 intg=0
R 17 5 00000090 fe011ee3
C 17 0000008c 1 0 1 0 5 0
LOCK 18 rst=1 cmp=5 mismatch=0 rf=0 cap=0
SAMPLE 18 ai=0 ab=0 am=0 pc=0 mismatch=0 rf=0 mode=0
CSRDBG 18 addr=03b priv=3 dec=0 csr=0 raw=1 pw=0 dbg=0 op=0
SECDET 18 pc=0 rf=0 intg=0
C 18 0000008c 1 0 0 0 5 0
LOCK 19 rst=1 cmp=5 mismatch=0 rf=0 cap=0
SAMPLE 19 ai=0 ab=0 am=0 pc=0 mismatch=0 rf=0 mode=0
CSRDBG 19 addr=fff priv=3 dec=0 csr=0 raw=1 pw=0 dbg=0 op=0
SECDET 19 pc=0 rf=0 intg=0
C 19 0000008c 1 0 0 0 5 0
LOCK 20 rst=1 cmp=5 mismatch=0 rf=0 cap=0
SAMPLE 20 ai=0 ab=0 am=0 pc=0 mismatch=0 rf=0 mode=0
W 20 2 00000062 000000000
CSRDBG 20 addr=fe0 priv=3 dec=0 csr=0 raw=1 pw=0 dbg=0 op=0
SECDET 20 pc=0 rf=0 intg=0
C 20 00000090 1 0 0 1 5 0
LOCK 21 rst=1 cmp=5 mismatch=0 rf=0 cap=0
SAMPLE 21 ai=0 ab=0 am=0 pc=0 mismatch=0 rf=0 mode=0
SECDET 21 pc=0 rf=0 intg=0
R 21 6 0000008c fff10113
C 21 00000090 0 0 0 0 5 0
LOCK 22 rst=1 cmp=5 mismatch=0 rf=0 cap=0
SAMPLE 22 ai=0 ab=0 am=0 pc=0 mismatch=0 rf=0 mode=0
CSRDBG 22 addr=01e priv=3 dec=0 csr=0 raw=1 pw=0 dbg=0 op=0
SECDET 22 pc=0 rf=0 intg=0
R 22 7 00000090 fe011ee3
C 22 0000008c 1 0 0 0 5 0
LOCK 23 rst=1 cmp=5 mismatch=0 rf=0 cap=0
SAMPLE 23 ai=0 ab=0 am=0 pc=0 mismatch=0 rf=0 mode=0
CSRDBG 23 addr=007 priv=3 dec=0 csr=0 raw=1 pw=0 dbg=0 op=0
SECDET 23 pc=0 rf=0 intg=0
C 23 0000008c 1 0 0 0 5 0
LOCK 24 rst=1 cmp=5 mismatch=0 rf=0 cap=0
SAMPLE 24 ai=0 ab=0 am=0 pc=0 mismatch=0 rf=0 mode=0
CSRDBG 24 addr=fff priv=3 dec=0 csr=0 raw=1 pw=0 dbg=0 op=0
SECDET 24 pc=0 rf=0 intg=0
C 24 0000008c 1 0 0 0 5 0
LOCK 25 rst=1 cmp=5 mismatch=0 rf=0 cap=0
SAMPLE 25 ai=0 ab=0 am=0 pc=0 mismatch=0 rf=0 mode=0
W 25 2 00000061 000000000
CSRDBG 25 addr=fe0 priv=3 dec=0 csr=0 raw=1 pw=0 dbg=0 op=0
SECDET 25 pc=0 rf=0 intg=0
C 25 00000090 1 0 0 1 5 0
LOCK 26 rst=1 cmp=5 mismatch=0 rf=0 cap=0
SAMPLE 26 ai=0 ab=0 am=0 pc=0 mismatch=0 rf=0 mode=0
SECDET 26 pc=0 rf=0 intg=0
R 26 8 0000008c fff10113
C 26 00000090 0 0 0 0 5 0
LOCK 27 rst=1 cmp=5 mismatch=0 rf=0 cap=0
SAMPLE 27 ai=0 ab=0 am=0 pc=0 mismatch=0 rf=0 mode=0
CSRDBG 27 addr=fff priv=3 dec=0 csr=0 raw=1 pw=0 dbg=0 op=0
SECDET 27 pc=0 rf=0 intg=0
R 27 9 00000090 fe011ee3
C 27 0000008c 1 0 0 0 5 0
LOCK 28 rst=1 cmp=5 mismatch=0 rf=0 cap=0
SAMPLE 28 ai=0 ab=0 am=0 pc=0 mismatch=0 rf=0 mode=0
W 28 2 00000060 000000000
CSRDBG 28 addr=03a priv=3 dec=0 csr=0 raw=1 pw=0 dbg=0 op=0
SECDET 28 pc=0 rf=0 intg=0
C 28 00000090 1 0 1 0 5 0
LOCK 29 rst=1 cmp=5 mismatch=0 rf=0 cap=0
SAMPLE 29 ai=0 ab=0 am=0 pc=0 mismatch=0 rf=0 mode=0
CSRDBG 29 addr=03a priv=3 dec=0 csr=0 raw=1 pw=0 dbg=0 op=0
SECDET 29 pc=0 rf=0 intg=0
R 29 10 0000008c fff10113
C 29 00000090 1 0 0 0 5 0
LOCK 30 rst=1 cmp=5 mismatch=0 rf=0 cap=0
SAMPLE 30 ai=0 ab=0 am=0 pc=0 mismatch=0 rf=0 mode=0
CSRDBG 30 addr=fe0 priv=3 dec=0 csr=0 raw=1 pw=0 dbg=0 op=0
SECDET 30 pc=0 rf=0 intg=0
C 30 00000090 1 0 0 1 5 0
LOCK 31 rst=1 cmp=5 mismatch=0 rf=0 cap=0
SAMPLE 31 ai=0 ab=0 am=0 pc=0 mismatch=0 rf=0 mode=0
SECDET 31 pc=0 rf=0 intg=0
C 31 00000090 0 0 0 0 5 0
LOCK 32 rst=1 cmp=5 mismatch=0 rf=0 cap=0
SAMPLE 32 ai=0 ab=0 am=0 pc=0 mismatch=0 rf=0 mode=0
CSRDBG 32 addr=03e priv=3 dec=0 csr=0 raw=1 pw=0 dbg=0 op=0
SECDET 32 pc=0 rf=0 intg=0
R 32 11 00000090 fe011ee3
C 32 0000008c 1 0 0 0 5 0
LOCK 33 rst=1 cmp=5 mismatch=0 rf=0 cap=0
SAMPLE 33 ai=0 ab=0 am=0 pc=0 mismatch=0 rf=0 mode=0
CSRDBG 33 addr=fff priv=3 dec=0 csr=0 raw=1 pw=0 dbg=0 op=0
SECDET 33 pc=0 rf=0 intg=0
C 33 0000008c 1 0 0 0 5 0
LOCK 34 rst=1 cmp=5 mismatch=0 rf=0 cap=0
SAMPLE 34 ai=0 ab=0 am=0 pc=0 mismatch=0 rf=0 mode=0
W 34 2 0000005f 000000000
CSRDBG 34 addr=003 priv=3 dec=0 csr=0 raw=1 pw=0 dbg=0 op=0
SECDET 34 pc=0 rf=0 intg=0
C 34 00000090 1 0 0 0 5 0
LOCK 35 rst=1 cmp=5 mismatch=0 rf=0 cap=0
SAMPLE 35 ai=0 ab=0 am=0 pc=0 mismatch=0 rf=0 mode=0
CSRDBG 35 addr=004 priv=3 dec=0 csr=0 raw=1 pw=0 dbg=0 op=0
SECDET 35 pc=0 rf=0 intg=0
R 35 12 0000008c fff10113
C 35 00000090 1 0 0 0 5 0
LOCK 36 rst=1 cmp=5 mismatch=0 rf=0 cap=0
SAMPLE 36 ai=0 ab=0 am=0 pc=0 mismatch=0 rf=0 mode=0
CSRDBG 36 addr=fe0 priv=3 dec=0 csr=0 raw=1 pw=0 dbg=0 op=0
SECDET 36 pc=0 rf=0 intg=0
C 36 00000090 1 0 0 1 5 0
LOCK 37 rst=1 cmp=5 mismatch=0 rf=0 cap=0
SAMPLE 37 ai=0 ab=0 am=0 pc=0 mismatch=0 rf=0 mode=0
SECDET 37 pc=0 rf=0 intg=0
C 37 00000090 0 0 0 0 5 0
LOCK 38 rst=1 cmp=5 mismatch=0 rf=0 cap=0
SAMPLE 38 ai=0 ab=0 am=0 pc=0 mismatch=0 rf=0 mode=0
CSRDBG 38 addr=fff priv=3 dec=0 csr=0 raw=1 pw=0 dbg=0 op=0
SECDET 38 pc=0 rf=0 intg=0
R 38 13 00000090 fe011ee3
C 38 0000008c 1 0 0 0 5 0
LOCK 39 rst=1 cmp=5 mismatch=0 rf=0 cap=0
SAMPLE 39 ai=0 ab=0 am=0 pc=0 mismatch=0 rf=0 mode=0
W 39 2 0000005e 000000000
CSRDBG 39 addr=019 priv=3 dec=0 csr=0 raw=1 pw=0 dbg=0 op=0
SECDET 39 pc=0 rf=0 intg=0
C 39 00000090 1 0 0 0 5 0
LOCK 40 rst=1 cmp=5 mismatch=0 rf=0 cap=0
SAMPLE 40 ai=0 ab=0 am=0 pc=0 mismatch=0 rf=0 mode=0
CSRDBG 40 addr=fe0 priv=3 dec=0 csr=0 raw=1 pw=0 dbg=0 op=0
SECDET 40 pc=0 rf=0 intg=0
R 40 14 0000008c fff10113
C 40 00000090 1 0 0 1 5 0
LOCK 41 rst=1 cmp=5 mismatch=0 rf=0 cap=0
SAMPLE 41 ai=0 ab=0 am=0 pc=0 mismatch=0 rf=0 mode=0
SECDET 41 pc=0 rf=0 intg=0
C 41 00000090 0 0 0 0 5 0
LOCK 42 rst=1 cmp=5 mismatch=0 rf=0 cap=0
SAMPLE 42 ai=0 ab=0 am=0 pc=0 mismatch=0 rf=0 mode=0
CSRDBG 42 addr=fff priv=3 dec=0 csr=0 raw=1 pw=0 dbg=0 op=0
SECDET 42 pc=0 rf=0 intg=0
R 42 15 00000090 fe011ee3
C 42 0000008c 1 0 0 0 5 0
LOCK 43 rst=1 cmp=5 mismatch=0 rf=0 cap=0
SAMPLE 43 ai=0 ab=0 am=0 pc=0 mismatch=0 rf=0 mode=0
W 43 2 0000005d 000000000
CSRDBG 43 addr=036 priv=3 dec=0 csr=0 raw=1 pw=0 dbg=0 op=0
SECDET 43 pc=0 rf=0 intg=0
C 43 00000090 1 0 0 0 5 0
LOCK 44 rst=1 cmp=5 mismatch=0 rf=0 cap=0
SAMPLE 44 ai=0 ab=0 am=0 pc=0 mismatch=0 rf=0 mode=0
CSRDBG 44 addr=fe0 priv=3 dec=0 csr=0 raw=1 pw=0 dbg=0 op=0
SECDET 44 pc=0 rf=0 intg=0
R 44 16 0000008c fff10113
C 44 00000090 1 0 0 1 5 0
LOCK 45 rst=1 cmp=5 mismatch=0 rf=0 cap=0
SAMPLE 45 ai=0 ab=0 am=0 pc=0 mismatch=0 rf=0 mode=0
SECDET 45 pc=0 rf=0 intg=0
C 45 00000090 0 0 0 0 5 0
LOCK 46 rst=1 cmp=5 mismatch=0 rf=0 cap=0
SAMPLE 46 ai=0 ab=0 am=0 pc=0 mismatch=0 rf=0 mode=0
CSRDBG 46 addr=00c priv=3 dec=0 csr=0 raw=1 pw=0 dbg=0 op=0
SECDET 46 pc=0 rf=0 intg=0
R 46 17 00000090 fe011ee3
C 46 0000008c 1 0 0 0 5 0
LOCK 47 rst=1 cmp=5 mismatch=0 rf=0 cap=0
SAMPLE 47 ai=0 ab=0 am=0 pc=0 mismatch=0 rf=0 mode=0
CSRDBG 47 addr=fff priv=3 dec=0 csr=0 raw=1 pw=0 dbg=0 op=0
SECDET 47 pc=0 rf=0 intg=0
C 47 0000008c 1 0 0 0 5 0
LOCK 48 rst=1 cmp=5 mismatch=0 rf=0 cap=0
SAMPLE 48 ai=0 ab=0 am=0 pc=0 mismatch=0 rf=0 mode=0
W 48 2 0000005c 000000000
CSRDBG 48 addr=fe0 priv=3 dec=0 csr=0 raw=1 pw=0 dbg=0 op=0
SECDET 48 pc=0 rf=0 intg=0
C 48 00000090 1 0 0 1 5 0
LOCK 49 rst=1 cmp=5 mismatch=0 rf=0 cap=0
SAMPLE 49 ai=0 ab=0 am=0 pc=0 mismatch=0 rf=0 mode=0
SECDET 49 pc=0 rf=0 intg=0
R 49 18 0000008c fff10113
C 49 00000090 0 0 0 0 5 0
LOCK 50 rst=1 cmp=5 mismatch=0 rf=0 cap=0
SAMPLE 50 ai=0 ab=0 am=0 pc=0 mismatch=0 rf=0 mode=0
CSRDBG 50 addr=fff priv=3 dec=0 csr=0 raw=1 pw=0 dbg=0 op=0
SECDET 50 pc=0 rf=0 intg=0
R 50 19 00000090 fe011ee3
C 50 0000008c 1 0 0 0 5 0
LOCK 51 rst=1 cmp=5 mismatch=0 rf=0 cap=0
SAMPLE 51 ai=0 ab=0 am=0 pc=0 mismatch=0 rf=0 mode=0
W 51 2 0000005b 000000000
CSRDBG 51 addr=fe0 priv=3 dec=0 csr=0 raw=1 pw=0 dbg=0 op=0
SECDET 51 pc=0 rf=0 intg=0
C 51 00000090 1 0 0 1 5 0
LOCK 52 rst=1 cmp=5 mismatch=0 rf=0 cap=0
SAMPLE 52 ai=0 ab=0 am=0 pc=0 mismatch=0 rf=0 mode=0
SECDET 52 pc=0 rf=0 intg=0
R 52 20 0000008c fff10113
C 52 00000090 0 0 0 0 5 0
LOCK 53 rst=1 cmp=5 mismatch=0 rf=0 cap=0
SAMPLE 53 ai=0 ab=0 am=0 pc=0 mismatch=0 rf=0 mode=0
CSRDBG 53 addr=01a priv=3 dec=0 csr=0 raw=1 pw=0 dbg=0 op=0
SECDET 53 pc=0 rf=0 intg=0
R 53 21 00000090 fe011ee3
C 53 0000008c 1 0 0 0 5 0
LOCK 54 rst=1 cmp=5 mismatch=0 rf=0 cap=0
SAMPLE 54 ai=0 ab=0 am=0 pc=0 mismatch=0 rf=0 mode=0
CSRDBG 54 addr=fff priv=3 dec=0 csr=0 raw=1 pw=0 dbg=0 op=0
SECDET 54 pc=0 rf=0 intg=0
C 54 0000008c 1 0 0 0 5 0
LOCK 55 rst=1 cmp=5 mismatch=0 rf=0 cap=0
SAMPLE 55 ai=0 ab=0 am=0 pc=0 mismatch=0 rf=0 mode=0
W 55 2 0000005a 000000000
CSRDBG 55 addr=fe0 priv=3 dec=0 csr=0 raw=1 pw=0 dbg=0 op=0
SECDET 55 pc=0 rf=0 intg=0
C 55 00000090 1 0 0 1 5 0
LOCK 56 rst=1 cmp=5 mismatch=0 rf=0 cap=0
SAMPLE 56 ai=0 ab=0 am=0 pc=0 mismatch=0 rf=0 mode=0
SECDET 56 pc=0 rf=0 intg=0
R 56 22 0000008c fff10113
C 56 00000090 0 0 0 0 5 0
LOCK 57 rst=1 cmp=5 mismatch=0 rf=0 cap=0
SAMPLE 57 ai=0 ab=0 am=0 pc=0 mismatch=0 rf=0 mode=0
CSRDBG 57 addr=fff priv=3 dec=0 csr=0 raw=1 pw=0 dbg=0 op=0
SECDET 57 pc=0 rf=0 intg=0
R 57 23 00000090 fe011ee3
C 57 0000008c 1 0 0 0 5 0
LOCK 58 rst=1 cmp=5 mismatch=0 rf=0 cap=0
SAMPLE 58 ai=0 ab=0 am=0 pc=0 mismatch=0 rf=0 mode=0
W 58 2 00000059 000000000
CSRDBG 58 addr=fe0 priv=3 dec=0 csr=0 raw=1 pw=0 dbg=0 op=0
SECDET 58 pc=0 rf=0 intg=0
C 58 00000090 1 0 0 1 5 0
LOCK 59 rst=1 cmp=5 mismatch=0 rf=0 cap=0
SAMPLE 59 ai=0 ab=0 am=0 pc=0 mismatch=0 rf=0 mode=0
SECDET 59 pc=0 rf=0 intg=0
R 59 24 0000008c fff10113
C 59 00000090 0 0 0 0 5 0
LOCK 60 rst=1 cmp=5 mismatch=0 rf=0 cap=0
SAMPLE 60 ai=0 ab=0 am=0 pc=0 mismatch=0 rf=0 mode=0
CSRDBG 60 addr=012 priv=3 dec=0 csr=0 raw=1 pw=0 dbg=0 op=0
SECDET 60 pc=0 rf=0 intg=0
R 60 25 00000090 fe011ee3
C 60 0000008c 1 0 0 0 5 0
LOCK 61 rst=1 cmp=5 mismatch=0 rf=0 cap=0
SAMPLE 61 ai=0 ab=0 am=0 pc=0 mismatch=0 rf=0 mode=0
CSRDBG 61 addr=fff priv=3 dec=0 csr=0 raw=1 pw=0 dbg=0 op=0
SECDET 61 pc=0 rf=0 intg=0
C 61 0000008c 1 0 0 0 5 0
LOCK 62 rst=1 cmp=5 mismatch=0 rf=0 cap=0
SAMPLE 62 ai=0 ab=0 am=0 pc=0 mismatch=0 rf=0 mode=0
W 62 2 00000058 000000000
CSRDBG 62 addr=fe0 priv=3 dec=0 csr=0 raw=1 pw=0 dbg=0 op=0
SECDET 62 pc=0 rf=0 intg=0
C 62 00000090 1 0 0 1 5 0
LOCK 63 rst=1 cmp=5 mismatch=0 rf=0 cap=0
SAMPLE 63 ai=0 ab=0 am=0 pc=0 mismatch=0 rf=0 mode=0
SECDET 63 pc=0 rf=0 intg=0
R 63 26 0000008c fff10113
C 63 00000090 0 0 0 0 5 0
LOCK 64 rst=1 cmp=5 mismatch=0 rf=0 cap=0
SAMPLE 64 ai=0 ab=0 am=0 pc=0 mismatch=0 rf=0 mode=0
CSRDBG 64 addr=01a priv=3 dec=0 csr=0 raw=1 pw=0 dbg=0 op=0
SECDET 64 pc=0 rf=0 intg=0
R 64 27 00000090 fe011ee3
C 64 0000008c 1 0 0 0 5 0
LOCK 65 rst=1 cmp=5 mismatch=0 rf=0 cap=0
SAMPLE 65 ai=0 ab=0 am=0 pc=0 mismatch=0 rf=0 mode=0
CSRDBG 65 addr=010 priv=3 dec=0 csr=0 raw=1 pw=0 dbg=0 op=0
SECDET 65 pc=0 rf=0 intg=0
C 65 0000008c 1 0 0 0 5 0
LOCK 66 rst=1 cmp=5 mismatch=0 rf=0 cap=0
SAMPLE 66 ai=0 ab=0 am=0 pc=0 mismatch=0 rf=0 mode=0
CSRDBG 66 addr=fff priv=3 dec=0 csr=0 raw=1 pw=0 dbg=0 op=0
SECDET 66 pc=0 rf=0 intg=0
C 66 0000008c 1 0 0 0 5 0
LOCK 67 rst=1 cmp=5 mismatch=0 rf=0 cap=0
SAMPLE 67 ai=0 ab=0 am=0 pc=0 mismatch=0 rf=0 mode=0
W 67 2 00000057 000000000
CSRDBG 67 addr=fe0 priv=3 dec=0 csr=0 raw=1 pw=0 dbg=0 op=0
SECDET 67 pc=0 rf=0 intg=0
C 67 00000090 1 0 0 1 5 0
LOCK 68 rst=1 cmp=5 mismatch=0 rf=0 cap=0
SAMPLE 68 ai=0 ab=0 am=0 pc=0 mismatch=0 rf=0 mode=0
SECDET 68 pc=0 rf=0 intg=0
R 68 28 0000008c fff10113
C 68 00000090 0 0 0 0 5 0
LOCK 69 rst=1 cmp=5 mismatch=0 rf=0 cap=0
SAMPLE 69 ai=0 ab=0 am=0 pc=0 mismatch=0 rf=0 mode=0
CSRDBG 69 addr=fff priv=3 dec=0 csr=0 raw=1 pw=0 dbg=0 op=0
SECDET 69 pc=0 rf=0 intg=0
R 69 29 00000090 fe011ee3
C 69 0000008c 1 0 0 0 5 0
LOCK 70 rst=1 cmp=5 mismatch=0 rf=0 cap=0
SAMPLE 70 ai=0 ab=0 am=0 pc=0 mismatch=0 rf=0 mode=0
W 70 2 00000056 000000000
CSRDBG 70 addr=020 priv=3 dec=0 csr=0 raw=1 pw=0 dbg=0 op=0
SECDET 70 pc=0 rf=0 intg=0
C 70 00000090 1 0 1 0 5 0
LOCK 71 rst=1 cmp=5 mismatch=0 rf=0 cap=0
SAMPLE 71 ai=0 ab=0 am=0 pc=0 mismatch=0 rf=0 mode=0
CSRDBG 71 addr=020 priv=3 dec=0 csr=0 raw=1 pw=0 dbg=0 op=0
SECDET 71 pc=0 rf=0 intg=0
R 71 30 0000008c fff10113
C 71 00000090 1 0 0 0 5 0
LOCK 72 rst=1 cmp=5 mismatch=0 rf=0 cap=0
SAMPLE 72 ai=0 ab=0 am=0 pc=0 mismatch=0 rf=0 mode=0
CSRDBG 72 addr=fe0 priv=3 dec=0 csr=0 raw=1 pw=0 dbg=0 op=0
SECDET 72 pc=0 rf=0 intg=0
C 72 00000090 1 0 0 1 5 0
LOCK 73 rst=1 cmp=5 mismatch=0 rf=0 cap=0
SAMPLE 73 ai=0 ab=0 am=0 pc=0 mismatch=0 rf=0 mode=0
SECDET 73 pc=0 rf=0 intg=0
C 73 00000090 0 0 0 0 5 0
LOCK 74 rst=1 cmp=5 mismatch=0 rf=0 cap=0
SAMPLE 74 ai=0 ab=0 am=0 pc=0 mismatch=0 rf=0 mode=0
CSRDBG 74 addr=036 priv=3 dec=0 csr=0 raw=1 pw=0 dbg=0 op=0
SECDET 74 pc=0 rf=0 intg=0
R 74 31 00000090 fe011ee3
C 74 0000008c 1 0 1 0 5 0
LOCK 75 rst=1 cmp=5 mismatch=0 rf=0 cap=0
SAMPLE 75 ai=0 ab=0 am=0 pc=0 mismatch=0 rf=0 mode=0
CSRDBG 75 addr=036 priv=3 dec=0 csr=0 raw=1 pw=0 dbg=0 op=0
SECDET 75 pc=0 rf=0 intg=0
C 75 0000008c 1 0 0 0 5 0
LOCK 76 rst=1 cmp=5 mismatch=0 rf=0 cap=0
SAMPLE 76 ai=0 ab=0 am=0 pc=0 mismatch=0 rf=0 mode=0
CSRDBG 76 addr=fff priv=3 dec=0 csr=0 raw=1 pw=0 dbg=0 op=0
SECDET 76 pc=0 rf=0 intg=0
C 76 0000008c 1 0 0 0 5 0
LOCK 77 rst=1 cmp=5 mismatch=0 rf=0 cap=0
SAMPLE 77 ai=0 ab=0 am=0 pc=0 mismatch=0 rf=0 mode=0
W 77 2 00000055 000000000
CSRDBG 77 addr=fe0 priv=3 dec=0 csr=0 raw=1 pw=0 dbg=0 op=0
SECDET 77 pc=0 rf=0 intg=0
C 77 00000090 1 0 0 1 5 0
LOCK 78 rst=1 cmp=5 mismatch=0 rf=0 cap=0
SAMPLE 78 ai=0 ab=0 am=0 pc=0 mismatch=0 rf=0 mode=0
SECDET 78 pc=0 rf=0 intg=0
R 78 32 0000008c fff10113
C 78 00000090 0 0 0 0 5 0
LOCK 79 rst=1 cmp=5 mismatch=0 rf=0 cap=0
SAMPLE 79 ai=0 ab=0 am=0 pc=0 mismatch=0 rf=0 mode=0
CSRDBG 79 addr=fff priv=3 dec=0 csr=0 raw=1 pw=0 dbg=0 op=0
SECDET 79 pc=0 rf=0 intg=0
R 79 33 00000090 fe011ee3
C 79 0000008c 1 0 0 0 5 0
LOCK 80 rst=1 cmp=5 mismatch=0 rf=0 cap=0
SAMPLE 80 ai=0 ab=0 am=0 pc=0 mismatch=0 rf=0 mode=0
W 80 2 00000054 000000000
SECDET 80 pc=0 rf=0 intg=0
C 80 00000090 1 0 0 1 5 0
LOCK 81 rst=1 cmp=5 mismatch=0 rf=0 cap=0
SAMPLE 81 ai=0 ab=0 am=0 pc=0 mismatch=0 rf=0 mode=0
SECDET 81 pc=0 rf=0 intg=0
R 81 34 0000008c fff10113
C 81 00000090 0 0 0 0 5 0
LOCK 82 rst=1 cmp=5 mismatch=0 rf=0 cap=0
SAMPLE 82 ai=0 ab=0 am=0 pc=0 mismatch=0 rf=0 mode=0
SECDET 82 pc=0 rf=0 intg=0
R 82 35 00000090 fe011ee3
C 82 0000008c 1 0 0 0 5 0
LOCK 83 rst=1 cmp=5 mismatch=0 rf=0 cap=0
SAMPLE 83 ai=0 ab=0 am=0 pc=0 mismatch=0 rf=0 mode=0
W 83 2 00000053 000000000
SECDET 83 pc=0 rf=0 intg=0
C 83 00000090 1 0 0 1 5 0
LOCK 84 rst=1 cmp=5 mismatch=0 rf=0 cap=0
SAMPLE 84 ai=0 ab=0 am=0 pc=0 mismatch=0 rf=0 mode=0
SECDET 84 pc=0 rf=0 intg=0
R 84 36 0000008c fff10113
C 84 00000090 0 0 0 0 5 0
LOCK 85 rst=1 cmp=5 mismatch=0 rf=0 cap=0
SAMPLE 85 ai=0 ab=0 am=0 pc=0 mismatch=0 rf=0 mode=0
SECDET 85 pc=0 rf=0 intg=0
R 85 37 00000090 fe011ee3
C 85 0000008c 1 0 0 0 5 0
LOCK 86 rst=1 cmp=5 mismatch=0 rf=0 cap=0
SAMPLE 86 ai=0 ab=0 am=0 pc=0 mismatch=0 rf=0 mode=0
W 86 2 00000052 000000000
SECDET 86 pc=0 rf=0 intg=0
C 86 00000090 1 0 0 0 5 0
LOCK 87 rst=1 cmp=5 mismatch=0 rf=0 cap=0
SAMPLE 87 ai=0 ab=0 am=0 pc=0 mismatch=0 rf=0 mode=0
SECDET 87 pc=0 rf=0 intg=0
R 87 38 0000008c fff10113
C 87 00000090 1 0 0 1 5 0
LOCK 88 rst=1 cmp=5 mismatch=0 rf=0 cap=0
SAMPLE 88 ai=0 ab=0 am=0 pc=0 mismatch=0 rf=0 mode=0
SECDET 88 pc=0 rf=0 intg=0
C 88 00000090 0 0 0 0 5 0
LOCK 89 rst=1 cmp=5 mismatch=0 rf=0 cap=0
SAMPLE 89 ai=0 ab=0 am=0 pc=0 mismatch=0 rf=0 mode=0
SECDET 89 pc=0 rf=0 intg=0
R 89 39 00000090 fe011ee3
C 89 0000008c 1 0 0 0 5 0
LOCK 90 rst=1 cmp=5 mismatch=0 rf=0 cap=0
SAMPLE 90 ai=0 ab=0 am=0 pc=0 mismatch=0 rf=0 mode=0
SECDET 90 pc=0 rf=0 intg=0
C 90 0000008c 1 0 0 0 5 0
LOCK 91 rst=1 cmp=5 mismatch=0 rf=0 cap=0
SAMPLE 91 ai=0 ab=0 am=0 pc=0 mismatch=0 rf=0 mode=0
SECDET 91 pc=0 rf=0 intg=0
C 91 0000008c 1 0 0 0 5 0
LOCK 92 rst=1 cmp=5 mismatch=0 rf=0 cap=0
SAMPLE 92 ai=0 ab=0 am=0 pc=0 mismatch=0 rf=0 mode=0
W 92 2 00000051 000000000
SECDET 92 pc=0 rf=0 intg=0
C 92 00000090 1 0 0 1 5 0
LOCK 93 rst=1 cmp=5 mismatch=0 rf=0 cap=0
SAMPLE 93 ai=0 ab=0 am=0 pc=0 mismatch=0 rf=0 mode=0
SECDET 93 pc=0 rf=0 intg=0
R 93 40 0000008c fff10113
C 93 00000090 0 0 0 0 5 0
LOCK 94 rst=1 cmp=5 mismatch=0 rf=0 cap=0
SAMPLE 94 ai=0 ab=0 am=0 pc=0 mismatch=0 rf=0 mode=0
SECDET 94 pc=0 rf=0 intg=0
R 94 41 00000090 fe011ee3
C 94 0000008c 1 0 0 0 5 0
LOCK 95 rst=1 cmp=5 mismatch=0 rf=0 cap=0
SAMPLE 95 ai=0 ab=0 am=0 pc=0 mismatch=0 rf=0 mode=0
SECDET 95 pc=0 rf=0 intg=0
C 95 0000008c 1 0 0 0 5 0
LOCK 96 rst=1 cmp=5 mismatch=0 rf=0 cap=0
SAMPLE 96 ai=0 ab=0 am=0 pc=0 mismatch=0 rf=0 mode=0
W 96 2 00000050 000000000
SECDET 96 pc=0 rf=0 intg=0
C 96 00000090 1 0 0 0 5 0
LOCK 97 rst=1 cmp=5 mismatch=0 rf=0 cap=0
SAMPLE 97 ai=0 ab=0 am=0 pc=0 mismatch=0 rf=0 mode=0
SECDET 97 pc=0 rf=0 intg=0
R 97 42 0000008c fff10113
C 97 00000090 1 0 0 1 5 0
LOCK 98 rst=1 cmp=5 mismatch=0 rf=0 cap=0
SAMPLE 98 ai=0 ab=0 am=0 pc=0 mismatch=0 rf=0 mode=0
SECDET 98 pc=0 rf=0 intg=0
C 98 00000090 0 0 0 0 5 0
LOCK 99 rst=1 cmp=5 mismatch=0 rf=0 cap=0
SAMPLE 99 ai=0 ab=0 am=0 pc=0 mismatch=0 rf=0 mode=0
SECDET 99 pc=0 rf=0 intg=0
R 99 43 00000090 fe011ee3
C 99 0000008c 1 0 0 0 5 0
LOCK 100 rst=1 cmp=5 mismatch=0 rf=0 cap=0
SAMPLE 100 ai=0 ab=0 am=0 pc=0 mismatch=0 rf=0 mode=0
W 100 2 0000004f 000000000
SECDET 100 pc=0 rf=0 intg=0
C 100 00000090 1 0 0 0 5 0
LOCK 101 rst=1 cmp=5 mismatch=0 rf=0 cap=0
SAMPLE 101 ai=0 ab=0 am=0 pc=0 mismatch=0 rf=0 mode=0
SECDET 101 pc=0 rf=0 intg=0
R 101 44 0000008c fff10113
C 101 00000090 1 0 0 1 5 0
LOCK 102 rst=1 cmp=5 mismatch=0 rf=0 cap=0
SAMPLE 102 ai=0 ab=0 am=0 pc=0 mismatch=0 rf=0 mode=0
SECDET 102 pc=0 rf=0 intg=0
C 102 00000090 0 0 0 0 5 0
LOCK 103 rst=1 cmp=5 mismatch=0 rf=0 cap=0
SAMPLE 103 ai=0 ab=0 am=0 pc=0 mismatch=0 rf=0 mode=0
SECDET 103 pc=0 rf=0 intg=0
R 103 45 00000090 fe011ee3
C 103 0000008c 1 0 0 0 5 0
LOCK 104 rst=1 cmp=5 mismatch=0 rf=0 cap=0
SAMPLE 104 ai=0 ab=0 am=0 pc=0 mismatch=0 rf=0 mode=0
W 104 2 0000004e 000000000
SECDET 104 pc=0 rf=0 intg=0
C 104 00000090 1 0 0 0 5 0
LOCK 105 rst=1 cmp=5 mismatch=0 rf=0 cap=0
SAMPLE 105 ai=0 ab=0 am=0 pc=0 mismatch=0 rf=0 mode=0
SECDET 105 pc=0 rf=0 intg=0
R 105 46 0000008c fff10113
C 105 00000090 1 0 0 1 5 0
LOCK 106 rst=1 cmp=5 mismatch=0 rf=0 cap=0
SAMPLE 106 ai=0 ab=0 am=0 pc=0 mismatch=0 rf=0 mode=0
SECDET 106 pc=0 rf=0 intg=0
C 106 00000090 0 0 0 0 5 0
LOCK 107 rst=1 cmp=5 mismatch=0 rf=0 cap=0
SAMPLE 107 ai=0 ab=0 am=0 pc=0 mismatch=0 rf=0 mode=0
SECDET 107 pc=0 rf=0 intg=0
R 107 47 00000090 fe011ee3
C 107 0000008c 1 0 0 0 5 0
LOCK 108 rst=1 cmp=5 mismatch=0 rf=0 cap=0
SAMPLE 108 ai=0 ab=0 am=0 pc=0 mismatch=0 rf=0 mode=0
W 108 2 0000004d 000000000
SECDET 108 pc=0 rf=0 intg=0
C 108 00000090 1 0 0 0 5 0
LOCK 109 rst=1 cmp=5 mismatch=0 rf=0 cap=0
SAMPLE 109 ai=0 ab=0 am=0 pc=0 mismatch=0 rf=0 mode=0
SECDET 109 pc=0 rf=0 intg=0
R 109 48 0000008c fff10113
C 109 00000090 1 0 0 1 5 0
LOCK 110 rst=1 cmp=5 mismatch=0 rf=0 cap=0
SAMPLE 110 ai=0 ab=0 am=0 pc=0 mismatch=0 rf=0 mode=0
SECDET 110 pc=0 rf=0 intg=0
C 110 00000090 0 0 0 0 5 0
LOCK 111 rst=1 cmp=5 mismatch=0 rf=0 cap=0
SAMPLE 111 ai=0 ab=0 am=0 pc=0 mismatch=0 rf=0 mode=0
SECDET 111 pc=0 rf=0 intg=0
R 111 49 00000090 fe011ee3
C 111 0000008c 1 0 0 0 5 0
LOCK 112 rst=1 cmp=5 mismatch=0 rf=0 cap=0
SAMPLE 112 ai=0 ab=0 am=0 pc=0 mismatch=0 rf=0 mode=0
W 112 2 0000004c 000000000
SECDET 112 pc=0 rf=0 intg=0
C 112 00000090 1 0 0 0 5 0
LOCK 113 rst=1 cmp=5 mismatch=0 rf=0 cap=0
SAMPLE 113 ai=0 ab=0 am=0 pc=0 mismatch=0 rf=0 mode=0
SECDET 113 pc=0 rf=0 intg=0
R 113 50 0000008c fff10113
C 113 00000090 1 0 0 1 5 0
LOCK 114 rst=1 cmp=5 mismatch=0 rf=0 cap=0
SAMPLE 114 ai=0 ab=0 am=0 pc=0 mismatch=0 rf=0 mode=0
SECDET 114 pc=0 rf=0 intg=0
C 114 00000090 0 0 0 0 5 0
LOCK 115 rst=1 cmp=5 mismatch=0 rf=0 cap=0
SAMPLE 115 ai=0 ab=0 am=0 pc=0 mismatch=0 rf=0 mode=0
SECDET 115 pc=0 rf=0 intg=0
R 115 51 00000090 fe011ee3
C 115 0000008c 1 0 0 0 5 0
LOCK 116 rst=1 cmp=5 mismatch=0 rf=0 cap=0
SAMPLE 116 ai=0 ab=0 am=0 pc=0 mismatch=0 rf=0 mode=0
SECDET 116 pc=0 rf=0 intg=0
C 116 0000008c 1 0 0 0 5 0
LOCK 117 rst=1 cmp=5 mismatch=0 rf=0 cap=0
SAMPLE 117 ai=0 ab=0 am=0 pc=0 mismatch=0 rf=0 mode=0
W 117 2 0000004b 000000000
SECDET 117 pc=0 rf=0 intg=0
C 117 00000090 1 0 0 1 5 0
LOCK 118 rst=1 cmp=5 mismatch=0 rf=0 cap=0
SAMPLE 118 ai=0 ab=0 am=0 pc=0 mismatch=0 rf=0 mode=0
SECDET 118 pc=0 rf=0 intg=0
R 118 52 0000008c fff10113
C 118 00000090 0 0 0 0 5 0
LOCK 119 rst=1 cmp=5 mismatch=0 rf=0 cap=0
SAMPLE 119 ai=0 ab=0 am=0 pc=0 mismatch=0 rf=0 mode=0
SECDET 119 pc=0 rf=0 intg=0
R 119 53 00000090 fe011ee3
C 119 0000008c 1 0 1 0 5 0
C 120 0000008c 1 0 0 0 5 0
C 121 0000008c 1 0 0 0 5 0
W 122 2 0000004a 000000000
C 122 00000090 1 0 1 0 5 0
R 123 54 0000008c fff10113
C 123 00000090 1 0 0 0 5 0
C 124 00000090 1 0 0 1 5 0
C 125 00000090 0 0 0 0 5 0
R 126 55 00000090 fe011ee3
C 126 0000008c 1 0 0 0 5 0
W 127 2 00000049 000000000
C 127 00000090 1 0 0 0 5 0
R 128 56 0000008c fff10113
C 128 00000090 1 0 0 1 5 0
C 129 00000090 0 0 0 0 5 0
R 130 57 00000090 fe011ee3
C 130 0000008c 1 0 1 0 5 0
C 131 0000008c 1 0 0 0 5 0
C 132 0000008c 1 0 1 0 5 0
C 133 0000008c 1 0 0 0 5 0
C 134 0000008c 1 0 0 0 5 0
C 135 0000008c 1 0 0 0 5 0
C 136 0000008c 1 0 0 0 5 0
C 137 0000008c 1 0 0 0 5 0
W 138 2 00000048 000000000
C 138 00000090 1 0 0 0 5 0
R 139 58 0000008c fff10113
C 139 00000090 1 0 0 1 5 0
C 140 00000090 0 0 0 0 5 0
R 141 59 00000090 fe011ee3
C 141 0000008c 1 0 0 0 5 0
W 142 2 00000047 000000000
C 142 00000090 1 0 0 1 5 0
R 143 60 0000008c fff10113
C 143 00000090 0 0 0 0 5 0
R 144 61 00000090 fe011ee3
C 144 0000008c 1 0 0 0 5 0
W 145 2 00000046 000000000
C 145 00000090 1 0 0 1 5 0
R 146 62 0000008c fff10113
C 146 00000090 0 0 0 0 5 0
R 147 63 00000090 fe011ee3
C 147 0000008c 1 0 0 0 5 0
C 148 0000008c 1 0 0 0 5 0
W 149 2 00000045 000000000
C 149 00000090 1 0 0 0 5 0
R 150 64 0000008c fff10113
C 150 00000090 1 0 0 1 5 0
C 151 00000090 0 0 0 0 5 0
R 152 65 00000090 fe011ee3
C 152 0000008c 1 0 0 0 5 0
W 153 2 00000044 000000000
C 153 00000090 1 0 0 1 5 0
R 154 66 0000008c fff10113
C 154 00000090 0 0 0 0 5 0
R 155 67 00000090 fe011ee3
C 155 0000008c 1 0 0 0 5 0
C 156 0000008c 1 0 1 0 5 0
C 157 0000008c 1 0 0 0 5 0
C 158 0000008c 1 0 0 0 5 0
C 159 0000008c 1 0 0 0 5 0
W 160 2 00000043 000000000
C 160 00000090 1 0 0 1 5 0
R 161 68 0000008c fff10113
C 161 00000090 0 0 0 0 5 0
R 162 69 00000090 fe011ee3
C 162 0000008c 1 0 0 0 5 0
C 163 0000008c 1 0 1 0 5 0
C 164 0000008c 1 0 0 0 5 0
C 165 0000008c 1 0 0 0 5 0
C 166 0000008c 1 0 0 0 5 0
W 167 2 00000042 000000000
C 167 00000090 1 0 0 1 5 0
R 168 70 0000008c fff10113
C 168 00000090 0 0 0 0 5 0
R 169 71 00000090 fe011ee3
C 169 0000008c 1 0 0 0 5 0
W 170 2 00000041 000000000
C 170 00000090 1 0 0 1 5 0
R 171 72 0000008c fff10113
C 171 00000090 0 0 0 0 5 0
R 172 73 00000090 fe011ee3
C 172 0000008c 1 0 0 0 5 0
W 173 2 00000040 000000000
C 173 00000090 1 0 0 1 5 0
R 174 74 0000008c fff10113
C 174 00000090 0 0 0 0 5 0
R 175 75 00000090 fe011ee3
C 175 0000008c 1 0 1 0 5 0
C 176 0000008c 1 0 0 0 5 0
C 177 0000008c 1 0 0 0 5 0
W 178 2 0000003f 000000000
C 178 00000090 1 0 0 1 5 0
R 179 76 0000008c fff10113
C 179 00000090 0 0 0 0 5 0
R 180 77 00000090 fe011ee3
W 182 2 0000003e 000000000
R 183 78 0000008c fff10113
R 184 79 00000090 fe011ee3
W 186 2 0000003d 000000000
R 187 80 0000008c fff10113
R 188 81 00000090 fe011ee3
W 190 2 0000003c 000000000
R 191 82 0000008c fff10113
R 192 83 00000090 fe011ee3
W 194 2 0000003b 000000000
R 195 84 0000008c fff10113
R 196 85 00000090 fe011ee3
W 198 2 0000003a 000000000
R 199 86 0000008c fff10113
R 201 87 00000090 fe011ee3
W 202 2 00000039 000000000
R 203 88 0000008c fff10113
R 205 89 00000090 fe011ee3
W 207 2 00000038 000000000
R 208 90 0000008c fff10113
R 212 91 00000090 fe011ee3
W 214 2 00000037 000000000
R 215 92 0000008c fff10113
R 216 93 00000090 fe011ee3
W 218 2 00000036 000000000
R 219 94 0000008c fff10113
R 225 95 00000090 fe011ee3
W 226 2 00000035 000000000
R 227 96 0000008c fff10113
R 228 97 00000090 fe011ee3
W 231 2 00000034 000000000
R 232 98 0000008c fff10113
R 233 99 00000090 fe011ee3
W 234 2 00000033 000000000
R 235 100 0000008c fff10113
R 236 101 00000090 fe011ee3
W 237 2 00000032 000000000
R 238 102 0000008c fff10113
R 239 103 00000090 fe011ee3
W 243 2 00000031 000000000
R 244 104 0000008c fff10113
R 245 105 00000090 fe011ee3
W 249 2 00000030 000000000
R 250 106 0000008c fff10113
R 251 107 00000090 fe011ee3
W 253 2 0000002f 000000000
R 254 108 0000008c fff10113
R 257 109 00000090 fe011ee3
W 258 2 0000002e 000000000
R 259 110 0000008c fff10113
R 261 111 00000090 fe011ee3
W 262 2 0000002d 000000000
R 263 112 0000008c fff10113
R 264 113 00000090 fe011ee3
W 265 2 0000002c 000000000
R 266 114 0000008c fff10113
R 267 115 00000090 fe011ee3
W 269 2 0000002b 000000000
R 270 116 0000008c fff10113
R 271 117 00000090 fe011ee3
W 274 2 0000002a 000000000
R 275 118 0000008c fff10113
R 276 119 00000090 fe011ee3
W 278 2 00000029 000000000
R 279 120 0000008c fff10113
R 280 121 00000090 fe011ee3
W 283 2 00000028 000000000
R 284 122 0000008c fff10113
R 286 123 00000090 fe011ee3
W 287 2 00000027 000000000
R 288 124 0000008c fff10113
R 290 125 00000090 fe011ee3
W 292 2 00000026 000000000
R 293 126 0000008c fff10113
R 295 127 00000090 fe011ee3
W 296 2 00000025 000000000
R 297 128 0000008c fff10113
R 299 129 00000090 fe011ee3
W 300 2 00000024 000000000
R 301 130 0000008c fff10113
R 302 131 00000090 fe011ee3
W 304 2 00000023 000000000
R 305 132 0000008c fff10113
R 307 133 00000090 fe011ee3
W 309 2 00000022 000000000
R 310 134 0000008c fff10113
R 311 135 00000090 fe011ee3
W 313 2 00000021 000000000
R 314 136 0000008c fff10113
R 315 137 00000090 fe011ee3
W 317 2 00000020 000000000
R 318 138 0000008c fff10113
R 319 139 00000090 fe011ee3
W 320 2 0000001f 000000000
R 321 140 0000008c fff10113
R 322 141 00000090 fe011ee3
W 323 2 0000001e 000000000
R 324 142 0000008c fff10113
R 325 143 00000090 fe011ee3
W 327 2 0000001d 000000000
R 328 144 0000008c fff10113
R 330 145 00000090 fe011ee3
W 331 2 0000001c 000000000
R 332 146 0000008c fff10113
R 334 147 00000090 fe011ee3
W 338 2 0000001b 000000000
R 339 148 0000008c fff10113
R 340 149 00000090 fe011ee3
W 341 2 0000001a 000000000
R 342 150 0000008c fff10113
R 344 151 00000090 fe011ee3
W 347 2 00000019 000000000
R 348 152 0000008c fff10113
R 349 153 00000090 fe011ee3
W 350 2 00000018 000000000
R 351 154 0000008c fff10113
R 352 155 00000090 fe011ee3
W 353 2 00000017 000000000
R 354 156 0000008c fff10113
R 355 157 00000090 fe011ee3
W 357 2 00000016 000000000
R 358 158 0000008c fff10113
R 360 159 00000090 fe011ee3
W 363 2 00000015 000000000
R 364 160 0000008c fff10113
R 367 161 00000090 fe011ee3
W 368 2 00000014 000000000
R 369 162 0000008c fff10113
R 372 163 00000090 fe011ee3
W 374 2 00000013 000000000
R 375 164 0000008c fff10113
R 376 165 00000090 fe011ee3
W 377 2 00000012 000000000
R 378 166 0000008c fff10113
R 379 167 00000090 fe011ee3
W 380 2 00000011 000000000
R 381 168 0000008c fff10113
R 383 169 00000090 fe011ee3
W 384 2 00000010 000000000
R 385 170 0000008c fff10113
R 388 171 00000090 fe011ee3
W 389 2 0000000f 000000000
R 390 172 0000008c fff10113
R 391 173 00000090 fe011ee3
W 394 2 0000000e 000000000
R 395 174 0000008c fff10113
R 396 175 00000090 fe011ee3
W 398 2 0000000d 000000000
R 399 176 0000008c fff10113
R 401 177 00000090 fe011ee3
W 403 2 0000000c 000000000
R 404 178 0000008c fff10113
R 406 179 00000090 fe011ee3
W 408 2 0000000b 000000000
R 409 180 0000008c fff10113
R 410 181 00000090 fe011ee3
W 412 2 0000000a 000000000
R 413 182 0000008c fff10113
R 416 183 00000090 fe011ee3
W 417 2 00000009 000000000
R 418 184 0000008c fff10113
R 420 185 00000090 fe011ee3
W 421 2 00000008 000000000
R 422 186 0000008c fff10113
R 424 187 00000090 fe011ee3
W 426 2 00000007 000000000
R 427 188 0000008c fff10113
R 430 189 00000090 fe011ee3
W 431 2 00000006 000000000
R 432 190 0000008c fff10113
R 434 191 00000090 fe011ee3
W 437 2 00000005 000000000
R 438 192 0000008c fff10113
R 441 193 00000090 fe011ee3
W 444 2 00000004 000000000
R 445 194 0000008c fff10113
R 446 195 00000090 fe011ee3
W 447 2 00000003 000000000
R 448 196 0000008c fff10113
R 450 197 00000090 fe011ee3
W 453 2 00000002 000000000
R 454 198 0000008c fff10113
R 456 199 00000090 fe011ee3
W 457 2 00000001 000000000
R 458 200 0000008c fff10113
R 461 201 00000090 fe011ee3
W 462 2 00000000 000000000
R 463 202 0000008c fff10113
W 466 15 0000007b 000000000
R 466 203 00000090 fe011ee3
R 467 204 00000094 07b00793
R 468 205 00000098 0000006f
R 470 206 00000098 0000006f
R 473 207 00000098 0000006f
R 477 208 00000098 0000006f
R 479 209 00000098 0000006f
R 481 210 00000098 0000006f
R 484 211 00000098 0000006f
R 487 212 00000098 0000006f
R 489 213 00000098 0000006f
R 491 214 00000098 0000006f
R 494 215 00000098 0000006f
R 496 216 00000098 0000006f
R 500 217 00000098 0000006f
R 504 218 00000098 0000006f
R 508 219 00000098 0000006f
R 510 220 00000098 0000006f
R 512 221 00000098 0000006f
R 514 222 00000098 0000006f
R 516 223 00000098 0000006f
R 519 224 00000098 0000006f
R 521 225 00000098 0000006f
R 523 226 00000098 0000006f
R 525 227 00000098 0000006f
R 527 228 00000098 0000006f
R 529 229 00000098 0000006f
R 531 230 00000098 0000006f
R 533 231 00000098 0000006f
R 535 232 00000098 0000006f
R 539 233 00000098 0000006f
R 541 234 00000098 0000006f
R 543 235 00000098 0000006f
R 547 236 00000098 0000006f
R 549 237 00000098 0000006f
R 553 238 00000098 0000006f
R 555 239 00000098 0000006f
R 557 240 00000098 0000006f
R 559 241 00000098 0000006f
R 562 242 00000098 0000006f
R 564 243 00000098 0000006f
R 566 244 00000098 0000006f
R 568 245 00000098 0000006f
R 570 246 00000098 0000006f
R 572 247 00000098 0000006f
R 576 248 00000098 0000006f
R 581 249 00000098 0000006f
R 583 250 00000098 0000006f
R 585 251 00000098 0000006f
R 587 252 00000098 0000006f
R 589 253 00000098 0000006f
R 591 254 00000098 0000006f
R 593 255 00000098 0000006f
R 595 256 00000098 0000006f
R 598 257 00000098 0000006f
R 600 258 00000098 0000006f
R 604 259 00000098 0000006f
R 606 260 00000098 0000006f
R 608 261 00000098 0000006f
R 613 262 00000098 0000006f
R 616 263 00000098 0000006f
R 618 264 00000098 0000006f
R 620 265 00000098 0000006f
R 623 266 00000098 0000006f
R 625 267 00000098 0000006f
R 627 268 00000098 0000006f
R 629 269 00000098 0000006f
R 632 270 00000098 0000006f
R 635 271 00000098 0000006f
R 641 272 00000098 0000006f
R 644 273 00000098 0000006f
R 646 274 00000098 0000006f
R 648 275 00000098 0000006f
R 651 276 00000098 0000006f
R 654 277 00000098 0000006f
R 656 278 00000098 0000006f
R 658 279 00000098 0000006f
R 661 280 00000098 0000006f
R 665 281 00000098 0000006f
R 670 282 00000098 0000006f
R 674 283 00000098 0000006f
R 678 284 00000098 0000006f
R 681 285 00000098 0000006f
R 686 286 00000098 0000006f
R 688 287 00000098 0000006f
R 690 288 00000098 0000006f
R 692 289 00000098 0000006f
R 695 290 00000098 0000006f
R 697 291 00000098 0000006f
R 699 292 00000098 0000006f
R 701 293 00000098 0000006f
R 703 294 00000098 0000006f
R 706 295 00000098 0000006f
R 709 296 00000098 0000006f
R 711 297 00000098 0000006f
R 715 298 00000098 0000006f
R 719 299 00000098 0000006f
R 721 300 00000098 0000006f
R 723 301 00000098 0000006f
R 725 302 00000098 0000006f
R 728 303 00000098 0000006f
R 731 304 00000098 0000006f
R 733 305 00000098 0000006f
R 736 306 00000098 0000006f
R 738 307 00000098 0000006f
R 740 308 00000098 0000006f
R 742 309 00000098 0000006f
R 744 310 00000098 0000006f
R 746 311 00000098 0000006f
R 752 312 00000098 0000006f
R 754 313 00000098 0000006f
R 758 314 00000098 0000006f
R 761 315 00000098 0000006f
R 763 316 00000098 0000006f
R 765 317 00000098 0000006f
R 768 318 00000098 0000006f
R 770 319 00000098 0000006f
R 772 320 00000098 0000006f
R 774 321 00000098 0000006f
R 776 322 00000098 0000006f
R 779 323 00000098 0000006f
R 781 324 00000098 0000006f
R 785 325 00000098 0000006f
R 787 326 00000098 0000006f
R 790 327 00000098 0000006f
R 793 328 00000098 0000006f
R 796 329 00000098 0000006f
R 798 330 00000098 0000006f
R 800 331 00000098 0000006f
R 802 332 00000098 0000006f
R 804 333 00000098 0000006f
R 808 334 00000098 0000006f
R 811 335 00000098 0000006f
R 818 336 00000098 0000006f
R 825 337 00000098 0000006f
R 827 338 00000098 0000006f
R 829 339 00000098 0000006f
R 832 340 00000098 0000006f
R 837 341 00000098 0000006f
R 839 342 00000098 0000006f
R 842 343 00000098 0000006f
R 848 344 00000098 0000006f
R 850 345 00000098 0000006f
R 852 346 00000098 0000006f
R 854 347 00000098 0000006f
R 858 348 00000098 0000006f
R 862 349 00000098 0000006f
R 865 350 00000098 0000006f
R 867 351 00000098 0000006f
R 869 352 00000098 0000006f
R 871 353 00000098 0000006f
R 873 354 00000098 0000006f
R 875 355 00000098 0000006f
R 877 356 00000098 0000006f
R 879 357 00000098 0000006f
R 881 358 00000098 0000006f
R 883 359 00000098 0000006f
R 885 360 00000098 0000006f
R 889 361 00000098 0000006f
R 894 362 00000098 0000006f
R 897 363 00000098 0000006f
R 901 364 00000098 0000006f
R 903 365 00000098 0000006f
R 905 366 00000098 0000006f
R 907 367 00000098 0000006f
R 910 368 00000098 0000006f
R 912 369 00000098 0000006f
R 914 370 00000098 0000006f
R 916 371 00000098 0000006f
R 918 372 00000098 0000006f
R 922 373 00000098 0000006f
R 924 374 00000098 0000006f
R 926 375 00000098 0000006f
R 928 376 00000098 0000006f
R 932 377 00000098 0000006f
R 936 378 00000098 0000006f
R 938 379 00000098 0000006f
R 940 380 00000098 0000006f
R 943 381 00000098 0000006f
R 946 382 00000098 0000006f
R 948 383 00000098 0000006f
R 950 384 00000098 0000006f
R 952 385 00000098 0000006f
R 954 386 00000098 0000006f
R 958 387 00000098 0000006f
R 960 388 00000098 0000006f
R 962 389 00000098 0000006f
R 964 390 00000098 0000006f
R 967 391 00000098 0000006f
R 969 392 00000098 0000006f
R 972 393 00000098 0000006f
R 974 394 00000098 0000006f
R 976 395 00000098 0000006f
R 978 396 00000098 0000006f
R 981 397 00000098 0000006f
R 984 398 00000098 0000006f
R 986 399 00000098 0000006f
R 990 400 00000098 0000006f
R 993 401 00000098 0000006f
R 995 402 00000098 0000006f
R 997 403 00000098 0000006f
R 999 404 00000098 0000006f
R 1003 405 00000098 0000006f
R 1011 406 00000098 0000006f
R 1016 407 00000098 0000006f
R 1020 408 00000098 0000006f
R 1022 409 00000098 0000006f
R 1026 410 00000098 0000006f
R 1028 411 00000098 0000006f
R 1030 412 00000098 0000006f
R 1032 413 00000098 0000006f
R 1034 414 00000098 0000006f
R 1036 415 00000098 0000006f
R 1038 416 00000098 0000006f
R 1040 417 00000098 0000006f
R 1043 418 00000098 0000006f
R 1047 419 00000098 0000006f
R 1049 420 00000098 0000006f
R 1051 421 00000098 0000006f
R 1054 422 00000098 0000006f
R 1057 423 00000098 0000006f
R 1060 424 00000098 0000006f
R 1062 425 00000098 0000006f
R 1064 426 00000098 0000006f
R 1066 427 00000098 0000006f
R 1068 428 00000098 0000006f
R 1071 429 00000098 0000006f
R 1073 430 00000098 0000006f
R 1075 431 00000098 0000006f
R 1077 432 00000098 0000006f
R 1079 433 00000098 0000006f
R 1083 434 00000098 0000006f
R 1086 435 00000098 0000006f
R 1089 436 00000098 0000006f
R 1092 437 00000098 0000006f
R 1095 438 00000098 0000006f
R 1097 439 00000098 0000006f
R 1101 440 00000098 0000006f
R 1105 441 00000098 0000006f
R 1107 442 00000098 0000006f
R 1109 443 00000098 0000006f
R 1149 444 00000098 0000006f
R 1151 445 00000098 0000006f
R 1153 446 00000098 0000006f
R 1156 447 00000098 0000006f
R 1158 448 00000098 0000006f
R 1160 449 00000098 0000006f
R 1162 450 00000098 0000006f
R 1164 451 00000098 0000006f
R 1166 452 00000098 0000006f
R 1168 453 00000098 0000006f
R 1170 454 00000098 0000006f
R 1172 455 00000098 0000006f
R 1175 456 00000098 0000006f
R 1180 457 00000098 0000006f
R 1184 458 00000098 0000006f
R 1186 459 00000098 0000006f
R 1189 460 00000098 0000006f
R 1192 461 00000098 0000006f
R 1197 462 00000098 0000006f
R 1199 463 00000098 0000006f
REG 0 00000000
REG 1 00000004
REG 2 00000000
REG 3 00000000
REG 4 00000000
REG 5 00000000
REG 6 00000000
REG 7 00000000
REG 8 00000000
REG 9 00000000
REG 10 00000000
REG 11 00000000
REG 12 00000000
REG 13 00000000
REG 14 00000000
REG 15 0000007b
REG 16 00000000
REG 17 00000000
REG 18 00000000
REG 19 00000000
REG 20 00000000
REG 21 00000000
REG 22 00000000
REG 23 00000000
REG 24 00000000
REG 25 00000000
REG 26 00000000
REG 27 00000000
REG 28 00000000
REG 29 00000000
REG 30 00000000
REG 31 00000000
COUNTS sleep=1 clocks=1197 ai=0 ab=0 am=0 ifetch=1007 data=0 bitmap=0 hit=0 miss=0 dummy=269 expanded=0 predict=0 mispredict=0 keys=0
FINISH
- /home/dungpc/ndmoney4porche/projects/ibex/doc/dungpc/secure_ibex/evidence/secure.harness.sv:217: Verilog $finish
