%Warning-TIMESCALEMOD: /home/dungpc/ndmoney4porche/projects/ibex/vendor/lowrisc_ip/ip/prim/rtl/prim_cipher_pkg.sv:17:9: Timescale missing on this module as other modules have it (IEEE 1800-2017 3.14.2.3)
   17 | package prim_cipher_pkg;
      |         ^~~~~~~~~~~~~~~
                       /home/dungpc/ndmoney4porche/projects/ibex/doc/dungpc/secure_ibex/evidence/secure.harness.sv:2:8: ... Location of module with timescale
    2 | module top_tb;
      |        ^~~~~~
                       ... For warning description see https://verilator.org/warn/TIMESCALEMOD?v=5.020
                       ... Use "/* verilator lint_off TIMESCALEMOD */" and lint_on around source to disable this message.
%Warning-TIMESCALEMOD: /home/dungpc/ndmoney4porche/projects/ibex/vendor/lowrisc_ip/ip/prim/rtl/prim_util_pkg.sv:9:9: Timescale missing on this module as other modules have it (IEEE 1800-2017 3.14.2.3)
    9 | package prim_util_pkg;
      |         ^~~~~~~~~~~~~
                       /home/dungpc/ndmoney4porche/projects/ibex/doc/dungpc/secure_ibex/evidence/secure.harness.sv:2:8: ... Location of module with timescale
    2 | module top_tb;
      |        ^~~~~~
%Warning-TIMESCALEMOD: /home/dungpc/ndmoney4porche/projects/ibex/vendor/lowrisc_ip/ip/prim/rtl/prim_count_pkg.sv:5:9: Timescale missing on this module as other modules have it (IEEE 1800-2017 3.14.2.3)
    5 | package prim_count_pkg;
      |         ^~~~~~~~~~~~~~
                       /home/dungpc/ndmoney4porche/projects/ibex/doc/dungpc/secure_ibex/evidence/secure.harness.sv:2:8: ... Location of module with timescale
    2 | module top_tb;
      |        ^~~~~~
%Warning-TIMESCALEMOD: /home/dungpc/ndmoney4porche/projects/ibex/vendor/lowrisc_ip/ip/prim/rtl/prim_secded_pkg.sv:8:9: Timescale missing on this module as other modules have it (IEEE 1800-2017 3.14.2.3)
    8 | package prim_secded_pkg;
      |         ^~~~~~~~~~~~~~~
                       /home/dungpc/ndmoney4porche/projects/ibex/doc/dungpc/secure_ibex/evidence/secure.harness.sv:2:8: ... Location of module with timescale
    2 | module top_tb;
      |        ^~~~~~
%Warning-TIMESCALEMOD: /home/dungpc/ndmoney4porche/projects/ibex/vendor/lowrisc_ip/ip/prim/rtl/prim_mubi_pkg.sv:15:9: Timescale missing on this module as other modules have it (IEEE 1800-2017 3.14.2.3)
   15 | package prim_mubi_pkg;
      |         ^~~~~~~~~~~~~
                       /home/dungpc/ndmoney4porche/projects/ibex/doc/dungpc/secure_ibex/evidence/secure.harness.sv:2:8: ... Location of module with timescale
    2 | module top_tb;
      |        ^~~~~~
%Warning-TIMESCALEMOD: /home/dungpc/ndmoney4porche/projects/ibex/vendor/lowrisc_ip/ip/prim_generic/rtl/prim_ram_1p_pkg.sv:6:9: Timescale missing on this module as other modules have it (IEEE 1800-2017 3.14.2.3)
    6 | package prim_ram_1p_pkg;
      |         ^~~~~~~~~~~~~~~
                       /home/dungpc/ndmoney4porche/projects/ibex/doc/dungpc/secure_ibex/evidence/secure.harness.sv:2:8: ... Location of module with timescale
    2 | module top_tb;
      |        ^~~~~~
%Warning-TIMESCALEMOD: /home/dungpc/ndmoney4porche/projects/ibex/rtl/ibex_pkg.sv:10:9: Timescale missing on this module as other modules have it (IEEE 1800-2017 3.14.2.3)
   10 | package ibex_pkg;
      |         ^~~~~~~~
                       /home/dungpc/ndmoney4porche/projects/ibex/doc/dungpc/secure_ibex/evidence/secure.harness.sv:2:8: ... Location of module with timescale
    2 | module top_tb;
      |        ^~~~~~
%Warning-TIMESCALEMOD: /home/dungpc/ndmoney4porche/projects/ibex/rtl/ibex_cheriot_pkg.sv:8:9: Timescale missing on this module as other modules have it (IEEE 1800-2017 3.14.2.3)
    8 | package ibex_cheriot_pkg;
      |         ^~~~~~~~~~~~~~~~
                       /home/dungpc/ndmoney4porche/projects/ibex/doc/dungpc/secure_ibex/evidence/secure.harness.sv:2:8: ... Location of module with timescale
    2 | module top_tb;
      |        ^~~~~~
%Warning-TIMESCALEMOD: /home/dungpc/ndmoney4porche/projects/ibex/rtl/ibex_alu.sv:9:8: Timescale missing on this module as other modules have it (IEEE 1800-2017 3.14.2.3)
    9 | module ibex_alu #(
      |        ^~~~~~~~
                       /home/dungpc/ndmoney4porche/projects/ibex/doc/dungpc/secure_ibex/evidence/secure.harness.sv:2:8: ... Location of module with timescale
    2 | module top_tb;
      |        ^~~~~~
%Warning-TIMESCALEMOD: /home/dungpc/ndmoney4porche/projects/ibex/rtl/ibex_branch_predict.sv:20:8: Timescale missing on this module as other modules have it (IEEE 1800-2017 3.14.2.3)
   20 | module ibex_branch_predict (
      |        ^~~~~~~~~~~~~~~~~~~
                       /home/dungpc/ndmoney4porche/projects/ibex/doc/dungpc/secure_ibex/evidence/secure.harness.sv:2:8: ... Location of module with timescale
    2 | module top_tb;
      |        ^~~~~~
%Warning-TIMESCALEMOD: /home/dungpc/ndmoney4porche/projects/ibex/rtl/ibex_cheriot_ex.sv:5:8: Timescale missing on this module as other modules have it (IEEE 1800-2017 3.14.2.3)
    5 | module ibex_cheriot_ex import ibex_cheriot_pkg::*; import ibex_pkg::*; #(
      |        ^~~~~~~~~~~~~~~
                       /home/dungpc/ndmoney4porche/projects/ibex/doc/dungpc/secure_ibex/evidence/secure.harness.sv:2:8: ... Location of module with timescale
    2 | module top_tb;
      |        ^~~~~~
%Warning-TIMESCALEMOD: /home/dungpc/ndmoney4porche/projects/ibex/rtl/ibex_compressed_decoder.sv:17:8: Timescale missing on this module as other modules have it (IEEE 1800-2017 3.14.2.3)
   17 | module ibex_compressed_decoder import ibex_pkg::*; #(
      |        ^~~~~~~~~~~~~~~~~~~~~~~
                       /home/dungpc/ndmoney4porche/projects/ibex/doc/dungpc/secure_ibex/evidence/secure.harness.sv:2:8: ... Location of module with timescale
    2 | module top_tb;
      |        ^~~~~~
%Warning-TIMESCALEMOD: /home/dungpc/ndmoney4porche/projects/ibex/rtl/ibex_controller.sv:14:8: Timescale missing on this module as other modules have it (IEEE 1800-2017 3.14.2.3)
   14 | module ibex_controller import ibex_pkg::*; #(
      |        ^~~~~~~~~~~~~~~
                       /home/dungpc/ndmoney4porche/projects/ibex/doc/dungpc/secure_ibex/evidence/secure.harness.sv:2:8: ... Location of module with timescale
    2 | module top_tb;
      |        ^~~~~~
%Warning-TIMESCALEMOD: /home/dungpc/ndmoney4porche/projects/ibex/rtl/ibex_core.sv:17:8: Timescale missing on this module as other modules have it (IEEE 1800-2017 3.14.2.3)
   17 | module ibex_core import ibex_pkg::*; import ibex_cheriot_pkg::*; #(
      |        ^~~~~~~~~
                       /home/dungpc/ndmoney4porche/projects/ibex/doc/dungpc/secure_ibex/evidence/secure.harness.sv:2:8: ... Location of module with timescale
    2 | module top_tb;
      |        ^~~~~~
%Warning-TIMESCALEMOD: /home/dungpc/ndmoney4porche/projects/ibex/rtl/ibex_counter.sv:5:8: Timescale missing on this module as other modules have it (IEEE 1800-2017 3.14.2.3)
    5 | module ibex_counter #(
      |        ^~~~~~~~~~~~
                       /home/dungpc/ndmoney4porche/projects/ibex/doc/dungpc/secure_ibex/evidence/secure.harness.sv:2:8: ... Location of module with timescale
    2 | module top_tb;
      |        ^~~~~~
%Warning-TIMESCALEMOD: /home/dungpc/ndmoney4porche/projects/ibex/rtl/ibex_cs_registers.sv:13:8: Timescale missing on this module as other modules have it (IEEE 1800-2017 3.14.2.3)
   13 | module ibex_cs_registers import ibex_pkg::*, ibex_cheriot_pkg::*; #(
      |        ^~~~~~~~~~~~~~~~~
                       /home/dungpc/ndmoney4porche/projects/ibex/doc/dungpc/secure_ibex/evidence/secure.harness.sv:2:8: ... Location of module with timescale
    2 | module top_tb;
      |        ^~~~~~
%Warning-TIMESCALEMOD: /home/dungpc/ndmoney4porche/projects/ibex/rtl/ibex_csr.sv:11:8: Timescale missing on this module as other modules have it (IEEE 1800-2017 3.14.2.3)
   11 | module ibex_csr #(
      |        ^~~~~~~~
                       /home/dungpc/ndmoney4porche/projects/ibex/doc/dungpc/secure_ibex/evidence/secure.harness.sv:2:8: ... Location of module with timescale
    2 | module top_tb;
      |        ^~~~~~
%Warning-TIMESCALEMOD: /home/dungpc/ndmoney4porche/projects/ibex/rtl/ibex_decoder.sv:17:8: Timescale missing on this module as other modules have it (IEEE 1800-2017 3.14.2.3)
   17 | module ibex_decoder import ibex_cheriot_pkg::*; #(
      |        ^~~~~~~~~~~~
                       /home/dungpc/ndmoney4porche/projects/ibex/doc/dungpc/secure_ibex/evidence/secure.harness.sv:2:8: ... Location of module with timescale
    2 | module top_tb;
      |        ^~~~~~
%Warning-TIMESCALEMOD: /home/dungpc/ndmoney4porche/projects/ibex/rtl/ibex_dummy_instr.sv:12:8: Timescale missing on this module as other modules have it (IEEE 1800-2017 3.14.2.3)
   12 | module ibex_dummy_instr import ibex_pkg::*; #(
      |        ^~~~~~~~~~~~~~~~
                       /home/dungpc/ndmoney4porche/projects/ibex/doc/dungpc/secure_ibex/evidence/secure.harness.sv:2:8: ... Location of module with timescale
    2 | module top_tb;
      |        ^~~~~~
%Warning-TIMESCALEMOD: /home/dungpc/ndmoney4porche/projects/ibex/rtl/ibex_ex_block.sv:11:8: Timescale missing on this module as other modules have it (IEEE 1800-2017 3.14.2.3)
   11 | module ibex_ex_block #(
      |        ^~~~~~~~~~~~~
                       /home/dungpc/ndmoney4porche/projects/ibex/doc/dungpc/secure_ibex/evidence/secure.harness.sv:2:8: ... Location of module with timescale
    2 | module top_tb;
      |        ^~~~~~
%Warning-TIMESCALEMOD: /home/dungpc/ndmoney4porche/projects/ibex/rtl/ibex_fetch_fifo.sv:15:8: Timescale missing on this module as other modules have it (IEEE 1800-2017 3.14.2.3)
   15 | module ibex_fetch_fifo #(
      |        ^~~~~~~~~~~~~~~
                       /home/dungpc/ndmoney4porche/projects/ibex/doc/dungpc/secure_ibex/evidence/secure.harness.sv:2:8: ... Location of module with timescale
    2 | module top_tb;
      |        ^~~~~~
%Warning-TIMESCALEMOD: /home/dungpc/ndmoney4porche/projects/ibex/rtl/ibex_icache.sv:13:8: Timescale missing on this module as other modules have it (IEEE 1800-2017 3.14.2.3)
   13 | module ibex_icache import ibex_pkg::*; #(
      |        ^~~~~~~~~~~
                       /home/dungpc/ndmoney4porche/projects/ibex/doc/dungpc/secure_ibex/evidence/secure.harness.sv:2:8: ... Location of module with timescale
    2 | module top_tb;
      |        ^~~~~~
%Warning-TIMESCALEMOD: /home/dungpc/ndmoney4porche/projects/ibex/rtl/ibex_id_stage.sv:21:8: Timescale missing on this module as other modules have it (IEEE 1800-2017 3.14.2.3)
   21 | module ibex_id_stage import ibex_cheriot_pkg::*; #(
      |        ^~~~~~~~~~~~~
                       /home/dungpc/ndmoney4porche/projects/ibex/doc/dungpc/secure_ibex/evidence/secure.harness.sv:2:8: ... Location of module with timescale
    2 | module top_tb;
      |        ^~~~~~
%Warning-TIMESCALEMOD: /home/dungpc/ndmoney4porche/projects/ibex/rtl/ibex_if_stage.sv:17:8: Timescale missing on this module as other modules have it (IEEE 1800-2017 3.14.2.3)
   17 | module ibex_if_stage import ibex_pkg::*; import ibex_cheriot_pkg::*; #(
      |        ^~~~~~~~~~~~~
                       /home/dungpc/ndmoney4porche/projects/ibex/doc/dungpc/secure_ibex/evidence/secure.harness.sv:2:8: ... Location of module with timescale
    2 | module top_tb;
      |        ^~~~~~
%Warning-TIMESCALEMOD: /home/dungpc/ndmoney4porche/projects/ibex/rtl/ibex_load_store_unit.sv:18:8: Timescale missing on this module as other modules have it (IEEE 1800-2017 3.14.2.3)
   18 | module ibex_load_store_unit import ibex_pkg::*; import ibex_cheriot_pkg::*; #(
      |        ^~~~~~~~~~~~~~~~~~~~
                       /home/dungpc/ndmoney4porche/projects/ibex/doc/dungpc/secure_ibex/evidence/secure.harness.sv:2:8: ... Location of module with timescale
    2 | module top_tb;
      |        ^~~~~~
%Warning-TIMESCALEMOD: /home/dungpc/ndmoney4porche/projects/ibex/rtl/ibex_lockstep.sv:11:8: Timescale missing on this module as other modules have it (IEEE 1800-2017 3.14.2.3)
   11 | module ibex_lockstep import ibex_pkg::*; import ibex_cheriot_pkg::*; #(
      |        ^~~~~~~~~~~~~
                       /home/dungpc/ndmoney4porche/projects/ibex/doc/dungpc/secure_ibex/evidence/secure.harness.sv:2:8: ... Location of module with timescale
    2 | module top_tb;
      |        ^~~~~~
%Warning-TIMESCALEMOD: /home/dungpc/ndmoney4porche/projects/ibex/rtl/ibex_multdiv_fast.sv:17:8: Timescale missing on this module as other modules have it (IEEE 1800-2017 3.14.2.3)
   17 | module ibex_multdiv_fast #(
      |        ^~~~~~~~~~~~~~~~~
                       /home/dungpc/ndmoney4porche/projects/ibex/doc/dungpc/secure_ibex/evidence/secure.harness.sv:2:8: ... Location of module with timescale
    2 | module top_tb;
      |        ^~~~~~
%Warning-TIMESCALEMOD: /home/dungpc/ndmoney4porche/projects/ibex/rtl/ibex_multdiv_slow.sv:14:8: Timescale missing on this module as other modules have it (IEEE 1800-2017 3.14.2.3)
   14 | module ibex_multdiv_slow
      |        ^~~~~~~~~~~~~~~~~
                       /home/dungpc/ndmoney4porche/projects/ibex/doc/dungpc/secure_ibex/evidence/secure.harness.sv:2:8: ... Location of module with timescale
    2 | module top_tb;
      |        ^~~~~~
%Warning-TIMESCALEMOD: /home/dungpc/ndmoney4porche/projects/ibex/rtl/ibex_pmp.sv:7:8: Timescale missing on this module as other modules have it (IEEE 1800-2017 3.14.2.3)
    7 | module ibex_pmp import ibex_pkg::*; #(
      |        ^~~~~~~~
                       /home/dungpc/ndmoney4porche/projects/ibex/doc/dungpc/secure_ibex/evidence/secure.harness.sv:2:8: ... Location of module with timescale
    2 | module top_tb;
      |        ^~~~~~
%Warning-TIMESCALEMOD: /home/dungpc/ndmoney4porche/projects/ibex/rtl/ibex_prefetch_buffer.sv:12:8: Timescale missing on this module as other modules have it (IEEE 1800-2017 3.14.2.3)
   12 | module ibex_prefetch_buffer #(
      |        ^~~~~~~~~~~~~~~~~~~~
                       /home/dungpc/ndmoney4porche/projects/ibex/doc/dungpc/secure_ibex/evidence/secure.harness.sv:2:8: ... Location of module with timescale
    2 | module top_tb;
      |        ^~~~~~
%Warning-TIMESCALEMOD: /home/dungpc/ndmoney4porche/projects/ibex/rtl/ibex_register_file_ff.sv:51:8: Timescale missing on this module as other modules have it (IEEE 1800-2017 3.14.2.3)
   51 | module ibex_register_file_ff import ibex_pkg::*; #(
      |        ^~~~~~~~~~~~~~~~~~~~~
                       /home/dungpc/ndmoney4porche/projects/ibex/doc/dungpc/secure_ibex/evidence/secure.harness.sv:2:8: ... Location of module with timescale
    2 | module top_tb;
      |        ^~~~~~
%Warning-TIMESCALEMOD: /home/dungpc/ndmoney4porche/projects/ibex/rtl/ibex_register_file_fpga.sv:36:8: Timescale missing on this module as other modules have it (IEEE 1800-2017 3.14.2.3)
   36 | module ibex_register_file_fpga import ibex_pkg::*; #(
      |        ^~~~~~~~~~~~~~~~~~~~~~~
                       /home/dungpc/ndmoney4porche/projects/ibex/doc/dungpc/secure_ibex/evidence/secure.harness.sv:2:8: ... Location of module with timescale
    2 | module top_tb;
      |        ^~~~~~
%Warning-TIMESCALEMOD: /home/dungpc/ndmoney4porche/projects/ibex/rtl/ibex_register_file_latch.sv:36:8: Timescale missing on this module as other modules have it (IEEE 1800-2017 3.14.2.3)
   36 | module ibex_register_file_latch import ibex_pkg::*; #(
      |        ^~~~~~~~~~~~~~~~~~~~~~~~
                       /home/dungpc/ndmoney4porche/projects/ibex/doc/dungpc/secure_ibex/evidence/secure.harness.sv:2:8: ... Location of module with timescale
    2 | module top_tb;
      |        ^~~~~~
%Warning-TIMESCALEMOD: /home/dungpc/ndmoney4porche/projects/ibex/rtl/ibex_top.sv:15:8: Timescale missing on this module as other modules have it (IEEE 1800-2017 3.14.2.3)
   15 | module ibex_top import ibex_pkg::*; import ibex_cheriot_pkg::*; #(
      |        ^~~~~~~~
                       /home/dungpc/ndmoney4porche/projects/ibex/doc/dungpc/secure_ibex/evidence/secure.harness.sv:2:8: ... Location of module with timescale
    2 | module top_tb;
      |        ^~~~~~
%Warning-TIMESCALEMOD: /home/dungpc/ndmoney4porche/projects/ibex/rtl/ibex_trvk.sv:9:8: Timescale missing on this module as other modules have it (IEEE 1800-2017 3.14.2.3)
    9 | module ibex_trvk #(
      |        ^~~~~~~~~
                       /home/dungpc/ndmoney4porche/projects/ibex/doc/dungpc/secure_ibex/evidence/secure.harness.sv:2:8: ... Location of module with timescale
    2 | module top_tb;
      |        ^~~~~~
%Warning-TIMESCALEMOD: /home/dungpc/ndmoney4porche/projects/ibex/rtl/ibex_wb_stage.sv:18:8: Timescale missing on this module as other modules have it (IEEE 1800-2017 3.14.2.3)
   18 | module ibex_wb_stage import ibex_cheriot_pkg::*; #(
      |        ^~~~~~~~~~~~~
                       /home/dungpc/ndmoney4porche/projects/ibex/doc/dungpc/secure_ibex/evidence/secure.harness.sv:2:8: ... Location of module with timescale
    2 | module top_tb;
      |        ^~~~~~
%Warning-TIMESCALEMOD: /home/dungpc/ndmoney4porche/projects/ibex/vendor/lowrisc_ip/ip/prim_generic/rtl/prim_buf.sv:7:8: Timescale missing on this module as other modules have it (IEEE 1800-2017 3.14.2.3)
    7 | module prim_buf #(
      |        ^~~~~~~~
                       /home/dungpc/ndmoney4porche/projects/ibex/rtl/ibex_core.sv:508:1: ... note: In file included from 'ibex_core.sv'
                       /home/dungpc/ndmoney4porche/projects/ibex/doc/dungpc/secure_ibex/evidence/secure.harness.sv:2:8: ... Location of module with timescale
    2 | module top_tb;
      |        ^~~~~~
%Warning-TIMESCALEMOD: /home/dungpc/ndmoney4porche/projects/ibex/vendor/lowrisc_ip/ip/prim/rtl/prim_secded_inv_39_32_enc.sv:7:8: Timescale missing on this module as other modules have it (IEEE 1800-2017 3.14.2.3)
    7 | module prim_secded_inv_39_32_enc (
      |        ^~~~~~~~~~~~~~~~~~~~~~~~~
                       /home/dungpc/ndmoney4porche/projects/ibex/rtl/ibex_core.sv:1223:1: ... note: In file included from 'ibex_core.sv'
                       /home/dungpc/ndmoney4porche/projects/ibex/doc/dungpc/secure_ibex/evidence/secure.harness.sv:2:8: ... Location of module with timescale
    2 | module top_tb;
      |        ^~~~~~
%Warning-TIMESCALEMOD: /home/dungpc/ndmoney4porche/projects/ibex/vendor/lowrisc_ip/ip/prim/rtl/prim_secded_inv_39_32_dec.sv:7:8: Timescale missing on this module as other modules have it (IEEE 1800-2017 3.14.2.3)
    7 | module prim_secded_inv_39_32_dec (
      |        ^~~~~~~~~~~~~~~~~~~~~~~~~
                       /home/dungpc/ndmoney4porche/projects/ibex/rtl/ibex_core.sv:1229:1: ... note: In file included from 'ibex_core.sv'
                       /home/dungpc/ndmoney4porche/projects/ibex/doc/dungpc/secure_ibex/evidence/secure.harness.sv:2:8: ... Location of module with timescale
    2 | module top_tb;
      |        ^~~~~~
%Warning-TIMESCALEMOD: /home/dungpc/ndmoney4porche/projects/ibex/vendor/lowrisc_ip/ip/prim/rtl/prim_secded_inv_64_57_enc.sv:7:8: Timescale missing on this module as other modules have it (IEEE 1800-2017 3.14.2.3)
    7 | module prim_secded_inv_64_57_enc (
      |        ^~~~~~~~~~~~~~~~~~~~~~~~~
                       /home/dungpc/ndmoney4porche/projects/ibex/rtl/ibex_core.sv:1254:1: ... note: In file included from 'ibex_core.sv'
                       /home/dungpc/ndmoney4porche/projects/ibex/doc/dungpc/secure_ibex/evidence/secure.harness.sv:2:8: ... Location of module with timescale
    2 | module top_tb;
      |        ^~~~~~
%Warning-TIMESCALEMOD: /home/dungpc/ndmoney4porche/projects/ibex/vendor/lowrisc_ip/ip/prim/rtl/prim_secded_inv_64_57_dec.sv:7:8: Timescale missing on this module as other modules have it (IEEE 1800-2017 3.14.2.3)
    7 | module prim_secded_inv_64_57_dec (
      |        ^~~~~~~~~~~~~~~~~~~~~~~~~
                       /home/dungpc/ndmoney4porche/projects/ibex/rtl/ibex_core.sv:1265:1: ... note: In file included from 'ibex_core.sv'
                       /home/dungpc/ndmoney4porche/projects/ibex/doc/dungpc/secure_ibex/evidence/secure.harness.sv:2:8: ... Location of module with timescale
    2 | module top_tb;
      |        ^~~~~~
%Warning-TIMESCALEMOD: /home/dungpc/ndmoney4porche/projects/ibex/vendor/lowrisc_ip/ip/prim/rtl/prim_lfsr.sv:29:8: Timescale missing on this module as other modules have it (IEEE 1800-2017 3.14.2.3)
   29 | module prim_lfsr #(
      |        ^~~~~~~~~
                       /home/dungpc/ndmoney4porche/projects/ibex/rtl/ibex_dummy_instr.sv:84:1: ... note: In file included from 'ibex_dummy_instr.sv'
                       /home/dungpc/ndmoney4porche/projects/ibex/doc/dungpc/secure_ibex/evidence/secure.harness.sv:2:8: ... Location of module with timescale
    2 | module top_tb;
      |        ^~~~~~
%Warning-TIMESCALEMOD: /home/dungpc/ndmoney4porche/projects/ibex/vendor/lowrisc_ip/ip/prim/rtl/prim_secded_inv_28_22_enc.sv:7:8: Timescale missing on this module as other modules have it (IEEE 1800-2017 3.14.2.3)
    7 | module prim_secded_inv_28_22_enc (
      |        ^~~~~~~~~~~~~~~~~~~~~~~~~
                       /home/dungpc/ndmoney4porche/projects/ibex/rtl/ibex_icache.sv:299:1: ... note: In file included from 'ibex_icache.sv'
                       /home/dungpc/ndmoney4porche/projects/ibex/doc/dungpc/secure_ibex/evidence/secure.harness.sv:2:8: ... Location of module with timescale
    2 | module top_tb;
      |        ^~~~~~
%Warning-TIMESCALEMOD: /home/dungpc/ndmoney4porche/projects/ibex/vendor/lowrisc_ip/ip/prim/rtl/prim_secded_inv_28_22_dec.sv:7:8: Timescale missing on this module as other modules have it (IEEE 1800-2017 3.14.2.3)
    7 | module prim_secded_inv_28_22_dec (
      |        ^~~~~~~~~~~~~~~~~~~~~~~~~
                       /home/dungpc/ndmoney4porche/projects/ibex/rtl/ibex_icache.sv:557:1: ... note: In file included from 'ibex_icache.sv'
                       /home/dungpc/ndmoney4porche/projects/ibex/doc/dungpc/secure_ibex/evidence/secure.harness.sv:2:8: ... Location of module with timescale
    2 | module top_tb;
      |        ^~~~~~
%Warning-TIMESCALEMOD: /home/dungpc/ndmoney4porche/projects/ibex/vendor/lowrisc_ip/ip/prim/rtl/prim_count.sv:28:8: Timescale missing on this module as other modules have it (IEEE 1800-2017 3.14.2.3)
   28 | module prim_count
      |        ^~~~~~~~~~
                       /home/dungpc/ndmoney4porche/projects/ibex/rtl/ibex_lockstep.sv:164:1: ... note: In file included from 'ibex_lockstep.sv'
                       /home/dungpc/ndmoney4porche/projects/ibex/doc/dungpc/secure_ibex/evidence/secure.harness.sv:2:8: ... Location of module with timescale
    2 | module top_tb;
      |        ^~~~~~
%Warning-TIMESCALEMOD: /home/dungpc/ndmoney4porche/projects/ibex/vendor/lowrisc_ip/ip/prim_generic/rtl/prim_flop.sv:7:8: Timescale missing on this module as other modules have it (IEEE 1800-2017 3.14.2.3)
    7 | module prim_flop #(
      |        ^~~~~~~~~
                       /home/dungpc/ndmoney4porche/projects/ibex/rtl/ibex_lockstep.sv:215:1: ... note: In file included from 'ibex_lockstep.sv'
                       /home/dungpc/ndmoney4porche/projects/ibex/doc/dungpc/secure_ibex/evidence/secure.harness.sv:2:8: ... Location of module with timescale
    2 | module top_tb;
      |        ^~~~~~
%Warning-TIMESCALEMOD: /home/dungpc/ndmoney4porche/projects/ibex/vendor/lowrisc_ip/ip/prim_generic/rtl/prim_clock_mux2.sv:7:8: Timescale missing on this module as other modules have it (IEEE 1800-2017 3.14.2.3)
    7 | module prim_clock_mux2 #(
      |        ^~~~~~~~~~~~~~~
                       /home/dungpc/ndmoney4porche/projects/ibex/rtl/ibex_lockstep.sv:234:1: ... note: In file included from 'ibex_lockstep.sv'
                       /home/dungpc/ndmoney4porche/projects/ibex/doc/dungpc/secure_ibex/evidence/secure.harness.sv:2:8: ... Location of module with timescale
    2 | module top_tb;
      |        ^~~~~~
%Warning-TIMESCALEMOD: /home/dungpc/ndmoney4porche/projects/ibex/vendor/lowrisc_ip/ip/prim_generic/rtl/prim_clock_gating.sv:10:8: Timescale missing on this module as other modules have it (IEEE 1800-2017 3.14.2.3)
   10 | module prim_clock_gating #(
      |        ^~~~~~~~~~~~~~~~~
                       /home/dungpc/ndmoney4porche/projects/ibex/rtl/ibex_register_file_latch.sv:94:1: ... note: In file included from 'ibex_register_file_latch.sv'
                       /home/dungpc/ndmoney4porche/projects/ibex/doc/dungpc/secure_ibex/evidence/secure.harness.sv:2:8: ... Location of module with timescale
    2 | module top_tb;
      |        ^~~~~~
%Warning-TIMESCALEMOD: /home/dungpc/ndmoney4porche/projects/ibex/vendor/lowrisc_ip/ip/prim/rtl/prim_ram_1p_scr.sv:26:8: Timescale missing on this module as other modules have it (IEEE 1800-2017 3.14.2.3)
   26 | module prim_ram_1p_scr import prim_ram_1p_pkg::*; #(
      |        ^~~~~~~~~~~~~~~
                       /home/dungpc/ndmoney4porche/projects/ibex/rtl/ibex_top.sv:698:1: ... note: In file included from 'ibex_top.sv'
                       /home/dungpc/ndmoney4porche/projects/ibex/doc/dungpc/secure_ibex/evidence/secure.harness.sv:2:8: ... Location of module with timescale
    2 | module top_tb;
      |        ^~~~~~
%Warning-TIMESCALEMOD: /home/dungpc/ndmoney4porche/projects/ibex/vendor/lowrisc_ip/ip/prim_generic/rtl/prim_ram_1p.sv:9:8: Timescale missing on this module as other modules have it (IEEE 1800-2017 3.14.2.3)
    9 | module prim_ram_1p import prim_ram_1p_pkg::*; #(
      |        ^~~~~~~~~~~
                       /home/dungpc/ndmoney4porche/projects/ibex/rtl/ibex_top.sv:802:1: ... note: In file included from 'ibex_top.sv'
                       /home/dungpc/ndmoney4porche/projects/ibex/doc/dungpc/secure_ibex/evidence/secure.harness.sv:2:8: ... Location of module with timescale
    2 | module top_tb;
      |        ^~~~~~
%Warning-TIMESCALEMOD: /home/dungpc/ndmoney4porche/projects/ibex/vendor/pulp_common_cells/rtl/stream_fork.sv:21:8: Timescale missing on this module as other modules have it (IEEE 1800-2017 3.14.2.3)
   21 | module stream_fork #(
      |        ^~~~~~~~~~~
                       /home/dungpc/ndmoney4porche/projects/ibex/rtl/ibex_trvk.sv:161:1: ... note: In file included from 'ibex_trvk.sv'
                       /home/dungpc/ndmoney4porche/projects/ibex/doc/dungpc/secure_ibex/evidence/secure.harness.sv:2:8: ... Location of module with timescale
    2 | module top_tb;
      |        ^~~~~~
%Warning-TIMESCALEMOD: /home/dungpc/ndmoney4porche/projects/ibex/vendor/pulp_common_cells/rtl/stream_join_dynamic.sv:20:8: Timescale missing on this module as other modules have it (IEEE 1800-2017 3.14.2.3)
   20 | module stream_join_dynamic #(
      |        ^~~~~~~~~~~~~~~~~~~
                       /home/dungpc/ndmoney4porche/projects/ibex/rtl/ibex_trvk.sv:175:1: ... note: In file included from 'ibex_trvk.sv'
                       /home/dungpc/ndmoney4porche/projects/ibex/doc/dungpc/secure_ibex/evidence/secure.harness.sv:2:8: ... Location of module with timescale
    2 | module top_tb;
      |        ^~~~~~
%Warning-TIMESCALEMOD: /home/dungpc/ndmoney4porche/projects/ibex/vendor/lowrisc_ip/ip/prim/rtl/prim_fifo_sync.sv:14:8: Timescale missing on this module as other modules have it (IEEE 1800-2017 3.14.2.3)
   14 | module prim_fifo_sync #(
      |        ^~~~~~~~~~~~~~
                       /home/dungpc/ndmoney4porche/projects/ibex/rtl/ibex_trvk.sv:206:1: ... note: In file included from 'ibex_trvk.sv'
                       /home/dungpc/ndmoney4porche/projects/ibex/doc/dungpc/secure_ibex/evidence/secure.harness.sv:2:8: ... Location of module with timescale
    2 | module top_tb;
      |        ^~~~~~
%Warning-TIMESCALEMOD: /home/dungpc/ndmoney4porche/projects/ibex/vendor/lowrisc_ip/ip/prim/rtl/prim_subst_perm.sv:12:8: Timescale missing on this module as other modules have it (IEEE 1800-2017 3.14.2.3)
   12 | module prim_subst_perm #(
      |        ^~~~~~~~~~~~~~~
                       /home/dungpc/ndmoney4porche/projects/ibex/vendor/lowrisc_ip/ip/prim/rtl/prim_ram_1p_scr.sv:224:1: ... note: In file included from 'prim_ram_1p_scr.sv'
                       /home/dungpc/ndmoney4porche/projects/ibex/rtl/ibex_top.sv:698:1: ... note: In file included from 'ibex_top.sv'
                       /home/dungpc/ndmoney4porche/projects/ibex/doc/dungpc/secure_ibex/evidence/secure.harness.sv:2:8: ... Location of module with timescale
    2 | module top_tb;
      |        ^~~~~~
%Warning-TIMESCALEMOD: /home/dungpc/ndmoney4porche/projects/ibex/vendor/lowrisc_ip/ip/prim/rtl/prim_prince.sv:26:8: Timescale missing on this module as other modules have it (IEEE 1800-2017 3.14.2.3)
   26 | module prim_prince #(
      |        ^~~~~~~~~~~
                       /home/dungpc/ndmoney4porche/projects/ibex/vendor/lowrisc_ip/ip/prim/rtl/prim_ram_1p_scr.sv:261:1: ... note: In file included from 'prim_ram_1p_scr.sv'
                       /home/dungpc/ndmoney4porche/projects/ibex/rtl/ibex_top.sv:698:1: ... note: In file included from 'ibex_top.sv'
                       /home/dungpc/ndmoney4porche/projects/ibex/doc/dungpc/secure_ibex/evidence/secure.harness.sv:2:8: ... Location of module with timescale
    2 | module top_tb;
      |        ^~~~~~
%Warning-TIMESCALEMOD: /home/dungpc/ndmoney4porche/projects/ibex/vendor/lowrisc_ip/ip/prim/rtl/prim_ram_1p_adv.sv:18:8: Timescale missing on this module as other modules have it (IEEE 1800-2017 3.14.2.3)
   18 | module prim_ram_1p_adv import prim_ram_1p_pkg::*; #(
      |        ^~~~~~~~~~~~~~~
                       /home/dungpc/ndmoney4porche/projects/ibex/vendor/lowrisc_ip/ip/prim/rtl/prim_ram_1p_scr.sv:498:1: ... note: In file included from 'prim_ram_1p_scr.sv'
                       /home/dungpc/ndmoney4porche/projects/ibex/rtl/ibex_top.sv:698:1: ... note: In file included from 'ibex_top.sv'
                       /home/dungpc/ndmoney4porche/projects/ibex/doc/dungpc/secure_ibex/evidence/secure.harness.sv:2:8: ... Location of module with timescale
    2 | module top_tb;
      |        ^~~~~~
%Warning-TIMESCALEMOD: /home/dungpc/ndmoney4porche/projects/ibex/vendor/lowrisc_ip/ip/prim/rtl/prim_fifo_sync_cnt.sv:9:8: Timescale missing on this module as other modules have it (IEEE 1800-2017 3.14.2.3)
    9 | module prim_fifo_sync_cnt #(
      |        ^~~~~~~~~~~~~~~~~~
                       /home/dungpc/ndmoney4porche/projects/ibex/vendor/lowrisc_ip/ip/prim/rtl/prim_fifo_sync.sv:170:1: ... note: In file included from 'prim_fifo_sync.sv'
                       /home/dungpc/ndmoney4porche/projects/ibex/rtl/ibex_trvk.sv:206:1: ... note: In file included from 'ibex_trvk.sv'
                       /home/dungpc/ndmoney4porche/projects/ibex/doc/dungpc/secure_ibex/evidence/secure.harness.sv:2:8: ... Location of module with timescale
    2 | module top_tb;
      |        ^~~~~~
%Warning-TIMESCALEMOD: /home/dungpc/ndmoney4porche/projects/ibex/vendor/lowrisc_ip/ip/prim/rtl/prim_secded_inv_hamming_22_16_enc.sv:7:8: Timescale missing on this module as other modules have it (IEEE 1800-2017 3.14.2.3)
    7 | module prim_secded_inv_hamming_22_16_enc (
      |        ^~~~~~~~~~~~~~~~~~~~~~~~~~~~~~~~~
                       /home/dungpc/ndmoney4porche/projects/ibex/vendor/lowrisc_ip/ip/prim/rtl/prim_ram_1p_adv.sv:244:1: ... note: In file included from 'prim_ram_1p_adv.sv'
                       /home/dungpc/ndmoney4porche/projects/ibex/vendor/lowrisc_ip/ip/prim/rtl/prim_ram_1p_scr.sv:498:1: ... note: In file included from 'prim_ram_1p_scr.sv'
                       /home/dungpc/ndmoney4porche/projects/ibex/rtl/ibex_top.sv:698:1: ... note: In file included from 'ibex_top.sv'
                       /home/dungpc/ndmoney4porche/projects/ibex/doc/dungpc/secure_ibex/evidence/secure.harness.sv:2:8: ... Location of module with timescale
    2 | module top_tb;
      |        ^~~~~~
%Warning-TIMESCALEMOD: /home/dungpc/ndmoney4porche/projects/ibex/vendor/lowrisc_ip/ip/prim/rtl/prim_secded_inv_hamming_22_16_dec.sv:7:8: Timescale missing on this module as other modules have it (IEEE 1800-2017 3.14.2.3)
    7 | module prim_secded_inv_hamming_22_16_dec (
      |        ^~~~~~~~~~~~~~~~~~~~~~~~~~~~~~~~~
                       /home/dungpc/ndmoney4porche/projects/ibex/vendor/lowrisc_ip/ip/prim/rtl/prim_ram_1p_adv.sv:248:1: ... note: In file included from 'prim_ram_1p_adv.sv'
                       /home/dungpc/ndmoney4porche/projects/ibex/vendor/lowrisc_ip/ip/prim/rtl/prim_ram_1p_scr.sv:498:1: ... note: In file included from 'prim_ram_1p_scr.sv'
                       /home/dungpc/ndmoney4porche/projects/ibex/rtl/ibex_top.sv:698:1: ... note: In file included from 'ibex_top.sv'
                       /home/dungpc/ndmoney4porche/projects/ibex/doc/dungpc/secure_ibex/evidence/secure.harness.sv:2:8: ... Location of module with timescale
    2 | module top_tb;
      |        ^~~~~~
%Warning-TIMESCALEMOD: /home/dungpc/ndmoney4porche/projects/ibex/vendor/lowrisc_ip/ip/prim/rtl/prim_secded_inv_22_16_enc.sv:7:8: Timescale missing on this module as other modules have it (IEEE 1800-2017 3.14.2.3)
    7 | module prim_secded_inv_22_16_enc (
      |        ^~~~~~~~~~~~~~~~~~~~~~~~~
                       /home/dungpc/ndmoney4porche/projects/ibex/vendor/lowrisc_ip/ip/prim/rtl/prim_ram_1p_adv.sv:255:1: ... note: In file included from 'prim_ram_1p_adv.sv'
                       /home/dungpc/ndmoney4porche/projects/ibex/vendor/lowrisc_ip/ip/prim/rtl/prim_ram_1p_scr.sv:498:1: ... note: In file included from 'prim_ram_1p_scr.sv'
                       /home/dungpc/ndmoney4porche/projects/ibex/rtl/ibex_top.sv:698:1: ... note: In file included from 'ibex_top.sv'
                       /home/dungpc/ndmoney4porche/projects/ibex/doc/dungpc/secure_ibex/evidence/secure.harness.sv:2:8: ... Location of module with timescale
    2 | module top_tb;
      |        ^~~~~~
%Warning-TIMESCALEMOD: /home/dungpc/ndmoney4porche/projects/ibex/vendor/lowrisc_ip/ip/prim/rtl/prim_secded_inv_22_16_dec.sv:7:8: Timescale missing on this module as other modules have it (IEEE 1800-2017 3.14.2.3)
    7 | module prim_secded_inv_22_16_dec (
      |        ^~~~~~~~~~~~~~~~~~~~~~~~~
                       /home/dungpc/ndmoney4porche/projects/ibex/vendor/lowrisc_ip/ip/prim/rtl/prim_ram_1p_adv.sv:259:1: ... note: In file included from 'prim_ram_1p_adv.sv'
                       /home/dungpc/ndmoney4porche/projects/ibex/vendor/lowrisc_ip/ip/prim/rtl/prim_ram_1p_scr.sv:498:1: ... note: In file included from 'prim_ram_1p_scr.sv'
                       /home/dungpc/ndmoney4porche/projects/ibex/rtl/ibex_top.sv:698:1: ... note: In file included from 'ibex_top.sv'
                       /home/dungpc/ndmoney4porche/projects/ibex/doc/dungpc/secure_ibex/evidence/secure.harness.sv:2:8: ... Location of module with timescale
    2 | module top_tb;
      |        ^~~~~~
%Warning-TIMESCALEMOD: /home/dungpc/ndmoney4porche/projects/ibex/vendor/lowrisc_ip/ip/prim/rtl/prim_secded_inv_hamming_39_32_enc.sv:7:8: Timescale missing on this module as other modules have it (IEEE 1800-2017 3.14.2.3)
    7 | module prim_secded_inv_hamming_39_32_enc (
      |        ^~~~~~~~~~~~~~~~~~~~~~~~~~~~~~~~~
                       /home/dungpc/ndmoney4porche/projects/ibex/vendor/lowrisc_ip/ip/prim/rtl/prim_ram_1p_adv.sv:268:1: ... note: In file included from 'prim_ram_1p_adv.sv'
                       /home/dungpc/ndmoney4porche/projects/ibex/vendor/lowrisc_ip/ip/prim/rtl/prim_ram_1p_scr.sv:498:1: ... note: In file included from 'prim_ram_1p_scr.sv'
                       /home/dungpc/ndmoney4porche/projects/ibex/rtl/ibex_top.sv:698:1: ... note: In file included from 'ibex_top.sv'
                       /home/dungpc/ndmoney4porche/projects/ibex/doc/dungpc/secure_ibex/evidence/secure.harness.sv:2:8: ... Location of module with timescale
    2 | module top_tb;
      |        ^~~~~~
%Warning-TIMESCALEMOD: /home/dungpc/ndmoney4porche/projects/ibex/vendor/lowrisc_ip/ip/prim/rtl/prim_secded_inv_hamming_39_32_dec.sv:7:8: Timescale missing on this module as other modules have it (IEEE 1800-2017 3.14.2.3)
    7 | module prim_secded_inv_hamming_39_32_dec (
      |        ^~~~~~~~~~~~~~~~~~~~~~~~~~~~~~~~~
                       /home/dungpc/ndmoney4porche/projects/ibex/vendor/lowrisc_ip/ip/prim/rtl/prim_ram_1p_adv.sv:272:1: ... note: In file included from 'prim_ram_1p_adv.sv'
                       /home/dungpc/ndmoney4porche/projects/ibex/vendor/lowrisc_ip/ip/prim/rtl/prim_ram_1p_scr.sv:498:1: ... note: In file included from 'prim_ram_1p_scr.sv'
                       /home/dungpc/ndmoney4porche/projects/ibex/rtl/ibex_top.sv:698:1: ... note: In file included from 'ibex_top.sv'
                       /home/dungpc/ndmoney4porche/projects/ibex/doc/dungpc/secure_ibex/evidence/secure.harness.sv:2:8: ... Location of module with timescale
    2 | module top_tb;
      |        ^~~~~~
%Warning-WIDTHTRUNC: /home/dungpc/ndmoney4porche/projects/ibex/doc/dungpc/secure_ibex/evidence/secure.harness.sv:5:17: Operator VAR 'SEC' expects 1 bits on the Initial value, but Initial value's CONST '32'h1' generates 32 bits.
                                                                                                                     : ... note: In instance 'top_tb'
    5 |   parameter bit SEC=0, CACHE=0, PRED=0, DUAL=0, MODE=0, SCR=0, ICECC=0, PMP=0;
      |                 ^~~
%Warning-WIDTHTRUNC: /home/dungpc/ndmoney4porche/projects/ibex/doc/dungpc/secure_ibex/evidence/secure.harness.sv:131:77: Logical operator COND expects 1 bit on the Conditional Test, but Conditional Test's VARREF 'revoked' generates 32 bits.
                                                                                                                       : ... note: In instance 'top_tb'
  131 |       if(bm_wait>0)begin bm_wait--;if(bm_wait==1)begin bmv=1;bmdata=revoked ? 1 : 0;end end
      |                                                                             ^
