CONFIG SEC=1 CACHE=1 PRED=0 DUAL=1 MODE=1 ZC=0 SCR=1 ICECC=1 OFFSET=1 PMP=1
SAMPLE 3 ai=0 ab=0 am=0 pc=0 mismatch=0 rf=0 mode=0
SECDET 3 pc=0 rf=0 intg=0
C 3 00000000 0 0 0 1 0 0
LOCK 4 rst=0 cmp=a mismatch=0 rf=0 cap=0
SAMPLE 4 ai=0 ab=0 am=0 pc=0 mismatch=0 rf=0 mode=0
SECDET 4 pc=0 rf=0 intg=0
C 4 00000000 0 0 0 1 1 0
LOCK 5 rst=1 cmp=a mismatch=0 rf=0 cap=0
SAMPLE 5 ai=0 ab=0 am=0 pc=0 mismatch=0 rf=0 mode=0
SECDET 5 pc=0 rf=0 intg=0
C 5 00000000 0 0 0 0 4 0
LOCK 6 rst=1 cmp=5 mismatch=0 rf=0 cap=0
SAMPLE 6 ai=0 ab=0 am=0 pc=0 mismatch=0 rf=0 mode=0
CSRDBG 6 addr=001 priv=3 dec=0 csr=0 raw=1 pw=0 dbg=0 op=0
SECDET 6 pc=0 rf=0 intg=0
C 6 00000080 1 0 0 0 5 0
LOCK 7 rst=1 cmp=5 mismatch=0 rf=0 cap=0
SAMPLE 7 ai=0 ab=0 am=0 pc=0 mismatch=0 rf=0 mode=0
W 7 1 00000001 000000000
CSRDBG 7 addr=7c0 priv=3 dec=0 csr=0 raw=0 pw=0 dbg=0 op=1
SECDET 7 pc=0 rf=0 intg=0
C 7 00000084 1 0 0 0 5 0
LOCK 8 rst=1 cmp=5 mismatch=0 rf=0 cap=0
SAMPLE 8 ai=0 ab=0 am=0 pc=0 mismatch=0 rf=0 mode=0
CSRDBG 8 addr=7c0 priv=3 dec=0 csr=0 raw=0 pw=0 dbg=0 op=1
SECDET 8 pc=0 rf=0 intg=0
R 8 1 00000080 00100093
C 8 00000084 1 0 0 0 6 0
LOCK 9 rst=1 cmp=5 mismatch=0 rf=0 cap=0
SAMPLE 9 ai=0 ab=0 am=0 pc=0 mismatch=0 rf=0 mode=0
SECDET 9 pc=0 rf=0 intg=0
R 9 2 00000084 7c009073
C 9 00000084 0 0 0 0 5 0
LOCK 10 rst=1 cmp=5 mismatch=0 rf=0 cap=0
SAMPLE 10 ai=0 ab=0 am=0 pc=0 mismatch=0 rf=0 mode=0
CSRDBG 10 addr=03d priv=3 dec=0 csr=0 raw=1 pw=0 dbg=0 op=0
SECDET 10 pc=0 rf=0 intg=0
C 10 00000088 1 0 0 0 5 0
LOCK 11 rst=1 cmp=5 mismatch=0 rf=0 cap=0
SAMPLE 11 ai=0 ab=0 am=0 pc=0 mismatch=0 rf=0 mode=0
W 11 1 00000000 17e3e0000
CSRDBG 11 addr=200 priv=3 dec=0 csr=0 raw=1 pw=0 dbg=0 op=0
SECDET 11 pc=0 rf=0 intg=0
C 11 0000008c 1 0 0 0 5 0
LOCK 12 rst=1 cmp=5 mismatch=0 rf=0 cap=0
SAMPLE 12 ai=0 ab=0 am=0 pc=0 mismatch=0 rf=0 mode=0
W 12 1 00000200 17e3e0000
CSRDBG 12 addr=000 priv=3 dec=0 csr=0 raw=1 pw=0 dbg=0 op=0
SECDET 12 pc=0 rf=0 intg=0
R 12 3 00000088 03d000db
C 12 00000090 1 1 0 0 5 0
D 12 0 00000200 f 00000000 tag=1
LOCK 13 rst=1 cmp=5 mismatch=0 rf=0 cap=0
SAMPLE 13 ai=0 ab=0 am=0 pc=0 mismatch=0 rf=0 mode=0
CSRDBG 13 addr=000 priv=3 dec=0 csr=0 raw=1 pw=0 dbg=0 op=0
SECDET 13 pc=0 rf=0 intg=0
R 13 4 0000008c 200090db
C 13 00000090 1 0 0 0 5 0
D 13 0 00000204 f 00000000 tag=1
LOCK 14 rst=1 cmp=5 mismatch=0 rf=0 cap=0
SAMPLE 14 ai=0 ab=0 am=0 pc=0 mismatch=0 rf=0 mode=0
CSRDBG 14 addr=fe4 priv=3 dec=0 csr=0 raw=1 pw=0 dbg=0 op=0
SECDET 14 pc=0 rf=0 intg=0
C 14 00000094 1 1 0 0 5 0
B 14 00000000
LOCK 15 rst=1 cmp=5 mismatch=0 rf=0 cap=0
SAMPLE 15 ai=0 ab=0 am=0 pc=0 mismatch=0 rf=0 mode=0
CSRDBG 15 addr=fe4 priv=3 dec=0 csr=0 raw=1 pw=0 dbg=0 op=0
SECDET 15 pc=0 rf=0 intg=0
C 15 00000094 1 1 0 0 5 0
LOCK 16 rst=1 cmp=5 mismatch=0 rf=0 cap=0
SAMPLE 16 ai=0 ab=0 am=0 pc=0 mismatch=0 rf=0 mode=0
CSRDBG 16 addr=fe4 priv=3 dec=0 csr=0 raw=1 pw=0 dbg=0 op=0
SECDET 16 pc=0 rf=0 intg=0
C 16 00000094 1 1 0 0 5 0
LOCK 17 rst=1 cmp=5 mismatch=0 rf=0 cap=0
SAMPLE 17 ai=0 ab=0 am=0 pc=0 mismatch=0 rf=0 mode=0
CSRDBG 17 addr=fe4 priv=3 dec=0 csr=0 raw=1 pw=0 dbg=0 op=0
SECDET 17 pc=0 rf=0 intg=0
C 17 00000094 1 1 0 0 5 0
LOCK 18 rst=1 cmp=5 mismatch=0 rf=0 cap=0
SAMPLE 18 ai=0 ab=0 am=0 pc=0 mismatch=0 rf=0 mode=0
CSRDBG 18 addr=fe4 priv=3 dec=0 csr=0 raw=1 pw=0 dbg=0 op=0
SECDET 18 pc=0 rf=0 intg=0
C 18 00000094 1 1 0 0 5 0
LOCK 19 rst=1 cmp=5 mismatch=0 rf=0 cap=0
SAMPLE 19 ai=0 ab=0 am=0 pc=0 mismatch=0 rf=0 mode=0
CSRDBG 19 addr=fe4 priv=3 dec=0 csr=0 raw=1 pw=0 dbg=0 op=0
SECDET 19 pc=0 rf=0 intg=0
C 19 00000094 1 1 0 0 5 0
LOCK 20 rst=1 cmp=5 mismatch=0 rf=0 cap=0
SAMPLE 20 ai=0 ab=0 am=0 pc=0 mismatch=0 rf=0 mode=0
W 20 2 00001000 17e020000
CSRDBG 20 addr=fe4 priv=3 dec=0 csr=0 raw=1 pw=0 dbg=0 op=0
SECDET 20 pc=0 rf=0 intg=0
C 20 00000094 1 0 0 0 5 0
LOCK 21 rst=1 cmp=5 mismatch=0 rf=0 cap=0
SAMPLE 21 ai=0 ab=0 am=0 pc=0 mismatch=0 rf=0 mode=0
CSRDBG 21 addr=fe4 priv=3 dec=0 csr=0 raw=1 pw=0 dbg=0 op=0
SECDET 21 pc=0 rf=0 intg=0
R 21 5 00000090 0000b103
C 21 00000094 1 0 0 0 5 0
LOCK 22 rst=1 cmp=5 mismatch=0 rf=0 cap=0
SAMPLE 22 ai=0 ab=0 am=0 pc=0 mismatch=0 rf=0 mode=0
W 22 3 00000001 000000000
CSRDBG 22 addr=07b priv=3 dec=0 csr=0 raw=1 pw=0 dbg=0 op=0
SECDET 22 pc=0 rf=0 intg=0
C 22 00000098 1 0 0 0 5 0
LOCK 23 rst=1 cmp=5 mismatch=0 rf=0 cap=0
SAMPLE 23 ai=0 ab=0 am=0 pc=0 mismatch=0 rf=0 mode=0
W 23 15 0000007b 000000000
CSRDBG 23 addr=000 priv=3 dec=0 csr=0 raw=1 pw=0 dbg=0 op=0
SECDET 23 pc=0 rf=0 intg=0
R 23 6 00000094 fe4101db
C 23 0000009c 1 0 0 1 5 0
LOCK 24 rst=1 cmp=5 mismatch=0 rf=0 cap=0
SAMPLE 24 ai=0 ab=0 am=0 pc=0 mismatch=0 rf=0 mode=0
SECDET 24 pc=0 rf=0 intg=0
R 24 7 00000098 07b00793
C 24 0000009c 0 0 0 0 5 0
LOCK 25 rst=1 cmp=5 mismatch=0 rf=0 cap=0
SAMPLE 25 ai=0 ab=0 am=0 pc=0 mismatch=0 rf=0 mode=0
CSRDBG 25 addr=000 priv=3 dec=0 csr=0 raw=1 pw=0 dbg=0 op=0
SECDET 25 pc=0 rf=0 intg=0
R 25 8 0000009c 0000006f
C 25 0000009c 1 0 0 1 5 0
LOCK 26 rst=1 cmp=5 mismatch=0 rf=0 cap=0
SAMPLE 26 ai=0 ab=0 am=0 pc=0 mismatch=0 rf=0 mode=0
SECDET 26 pc=0 rf=0 intg=0
C 26 0000009c 0 0 0 0 5 0
LOCK 27 rst=1 cmp=5 mismatch=0 rf=0 cap=0
SAMPLE 27 ai=0 ab=0 am=0 pc=0 mismatch=0 rf=0 mode=0
CSRDBG 27 addr=000 priv=3 dec=0 csr=0 raw=1 pw=0 dbg=0 op=0
SECDET 27 pc=0 rf=0 intg=0
R 27 9 0000009c 0000006f
C 27 0000009c 1 0 0 1 5 0
LOCK 28 rst=1 cmp=5 mismatch=0 rf=0 cap=0
SAMPLE 28 ai=0 ab=0 am=0 pc=0 mismatch=0 rf=0 mode=0
SECDET 28 pc=0 rf=0 intg=0
C 28 0000009c 0 0 0 0 5 0
LOCK 29 rst=1 cmp=5 mismatch=0 rf=0 cap=0
SAMPLE 29 ai=0 ab=0 am=0 pc=0 mismatch=0 rf=0 mode=0
CSRDBG 29 addr=000 priv=3 dec=0 csr=0 raw=1 pw=0 dbg=0 op=0
SECDET 29 pc=0 rf=0 intg=0
R 29 10 0000009c 0000006f
C 29 0000009c 1 0 0 1 5 0
LOCK 30 rst=1 cmp=5 mismatch=0 rf=0 cap=0
SAMPLE 30 ai=0 ab=0 am=0 pc=0 mismatch=0 rf=0 mode=0
SECDET 30 pc=0 rf=0 intg=0
C 30 0000009c 0 0 0 0 5 0
LOCK 31 rst=1 cmp=5 mismatch=0 rf=0 cap=0
SAMPLE 31 ai=0 ab=0 am=0 pc=0 mismatch=0 rf=0 mode=0
CSRDBG 31 addr=000 priv=3 dec=0 csr=0 raw=1 pw=0 dbg=0 op=0
SECDET 31 pc=0 rf=0 intg=0
R 31 11 0000009c 0000006f
C 31 0000009c 1 0 0 1 5 0
LOCK 32 rst=1 cmp=5 mismatch=0 rf=0 cap=0
SAMPLE 32 ai=0 ab=0 am=0 pc=0 mismatch=0 rf=0 mode=0
SECDET 32 pc=0 rf=0 intg=0
C 32 0000009c 0 0 0 0 5 0
LOCK 33 rst=1 cmp=5 mismatch=0 rf=0 cap=0
SAMPLE 33 ai=0 ab=0 am=0 pc=0 mismatch=0 rf=0 mode=0
CSRDBG 33 addr=000 priv=3 dec=0 csr=0 raw=1 pw=0 dbg=0 op=0
SECDET 33 pc=0 rf=0 intg=0
R 33 12 0000009c 0000006f
C 33 0000009c 1 0 0 1 5 0
LOCK 34 rst=1 cmp=5 mismatch=0 rf=0 cap=0
SAMPLE 34 ai=0 ab=0 am=0 pc=0 mismatch=0 rf=0 mode=0
SECDET 34 pc=0 rf=0 intg=0
C 34 0000009c 0 0 0 0 5 0
LOCK 35 rst=1 cmp=5 mismatch=0 rf=0 cap=0
SAMPLE 35 ai=0 ab=0 am=0 pc=0 mismatch=0 rf=0 mode=0
CSRDBG 35 addr=000 priv=3 dec=0 csr=0 raw=1 pw=0 dbg=0 op=0
SECDET 35 pc=0 rf=0 intg=0
R 35 13 0000009c 0000006f
C 35 0000009c 1 0 0 1 5 0
LOCK 36 rst=1 cmp=5 mismatch=0 rf=0 cap=0
SAMPLE 36 ai=0 ab=0 am=0 pc=0 mismatch=0 rf=0 mode=0
SECDET 36 pc=0 rf=0 intg=0
C 36 0000009c 0 0 0 0 5 0
LOCK 37 rst=1 cmp=5 mismatch=0 rf=0 cap=0
SAMPLE 37 ai=0 ab=0 am=0 pc=0 mismatch=0 rf=0 mode=0
CSRDBG 37 addr=000 priv=3 dec=0 csr=0 raw=1 pw=0 dbg=0 op=0
SECDET 37 pc=0 rf=0 intg=0
R 37 14 0000009c 0000006f
C 37 0000009c 1 0 0 1 5 0
LOCK 38 rst=1 cmp=5 mismatch=0 rf=0 cap=0
SAMPLE 38 ai=0 ab=0 am=0 pc=0 mismatch=0 rf=0 mode=0
SECDET 38 pc=0 rf=0 intg=0
C 38 0000009c 0 0 0 0 5 0
LOCK 39 rst=1 cmp=5 mismatch=0 rf=0 cap=0
SAMPLE 39 ai=0 ab=0 am=0 pc=0 mismatch=0 rf=0 mode=0
CSRDBG 39 addr=000 priv=3 dec=0 csr=0 raw=1 pw=0 dbg=0 op=0
SECDET 39 pc=0 rf=0 intg=0
R 39 15 0000009c 0000006f
C 39 0000009c 1 0 0 1 5 0
LOCK 40 rst=1 cmp=5 mismatch=0 rf=0 cap=0
SAMPLE 40 ai=0 ab=0 am=0 pc=0 mismatch=0 rf=0 mode=0
SECDET 40 pc=0 rf=0 intg=0
C 40 0000009c 0 0 0 0 5 0
LOCK 41 rst=1 cmp=5 mismatch=0 rf=0 cap=0
SAMPLE 41 ai=0 ab=0 am=0 pc=0 mismatch=0 rf=0 mode=0
CSRDBG 41 addr=000 priv=3 dec=0 csr=0 raw=1 pw=0 dbg=0 op=0
SECDET 41 pc=0 rf=0 intg=0
R 41 16 0000009c 0000006f
C 41 0000009c 1 0 0 1 5 0
LOCK 42 rst=1 cmp=5 mismatch=0 rf=0 cap=0
SAMPLE 42 ai=0 ab=0 am=0 pc=0 mismatch=0 rf=0 mode=0
SECDET 42 pc=0 rf=0 intg=0
C 42 0000009c 0 0 0 0 5 0
LOCK 43 rst=1 cmp=5 mismatch=0 rf=0 cap=0
SAMPLE 43 ai=0 ab=0 am=0 pc=0 mismatch=0 rf=0 mode=0
CSRDBG 43 addr=000 priv=3 dec=0 csr=0 raw=1 pw=0 dbg=0 op=0
SECDET 43 pc=0 rf=0 intg=0
R 43 17 0000009c 0000006f
C 43 0000009c 1 0 0 1 5 0
LOCK 44 rst=1 cmp=5 mismatch=0 rf=0 cap=0
SAMPLE 44 ai=0 ab=0 am=0 pc=0 mismatch=0 rf=0 mode=0
SECDET 44 pc=0 rf=0 intg=0
C 44 0000009c 0 0 0 0 5 0
LOCK 45 rst=1 cmp=5 mismatch=0 rf=0 cap=0
SAMPLE 45 ai=0 ab=0 am=0 pc=0 mismatch=0 rf=0 mode=0
CSRDBG 45 addr=000 priv=3 dec=0 csr=0 raw=1 pw=0 dbg=0 op=0
SECDET 45 pc=0 rf=0 intg=0
R 45 18 0000009c 0000006f
C 45 0000009c 1 0 0 1 5 0
LOCK 46 rst=1 cmp=5 mismatch=0 rf=0 cap=0
SAMPLE 46 ai=0 ab=0 am=0 pc=0 mismatch=0 rf=0 mode=0
SECDET 46 pc=0 rf=0 intg=0
C 46 0000009c 0 0 0 0 5 0
LOCK 47 rst=1 cmp=5 mismatch=0 rf=0 cap=0
SAMPLE 47 ai=0 ab=0 am=0 pc=0 mismatch=0 rf=0 mode=0
CSRDBG 47 addr=000 priv=3 dec=0 csr=0 raw=1 pw=0 dbg=0 op=0
SECDET 47 pc=0 rf=0 intg=0
R 47 19 0000009c 0000006f
C 47 0000009c 1 0 0 1 5 0
LOCK 48 rst=1 cmp=5 mismatch=0 rf=0 cap=0
SAMPLE 48 ai=0 ab=0 am=0 pc=0 mismatch=0 rf=0 mode=0
SECDET 48 pc=0 rf=0 intg=0
C 48 0000009c 0 0 0 0 5 0
LOCK 49 rst=1 cmp=5 mismatch=0 rf=0 cap=0
SAMPLE 49 ai=0 ab=0 am=0 pc=0 mismatch=0 rf=0 mode=0
CSRDBG 49 addr=000 priv=3 dec=0 csr=0 raw=1 pw=0 dbg=0 op=0
SECDET 49 pc=0 rf=0 intg=0
R 49 20 0000009c 0000006f
C 49 0000009c 1 0 0 1 5 0
LOCK 50 rst=1 cmp=5 mismatch=0 rf=0 cap=0
SAMPLE 50 ai=0 ab=0 am=0 pc=0 mismatch=0 rf=0 mode=0
SECDET 50 pc=0 rf=0 intg=0
C 50 0000009c 0 0 0 0 5 0
LOCK 51 rst=1 cmp=5 mismatch=0 rf=0 cap=0
SAMPLE 51 ai=0 ab=0 am=0 pc=0 mismatch=0 rf=0 mode=0
CSRDBG 51 addr=000 priv=3 dec=0 csr=0 raw=1 pw=0 dbg=0 op=0
SECDET 51 pc=0 rf=0 intg=0
R 51 21 0000009c 0000006f
C 51 0000009c 1 0 0 1 5 0
LOCK 52 rst=1 cmp=5 mismatch=0 rf=0 cap=0
SAMPLE 52 ai=0 ab=0 am=0 pc=0 mismatch=0 rf=0 mode=0
SECDET 52 pc=0 rf=0 intg=0
C 52 0000009c 0 0 0 0 5 0
LOCK 53 rst=1 cmp=5 mismatch=0 rf=0 cap=0
SAMPLE 53 ai=0 ab=0 am=0 pc=0 mismatch=0 rf=0 mode=0
CSRDBG 53 addr=000 priv=3 dec=0 csr=0 raw=1 pw=0 dbg=0 op=0
SECDET 53 pc=0 rf=0 intg=0
R 53 22 0000009c 0000006f
C 53 0000009c 1 0 0 1 5 0
LOCK 54 rst=1 cmp=5 mismatch=0 rf=0 cap=0
SAMPLE 54 ai=0 ab=0 am=0 pc=0 mismatch=0 rf=0 mode=0
SECDET 54 pc=0 rf=0 intg=0
C 54 0000009c 0 0 0 0 5 0
LOCK 55 rst=1 cmp=5 mismatch=0 rf=0 cap=0
SAMPLE 55 ai=0 ab=0 am=0 pc=0 mismatch=0 rf=0 mode=0
CSRDBG 55 addr=000 priv=3 dec=0 csr=0 raw=1 pw=0 dbg=0 op=0
SECDET 55 pc=0 rf=0 intg=0
R 55 23 0000009c 0000006f
C 55 0000009c 1 0 0 1 5 0
LOCK 56 rst=1 cmp=5 mismatch=0 rf=0 cap=0
SAMPLE 56 ai=0 ab=0 am=0 pc=0 mismatch=0 rf=0 mode=0
SECDET 56 pc=0 rf=0 intg=0
C 56 0000009c 0 0 0 0 5 0
LOCK 57 rst=1 cmp=5 mismatch=0 rf=0 cap=0
SAMPLE 57 ai=0 ab=0 am=0 pc=0 mismatch=0 rf=0 mode=0
CSRDBG 57 addr=000 priv=3 dec=0 csr=0 raw=1 pw=0 dbg=0 op=0
SECDET 57 pc=0 rf=0 intg=0
R 57 24 0000009c 0000006f
C 57 0000009c 1 0 0 1 5 0
LOCK 58 rst=1 cmp=5 mismatch=0 rf=0 cap=0
SAMPLE 58 ai=0 ab=0 am=0 pc=0 mismatch=0 rf=0 mode=0
SECDET 58 pc=0 rf=0 intg=0
C 58 0000009c 0 0 0 0 5 0
LOCK 59 rst=1 cmp=5 mismatch=0 rf=0 cap=0
SAMPLE 59 ai=0 ab=0 am=0 pc=0 mismatch=0 rf=0 mode=0
CSRDBG 59 addr=000 priv=3 dec=0 csr=0 raw=1 pw=0 dbg=0 op=0
SECDET 59 pc=0 rf=0 intg=0
R 59 25 0000009c 0000006f
C 59 0000009c 1 0 0 1 5 0
LOCK 60 rst=1 cmp=5 mismatch=0 rf=0 cap=0
SAMPLE 60 ai=0 ab=0 am=0 pc=0 mismatch=0 rf=0 mode=0
SECDET 60 pc=0 rf=0 intg=0
C 60 0000009c 0 0 0 0 5 0
LOCK 61 rst=1 cmp=5 mismatch=0 rf=0 cap=0
SAMPLE 61 ai=0 ab=0 am=0 pc=0 mismatch=0 rf=0 mode=0
CSRDBG 61 addr=000 priv=3 dec=0 csr=0 raw=1 pw=0 dbg=0 op=0
SECDET 61 pc=0 rf=0 intg=0
R 61 26 0000009c 0000006f
C 61 0000009c 1 0 0 1 5 0
LOCK 62 rst=1 cmp=5 mismatch=0 rf=0 cap=0
SAMPLE 62 ai=0 ab=0 am=0 pc=0 mismatch=0 rf=0 mode=0
SECDET 62 pc=0 rf=0 intg=0
C 62 0000009c 0 0 0 0 5 0
LOCK 63 rst=1 cmp=5 mismatch=0 rf=0 cap=0
SAMPLE 63 ai=0 ab=0 am=0 pc=0 mismatch=0 rf=0 mode=0
CSRDBG 63 addr=000 priv=3 dec=0 csr=0 raw=1 pw=0 dbg=0 op=0
SECDET 63 pc=0 rf=0 intg=0
R 63 27 0000009c 0000006f
C 63 0000009c 1 0 0 1 5 0
LOCK 64 rst=1 cmp=5 mismatch=0 rf=0 cap=0
SAMPLE 64 ai=0 ab=0 am=0 pc=0 mismatch=0 rf=0 mode=0
SECDET 64 pc=0 rf=0 intg=0
C 64 0000009c 0 0 0 0 5 0
LOCK 65 rst=1 cmp=5 mismatch=0 rf=0 cap=0
SAMPLE 65 ai=0 ab=0 am=0 pc=0 mismatch=0 rf=0 mode=0
CSRDBG 65 addr=000 priv=3 dec=0 csr=0 raw=1 pw=0 dbg=0 op=0
SECDET 65 pc=0 rf=0 intg=0
R 65 28 0000009c 0000006f
C 65 0000009c 1 0 0 1 5 0
LOCK 66 rst=1 cmp=5 mismatch=0 rf=0 cap=0
SAMPLE 66 ai=0 ab=0 am=0 pc=0 mismatch=0 rf=0 mode=0
SECDET 66 pc=0 rf=0 intg=0
C 66 0000009c 0 0 0 0 5 0
LOCK 67 rst=1 cmp=5 mismatch=0 rf=0 cap=0
SAMPLE 67 ai=0 ab=0 am=0 pc=0 mismatch=0 rf=0 mode=0
CSRDBG 67 addr=000 priv=3 dec=0 csr=0 raw=1 pw=0 dbg=0 op=0
SECDET 67 pc=0 rf=0 intg=0
R 67 29 0000009c 0000006f
C 67 0000009c 1 0 0 1 5 0
LOCK 68 rst=1 cmp=5 mismatch=0 rf=0 cap=0
SAMPLE 68 ai=0 ab=0 am=0 pc=0 mismatch=0 rf=0 mode=0
SECDET 68 pc=0 rf=0 intg=0
C 68 0000009c 0 0 0 0 5 0
LOCK 69 rst=1 cmp=5 mismatch=0 rf=0 cap=0
SAMPLE 69 ai=0 ab=0 am=0 pc=0 mismatch=0 rf=0 mode=0
CSRDBG 69 addr=000 priv=3 dec=0 csr=0 raw=1 pw=0 dbg=0 op=0
SECDET 69 pc=0 rf=0 intg=0
R 69 30 0000009c 0000006f
C 69 0000009c 1 0 0 1 5 0
LOCK 70 rst=1 cmp=5 mismatch=0 rf=0 cap=0
SAMPLE 70 ai=0 ab=0 am=0 pc=0 mismatch=0 rf=0 mode=0
SECDET 70 pc=0 rf=0 intg=0
C 70 0000009c 0 0 0 0 5 0
LOCK 71 rst=1 cmp=5 mismatch=0 rf=0 cap=0
SAMPLE 71 ai=0 ab=0 am=0 pc=0 mismatch=0 rf=0 mode=0
CSRDBG 71 addr=000 priv=3 dec=0 csr=0 raw=1 pw=0 dbg=0 op=0
SECDET 71 pc=0 rf=0 intg=0
R 71 31 0000009c 0000006f
C 71 0000009c 1 0 0 1 5 0
LOCK 72 rst=1 cmp=5 mismatch=0 rf=0 cap=0
SAMPLE 72 ai=0 ab=0 am=0 pc=0 mismatch=0 rf=0 mode=0
SECDET 72 pc=0 rf=0 intg=0
C 72 0000009c 0 0 0 0 5 0
LOCK 73 rst=1 cmp=5 mismatch=0 rf=0 cap=0
SAMPLE 73 ai=0 ab=0 am=0 pc=0 mismatch=0 rf=0 mode=0
CSRDBG 73 addr=000 priv=3 dec=0 csr=0 raw=1 pw=0 dbg=0 op=0
SECDET 73 pc=0 rf=0 intg=0
R 73 32 0000009c 0000006f
C 73 0000009c 1 0 0 1 5 0
LOCK 74 rst=1 cmp=5 mismatch=0 rf=0 cap=0
SAMPLE 74 ai=0 ab=0 am=0 pc=0 mismatch=0 rf=0 mode=0
SECDET 74 pc=0 rf=0 intg=0
C 74 0000009c 0 0 0 0 5 0
LOCK 75 rst=1 cmp=5 mismatch=0 rf=0 cap=0
SAMPLE 75 ai=0 ab=0 am=0 pc=0 mismatch=0 rf=0 mode=0
CSRDBG 75 addr=000 priv=3 dec=0 csr=0 raw=1 pw=0 dbg=0 op=0
SECDET 75 pc=0 rf=0 intg=0
R 75 33 0000009c 0000006f
C 75 0000009c 1 0 0 1 5 0
LOCK 76 rst=1 cmp=5 mismatch=0 rf=0 cap=0
SAMPLE 76 ai=0 ab=0 am=0 pc=0 mismatch=0 rf=0 mode=0
SECDET 76 pc=0 rf=0 intg=0
C 76 0000009c 0 0 0 0 5 0
LOCK 77 rst=1 cmp=5 mismatch=0 rf=0 cap=0
SAMPLE 77 ai=0 ab=0 am=0 pc=0 mismatch=0 rf=0 mode=0
CSRDBG 77 addr=000 priv=3 dec=0 csr=0 raw=1 pw=0 dbg=0 op=0
SECDET 77 pc=0 rf=0 intg=0
R 77 34 0000009c 0000006f
C 77 0000009c 1 0 0 1 5 0
LOCK 78 rst=1 cmp=5 mismatch=0 rf=0 cap=0
SAMPLE 78 ai=0 ab=0 am=0 pc=0 mismatch=0 rf=0 mode=0
SECDET 78 pc=0 rf=0 intg=0
C 78 0000009c 0 0 0 0 5 0
LOCK 79 rst=1 cmp=5 mismatch=0 rf=0 cap=0
SAMPLE 79 ai=0 ab=0 am=0 pc=0 mismatch=0 rf=0 mode=0
CSRDBG 79 addr=000 priv=3 dec=0 csr=0 raw=1 pw=0 dbg=0 op=0
SECDET 79 pc=0 rf=0 intg=0
R 79 35 0000009c 0000006f
C 79 0000009c 1 0 0 1 5 0
LOCK 80 rst=1 cmp=5 mismatch=0 rf=0 cap=0
SAMPLE 80 ai=0 ab=0 am=0 pc=0 mismatch=0 rf=0 mode=0
SECDET 80 pc=0 rf=0 intg=0
C 80 0000009c 0 0 0 0 5 0
LOCK 81 rst=1 cmp=5 mismatch=0 rf=0 cap=0
SAMPLE 81 ai=0 ab=0 am=0 pc=0 mismatch=0 rf=0 mode=0
SECDET 81 pc=0 rf=0 intg=0
R 81 36 0000009c 0000006f
C 81 0000009c 1 0 0 1 5 0
LOCK 82 rst=1 cmp=5 mismatch=0 rf=0 cap=0
SAMPLE 82 ai=0 ab=0 am=0 pc=0 mismatch=0 rf=0 mode=0
SECDET 82 pc=0 rf=0 intg=0
C 82 0000009c 0 0 0 0 5 0
LOCK 83 rst=1 cmp=5 mismatch=0 rf=0 cap=0
SAMPLE 83 ai=0 ab=0 am=0 pc=0 mismatch=0 rf=0 mode=0
SECDET 83 pc=0 rf=0 intg=0
R 83 37 0000009c 0000006f
C 83 0000009c 1 0 0 1 5 0
LOCK 84 rst=1 cmp=5 mismatch=0 rf=0 cap=0
SAMPLE 84 ai=0 ab=0 am=0 pc=0 mismatch=0 rf=0 mode=0
SECDET 84 pc=0 rf=0 intg=0
C 84 0000009c 0 0 0 0 5 0
LOCK 85 rst=1 cmp=5 mismatch=0 rf=0 cap=0
SAMPLE 85 ai=0 ab=0 am=0 pc=0 mismatch=0 rf=0 mode=0
SECDET 85 pc=0 rf=0 intg=0
R 85 38 0000009c 0000006f
C 85 0000009c 1 0 0 1 5 0
LOCK 86 rst=1 cmp=5 mismatch=0 rf=0 cap=0
SAMPLE 86 ai=0 ab=0 am=0 pc=0 mismatch=0 rf=0 mode=0
SECDET 86 pc=0 rf=0 intg=0
C 86 0000009c 0 0 0 0 5 0
LOCK 87 rst=1 cmp=5 mismatch=0 rf=0 cap=0
SAMPLE 87 ai=0 ab=0 am=0 pc=0 mismatch=0 rf=0 mode=0
SECDET 87 pc=0 rf=0 intg=0
R 87 39 0000009c 0000006f
C 87 0000009c 1 0 0 1 5 0
LOCK 88 rst=1 cmp=5 mismatch=0 rf=0 cap=0
SAMPLE 88 ai=0 ab=0 am=0 pc=0 mismatch=0 rf=0 mode=0
SECDET 88 pc=0 rf=0 intg=0
C 88 0000009c 0 0 0 0 5 0
LOCK 89 rst=1 cmp=5 mismatch=0 rf=0 cap=0
SAMPLE 89 ai=0 ab=0 am=0 pc=0 mismatch=0 rf=0 mode=0
SECDET 89 pc=0 rf=0 intg=0
R 89 40 0000009c 0000006f
C 89 0000009c 1 0 0 1 5 0
LOCK 90 rst=1 cmp=5 mismatch=0 rf=0 cap=0
SAMPLE 90 ai=0 ab=0 am=0 pc=0 mismatch=0 rf=0 mode=0
SECDET 90 pc=0 rf=0 intg=0
C 90 0000009c 0 0 0 0 5 0
LOCK 91 rst=1 cmp=5 mismatch=0 rf=0 cap=0
SAMPLE 91 ai=0 ab=0 am=0 pc=0 mismatch=0 rf=0 mode=0
SECDET 91 pc=0 rf=0 intg=0
R 91 41 0000009c 0000006f
C 91 0000009c 1 0 0 1 5 0
LOCK 92 rst=1 cmp=5 mismatch=0 rf=0 cap=0
SAMPLE 92 ai=0 ab=0 am=0 pc=0 mismatch=0 rf=0 mode=0
SECDET 92 pc=0 rf=0 intg=0
C 92 0000009c 0 0 0 0 5 0
LOCK 93 rst=1 cmp=5 mismatch=0 rf=0 cap=0
SAMPLE 93 ai=0 ab=0 am=0 pc=0 mismatch=0 rf=0 mode=0
SECDET 93 pc=0 rf=0 intg=0
R 93 42 0000009c 0000006f
C 93 0000009c 1 0 0 1 5 0
LOCK 94 rst=1 cmp=5 mismatch=0 rf=0 cap=0
SAMPLE 94 ai=0 ab=0 am=0 pc=0 mismatch=0 rf=0 mode=0
SECDET 94 pc=0 rf=0 intg=0
C 94 0000009c 0 0 0 0 5 0
LOCK 95 rst=1 cmp=5 mismatch=0 rf=0 cap=0
SAMPLE 95 ai=0 ab=0 am=0 pc=0 mismatch=0 rf=0 mode=0
SECDET 95 pc=0 rf=0 intg=0
R 95 43 0000009c 0000006f
C 95 0000009c 1 0 0 1 5 0
LOCK 96 rst=1 cmp=5 mismatch=0 rf=0 cap=0
SAMPLE 96 ai=0 ab=0 am=0 pc=0 mismatch=0 rf=0 mode=0
SECDET 96 pc=0 rf=0 intg=0
C 96 0000009c 0 0 0 0 5 0
LOCK 97 rst=1 cmp=5 mismatch=0 rf=0 cap=0
SAMPLE 97 ai=0 ab=0 am=0 pc=0 mismatch=0 rf=0 mode=0
SECDET 97 pc=0 rf=0 intg=0
R 97 44 0000009c 0000006f
C 97 0000009c 1 0 0 1 5 0
LOCK 98 rst=1 cmp=5 mismatch=0 rf=0 cap=0
SAMPLE 98 ai=0 ab=0 am=0 pc=0 mismatch=0 rf=0 mode=0
SECDET 98 pc=0 rf=0 intg=0
C 98 0000009c 0 0 0 0 5 0
LOCK 99 rst=1 cmp=5 mismatch=0 rf=0 cap=0
SAMPLE 99 ai=0 ab=0 am=0 pc=0 mismatch=0 rf=0 mode=0
SECDET 99 pc=0 rf=0 intg=0
R 99 45 0000009c 0000006f
C 99 0000009c 1 0 0 1 5 0
LOCK 100 rst=1 cmp=5 mismatch=0 rf=0 cap=0
SAMPLE 100 ai=0 ab=0 am=0 pc=0 mismatch=0 rf=0 mode=0
SECDET 100 pc=0 rf=0 intg=0
C 100 0000009c 0 0 0 0 5 0
LOCK 101 rst=1 cmp=5 mismatch=0 rf=0 cap=0
SAMPLE 101 ai=0 ab=0 am=0 pc=0 mismatch=0 rf=0 mode=0
SECDET 101 pc=0 rf=0 intg=0
R 101 46 0000009c 0000006f
C 101 0000009c 1 0 0 1 5 0
LOCK 102 rst=1 cmp=5 mismatch=0 rf=0 cap=0
SAMPLE 102 ai=0 ab=0 am=0 pc=0 mismatch=0 rf=0 mode=0
SECDET 102 pc=0 rf=0 intg=0
C 102 0000009c 0 0 0 0 5 0
LOCK 103 rst=1 cmp=5 mismatch=0 rf=0 cap=0
SAMPLE 103 ai=0 ab=0 am=0 pc=0 mismatch=0 rf=0 mode=0
SECDET 103 pc=0 rf=0 intg=0
R 103 47 0000009c 0000006f
C 103 0000009c 1 0 0 1 5 0
LOCK 104 rst=1 cmp=5 mismatch=0 rf=0 cap=0
SAMPLE 104 ai=0 ab=0 am=0 pc=0 mismatch=0 rf=0 mode=0
SECDET 104 pc=0 rf=0 intg=0
C 104 0000009c 0 0 0 0 5 0
LOCK 105 rst=1 cmp=5 mismatch=0 rf=0 cap=0
SAMPLE 105 ai=0 ab=0 am=0 pc=0 mismatch=0 rf=0 mode=0
SECDET 105 pc=0 rf=0 intg=0
R 105 48 0000009c 0000006f
C 105 0000009c 1 0 0 1 5 0
LOCK 106 rst=1 cmp=5 mismatch=0 rf=0 cap=0
SAMPLE 106 ai=0 ab=0 am=0 pc=0 mismatch=0 rf=0 mode=0
SECDET 106 pc=0 rf=0 intg=0
C 106 0000009c 0 0 0 0 5 0
LOCK 107 rst=1 cmp=5 mismatch=0 rf=0 cap=0
SAMPLE 107 ai=0 ab=0 am=0 pc=0 mismatch=0 rf=0 mode=0
SECDET 107 pc=0 rf=0 intg=0
R 107 49 0000009c 0000006f
C 107 0000009c 1 0 0 1 5 0
LOCK 108 rst=1 cmp=5 mismatch=0 rf=0 cap=0
SAMPLE 108 ai=0 ab=0 am=0 pc=0 mismatch=0 rf=0 mode=0
SECDET 108 pc=0 rf=0 intg=0
C 108 0000009c 0 0 0 0 5 0
LOCK 109 rst=1 cmp=5 mismatch=0 rf=0 cap=0
SAMPLE 109 ai=0 ab=0 am=0 pc=0 mismatch=0 rf=0 mode=0
SECDET 109 pc=0 rf=0 intg=0
R 109 50 0000009c 0000006f
C 109 0000009c 1 0 0 1 5 0
LOCK 110 rst=1 cmp=5 mismatch=0 rf=0 cap=0
SAMPLE 110 ai=0 ab=0 am=0 pc=0 mismatch=0 rf=0 mode=0
SECDET 110 pc=0 rf=0 intg=0
C 110 0000009c 0 0 0 0 5 0
LOCK 111 rst=1 cmp=5 mismatch=0 rf=0 cap=0
SAMPLE 111 ai=0 ab=0 am=0 pc=0 mismatch=0 rf=0 mode=0
SECDET 111 pc=0 rf=0 intg=0
R 111 51 0000009c 0000006f
C 111 0000009c 1 0 0 1 5 0
LOCK 112 rst=1 cmp=5 mismatch=0 rf=0 cap=0
SAMPLE 112 ai=0 ab=0 am=0 pc=0 mismatch=0 rf=0 mode=0
SECDET 112 pc=0 rf=0 intg=0
C 112 0000009c 0 0 0 0 5 0
LOCK 113 rst=1 cmp=5 mismatch=0 rf=0 cap=0
SAMPLE 113 ai=0 ab=0 am=0 pc=0 mismatch=0 rf=0 mode=0
SECDET 113 pc=0 rf=0 intg=0
R 113 52 0000009c 0000006f
C 113 0000009c 1 0 0 1 5 0
LOCK 114 rst=1 cmp=5 mismatch=0 rf=0 cap=0
SAMPLE 114 ai=0 ab=0 am=0 pc=0 mismatch=0 rf=0 mode=0
SECDET 114 pc=0 rf=0 intg=0
C 114 0000009c 0 0 0 0 5 0
LOCK 115 rst=1 cmp=5 mismatch=0 rf=0 cap=0
SAMPLE 115 ai=0 ab=0 am=0 pc=0 mismatch=0 rf=0 mode=0
SECDET 115 pc=0 rf=0 intg=0
R 115 53 0000009c 0000006f
C 115 0000009c 1 0 0 1 5 0
LOCK 116 rst=1 cmp=5 mismatch=0 rf=0 cap=0
SAMPLE 116 ai=0 ab=0 am=0 pc=0 mismatch=0 rf=0 mode=0
SECDET 116 pc=0 rf=0 intg=0
C 116 0000009c 0 0 0 0 5 0
LOCK 117 rst=1 cmp=5 mismatch=0 rf=0 cap=0
SAMPLE 117 ai=0 ab=0 am=0 pc=0 mismatch=0 rf=0 mode=0
SECDET 117 pc=0 rf=0 intg=0
R 117 54 0000009c 0000006f
C 117 0000009c 1 0 0 1 5 0
LOCK 118 rst=1 cmp=5 mismatch=0 rf=0 cap=0
SAMPLE 118 ai=0 ab=0 am=0 pc=0 mismatch=0 rf=0 mode=0
SECDET 118 pc=0 rf=0 intg=0
C 118 0000009c 0 0 0 0 5 0
LOCK 119 rst=1 cmp=5 mismatch=0 rf=0 cap=0
SAMPLE 119 ai=0 ab=0 am=0 pc=0 mismatch=0 rf=0 mode=0
SECDET 119 pc=0 rf=0 intg=0
R 119 55 0000009c 0000006f
C 119 0000009c 1 0 0 1 5 0
C 120 0000009c 0 0 0 0 5 0
R 121 56 0000009c 0000006f
C 121 0000009c 1 0 0 1 5 0
C 122 0000009c 0 0 0 0 5 0
R 123 57 0000009c 0000006f
C 123 0000009c 1 0 0 1 5 0
C 124 0000009c 0 0 0 0 5 0
R 125 58 0000009c 0000006f
C 125 0000009c 1 0 0 1 5 0
C 126 0000009c 0 0 0 0 5 0
R 127 59 0000009c 0000006f
C 127 0000009c 1 0 0 1 5 0
C 128 0000009c 0 0 0 0 5 0
R 129 60 0000009c 0000006f
C 129 0000009c 1 0 0 1 5 0
C 130 0000009c 0 0 0 0 5 0
R 131 61 0000009c 0000006f
C 131 0000009c 1 0 0 1 5 0
C 132 0000009c 0 0 0 0 5 0
R 133 62 0000009c 0000006f
C 133 0000009c 1 0 0 1 5 0
C 134 0000009c 0 0 0 0 5 0
R 135 63 0000009c 0000006f
C 135 0000009c 1 0 0 1 5 0
C 136 0000009c 0 0 0 0 5 0
R 137 64 0000009c 0000006f
C 137 0000009c 1 0 0 1 5 0
C 138 0000009c 0 0 0 0 5 0
R 139 65 0000009c 0000006f
C 139 0000009c 1 0 0 1 5 0
C 140 0000009c 0 0 0 0 5 0
R 141 66 0000009c 0000006f
C 141 0000009c 1 0 0 1 5 0
C 142 0000009c 0 0 0 0 5 0
R 143 67 0000009c 0000006f
C 143 0000009c 1 0 0 1 5 0
C 144 0000009c 0 0 0 0 5 0
R 145 68 0000009c 0000006f
C 145 0000009c 1 0 0 1 5 0
C 146 0000009c 0 0 0 0 5 0
R 147 69 0000009c 0000006f
C 147 0000009c 1 0 0 1 5 0
C 148 0000009c 0 0 0 0 5 0
R 149 70 0000009c 0000006f
C 149 0000009c 1 0 0 1 5 0
C 150 0000009c 0 0 0 0 5 0
R 151 71 0000009c 0000006f
C 151 0000009c 1 0 0 1 5 0
C 152 0000009c 0 0 0 0 5 0
R 153 72 0000009c 0000006f
C 153 0000009c 1 0 0 1 5 0
C 154 0000009c 0 0 0 0 5 0
R 155 73 0000009c 0000006f
C 155 0000009c 1 0 0 1 5 0
C 156 0000009c 0 0 0 0 5 0
R 157 74 0000009c 0000006f
C 157 0000009c 1 0 0 1 5 0
C 158 0000009c 0 0 0 0 5 0
R 159 75 0000009c 0000006f
C 159 0000009c 1 0 0 1 5 0
C 160 0000009c 0 0 0 0 5 0
R 161 76 0000009c 0000006f
C 161 0000009c 1 0 0 1 5 0
C 162 0000009c 0 0 0 0 5 0
R 163 77 0000009c 0000006f
C 163 0000009c 1 0 0 1 5 0
C 164 0000009c 0 0 0 0 5 0
R 165 78 0000009c 0000006f
C 165 0000009c 1 0 0 1 5 0
C 166 0000009c 0 0 0 0 5 0
R 167 79 0000009c 0000006f
C 167 0000009c 1 0 0 1 5 0
C 168 0000009c 0 0 0 0 5 0
R 169 80 0000009c 0000006f
C 169 0000009c 1 0 0 1 5 0
C 170 0000009c 0 0 0 0 5 0
R 171 81 0000009c 0000006f
C 171 0000009c 1 0 0 1 5 0
C 172 0000009c 0 0 0 0 5 0
R 173 82 0000009c 0000006f
C 173 0000009c 1 0 0 1 5 0
C 174 0000009c 0 0 0 0 5 0
R 175 83 0000009c 0000006f
C 175 0000009c 1 0 0 1 5 0
C 176 0000009c 0 0 0 0 5 0
R 177 84 0000009c 0000006f
C 177 0000009c 1 0 0 1 5 0
C 178 0000009c 0 0 0 0 5 0
R 179 85 0000009c 0000006f
C 179 0000009c 1 0 0 1 5 0
R 181 86 0000009c 0000006f
R 183 87 0000009c 0000006f
R 185 88 0000009c 0000006f
R 187 89 0000009c 0000006f
R 189 90 0000009c 0000006f
R 191 91 0000009c 0000006f
R 193 92 0000009c 0000006f
R 195 93 0000009c 0000006f
R 197 94 0000009c 0000006f
R 199 95 0000009c 0000006f
R 201 96 0000009c 0000006f
R 203 97 0000009c 0000006f
R 205 98 0000009c 0000006f
R 207 99 0000009c 0000006f
R 209 100 0000009c 0000006f
R 211 101 0000009c 0000006f
R 213 102 0000009c 0000006f
R 215 103 0000009c 0000006f
R 217 104 0000009c 0000006f
R 219 105 0000009c 0000006f
R 221 106 0000009c 0000006f
R 223 107 0000009c 0000006f
R 225 108 0000009c 0000006f
R 227 109 0000009c 0000006f
R 229 110 0000009c 0000006f
R 231 111 0000009c 0000006f
R 233 112 0000009c 0000006f
R 235 113 0000009c 0000006f
R 237 114 0000009c 0000006f
R 239 115 0000009c 0000006f
R 241 116 0000009c 0000006f
R 243 117 0000009c 0000006f
R 245 118 0000009c 0000006f
R 247 119 0000009c 0000006f
R 249 120 0000009c 0000006f
R 251 121 0000009c 0000006f
R 253 122 0000009c 0000006f
R 255 123 0000009c 0000006f
R 257 124 0000009c 0000006f
R 259 125 0000009c 0000006f
R 261 126 0000009c 0000006f
R 263 127 0000009c 0000006f
R 265 128 0000009c 0000006f
R 269 129 0000009c 0000006f
R 271 130 0000009c 0000006f
R 274 131 0000009c 0000006f
R 276 132 0000009c 0000006f
R 278 133 0000009c 0000006f
R 280 134 0000009c 0000006f
R 282 135 0000009c 0000006f
R 284 136 0000009c 0000006f
R 286 137 0000009c 0000006f
R 288 138 0000009c 0000006f
R 290 139 0000009c 0000006f
R 292 140 0000009c 0000006f
R 294 141 0000009c 0000006f
R 296 142 0000009c 0000006f
R 298 143 0000009c 0000006f
R 300 144 0000009c 0000006f
R 302 145 0000009c 0000006f
R 304 146 0000009c 0000006f
R 306 147 0000009c 0000006f
R 308 148 0000009c 0000006f
R 310 149 0000009c 0000006f
R 312 150 0000009c 0000006f
R 314 151 0000009c 0000006f
R 316 152 0000009c 0000006f
R 318 153 0000009c 0000006f
R 320 154 0000009c 0000006f
R 322 155 0000009c 0000006f
R 324 156 0000009c 0000006f
R 326 157 0000009c 0000006f
R 328 158 0000009c 0000006f
R 330 159 0000009c 0000006f
R 332 160 0000009c 0000006f
R 334 161 0000009c 0000006f
R 336 162 0000009c 0000006f
R 338 163 0000009c 0000006f
R 340 164 0000009c 0000006f
R 342 165 0000009c 0000006f
R 344 166 0000009c 0000006f
R 346 167 0000009c 0000006f
R 348 168 0000009c 0000006f
R 350 169 0000009c 0000006f
R 352 170 0000009c 0000006f
R 354 171 0000009c 0000006f
R 356 172 0000009c 0000006f
R 358 173 0000009c 0000006f
R 360 174 0000009c 0000006f
R 362 175 0000009c 0000006f
R 364 176 0000009c 0000006f
R 366 177 0000009c 0000006f
R 368 178 0000009c 0000006f
R 370 179 0000009c 0000006f
R 372 180 0000009c 0000006f
R 374 181 0000009c 0000006f
R 376 182 0000009c 0000006f
R 378 183 0000009c 0000006f
R 380 184 0000009c 0000006f
R 382 185 0000009c 0000006f
R 384 186 0000009c 0000006f
R 386 187 0000009c 0000006f
R 388 188 0000009c 0000006f
R 390 189 0000009c 0000006f
R 392 190 0000009c 0000006f
R 394 191 0000009c 0000006f
R 396 192 0000009c 0000006f
R 398 193 0000009c 0000006f
R 400 194 0000009c 0000006f
R 402 195 0000009c 0000006f
R 404 196 0000009c 0000006f
R 406 197 0000009c 0000006f
R 408 198 0000009c 0000006f
R 410 199 0000009c 0000006f
R 412 200 0000009c 0000006f
R 414 201 0000009c 0000006f
R 416 202 0000009c 0000006f
R 418 203 0000009c 0000006f
R 420 204 0000009c 0000006f
R 422 205 0000009c 0000006f
R 424 206 0000009c 0000006f
R 426 207 0000009c 0000006f
R 428 208 0000009c 0000006f
R 430 209 0000009c 0000006f
R 432 210 0000009c 0000006f
R 434 211 0000009c 0000006f
R 436 212 0000009c 0000006f
R 438 213 0000009c 0000006f
R 440 214 0000009c 0000006f
R 442 215 0000009c 0000006f
R 444 216 0000009c 0000006f
R 446 217 0000009c 0000006f
R 448 218 0000009c 0000006f
R 450 219 0000009c 0000006f
R 452 220 0000009c 0000006f
R 454 221 0000009c 0000006f
R 456 222 0000009c 0000006f
R 458 223 0000009c 0000006f
R 460 224 0000009c 0000006f
R 462 225 0000009c 0000006f
R 464 226 0000009c 0000006f
R 466 227 0000009c 0000006f
R 468 228 0000009c 0000006f
R 470 229 0000009c 0000006f
R 472 230 0000009c 0000006f
R 474 231 0000009c 0000006f
R 476 232 0000009c 0000006f
R 478 233 0000009c 0000006f
R 480 234 0000009c 0000006f
R 482 235 0000009c 0000006f
R 484 236 0000009c 0000006f
R 486 237 0000009c 0000006f
R 488 238 0000009c 0000006f
R 490 239 0000009c 0000006f
R 492 240 0000009c 0000006f
R 494 241 0000009c 0000006f
R 496 242 0000009c 0000006f
R 498 243 0000009c 0000006f
R 500 244 0000009c 0000006f
R 502 245 0000009c 0000006f
R 504 246 0000009c 0000006f
R 506 247 0000009c 0000006f
R 508 248 0000009c 0000006f
R 510 249 0000009c 0000006f
R 512 250 0000009c 0000006f
R 514 251 0000009c 0000006f
R 516 252 0000009c 0000006f
R 518 253 0000009c 0000006f
R 520 254 0000009c 0000006f
R 522 255 0000009c 0000006f
R 524 256 0000009c 0000006f
R 526 257 0000009c 0000006f
R 528 258 0000009c 0000006f
R 530 259 0000009c 0000006f
R 532 260 0000009c 0000006f
R 534 261 0000009c 0000006f
R 536 262 0000009c 0000006f
R 538 263 0000009c 0000006f
R 540 264 0000009c 0000006f
R 542 265 0000009c 0000006f
R 544 266 0000009c 0000006f
R 546 267 0000009c 0000006f
R 548 268 0000009c 0000006f
R 550 269 0000009c 0000006f
R 552 270 0000009c 0000006f
R 554 271 0000009c 0000006f
R 556 272 0000009c 0000006f
R 558 273 0000009c 0000006f
R 560 274 0000009c 0000006f
R 562 275 0000009c 0000006f
R 564 276 0000009c 0000006f
R 566 277 0000009c 0000006f
R 568 278 0000009c 0000006f
R 570 279 0000009c 0000006f
R 572 280 0000009c 0000006f
R 574 281 0000009c 0000006f
R 576 282 0000009c 0000006f
R 578 283 0000009c 0000006f
R 580 284 0000009c 0000006f
R 582 285 0000009c 0000006f
R 584 286 0000009c 0000006f
R 586 287 0000009c 0000006f
R 588 288 0000009c 0000006f
R 590 289 0000009c 0000006f
R 592 290 0000009c 0000006f
R 594 291 0000009c 0000006f
R 596 292 0000009c 0000006f
R 598 293 0000009c 0000006f
R 600 294 0000009c 0000006f
R 602 295 0000009c 0000006f
R 604 296 0000009c 0000006f
R 606 297 0000009c 0000006f
R 608 298 0000009c 0000006f
R 610 299 0000009c 0000006f
R 612 300 0000009c 0000006f
R 614 301 0000009c 0000006f
R 616 302 0000009c 0000006f
R 618 303 0000009c 0000006f
R 620 304 0000009c 0000006f
R 622 305 0000009c 0000006f
R 624 306 0000009c 0000006f
R 626 307 0000009c 0000006f
R 628 308 0000009c 0000006f
R 630 309 0000009c 0000006f
R 632 310 0000009c 0000006f
R 634 311 0000009c 0000006f
R 636 312 0000009c 0000006f
R 638 313 0000009c 0000006f
R 640 314 0000009c 0000006f
R 642 315 0000009c 0000006f
R 644 316 0000009c 0000006f
R 646 317 0000009c 0000006f
R 648 318 0000009c 0000006f
R 650 319 0000009c 0000006f
R 652 320 0000009c 0000006f
R 654 321 0000009c 0000006f
R 656 322 0000009c 0000006f
R 658 323 0000009c 0000006f
R 660 324 0000009c 0000006f
R 662 325 0000009c 0000006f
R 664 326 0000009c 0000006f
R 666 327 0000009c 0000006f
R 668 328 0000009c 0000006f
R 670 329 0000009c 0000006f
R 672 330 0000009c 0000006f
R 674 331 0000009c 0000006f
R 676 332 0000009c 0000006f
R 678 333 0000009c 0000006f
R 680 334 0000009c 0000006f
R 682 335 0000009c 0000006f
R 684 336 0000009c 0000006f
R 686 337 0000009c 0000006f
R 688 338 0000009c 0000006f
R 690 339 0000009c 0000006f
R 692 340 0000009c 0000006f
R 694 341 0000009c 0000006f
R 696 342 0000009c 0000006f
R 698 343 0000009c 0000006f
R 700 344 0000009c 0000006f
R 702 345 0000009c 0000006f
R 704 346 0000009c 0000006f
R 706 347 0000009c 0000006f
R 708 348 0000009c 0000006f
R 710 349 0000009c 0000006f
R 712 350 0000009c 0000006f
R 714 351 0000009c 0000006f
R 716 352 0000009c 0000006f
R 718 353 0000009c 0000006f
R 720 354 0000009c 0000006f
R 722 355 0000009c 0000006f
R 724 356 0000009c 0000006f
R 726 357 0000009c 0000006f
R 728 358 0000009c 0000006f
R 730 359 0000009c 0000006f
R 732 360 0000009c 0000006f
R 734 361 0000009c 0000006f
R 736 362 0000009c 0000006f
R 738 363 0000009c 0000006f
R 740 364 0000009c 0000006f
R 742 365 0000009c 0000006f
R 744 366 0000009c 0000006f
R 746 367 0000009c 0000006f
R 748 368 0000009c 0000006f
R 750 369 0000009c 0000006f
R 752 370 0000009c 0000006f
R 754 371 0000009c 0000006f
R 756 372 0000009c 0000006f
R 758 373 0000009c 0000006f
R 760 374 0000009c 0000006f
R 762 375 0000009c 0000006f
R 764 376 0000009c 0000006f
R 766 377 0000009c 0000006f
R 768 378 0000009c 0000006f
R 770 379 0000009c 0000006f
R 772 380 0000009c 0000006f
R 774 381 0000009c 0000006f
R 776 382 0000009c 0000006f
R 778 383 0000009c 0000006f
R 780 384 0000009c 0000006f
R 782 385 0000009c 0000006f
R 784 386 0000009c 0000006f
R 786 387 0000009c 0000006f
R 788 388 0000009c 0000006f
R 790 389 0000009c 0000006f
R 792 390 0000009c 0000006f
R 794 391 0000009c 0000006f
R 796 392 0000009c 0000006f
R 798 393 0000009c 0000006f
R 800 394 0000009c 0000006f
R 802 395 0000009c 0000006f
R 804 396 0000009c 0000006f
R 806 397 0000009c 0000006f
R 808 398 0000009c 0000006f
R 810 399 0000009c 0000006f
R 812 400 0000009c 0000006f
R 814 401 0000009c 0000006f
R 816 402 0000009c 0000006f
R 818 403 0000009c 0000006f
R 820 404 0000009c 0000006f
R 822 405 0000009c 0000006f
R 824 406 0000009c 0000006f
R 826 407 0000009c 0000006f
R 828 408 0000009c 0000006f
R 830 409 0000009c 0000006f
R 832 410 0000009c 0000006f
R 834 411 0000009c 0000006f
R 836 412 0000009c 0000006f
R 838 413 0000009c 0000006f
R 840 414 0000009c 0000006f
R 842 415 0000009c 0000006f
R 844 416 0000009c 0000006f
R 846 417 0000009c 0000006f
R 848 418 0000009c 0000006f
R 850 419 0000009c 0000006f
R 852 420 0000009c 0000006f
R 854 421 0000009c 0000006f
R 856 422 0000009c 0000006f
R 858 423 0000009c 0000006f
R 860 424 0000009c 0000006f
R 862 425 0000009c 0000006f
R 864 426 0000009c 0000006f
R 866 427 0000009c 0000006f
R 868 428 0000009c 0000006f
R 870 429 0000009c 0000006f
R 872 430 0000009c 0000006f
R 874 431 0000009c 0000006f
R 876 432 0000009c 0000006f
R 878 433 0000009c 0000006f
R 880 434 0000009c 0000006f
R 882 435 0000009c 0000006f
R 884 436 0000009c 0000006f
R 886 437 0000009c 0000006f
R 888 438 0000009c 0000006f
R 890 439 0000009c 0000006f
R 892 440 0000009c 0000006f
R 894 441 0000009c 0000006f
R 896 442 0000009c 0000006f
R 898 443 0000009c 0000006f
R 900 444 0000009c 0000006f
R 902 445 0000009c 0000006f
R 904 446 0000009c 0000006f
R 906 447 0000009c 0000006f
R 908 448 0000009c 0000006f
R 910 449 0000009c 0000006f
R 912 450 0000009c 0000006f
R 914 451 0000009c 0000006f
R 916 452 0000009c 0000006f
R 918 453 0000009c 0000006f
R 920 454 0000009c 0000006f
R 922 455 0000009c 0000006f
R 924 456 0000009c 0000006f
R 926 457 0000009c 0000006f
R 928 458 0000009c 0000006f
R 930 459 0000009c 0000006f
R 932 460 0000009c 0000006f
R 934 461 0000009c 0000006f
R 936 462 0000009c 0000006f
R 938 463 0000009c 0000006f
R 940 464 0000009c 0000006f
R 942 465 0000009c 0000006f
R 944 466 0000009c 0000006f
R 946 467 0000009c 0000006f
R 948 468 0000009c 0000006f
R 950 469 0000009c 0000006f
R 952 470 0000009c 0000006f
R 954 471 0000009c 0000006f
R 956 472 0000009c 0000006f
R 958 473 0000009c 0000006f
R 960 474 0000009c 0000006f
R 962 475 0000009c 0000006f
R 964 476 0000009c 0000006f
R 966 477 0000009c 0000006f
R 968 478 0000009c 0000006f
R 970 479 0000009c 0000006f
R 972 480 0000009c 0000006f
R 974 481 0000009c 0000006f
R 976 482 0000009c 0000006f
R 978 483 0000009c 0000006f
R 980 484 0000009c 0000006f
R 982 485 0000009c 0000006f
R 984 486 0000009c 0000006f
R 986 487 0000009c 0000006f
R 988 488 0000009c 0000006f
R 990 489 0000009c 0000006f
R 992 490 0000009c 0000006f
R 994 491 0000009c 0000006f
R 996 492 0000009c 0000006f
R 998 493 0000009c 0000006f
R 1000 494 0000009c 0000006f
R 1002 495 0000009c 0000006f
R 1004 496 0000009c 0000006f
R 1006 497 0000009c 0000006f
R 1008 498 0000009c 0000006f
R 1010 499 0000009c 0000006f
R 1012 500 0000009c 0000006f
R 1014 501 0000009c 0000006f
R 1016 502 0000009c 0000006f
R 1018 503 0000009c 0000006f
R 1020 504 0000009c 0000006f
R 1022 505 0000009c 0000006f
R 1024 506 0000009c 0000006f
R 1026 507 0000009c 0000006f
R 1028 508 0000009c 0000006f
R 1030 509 0000009c 0000006f
R 1032 510 0000009c 0000006f
R 1034 511 0000009c 0000006f
R 1036 512 0000009c 0000006f
R 1038 513 0000009c 0000006f
R 1040 514 0000009c 0000006f
R 1042 515 0000009c 0000006f
R 1044 516 0000009c 0000006f
R 1046 517 0000009c 0000006f
R 1048 518 0000009c 0000006f
R 1050 519 0000009c 0000006f
R 1052 520 0000009c 0000006f
R 1054 521 0000009c 0000006f
R 1056 522 0000009c 0000006f
R 1058 523 0000009c 0000006f
R 1060 524 0000009c 0000006f
R 1062 525 0000009c 0000006f
R 1064 526 0000009c 0000006f
R 1066 527 0000009c 0000006f
R 1068 528 0000009c 0000006f
R 1070 529 0000009c 0000006f
R 1072 530 0000009c 0000006f
R 1074 531 0000009c 0000006f
R 1076 532 0000009c 0000006f
R 1078 533 0000009c 0000006f
R 1080 534 0000009c 0000006f
R 1082 535 0000009c 0000006f
R 1084 536 0000009c 0000006f
R 1086 537 0000009c 0000006f
R 1088 538 0000009c 0000006f
R 1090 539 0000009c 0000006f
R 1092 540 0000009c 0000006f
R 1094 541 0000009c 0000006f
R 1096 542 0000009c 0000006f
R 1098 543 0000009c 0000006f
R 1100 544 0000009c 0000006f
R 1102 545 0000009c 0000006f
R 1104 546 0000009c 0000006f
R 1106 547 0000009c 0000006f
R 1108 548 0000009c 0000006f
R 1110 549 0000009c 0000006f
R 1112 550 0000009c 0000006f
R 1114 551 0000009c 0000006f
R 1116 552 0000009c 0000006f
R 1118 553 0000009c 0000006f
R 1120 554 0000009c 0000006f
R 1122 555 0000009c 0000006f
R 1124 556 0000009c 0000006f
R 1126 557 0000009c 0000006f
R 1128 558 0000009c 0000006f
R 1130 559 0000009c 0000006f
R 1132 560 0000009c 0000006f
R 1134 561 0000009c 0000006f
R 1136 562 0000009c 0000006f
R 1138 563 0000009c 0000006f
R 1140 564 0000009c 0000006f
R 1142 565 0000009c 0000006f
R 1144 566 0000009c 0000006f
R 1146 567 0000009c 0000006f
R 1148 568 0000009c 0000006f
R 1150 569 0000009c 0000006f
R 1152 570 0000009c 0000006f
R 1154 571 0000009c 0000006f
R 1156 572 0000009c 0000006f
R 1158 573 0000009c 0000006f
R 1160 574 0000009c 0000006f
R 1162 575 0000009c 0000006f
R 1164 576 0000009c 0000006f
R 1166 577 0000009c 0000006f
R 1168 578 0000009c 0000006f
R 1170 579 0000009c 0000006f
R 1172 580 0000009c 0000006f
R 1174 581 0000009c 0000006f
R 1176 582 0000009c 0000006f
R 1178 583 0000009c 0000006f
R 1180 584 0000009c 0000006f
R 1182 585 0000009c 0000006f
R 1184 586 0000009c 0000006f
R 1186 587 0000009c 0000006f
R 1188 588 0000009c 0000006f
R 1190 589 0000009c 0000006f
R 1192 590 0000009c 0000006f
R 1194 591 0000009c 0000006f
R 1196 592 0000009c 0000006f
R 1198 593 0000009c 0000006f
REG 0 00000000
REG 1 00000200
REG 2 00001000
REG 3 00000001
REG 4 00000000
REG 5 00000000
REG 6 00000000
REG 7 00000000
REG 8 00000000
REG 9 00000000
REG 10 00000000
REG 11 00000000
REG 12 00000000
REG 13 00000000
REG 14 00000000
REG 15 0000007b
REG 16 00000000
REG 17 00000000
REG 18 00000000
REG 19 00000000
REG 20 00000000
REG 21 00000000
REG 22 00000000
REG 23 00000000
REG 24 00000000
REG 25 00000000
REG 26 00000000
REG 27 00000000
REG 28 00000000
REG 29 00000000
REG 30 00000000
REG 31 00000000
COUNTS sleep=1 clocks=1197 ai=0 ab=0 am=0 ifetch=603 data=2 bitmap=1 hit=930 miss=4 dummy=0 expanded=0 predict=0 mispredict=0 keys=0
FINISH
- /home/dungpc/ndmoney4porche/projects/ibex/doc/dungpc/secure_ibex/evidence/secure_combo.harness.sv:217: Verilog $finish
