CONFIG SEC=1 CACHE=0 PRED=0 DUAL=0 MODE=0 ZC=0 SCR=0 ICECC=0 OFFSET=1 PMP=0
SAMPLE 3 ai=0 ab=0 am=0 pc=0 mismatch=0 rf=0 mode=0
SECDET 3 pc=0 rf=0 intg=0
C 3 00000000 0 0 0 1 0 0
LOCK 4 rst=0 cmp=a mismatch=0 rf=0 cap=0
SAMPLE 4 ai=0 ab=0 am=0 pc=0 mismatch=0 rf=0 mode=0
SECDET 4 pc=0 rf=0 intg=0
C 4 00000000 0 0 0 1 1 0
LOCK 5 rst=1 cmp=a mismatch=0 rf=0 cap=0
SAMPLE 5 ai=0 ab=1 am=0 pc=0 mismatch=0 rf=0 mode=0
SECDET 5 pc=0 rf=0 intg=1
C 5 00000000 0 0 0 0 4 0
ALERT bus 5
LOCK 6 rst=1 cmp=5 mismatch=0 rf=0 cap=0
SAMPLE 6 ai=0 ab=1 am=0 pc=0 mismatch=0 rf=0 mode=0
CSRDBG 6 addr=004 priv=3 dec=0 csr=0 raw=1 pw=0 dbg=0 op=0
SECDET 6 pc=0 rf=0 intg=1
C 6 00000080 1 0 0 0 5 0
LOCK 7 rst=1 cmp=5 mismatch=0 rf=0 cap=0
SAMPLE 7 ai=0 ab=1 am=0 pc=0 mismatch=0 rf=0 mode=0
CSRDBG 7 addr=004 priv=3 dec=0 csr=0 raw=1 pw=0 dbg=0 op=0
SECDET 7 pc=0 rf=0 intg=1
C 7 00000080 1 0 0 1 6 0
LOCK 8 rst=1 cmp=5 mismatch=0 rf=0 cap=0
SAMPLE 8 ai=0 ab=1 am=0 pc=0 mismatch=0 rf=0 mode=0
SECDET 8 pc=0 rf=0 intg=1
R 8 1 00000080 00000092
C 8 00000080 0 0 0 0 5 0
LOCK 9 rst=1 cmp=5 mismatch=0 rf=0 cap=0
SAMPLE 9 ai=0 ab=1 am=0 pc=0 mismatch=0 rf=0 mode=0
CSRDBG 9 addr=342 priv=3 dec=1 csr=0 raw=0 pw=0 dbg=0 op=0
SECDET 9 pc=0 rf=0 intg=1
C 9 00000000 1 0 0 0 5 0
LOCK 10 rst=1 cmp=5 mismatch=0 rf=0 cap=0
SAMPLE 10 ai=0 ab=1 am=0 pc=0 mismatch=0 rf=0 mode=0
CSRDBG 10 addr=342 priv=3 dec=1 csr=0 raw=0 pw=0 dbg=0 op=0
SECDET 10 pc=0 rf=0 intg=1
C 10 00000000 1 0 0 1 6 0
LOCK 11 rst=1 cmp=5 mismatch=0 rf=0 cap=0
SAMPLE 11 ai=0 ab=1 am=0 pc=0 mismatch=0 rf=0 mode=0
SECDET 11 pc=0 rf=0 intg=1
R 11 2 00000000 00002572
C 11 00000000 0 0 0 0 5 0
LOCK 12 rst=1 cmp=5 mismatch=0 rf=0 cap=0
SAMPLE 12 ai=0 ab=1 am=0 pc=0 mismatch=0 rf=0 mode=0
CSRDBG 12 addr=342 priv=3 dec=1 csr=0 raw=0 pw=0 dbg=0 op=0
SECDET 12 pc=0 rf=0 intg=1
C 12 00000000 1 0 0 0 5 0
LOCK 13 rst=1 cmp=5 mismatch=0 rf=0 cap=0
SAMPLE 13 ai=0 ab=1 am=0 pc=0 mismatch=0 rf=0 mode=0
CSRDBG 13 addr=342 priv=3 dec=1 csr=0 raw=0 pw=0 dbg=0 op=0
SECDET 13 pc=0 rf=0 intg=1
C 13 00000000 1 0 0 1 6 0
LOCK 14 rst=1 cmp=5 mismatch=0 rf=0 cap=0
SAMPLE 14 ai=0 ab=1 am=0 pc=0 mismatch=0 rf=0 mode=0
SECDET 14 pc=0 rf=0 intg=1
R 14 3 00000000 00002572
C 14 00000000 0 0 0 0 5 0
LOCK 15 rst=1 cmp=5 mismatch=0 rf=0 cap=0
SAMPLE 15 ai=0 ab=1 am=0 pc=0 mismatch=0 rf=0 mode=0
CSRDBG 15 addr=342 priv=3 dec=1 csr=0 raw=0 pw=0 dbg=0 op=0
SECDET 15 pc=0 rf=0 intg=1
C 15 00000000 1 0 0 0 5 0
LOCK 16 rst=1 cmp=5 mismatch=0 rf=0 cap=0
SAMPLE 16 ai=0 ab=1 am=0 pc=0 mismatch=0 rf=0 mode=0
CSRDBG 16 addr=342 priv=3 dec=1 csr=0 raw=0 pw=0 dbg=0 op=0
SECDET 16 pc=0 rf=0 intg=1
C 16 00000000 1 0 0 1 6 0
LOCK 17 rst=1 cmp=5 mismatch=0 rf=0 cap=0
SAMPLE 17 ai=0 ab=1 am=0 pc=0 mismatch=0 rf=0 mode=0
SECDET 17 pc=0 rf=0 intg=1
R 17 4 00000000 00002572
C 17 00000000 0 0 0 0 5 0
LOCK 18 rst=1 cmp=5 mismatch=0 rf=0 cap=0
SAMPLE 18 ai=0 ab=1 am=0 pc=0 mismatch=0 rf=0 mode=0
CSRDBG 18 addr=342 priv=3 dec=1 csr=0 raw=0 pw=0 dbg=0 op=0
SECDET 18 pc=0 rf=0 intg=1
C 18 00000000 1 0 0 0 5 0
LOCK 19 rst=1 cmp=5 mismatch=0 rf=0 cap=0
SAMPLE 19 ai=0 ab=1 am=0 pc=0 mismatch=0 rf=0 mode=0
CSRDBG 19 addr=342 priv=3 dec=1 csr=0 raw=0 pw=0 dbg=0 op=0
SECDET 19 pc=0 rf=0 intg=1
C 19 00000000 1 0 0 1 6 0
LOCK 20 rst=1 cmp=5 mismatch=0 rf=0 cap=0
SAMPLE 20 ai=0 ab=1 am=0 pc=0 mismatch=0 rf=0 mode=0
SECDET 20 pc=0 rf=0 intg=1
R 20 5 00000000 00002572
C 20 00000000 0 0 0 0 5 0
LOCK 21 rst=1 cmp=5 mismatch=0 rf=0 cap=0
SAMPLE 21 ai=0 ab=1 am=0 pc=0 mismatch=0 rf=0 mode=0
CSRDBG 21 addr=342 priv=3 dec=1 csr=0 raw=0 pw=0 dbg=0 op=0
SECDET 21 pc=0 rf=0 intg=1
C 21 00000000 1 0 0 0 5 0
LOCK 22 rst=1 cmp=5 mismatch=0 rf=0 cap=0
SAMPLE 22 ai=0 ab=1 am=0 pc=0 mismatch=0 rf=0 mode=0
CSRDBG 22 addr=342 priv=3 dec=1 csr=0 raw=0 pw=0 dbg=0 op=0
SECDET 22 pc=0 rf=0 intg=1
C 22 00000000 1 0 0 1 6 0
LOCK 23 rst=1 cmp=5 mismatch=0 rf=0 cap=0
SAMPLE 23 ai=0 ab=1 am=0 pc=0 mismatch=0 rf=0 mode=0
SECDET 23 pc=0 rf=0 intg=1
R 23 6 00000000 00002572
C 23 00000000 0 0 0 0 5 0
LOCK 24 rst=1 cmp=5 mismatch=0 rf=0 cap=0
SAMPLE 24 ai=0 ab=1 am=0 pc=0 mismatch=0 rf=0 mode=0
CSRDBG 24 addr=342 priv=3 dec=1 csr=0 raw=0 pw=0 dbg=0 op=0
SECDET 24 pc=0 rf=0 intg=1
C 24 00000000 1 0 0 0 5 0
LOCK 25 rst=1 cmp=5 mismatch=0 rf=0 cap=0
SAMPLE 25 ai=0 ab=1 am=0 pc=0 mismatch=0 rf=0 mode=0
CSRDBG 25 addr=342 priv=3 dec=1 csr=0 raw=0 pw=0 dbg=0 op=0
SECDET 25 pc=0 rf=0 intg=1
C 25 00000000 1 0 0 1 6 0
LOCK 26 rst=1 cmp=5 mismatch=0 rf=0 cap=0
SAMPLE 26 ai=0 ab=1 am=0 pc=0 mismatch=0 rf=0 mode=0
SECDET 26 pc=0 rf=0 intg=1
R 26 7 00000000 00002572
C 26 00000000 0 0 0 0 5 0
LOCK 27 rst=1 cmp=5 mismatch=0 rf=0 cap=0
SAMPLE 27 ai=0 ab=1 am=0 pc=0 mismatch=0 rf=0 mode=0
CSRDBG 27 addr=342 priv=3 dec=1 csr=0 raw=0 pw=0 dbg=0 op=0
SECDET 27 pc=0 rf=0 intg=1
C 27 00000000 1 0 0 0 5 0
LOCK 28 rst=1 cmp=5 mismatch=0 rf=0 cap=0
SAMPLE 28 ai=0 ab=1 am=0 pc=0 mismatch=0 rf=0 mode=0
CSRDBG 28 addr=342 priv=3 dec=1 csr=0 raw=0 pw=0 dbg=0 op=0
SECDET 28 pc=0 rf=0 intg=1
C 28 00000000 1 0 0 1 6 0
LOCK 29 rst=1 cmp=5 mismatch=0 rf=0 cap=0
SAMPLE 29 ai=0 ab=1 am=0 pc=0 mismatch=0 rf=0 mode=0
SECDET 29 pc=0 rf=0 intg=1
R 29 8 00000000 00002572
C 29 00000000 0 0 0 0 5 0
LOCK 30 rst=1 cmp=5 mismatch=0 rf=0 cap=0
SAMPLE 30 ai=0 ab=1 am=0 pc=0 mismatch=0 rf=0 mode=0
CSRDBG 30 addr=342 priv=3 dec=1 csr=0 raw=0 pw=0 dbg=0 op=0
SECDET 30 pc=0 rf=0 intg=1
C 30 00000000 1 0 0 0 5 0
LOCK 31 rst=1 cmp=5 mismatch=0 rf=0 cap=0
SAMPLE 31 ai=0 ab=1 am=0 pc=0 mismatch=0 rf=0 mode=0
CSRDBG 31 addr=342 priv=3 dec=1 csr=0 raw=0 pw=0 dbg=0 op=0
SECDET 31 pc=0 rf=0 intg=1
C 31 00000000 1 0 0 1 6 0
LOCK 32 rst=1 cmp=5 mismatch=0 rf=0 cap=0
SAMPLE 32 ai=0 ab=1 am=0 pc=0 mismatch=0 rf=0 mode=0
SECDET 32 pc=0 rf=0 intg=1
R 32 9 00000000 00002572
C 32 00000000 0 0 0 0 5 0
LOCK 33 rst=1 cmp=5 mismatch=0 rf=0 cap=0
SAMPLE 33 ai=0 ab=1 am=0 pc=0 mismatch=0 rf=0 mode=0
CSRDBG 33 addr=342 priv=3 dec=1 csr=0 raw=0 pw=0 dbg=0 op=0
SECDET 33 pc=0 rf=0 intg=1
C 33 00000000 1 0 0 0 5 0
LOCK 34 rst=1 cmp=5 mismatch=0 rf=0 cap=0
SAMPLE 34 ai=0 ab=1 am=0 pc=0 mismatch=0 rf=0 mode=0
CSRDBG 34 addr=342 priv=3 dec=1 csr=0 raw=0 pw=0 dbg=0 op=0
SECDET 34 pc=0 rf=0 intg=1
C 34 00000000 1 0 0 1 6 0
LOCK 35 rst=1 cmp=5 mismatch=0 rf=0 cap=0
SAMPLE 35 ai=0 ab=1 am=0 pc=0 mismatch=0 rf=0 mode=0
SECDET 35 pc=0 rf=0 intg=1
R 35 10 00000000 00002572
C 35 00000000 0 0 0 0 5 0
LOCK 36 rst=1 cmp=5 mismatch=0 rf=0 cap=0
SAMPLE 36 ai=0 ab=1 am=0 pc=0 mismatch=0 rf=0 mode=0
CSRDBG 36 addr=342 priv=3 dec=1 csr=0 raw=0 pw=0 dbg=0 op=0
SECDET 36 pc=0 rf=0 intg=1
C 36 00000000 1 0 0 0 5 0
LOCK 37 rst=1 cmp=5 mismatch=0 rf=0 cap=0
SAMPLE 37 ai=0 ab=1 am=0 pc=0 mismatch=0 rf=0 mode=0
CSRDBG 37 addr=342 priv=3 dec=1 csr=0 raw=0 pw=0 dbg=0 op=0
SECDET 37 pc=0 rf=0 intg=1
C 37 00000000 1 0 0 1 6 0
LOCK 38 rst=1 cmp=5 mismatch=0 rf=0 cap=0
SAMPLE 38 ai=0 ab=1 am=0 pc=0 mismatch=0 rf=0 mode=0
SECDET 38 pc=0 rf=0 intg=1
R 38 11 00000000 00002572
C 38 00000000 0 0 0 0 5 0
LOCK 39 rst=1 cmp=5 mismatch=0 rf=0 cap=0
SAMPLE 39 ai=0 ab=1 am=0 pc=0 mismatch=0 rf=0 mode=0
CSRDBG 39 addr=342 priv=3 dec=1 csr=0 raw=0 pw=0 dbg=0 op=0
SECDET 39 pc=0 rf=0 intg=1
C 39 00000000 1 0 0 0 5 0
LOCK 40 rst=1 cmp=5 mismatch=0 rf=0 cap=0
SAMPLE 40 ai=0 ab=1 am=0 pc=0 mismatch=0 rf=0 mode=0
CSRDBG 40 addr=342 priv=3 dec=1 csr=0 raw=0 pw=0 dbg=0 op=0
SECDET 40 pc=0 rf=0 intg=1
C 40 00000000 1 0 0 1 6 0
LOCK 41 rst=1 cmp=5 mismatch=0 rf=0 cap=0
SAMPLE 41 ai=0 ab=1 am=0 pc=0 mismatch=0 rf=0 mode=0
SECDET 41 pc=0 rf=0 intg=1
R 41 12 00000000 00002572
C 41 00000000 0 0 0 0 5 0
LOCK 42 rst=1 cmp=5 mismatch=0 rf=0 cap=0
SAMPLE 42 ai=0 ab=1 am=0 pc=0 mismatch=0 rf=0 mode=0
CSRDBG 42 addr=342 priv=3 dec=1 csr=0 raw=0 pw=0 dbg=0 op=0
SECDET 42 pc=0 rf=0 intg=1
C 42 00000000 1 0 0 0 5 0
LOCK 43 rst=1 cmp=5 mismatch=0 rf=0 cap=0
SAMPLE 43 ai=0 ab=1 am=0 pc=0 mismatch=0 rf=0 mode=0
CSRDBG 43 addr=342 priv=3 dec=1 csr=0 raw=0 pw=0 dbg=0 op=0
SECDET 43 pc=0 rf=0 intg=1
C 43 00000000 1 0 0 1 6 0
LOCK 44 rst=1 cmp=5 mismatch=0 rf=0 cap=0
SAMPLE 44 ai=0 ab=1 am=0 pc=0 mismatch=0 rf=0 mode=0
SECDET 44 pc=0 rf=0 intg=1
R 44 13 00000000 00002572
C 44 00000000 0 0 0 0 5 0
LOCK 45 rst=1 cmp=5 mismatch=0 rf=0 cap=0
SAMPLE 45 ai=0 ab=1 am=0 pc=0 mismatch=0 rf=0 mode=0
CSRDBG 45 addr=342 priv=3 dec=1 csr=0 raw=0 pw=0 dbg=0 op=0
SECDET 45 pc=0 rf=0 intg=1
C 45 00000000 1 0 0 0 5 0
LOCK 46 rst=1 cmp=5 mismatch=0 rf=0 cap=0
SAMPLE 46 ai=0 ab=1 am=0 pc=0 mismatch=0 rf=0 mode=0
CSRDBG 46 addr=342 priv=3 dec=1 csr=0 raw=0 pw=0 dbg=0 op=0
SECDET 46 pc=0 rf=0 intg=1
C 46 00000000 1 0 0 1 6 0
LOCK 47 rst=1 cmp=5 mismatch=0 rf=0 cap=0
SAMPLE 47 ai=0 ab=1 am=0 pc=0 mismatch=0 rf=0 mode=0
SECDET 47 pc=0 rf=0 intg=1
R 47 14 00000000 00002572
C 47 00000000 0 0 0 0 5 0
LOCK 48 rst=1 cmp=5 mismatch=0 rf=0 cap=0
SAMPLE 48 ai=0 ab=1 am=0 pc=0 mismatch=0 rf=0 mode=0
CSRDBG 48 addr=342 priv=3 dec=1 csr=0 raw=0 pw=0 dbg=0 op=0
SECDET 48 pc=0 rf=0 intg=1
C 48 00000000 1 0 0 0 5 0
LOCK 49 rst=1 cmp=5 mismatch=0 rf=0 cap=0
SAMPLE 49 ai=0 ab=1 am=0 pc=0 mismatch=0 rf=0 mode=0
CSRDBG 49 addr=342 priv=3 dec=1 csr=0 raw=0 pw=0 dbg=0 op=0
SECDET 49 pc=0 rf=0 intg=1
C 49 00000000 1 0 0 1 6 0
LOCK 50 rst=1 cmp=5 mismatch=0 rf=0 cap=0
SAMPLE 50 ai=0 ab=1 am=0 pc=0 mismatch=0 rf=0 mode=0
SECDET 50 pc=0 rf=0 intg=1
R 50 15 00000000 00002572
C 50 00000000 0 0 0 0 5 0
LOCK 51 rst=1 cmp=5 mismatch=0 rf=0 cap=0
SAMPLE 51 ai=0 ab=1 am=0 pc=0 mismatch=0 rf=0 mode=0
CSRDBG 51 addr=342 priv=3 dec=1 csr=0 raw=0 pw=0 dbg=0 op=0
SECDET 51 pc=0 rf=0 intg=1
C 51 00000000 1 0 0 0 5 0
LOCK 52 rst=1 cmp=5 mismatch=0 rf=0 cap=0
SAMPLE 52 ai=0 ab=1 am=0 pc=0 mismatch=0 rf=0 mode=0
CSRDBG 52 addr=342 priv=3 dec=1 csr=0 raw=0 pw=0 dbg=0 op=0
SECDET 52 pc=0 rf=0 intg=1
C 52 00000000 1 0 0 1 6 0
LOCK 53 rst=1 cmp=5 mismatch=0 rf=0 cap=0
SAMPLE 53 ai=0 ab=1 am=0 pc=0 mismatch=0 rf=0 mode=0
SECDET 53 pc=0 rf=0 intg=1
R 53 16 00000000 00002572
C 53 00000000 0 0 0 0 5 0
LOCK 54 rst=1 cmp=5 mismatch=0 rf=0 cap=0
SAMPLE 54 ai=0 ab=1 am=0 pc=0 mismatch=0 rf=0 mode=0
CSRDBG 54 addr=342 priv=3 dec=1 csr=0 raw=0 pw=0 dbg=0 op=0
SECDET 54 pc=0 rf=0 intg=1
C 54 00000000 1 0 0 0 5 0
LOCK 55 rst=1 cmp=5 mismatch=0 rf=0 cap=0
SAMPLE 55 ai=0 ab=1 am=0 pc=0 mismatch=0 rf=0 mode=0
CSRDBG 55 addr=342 priv=3 dec=1 csr=0 raw=0 pw=0 dbg=0 op=0
SECDET 55 pc=0 rf=0 intg=1
C 55 00000000 1 0 0 1 6 0
LOCK 56 rst=1 cmp=5 mismatch=0 rf=0 cap=0
SAMPLE 56 ai=0 ab=1 am=0 pc=0 mismatch=0 rf=0 mode=0
SECDET 56 pc=0 rf=0 intg=1
R 56 17 00000000 00002572
C 56 00000000 0 0 0 0 5 0
LOCK 57 rst=1 cmp=5 mismatch=0 rf=0 cap=0
SAMPLE 57 ai=0 ab=1 am=0 pc=0 mismatch=0 rf=0 mode=0
CSRDBG 57 addr=342 priv=3 dec=1 csr=0 raw=0 pw=0 dbg=0 op=0
SECDET 57 pc=0 rf=0 intg=1
C 57 00000000 1 0 0 0 5 0
LOCK 58 rst=1 cmp=5 mismatch=0 rf=0 cap=0
SAMPLE 58 ai=0 ab=1 am=0 pc=0 mismatch=0 rf=0 mode=0
CSRDBG 58 addr=342 priv=3 dec=1 csr=0 raw=0 pw=0 dbg=0 op=0
SECDET 58 pc=0 rf=0 intg=1
C 58 00000000 1 0 0 1 6 0
LOCK 59 rst=1 cmp=5 mismatch=0 rf=0 cap=0
SAMPLE 59 ai=0 ab=1 am=0 pc=0 mismatch=0 rf=0 mode=0
SECDET 59 pc=0 rf=0 intg=1
R 59 18 00000000 00002572
C 59 00000000 0 0 0 0 5 0
LOCK 60 rst=1 cmp=5 mismatch=0 rf=0 cap=0
SAMPLE 60 ai=0 ab=1 am=0 pc=0 mismatch=0 rf=0 mode=0
CSRDBG 60 addr=342 priv=3 dec=1 csr=0 raw=0 pw=0 dbg=0 op=0
SECDET 60 pc=0 rf=0 intg=1
C 60 00000000 1 0 0 0 5 0
LOCK 61 rst=1 cmp=5 mismatch=0 rf=0 cap=0
SAMPLE 61 ai=0 ab=1 am=0 pc=0 mismatch=0 rf=0 mode=0
CSRDBG 61 addr=342 priv=3 dec=1 csr=0 raw=0 pw=0 dbg=0 op=0
SECDET 61 pc=0 rf=0 intg=1
C 61 00000000 1 0 0 1 6 0
LOCK 62 rst=1 cmp=5 mismatch=0 rf=0 cap=0
SAMPLE 62 ai=0 ab=1 am=0 pc=0 mismatch=0 rf=0 mode=0
SECDET 62 pc=0 rf=0 intg=1
R 62 19 00000000 00002572
C 62 00000000 0 0 0 0 5 0
LOCK 63 rst=1 cmp=5 mismatch=0 rf=0 cap=0
SAMPLE 63 ai=0 ab=1 am=0 pc=0 mismatch=0 rf=0 mode=0
CSRDBG 63 addr=342 priv=3 dec=1 csr=0 raw=0 pw=0 dbg=0 op=0
SECDET 63 pc=0 rf=0 intg=1
C 63 00000000 1 0 0 0 5 0
LOCK 64 rst=1 cmp=5 mismatch=0 rf=0 cap=0
SAMPLE 64 ai=0 ab=1 am=0 pc=0 mismatch=0 rf=0 mode=0
CSRDBG 64 addr=342 priv=3 dec=1 csr=0 raw=0 pw=0 dbg=0 op=0
SECDET 64 pc=0 rf=0 intg=1
C 64 00000000 1 0 0 1 6 0
LOCK 65 rst=1 cmp=5 mismatch=0 rf=0 cap=0
SAMPLE 65 ai=0 ab=1 am=0 pc=0 mismatch=0 rf=0 mode=0
SECDET 65 pc=0 rf=0 intg=1
R 65 20 00000000 00002572
C 65 00000000 0 0 0 0 5 0
LOCK 66 rst=1 cmp=5 mismatch=0 rf=0 cap=0
SAMPLE 66 ai=0 ab=1 am=0 pc=0 mismatch=0 rf=0 mode=0
CSRDBG 66 addr=342 priv=3 dec=1 csr=0 raw=0 pw=0 dbg=0 op=0
SECDET 66 pc=0 rf=0 intg=1
C 66 00000000 1 0 0 0 5 0
LOCK 67 rst=1 cmp=5 mismatch=0 rf=0 cap=0
SAMPLE 67 ai=0 ab=1 am=0 pc=0 mismatch=0 rf=0 mode=0
CSRDBG 67 addr=342 priv=3 dec=1 csr=0 raw=0 pw=0 dbg=0 op=0
SECDET 67 pc=0 rf=0 intg=1
C 67 00000000 1 0 0 1 6 0
LOCK 68 rst=1 cmp=5 mismatch=0 rf=0 cap=0
SAMPLE 68 ai=0 ab=1 am=0 pc=0 mismatch=0 rf=0 mode=0
SECDET 68 pc=0 rf=0 intg=1
R 68 21 00000000 00002572
C 68 00000000 0 0 0 0 5 0
LOCK 69 rst=1 cmp=5 mismatch=0 rf=0 cap=0
SAMPLE 69 ai=0 ab=1 am=0 pc=0 mismatch=0 rf=0 mode=0
CSRDBG 69 addr=342 priv=3 dec=1 csr=0 raw=0 pw=0 dbg=0 op=0
SECDET 69 pc=0 rf=0 intg=1
C 69 00000000 1 0 0 0 5 0
LOCK 70 rst=1 cmp=5 mismatch=0 rf=0 cap=0
SAMPLE 70 ai=0 ab=1 am=0 pc=0 mismatch=0 rf=0 mode=0
CSRDBG 70 addr=342 priv=3 dec=1 csr=0 raw=0 pw=0 dbg=0 op=0
SECDET 70 pc=0 rf=0 intg=1
C 70 00000000 1 0 0 1 6 0
LOCK 71 rst=1 cmp=5 mismatch=0 rf=0 cap=0
SAMPLE 71 ai=0 ab=1 am=0 pc=0 mismatch=0 rf=0 mode=0
SECDET 71 pc=0 rf=0 intg=1
R 71 22 00000000 00002572
C 71 00000000 0 0 0 0 5 0
LOCK 72 rst=1 cmp=5 mismatch=0 rf=0 cap=0
SAMPLE 72 ai=0 ab=1 am=0 pc=0 mismatch=0 rf=0 mode=0
CSRDBG 72 addr=342 priv=3 dec=1 csr=0 raw=0 pw=0 dbg=0 op=0
SECDET 72 pc=0 rf=0 intg=1
C 72 00000000 1 0 0 0 5 0
LOCK 73 rst=1 cmp=5 mismatch=0 rf=0 cap=0
SAMPLE 73 ai=0 ab=1 am=0 pc=0 mismatch=0 rf=0 mode=0
CSRDBG 73 addr=342 priv=3 dec=1 csr=0 raw=0 pw=0 dbg=0 op=0
SECDET 73 pc=0 rf=0 intg=1
C 73 00000000 1 0 0 1 6 0
LOCK 74 rst=1 cmp=5 mismatch=0 rf=0 cap=0
SAMPLE 74 ai=0 ab=1 am=0 pc=0 mismatch=0 rf=0 mode=0
SECDET 74 pc=0 rf=0 intg=1
R 74 23 00000000 00002572
C 74 00000000 0 0 0 0 5 0
LOCK 75 rst=1 cmp=5 mismatch=0 rf=0 cap=0
SAMPLE 75 ai=0 ab=1 am=0 pc=0 mismatch=0 rf=0 mode=0
CSRDBG 75 addr=342 priv=3 dec=1 csr=0 raw=0 pw=0 dbg=0 op=0
SECDET 75 pc=0 rf=0 intg=1
C 75 00000000 1 0 0 0 5 0
LOCK 76 rst=1 cmp=5 mismatch=0 rf=0 cap=0
SAMPLE 76 ai=0 ab=1 am=0 pc=0 mismatch=0 rf=0 mode=0
CSRDBG 76 addr=342 priv=3 dec=1 csr=0 raw=0 pw=0 dbg=0 op=0
SECDET 76 pc=0 rf=0 intg=1
C 76 00000000 1 0 0 1 6 0
LOCK 77 rst=1 cmp=5 mismatch=0 rf=0 cap=0
SAMPLE 77 ai=0 ab=1 am=0 pc=0 mismatch=0 rf=0 mode=0
SECDET 77 pc=0 rf=0 intg=1
R 77 24 00000000 00002572
C 77 00000000 0 0 0 0 5 0
LOCK 78 rst=1 cmp=5 mismatch=0 rf=0 cap=0
SAMPLE 78 ai=0 ab=1 am=0 pc=0 mismatch=0 rf=0 mode=0
CSRDBG 78 addr=342 priv=3 dec=1 csr=0 raw=0 pw=0 dbg=0 op=0
SECDET 78 pc=0 rf=0 intg=1
C 78 00000000 1 0 0 0 5 0
LOCK 79 rst=1 cmp=5 mismatch=0 rf=0 cap=0
SAMPLE 79 ai=0 ab=1 am=0 pc=0 mismatch=0 rf=0 mode=0
CSRDBG 79 addr=342 priv=3 dec=1 csr=0 raw=0 pw=0 dbg=0 op=0
SECDET 79 pc=0 rf=0 intg=1
C 79 00000000 1 0 0 1 6 0
LOCK 80 rst=1 cmp=5 mismatch=0 rf=0 cap=0
SAMPLE 80 ai=0 ab=1 am=0 pc=0 mismatch=0 rf=0 mode=0
SECDET 80 pc=0 rf=0 intg=1
R 80 25 00000000 00002572
C 80 00000000 0 0 0 0 5 0
LOCK 81 rst=1 cmp=5 mismatch=0 rf=0 cap=0
SAMPLE 81 ai=0 ab=1 am=0 pc=0 mismatch=0 rf=0 mode=0
SECDET 81 pc=0 rf=0 intg=1
C 81 00000000 1 0 0 0 5 0
LOCK 82 rst=1 cmp=5 mismatch=0 rf=0 cap=0
SAMPLE 82 ai=0 ab=1 am=0 pc=0 mismatch=0 rf=0 mode=0
SECDET 82 pc=0 rf=0 intg=1
C 82 00000000 1 0 0 1 6 0
LOCK 83 rst=1 cmp=5 mismatch=0 rf=0 cap=0
SAMPLE 83 ai=0 ab=1 am=0 pc=0 mismatch=0 rf=0 mode=0
SECDET 83 pc=0 rf=0 intg=1
R 83 26 00000000 00002572
C 83 00000000 0 0 0 0 5 0
LOCK 84 rst=1 cmp=5 mismatch=0 rf=0 cap=0
SAMPLE 84 ai=0 ab=1 am=0 pc=0 mismatch=0 rf=0 mode=0
SECDET 84 pc=0 rf=0 intg=1
C 84 00000000 1 0 0 0 5 0
LOCK 85 rst=1 cmp=5 mismatch=0 rf=0 cap=0
SAMPLE 85 ai=0 ab=1 am=0 pc=0 mismatch=0 rf=0 mode=0
SECDET 85 pc=0 rf=0 intg=1
C 85 00000000 1 0 0 1 6 0
LOCK 86 rst=1 cmp=5 mismatch=0 rf=0 cap=0
SAMPLE 86 ai=0 ab=1 am=0 pc=0 mismatch=0 rf=0 mode=0
SECDET 86 pc=0 rf=0 intg=1
R 86 27 00000000 00002572
C 86 00000000 0 0 0 0 5 0
LOCK 87 rst=1 cmp=5 mismatch=0 rf=0 cap=0
SAMPLE 87 ai=0 ab=1 am=0 pc=0 mismatch=0 rf=0 mode=0
SECDET 87 pc=0 rf=0 intg=1
C 87 00000000 1 0 0 0 5 0
LOCK 88 rst=1 cmp=5 mismatch=0 rf=0 cap=0
SAMPLE 88 ai=0 ab=1 am=0 pc=0 mismatch=0 rf=0 mode=0
SECDET 88 pc=0 rf=0 intg=1
C 88 00000000 1 0 0 1 6 0
LOCK 89 rst=1 cmp=5 mismatch=0 rf=0 cap=0
SAMPLE 89 ai=0 ab=1 am=0 pc=0 mismatch=0 rf=0 mode=0
SECDET 89 pc=0 rf=0 intg=1
R 89 28 00000000 00002572
C 89 00000000 0 0 0 0 5 0
LOCK 90 rst=1 cmp=5 mismatch=0 rf=0 cap=0
SAMPLE 90 ai=0 ab=1 am=0 pc=0 mismatch=0 rf=0 mode=0
SECDET 90 pc=0 rf=0 intg=1
C 90 00000000 1 0 0 0 5 0
LOCK 91 rst=1 cmp=5 mismatch=0 rf=0 cap=0
SAMPLE 91 ai=0 ab=1 am=0 pc=0 mismatch=0 rf=0 mode=0
SECDET 91 pc=0 rf=0 intg=1
C 91 00000000 1 0 0 1 6 0
LOCK 92 rst=1 cmp=5 mismatch=0 rf=0 cap=0
SAMPLE 92 ai=0 ab=1 am=0 pc=0 mismatch=0 rf=0 mode=0
SECDET 92 pc=0 rf=0 intg=1
R 92 29 00000000 00002572
C 92 00000000 0 0 0 0 5 0
LOCK 93 rst=1 cmp=5 mismatch=0 rf=0 cap=0
SAMPLE 93 ai=0 ab=1 am=0 pc=0 mismatch=0 rf=0 mode=0
SECDET 93 pc=0 rf=0 intg=1
C 93 00000000 1 0 0 0 5 0
LOCK 94 rst=1 cmp=5 mismatch=0 rf=0 cap=0
SAMPLE 94 ai=0 ab=1 am=0 pc=0 mismatch=0 rf=0 mode=0
SECDET 94 pc=0 rf=0 intg=1
C 94 00000000 1 0 0 1 6 0
LOCK 95 rst=1 cmp=5 mismatch=0 rf=0 cap=0
SAMPLE 95 ai=0 ab=1 am=0 pc=0 mismatch=0 rf=0 mode=0
SECDET 95 pc=0 rf=0 intg=1
R 95 30 00000000 00002572
C 95 00000000 0 0 0 0 5 0
LOCK 96 rst=1 cmp=5 mismatch=0 rf=0 cap=0
SAMPLE 96 ai=0 ab=1 am=0 pc=0 mismatch=0 rf=0 mode=0
SECDET 96 pc=0 rf=0 intg=1
C 96 00000000 1 0 0 0 5 0
LOCK 97 rst=1 cmp=5 mismatch=0 rf=0 cap=0
SAMPLE 97 ai=0 ab=1 am=0 pc=0 mismatch=0 rf=0 mode=0
SECDET 97 pc=0 rf=0 intg=1
C 97 00000000 1 0 0 1 6 0
LOCK 98 rst=1 cmp=5 mismatch=0 rf=0 cap=0
SAMPLE 98 ai=0 ab=1 am=0 pc=0 mismatch=0 rf=0 mode=0
SECDET 98 pc=0 rf=0 intg=1
R 98 31 00000000 00002572
C 98 00000000 0 0 0 0 5 0
LOCK 99 rst=1 cmp=5 mismatch=0 rf=0 cap=0
SAMPLE 99 ai=0 ab=1 am=0 pc=0 mismatch=0 rf=0 mode=0
SECDET 99 pc=0 rf=0 intg=1
C 99 00000000 1 0 0 0 5 0
LOCK 100 rst=1 cmp=5 mismatch=0 rf=0 cap=0
INJECT 100 fault=1
SAMPLE 100 ai=0 ab=1 am=0 pc=0 mismatch=0 rf=0 mode=0
SECDET 100 pc=0 rf=0 intg=1
C 100 00000000 1 0 0 1 6 0
LOCK 101 rst=1 cmp=5 mismatch=0 rf=0 cap=0
SAMPLE 101 ai=0 ab=1 am=0 pc=0 mismatch=0 rf=0 mode=0
SECDET 101 pc=0 rf=0 intg=1
R 101 32 00000000 00002572
C 101 00000000 0 0 0 0 5 0
LOCK 102 rst=1 cmp=5 mismatch=0 rf=0 cap=0
SAMPLE 102 ai=0 ab=1 am=0 pc=0 mismatch=0 rf=0 mode=0
SECDET 102 pc=0 rf=0 intg=1
C 102 00000000 1 0 0 0 5 0
LOCK 103 rst=1 cmp=5 mismatch=0 rf=0 cap=0
SAMPLE 103 ai=0 ab=1 am=0 pc=0 mismatch=0 rf=0 mode=0
SECDET 103 pc=0 rf=0 intg=1
C 103 00000000 1 0 0 1 6 0
LOCK 104 rst=1 cmp=5 mismatch=0 rf=0 cap=0
SAMPLE 104 ai=0 ab=1 am=0 pc=0 mismatch=0 rf=0 mode=0
SECDET 104 pc=0 rf=0 intg=1
R 104 33 00000000 00002572
C 104 00000000 0 0 0 0 5 0
LOCK 105 rst=1 cmp=5 mismatch=0 rf=0 cap=0
SAMPLE 105 ai=0 ab=1 am=0 pc=0 mismatch=0 rf=0 mode=0
SECDET 105 pc=0 rf=0 intg=1
C 105 00000000 1 0 0 0 5 0
LOCK 106 rst=1 cmp=5 mismatch=0 rf=0 cap=0
SAMPLE 106 ai=0 ab=1 am=0 pc=0 mismatch=0 rf=0 mode=0
SECDET 106 pc=0 rf=0 intg=1
C 106 00000000 1 0 0 1 6 0
LOCK 107 rst=1 cmp=5 mismatch=0 rf=0 cap=0
SAMPLE 107 ai=0 ab=1 am=0 pc=0 mismatch=0 rf=0 mode=0
SECDET 107 pc=0 rf=0 intg=1
R 107 34 00000000 00002572
C 107 00000000 0 0 0 0 5 0
LOCK 108 rst=1 cmp=5 mismatch=0 rf=0 cap=0
SAMPLE 108 ai=0 ab=1 am=0 pc=0 mismatch=0 rf=0 mode=0
SECDET 108 pc=0 rf=0 intg=1
C 108 00000000 1 0 0 0 5 0
LOCK 109 rst=1 cmp=5 mismatch=0 rf=0 cap=0
SAMPLE 109 ai=0 ab=1 am=0 pc=0 mismatch=0 rf=0 mode=0
SECDET 109 pc=0 rf=0 intg=1
C 109 00000000 1 0 0 1 6 0
LOCK 110 rst=1 cmp=5 mismatch=0 rf=0 cap=0
SAMPLE 110 ai=0 ab=1 am=0 pc=0 mismatch=0 rf=0 mode=0
SECDET 110 pc=0 rf=0 intg=1
R 110 35 00000000 00002572
C 110 00000000 0 0 0 0 5 0
LOCK 111 rst=1 cmp=5 mismatch=0 rf=0 cap=0
SAMPLE 111 ai=0 ab=1 am=0 pc=0 mismatch=0 rf=0 mode=0
SECDET 111 pc=0 rf=0 intg=1
C 111 00000000 1 0 0 0 5 0
LOCK 112 rst=1 cmp=5 mismatch=0 rf=0 cap=0
SAMPLE 112 ai=0 ab=1 am=0 pc=0 mismatch=0 rf=0 mode=0
SECDET 112 pc=0 rf=0 intg=1
C 112 00000000 1 0 0 1 6 0
LOCK 113 rst=1 cmp=5 mismatch=0 rf=0 cap=0
SAMPLE 113 ai=0 ab=1 am=0 pc=0 mismatch=0 rf=0 mode=0
SECDET 113 pc=0 rf=0 intg=1
R 113 36 00000000 00002572
C 113 00000000 0 0 0 0 5 0
LOCK 114 rst=1 cmp=5 mismatch=0 rf=0 cap=0
SAMPLE 114 ai=0 ab=1 am=0 pc=0 mismatch=0 rf=0 mode=0
SECDET 114 pc=0 rf=0 intg=1
C 114 00000000 1 0 0 0 5 0
LOCK 115 rst=1 cmp=5 mismatch=0 rf=0 cap=0
SAMPLE 115 ai=0 ab=1 am=0 pc=0 mismatch=0 rf=0 mode=0
SECDET 115 pc=0 rf=0 intg=1
C 115 00000000 1 0 0 1 6 0
LOCK 116 rst=1 cmp=5 mismatch=0 rf=0 cap=0
SAMPLE 116 ai=0 ab=1 am=0 pc=0 mismatch=0 rf=0 mode=0
SECDET 116 pc=0 rf=0 intg=1
R 116 37 00000000 00002572
C 116 00000000 0 0 0 0 5 0
LOCK 117 rst=1 cmp=5 mismatch=0 rf=0 cap=0
SAMPLE 117 ai=0 ab=1 am=0 pc=0 mismatch=0 rf=0 mode=0
SECDET 117 pc=0 rf=0 intg=1
C 117 00000000 1 0 0 0 5 0
LOCK 118 rst=1 cmp=5 mismatch=0 rf=0 cap=0
SAMPLE 118 ai=0 ab=1 am=0 pc=0 mismatch=0 rf=0 mode=0
SECDET 118 pc=0 rf=0 intg=1
C 118 00000000 1 0 0 1 6 0
LOCK 119 rst=1 cmp=5 mismatch=0 rf=0 cap=0
SAMPLE 119 ai=0 ab=1 am=0 pc=0 mismatch=0 rf=0 mode=0
SECDET 119 pc=0 rf=0 intg=1
R 119 38 00000000 00002572
C 119 00000000 0 0 0 0 5 0
C 120 00000000 1 0 0 0 5 0
C 121 00000000 1 0 0 1 6 0
R 122 39 00000000 00002572
C 122 00000000 0 0 0 0 5 0
C 123 00000000 1 0 0 0 5 0
C 124 00000000 1 0 0 1 6 0
R 125 40 00000000 00002572
C 125 00000000 0 0 0 0 5 0
C 126 00000000 1 0 0 0 5 0
C 127 00000000 1 0 0 1 6 0
R 128 41 00000000 00002572
C 128 00000000 0 0 0 0 5 0
C 129 00000000 1 0 0 0 5 0
C 130 00000000 1 0 0 1 6 0
R 131 42 00000000 00002572
C 131 00000000 0 0 0 0 5 0
C 132 00000000 1 0 0 0 5 0
C 133 00000000 1 0 0 1 6 0
R 134 43 00000000 00002572
C 134 00000000 0 0 0 0 5 0
C 135 00000000 1 0 0 0 5 0
C 136 00000000 1 0 0 1 6 0
R 137 44 00000000 00002572
C 137 00000000 0 0 0 0 5 0
C 138 00000000 1 0 0 0 5 0
C 139 00000000 1 0 0 1 6 0
R 140 45 00000000 00002572
C 140 00000000 0 0 0 0 5 0
C 141 00000000 1 0 0 0 5 0
C 142 00000000 1 0 0 1 6 0
R 143 46 00000000 00002572
C 143 00000000 0 0 0 0 5 0
C 144 00000000 1 0 0 0 5 0
C 145 00000000 1 0 0 1 6 0
R 146 47 00000000 00002572
C 146 00000000 0 0 0 0 5 0
C 147 00000000 1 0 0 0 5 0
C 148 00000000 1 0 0 1 6 0
R 149 48 00000000 00002572
C 149 00000000 0 0 0 0 5 0
C 150 00000000 1 0 0 0 5 0
C 151 00000000 1 0 0 1 6 0
R 152 49 00000000 00002572
C 152 00000000 0 0 0 0 5 0
C 153 00000000 1 0 0 0 5 0
C 154 00000000 1 0 0 1 6 0
R 155 50 00000000 00002572
C 155 00000000 0 0 0 0 5 0
C 156 00000000 1 0 0 0 5 0
C 157 00000000 1 0 0 1 6 0
R 158 51 00000000 00002572
C 158 00000000 0 0 0 0 5 0
C 159 00000000 1 0 0 0 5 0
C 160 00000000 1 0 0 1 6 0
R 161 52 00000000 00002572
C 161 00000000 0 0 0 0 5 0
C 162 00000000 1 0 0 0 5 0
C 163 00000000 1 0 0 1 6 0
R 164 53 00000000 00002572
C 164 00000000 0 0 0 0 5 0
C 165 00000000 1 0 0 0 5 0
C 166 00000000 1 0 0 1 6 0
R 167 54 00000000 00002572
C 167 00000000 0 0 0 0 5 0
C 168 00000000 1 0 0 0 5 0
C 169 00000000 1 0 0 1 6 0
R 170 55 00000000 00002572
C 170 00000000 0 0 0 0 5 0
C 171 00000000 1 0 0 0 5 0
C 172 00000000 1 0 0 1 6 0
R 173 56 00000000 00002572
C 173 00000000 0 0 0 0 5 0
C 174 00000000 1 0 0 0 5 0
C 175 00000000 1 0 0 1 6 0
R 176 57 00000000 00002572
C 176 00000000 0 0 0 0 5 0
C 177 00000000 1 0 0 0 5 0
C 178 00000000 1 0 0 1 6 0
R 179 58 00000000 00002572
C 179 00000000 0 0 0 0 5 0
R 182 59 00000000 00002572
R 185 60 00000000 00002572
R 188 61 00000000 00002572
R 191 62 00000000 00002572
R 194 63 00000000 00002572
R 197 64 00000000 00002572
R 200 65 00000000 00002572
R 203 66 00000000 00002572
R 206 67 00000000 00002572
R 209 68 00000000 00002572
R 212 69 00000000 00002572
R 215 70 00000000 00002572
R 218 71 00000000 00002572
R 221 72 00000000 00002572
R 224 73 00000000 00002572
R 227 74 00000000 00002572
R 230 75 00000000 00002572
R 233 76 00000000 00002572
R 236 77 00000000 00002572
R 239 78 00000000 00002572
R 242 79 00000000 00002572
R 245 80 00000000 00002572
R 248 81 00000000 00002572
R 251 82 00000000 00002572
R 254 83 00000000 00002572
R 257 84 00000000 00002572
R 260 85 00000000 00002572
R 263 86 00000000 00002572
R 266 87 00000000 00002572
R 269 88 00000000 00002572
R 272 89 00000000 00002572
R 275 90 00000000 00002572
R 278 91 00000000 00002572
R 281 92 00000000 00002572
R 284 93 00000000 00002572
R 287 94 00000000 00002572
R 290 95 00000000 00002572
R 293 96 00000000 00002572
R 296 97 00000000 00002572
R 299 98 00000000 00002572
R 302 99 00000000 00002572
R 305 100 00000000 00002572
R 308 101 00000000 00002572
R 311 102 00000000 00002572
R 314 103 00000000 00002572
R 317 104 00000000 00002572
R 320 105 00000000 00002572
R 323 106 00000000 00002572
R 326 107 00000000 00002572
R 329 108 00000000 00002572
R 332 109 00000000 00002572
R 335 110 00000000 00002572
R 338 111 00000000 00002572
R 341 112 00000000 00002572
R 344 113 00000000 00002572
R 347 114 00000000 00002572
R 350 115 00000000 00002572
R 353 116 00000000 00002572
R 356 117 00000000 00002572
R 359 118 00000000 00002572
R 362 119 00000000 00002572
R 365 120 00000000 00002572
R 368 121 00000000 00002572
R 371 122 00000000 00002572
R 374 123 00000000 00002572
R 377 124 00000000 00002572
R 380 125 00000000 00002572
R 383 126 00000000 00002572
R 386 127 00000000 00002572
R 389 128 00000000 00002572
R 392 129 00000000 00002572
R 395 130 00000000 00002572
R 398 131 00000000 00002572
R 401 132 00000000 00002572
R 404 133 00000000 00002572
R 407 134 00000000 00002572
R 410 135 00000000 00002572
R 413 136 00000000 00002572
R 416 137 00000000 00002572
R 419 138 00000000 00002572
R 422 139 00000000 00002572
R 425 140 00000000 00002572
R 428 141 00000000 00002572
R 431 142 00000000 00002572
R 434 143 00000000 00002572
R 437 144 00000000 00002572
R 440 145 00000000 00002572
R 443 146 00000000 00002572
R 446 147 00000000 00002572
R 449 148 00000000 00002572
R 452 149 00000000 00002572
R 455 150 00000000 00002572
R 458 151 00000000 00002572
R 461 152 00000000 00002572
R 464 153 00000000 00002572
R 467 154 00000000 00002572
R 470 155 00000000 00002572
R 473 156 00000000 00002572
R 476 157 00000000 00002572
R 479 158 00000000 00002572
R 482 159 00000000 00002572
R 485 160 00000000 00002572
R 488 161 00000000 00002572
R 491 162 00000000 00002572
R 494 163 00000000 00002572
R 497 164 00000000 00002572
R 500 165 00000000 00002572
R 503 166 00000000 00002572
R 506 167 00000000 00002572
R 509 168 00000000 00002572
R 512 169 00000000 00002572
R 515 170 00000000 00002572
R 518 171 00000000 00002572
R 521 172 00000000 00002572
R 524 173 00000000 00002572
R 527 174 00000000 00002572
R 530 175 00000000 00002572
R 533 176 00000000 00002572
R 536 177 00000000 00002572
R 539 178 00000000 00002572
R 542 179 00000000 00002572
R 545 180 00000000 00002572
R 548 181 00000000 00002572
R 551 182 00000000 00002572
R 554 183 00000000 00002572
R 557 184 00000000 00002572
R 560 185 00000000 00002572
R 563 186 00000000 00002572
R 566 187 00000000 00002572
R 569 188 00000000 00002572
R 572 189 00000000 00002572
R 575 190 00000000 00002572
R 578 191 00000000 00002572
R 581 192 00000000 00002572
R 584 193 00000000 00002572
R 587 194 00000000 00002572
R 590 195 00000000 00002572
R 593 196 00000000 00002572
R 596 197 00000000 00002572
R 599 198 00000000 00002572
R 602 199 00000000 00002572
R 605 200 00000000 00002572
R 608 201 00000000 00002572
R 611 202 00000000 00002572
R 614 203 00000000 00002572
R 617 204 00000000 00002572
R 620 205 00000000 00002572
R 623 206 00000000 00002572
R 626 207 00000000 00002572
R 629 208 00000000 00002572
R 632 209 00000000 00002572
R 635 210 00000000 00002572
R 638 211 00000000 00002572
R 641 212 00000000 00002572
R 644 213 00000000 00002572
R 647 214 00000000 00002572
R 650 215 00000000 00002572
R 653 216 00000000 00002572
R 656 217 00000000 00002572
R 659 218 00000000 00002572
R 662 219 00000000 00002572
R 665 220 00000000 00002572
R 668 221 00000000 00002572
R 671 222 00000000 00002572
R 674 223 00000000 00002572
R 677 224 00000000 00002572
R 680 225 00000000 00002572
R 683 226 00000000 00002572
R 686 227 00000000 00002572
R 689 228 00000000 00002572
R 692 229 00000000 00002572
R 695 230 00000000 00002572
R 698 231 00000000 00002572
R 701 232 00000000 00002572
R 704 233 00000000 00002572
R 707 234 00000000 00002572
R 710 235 00000000 00002572
R 713 236 00000000 00002572
R 716 237 00000000 00002572
R 719 238 00000000 00002572
R 722 239 00000000 00002572
R 725 240 00000000 00002572
R 728 241 00000000 00002572
R 731 242 00000000 00002572
R 734 243 00000000 00002572
R 737 244 00000000 00002572
R 740 245 00000000 00002572
R 743 246 00000000 00002572
R 746 247 00000000 00002572
R 749 248 00000000 00002572
R 752 249 00000000 00002572
R 755 250 00000000 00002572
R 758 251 00000000 00002572
R 761 252 00000000 00002572
R 764 253 00000000 00002572
R 767 254 00000000 00002572
R 770 255 00000000 00002572
R 773 256 00000000 00002572
R 776 257 00000000 00002572
R 779 258 00000000 00002572
R 782 259 00000000 00002572
R 785 260 00000000 00002572
R 788 261 00000000 00002572
R 791 262 00000000 00002572
R 794 263 00000000 00002572
R 797 264 00000000 00002572
R 800 265 00000000 00002572
R 803 266 00000000 00002572
R 806 267 00000000 00002572
R 809 268 00000000 00002572
R 812 269 00000000 00002572
R 815 270 00000000 00002572
R 818 271 00000000 00002572
R 821 272 00000000 00002572
R 824 273 00000000 00002572
R 827 274 00000000 00002572
R 830 275 00000000 00002572
R 833 276 00000000 00002572
R 836 277 00000000 00002572
R 839 278 00000000 00002572
R 842 279 00000000 00002572
R 845 280 00000000 00002572
R 848 281 00000000 00002572
R 851 282 00000000 00002572
R 854 283 00000000 00002572
R 857 284 00000000 00002572
R 860 285 00000000 00002572
R 863 286 00000000 00002572
R 866 287 00000000 00002572
R 869 288 00000000 00002572
R 872 289 00000000 00002572
R 875 290 00000000 00002572
R 878 291 00000000 00002572
R 881 292 00000000 00002572
R 884 293 00000000 00002572
R 887 294 00000000 00002572
R 890 295 00000000 00002572
R 893 296 00000000 00002572
R 896 297 00000000 00002572
R 899 298 00000000 00002572
R 902 299 00000000 00002572
R 905 300 00000000 00002572
R 908 301 00000000 00002572
R 911 302 00000000 00002572
R 914 303 00000000 00002572
R 917 304 00000000 00002572
R 920 305 00000000 00002572
R 923 306 00000000 00002572
R 926 307 00000000 00002572
R 929 308 00000000 00002572
R 932 309 00000000 00002572
R 935 310 00000000 00002572
R 938 311 00000000 00002572
R 941 312 00000000 00002572
R 944 313 00000000 00002572
R 947 314 00000000 00002572
R 950 315 00000000 00002572
R 953 316 00000000 00002572
R 956 317 00000000 00002572
R 959 318 00000000 00002572
R 962 319 00000000 00002572
R 965 320 00000000 00002572
R 968 321 00000000 00002572
R 971 322 00000000 00002572
R 974 323 00000000 00002572
R 977 324 00000000 00002572
R 980 325 00000000 00002572
R 983 326 00000000 00002572
R 986 327 00000000 00002572
R 989 328 00000000 00002572
R 992 329 00000000 00002572
R 995 330 00000000 00002572
R 998 331 00000000 00002572
R 1001 332 00000000 00002572
R 1004 333 00000000 00002572
R 1007 334 00000000 00002572
R 1010 335 00000000 00002572
R 1013 336 00000000 00002572
R 1016 337 00000000 00002572
R 1019 338 00000000 00002572
R 1022 339 00000000 00002572
R 1025 340 00000000 00002572
R 1028 341 00000000 00002572
R 1031 342 00000000 00002572
R 1034 343 00000000 00002572
R 1037 344 00000000 00002572
R 1040 345 00000000 00002572
R 1043 346 00000000 00002572
R 1046 347 00000000 00002572
R 1049 348 00000000 00002572
R 1052 349 00000000 00002572
R 1055 350 00000000 00002572
R 1058 351 00000000 00002572
R 1061 352 00000000 00002572
R 1064 353 00000000 00002572
R 1067 354 00000000 00002572
R 1070 355 00000000 00002572
R 1073 356 00000000 00002572
R 1076 357 00000000 00002572
R 1079 358 00000000 00002572
R 1082 359 00000000 00002572
R 1085 360 00000000 00002572
R 1088 361 00000000 00002572
R 1091 362 00000000 00002572
R 1094 363 00000000 00002572
R 1097 364 00000000 00002572
R 1100 365 00000000 00002572
R 1103 366 00000000 00002572
R 1106 367 00000000 00002572
R 1109 368 00000000 00002572
R 1112 369 00000000 00002572
R 1115 370 00000000 00002572
R 1118 371 00000000 00002572
R 1121 372 00000000 00002572
R 1124 373 00000000 00002572
R 1127 374 00000000 00002572
R 1130 375 00000000 00002572
R 1133 376 00000000 00002572
R 1136 377 00000000 00002572
R 1139 378 00000000 00002572
R 1142 379 00000000 00002572
R 1145 380 00000000 00002572
R 1148 381 00000000 00002572
R 1151 382 00000000 00002572
R 1154 383 00000000 00002572
R 1157 384 00000000 00002572
R 1160 385 00000000 00002572
R 1163 386 00000000 00002572
R 1166 387 00000000 00002572
R 1169 388 00000000 00002572
R 1172 389 00000000 00002572
R 1175 390 00000000 00002572
R 1178 391 00000000 00002572
R 1181 392 00000000 00002572
R 1184 393 00000000 00002572
R 1187 394 00000000 00002572
R 1190 395 00000000 00002572
R 1193 396 00000000 00002572
R 1196 397 00000000 00002572
R 1199 398 00000000 00002572
REG 0 00000000
REG 1 00000000
REG 2 00000000
REG 3 00000000
REG 4 00000000
REG 5 00000000
REG 6 00000000
REG 7 00000000
REG 8 00000000
REG 9 00000000
REG 10 00000000
REG 11 00000000
REG 12 00000000
REG 13 00000000
REG 14 00000000
REG 15 00000000
REG 16 00000000
REG 17 00000000
REG 18 00000000
REG 19 00000000
REG 20 00000000
REG 21 00000000
REG 22 00000000
REG 23 00000000
REG 24 00000000
REG 25 00000000
REG 26 00000000
REG 27 00000000
REG 28 00000000
REG 29 00000000
REG 30 00000000
REG 31 00000000
COUNTS sleep=1 clocks=1197 ai=0 ab=1195 am=0 ifetch=1196 data=0 bitmap=0 hit=0 miss=0 dummy=0 expanded=0 predict=0 mispredict=0 keys=0
FINISH
- /home/dungpc/ndmoney4porche/projects/ibex/doc/dungpc/secure_ibex/evidence/secure.harness.sv:217: Verilog $finish
