%Warning-TIMESCALEMOD: /home/dungpc/ndmoney4porche/projects/ibex/vendor/lowrisc_ip/ip/prim/rtl/prim_cipher_pkg.sv:17:9: Timescale missing on this module as other modules have it (IEEE 1800-2017 3.14.2.3)
   17 | package prim_cipher_pkg;
      |         ^~~~~~~~~~~~~~~
                       /home/dungpc/ndmoney4porche/projects/ibex/doc/dungpc/microarchitecture/scripts/top_tb.sv:2:8: ... Location of module with timescale
    2 | module top_tb;
      |        ^~~~~~
                       ... For warning description see https://verilator.org/warn/TIMESCALEMOD?v=5.020
                       ... Use "/* verilator lint_off TIMESCALEMOD */" and lint_on around source to disable this message.
%Warning-TIMESCALEMOD: /home/dungpc/ndmoney4porche/projects/ibex/vendor/lowrisc_ip/ip/prim/rtl/prim_util_pkg.sv:9:9: Timescale missing on this module as other modules have it (IEEE 1800-2017 3.14.2.3)
    9 | package prim_util_pkg;
      |         ^~~~~~~~~~~~~
                       /home/dungpc/ndmoney4porche/projects/ibex/doc/dungpc/microarchitecture/scripts/top_tb.sv:2:8: ... Location of module with timescale
    2 | module top_tb;
      |        ^~~~~~
%Warning-TIMESCALEMOD: /home/dungpc/ndmoney4porche/projects/ibex/vendor/lowrisc_ip/ip/prim/rtl/prim_count_pkg.sv:5:9: Timescale missing on this module as other modules have it (IEEE 1800-2017 3.14.2.3)
    5 | package prim_count_pkg;
      |         ^~~~~~~~~~~~~~
                       /home/dungpc/ndmoney4porche/projects/ibex/doc/dungpc/microarchitecture/scripts/top_tb.sv:2:8: ... Location of module with timescale
    2 | module top_tb;
      |        ^~~~~~
%Warning-TIMESCALEMOD: /home/dungpc/ndmoney4porche/projects/ibex/vendor/lowrisc_ip/ip/prim/rtl/prim_secded_pkg.sv:8:9: Timescale missing on this module as other modules have it (IEEE 1800-2017 3.14.2.3)
    8 | package prim_secded_pkg;
      |         ^~~~~~~~~~~~~~~
                       /home/dungpc/ndmoney4porche/projects/ibex/doc/dungpc/microarchitecture/scripts/top_tb.sv:2:8: ... Location of module with timescale
    2 | module top_tb;
      |        ^~~~~~
%Warning-TIMESCALEMOD: /home/dungpc/ndmoney4porche/projects/ibex/vendor/lowrisc_ip/ip/prim/rtl/prim_mubi_pkg.sv:15:9: Timescale missing on this module as other modules have it (IEEE 1800-2017 3.14.2.3)
   15 | package prim_mubi_pkg;
      |         ^~~~~~~~~~~~~
                       /home/dungpc/ndmoney4porche/projects/ibex/doc/dungpc/microarchitecture/scripts/top_tb.sv:2:8: ... Location of module with timescale
    2 | module top_tb;
      |        ^~~~~~
%Warning-TIMESCALEMOD: /home/dungpc/ndmoney4porche/projects/ibex/vendor/lowrisc_ip/ip/prim_generic/rtl/prim_ram_1p_pkg.sv:6:9: Timescale missing on this module as other modules have it (IEEE 1800-2017 3.14.2.3)
    6 | package prim_ram_1p_pkg;
      |         ^~~~~~~~~~~~~~~
                       /home/dungpc/ndmoney4porche/projects/ibex/doc/dungpc/microarchitecture/scripts/top_tb.sv:2:8: ... Location of module with timescale
    2 | module top_tb;
      |        ^~~~~~
%Warning-TIMESCALEMOD: /home/dungpc/ndmoney4porche/projects/ibex/rtl/ibex_pkg.sv:10:9: Timescale missing on this module as other modules have it (IEEE 1800-2017 3.14.2.3)
   10 | package ibex_pkg;
      |         ^~~~~~~~
                       /home/dungpc/ndmoney4porche/projects/ibex/doc/dungpc/microarchitecture/scripts/top_tb.sv:2:8: ... Location of module with timescale
    2 | module top_tb;
      |        ^~~~~~
%Warning-TIMESCALEMOD: /home/dungpc/ndmoney4porche/projects/ibex/rtl/ibex_cheriot_pkg.sv:8:9: Timescale missing on this module as other modules have it (IEEE 1800-2017 3.14.2.3)
    8 | package ibex_cheriot_pkg;
      |         ^~~~~~~~~~~~~~~~
                       /home/dungpc/ndmoney4porche/projects/ibex/doc/dungpc/microarchitecture/scripts/top_tb.sv:2:8: ... Location of module with timescale
    2 | module top_tb;
      |        ^~~~~~
%Warning-TIMESCALEMOD: /home/dungpc/ndmoney4porche/projects/ibex/rtl/ibex_alu.sv:9:8: Timescale missing on this module as other modules have it (IEEE 1800-2017 3.14.2.3)
    9 | module ibex_alu #(
      |        ^~~~~~~~
                       /home/dungpc/ndmoney4porche/projects/ibex/doc/dungpc/microarchitecture/scripts/top_tb.sv:2:8: ... Location of module with timescale
    2 | module top_tb;
      |        ^~~~~~
%Warning-TIMESCALEMOD: /home/dungpc/ndmoney4porche/projects/ibex/rtl/ibex_branch_predict.sv:20:8: Timescale missing on this module as other modules have it (IEEE 1800-2017 3.14.2.3)
   20 | module ibex_branch_predict (
      |        ^~~~~~~~~~~~~~~~~~~
                       /home/dungpc/ndmoney4porche/projects/ibex/doc/dungpc/microarchitecture/scripts/top_tb.sv:2:8: ... Location of module with timescale
    2 | module top_tb;
      |        ^~~~~~
%Warning-TIMESCALEMOD: /home/dungpc/ndmoney4porche/projects/ibex/rtl/ibex_cheriot_ex.sv:5:8: Timescale missing on this module as other modules have it (IEEE 1800-2017 3.14.2.3)
    5 | module ibex_cheriot_ex import ibex_cheriot_pkg::*; import ibex_pkg::*; #(
      |        ^~~~~~~~~~~~~~~
                       /home/dungpc/ndmoney4porche/projects/ibex/doc/dungpc/microarchitecture/scripts/top_tb.sv:2:8: ... Location of module with timescale
    2 | module top_tb;
      |        ^~~~~~
%Warning-TIMESCALEMOD: /home/dungpc/ndmoney4porche/projects/ibex/rtl/ibex_compressed_decoder.sv:17:8: Timescale missing on this module as other modules have it (IEEE 1800-2017 3.14.2.3)
   17 | module ibex_compressed_decoder import ibex_pkg::*; #(
      |        ^~~~~~~~~~~~~~~~~~~~~~~
                       /home/dungpc/ndmoney4porche/projects/ibex/doc/dungpc/microarchitecture/scripts/top_tb.sv:2:8: ... Location of module with timescale
    2 | module top_tb;
      |        ^~~~~~
%Warning-TIMESCALEMOD: /home/dungpc/ndmoney4porche/projects/ibex/rtl/ibex_controller.sv:14:8: Timescale missing on this module as other modules have it (IEEE 1800-2017 3.14.2.3)
   14 | module ibex_controller import ibex_pkg::*; #(
      |        ^~~~~~~~~~~~~~~
                       /home/dungpc/ndmoney4porche/projects/ibex/doc/dungpc/microarchitecture/scripts/top_tb.sv:2:8: ... Location of module with timescale
    2 | module top_tb;
      |        ^~~~~~
%Warning-TIMESCALEMOD: /home/dungpc/ndmoney4porche/projects/ibex/rtl/ibex_core.sv:17:8: Timescale missing on this module as other modules have it (IEEE 1800-2017 3.14.2.3)
   17 | module ibex_core import ibex_pkg::*; import ibex_cheriot_pkg::*; #(
      |        ^~~~~~~~~
                       /home/dungpc/ndmoney4porche/projects/ibex/doc/dungpc/microarchitecture/scripts/top_tb.sv:2:8: ... Location of module with timescale
    2 | module top_tb;
      |        ^~~~~~
%Warning-TIMESCALEMOD: /home/dungpc/ndmoney4porche/projects/ibex/rtl/ibex_counter.sv:5:8: Timescale missing on this module as other modules have it (IEEE 1800-2017 3.14.2.3)
    5 | module ibex_counter #(
      |        ^~~~~~~~~~~~
                       /home/dungpc/ndmoney4porche/projects/ibex/doc/dungpc/microarchitecture/scripts/top_tb.sv:2:8: ... Location of module with timescale
    2 | module top_tb;
      |        ^~~~~~
%Warning-TIMESCALEMOD: /home/dungpc/ndmoney4porche/projects/ibex/rtl/ibex_cs_registers.sv:13:8: Timescale missing on this module as other modules have it (IEEE 1800-2017 3.14.2.3)
   13 | module ibex_cs_registers import ibex_pkg::*, ibex_cheriot_pkg::*; #(
      |        ^~~~~~~~~~~~~~~~~
                       /home/dungpc/ndmoney4porche/projects/ibex/doc/dungpc/microarchitecture/scripts/top_tb.sv:2:8: ... Location of module with timescale
    2 | module top_tb;
      |        ^~~~~~
%Warning-TIMESCALEMOD: /home/dungpc/ndmoney4porche/projects/ibex/rtl/ibex_csr.sv:11:8: Timescale missing on this module as other modules have it (IEEE 1800-2017 3.14.2.3)
   11 | module ibex_csr #(
      |        ^~~~~~~~
                       /home/dungpc/ndmoney4porche/projects/ibex/doc/dungpc/microarchitecture/scripts/top_tb.sv:2:8: ... Location of module with timescale
    2 | module top_tb;
      |        ^~~~~~
%Warning-TIMESCALEMOD: /home/dungpc/ndmoney4porche/projects/ibex/rtl/ibex_decoder.sv:17:8: Timescale missing on this module as other modules have it (IEEE 1800-2017 3.14.2.3)
   17 | module ibex_decoder import ibex_cheriot_pkg::*; #(
      |        ^~~~~~~~~~~~
                       /home/dungpc/ndmoney4porche/projects/ibex/doc/dungpc/microarchitecture/scripts/top_tb.sv:2:8: ... Location of module with timescale
    2 | module top_tb;
      |        ^~~~~~
%Warning-TIMESCALEMOD: /home/dungpc/ndmoney4porche/projects/ibex/rtl/ibex_dummy_instr.sv:12:8: Timescale missing on this module as other modules have it (IEEE 1800-2017 3.14.2.3)
   12 | module ibex_dummy_instr import ibex_pkg::*; #(
      |        ^~~~~~~~~~~~~~~~
                       /home/dungpc/ndmoney4porche/projects/ibex/doc/dungpc/microarchitecture/scripts/top_tb.sv:2:8: ... Location of module with timescale
    2 | module top_tb;
      |        ^~~~~~
%Warning-TIMESCALEMOD: /home/dungpc/ndmoney4porche/projects/ibex/rtl/ibex_ex_block.sv:11:8: Timescale missing on this module as other modules have it (IEEE 1800-2017 3.14.2.3)
   11 | module ibex_ex_block #(
      |        ^~~~~~~~~~~~~
                       /home/dungpc/ndmoney4porche/projects/ibex/doc/dungpc/microarchitecture/scripts/top_tb.sv:2:8: ... Location of module with timescale
    2 | module top_tb;
      |        ^~~~~~
%Warning-TIMESCALEMOD: /home/dungpc/ndmoney4porche/projects/ibex/rtl/ibex_fetch_fifo.sv:15:8: Timescale missing on this module as other modules have it (IEEE 1800-2017 3.14.2.3)
   15 | module ibex_fetch_fifo #(
      |        ^~~~~~~~~~~~~~~
                       /home/dungpc/ndmoney4porche/projects/ibex/doc/dungpc/microarchitecture/scripts/top_tb.sv:2:8: ... Location of module with timescale
    2 | module top_tb;
      |        ^~~~~~
%Warning-TIMESCALEMOD: /home/dungpc/ndmoney4porche/projects/ibex/rtl/ibex_icache.sv:13:8: Timescale missing on this module as other modules have it (IEEE 1800-2017 3.14.2.3)
   13 | module ibex_icache import ibex_pkg::*; #(
      |        ^~~~~~~~~~~
                       /home/dungpc/ndmoney4porche/projects/ibex/doc/dungpc/microarchitecture/scripts/top_tb.sv:2:8: ... Location of module with timescale
    2 | module top_tb;
      |        ^~~~~~
%Warning-TIMESCALEMOD: /home/dungpc/ndmoney4porche/projects/ibex/rtl/ibex_id_stage.sv:21:8: Timescale missing on this module as other modules have it (IEEE 1800-2017 3.14.2.3)
   21 | module ibex_id_stage import ibex_cheriot_pkg::*; #(
      |        ^~~~~~~~~~~~~
                       /home/dungpc/ndmoney4porche/projects/ibex/doc/dungpc/microarchitecture/scripts/top_tb.sv:2:8: ... Location of module with timescale
    2 | module top_tb;
      |        ^~~~~~
%Warning-TIMESCALEMOD: /home/dungpc/ndmoney4porche/projects/ibex/rtl/ibex_if_stage.sv:17:8: Timescale missing on this module as other modules have it (IEEE 1800-2017 3.14.2.3)
   17 | module ibex_if_stage import ibex_pkg::*; import ibex_cheriot_pkg::*; #(
      |        ^~~~~~~~~~~~~
                       /home/dungpc/ndmoney4porche/projects/ibex/doc/dungpc/microarchitecture/scripts/top_tb.sv:2:8: ... Location of module with timescale
    2 | module top_tb;
      |        ^~~~~~
%Warning-TIMESCALEMOD: /home/dungpc/ndmoney4porche/projects/ibex/rtl/ibex_load_store_unit.sv:18:8: Timescale missing on this module as other modules have it (IEEE 1800-2017 3.14.2.3)
   18 | module ibex_load_store_unit import ibex_pkg::*; import ibex_cheriot_pkg::*; #(
      |        ^~~~~~~~~~~~~~~~~~~~
                       /home/dungpc/ndmoney4porche/projects/ibex/doc/dungpc/microarchitecture/scripts/top_tb.sv:2:8: ... Location of module with timescale
    2 | module top_tb;
      |        ^~~~~~
%Warning-TIMESCALEMOD: /home/dungpc/ndmoney4porche/projects/ibex/rtl/ibex_lockstep.sv:11:8: Timescale missing on this module as other modules have it (IEEE 1800-2017 3.14.2.3)
   11 | module ibex_lockstep import ibex_pkg::*; import ibex_cheriot_pkg::*; #(
      |        ^~~~~~~~~~~~~
                       /home/dungpc/ndmoney4porche/projects/ibex/doc/dungpc/microarchitecture/scripts/top_tb.sv:2:8: ... Location of module with timescale
    2 | module top_tb;
      |        ^~~~~~
%Warning-TIMESCALEMOD: /home/dungpc/ndmoney4porche/projects/ibex/rtl/ibex_multdiv_fast.sv:17:8: Timescale missing on this module as other modules have it (IEEE 1800-2017 3.14.2.3)
   17 | module ibex_multdiv_fast #(
      |        ^~~~~~~~~~~~~~~~~
                       /home/dungpc/ndmoney4porche/projects/ibex/doc/dungpc/microarchitecture/scripts/top_tb.sv:2:8: ... Location of module with timescale
    2 | module top_tb;
      |        ^~~~~~
%Warning-TIMESCALEMOD: /home/dungpc/ndmoney4porche/projects/ibex/rtl/ibex_multdiv_slow.sv:14:8: Timescale missing on this module as other modules have it (IEEE 1800-2017 3.14.2.3)
   14 | module ibex_multdiv_slow
      |        ^~~~~~~~~~~~~~~~~
                       /home/dungpc/ndmoney4porche/projects/ibex/doc/dungpc/microarchitecture/scripts/top_tb.sv:2:8: ... Location of module with timescale
    2 | module top_tb;
      |        ^~~~~~
%Warning-TIMESCALEMOD: /home/dungpc/ndmoney4porche/projects/ibex/rtl/ibex_pmp.sv:7:8: Timescale missing on this module as other modules have it (IEEE 1800-2017 3.14.2.3)
    7 | module ibex_pmp import ibex_pkg::*; #(
      |        ^~~~~~~~
                       /home/dungpc/ndmoney4porche/projects/ibex/doc/dungpc/microarchitecture/scripts/top_tb.sv:2:8: ... Location of module with timescale
    2 | module top_tb;
      |        ^~~~~~
%Warning-TIMESCALEMOD: /home/dungpc/ndmoney4porche/projects/ibex/rtl/ibex_prefetch_buffer.sv:12:8: Timescale missing on this module as other modules have it (IEEE 1800-2017 3.14.2.3)
   12 | module ibex_prefetch_buffer #(
      |        ^~~~~~~~~~~~~~~~~~~~
                       /home/dungpc/ndmoney4porche/projects/ibex/doc/dungpc/microarchitecture/scripts/top_tb.sv:2:8: ... Location of module with timescale
    2 | module top_tb;
      |        ^~~~~~
%Warning-TIMESCALEMOD: /home/dungpc/ndmoney4porche/projects/ibex/rtl/ibex_register_file_ff.sv:51:8: Timescale missing on this module as other modules have it (IEEE 1800-2017 3.14.2.3)
   51 | module ibex_register_file_ff import ibex_pkg::*; #(
      |        ^~~~~~~~~~~~~~~~~~~~~
                       /home/dungpc/ndmoney4porche/projects/ibex/doc/dungpc/microarchitecture/scripts/top_tb.sv:2:8: ... Location of module with timescale
    2 | module top_tb;
      |        ^~~~~~
%Warning-TIMESCALEMOD: /home/dungpc/ndmoney4porche/projects/ibex/rtl/ibex_register_file_fpga.sv:36:8: Timescale missing on this module as other modules have it (IEEE 1800-2017 3.14.2.3)
   36 | module ibex_register_file_fpga import ibex_pkg::*; #(
      |        ^~~~~~~~~~~~~~~~~~~~~~~
                       /home/dungpc/ndmoney4porche/projects/ibex/doc/dungpc/microarchitecture/scripts/top_tb.sv:2:8: ... Location of module with timescale
    2 | module top_tb;
      |        ^~~~~~
%Warning-TIMESCALEMOD: /home/dungpc/ndmoney4porche/projects/ibex/rtl/ibex_register_file_latch.sv:36:8: Timescale missing on this module as other modules have it (IEEE 1800-2017 3.14.2.3)
   36 | module ibex_register_file_latch import ibex_pkg::*; #(
      |        ^~~~~~~~~~~~~~~~~~~~~~~~
                       /home/dungpc/ndmoney4porche/projects/ibex/doc/dungpc/microarchitecture/scripts/top_tb.sv:2:8: ... Location of module with timescale
    2 | module top_tb;
      |        ^~~~~~
%Warning-TIMESCALEMOD: /home/dungpc/ndmoney4porche/projects/ibex/rtl/ibex_top.sv:15:8: Timescale missing on this module as other modules have it (IEEE 1800-2017 3.14.2.3)
   15 | module ibex_top import ibex_pkg::*; import ibex_cheriot_pkg::*; #(
      |        ^~~~~~~~
                       /home/dungpc/ndmoney4porche/projects/ibex/doc/dungpc/microarchitecture/scripts/top_tb.sv:2:8: ... Location of module with timescale
    2 | module top_tb;
      |        ^~~~~~
%Warning-TIMESCALEMOD: /home/dungpc/ndmoney4porche/projects/ibex/rtl/ibex_trvk.sv:9:8: Timescale missing on this module as other modules have it (IEEE 1800-2017 3.14.2.3)
    9 | module ibex_trvk #(
      |        ^~~~~~~~~
                       /home/dungpc/ndmoney4porche/projects/ibex/doc/dungpc/microarchitecture/scripts/top_tb.sv:2:8: ... Location of module with timescale
    2 | module top_tb;
      |        ^~~~~~
%Warning-TIMESCALEMOD: /home/dungpc/ndmoney4porche/projects/ibex/rtl/ibex_wb_stage.sv:18:8: Timescale missing on this module as other modules have it (IEEE 1800-2017 3.14.2.3)
   18 | module ibex_wb_stage import ibex_cheriot_pkg::*; #(
      |        ^~~~~~~~~~~~~
                       /home/dungpc/ndmoney4porche/projects/ibex/doc/dungpc/microarchitecture/scripts/top_tb.sv:2:8: ... Location of module with timescale
    2 | module top_tb;
      |        ^~~~~~
%Warning-TIMESCALEMOD: /home/dungpc/ndmoney4porche/projects/ibex/vendor/lowrisc_ip/ip/prim_generic/rtl/prim_buf.sv:7:8: Timescale missing on this module as other modules have it (IEEE 1800-2017 3.14.2.3)
    7 | module prim_buf #(
      |        ^~~~~~~~
                       /home/dungpc/ndmoney4porche/projects/ibex/rtl/ibex_core.sv:508:1: ... note: In file included from 'ibex_core.sv'
                       /home/dungpc/ndmoney4porche/projects/ibex/doc/dungpc/microarchitecture/scripts/top_tb.sv:2:8: ... Location of module with timescale
    2 | module top_tb;
      |        ^~~~~~
%Warning-TIMESCALEMOD: /home/dungpc/ndmoney4porche/projects/ibex/vendor/lowrisc_ip/ip/prim/rtl/prim_secded_inv_39_32_enc.sv:7:8: Timescale missing on this module as other modules have it (IEEE 1800-2017 3.14.2.3)
    7 | module prim_secded_inv_39_32_enc (
      |        ^~~~~~~~~~~~~~~~~~~~~~~~~
                       /home/dungpc/ndmoney4porche/projects/ibex/rtl/ibex_core.sv:1223:1: ... note: In file included from 'ibex_core.sv'
                       /home/dungpc/ndmoney4porche/projects/ibex/doc/dungpc/microarchitecture/scripts/top_tb.sv:2:8: ... Location of module with timescale
    2 | module top_tb;
      |        ^~~~~~
%Warning-TIMESCALEMOD: /home/dungpc/ndmoney4porche/projects/ibex/vendor/lowrisc_ip/ip/prim/rtl/prim_secded_inv_39_32_dec.sv:7:8: Timescale missing on this module as other modules have it (IEEE 1800-2017 3.14.2.3)
    7 | module prim_secded_inv_39_32_dec (
      |        ^~~~~~~~~~~~~~~~~~~~~~~~~
                       /home/dungpc/ndmoney4porche/projects/ibex/rtl/ibex_core.sv:1229:1: ... note: In file included from 'ibex_core.sv'
                       /home/dungpc/ndmoney4porche/projects/ibex/doc/dungpc/microarchitecture/scripts/top_tb.sv:2:8: ... Location of module with timescale
    2 | module top_tb;
      |        ^~~~~~
%Warning-TIMESCALEMOD: /home/dungpc/ndmoney4porche/projects/ibex/vendor/lowrisc_ip/ip/prim/rtl/prim_secded_inv_64_57_enc.sv:7:8: Timescale missing on this module as other modules have it (IEEE 1800-2017 3.14.2.3)
    7 | module prim_secded_inv_64_57_enc (
      |        ^~~~~~~~~~~~~~~~~~~~~~~~~
                       /home/dungpc/ndmoney4porche/projects/ibex/rtl/ibex_core.sv:1254:1: ... note: In file included from 'ibex_core.sv'
                       /home/dungpc/ndmoney4porche/projects/ibex/doc/dungpc/microarchitecture/scripts/top_tb.sv:2:8: ... Location of module with timescale
    2 | module top_tb;
      |        ^~~~~~
%Warning-TIMESCALEMOD: /home/dungpc/ndmoney4porche/projects/ibex/vendor/lowrisc_ip/ip/prim/rtl/prim_secded_inv_64_57_dec.sv:7:8: Timescale missing on this module as other modules have it (IEEE 1800-2017 3.14.2.3)
    7 | module prim_secded_inv_64_57_dec (
      |        ^~~~~~~~~~~~~~~~~~~~~~~~~
                       /home/dungpc/ndmoney4porche/projects/ibex/rtl/ibex_core.sv:1265:1: ... note: In file included from 'ibex_core.sv'
                       /home/dungpc/ndmoney4porche/projects/ibex/doc/dungpc/microarchitecture/scripts/top_tb.sv:2:8: ... Location of module with timescale
    2 | module top_tb;
      |        ^~~~~~
%Warning-TIMESCALEMOD: /home/dungpc/ndmoney4porche/projects/ibex/vendor/lowrisc_ip/ip/prim/rtl/prim_lfsr.sv:29:8: Timescale missing on this module as other modules have it (IEEE 1800-2017 3.14.2.3)
   29 | module prim_lfsr #(
      |        ^~~~~~~~~
                       /home/dungpc/ndmoney4porche/projects/ibex/rtl/ibex_dummy_instr.sv:84:1: ... note: In file included from 'ibex_dummy_instr.sv'
                       /home/dungpc/ndmoney4porche/projects/ibex/doc/dungpc/microarchitecture/scripts/top_tb.sv:2:8: ... Location of module with timescale
    2 | module top_tb;
      |        ^~~~~~
%Warning-TIMESCALEMOD: /home/dungpc/ndmoney4porche/projects/ibex/vendor/lowrisc_ip/ip/prim/rtl/prim_secded_inv_28_22_enc.sv:7:8: Timescale missing on this module as other modules have it (IEEE 1800-2017 3.14.2.3)
    7 | module prim_secded_inv_28_22_enc (
      |        ^~~~~~~~~~~~~~~~~~~~~~~~~
                       /home/dungpc/ndmoney4porche/projects/ibex/rtl/ibex_icache.sv:299:1: ... note: In file included from 'ibex_icache.sv'
                       /home/dungpc/ndmoney4porche/projects/ibex/doc/dungpc/microarchitecture/scripts/top_tb.sv:2:8: ... Location of module with timescale
    2 | module top_tb;
      |        ^~~~~~
%Warning-TIMESCALEMOD: /home/dungpc/ndmoney4porche/projects/ibex/vendor/lowrisc_ip/ip/prim/rtl/prim_secded_inv_28_22_dec.sv:7:8: Timescale missing on this module as other modules have it (IEEE 1800-2017 3.14.2.3)
    7 | module prim_secded_inv_28_22_dec (
      |        ^~~~~~~~~~~~~~~~~~~~~~~~~
                       /home/dungpc/ndmoney4porche/projects/ibex/rtl/ibex_icache.sv:557:1: ... note: In file included from 'ibex_icache.sv'
                       /home/dungpc/ndmoney4porche/projects/ibex/doc/dungpc/microarchitecture/scripts/top_tb.sv:2:8: ... Location of module with timescale
    2 | module top_tb;
      |        ^~~~~~
%Warning-TIMESCALEMOD: /home/dungpc/ndmoney4porche/projects/ibex/vendor/lowrisc_ip/ip/prim/rtl/prim_count.sv:28:8: Timescale missing on this module as other modules have it (IEEE 1800-2017 3.14.2.3)
   28 | module prim_count
      |        ^~~~~~~~~~
                       /home/dungpc/ndmoney4porche/projects/ibex/rtl/ibex_lockstep.sv:164:1: ... note: In file included from 'ibex_lockstep.sv'
                       /home/dungpc/ndmoney4porche/projects/ibex/doc/dungpc/microarchitecture/scripts/top_tb.sv:2:8: ... Location of module with timescale
    2 | module top_tb;
      |        ^~~~~~
%Warning-TIMESCALEMOD: /home/dungpc/ndmoney4porche/projects/ibex/vendor/lowrisc_ip/ip/prim_generic/rtl/prim_flop.sv:7:8: Timescale missing on this module as other modules have it (IEEE 1800-2017 3.14.2.3)
    7 | module prim_flop #(
      |        ^~~~~~~~~
                       /home/dungpc/ndmoney4porche/projects/ibex/rtl/ibex_lockstep.sv:215:1: ... note: In file included from 'ibex_lockstep.sv'
                       /home/dungpc/ndmoney4porche/projects/ibex/doc/dungpc/microarchitecture/scripts/top_tb.sv:2:8: ... Location of module with timescale
    2 | module top_tb;
      |        ^~~~~~
%Warning-TIMESCALEMOD: /home/dungpc/ndmoney4porche/projects/ibex/vendor/lowrisc_ip/ip/prim_generic/rtl/prim_clock_mux2.sv:7:8: Timescale missing on this module as other modules have it (IEEE 1800-2017 3.14.2.3)
    7 | module prim_clock_mux2 #(
      |        ^~~~~~~~~~~~~~~
                       /home/dungpc/ndmoney4porche/projects/ibex/rtl/ibex_lockstep.sv:234:1: ... note: In file included from 'ibex_lockstep.sv'
                       /home/dungpc/ndmoney4porche/projects/ibex/doc/dungpc/microarchitecture/scripts/top_tb.sv:2:8: ... Location of module with timescale
    2 | module top_tb;
      |        ^~~~~~
%Warning-TIMESCALEMOD: /home/dungpc/ndmoney4porche/projects/ibex/vendor/lowrisc_ip/ip/prim_generic/rtl/prim_clock_gating.sv:10:8: Timescale missing on this module as other modules have it (IEEE 1800-2017 3.14.2.3)
   10 | module prim_clock_gating #(
      |        ^~~~~~~~~~~~~~~~~
                       /home/dungpc/ndmoney4porche/projects/ibex/rtl/ibex_register_file_latch.sv:94:1: ... note: In file included from 'ibex_register_file_latch.sv'
                       /home/dungpc/ndmoney4porche/projects/ibex/doc/dungpc/microarchitecture/scripts/top_tb.sv:2:8: ... Location of module with timescale
    2 | module top_tb;
      |        ^~~~~~
%Warning-TIMESCALEMOD: /home/dungpc/ndmoney4porche/projects/ibex/vendor/lowrisc_ip/ip/prim/rtl/prim_ram_1p_scr.sv:26:8: Timescale missing on this module as other modules have it (IEEE 1800-2017 3.14.2.3)
   26 | module prim_ram_1p_scr import prim_ram_1p_pkg::*; #(
      |        ^~~~~~~~~~~~~~~
                       /home/dungpc/ndmoney4porche/projects/ibex/rtl/ibex_top.sv:698:1: ... note: In file included from 'ibex_top.sv'
                       /home/dungpc/ndmoney4porche/projects/ibex/doc/dungpc/microarchitecture/scripts/top_tb.sv:2:8: ... Location of module with timescale
    2 | module top_tb;
      |        ^~~~~~
%Warning-TIMESCALEMOD: /home/dungpc/ndmoney4porche/projects/ibex/vendor/lowrisc_ip/ip/prim_generic/rtl/prim_ram_1p.sv:9:8: Timescale missing on this module as other modules have it (IEEE 1800-2017 3.14.2.3)
    9 | module prim_ram_1p import prim_ram_1p_pkg::*; #(
      |        ^~~~~~~~~~~
                       /home/dungpc/ndmoney4porche/projects/ibex/rtl/ibex_top.sv:802:1: ... note: In file included from 'ibex_top.sv'
                       /home/dungpc/ndmoney4porche/projects/ibex/doc/dungpc/microarchitecture/scripts/top_tb.sv:2:8: ... Location of module with timescale
    2 | module top_tb;
      |        ^~~~~~
%Warning-TIMESCALEMOD: /home/dungpc/ndmoney4porche/projects/ibex/vendor/pulp_common_cells/rtl/stream_fork.sv:21:8: Timescale missing on this module as other modules have it (IEEE 1800-2017 3.14.2.3)
   21 | module stream_fork #(
      |        ^~~~~~~~~~~
                       /home/dungpc/ndmoney4porche/projects/ibex/rtl/ibex_trvk.sv:161:1: ... note: In file included from 'ibex_trvk.sv'
                       /home/dungpc/ndmoney4porche/projects/ibex/doc/dungpc/microarchitecture/scripts/top_tb.sv:2:8: ... Location of module with timescale
    2 | module top_tb;
      |        ^~~~~~
%Warning-TIMESCALEMOD: /home/dungpc/ndmoney4porche/projects/ibex/vendor/pulp_common_cells/rtl/stream_join_dynamic.sv:20:8: Timescale missing on this module as other modules have it (IEEE 1800-2017 3.14.2.3)
   20 | module stream_join_dynamic #(
      |        ^~~~~~~~~~~~~~~~~~~
                       /home/dungpc/ndmoney4porche/projects/ibex/rtl/ibex_trvk.sv:175:1: ... note: In file included from 'ibex_trvk.sv'
                       /home/dungpc/ndmoney4porche/projects/ibex/doc/dungpc/microarchitecture/scripts/top_tb.sv:2:8: ... Location of module with timescale
    2 | module top_tb;
      |        ^~~~~~
%Warning-TIMESCALEMOD: /home/dungpc/ndmoney4porche/projects/ibex/vendor/lowrisc_ip/ip/prim/rtl/prim_fifo_sync.sv:14:8: Timescale missing on this module as other modules have it (IEEE 1800-2017 3.14.2.3)
   14 | module prim_fifo_sync #(
      |        ^~~~~~~~~~~~~~
                       /home/dungpc/ndmoney4porche/projects/ibex/rtl/ibex_trvk.sv:206:1: ... note: In file included from 'ibex_trvk.sv'
                       /home/dungpc/ndmoney4porche/projects/ibex/doc/dungpc/microarchitecture/scripts/top_tb.sv:2:8: ... Location of module with timescale
    2 | module top_tb;
      |        ^~~~~~
%Warning-TIMESCALEMOD: /home/dungpc/ndmoney4porche/projects/ibex/vendor/lowrisc_ip/ip/prim/rtl/prim_subst_perm.sv:12:8: Timescale missing on this module as other modules have it (IEEE 1800-2017 3.14.2.3)
   12 | module prim_subst_perm #(
      |        ^~~~~~~~~~~~~~~
                       /home/dungpc/ndmoney4porche/projects/ibex/vendor/lowrisc_ip/ip/prim/rtl/prim_ram_1p_scr.sv:224:1: ... note: In file included from 'prim_ram_1p_scr.sv'
                       /home/dungpc/ndmoney4porche/projects/ibex/rtl/ibex_top.sv:698:1: ... note: In file included from 'ibex_top.sv'
                       /home/dungpc/ndmoney4porche/projects/ibex/doc/dungpc/microarchitecture/scripts/top_tb.sv:2:8: ... Location of module with timescale
    2 | module top_tb;
      |        ^~~~~~
%Warning-TIMESCALEMOD: /home/dungpc/ndmoney4porche/projects/ibex/vendor/lowrisc_ip/ip/prim/rtl/prim_prince.sv:26:8: Timescale missing on this module as other modules have it (IEEE 1800-2017 3.14.2.3)
   26 | module prim_prince #(
      |        ^~~~~~~~~~~
                       /home/dungpc/ndmoney4porche/projects/ibex/vendor/lowrisc_ip/ip/prim/rtl/prim_ram_1p_scr.sv:261:1: ... note: In file included from 'prim_ram_1p_scr.sv'
                       /home/dungpc/ndmoney4porche/projects/ibex/rtl/ibex_top.sv:698:1: ... note: In file included from 'ibex_top.sv'
                       /home/dungpc/ndmoney4porche/projects/ibex/doc/dungpc/microarchitecture/scripts/top_tb.sv:2:8: ... Location of module with timescale
    2 | module top_tb;
      |        ^~~~~~
%Warning-TIMESCALEMOD: /home/dungpc/ndmoney4porche/projects/ibex/vendor/lowrisc_ip/ip/prim/rtl/prim_ram_1p_adv.sv:18:8: Timescale missing on this module as other modules have it (IEEE 1800-2017 3.14.2.3)
   18 | module prim_ram_1p_adv import prim_ram_1p_pkg::*; #(
      |        ^~~~~~~~~~~~~~~
                       /home/dungpc/ndmoney4porche/projects/ibex/vendor/lowrisc_ip/ip/prim/rtl/prim_ram_1p_scr.sv:498:1: ... note: In file included from 'prim_ram_1p_scr.sv'
                       /home/dungpc/ndmoney4porche/projects/ibex/rtl/ibex_top.sv:698:1: ... note: In file included from 'ibex_top.sv'
                       /home/dungpc/ndmoney4porche/projects/ibex/doc/dungpc/microarchitecture/scripts/top_tb.sv:2:8: ... Location of module with timescale
    2 | module top_tb;
      |        ^~~~~~
%Warning-TIMESCALEMOD: /home/dungpc/ndmoney4porche/projects/ibex/vendor/lowrisc_ip/ip/prim/rtl/prim_fifo_sync_cnt.sv:9:8: Timescale missing on this module as other modules have it (IEEE 1800-2017 3.14.2.3)
    9 | module prim_fifo_sync_cnt #(
      |        ^~~~~~~~~~~~~~~~~~
                       /home/dungpc/ndmoney4porche/projects/ibex/vendor/lowrisc_ip/ip/prim/rtl/prim_fifo_sync.sv:170:1: ... note: In file included from 'prim_fifo_sync.sv'
                       /home/dungpc/ndmoney4porche/projects/ibex/rtl/ibex_trvk.sv:206:1: ... note: In file included from 'ibex_trvk.sv'
                       /home/dungpc/ndmoney4porche/projects/ibex/doc/dungpc/microarchitecture/scripts/top_tb.sv:2:8: ... Location of module with timescale
    2 | module top_tb;
      |        ^~~~~~
%Warning-TIMESCALEMOD: /home/dungpc/ndmoney4porche/projects/ibex/vendor/lowrisc_ip/ip/prim/rtl/prim_secded_inv_hamming_22_16_enc.sv:7:8: Timescale missing on this module as other modules have it (IEEE 1800-2017 3.14.2.3)
    7 | module prim_secded_inv_hamming_22_16_enc (
      |        ^~~~~~~~~~~~~~~~~~~~~~~~~~~~~~~~~
                       /home/dungpc/ndmoney4porche/projects/ibex/vendor/lowrisc_ip/ip/prim/rtl/prim_ram_1p_adv.sv:244:1: ... note: In file included from 'prim_ram_1p_adv.sv'
                       /home/dungpc/ndmoney4porche/projects/ibex/vendor/lowrisc_ip/ip/prim/rtl/prim_ram_1p_scr.sv:498:1: ... note: In file included from 'prim_ram_1p_scr.sv'
                       /home/dungpc/ndmoney4porche/projects/ibex/rtl/ibex_top.sv:698:1: ... note: In file included from 'ibex_top.sv'
                       /home/dungpc/ndmoney4porche/projects/ibex/doc/dungpc/microarchitecture/scripts/top_tb.sv:2:8: ... Location of module with timescale
    2 | module top_tb;
      |        ^~~~~~
%Warning-TIMESCALEMOD: /home/dungpc/ndmoney4porche/projects/ibex/vendor/lowrisc_ip/ip/prim/rtl/prim_secded_inv_hamming_22_16_dec.sv:7:8: Timescale missing on this module as other modules have it (IEEE 1800-2017 3.14.2.3)
    7 | module prim_secded_inv_hamming_22_16_dec (
      |        ^~~~~~~~~~~~~~~~~~~~~~~~~~~~~~~~~
                       /home/dungpc/ndmoney4porche/projects/ibex/vendor/lowrisc_ip/ip/prim/rtl/prim_ram_1p_adv.sv:248:1: ... note: In file included from 'prim_ram_1p_adv.sv'
                       /home/dungpc/ndmoney4porche/projects/ibex/vendor/lowrisc_ip/ip/prim/rtl/prim_ram_1p_scr.sv:498:1: ... note: In file included from 'prim_ram_1p_scr.sv'
                       /home/dungpc/ndmoney4porche/projects/ibex/rtl/ibex_top.sv:698:1: ... note: In file included from 'ibex_top.sv'
                       /home/dungpc/ndmoney4porche/projects/ibex/doc/dungpc/microarchitecture/scripts/top_tb.sv:2:8: ... Location of module with timescale
    2 | module top_tb;
      |        ^~~~~~
%Warning-TIMESCALEMOD: /home/dungpc/ndmoney4porche/projects/ibex/vendor/lowrisc_ip/ip/prim/rtl/prim_secded_inv_22_16_enc.sv:7:8: Timescale missing on this module as other modules have it (IEEE 1800-2017 3.14.2.3)
    7 | module prim_secded_inv_22_16_enc (
      |        ^~~~~~~~~~~~~~~~~~~~~~~~~
                       /home/dungpc/ndmoney4porche/projects/ibex/vendor/lowrisc_ip/ip/prim/rtl/prim_ram_1p_adv.sv:255:1: ... note: In file included from 'prim_ram_1p_adv.sv'
                       /home/dungpc/ndmoney4porche/projects/ibex/vendor/lowrisc_ip/ip/prim/rtl/prim_ram_1p_scr.sv:498:1: ... note: In file included from 'prim_ram_1p_scr.sv'
                       /home/dungpc/ndmoney4porche/projects/ibex/rtl/ibex_top.sv:698:1: ... note: In file included from 'ibex_top.sv'
                       /home/dungpc/ndmoney4porche/projects/ibex/doc/dungpc/microarchitecture/scripts/top_tb.sv:2:8: ... Location of module with timescale
    2 | module top_tb;
      |        ^~~~~~
%Warning-TIMESCALEMOD: /home/dungpc/ndmoney4porche/projects/ibex/vendor/lowrisc_ip/ip/prim/rtl/prim_secded_inv_22_16_dec.sv:7:8: Timescale missing on this module as other modules have it (IEEE 1800-2017 3.14.2.3)
    7 | module prim_secded_inv_22_16_dec (
      |        ^~~~~~~~~~~~~~~~~~~~~~~~~
                       /home/dungpc/ndmoney4porche/projects/ibex/vendor/lowrisc_ip/ip/prim/rtl/prim_ram_1p_adv.sv:259:1: ... note: In file included from 'prim_ram_1p_adv.sv'
                       /home/dungpc/ndmoney4porche/projects/ibex/vendor/lowrisc_ip/ip/prim/rtl/prim_ram_1p_scr.sv:498:1: ... note: In file included from 'prim_ram_1p_scr.sv'
                       /home/dungpc/ndmoney4porche/projects/ibex/rtl/ibex_top.sv:698:1: ... note: In file included from 'ibex_top.sv'
                       /home/dungpc/ndmoney4porche/projects/ibex/doc/dungpc/microarchitecture/scripts/top_tb.sv:2:8: ... Location of module with timescale
    2 | module top_tb;
      |        ^~~~~~
%Warning-TIMESCALEMOD: /home/dungpc/ndmoney4porche/projects/ibex/vendor/lowrisc_ip/ip/prim/rtl/prim_secded_inv_hamming_39_32_enc.sv:7:8: Timescale missing on this module as other modules have it (IEEE 1800-2017 3.14.2.3)
    7 | module prim_secded_inv_hamming_39_32_enc (
      |        ^~~~~~~~~~~~~~~~~~~~~~~~~~~~~~~~~
                       /home/dungpc/ndmoney4porche/projects/ibex/vendor/lowrisc_ip/ip/prim/rtl/prim_ram_1p_adv.sv:268:1: ... note: In file included from 'prim_ram_1p_adv.sv'
                       /home/dungpc/ndmoney4porche/projects/ibex/vendor/lowrisc_ip/ip/prim/rtl/prim_ram_1p_scr.sv:498:1: ... note: In file included from 'prim_ram_1p_scr.sv'
                       /home/dungpc/ndmoney4porche/projects/ibex/rtl/ibex_top.sv:698:1: ... note: In file included from 'ibex_top.sv'
                       /home/dungpc/ndmoney4porche/projects/ibex/doc/dungpc/microarchitecture/scripts/top_tb.sv:2:8: ... Location of module with timescale
    2 | module top_tb;
      |        ^~~~~~
%Warning-TIMESCALEMOD: /home/dungpc/ndmoney4porche/projects/ibex/vendor/lowrisc_ip/ip/prim/rtl/prim_secded_inv_hamming_39_32_dec.sv:7:8: Timescale missing on this module as other modules have it (IEEE 1800-2017 3.14.2.3)
    7 | module prim_secded_inv_hamming_39_32_dec (
      |        ^~~~~~~~~~~~~~~~~~~~~~~~~~~~~~~~~
                       /home/dungpc/ndmoney4porche/projects/ibex/vendor/lowrisc_ip/ip/prim/rtl/prim_ram_1p_adv.sv:272:1: ... note: In file included from 'prim_ram_1p_adv.sv'
                       /home/dungpc/ndmoney4porche/projects/ibex/vendor/lowrisc_ip/ip/prim/rtl/prim_ram_1p_scr.sv:498:1: ... note: In file included from 'prim_ram_1p_scr.sv'
                       /home/dungpc/ndmoney4porche/projects/ibex/rtl/ibex_top.sv:698:1: ... note: In file included from 'ibex_top.sv'
                       /home/dungpc/ndmoney4porche/projects/ibex/doc/dungpc/microarchitecture/scripts/top_tb.sv:2:8: ... Location of module with timescale
    2 | module top_tb;
      |        ^~~~~~
%Warning-WIDTHTRUNC: /home/dungpc/ndmoney4porche/projects/ibex/doc/dungpc/microarchitecture/scripts/top_tb.sv:5:17: Operator VAR 'SEC' expects 1 bits on the Initial value, but Initial value's CONST '32'h1' generates 32 bits.
                                                                                                                  : ... note: In instance 'top_tb'
    5 |   parameter bit SEC=0, CACHE=0, PRED=0, DUAL=0, MODE=0, SCR=0, ICECC=0, PMP=0;
      |                 ^~~
%Warning-WIDTHTRUNC: /home/dungpc/ndmoney4porche/projects/ibex/doc/dungpc/microarchitecture/scripts/top_tb.sv:5:24: Operator VAR 'CACHE' expects 1 bits on the Initial value, but Initial value's CONST '32'h1' generates 32 bits.
                                                                                                                  : ... note: In instance 'top_tb'
    5 |   parameter bit SEC=0, CACHE=0, PRED=0, DUAL=0, MODE=0, SCR=0, ICECC=0, PMP=0;
      |                        ^~~~~
%Warning-WIDTHTRUNC: /home/dungpc/ndmoney4porche/projects/ibex/doc/dungpc/microarchitecture/scripts/top_tb.sv:5:64: Operator VAR 'ICECC' expects 1 bits on the Initial value, but Initial value's CONST '32'h1' generates 32 bits.
                                                                                                                  : ... note: In instance 'top_tb'
    5 |   parameter bit SEC=0, CACHE=0, PRED=0, DUAL=0, MODE=0, SCR=0, ICECC=0, PMP=0;
      |                                                                ^~~~~
%Warning-WIDTHTRUNC: /home/dungpc/ndmoney4porche/projects/ibex/doc/dungpc/microarchitecture/scripts/top_tb.sv:131:77: Logical operator COND expects 1 bit on the Conditional Test, but Conditional Test's VARREF 'revoked' generates 32 bits.
                                                                                                                    : ... note: In instance 'top_tb'
  131 |       if(bm_wait>0)begin bm_wait--;if(bm_wait==1)begin bmv=1;bmdata=revoked ? 1 : 0;end end
      |                                                                             ^
%Warning-MULTIDRIVEN: /home/dungpc/ndmoney4porche/projects/ibex/rtl/ibex_icache.sv:507:5: Variable written to in always_comb also written by other process (IEEE 1800-2017 9.2.2.2): 'hit_data_ecc_ic1'
                                                                                        : ... note: In instance 'top_tb.dut.u_ibex_core.if_stage_i.gen_icache.icache_i'
                      /home/dungpc/ndmoney4porche/projects/ibex/rtl/ibex_icache.sv:507:5: 
  507 |     hit_data_ecc_ic1 = 'b0;
      |     ^~~~~~~~~~~~~~~~
                      /home/dungpc/ndmoney4porche/projects/ibex/doc/dungpc/microarchitecture/scripts/top_tb.sv:160:89: ... Location of other write
  160 |       if(fault==10 && cycle==354)release dut.u_ibex_core.if_stage_i.gen_icache.icache_i.hit_data_ecc_ic1;
      |                                                                                         ^~~~~~~~~~~~~~~~
%Warning-UNOPTFLAT: /home/dungpc/ndmoney4porche/projects/ibex/rtl/ibex_id_stage.sv:186:37: Signal unoptimizable: Circular combinational logic: 'top_tb.dut.u_ibex_core.id_stage_i.en_wb_o'
                                                                                         : ... note: In instance 'top_tb.dut.u_ibex_core.id_stage_i'
  186 |   output  logic                     en_wb_o,
      |                                     ^~~~~~~
                    /home/dungpc/ndmoney4porche/projects/ibex/rtl/ibex_id_stage.sv:186:37:      Example path: top_tb.dut.u_ibex_core.id_stage_i.en_wb_o
                    /home/dungpc/ndmoney4porche/projects/ibex/rtl/ibex_id_stage.sv:1130:28:      Example path: ASSIGNW
                    /home/dungpc/ndmoney4porche/projects/ibex/rtl/ibex_id_stage.sv:201:37:      Example path: top_tb.dut.u_ibex_core.id_stage_i.instr_id_done_o
                    /home/dungpc/ndmoney4porche/projects/ibex/rtl/ibex_id_stage.sv:747:22:      Example path: ASSIGNW
                    /home/dungpc/ndmoney4porche/projects/ibex/rtl/ibex_id_stage.sv:105:37:      Example path: top_tb.dut.u_ibex_core.id_stage_i.csr_op_en_o
                    /home/dungpc/ndmoney4porche/projects/ibex/rtl/ibex_controller.sv:293:22:      Example path: ASSIGNW
                    /home/dungpc/ndmoney4porche/projects/ibex/rtl/ibex_controller.sv:168:9:      Example path: top_tb.dut.u_ibex_core.id_stage_i.controller_i.special_req
                    /home/dungpc/ndmoney4porche/projects/ibex/rtl/ibex_controller.sv:539:3:      Example path: ALWAYS
                    /home/dungpc/ndmoney4porche/projects/ibex/rtl/ibex_controller.sv:164:9:      Example path: top_tb.dut.u_ibex_core.id_stage_i.controller_i.halt_if
                    /home/dungpc/ndmoney4porche/projects/ibex/rtl/ibex_controller.sv:1020:24:      Example path: ASSIGNW
                    /home/dungpc/ndmoney4porche/projects/ibex/rtl/ibex_id_stage.sv:50:37:      Example path: top_tb.dut.u_ibex_core.id_stage_i.id_in_ready_o
                    /home/dungpc/ndmoney4porche/projects/ibex/rtl/ibex_controller.sv:539:3:      Example path: ALWAYS
%Warning-UNOPTFLAT: /home/dungpc/ndmoney4porche/projects/ibex/rtl/ibex_icache.sv:111:43: Signal unoptimizable: Circular combinational logic: 'top_tb.dut.u_ibex_core.if_stage_i.gen_icache.icache_i.hit_data_ecc_ic1'
                                                                                       : ... note: In instance 'top_tb.dut.u_ibex_core.if_stage_i'
  111 |   logic [LineSizeECC-1:0]                 hit_data_ecc_ic1;
      |                                           ^~~~~~~~~~~~~~~~
                    /home/dungpc/ndmoney4porche/projects/ibex/rtl/ibex_icache.sv:111:43:      Example path: top_tb.dut.u_ibex_core.if_stage_i.gen_icache.icache_i.hit_data_ecc_ic1
                    /home/dungpc/ndmoney4porche/projects/ibex/rtl/ibex_icache.sv:111:43:      Example path: ASSIGNW
                    /home/dungpc/ndmoney4porche/projects/ibex/rtl/ibex_icache.sv:111:43:      Example path: top_tb.dut.u_ibex_core.if_stage_i.gen_icache.icache_i.hit_data_ecc_ic1__VforceRd
                    /home/dungpc/ndmoney4porche/projects/ibex/rtl/ibex_icache.sv:506:3:      Example path: ALWAYS
                    /home/dungpc/ndmoney4porche/projects/ibex/rtl/ibex_icache.sv:111:43:      Example path: top_tb.dut.u_ibex_core.if_stage_i.gen_icache.icache_i.hit_data_ecc_ic1
%Warning-UNOPTFLAT: /home/dungpc/ndmoney4porche/projects/ibex/rtl/ibex_id_stage.sv:50:37: Signal unoptimizable: Circular combinational logic: 'top_tb.dut.u_ibex_core.id_stage_i.id_in_ready_o'
                                                                                        : ... note: In instance 'top_tb.dut.u_ibex_core.id_stage_i'
   50 |   output logic                      id_in_ready_o,          
      |                                     ^~~~~~~~~~~~~
                    /home/dungpc/ndmoney4porche/projects/ibex/rtl/ibex_id_stage.sv:50:37:      Example path: top_tb.dut.u_ibex_core.id_stage_i.id_in_ready_o
                    /home/dungpc/ndmoney4porche/projects/ibex/rtl/ibex_controller.sv:539:3:      Example path: ALWAYS
                    /home/dungpc/ndmoney4porche/projects/ibex/rtl/ibex_controller.sv:164:9:      Example path: top_tb.dut.u_ibex_core.id_stage_i.controller_i.halt_if
                    /home/dungpc/ndmoney4porche/projects/ibex/rtl/ibex_controller.sv:1020:24:      Example path: ASSIGNW
                    /home/dungpc/ndmoney4porche/projects/ibex/rtl/ibex_id_stage.sv:50:37:      Example path: top_tb.dut.u_ibex_core.id_stage_i.id_in_ready_o
%Warning-UNOPTFLAT: /home/dungpc/ndmoney4porche/projects/ibex/rtl/ibex_id_stage.sv:258:16: Signal unoptimizable: Circular combinational logic: 'top_tb.dut.u_ibex_core.id_stage_i.controller_run'
                                                                                         : ... note: In instance 'top_tb.dut.u_ibex_core.id_stage_i'
  258 |   logic        controller_run;
      |                ^~~~~~~~~~~~~~
                    /home/dungpc/ndmoney4porche/projects/ibex/rtl/ibex_id_stage.sv:258:16:      Example path: top_tb.dut.u_ibex_core.id_stage_i.controller_run
                    /home/dungpc/ndmoney4porche/projects/ibex/rtl/ibex_id_stage.sv:877:3:      Example path: ALWAYS
                    /home/dungpc/ndmoney4porche/projects/ibex/rtl/ibex_id_stage.sv:261:16:      Example path: top_tb.dut.u_ibex_core.id_stage_i.stall_multdiv
                    /home/dungpc/ndmoney4porche/projects/ibex/rtl/ibex_id_stage.sv:983:19:      Example path: ASSIGNW
                    /home/dungpc/ndmoney4porche/projects/ibex/rtl/ibex_id_stage.sv:264:16:      Example path: top_tb.dut.u_ibex_core.id_stage_i.stall_id
                    /home/dungpc/ndmoney4porche/projects/ibex/rtl/ibex_id_stage.sv:1224:18:      Example path: ASSIGNW
                    /home/dungpc/ndmoney4porche/projects/ibex/rtl/ibex_id_stage.sv:186:37:      Example path: top_tb.dut.u_ibex_core.id_stage_i.en_wb_o
                    /home/dungpc/ndmoney4porche/projects/ibex/rtl/ibex_id_stage.sv:1130:28:      Example path: ASSIGNW
                    /home/dungpc/ndmoney4porche/projects/ibex/rtl/ibex_id_stage.sv:201:37:      Example path: top_tb.dut.u_ibex_core.id_stage_i.instr_id_done_o
                    /home/dungpc/ndmoney4porche/projects/ibex/rtl/ibex_id_stage.sv:747:22:      Example path: ASSIGNW
                    /home/dungpc/ndmoney4porche/projects/ibex/rtl/ibex_id_stage.sv:105:37:      Example path: top_tb.dut.u_ibex_core.id_stage_i.csr_op_en_o
                    /home/dungpc/ndmoney4porche/projects/ibex/rtl/ibex_controller.sv:293:22:      Example path: ASSIGNW
                    /home/dungpc/ndmoney4porche/projects/ibex/rtl/ibex_controller.sv:168:9:      Example path: top_tb.dut.u_ibex_core.id_stage_i.controller_i.special_req
                    /home/dungpc/ndmoney4porche/projects/ibex/rtl/ibex_controller.sv:539:3:      Example path: ALWAYS
                    /home/dungpc/ndmoney4porche/projects/ibex/rtl/ibex_controller.sv:164:9:      Example path: top_tb.dut.u_ibex_core.id_stage_i.controller_i.halt_if
                    /home/dungpc/ndmoney4porche/projects/ibex/rtl/ibex_controller.sv:1020:24:      Example path: ASSIGNW
                    /home/dungpc/ndmoney4porche/projects/ibex/rtl/ibex_id_stage.sv:50:37:      Example path: top_tb.dut.u_ibex_core.id_stage_i.id_in_ready_o
                    /home/dungpc/ndmoney4porche/projects/ibex/rtl/ibex_controller.sv:539:3:      Example path: ALWAYS
make: Entering directory '/tmp/ibex-extended/secure_cache_ecc'
g++ -Os  -I.  -MMD -I/usr/share/verilator/include -I/usr/share/verilator/include/vltstd -DVM_COVERAGE=0 -DVM_SC=0 -DVM_TRACE=1 -DVM_TRACE_FST=0 -DVM_TRACE_VCD=1 -faligned-new -fcf-protection=none -Wno-bool-operation -Wno-overloaded-virtual -Wno-shadow -Wno-sign-compare -Wno-uninitialized -Wno-unused-but-set-parameter -Wno-unused-but-set-variable -Wno-unused-parameter -Wno-unused-variable     -DVL_TIME_CONTEXT   -fcoroutines -c -o verilated.o /usr/share/verilator/include/verilated.cpp
g++ -Os  -I.  -MMD -I/usr/share/verilator/include -I/usr/share/verilator/include/vltstd -DVM_COVERAGE=0 -DVM_SC=0 -DVM_TRACE=1 -DVM_TRACE_FST=0 -DVM_TRACE_VCD=1 -faligned-new -fcf-protection=none -Wno-bool-operation -Wno-overloaded-virtual -Wno-shadow -Wno-sign-compare -Wno-uninitialized -Wno-unused-but-set-parameter -Wno-unused-but-set-variable -Wno-unused-parameter -Wno-unused-variable     -DVL_TIME_CONTEXT   -fcoroutines -c -o verilated_dpi.o /usr/share/verilator/include/verilated_dpi.cpp
g++ -Os  -I.  -MMD -I/usr/share/verilator/include -I/usr/share/verilator/include/vltstd -DVM_COVERAGE=0 -DVM_SC=0 -DVM_TRACE=1 -DVM_TRACE_FST=0 -DVM_TRACE_VCD=1 -faligned-new -fcf-protection=none -Wno-bool-operation -Wno-overloaded-virtual -Wno-shadow -Wno-sign-compare -Wno-uninitialized -Wno-unused-but-set-parameter -Wno-unused-but-set-variable -Wno-unused-parameter -Wno-unused-variable     -DVL_TIME_CONTEXT   -fcoroutines -c -o verilated_vcd_c.o /usr/share/verilator/include/verilated_vcd_c.cpp
g++ -Os  -I.  -MMD -I/usr/share/verilator/include -I/usr/share/verilator/include/vltstd -DVM_COVERAGE=0 -DVM_SC=0 -DVM_TRACE=1 -DVM_TRACE_FST=0 -DVM_TRACE_VCD=1 -faligned-new -fcf-protection=none -Wno-bool-operation -Wno-overloaded-virtual -Wno-shadow -Wno-sign-compare -Wno-uninitialized -Wno-unused-but-set-parameter -Wno-unused-but-set-variable -Wno-unused-parameter -Wno-unused-variable     -DVL_TIME_CONTEXT   -fcoroutines -c -o verilated_timing.o /usr/share/verilator/include/verilated_timing.cpp
g++ -Os  -I.  -MMD -I/usr/share/verilator/include -I/usr/share/verilator/include/vltstd -DVM_COVERAGE=0 -DVM_SC=0 -DVM_TRACE=1 -DVM_TRACE_FST=0 -DVM_TRACE_VCD=1 -faligned-new -fcf-protection=none -Wno-bool-operation -Wno-overloaded-virtual -Wno-shadow -Wno-sign-compare -Wno-uninitialized -Wno-unused-but-set-parameter -Wno-unused-but-set-variable -Wno-unused-parameter -Wno-unused-variable     -DVL_TIME_CONTEXT   -fcoroutines -c -o verilated_threads.o /usr/share/verilator/include/verilated_threads.cpp
g++ -Os  -I.  -MMD -I/usr/share/verilator/include -I/usr/share/verilator/include/vltstd -DVM_COVERAGE=0 -DVM_SC=0 -DVM_TRACE=1 -DVM_TRACE_FST=0 -DVM_TRACE_VCD=1 -faligned-new -fcf-protection=none -Wno-bool-operation -Wno-overloaded-virtual -Wno-shadow -Wno-sign-compare -Wno-uninitialized -Wno-unused-but-set-parameter -Wno-unused-but-set-variable -Wno-unused-parameter -Wno-unused-variable     -DVL_TIME_CONTEXT   -fcoroutines -x c++-header Vtop_tb__pch.h -o Vtop_tb__pch.h.fast.gch
g++   -I.  -MMD -I/usr/share/verilator/include -I/usr/share/verilator/include/vltstd -DVM_COVERAGE=0 -DVM_SC=0 -DVM_TRACE=1 -DVM_TRACE_FST=0 -DVM_TRACE_VCD=1 -faligned-new -fcf-protection=none -Wno-bool-operation -Wno-overloaded-virtual -Wno-shadow -Wno-sign-compare -Wno-uninitialized -Wno-unused-but-set-parameter -Wno-unused-but-set-variable -Wno-unused-parameter -Wno-unused-variable     -DVL_TIME_CONTEXT   -fcoroutines -x c++-header Vtop_tb__pch.h -o Vtop_tb__pch.h.slow.gch
echo "" > Vtop_tb__ALL.verilator_deplist.tmp
g++ -Os  -I.  -MMD -I/usr/share/verilator/include -I/usr/share/verilator/include/vltstd -DVM_COVERAGE=0 -DVM_SC=0 -DVM_TRACE=1 -DVM_TRACE_FST=0 -DVM_TRACE_VCD=1 -faligned-new -fcf-protection=none -Wno-bool-operation -Wno-overloaded-virtual -Wno-shadow -Wno-sign-compare -Wno-uninitialized -Wno-unused-but-set-parameter -Wno-unused-but-set-variable -Wno-unused-parameter -Wno-unused-variable     -DVL_TIME_CONTEXT   -fcoroutines -include Vtop_tb__pch.h.fast -c -o Vtop_tb.o Vtop_tb.cpp
g++ -Os  -I.  -MMD -I/usr/share/verilator/include -I/usr/share/verilator/include/vltstd -DVM_COVERAGE=0 -DVM_SC=0 -DVM_TRACE=1 -DVM_TRACE_FST=0 -DVM_TRACE_VCD=1 -faligned-new -fcf-protection=none -Wno-bool-operation -Wno-overloaded-virtual -Wno-shadow -Wno-sign-compare -Wno-uninitialized -Wno-unused-but-set-parameter -Wno-unused-but-set-variable -Wno-unused-parameter -Wno-unused-variable     -DVL_TIME_CONTEXT   -fcoroutines -include Vtop_tb__pch.h.fast -c -o Vtop_tb__Dpi_Export__0.o Vtop_tb__Dpi_Export__0.cpp
g++ -Os  -I.  -MMD -I/usr/share/verilator/include -I/usr/share/verilator/include/vltstd -DVM_COVERAGE=0 -DVM_SC=0 -DVM_TRACE=1 -DVM_TRACE_FST=0 -DVM_TRACE_VCD=1 -faligned-new -fcf-protection=none -Wno-bool-operation -Wno-overloaded-virtual -Wno-shadow -Wno-sign-compare -Wno-uninitialized -Wno-unused-but-set-parameter -Wno-unused-but-set-variable -Wno-unused-parameter -Wno-unused-variable     -DVL_TIME_CONTEXT   -fcoroutines -include Vtop_tb__pch.h.fast -c -o Vtop_tb___024root__DepSet_hf8625a3e__0.o Vtop_tb___024root__DepSet_hf8625a3e__0.cpp
g++ -Os  -I.  -MMD -I/usr/share/verilator/include -I/usr/share/verilator/include/vltstd -DVM_COVERAGE=0 -DVM_SC=0 -DVM_TRACE=1 -DVM_TRACE_FST=0 -DVM_TRACE_VCD=1 -faligned-new -fcf-protection=none -Wno-bool-operation -Wno-overloaded-virtual -Wno-shadow -Wno-sign-compare -Wno-uninitialized -Wno-unused-but-set-parameter -Wno-unused-but-set-variable -Wno-unused-parameter -Wno-unused-variable     -DVL_TIME_CONTEXT   -fcoroutines -include Vtop_tb__pch.h.fast -c -o Vtop_tb___024root__DepSet_hf8625a3e__1.o Vtop_tb___024root__DepSet_hf8625a3e__1.cpp
g++ -Os  -I.  -MMD -I/usr/share/verilator/include -I/usr/share/verilator/include/vltstd -DVM_COVERAGE=0 -DVM_SC=0 -DVM_TRACE=1 -DVM_TRACE_FST=0 -DVM_TRACE_VCD=1 -faligned-new -fcf-protection=none -Wno-bool-operation -Wno-overloaded-virtual -Wno-shadow -Wno-sign-compare -Wno-uninitialized -Wno-unused-but-set-parameter -Wno-unused-but-set-variable -Wno-unused-parameter -Wno-unused-variable     -DVL_TIME_CONTEXT   -fcoroutines -include Vtop_tb__pch.h.fast -c -o Vtop_tb___024root__DepSet_h6b5a2dfc__0.o Vtop_tb___024root__DepSet_h6b5a2dfc__0.cpp
g++ -Os  -I.  -MMD -I/usr/share/verilator/include -I/usr/share/verilator/include/vltstd -DVM_COVERAGE=0 -DVM_SC=0 -DVM_TRACE=1 -DVM_TRACE_FST=0 -DVM_TRACE_VCD=1 -faligned-new -fcf-protection=none -Wno-bool-operation -Wno-overloaded-virtual -Wno-shadow -Wno-sign-compare -Wno-uninitialized -Wno-unused-but-set-parameter -Wno-unused-but-set-variable -Wno-unused-parameter -Wno-unused-variable     -DVL_TIME_CONTEXT   -fcoroutines -include Vtop_tb__pch.h.fast -c -o Vtop_tb_ibex_if_stage__pi7__DepSet_h8b983c65__0.o Vtop_tb_ibex_if_stage__pi7__DepSet_h8b983c65__0.cpp
g++ -Os  -I.  -MMD -I/usr/share/verilator/include -I/usr/share/verilator/include/vltstd -DVM_COVERAGE=0 -DVM_SC=0 -DVM_TRACE=1 -DVM_TRACE_FST=0 -DVM_TRACE_VCD=1 -faligned-new -fcf-protection=none -Wno-bool-operation -Wno-overloaded-virtual -Wno-shadow -Wno-sign-compare -Wno-uninitialized -Wno-unused-but-set-parameter -Wno-unused-but-set-variable -Wno-unused-parameter -Wno-unused-variable     -DVL_TIME_CONTEXT   -fcoroutines -include Vtop_tb__pch.h.fast -c -o Vtop_tb_ibex_if_stage__pi7__DepSet_h8b983c65__1.o Vtop_tb_ibex_if_stage__pi7__DepSet_h8b983c65__1.cpp
g++ -Os  -I.  -MMD -I/usr/share/verilator/include -I/usr/share/verilator/include/vltstd -DVM_COVERAGE=0 -DVM_SC=0 -DVM_TRACE=1 -DVM_TRACE_FST=0 -DVM_TRACE_VCD=1 -faligned-new -fcf-protection=none -Wno-bool-operation -Wno-overloaded-virtual -Wno-shadow -Wno-sign-compare -Wno-uninitialized -Wno-unused-but-set-parameter -Wno-unused-but-set-variable -Wno-unused-parameter -Wno-unused-variable     -DVL_TIME_CONTEXT   -fcoroutines -include Vtop_tb__pch.h.fast -c -o Vtop_tb_ibex_if_stage__pi7__DepSet_hfb104845__0.o Vtop_tb_ibex_if_stage__pi7__DepSet_hfb104845__0.cpp
g++ -Os  -I.  -MMD -I/usr/share/verilator/include -I/usr/share/verilator/include/vltstd -DVM_COVERAGE=0 -DVM_SC=0 -DVM_TRACE=1 -DVM_TRACE_FST=0 -DVM_TRACE_VCD=1 -faligned-new -fcf-protection=none -Wno-bool-operation -Wno-overloaded-virtual -Wno-shadow -Wno-sign-compare -Wno-uninitialized -Wno-unused-but-set-parameter -Wno-unused-but-set-variable -Wno-unused-parameter -Wno-unused-variable     -DVL_TIME_CONTEXT   -fcoroutines -include Vtop_tb__pch.h.fast -c -o Vtop_tb_ibex_id_stage__pi8__DepSet_h23214d94__0.o Vtop_tb_ibex_id_stage__pi8__DepSet_h23214d94__0.cpp
g++ -Os  -I.  -MMD -I/usr/share/verilator/include -I/usr/share/verilator/include/vltstd -DVM_COVERAGE=0 -DVM_SC=0 -DVM_TRACE=1 -DVM_TRACE_FST=0 -DVM_TRACE_VCD=1 -faligned-new -fcf-protection=none -Wno-bool-operation -Wno-overloaded-virtual -Wno-shadow -Wno-sign-compare -Wno-uninitialized -Wno-unused-but-set-parameter -Wno-unused-but-set-variable -Wno-unused-parameter -Wno-unused-variable     -DVL_TIME_CONTEXT   -fcoroutines -include Vtop_tb__pch.h.fast -c -o Vtop_tb_ibex_id_stage__pi8__DepSet_h92991796__0.o Vtop_tb_ibex_id_stage__pi8__DepSet_h92991796__0.cpp
g++ -Os  -I.  -MMD -I/usr/share/verilator/include -I/usr/share/verilator/include/vltstd -DVM_COVERAGE=0 -DVM_SC=0 -DVM_TRACE=1 -DVM_TRACE_FST=0 -DVM_TRACE_VCD=1 -faligned-new -fcf-protection=none -Wno-bool-operation -Wno-overloaded-virtual -Wno-shadow -Wno-sign-compare -Wno-uninitialized -Wno-unused-but-set-parameter -Wno-unused-but-set-variable -Wno-unused-parameter -Wno-unused-variable     -DVL_TIME_CONTEXT   -fcoroutines -include Vtop_tb__pch.h.fast -c -o Vtop_tb_ibex_ex_block__R3_RB3_Bz1__DepSet_hd0364bf3__0.o Vtop_tb_ibex_ex_block__R3_RB3_Bz1__DepSet_hd0364bf3__0.cpp
g++ -Os  -I.  -MMD -I/usr/share/verilator/include -I/usr/share/verilator/include/vltstd -DVM_COVERAGE=0 -DVM_SC=0 -DVM_TRACE=1 -DVM_TRACE_FST=0 -DVM_TRACE_VCD=1 -faligned-new -fcf-protection=none -Wno-bool-operation -Wno-overloaded-virtual -Wno-shadow -Wno-sign-compare -Wno-uninitialized -Wno-unused-but-set-parameter -Wno-unused-but-set-variable -Wno-unused-parameter -Wno-unused-variable     -DVL_TIME_CONTEXT   -fcoroutines -include Vtop_tb__pch.h.fast -c -o Vtop_tb_ibex_ex_block__R3_RB3_Bz1__DepSet_h43a61db7__0.o Vtop_tb_ibex_ex_block__R3_RB3_Bz1__DepSet_h43a61db7__0.cpp
g++ -Os  -I.  -MMD -I/usr/share/verilator/include -I/usr/share/verilator/include/vltstd -DVM_COVERAGE=0 -DVM_SC=0 -DVM_TRACE=1 -DVM_TRACE_FST=0 -DVM_TRACE_VCD=1 -faligned-new -fcf-protection=none -Wno-bool-operation -Wno-overloaded-virtual -Wno-shadow -Wno-sign-compare -Wno-uninitialized -Wno-unused-but-set-parameter -Wno-unused-but-set-variable -Wno-unused-parameter -Wno-unused-variable     -DVL_TIME_CONTEXT   -fcoroutines -include Vtop_tb__pch.h.fast -c -o Vtop_tb_ibex_cs_registers__pi10__DepSet_h446aa665__0.o Vtop_tb_ibex_cs_registers__pi10__DepSet_h446aa665__0.cpp
g++ -Os  -I.  -MMD -I/usr/share/verilator/include -I/usr/share/verilator/include/vltstd -DVM_COVERAGE=0 -DVM_SC=0 -DVM_TRACE=1 -DVM_TRACE_FST=0 -DVM_TRACE_VCD=1 -faligned-new -fcf-protection=none -Wno-bool-operation -Wno-overloaded-virtual -Wno-shadow -Wno-sign-compare -Wno-uninitialized -Wno-unused-but-set-parameter -Wno-unused-but-set-variable -Wno-unused-parameter -Wno-unused-variable     -DVL_TIME_CONTEXT   -fcoroutines -include Vtop_tb__pch.h.fast -c -o Vtop_tb_ibex_cs_registers__pi10__DepSet_haf61c245__0.o Vtop_tb_ibex_cs_registers__pi10__DepSet_haf61c245__0.cpp
g++ -Os  -I.  -MMD -I/usr/share/verilator/include -I/usr/share/verilator/include/vltstd -DVM_COVERAGE=0 -DVM_SC=0 -DVM_TRACE=1 -DVM_TRACE_FST=0 -DVM_TRACE_VCD=1 -faligned-new -fcf-protection=none -Wno-bool-operation -Wno-overloaded-virtual -Wno-shadow -Wno-sign-compare -Wno-uninitialized -Wno-unused-but-set-parameter -Wno-unused-but-set-variable -Wno-unused-parameter -Wno-unused-variable     -DVL_TIME_CONTEXT   -fcoroutines -include Vtop_tb__pch.h.fast -c -o Vtop_tb__main.o Vtop_tb__main.cpp
g++ -Os  -I.  -MMD -I/usr/share/verilator/include -I/usr/share/verilator/include/vltstd -DVM_COVERAGE=0 -DVM_SC=0 -DVM_TRACE=1 -DVM_TRACE_FST=0 -DVM_TRACE_VCD=1 -faligned-new -fcf-protection=none -Wno-bool-operation -Wno-overloaded-virtual -Wno-shadow -Wno-sign-compare -Wno-uninitialized -Wno-unused-but-set-parameter -Wno-unused-but-set-variable -Wno-unused-parameter -Wno-unused-variable     -DVL_TIME_CONTEXT   -fcoroutines -include Vtop_tb__pch.h.fast -c -o Vtop_tb__Dpi.o Vtop_tb__Dpi.cpp
g++ -Os  -I.  -MMD -I/usr/share/verilator/include -I/usr/share/verilator/include/vltstd -DVM_COVERAGE=0 -DVM_SC=0 -DVM_TRACE=1 -DVM_TRACE_FST=0 -DVM_TRACE_VCD=1 -faligned-new -fcf-protection=none -Wno-bool-operation -Wno-overloaded-virtual -Wno-shadow -Wno-sign-compare -Wno-uninitialized -Wno-unused-but-set-parameter -Wno-unused-but-set-variable -Wno-unused-parameter -Wno-unused-variable     -DVL_TIME_CONTEXT   -fcoroutines -include Vtop_tb__pch.h.fast -c -o Vtop_tb__Trace__0.o Vtop_tb__Trace__0.cpp
g++   -I.  -MMD -I/usr/share/verilator/include -I/usr/share/verilator/include/vltstd -DVM_COVERAGE=0 -DVM_SC=0 -DVM_TRACE=1 -DVM_TRACE_FST=0 -DVM_TRACE_VCD=1 -faligned-new -fcf-protection=none -Wno-bool-operation -Wno-overloaded-virtual -Wno-shadow -Wno-sign-compare -Wno-uninitialized -Wno-unused-but-set-parameter -Wno-unused-but-set-variable -Wno-unused-parameter -Wno-unused-variable     -DVL_TIME_CONTEXT   -fcoroutines -include Vtop_tb__pch.h.slow -c -o Vtop_tb__ConstPool_0.o Vtop_tb__ConstPool_0.cpp
g++   -I.  -MMD -I/usr/share/verilator/include -I/usr/share/verilator/include/vltstd -DVM_COVERAGE=0 -DVM_SC=0 -DVM_TRACE=1 -DVM_TRACE_FST=0 -DVM_TRACE_VCD=1 -faligned-new -fcf-protection=none -Wno-bool-operation -Wno-overloaded-virtual -Wno-shadow -Wno-sign-compare -Wno-uninitialized -Wno-unused-but-set-parameter -Wno-unused-but-set-variable -Wno-unused-parameter -Wno-unused-variable     -DVL_TIME_CONTEXT   -fcoroutines -include Vtop_tb__pch.h.slow -c -o Vtop_tb___024root__Slow.o Vtop_tb___024root__Slow.cpp
g++   -I.  -MMD -I/usr/share/verilator/include -I/usr/share/verilator/include/vltstd -DVM_COVERAGE=0 -DVM_SC=0 -DVM_TRACE=1 -DVM_TRACE_FST=0 -DVM_TRACE_VCD=1 -faligned-new -fcf-protection=none -Wno-bool-operation -Wno-overloaded-virtual -Wno-shadow -Wno-sign-compare -Wno-uninitialized -Wno-unused-but-set-parameter -Wno-unused-but-set-variable -Wno-unused-parameter -Wno-unused-variable     -DVL_TIME_CONTEXT   -fcoroutines -include Vtop_tb__pch.h.slow -c -o Vtop_tb___024root__DepSet_hf8625a3e__0__Slow.o Vtop_tb___024root__DepSet_hf8625a3e__0__Slow.cpp
g++   -I.  -MMD -I/usr/share/verilator/include -I/usr/share/verilator/include/vltstd -DVM_COVERAGE=0 -DVM_SC=0 -DVM_TRACE=1 -DVM_TRACE_FST=0 -DVM_TRACE_VCD=1 -faligned-new -fcf-protection=none -Wno-bool-operation -Wno-overloaded-virtual -Wno-shadow -Wno-sign-compare -Wno-uninitialized -Wno-unused-but-set-parameter -Wno-unused-but-set-variable -Wno-unused-parameter -Wno-unused-variable     -DVL_TIME_CONTEXT   -fcoroutines -include Vtop_tb__pch.h.slow -c -o Vtop_tb___024root__DepSet_h6b5a2dfc__0__Slow.o Vtop_tb___024root__DepSet_h6b5a2dfc__0__Slow.cpp
g++   -I.  -MMD -I/usr/share/verilator/include -I/usr/share/verilator/include/vltstd -DVM_COVERAGE=0 -DVM_SC=0 -DVM_TRACE=1 -DVM_TRACE_FST=0 -DVM_TRACE_VCD=1 -faligned-new -fcf-protection=none -Wno-bool-operation -Wno-overloaded-virtual -Wno-shadow -Wno-sign-compare -Wno-uninitialized -Wno-unused-but-set-parameter -Wno-unused-but-set-variable -Wno-unused-parameter -Wno-unused-variable     -DVL_TIME_CONTEXT   -fcoroutines -include Vtop_tb__pch.h.slow -c -o Vtop_tb_ibex_if_stage__pi7__Slow.o Vtop_tb_ibex_if_stage__pi7__Slow.cpp
g++   -I.  -MMD -I/usr/share/verilator/include -I/usr/share/verilator/include/vltstd -DVM_COVERAGE=0 -DVM_SC=0 -DVM_TRACE=1 -DVM_TRACE_FST=0 -DVM_TRACE_VCD=1 -faligned-new -fcf-protection=none -Wno-bool-operation -Wno-overloaded-virtual -Wno-shadow -Wno-sign-compare -Wno-uninitialized -Wno-unused-but-set-parameter -Wno-unused-but-set-variable -Wno-unused-parameter -Wno-unused-variable     -DVL_TIME_CONTEXT   -fcoroutines -include Vtop_tb__pch.h.slow -c -o Vtop_tb_ibex_if_stage__pi7__DepSet_h8b983c65__0__Slow.o Vtop_tb_ibex_if_stage__pi7__DepSet_h8b983c65__0__Slow.cpp
g++   -I.  -MMD -I/usr/share/verilator/include -I/usr/share/verilator/include/vltstd -DVM_COVERAGE=0 -DVM_SC=0 -DVM_TRACE=1 -DVM_TRACE_FST=0 -DVM_TRACE_VCD=1 -faligned-new -fcf-protection=none -Wno-bool-operation -Wno-overloaded-virtual -Wno-shadow -Wno-sign-compare -Wno-uninitialized -Wno-unused-but-set-parameter -Wno-unused-but-set-variable -Wno-unused-parameter -Wno-unused-variable     -DVL_TIME_CONTEXT   -fcoroutines -include Vtop_tb__pch.h.slow -c -o Vtop_tb_ibex_if_stage__pi7__DepSet_hfb104845__0__Slow.o Vtop_tb_ibex_if_stage__pi7__DepSet_hfb104845__0__Slow.cpp
g++   -I.  -MMD -I/usr/share/verilator/include -I/usr/share/verilator/include/vltstd -DVM_COVERAGE=0 -DVM_SC=0 -DVM_TRACE=1 -DVM_TRACE_FST=0 -DVM_TRACE_VCD=1 -faligned-new -fcf-protection=none -Wno-bool-operation -Wno-overloaded-virtual -Wno-shadow -Wno-sign-compare -Wno-uninitialized -Wno-unused-but-set-parameter -Wno-unused-but-set-variable -Wno-unused-parameter -Wno-unused-variable     -DVL_TIME_CONTEXT   -fcoroutines -include Vtop_tb__pch.h.slow -c -o Vtop_tb_ibex_id_stage__pi8__Slow.o Vtop_tb_ibex_id_stage__pi8__Slow.cpp
g++   -I.  -MMD -I/usr/share/verilator/include -I/usr/share/verilator/include/vltstd -DVM_COVERAGE=0 -DVM_SC=0 -DVM_TRACE=1 -DVM_TRACE_FST=0 -DVM_TRACE_VCD=1 -faligned-new -fcf-protection=none -Wno-bool-operation -Wno-overloaded-virtual -Wno-shadow -Wno-sign-compare -Wno-uninitialized -Wno-unused-but-set-parameter -Wno-unused-but-set-variable -Wno-unused-parameter -Wno-unused-variable     -DVL_TIME_CONTEXT   -fcoroutines -include Vtop_tb__pch.h.slow -c -o Vtop_tb_ibex_id_stage__pi8__DepSet_h23214d94__0__Slow.o Vtop_tb_ibex_id_stage__pi8__DepSet_h23214d94__0__Slow.cpp
g++   -I.  -MMD -I/usr/share/verilator/include -I/usr/share/verilator/include/vltstd -DVM_COVERAGE=0 -DVM_SC=0 -DVM_TRACE=1 -DVM_TRACE_FST=0 -DVM_TRACE_VCD=1 -faligned-new -fcf-protection=none -Wno-bool-operation -Wno-overloaded-virtual -Wno-shadow -Wno-sign-compare -Wno-uninitialized -Wno-unused-but-set-parameter -Wno-unused-but-set-variable -Wno-unused-parameter -Wno-unused-variable     -DVL_TIME_CONTEXT   -fcoroutines -include Vtop_tb__pch.h.slow -c -o Vtop_tb_ibex_id_stage__pi8__DepSet_h92991796__0__Slow.o Vtop_tb_ibex_id_stage__pi8__DepSet_h92991796__0__Slow.cpp
g++   -I.  -MMD -I/usr/share/verilator/include -I/usr/share/verilator/include/vltstd -DVM_COVERAGE=0 -DVM_SC=0 -DVM_TRACE=1 -DVM_TRACE_FST=0 -DVM_TRACE_VCD=1 -faligned-new -fcf-protection=none -Wno-bool-operation -Wno-overloaded-virtual -Wno-shadow -Wno-sign-compare -Wno-uninitialized -Wno-unused-but-set-parameter -Wno-unused-but-set-variable -Wno-unused-parameter -Wno-unused-variable     -DVL_TIME_CONTEXT   -fcoroutines -include Vtop_tb__pch.h.slow -c -o Vtop_tb_ibex_ex_block__R3_RB3_Bz1__Slow.o Vtop_tb_ibex_ex_block__R3_RB3_Bz1__Slow.cpp
g++   -I.  -MMD -I/usr/share/verilator/include -I/usr/share/verilator/include/vltstd -DVM_COVERAGE=0 -DVM_SC=0 -DVM_TRACE=1 -DVM_TRACE_FST=0 -DVM_TRACE_VCD=1 -faligned-new -fcf-protection=none -Wno-bool-operation -Wno-overloaded-virtual -Wno-shadow -Wno-sign-compare -Wno-uninitialized -Wno-unused-but-set-parameter -Wno-unused-but-set-variable -Wno-unused-parameter -Wno-unused-variable     -DVL_TIME_CONTEXT   -fcoroutines -include Vtop_tb__pch.h.slow -c -o Vtop_tb_ibex_ex_block__R3_RB3_Bz1__DepSet_hd0364bf3__0__Slow.o Vtop_tb_ibex_ex_block__R3_RB3_Bz1__DepSet_hd0364bf3__0__Slow.cpp
g++   -I.  -MMD -I/usr/share/verilator/include -I/usr/share/verilator/include/vltstd -DVM_COVERAGE=0 -DVM_SC=0 -DVM_TRACE=1 -DVM_TRACE_FST=0 -DVM_TRACE_VCD=1 -faligned-new -fcf-protection=none -Wno-bool-operation -Wno-overloaded-virtual -Wno-shadow -Wno-sign-compare -Wno-uninitialized -Wno-unused-but-set-parameter -Wno-unused-but-set-variable -Wno-unused-parameter -Wno-unused-variable     -DVL_TIME_CONTEXT   -fcoroutines -include Vtop_tb__pch.h.slow -c -o Vtop_tb_ibex_ex_block__R3_RB3_Bz1__DepSet_h43a61db7__0__Slow.o Vtop_tb_ibex_ex_block__R3_RB3_Bz1__DepSet_h43a61db7__0__Slow.cpp
g++   -I.  -MMD -I/usr/share/verilator/include -I/usr/share/verilator/include/vltstd -DVM_COVERAGE=0 -DVM_SC=0 -DVM_TRACE=1 -DVM_TRACE_FST=0 -DVM_TRACE_VCD=1 -faligned-new -fcf-protection=none -Wno-bool-operation -Wno-overloaded-virtual -Wno-shadow -Wno-sign-compare -Wno-uninitialized -Wno-unused-but-set-parameter -Wno-unused-but-set-variable -Wno-unused-parameter -Wno-unused-variable     -DVL_TIME_CONTEXT   -fcoroutines -include Vtop_tb__pch.h.slow -c -o Vtop_tb_ibex_cs_registers__pi10__Slow.o Vtop_tb_ibex_cs_registers__pi10__Slow.cpp
g++   -I.  -MMD -I/usr/share/verilator/include -I/usr/share/verilator/include/vltstd -DVM_COVERAGE=0 -DVM_SC=0 -DVM_TRACE=1 -DVM_TRACE_FST=0 -DVM_TRACE_VCD=1 -faligned-new -fcf-protection=none -Wno-bool-operation -Wno-overloaded-virtual -Wno-shadow -Wno-sign-compare -Wno-uninitialized -Wno-unused-but-set-parameter -Wno-unused-but-set-variable -Wno-unused-parameter -Wno-unused-variable     -DVL_TIME_CONTEXT   -fcoroutines -include Vtop_tb__pch.h.slow -c -o Vtop_tb_ibex_cs_registers__pi10__DepSet_h446aa665__0__Slow.o Vtop_tb_ibex_cs_registers__pi10__DepSet_h446aa665__0__Slow.cpp
g++   -I.  -MMD -I/usr/share/verilator/include -I/usr/share/verilator/include/vltstd -DVM_COVERAGE=0 -DVM_SC=0 -DVM_TRACE=1 -DVM_TRACE_FST=0 -DVM_TRACE_VCD=1 -faligned-new -fcf-protection=none -Wno-bool-operation -Wno-overloaded-virtual -Wno-shadow -Wno-sign-compare -Wno-uninitialized -Wno-unused-but-set-parameter -Wno-unused-but-set-variable -Wno-unused-parameter -Wno-unused-variable     -DVL_TIME_CONTEXT   -fcoroutines -include Vtop_tb__pch.h.slow -c -o Vtop_tb_ibex_cs_registers__pi10__DepSet_haf61c245__0__Slow.o Vtop_tb_ibex_cs_registers__pi10__DepSet_haf61c245__0__Slow.cpp
g++   -I.  -MMD -I/usr/share/verilator/include -I/usr/share/verilator/include/vltstd -DVM_COVERAGE=0 -DVM_SC=0 -DVM_TRACE=1 -DVM_TRACE_FST=0 -DVM_TRACE_VCD=1 -faligned-new -fcf-protection=none -Wno-bool-operation -Wno-overloaded-virtual -Wno-shadow -Wno-sign-compare -Wno-uninitialized -Wno-unused-but-set-parameter -Wno-unused-but-set-variable -Wno-unused-parameter -Wno-unused-variable     -DVL_TIME_CONTEXT   -fcoroutines -include Vtop_tb__pch.h.slow -c -o Vtop_tb_ibex_pkg__Slow.o Vtop_tb_ibex_pkg__Slow.cpp
g++   -I.  -MMD -I/usr/share/verilator/include -I/usr/share/verilator/include/vltstd -DVM_COVERAGE=0 -DVM_SC=0 -DVM_TRACE=1 -DVM_TRACE_FST=0 -DVM_TRACE_VCD=1 -faligned-new -fcf-protection=none -Wno-bool-operation -Wno-overloaded-virtual -Wno-shadow -Wno-sign-compare -Wno-uninitialized -Wno-unused-but-set-parameter -Wno-unused-but-set-variable -Wno-unused-parameter -Wno-unused-variable     -DVL_TIME_CONTEXT   -fcoroutines -include Vtop_tb__pch.h.slow -c -o Vtop_tb_ibex_pkg__DepSet_h6c6565b3__0__Slow.o Vtop_tb_ibex_pkg__DepSet_h6c6565b3__0__Slow.cpp
g++   -I.  -MMD -I/usr/share/verilator/include -I/usr/share/verilator/include/vltstd -DVM_COVERAGE=0 -DVM_SC=0 -DVM_TRACE=1 -DVM_TRACE_FST=0 -DVM_TRACE_VCD=1 -faligned-new -fcf-protection=none -Wno-bool-operation -Wno-overloaded-virtual -Wno-shadow -Wno-sign-compare -Wno-uninitialized -Wno-unused-but-set-parameter -Wno-unused-but-set-variable -Wno-unused-parameter -Wno-unused-variable     -DVL_TIME_CONTEXT   -fcoroutines -include Vtop_tb__pch.h.slow -c -o Vtop_tb__Syms.o Vtop_tb__Syms.cpp
g++   -I.  -MMD -I/usr/share/verilator/include -I/usr/share/verilator/include/vltstd -DVM_COVERAGE=0 -DVM_SC=0 -DVM_TRACE=1 -DVM_TRACE_FST=0 -DVM_TRACE_VCD=1 -faligned-new -fcf-protection=none -Wno-bool-operation -Wno-overloaded-virtual -Wno-shadow -Wno-sign-compare -Wno-uninitialized -Wno-unused-but-set-parameter -Wno-unused-but-set-variable -Wno-unused-parameter -Wno-unused-variable     -DVL_TIME_CONTEXT   -fcoroutines -include Vtop_tb__pch.h.slow -c -o Vtop_tb__Trace__0__Slow.o Vtop_tb__Trace__0__Slow.cpp
g++   -I.  -MMD -I/usr/share/verilator/include -I/usr/share/verilator/include/vltstd -DVM_COVERAGE=0 -DVM_SC=0 -DVM_TRACE=1 -DVM_TRACE_FST=0 -DVM_TRACE_VCD=1 -faligned-new -fcf-protection=none -Wno-bool-operation -Wno-overloaded-virtual -Wno-shadow -Wno-sign-compare -Wno-uninitialized -Wno-unused-but-set-parameter -Wno-unused-but-set-variable -Wno-unused-parameter -Wno-unused-variable     -DVL_TIME_CONTEXT   -fcoroutines -include Vtop_tb__pch.h.slow -c -o Vtop_tb__TraceDecls__0__Slow.o Vtop_tb__TraceDecls__0__Slow.cpp
Archive ar -rcs Vtop_tb__ALL.a Vtop_tb.o Vtop_tb__Dpi_Export__0.o Vtop_tb___024root__DepSet_hf8625a3e__0.o Vtop_tb___024root__DepSet_hf8625a3e__1.o Vtop_tb___024root__DepSet_h6b5a2dfc__0.o Vtop_tb_ibex_if_stage__pi7__DepSet_h8b983c65__0.o Vtop_tb_ibex_if_stage__pi7__DepSet_h8b983c65__1.o Vtop_tb_ibex_if_stage__pi7__DepSet_hfb104845__0.o Vtop_tb_ibex_id_stage__pi8__DepSet_h23214d94__0.o Vtop_tb_ibex_id_stage__pi8__DepSet_h92991796__0.o Vtop_tb_ibex_ex_block__R3_RB3_Bz1__DepSet_hd0364bf3__0.o Vtop_tb_ibex_ex_block__R3_RB3_Bz1__DepSet_h43a61db7__0.o Vtop_tb_ibex_cs_registers__pi10__DepSet_h446aa665__0.o Vtop_tb_ibex_cs_registers__pi10__DepSet_haf61c245__0.o Vtop_tb__main.o Vtop_tb__Dpi.o Vtop_tb__Trace__0.o Vtop_tb__ConstPool_0.o Vtop_tb___024root__Slow.o Vtop_tb___024root__DepSet_hf8625a3e__0__Slow.o Vtop_tb___024root__DepSet_h6b5a2dfc__0__Slow.o Vtop_tb_ibex_if_stage__pi7__Slow.o Vtop_tb_ibex_if_stage__pi7__DepSet_h8b983c65__0__Slow.o Vtop_tb_ibex_if_stage__pi7__DepSet_hfb104845__0__Slow.o Vtop_tb_ibex_id_stage__pi8__Slow.o Vtop_tb_ibex_id_stage__pi8__DepSet_h23214d94__0__Slow.o Vtop_tb_ibex_id_stage__pi8__DepSet_h92991796__0__Slow.o Vtop_tb_ibex_ex_block__R3_RB3_Bz1__Slow.o Vtop_tb_ibex_ex_block__R3_RB3_Bz1__DepSet_hd0364bf3__0__Slow.o Vtop_tb_ibex_ex_block__R3_RB3_Bz1__DepSet_h43a61db7__0__Slow.o Vtop_tb_ibex_cs_registers__pi10__Slow.o Vtop_tb_ibex_cs_registers__pi10__DepSet_h446aa665__0__Slow.o Vtop_tb_ibex_cs_registers__pi10__DepSet_haf61c245__0__Slow.o Vtop_tb_ibex_pkg__Slow.o Vtop_tb_ibex_pkg__DepSet_h6c6565b3__0__Slow.o Vtop_tb__Syms.o Vtop_tb__Trace__0__Slow.o Vtop_tb__TraceDecls__0__Slow.o
g++     verilated.o verilated_dpi.o verilated_vcd_c.o verilated_timing.o verilated_threads.o Vtop_tb__ALL.a    -pthread -lpthread -latomic   -o Vtop_tb
rm Vtop_tb__ALL.verilator_deplist.tmp
make: Leaving directory '/tmp/ibex-extended/secure_cache_ecc'
