CONFIG SEC=1 CACHE=0 PRED=0 DUAL=0 MODE=0 ZC=0 SCR=0 ICECC=0 OFFSET=1 PMP=0
SAMPLE 3 ai=0 ab=0 am=0 pc=0 mismatch=0 rf=0 mode=0
SECDET 3 pc=0 rf=0 intg=0
C 3 00000000 0 0 0 1 0 0
LOCK 4 rst=0 cmp=a mismatch=0 rf=0 cap=0
SAMPLE 4 ai=0 ab=0 am=0 pc=0 mismatch=0 rf=0 mode=0
SECDET 4 pc=0 rf=0 intg=0
C 4 00000000 0 0 0 1 1 0
LOCK 5 rst=1 cmp=a mismatch=0 rf=0 cap=0
SAMPLE 5 ai=0 ab=0 am=0 pc=0 mismatch=0 rf=0 mode=0
SECDET 5 pc=0 rf=0 intg=0
C 5 00000000 0 0 0 0 4 0
LOCK 6 rst=1 cmp=5 mismatch=0 rf=0 cap=0
SAMPLE 6 ai=0 ab=0 am=0 pc=0 mismatch=0 rf=0 mode=0
CSRDBG 6 addr=208 priv=3 dec=0 csr=0 raw=1 pw=0 dbg=0 op=0
SECDET 6 pc=0 rf=0 intg=0
C 6 00000080 1 0 0 0 5 0
LOCK 7 rst=1 cmp=5 mismatch=0 rf=0 cap=0
SAMPLE 7 ai=0 ab=0 am=0 pc=0 mismatch=0 rf=0 mode=0
W 7 1 00000208 000000000
CSRDBG 7 addr=000 priv=3 dec=0 csr=0 raw=1 pw=0 dbg=0 op=0
SECDET 7 pc=0 rf=0 intg=0
C 7 00000084 1 0 0 0 5 0
D 7 0 00000208 f 00000000 tag=0
LOCK 8 rst=1 cmp=5 mismatch=0 rf=0 cap=0
SAMPLE 8 ai=0 ab=0 am=0 pc=0 mismatch=0 rf=0 mode=0
W 8 2 44332211 000000000
CSRDBG 8 addr=0c8 priv=3 dec=0 csr=0 raw=1 pw=0 dbg=0 op=0
SECDET 8 pc=0 rf=0 intg=0
R 8 1 00000080 20800093
C 8 00000088 1 0 0 0 5 0
LOCK 9 rst=1 cmp=5 mismatch=0 rf=0 cap=0
SAMPLE 9 ai=0 ab=0 am=0 pc=0 mismatch=0 rf=0 mode=0
W 9 3 000000c8 000000000
CSRDBG 9 addr=fff priv=3 dec=0 csr=0 raw=1 pw=0 dbg=0 op=0
SECDET 9 pc=0 rf=0 intg=0
R 9 2 00000084 0000a103
C 9 0000008c 1 0 0 0 5 0
LOCK 10 rst=1 cmp=5 mismatch=0 rf=0 cap=0
SAMPLE 10 ai=0 ab=0 am=0 pc=0 mismatch=0 rf=0 mode=0
W 10 3 000000c7 000000000
CSRDBG 10 addr=fe0 priv=3 dec=0 csr=0 raw=1 pw=0 dbg=0 op=0
SECDET 10 pc=0 rf=0 intg=0
R 10 3 00000088 0c800193
C 10 00000090 1 0 0 1 5 0
LOCK 11 rst=1 cmp=5 mismatch=0 rf=0 cap=0
SAMPLE 11 ai=0 ab=0 am=0 pc=0 mismatch=0 rf=0 mode=0
SECDET 11 pc=0 rf=0 intg=0
R 11 4 0000008c fff18193
C 11 00000090 0 0 0 0 5 0
LOCK 12 rst=1 cmp=5 mismatch=0 rf=0 cap=0
SAMPLE 12 ai=0 ab=0 am=0 pc=0 mismatch=0 rf=0 mode=0
CSRDBG 12 addr=fff priv=3 dec=0 csr=0 raw=1 pw=0 dbg=0 op=0
SECDET 12 pc=0 rf=0 intg=0
R 12 5 00000090 fe019ee3
C 12 0000008c 1 0 0 0 5 0
LOCK 13 rst=1 cmp=5 mismatch=0 rf=0 cap=0
SAMPLE 13 ai=0 ab=0 am=0 pc=0 mismatch=0 rf=0 mode=0
W 13 3 000000c6 000000000
CSRDBG 13 addr=fe0 priv=3 dec=0 csr=0 raw=1 pw=0 dbg=0 op=0
SECDET 13 pc=0 rf=0 intg=0
C 13 00000090 1 0 0 1 5 0
LOCK 14 rst=1 cmp=5 mismatch=0 rf=0 cap=0
SAMPLE 14 ai=0 ab=0 am=0 pc=0 mismatch=0 rf=0 mode=0
SECDET 14 pc=0 rf=0 intg=0
R 14 6 0000008c fff18193
C 14 00000090 0 0 0 0 5 0
LOCK 15 rst=1 cmp=5 mismatch=0 rf=0 cap=0
SAMPLE 15 ai=0 ab=0 am=0 pc=0 mismatch=0 rf=0 mode=0
CSRDBG 15 addr=fff priv=3 dec=0 csr=0 raw=1 pw=0 dbg=0 op=0
SECDET 15 pc=0 rf=0 intg=0
R 15 7 00000090 fe019ee3
C 15 0000008c 1 0 0 0 5 0
LOCK 16 rst=1 cmp=5 mismatch=0 rf=0 cap=0
SAMPLE 16 ai=0 ab=0 am=0 pc=0 mismatch=0 rf=0 mode=0
W 16 3 000000c5 000000000
CSRDBG 16 addr=fe0 priv=3 dec=0 csr=0 raw=1 pw=0 dbg=0 op=0
SECDET 16 pc=0 rf=0 intg=0
C 16 00000090 1 0 0 1 5 0
LOCK 17 rst=1 cmp=5 mismatch=0 rf=0 cap=0
SAMPLE 17 ai=0 ab=0 am=0 pc=0 mismatch=0 rf=0 mode=0
SECDET 17 pc=0 rf=0 intg=0
R 17 8 0000008c fff18193
C 17 00000090 0 0 0 0 5 0
LOCK 18 rst=1 cmp=5 mismatch=0 rf=0 cap=0
SAMPLE 18 ai=0 ab=0 am=0 pc=0 mismatch=0 rf=0 mode=0
CSRDBG 18 addr=fff priv=3 dec=0 csr=0 raw=1 pw=0 dbg=0 op=0
SECDET 18 pc=0 rf=0 intg=0
R 18 9 00000090 fe019ee3
C 18 0000008c 1 0 0 0 5 0
LOCK 19 rst=1 cmp=5 mismatch=0 rf=0 cap=0
SAMPLE 19 ai=0 ab=0 am=0 pc=0 mismatch=0 rf=0 mode=0
W 19 3 000000c4 000000000
CSRDBG 19 addr=fe0 priv=3 dec=0 csr=0 raw=1 pw=0 dbg=0 op=0
SECDET 19 pc=0 rf=0 intg=0
C 19 00000090 1 0 0 1 5 0
LOCK 20 rst=1 cmp=5 mismatch=0 rf=0 cap=0
SAMPLE 20 ai=0 ab=0 am=0 pc=0 mismatch=0 rf=0 mode=0
SECDET 20 pc=0 rf=0 intg=0
R 20 10 0000008c fff18193
C 20 00000090 0 0 0 0 5 0
LOCK 21 rst=1 cmp=5 mismatch=0 rf=0 cap=0
SAMPLE 21 ai=0 ab=0 am=0 pc=0 mismatch=0 rf=0 mode=0
CSRDBG 21 addr=fff priv=3 dec=0 csr=0 raw=1 pw=0 dbg=0 op=0
SECDET 21 pc=0 rf=0 intg=0
R 21 11 00000090 fe019ee3
C 21 0000008c 1 0 0 0 5 0
LOCK 22 rst=1 cmp=5 mismatch=0 rf=0 cap=0
SAMPLE 22 ai=0 ab=0 am=0 pc=0 mismatch=0 rf=0 mode=0
W 22 3 000000c3 000000000
CSRDBG 22 addr=fe0 priv=3 dec=0 csr=0 raw=1 pw=0 dbg=0 op=0
SECDET 22 pc=0 rf=0 intg=0
C 22 00000090 1 0 0 1 5 0
LOCK 23 rst=1 cmp=5 mismatch=0 rf=0 cap=0
SAMPLE 23 ai=0 ab=0 am=0 pc=0 mismatch=0 rf=0 mode=0
SECDET 23 pc=0 rf=0 intg=0
R 23 12 0000008c fff18193
C 23 00000090 0 0 0 0 5 0
LOCK 24 rst=1 cmp=5 mismatch=0 rf=0 cap=0
SAMPLE 24 ai=0 ab=0 am=0 pc=0 mismatch=0 rf=0 mode=0
CSRDBG 24 addr=fff priv=3 dec=0 csr=0 raw=1 pw=0 dbg=0 op=0
SECDET 24 pc=0 rf=0 intg=0
R 24 13 00000090 fe019ee3
C 24 0000008c 1 0 0 0 5 0
LOCK 25 rst=1 cmp=5 mismatch=0 rf=0 cap=0
SAMPLE 25 ai=0 ab=0 am=0 pc=0 mismatch=0 rf=0 mode=0
W 25 3 000000c2 000000000
CSRDBG 25 addr=fe0 priv=3 dec=0 csr=0 raw=1 pw=0 dbg=0 op=0
SECDET 25 pc=0 rf=0 intg=0
C 25 00000090 1 0 0 1 5 0
LOCK 26 rst=1 cmp=5 mismatch=0 rf=0 cap=0
SAMPLE 26 ai=0 ab=0 am=0 pc=0 mismatch=0 rf=0 mode=0
SECDET 26 pc=0 rf=0 intg=0
R 26 14 0000008c fff18193
C 26 00000090 0 0 0 0 5 0
LOCK 27 rst=1 cmp=5 mismatch=0 rf=0 cap=0
SAMPLE 27 ai=0 ab=0 am=0 pc=0 mismatch=0 rf=0 mode=0
CSRDBG 27 addr=fff priv=3 dec=0 csr=0 raw=1 pw=0 dbg=0 op=0
SECDET 27 pc=0 rf=0 intg=0
R 27 15 00000090 fe019ee3
C 27 0000008c 1 0 0 0 5 0
LOCK 28 rst=1 cmp=5 mismatch=0 rf=0 cap=0
SAMPLE 28 ai=0 ab=0 am=0 pc=0 mismatch=0 rf=0 mode=0
W 28 3 000000c1 000000000
CSRDBG 28 addr=fe0 priv=3 dec=0 csr=0 raw=1 pw=0 dbg=0 op=0
SECDET 28 pc=0 rf=0 intg=0
C 28 00000090 1 0 0 1 5 0
LOCK 29 rst=1 cmp=5 mismatch=0 rf=0 cap=0
SAMPLE 29 ai=0 ab=0 am=0 pc=0 mismatch=0 rf=0 mode=0
SECDET 29 pc=0 rf=0 intg=0
R 29 16 0000008c fff18193
C 29 00000090 0 0 0 0 5 0
LOCK 30 rst=1 cmp=5 mismatch=0 rf=0 cap=0
SAMPLE 30 ai=0 ab=0 am=0 pc=0 mismatch=0 rf=0 mode=0
CSRDBG 30 addr=fff priv=3 dec=0 csr=0 raw=1 pw=0 dbg=0 op=0
SECDET 30 pc=0 rf=0 intg=0
R 30 17 00000090 fe019ee3
C 30 0000008c 1 0 0 0 5 0
LOCK 31 rst=1 cmp=5 mismatch=0 rf=0 cap=0
SAMPLE 31 ai=0 ab=0 am=0 pc=0 mismatch=0 rf=0 mode=0
W 31 3 000000c0 000000000
CSRDBG 31 addr=fe0 priv=3 dec=0 csr=0 raw=1 pw=0 dbg=0 op=0
SECDET 31 pc=0 rf=0 intg=0
C 31 00000090 1 0 0 1 5 0
LOCK 32 rst=1 cmp=5 mismatch=0 rf=0 cap=0
SAMPLE 32 ai=0 ab=0 am=0 pc=0 mismatch=0 rf=0 mode=0
SECDET 32 pc=0 rf=0 intg=0
R 32 18 0000008c fff18193
C 32 00000090 0 0 0 0 5 0
LOCK 33 rst=1 cmp=5 mismatch=0 rf=0 cap=0
SAMPLE 33 ai=0 ab=0 am=0 pc=0 mismatch=0 rf=0 mode=0
CSRDBG 33 addr=fff priv=3 dec=0 csr=0 raw=1 pw=0 dbg=0 op=0
SECDET 33 pc=0 rf=0 intg=0
R 33 19 00000090 fe019ee3
C 33 0000008c 1 0 0 0 5 0
LOCK 34 rst=1 cmp=5 mismatch=0 rf=0 cap=0
SAMPLE 34 ai=0 ab=0 am=0 pc=0 mismatch=0 rf=0 mode=0
W 34 3 000000bf 000000000
CSRDBG 34 addr=fe0 priv=3 dec=0 csr=0 raw=1 pw=0 dbg=0 op=0
SECDET 34 pc=0 rf=0 intg=0
C 34 00000090 1 0 0 1 5 0
LOCK 35 rst=1 cmp=5 mismatch=0 rf=0 cap=0
SAMPLE 35 ai=0 ab=0 am=0 pc=0 mismatch=0 rf=0 mode=0
SECDET 35 pc=0 rf=0 intg=0
R 35 20 0000008c fff18193
C 35 00000090 0 0 0 0 5 0
LOCK 36 rst=1 cmp=5 mismatch=0 rf=0 cap=0
SAMPLE 36 ai=0 ab=0 am=0 pc=0 mismatch=0 rf=0 mode=0
CSRDBG 36 addr=fff priv=3 dec=0 csr=0 raw=1 pw=0 dbg=0 op=0
SECDET 36 pc=0 rf=0 intg=0
R 36 21 00000090 fe019ee3
C 36 0000008c 1 0 0 0 5 0
LOCK 37 rst=1 cmp=5 mismatch=0 rf=0 cap=0
SAMPLE 37 ai=0 ab=0 am=0 pc=0 mismatch=0 rf=0 mode=0
W 37 3 000000be 000000000
CSRDBG 37 addr=fe0 priv=3 dec=0 csr=0 raw=1 pw=0 dbg=0 op=0
SECDET 37 pc=0 rf=0 intg=0
C 37 00000090 1 0 0 1 5 0
LOCK 38 rst=1 cmp=5 mismatch=0 rf=0 cap=0
SAMPLE 38 ai=0 ab=0 am=0 pc=0 mismatch=0 rf=0 mode=0
SECDET 38 pc=0 rf=0 intg=0
R 38 22 0000008c fff18193
C 38 00000090 0 0 0 0 5 0
LOCK 39 rst=1 cmp=5 mismatch=0 rf=0 cap=0
SAMPLE 39 ai=0 ab=0 am=0 pc=0 mismatch=0 rf=0 mode=0
CSRDBG 39 addr=fff priv=3 dec=0 csr=0 raw=1 pw=0 dbg=0 op=0
SECDET 39 pc=0 rf=0 intg=0
R 39 23 00000090 fe019ee3
C 39 0000008c 1 0 0 0 5 0
LOCK 40 rst=1 cmp=5 mismatch=0 rf=0 cap=0
SAMPLE 40 ai=0 ab=0 am=0 pc=0 mismatch=0 rf=0 mode=0
W 40 3 000000bd 000000000
CSRDBG 40 addr=fe0 priv=3 dec=0 csr=0 raw=1 pw=0 dbg=0 op=0
SECDET 40 pc=0 rf=0 intg=0
C 40 00000090 1 0 0 1 5 0
LOCK 41 rst=1 cmp=5 mismatch=0 rf=0 cap=0
SAMPLE 41 ai=0 ab=0 am=0 pc=0 mismatch=0 rf=0 mode=0
SECDET 41 pc=0 rf=0 intg=0
R 41 24 0000008c fff18193
C 41 00000090 0 0 0 0 5 0
LOCK 42 rst=1 cmp=5 mismatch=0 rf=0 cap=0
SAMPLE 42 ai=0 ab=0 am=0 pc=0 mismatch=0 rf=0 mode=0
CSRDBG 42 addr=fff priv=3 dec=0 csr=0 raw=1 pw=0 dbg=0 op=0
SECDET 42 pc=0 rf=0 intg=0
R 42 25 00000090 fe019ee3
C 42 0000008c 1 0 0 0 5 0
LOCK 43 rst=1 cmp=5 mismatch=0 rf=0 cap=0
SAMPLE 43 ai=0 ab=0 am=0 pc=0 mismatch=0 rf=0 mode=0
W 43 3 000000bc 000000000
CSRDBG 43 addr=fe0 priv=3 dec=0 csr=0 raw=1 pw=0 dbg=0 op=0
SECDET 43 pc=0 rf=0 intg=0
C 43 00000090 1 0 0 1 5 0
LOCK 44 rst=1 cmp=5 mismatch=0 rf=0 cap=0
SAMPLE 44 ai=0 ab=0 am=0 pc=0 mismatch=0 rf=0 mode=0
SECDET 44 pc=0 rf=0 intg=0
R 44 26 0000008c fff18193
C 44 00000090 0 0 0 0 5 0
LOCK 45 rst=1 cmp=5 mismatch=0 rf=0 cap=0
SAMPLE 45 ai=0 ab=0 am=0 pc=0 mismatch=0 rf=0 mode=0
CSRDBG 45 addr=fff priv=3 dec=0 csr=0 raw=1 pw=0 dbg=0 op=0
SECDET 45 pc=0 rf=0 intg=0
R 45 27 00000090 fe019ee3
C 45 0000008c 1 0 0 0 5 0
LOCK 46 rst=1 cmp=5 mismatch=0 rf=0 cap=0
SAMPLE 46 ai=0 ab=0 am=0 pc=0 mismatch=0 rf=0 mode=0
W 46 3 000000bb 000000000
CSRDBG 46 addr=fe0 priv=3 dec=0 csr=0 raw=1 pw=0 dbg=0 op=0
SECDET 46 pc=0 rf=0 intg=0
C 46 00000090 1 0 0 1 5 0
LOCK 47 rst=1 cmp=5 mismatch=0 rf=0 cap=0
SAMPLE 47 ai=0 ab=0 am=0 pc=0 mismatch=0 rf=0 mode=0
SECDET 47 pc=0 rf=0 intg=0
R 47 28 0000008c fff18193
C 47 00000090 0 0 0 0 5 0
LOCK 48 rst=1 cmp=5 mismatch=0 rf=0 cap=0
SAMPLE 48 ai=0 ab=0 am=0 pc=0 mismatch=0 rf=0 mode=0
CSRDBG 48 addr=fff priv=3 dec=0 csr=0 raw=1 pw=0 dbg=0 op=0
SECDET 48 pc=0 rf=0 intg=0
R 48 29 00000090 fe019ee3
C 48 0000008c 1 0 0 0 5 0
LOCK 49 rst=1 cmp=5 mismatch=0 rf=0 cap=0
SAMPLE 49 ai=0 ab=0 am=0 pc=0 mismatch=0 rf=0 mode=0
W 49 3 000000ba 000000000
CSRDBG 49 addr=fe0 priv=3 dec=0 csr=0 raw=1 pw=0 dbg=0 op=0
SECDET 49 pc=0 rf=0 intg=0
C 49 00000090 1 0 0 1 5 0
LOCK 50 rst=1 cmp=5 mismatch=0 rf=0 cap=0
SAMPLE 50 ai=0 ab=0 am=0 pc=0 mismatch=0 rf=0 mode=0
SECDET 50 pc=0 rf=0 intg=0
R 50 30 0000008c fff18193
C 50 00000090 0 0 0 0 5 0
LOCK 51 rst=1 cmp=5 mismatch=0 rf=0 cap=0
SAMPLE 51 ai=0 ab=0 am=0 pc=0 mismatch=0 rf=0 mode=0
CSRDBG 51 addr=fff priv=3 dec=0 csr=0 raw=1 pw=0 dbg=0 op=0
SECDET 51 pc=0 rf=0 intg=0
R 51 31 00000090 fe019ee3
C 51 0000008c 1 0 0 0 5 0
LOCK 52 rst=1 cmp=5 mismatch=0 rf=0 cap=0
SAMPLE 52 ai=0 ab=0 am=0 pc=0 mismatch=0 rf=0 mode=0
W 52 3 000000b9 000000000
CSRDBG 52 addr=fe0 priv=3 dec=0 csr=0 raw=1 pw=0 dbg=0 op=0
SECDET 52 pc=0 rf=0 intg=0
C 52 00000090 1 0 0 1 5 0
LOCK 53 rst=1 cmp=5 mismatch=0 rf=0 cap=0
SAMPLE 53 ai=0 ab=0 am=0 pc=0 mismatch=0 rf=0 mode=0
SECDET 53 pc=0 rf=0 intg=0
R 53 32 0000008c fff18193
C 53 00000090 0 0 0 0 5 0
LOCK 54 rst=1 cmp=5 mismatch=0 rf=0 cap=0
SAMPLE 54 ai=0 ab=0 am=0 pc=0 mismatch=0 rf=0 mode=0
CSRDBG 54 addr=fff priv=3 dec=0 csr=0 raw=1 pw=0 dbg=0 op=0
SECDET 54 pc=0 rf=0 intg=0
R 54 33 00000090 fe019ee3
C 54 0000008c 1 0 0 0 5 0
LOCK 55 rst=1 cmp=5 mismatch=0 rf=0 cap=0
SAMPLE 55 ai=0 ab=0 am=0 pc=0 mismatch=0 rf=0 mode=0
W 55 3 000000b8 000000000
CSRDBG 55 addr=fe0 priv=3 dec=0 csr=0 raw=1 pw=0 dbg=0 op=0
SECDET 55 pc=0 rf=0 intg=0
C 55 00000090 1 0 0 1 5 0
LOCK 56 rst=1 cmp=5 mismatch=0 rf=0 cap=0
SAMPLE 56 ai=0 ab=0 am=0 pc=0 mismatch=0 rf=0 mode=0
SECDET 56 pc=0 rf=0 intg=0
R 56 34 0000008c fff18193
C 56 00000090 0 0 0 0 5 0
LOCK 57 rst=1 cmp=5 mismatch=0 rf=0 cap=0
SAMPLE 57 ai=0 ab=0 am=0 pc=0 mismatch=0 rf=0 mode=0
CSRDBG 57 addr=fff priv=3 dec=0 csr=0 raw=1 pw=0 dbg=0 op=0
SECDET 57 pc=0 rf=0 intg=0
R 57 35 00000090 fe019ee3
C 57 0000008c 1 0 0 0 5 0
LOCK 58 rst=1 cmp=5 mismatch=0 rf=0 cap=0
SAMPLE 58 ai=0 ab=0 am=0 pc=0 mismatch=0 rf=0 mode=0
W 58 3 000000b7 000000000
CSRDBG 58 addr=fe0 priv=3 dec=0 csr=0 raw=1 pw=0 dbg=0 op=0
SECDET 58 pc=0 rf=0 intg=0
C 58 00000090 1 0 0 1 5 0
LOCK 59 rst=1 cmp=5 mismatch=0 rf=0 cap=0
SAMPLE 59 ai=0 ab=0 am=0 pc=0 mismatch=0 rf=0 mode=0
SECDET 59 pc=0 rf=0 intg=0
R 59 36 0000008c fff18193
C 59 00000090 0 0 0 0 5 0
LOCK 60 rst=1 cmp=5 mismatch=0 rf=0 cap=0
SAMPLE 60 ai=0 ab=0 am=0 pc=0 mismatch=0 rf=0 mode=0
CSRDBG 60 addr=fff priv=3 dec=0 csr=0 raw=1 pw=0 dbg=0 op=0
SECDET 60 pc=0 rf=0 intg=0
R 60 37 00000090 fe019ee3
C 60 0000008c 1 0 0 0 5 0
LOCK 61 rst=1 cmp=5 mismatch=0 rf=0 cap=0
SAMPLE 61 ai=0 ab=0 am=0 pc=0 mismatch=0 rf=0 mode=0
W 61 3 000000b6 000000000
CSRDBG 61 addr=fe0 priv=3 dec=0 csr=0 raw=1 pw=0 dbg=0 op=0
SECDET 61 pc=0 rf=0 intg=0
C 61 00000090 1 0 0 1 5 0
LOCK 62 rst=1 cmp=5 mismatch=0 rf=0 cap=0
SAMPLE 62 ai=0 ab=0 am=0 pc=0 mismatch=0 rf=0 mode=0
SECDET 62 pc=0 rf=0 intg=0
R 62 38 0000008c fff18193
C 62 00000090 0 0 0 0 5 0
LOCK 63 rst=1 cmp=5 mismatch=0 rf=0 cap=0
SAMPLE 63 ai=0 ab=0 am=0 pc=0 mismatch=0 rf=0 mode=0
CSRDBG 63 addr=fff priv=3 dec=0 csr=0 raw=1 pw=0 dbg=0 op=0
SECDET 63 pc=0 rf=0 intg=0
R 63 39 00000090 fe019ee3
C 63 0000008c 1 0 0 0 5 0
LOCK 64 rst=1 cmp=5 mismatch=0 rf=0 cap=0
SAMPLE 64 ai=0 ab=0 am=0 pc=0 mismatch=0 rf=0 mode=0
W 64 3 000000b5 000000000
CSRDBG 64 addr=fe0 priv=3 dec=0 csr=0 raw=1 pw=0 dbg=0 op=0
SECDET 64 pc=0 rf=0 intg=0
C 64 00000090 1 0 0 1 5 0
LOCK 65 rst=1 cmp=5 mismatch=0 rf=0 cap=0
SAMPLE 65 ai=0 ab=0 am=0 pc=0 mismatch=0 rf=0 mode=0
SECDET 65 pc=0 rf=0 intg=0
R 65 40 0000008c fff18193
C 65 00000090 0 0 0 0 5 0
LOCK 66 rst=1 cmp=5 mismatch=0 rf=0 cap=0
SAMPLE 66 ai=0 ab=0 am=0 pc=0 mismatch=0 rf=0 mode=0
CSRDBG 66 addr=fff priv=3 dec=0 csr=0 raw=1 pw=0 dbg=0 op=0
SECDET 66 pc=0 rf=0 intg=0
R 66 41 00000090 fe019ee3
C 66 0000008c 1 0 0 0 5 0
LOCK 67 rst=1 cmp=5 mismatch=0 rf=0 cap=0
SAMPLE 67 ai=0 ab=0 am=0 pc=0 mismatch=0 rf=0 mode=0
W 67 3 000000b4 000000000
CSRDBG 67 addr=fe0 priv=3 dec=0 csr=0 raw=1 pw=0 dbg=0 op=0
SECDET 67 pc=0 rf=0 intg=0
C 67 00000090 1 0 0 1 5 0
LOCK 68 rst=1 cmp=5 mismatch=0 rf=0 cap=0
SAMPLE 68 ai=0 ab=0 am=0 pc=0 mismatch=0 rf=0 mode=0
SECDET 68 pc=0 rf=0 intg=0
R 68 42 0000008c fff18193
C 68 00000090 0 0 0 0 5 0
LOCK 69 rst=1 cmp=5 mismatch=0 rf=0 cap=0
SAMPLE 69 ai=0 ab=0 am=0 pc=0 mismatch=0 rf=0 mode=0
CSRDBG 69 addr=fff priv=3 dec=0 csr=0 raw=1 pw=0 dbg=0 op=0
SECDET 69 pc=0 rf=0 intg=0
R 69 43 00000090 fe019ee3
C 69 0000008c 1 0 0 0 5 0
LOCK 70 rst=1 cmp=5 mismatch=0 rf=0 cap=0
SAMPLE 70 ai=0 ab=0 am=0 pc=0 mismatch=0 rf=0 mode=0
W 70 3 000000b3 000000000
CSRDBG 70 addr=fe0 priv=3 dec=0 csr=0 raw=1 pw=0 dbg=0 op=0
SECDET 70 pc=0 rf=0 intg=0
C 70 00000090 1 0 0 1 5 0
LOCK 71 rst=1 cmp=5 mismatch=0 rf=0 cap=0
SAMPLE 71 ai=0 ab=0 am=0 pc=0 mismatch=0 rf=0 mode=0
SECDET 71 pc=0 rf=0 intg=0
R 71 44 0000008c fff18193
C 71 00000090 0 0 0 0 5 0
LOCK 72 rst=1 cmp=5 mismatch=0 rf=0 cap=0
SAMPLE 72 ai=0 ab=0 am=0 pc=0 mismatch=0 rf=0 mode=0
CSRDBG 72 addr=fff priv=3 dec=0 csr=0 raw=1 pw=0 dbg=0 op=0
SECDET 72 pc=0 rf=0 intg=0
R 72 45 00000090 fe019ee3
C 72 0000008c 1 0 0 0 5 0
LOCK 73 rst=1 cmp=5 mismatch=0 rf=0 cap=0
SAMPLE 73 ai=0 ab=0 am=0 pc=0 mismatch=0 rf=0 mode=0
W 73 3 000000b2 000000000
CSRDBG 73 addr=fe0 priv=3 dec=0 csr=0 raw=1 pw=0 dbg=0 op=0
SECDET 73 pc=0 rf=0 intg=0
C 73 00000090 1 0 0 1 5 0
LOCK 74 rst=1 cmp=5 mismatch=0 rf=0 cap=0
SAMPLE 74 ai=0 ab=0 am=0 pc=0 mismatch=0 rf=0 mode=0
SECDET 74 pc=0 rf=0 intg=0
R 74 46 0000008c fff18193
C 74 00000090 0 0 0 0 5 0
LOCK 75 rst=1 cmp=5 mismatch=0 rf=0 cap=0
SAMPLE 75 ai=0 ab=0 am=0 pc=0 mismatch=0 rf=0 mode=0
CSRDBG 75 addr=fff priv=3 dec=0 csr=0 raw=1 pw=0 dbg=0 op=0
SECDET 75 pc=0 rf=0 intg=0
R 75 47 00000090 fe019ee3
C 75 0000008c 1 0 0 0 5 0
LOCK 76 rst=1 cmp=5 mismatch=0 rf=0 cap=0
SAMPLE 76 ai=0 ab=0 am=0 pc=0 mismatch=0 rf=0 mode=0
W 76 3 000000b1 000000000
CSRDBG 76 addr=fe0 priv=3 dec=0 csr=0 raw=1 pw=0 dbg=0 op=0
SECDET 76 pc=0 rf=0 intg=0
C 76 00000090 1 0 0 1 5 0
LOCK 77 rst=1 cmp=5 mismatch=0 rf=0 cap=0
SAMPLE 77 ai=0 ab=0 am=0 pc=0 mismatch=0 rf=0 mode=0
SECDET 77 pc=0 rf=0 intg=0
R 77 48 0000008c fff18193
C 77 00000090 0 0 0 0 5 0
LOCK 78 rst=1 cmp=5 mismatch=0 rf=0 cap=0
SAMPLE 78 ai=0 ab=0 am=0 pc=0 mismatch=0 rf=0 mode=0
CSRDBG 78 addr=fff priv=3 dec=0 csr=0 raw=1 pw=0 dbg=0 op=0
SECDET 78 pc=0 rf=0 intg=0
R 78 49 00000090 fe019ee3
C 78 0000008c 1 0 0 0 5 0
LOCK 79 rst=1 cmp=5 mismatch=0 rf=0 cap=0
SAMPLE 79 ai=0 ab=0 am=0 pc=0 mismatch=0 rf=0 mode=0
W 79 3 000000b0 000000000
CSRDBG 79 addr=fe0 priv=3 dec=0 csr=0 raw=1 pw=0 dbg=0 op=0
SECDET 79 pc=0 rf=0 intg=0
C 79 00000090 1 0 0 1 5 0
LOCK 80 rst=1 cmp=5 mismatch=0 rf=0 cap=0
SAMPLE 80 ai=0 ab=0 am=0 pc=0 mismatch=0 rf=0 mode=0
SECDET 80 pc=0 rf=0 intg=0
R 80 50 0000008c fff18193
C 80 00000090 0 0 0 0 5 0
LOCK 81 rst=1 cmp=5 mismatch=0 rf=0 cap=0
SAMPLE 81 ai=0 ab=0 am=0 pc=0 mismatch=0 rf=0 mode=0
SECDET 81 pc=0 rf=0 intg=0
R 81 51 00000090 fe019ee3
C 81 0000008c 1 0 0 0 5 0
LOCK 82 rst=1 cmp=5 mismatch=0 rf=0 cap=0
SAMPLE 82 ai=0 ab=0 am=0 pc=0 mismatch=0 rf=0 mode=0
W 82 3 000000af 000000000
SECDET 82 pc=0 rf=0 intg=0
C 82 00000090 1 0 0 1 5 0
LOCK 83 rst=1 cmp=5 mismatch=0 rf=0 cap=0
SAMPLE 83 ai=0 ab=0 am=0 pc=0 mismatch=0 rf=0 mode=0
SECDET 83 pc=0 rf=0 intg=0
R 83 52 0000008c fff18193
C 83 00000090 0 0 0 0 5 0
LOCK 84 rst=1 cmp=5 mismatch=0 rf=0 cap=0
SAMPLE 84 ai=0 ab=0 am=0 pc=0 mismatch=0 rf=0 mode=0
SECDET 84 pc=0 rf=0 intg=0
R 84 53 00000090 fe019ee3
C 84 0000008c 1 0 0 0 5 0
LOCK 85 rst=1 cmp=5 mismatch=0 rf=0 cap=0
SAMPLE 85 ai=0 ab=0 am=0 pc=0 mismatch=0 rf=0 mode=0
W 85 3 000000ae 000000000
SECDET 85 pc=0 rf=0 intg=0
C 85 00000090 1 0 0 1 5 0
LOCK 86 rst=1 cmp=5 mismatch=0 rf=0 cap=0
SAMPLE 86 ai=0 ab=0 am=0 pc=0 mismatch=0 rf=0 mode=0
SECDET 86 pc=0 rf=0 intg=0
R 86 54 0000008c fff18193
C 86 00000090 0 0 0 0 5 0
LOCK 87 rst=1 cmp=5 mismatch=0 rf=0 cap=0
SAMPLE 87 ai=0 ab=0 am=0 pc=0 mismatch=0 rf=0 mode=0
SECDET 87 pc=0 rf=0 intg=0
R 87 55 00000090 fe019ee3
C 87 0000008c 1 0 0 0 5 0
LOCK 88 rst=1 cmp=5 mismatch=0 rf=0 cap=0
SAMPLE 88 ai=0 ab=0 am=0 pc=0 mismatch=0 rf=0 mode=0
W 88 3 000000ad 000000000
SECDET 88 pc=0 rf=0 intg=0
C 88 00000090 1 0 0 1 5 0
LOCK 89 rst=1 cmp=5 mismatch=0 rf=0 cap=0
SAMPLE 89 ai=0 ab=0 am=0 pc=0 mismatch=0 rf=0 mode=0
SECDET 89 pc=0 rf=0 intg=0
R 89 56 0000008c fff18193
C 89 00000090 0 0 0 0 5 0
LOCK 90 rst=1 cmp=5 mismatch=0 rf=0 cap=0
SAMPLE 90 ai=0 ab=0 am=0 pc=0 mismatch=0 rf=0 mode=0
SECDET 90 pc=0 rf=0 intg=0
R 90 57 00000090 fe019ee3
C 90 0000008c 1 0 0 0 5 0
LOCK 91 rst=1 cmp=5 mismatch=0 rf=0 cap=0
SAMPLE 91 ai=0 ab=0 am=0 pc=0 mismatch=0 rf=0 mode=0
W 91 3 000000ac 000000000
SECDET 91 pc=0 rf=0 intg=0
C 91 00000090 1 0 0 1 5 0
LOCK 92 rst=1 cmp=5 mismatch=0 rf=0 cap=0
SAMPLE 92 ai=0 ab=0 am=0 pc=0 mismatch=0 rf=0 mode=0
SECDET 92 pc=0 rf=0 intg=0
R 92 58 0000008c fff18193
C 92 00000090 0 0 0 0 5 0
LOCK 93 rst=1 cmp=5 mismatch=0 rf=0 cap=0
SAMPLE 93 ai=0 ab=0 am=0 pc=0 mismatch=0 rf=0 mode=0
SECDET 93 pc=0 rf=0 intg=0
R 93 59 00000090 fe019ee3
C 93 0000008c 1 0 0 0 5 0
LOCK 94 rst=1 cmp=5 mismatch=0 rf=0 cap=0
SAMPLE 94 ai=0 ab=0 am=0 pc=0 mismatch=0 rf=0 mode=0
W 94 3 000000ab 000000000
SECDET 94 pc=0 rf=0 intg=0
C 94 00000090 1 0 0 1 5 0
LOCK 95 rst=1 cmp=5 mismatch=0 rf=0 cap=0
SAMPLE 95 ai=0 ab=0 am=0 pc=0 mismatch=0 rf=0 mode=0
SECDET 95 pc=0 rf=0 intg=0
R 95 60 0000008c fff18193
C 95 00000090 0 0 0 0 5 0
LOCK 96 rst=1 cmp=5 mismatch=0 rf=0 cap=0
SAMPLE 96 ai=0 ab=0 am=0 pc=0 mismatch=0 rf=0 mode=0
SECDET 96 pc=0 rf=0 intg=0
R 96 61 00000090 fe019ee3
C 96 0000008c 1 0 0 0 5 0
LOCK 97 rst=1 cmp=5 mismatch=0 rf=0 cap=0
SAMPLE 97 ai=0 ab=0 am=0 pc=0 mismatch=0 rf=0 mode=0
W 97 3 000000aa 000000000
SECDET 97 pc=0 rf=0 intg=0
C 97 00000090 1 0 0 1 5 0
LOCK 98 rst=1 cmp=5 mismatch=0 rf=0 cap=0
SAMPLE 98 ai=0 ab=0 am=0 pc=0 mismatch=0 rf=0 mode=0
SECDET 98 pc=0 rf=0 intg=0
R 98 62 0000008c fff18193
C 98 00000090 0 0 0 0 5 0
LOCK 99 rst=1 cmp=5 mismatch=0 rf=0 cap=0
SAMPLE 99 ai=0 ab=0 am=0 pc=0 mismatch=0 rf=0 mode=0
SECDET 99 pc=0 rf=0 intg=0
R 99 63 00000090 fe019ee3
C 99 0000008c 1 0 0 0 5 0
LOCK 100 rst=1 cmp=5 mismatch=0 rf=0 cap=0
INJECT 100 fault=6
SAMPLE 100 ai=1 ab=0 am=0 pc=1 mismatch=0 rf=0 mode=0
W 100 3 000000a9 000000000
SECDET 100 pc=1 rf=0 intg=0
C 100 00000090 1 0 0 1 5 0
ALERT internal 100
LOCK 101 rst=1 cmp=5 mismatch=0 rf=0 cap=0
SAMPLE 101 ai=0 ab=0 am=0 pc=0 mismatch=0 rf=0 mode=0
SECDET 101 pc=0 rf=0 intg=0
R 101 64 0000008c fff18193
C 101 00000090 0 0 0 0 5 0
LOCK 102 rst=1 cmp=5 mismatch=0 rf=0 cap=0
SAMPLE 102 ai=1 ab=0 am=0 pc=1 mismatch=1 rf=0 mode=0
SECDET 102 pc=1 rf=0 intg=0
R 102 65 00000090 fe019ee3
C 102 deadbeee 1 0 0 0 5 0
LOCK 103 rst=1 cmp=5 mismatch=1 rf=0 cap=0
SAMPLE 103 ai=1 ab=0 am=0 pc=1 mismatch=1 rf=0 mode=0
W 103 3 000000a8 000000000
SECDET 103 pc=1 rf=0 intg=0
C 103 deadbeee 1 0 0 1 5 0
LOCK 104 rst=1 cmp=5 mismatch=1 rf=0 cap=0
SAMPLE 104 ai=1 ab=0 am=0 pc=0 mismatch=1 rf=0 mode=0
SECDET 104 pc=0 rf=0 intg=0
R 104 66 deadbeee fff18193
C 104 deadbeee 0 0 0 0 5 0
LOCK 105 rst=1 cmp=5 mismatch=1 rf=0 cap=0
             1050000: Illegal instruction (hart 0) at PC 0xdeadbeee: 0x00000000
SAMPLE 105 ai=1 ab=0 am=0 pc=1 mismatch=1 rf=0 mode=0
SECDET 105 pc=1 rf=0 intg=0
R 105 67 deadbeee fe019ee3
C 105 deadbeee 1 0 0 0 5 0
LOCK 106 rst=1 cmp=5 mismatch=1 rf=0 cap=0
SAMPLE 106 ai=1 ab=0 am=0 pc=1 mismatch=1 rf=0 mode=0
SECDET 106 pc=1 rf=0 intg=0
C 106 deadbeee 1 0 0 1 6 0
LOCK 107 rst=1 cmp=5 mismatch=1 rf=0 cap=0
SAMPLE 107 ai=1 ab=0 am=0 pc=0 mismatch=1 rf=0 mode=0
SECDET 107 pc=0 rf=0 intg=0
R 107 68 deadbeee 00000000
C 107 deadbeee 0 0 0 0 5 0
LOCK 108 rst=1 cmp=5 mismatch=1 rf=0 cap=0
SAMPLE 108 ai=1 ab=0 am=0 pc=1 mismatch=1 rf=0 mode=0
SECDET 108 pc=1 rf=0 intg=0
C 108 deadbeee 1 0 0 0 5 0
LOCK 109 rst=1 cmp=5 mismatch=1 rf=0 cap=0
SAMPLE 109 ai=1 ab=0 am=0 pc=1 mismatch=1 rf=0 mode=0
W 109 10 00000002 000000000
SECDET 109 pc=1 rf=0 intg=0
C 109 deadbeee 1 0 0 0 5 0
LOCK 110 rst=1 cmp=5 mismatch=1 rf=0 cap=0
SAMPLE 110 ai=1 ab=0 am=0 pc=1 mismatch=1 rf=0 mode=0
W 110 11 deadbeee 000000000
SECDET 110 pc=1 rf=0 intg=0
R 110 69 deadbeee 34202573
C 110 deadbeee 1 0 0 0 5 0
LOCK 111 rst=1 cmp=5 mismatch=1 rf=0 cap=0
SAMPLE 111 ai=1 ab=0 am=0 pc=0 mismatch=1 rf=0 mode=0
W 111 12 00000000 000000000
SECDET 111 pc=0 rf=0 intg=0
R 111 70 deadbeee 341025f3
C 111 0000000c 1 0 0 0 5 0
LOCK 112 rst=1 cmp=5 mismatch=1 rf=0 cap=0
SAMPLE 112 ai=1 ab=0 am=0 pc=0 mismatch=1 rf=0 mode=0
W 112 15 00000077 000000000
SECDET 112 pc=0 rf=0 intg=0
R 112 71 deadbeee 34302673
C 112 00000010 1 0 0 1 5 0
LOCK 113 rst=1 cmp=5 mismatch=1 rf=0 cap=0
SAMPLE 113 ai=1 ab=0 am=0 pc=0 mismatch=1 rf=0 mode=0
SECDET 113 pc=0 rf=0 intg=0
R 113 72 0000000c 07700793
C 113 00000010 0 0 0 0 5 0
LOCK 114 rst=1 cmp=5 mismatch=1 rf=0 cap=0
SAMPLE 114 ai=1 ab=0 am=0 pc=0 mismatch=1 rf=0 mode=0
SECDET 114 pc=0 rf=0 intg=0
R 114 73 00000010 0000006f
C 114 00000010 1 0 0 1 5 0
LOCK 115 rst=1 cmp=5 mismatch=1 rf=0 cap=0
SAMPLE 115 ai=1 ab=0 am=0 pc=0 mismatch=1 rf=0 mode=0
SECDET 115 pc=0 rf=0 intg=0
C 115 00000010 0 0 0 0 5 0
LOCK 116 rst=1 cmp=5 mismatch=1 rf=0 cap=0
SAMPLE 116 ai=1 ab=0 am=0 pc=0 mismatch=1 rf=0 mode=0
SECDET 116 pc=0 rf=0 intg=0
R 116 74 00000010 0000006f
C 116 00000010 1 0 0 1 5 0
LOCK 117 rst=1 cmp=5 mismatch=1 rf=0 cap=0
SAMPLE 117 ai=1 ab=0 am=0 pc=0 mismatch=1 rf=0 mode=0
SECDET 117 pc=0 rf=0 intg=0
C 117 00000010 0 0 0 0 5 0
LOCK 118 rst=1 cmp=5 mismatch=1 rf=0 cap=0
SAMPLE 118 ai=1 ab=0 am=0 pc=0 mismatch=1 rf=0 mode=0
SECDET 118 pc=0 rf=0 intg=0
R 118 75 00000010 0000006f
C 118 00000010 1 0 0 1 5 0
LOCK 119 rst=1 cmp=5 mismatch=1 rf=0 cap=0
SAMPLE 119 ai=1 ab=0 am=0 pc=0 mismatch=1 rf=0 mode=0
SECDET 119 pc=0 rf=0 intg=0
C 119 00000010 0 0 0 0 5 0
R 120 76 00000010 0000006f
C 120 00000010 1 0 0 1 5 0
C 121 00000010 0 0 0 0 5 0
R 122 77 00000010 0000006f
C 122 00000010 1 0 0 1 5 0
C 123 00000010 0 0 0 0 5 0
R 124 78 00000010 0000006f
C 124 00000010 1 0 0 1 5 0
C 125 00000010 0 0 0 0 5 0
R 126 79 00000010 0000006f
C 126 00000010 1 0 0 1 5 0
C 127 00000010 0 0 0 0 5 0
R 128 80 00000010 0000006f
C 128 00000010 1 0 0 1 5 0
C 129 00000010 0 0 0 0 5 0
R 130 81 00000010 0000006f
C 130 00000010 1 0 0 1 5 0
C 131 00000010 0 0 0 0 5 0
R 132 82 00000010 0000006f
C 132 00000010 1 0 0 1 5 0
C 133 00000010 0 0 0 0 5 0
R 134 83 00000010 0000006f
C 134 00000010 1 0 0 1 5 0
C 135 00000010 0 0 0 0 5 0
R 136 84 00000010 0000006f
C 136 00000010 1 0 0 1 5 0
C 137 00000010 0 0 0 0 5 0
R 138 85 00000010 0000006f
C 138 00000010 1 0 0 1 5 0
C 139 00000010 0 0 0 0 5 0
R 140 86 00000010 0000006f
C 140 00000010 1 0 0 1 5 0
C 141 00000010 0 0 0 0 5 0
R 142 87 00000010 0000006f
C 142 00000010 1 0 0 1 5 0
C 143 00000010 0 0 0 0 5 0
R 144 88 00000010 0000006f
C 144 00000010 1 0 0 1 5 0
C 145 00000010 0 0 0 0 5 0
R 146 89 00000010 0000006f
C 146 00000010 1 0 0 1 5 0
C 147 00000010 0 0 0 0 5 0
R 148 90 00000010 0000006f
C 148 00000010 1 0 0 1 5 0
C 149 00000010 0 0 0 0 5 0
R 150 91 00000010 0000006f
C 150 00000010 1 0 0 1 5 0
C 151 00000010 0 0 0 0 5 0
R 152 92 00000010 0000006f
C 152 00000010 1 0 0 1 5 0
C 153 00000010 0 0 0 0 5 0
R 154 93 00000010 0000006f
C 154 00000010 1 0 0 1 5 0
C 155 00000010 0 0 0 0 5 0
R 156 94 00000010 0000006f
C 156 00000010 1 0 0 1 5 0
C 157 00000010 0 0 0 0 5 0
R 158 95 00000010 0000006f
C 158 00000010 1 0 0 1 5 0
C 159 00000010 0 0 0 0 5 0
R 160 96 00000010 0000006f
C 160 00000010 1 0 0 1 5 0
C 161 00000010 0 0 0 0 5 0
R 162 97 00000010 0000006f
C 162 00000010 1 0 0 1 5 0
C 163 00000010 0 0 0 0 5 0
R 164 98 00000010 0000006f
C 164 00000010 1 0 0 1 5 0
C 165 00000010 0 0 0 0 5 0
R 166 99 00000010 0000006f
C 166 00000010 1 0 0 1 5 0
C 167 00000010 0 0 0 0 5 0
R 168 100 00000010 0000006f
C 168 00000010 1 0 0 1 5 0
C 169 00000010 0 0 0 0 5 0
R 170 101 00000010 0000006f
C 170 00000010 1 0 0 1 5 0
C 171 00000010 0 0 0 0 5 0
R 172 102 00000010 0000006f
C 172 00000010 1 0 0 1 5 0
C 173 00000010 0 0 0 0 5 0
R 174 103 00000010 0000006f
C 174 00000010 1 0 0 1 5 0
C 175 00000010 0 0 0 0 5 0
R 176 104 00000010 0000006f
C 176 00000010 1 0 0 1 5 0
C 177 00000010 0 0 0 0 5 0
R 178 105 00000010 0000006f
C 178 00000010 1 0 0 1 5 0
C 179 00000010 0 0 0 0 5 0
R 180 106 00000010 0000006f
R 182 107 00000010 0000006f
R 184 108 00000010 0000006f
R 186 109 00000010 0000006f
R 188 110 00000010 0000006f
R 190 111 00000010 0000006f
R 192 112 00000010 0000006f
R 194 113 00000010 0000006f
R 196 114 00000010 0000006f
R 198 115 00000010 0000006f
R 200 116 00000010 0000006f
R 202 117 00000010 0000006f
R 204 118 00000010 0000006f
R 206 119 00000010 0000006f
R 208 120 00000010 0000006f
R 210 121 00000010 0000006f
R 212 122 00000010 0000006f
R 214 123 00000010 0000006f
R 216 124 00000010 0000006f
R 218 125 00000010 0000006f
R 220 126 00000010 0000006f
R 222 127 00000010 0000006f
R 224 128 00000010 0000006f
R 226 129 00000010 0000006f
R 228 130 00000010 0000006f
R 230 131 00000010 0000006f
R 232 132 00000010 0000006f
R 234 133 00000010 0000006f
R 236 134 00000010 0000006f
R 238 135 00000010 0000006f
R 240 136 00000010 0000006f
R 242 137 00000010 0000006f
R 244 138 00000010 0000006f
R 246 139 00000010 0000006f
R 248 140 00000010 0000006f
R 250 141 00000010 0000006f
R 252 142 00000010 0000006f
R 254 143 00000010 0000006f
R 256 144 00000010 0000006f
R 258 145 00000010 0000006f
R 260 146 00000010 0000006f
R 262 147 00000010 0000006f
R 264 148 00000010 0000006f
R 266 149 00000010 0000006f
R 268 150 00000010 0000006f
R 270 151 00000010 0000006f
R 272 152 00000010 0000006f
R 274 153 00000010 0000006f
R 276 154 00000010 0000006f
R 278 155 00000010 0000006f
R 280 156 00000010 0000006f
R 282 157 00000010 0000006f
R 284 158 00000010 0000006f
R 286 159 00000010 0000006f
R 288 160 00000010 0000006f
R 290 161 00000010 0000006f
R 292 162 00000010 0000006f
R 294 163 00000010 0000006f
R 296 164 00000010 0000006f
R 298 165 00000010 0000006f
R 300 166 00000010 0000006f
R 302 167 00000010 0000006f
R 304 168 00000010 0000006f
R 306 169 00000010 0000006f
R 308 170 00000010 0000006f
R 310 171 00000010 0000006f
R 312 172 00000010 0000006f
R 314 173 00000010 0000006f
R 316 174 00000010 0000006f
R 318 175 00000010 0000006f
R 320 176 00000010 0000006f
R 322 177 00000010 0000006f
R 324 178 00000010 0000006f
R 326 179 00000010 0000006f
R 328 180 00000010 0000006f
R 330 181 00000010 0000006f
R 332 182 00000010 0000006f
R 334 183 00000010 0000006f
R 336 184 00000010 0000006f
R 338 185 00000010 0000006f
R 340 186 00000010 0000006f
R 342 187 00000010 0000006f
R 344 188 00000010 0000006f
R 346 189 00000010 0000006f
R 348 190 00000010 0000006f
R 350 191 00000010 0000006f
R 352 192 00000010 0000006f
R 354 193 00000010 0000006f
R 356 194 00000010 0000006f
R 358 195 00000010 0000006f
R 360 196 00000010 0000006f
R 362 197 00000010 0000006f
R 364 198 00000010 0000006f
R 366 199 00000010 0000006f
R 368 200 00000010 0000006f
R 370 201 00000010 0000006f
R 372 202 00000010 0000006f
R 374 203 00000010 0000006f
R 376 204 00000010 0000006f
R 378 205 00000010 0000006f
R 380 206 00000010 0000006f
R 382 207 00000010 0000006f
R 384 208 00000010 0000006f
R 386 209 00000010 0000006f
R 388 210 00000010 0000006f
R 390 211 00000010 0000006f
R 392 212 00000010 0000006f
R 394 213 00000010 0000006f
R 396 214 00000010 0000006f
R 398 215 00000010 0000006f
R 400 216 00000010 0000006f
R 402 217 00000010 0000006f
R 404 218 00000010 0000006f
R 406 219 00000010 0000006f
R 408 220 00000010 0000006f
R 410 221 00000010 0000006f
R 412 222 00000010 0000006f
R 414 223 00000010 0000006f
R 416 224 00000010 0000006f
R 418 225 00000010 0000006f
R 420 226 00000010 0000006f
R 422 227 00000010 0000006f
R 424 228 00000010 0000006f
R 426 229 00000010 0000006f
R 428 230 00000010 0000006f
R 430 231 00000010 0000006f
R 432 232 00000010 0000006f
R 434 233 00000010 0000006f
R 436 234 00000010 0000006f
R 438 235 00000010 0000006f
R 440 236 00000010 0000006f
R 442 237 00000010 0000006f
R 444 238 00000010 0000006f
R 446 239 00000010 0000006f
R 448 240 00000010 0000006f
R 450 241 00000010 0000006f
R 452 242 00000010 0000006f
R 454 243 00000010 0000006f
R 456 244 00000010 0000006f
R 458 245 00000010 0000006f
R 460 246 00000010 0000006f
R 462 247 00000010 0000006f
R 464 248 00000010 0000006f
R 466 249 00000010 0000006f
R 468 250 00000010 0000006f
R 470 251 00000010 0000006f
R 472 252 00000010 0000006f
R 474 253 00000010 0000006f
R 476 254 00000010 0000006f
R 478 255 00000010 0000006f
R 480 256 00000010 0000006f
R 482 257 00000010 0000006f
R 484 258 00000010 0000006f
R 486 259 00000010 0000006f
R 488 260 00000010 0000006f
R 490 261 00000010 0000006f
R 492 262 00000010 0000006f
R 494 263 00000010 0000006f
R 496 264 00000010 0000006f
R 498 265 00000010 0000006f
R 500 266 00000010 0000006f
R 502 267 00000010 0000006f
R 504 268 00000010 0000006f
R 506 269 00000010 0000006f
R 508 270 00000010 0000006f
R 510 271 00000010 0000006f
R 512 272 00000010 0000006f
R 514 273 00000010 0000006f
R 516 274 00000010 0000006f
R 518 275 00000010 0000006f
R 520 276 00000010 0000006f
R 522 277 00000010 0000006f
R 524 278 00000010 0000006f
R 526 279 00000010 0000006f
R 528 280 00000010 0000006f
R 530 281 00000010 0000006f
R 532 282 00000010 0000006f
R 534 283 00000010 0000006f
R 536 284 00000010 0000006f
R 538 285 00000010 0000006f
R 540 286 00000010 0000006f
R 542 287 00000010 0000006f
R 544 288 00000010 0000006f
R 546 289 00000010 0000006f
R 548 290 00000010 0000006f
R 550 291 00000010 0000006f
R 552 292 00000010 0000006f
R 554 293 00000010 0000006f
R 556 294 00000010 0000006f
R 558 295 00000010 0000006f
R 560 296 00000010 0000006f
R 562 297 00000010 0000006f
R 564 298 00000010 0000006f
R 566 299 00000010 0000006f
R 568 300 00000010 0000006f
R 570 301 00000010 0000006f
R 572 302 00000010 0000006f
R 574 303 00000010 0000006f
R 576 304 00000010 0000006f
R 578 305 00000010 0000006f
R 580 306 00000010 0000006f
R 582 307 00000010 0000006f
R 584 308 00000010 0000006f
R 586 309 00000010 0000006f
R 588 310 00000010 0000006f
R 590 311 00000010 0000006f
R 592 312 00000010 0000006f
R 594 313 00000010 0000006f
R 596 314 00000010 0000006f
R 598 315 00000010 0000006f
R 600 316 00000010 0000006f
R 602 317 00000010 0000006f
R 604 318 00000010 0000006f
R 606 319 00000010 0000006f
R 608 320 00000010 0000006f
R 610 321 00000010 0000006f
R 612 322 00000010 0000006f
R 614 323 00000010 0000006f
R 616 324 00000010 0000006f
R 618 325 00000010 0000006f
R 620 326 00000010 0000006f
R 622 327 00000010 0000006f
R 624 328 00000010 0000006f
R 626 329 00000010 0000006f
R 628 330 00000010 0000006f
R 630 331 00000010 0000006f
R 632 332 00000010 0000006f
R 634 333 00000010 0000006f
R 636 334 00000010 0000006f
R 638 335 00000010 0000006f
R 640 336 00000010 0000006f
R 642 337 00000010 0000006f
R 644 338 00000010 0000006f
R 646 339 00000010 0000006f
R 648 340 00000010 0000006f
R 650 341 00000010 0000006f
R 652 342 00000010 0000006f
R 654 343 00000010 0000006f
R 656 344 00000010 0000006f
R 658 345 00000010 0000006f
R 660 346 00000010 0000006f
R 662 347 00000010 0000006f
R 664 348 00000010 0000006f
R 666 349 00000010 0000006f
R 668 350 00000010 0000006f
R 670 351 00000010 0000006f
R 672 352 00000010 0000006f
R 674 353 00000010 0000006f
R 676 354 00000010 0000006f
R 678 355 00000010 0000006f
R 680 356 00000010 0000006f
R 682 357 00000010 0000006f
R 684 358 00000010 0000006f
R 686 359 00000010 0000006f
R 688 360 00000010 0000006f
R 690 361 00000010 0000006f
R 692 362 00000010 0000006f
R 694 363 00000010 0000006f
R 696 364 00000010 0000006f
R 698 365 00000010 0000006f
R 700 366 00000010 0000006f
R 702 367 00000010 0000006f
R 704 368 00000010 0000006f
R 706 369 00000010 0000006f
R 708 370 00000010 0000006f
R 710 371 00000010 0000006f
R 712 372 00000010 0000006f
R 714 373 00000010 0000006f
R 716 374 00000010 0000006f
R 718 375 00000010 0000006f
R 720 376 00000010 0000006f
R 722 377 00000010 0000006f
R 724 378 00000010 0000006f
R 726 379 00000010 0000006f
R 728 380 00000010 0000006f
R 730 381 00000010 0000006f
R 732 382 00000010 0000006f
R 734 383 00000010 0000006f
R 736 384 00000010 0000006f
R 738 385 00000010 0000006f
R 740 386 00000010 0000006f
R 742 387 00000010 0000006f
R 744 388 00000010 0000006f
R 746 389 00000010 0000006f
R 748 390 00000010 0000006f
R 750 391 00000010 0000006f
R 752 392 00000010 0000006f
R 754 393 00000010 0000006f
R 756 394 00000010 0000006f
R 758 395 00000010 0000006f
R 760 396 00000010 0000006f
R 762 397 00000010 0000006f
R 764 398 00000010 0000006f
R 766 399 00000010 0000006f
R 768 400 00000010 0000006f
R 770 401 00000010 0000006f
R 772 402 00000010 0000006f
R 774 403 00000010 0000006f
R 776 404 00000010 0000006f
R 778 405 00000010 0000006f
R 780 406 00000010 0000006f
R 782 407 00000010 0000006f
R 784 408 00000010 0000006f
R 786 409 00000010 0000006f
R 788 410 00000010 0000006f
R 790 411 00000010 0000006f
R 792 412 00000010 0000006f
R 794 413 00000010 0000006f
R 796 414 00000010 0000006f
R 798 415 00000010 0000006f
R 800 416 00000010 0000006f
R 802 417 00000010 0000006f
R 804 418 00000010 0000006f
R 806 419 00000010 0000006f
R 808 420 00000010 0000006f
R 810 421 00000010 0000006f
R 812 422 00000010 0000006f
R 814 423 00000010 0000006f
R 816 424 00000010 0000006f
R 818 425 00000010 0000006f
R 820 426 00000010 0000006f
R 822 427 00000010 0000006f
R 824 428 00000010 0000006f
R 826 429 00000010 0000006f
R 828 430 00000010 0000006f
R 830 431 00000010 0000006f
R 832 432 00000010 0000006f
R 834 433 00000010 0000006f
R 836 434 00000010 0000006f
R 838 435 00000010 0000006f
R 840 436 00000010 0000006f
R 842 437 00000010 0000006f
R 844 438 00000010 0000006f
R 846 439 00000010 0000006f
R 848 440 00000010 0000006f
R 850 441 00000010 0000006f
R 852 442 00000010 0000006f
R 854 443 00000010 0000006f
R 856 444 00000010 0000006f
R 858 445 00000010 0000006f
R 860 446 00000010 0000006f
R 862 447 00000010 0000006f
R 864 448 00000010 0000006f
R 866 449 00000010 0000006f
R 868 450 00000010 0000006f
R 870 451 00000010 0000006f
R 872 452 00000010 0000006f
R 874 453 00000010 0000006f
R 876 454 00000010 0000006f
R 878 455 00000010 0000006f
R 880 456 00000010 0000006f
R 882 457 00000010 0000006f
R 884 458 00000010 0000006f
R 886 459 00000010 0000006f
R 888 460 00000010 0000006f
R 890 461 00000010 0000006f
R 892 462 00000010 0000006f
R 894 463 00000010 0000006f
R 896 464 00000010 0000006f
R 898 465 00000010 0000006f
R 900 466 00000010 0000006f
R 902 467 00000010 0000006f
R 904 468 00000010 0000006f
R 906 469 00000010 0000006f
R 908 470 00000010 0000006f
R 910 471 00000010 0000006f
R 912 472 00000010 0000006f
R 914 473 00000010 0000006f
R 916 474 00000010 0000006f
R 918 475 00000010 0000006f
R 920 476 00000010 0000006f
R 922 477 00000010 0000006f
R 924 478 00000010 0000006f
R 926 479 00000010 0000006f
R 928 480 00000010 0000006f
R 930 481 00000010 0000006f
R 932 482 00000010 0000006f
R 934 483 00000010 0000006f
R 936 484 00000010 0000006f
R 938 485 00000010 0000006f
R 940 486 00000010 0000006f
R 942 487 00000010 0000006f
R 944 488 00000010 0000006f
R 946 489 00000010 0000006f
R 948 490 00000010 0000006f
R 950 491 00000010 0000006f
R 952 492 00000010 0000006f
R 954 493 00000010 0000006f
R 956 494 00000010 0000006f
R 958 495 00000010 0000006f
R 960 496 00000010 0000006f
R 962 497 00000010 0000006f
R 964 498 00000010 0000006f
R 966 499 00000010 0000006f
R 968 500 00000010 0000006f
R 970 501 00000010 0000006f
R 972 502 00000010 0000006f
R 974 503 00000010 0000006f
R 976 504 00000010 0000006f
R 978 505 00000010 0000006f
R 980 506 00000010 0000006f
R 982 507 00000010 0000006f
R 984 508 00000010 0000006f
R 986 509 00000010 0000006f
R 988 510 00000010 0000006f
R 990 511 00000010 0000006f
R 992 512 00000010 0000006f
R 994 513 00000010 0000006f
R 996 514 00000010 0000006f
R 998 515 00000010 0000006f
R 1000 516 00000010 0000006f
R 1002 517 00000010 0000006f
R 1004 518 00000010 0000006f
R 1006 519 00000010 0000006f
R 1008 520 00000010 0000006f
R 1010 521 00000010 0000006f
R 1012 522 00000010 0000006f
R 1014 523 00000010 0000006f
R 1016 524 00000010 0000006f
R 1018 525 00000010 0000006f
R 1020 526 00000010 0000006f
R 1022 527 00000010 0000006f
R 1024 528 00000010 0000006f
R 1026 529 00000010 0000006f
R 1028 530 00000010 0000006f
R 1030 531 00000010 0000006f
R 1032 532 00000010 0000006f
R 1034 533 00000010 0000006f
R 1036 534 00000010 0000006f
R 1038 535 00000010 0000006f
R 1040 536 00000010 0000006f
R 1042 537 00000010 0000006f
R 1044 538 00000010 0000006f
R 1046 539 00000010 0000006f
R 1048 540 00000010 0000006f
R 1050 541 00000010 0000006f
R 1052 542 00000010 0000006f
R 1054 543 00000010 0000006f
R 1056 544 00000010 0000006f
R 1058 545 00000010 0000006f
R 1060 546 00000010 0000006f
R 1062 547 00000010 0000006f
R 1064 548 00000010 0000006f
R 1066 549 00000010 0000006f
R 1068 550 00000010 0000006f
R 1070 551 00000010 0000006f
R 1072 552 00000010 0000006f
R 1074 553 00000010 0000006f
R 1076 554 00000010 0000006f
R 1078 555 00000010 0000006f
R 1080 556 00000010 0000006f
R 1082 557 00000010 0000006f
R 1084 558 00000010 0000006f
R 1086 559 00000010 0000006f
R 1088 560 00000010 0000006f
R 1090 561 00000010 0000006f
R 1092 562 00000010 0000006f
R 1094 563 00000010 0000006f
R 1096 564 00000010 0000006f
R 1098 565 00000010 0000006f
R 1100 566 00000010 0000006f
R 1102 567 00000010 0000006f
R 1104 568 00000010 0000006f
R 1106 569 00000010 0000006f
R 1108 570 00000010 0000006f
R 1110 571 00000010 0000006f
R 1112 572 00000010 0000006f
R 1114 573 00000010 0000006f
R 1116 574 00000010 0000006f
R 1118 575 00000010 0000006f
R 1120 576 00000010 0000006f
R 1122 577 00000010 0000006f
R 1124 578 00000010 0000006f
R 1126 579 00000010 0000006f
R 1128 580 00000010 0000006f
R 1130 581 00000010 0000006f
R 1132 582 00000010 0000006f
R 1134 583 00000010 0000006f
R 1136 584 00000010 0000006f
R 1138 585 00000010 0000006f
R 1140 586 00000010 0000006f
R 1142 587 00000010 0000006f
R 1144 588 00000010 0000006f
R 1146 589 00000010 0000006f
R 1148 590 00000010 0000006f
R 1150 591 00000010 0000006f
R 1152 592 00000010 0000006f
R 1154 593 00000010 0000006f
R 1156 594 00000010 0000006f
R 1158 595 00000010 0000006f
R 1160 596 00000010 0000006f
R 1162 597 00000010 0000006f
R 1164 598 00000010 0000006f
R 1166 599 00000010 0000006f
R 1168 600 00000010 0000006f
R 1170 601 00000010 0000006f
R 1172 602 00000010 0000006f
R 1174 603 00000010 0000006f
R 1176 604 00000010 0000006f
R 1178 605 00000010 0000006f
R 1180 606 00000010 0000006f
R 1182 607 00000010 0000006f
R 1184 608 00000010 0000006f
R 1186 609 00000010 0000006f
R 1188 610 00000010 0000006f
R 1190 611 00000010 0000006f
R 1192 612 00000010 0000006f
R 1194 613 00000010 0000006f
R 1196 614 00000010 0000006f
R 1198 615 00000010 0000006f
REG 0 00000000
REG 1 00000208
REG 2 44332211
REG 3 000000a8
REG 4 00000000
REG 5 00000000
REG 6 00000000
REG 7 00000000
REG 8 00000000
REG 9 00000000
REG 10 00000002
REG 11 deadbeee
REG 12 00000000
REG 13 00000000
REG 14 00000000
REG 15 00000077
REG 16 00000000
REG 17 00000000
REG 18 00000000
REG 19 00000000
REG 20 00000000
REG 21 00000000
REG 22 00000000
REG 23 00000000
REG 24 00000000
REG 25 00000000
REG 26 00000000
REG 27 00000000
REG 28 00000000
REG 29 00000000
REG 30 00000000
REG 31 00000000
COUNTS sleep=1 clocks=1197 ai=1099 ab=0 am=0 ifetch=1196 data=1 bitmap=0 hit=0 miss=0 dummy=0 expanded=0 predict=0 mispredict=0 keys=0
FINISH
- /home/dungpc/ndmoney4porche/projects/ibex/doc/dungpc/secure_ibex/evidence/secure.harness.sv:217: Verilog $finish
