CONFIG SEC=1 CACHE=0 PRED=0 DUAL=0 MODE=0 ZC=0 SCR=0 ICECC=0 OFFSET=1 PMP=0
SAMPLE 3 ai=0 ab=0 am=0 pc=0 mismatch=0 rf=0 mode=0
SECDET 3 pc=0 rf=0 intg=0
C 3 00000000 0 0 0 1 0 0
LOCK 4 rst=0 cmp=a mismatch=0 rf=0 cap=0
SAMPLE 4 ai=0 ab=0 am=0 pc=0 mismatch=0 rf=0 mode=0
SECDET 4 pc=0 rf=0 intg=0
C 4 00000000 0 0 0 1 1 0
LOCK 5 rst=1 cmp=a mismatch=0 rf=0 cap=0
SAMPLE 5 ai=0 ab=0 am=0 pc=0 mismatch=0 rf=0 mode=0
SECDET 5 pc=0 rf=0 intg=0
C 5 00000000 0 0 0 0 4 0
LOCK 6 rst=1 cmp=5 mismatch=0 rf=0 cap=0
SAMPLE 6 ai=0 ab=0 am=0 pc=0 mismatch=0 rf=0 mode=0
CSRDBG 6 addr=002 priv=3 dec=0 csr=0 raw=1 pw=0 dbg=0 op=0
SECDET 6 pc=0 rf=0 intg=0
C 6 00000080 1 0 0 0 5 0
LOCK 7 rst=1 cmp=5 mismatch=0 rf=0 cap=0
SAMPLE 7 ai=0 ab=0 am=0 pc=0 mismatch=0 rf=0 mode=0
W 7 1 00000002 000000000
CSRDBG 7 addr=7c0 priv=3 dec=0 csr=0 raw=0 pw=0 dbg=0 op=1
SECDET 7 pc=0 rf=0 intg=0
C 7 00000084 1 0 0 0 5 0
LOCK 8 rst=1 cmp=5 mismatch=0 rf=0 cap=0
SAMPLE 8 ai=0 ab=0 am=0 pc=0 mismatch=0 rf=0 mode=0
CSRDBG 8 addr=7c0 priv=3 dec=0 csr=0 raw=0 pw=0 dbg=0 op=1
SECDET 8 pc=0 rf=0 intg=0
R 8 1 00000080 00200093
C 8 00000084 1 0 0 0 6 0
LOCK 9 rst=1 cmp=5 mismatch=0 rf=0 cap=0
SAMPLE 9 ai=0 ab=0 am=0 pc=0 mismatch=0 rf=0 mode=0
SECDET 9 pc=0 rf=0 intg=0
R 9 2 00000084 7c009073
C 9 00000084 0 0 0 0 5 0
LOCK 10 rst=1 cmp=5 mismatch=0 rf=0 cap=0
SAMPLE 10 ai=0 ab=0 am=0 pc=0 mismatch=0 rf=0 mode=0
CSRDBG 10 addr=001 priv=3 dec=0 csr=0 raw=1 pw=0 dbg=0 op=0
SECDET 10 pc=0 rf=0 intg=0
C 10 00000088 1 0 0 0 5 0
LOCK 11 rst=1 cmp=5 mismatch=0 rf=0 cap=0
SAMPLE 11 ai=0 ab=0 am=0 pc=0 mismatch=0 rf=0 mode=0
W 11 2 00000001 000000000
CSRDBG 11 addr=002 priv=3 dec=0 csr=0 raw=1 pw=0 dbg=0 op=0
SECDET 11 pc=0 rf=0 intg=0
C 11 0000008c 1 0 0 0 5 0
LOCK 12 rst=1 cmp=5 mismatch=0 rf=0 cap=0
SAMPLE 12 ai=0 ab=0 am=0 pc=0 mismatch=0 rf=0 mode=0
CSRDBG 12 addr=002 priv=3 dec=0 csr=0 raw=1 pw=0 dbg=0 op=0
SECDET 12 pc=0 rf=0 intg=0
R 12 3 00000088 00100113
C 12 0000008c 1 0 0 1 5 0
LOCK 13 rst=1 cmp=5 mismatch=0 rf=0 cap=0
SAMPLE 13 ai=0 ab=0 am=0 pc=0 mismatch=0 rf=0 mode=0
SECDET 13 pc=0 rf=0 intg=0
C 13 0000008c 0 0 0 0 5 0
LOCK 14 rst=1 cmp=5 mismatch=0 rf=0 cap=0
SAMPLE 14 ai=0 ab=0 am=0 pc=0 mismatch=0 rf=0 mode=0
CSRDBG 14 addr=07b priv=3 dec=0 csr=0 raw=1 pw=0 dbg=0 op=0
SECDET 14 pc=0 rf=0 intg=0
R 14 4 0000008c 00210463
C 14 00000094 1 0 0 0 5 0
LOCK 15 rst=1 cmp=5 mismatch=0 rf=0 cap=0
SAMPLE 15 ai=0 ab=0 am=0 pc=0 mismatch=0 rf=0 mode=0
W 15 15 0000007b 000000000
CSRDBG 15 addr=000 priv=3 dec=0 csr=0 raw=1 pw=0 dbg=0 op=0
SECDET 15 pc=0 rf=0 intg=0
C 15 00000098 1 0 0 1 5 0
LOCK 16 rst=1 cmp=5 mismatch=0 rf=0 cap=0
SAMPLE 16 ai=0 ab=0 am=0 pc=0 mismatch=0 rf=0 mode=0
SECDET 16 pc=0 rf=0 intg=0
R 16 5 00000094 07b00793
C 16 00000098 0 0 0 0 5 0
LOCK 17 rst=1 cmp=5 mismatch=0 rf=0 cap=0
SAMPLE 17 ai=0 ab=0 am=0 pc=0 mismatch=0 rf=0 mode=0
CSRDBG 17 addr=000 priv=3 dec=0 csr=0 raw=1 pw=0 dbg=0 op=0
SECDET 17 pc=0 rf=0 intg=0
R 17 6 00000098 0000006f
C 17 00000098 1 0 0 1 5 0
LOCK 18 rst=1 cmp=5 mismatch=0 rf=0 cap=0
SAMPLE 18 ai=0 ab=0 am=0 pc=0 mismatch=0 rf=0 mode=0
SECDET 18 pc=0 rf=0 intg=0
C 18 00000098 0 0 0 0 5 0
LOCK 19 rst=1 cmp=5 mismatch=0 rf=0 cap=0
SAMPLE 19 ai=0 ab=0 am=0 pc=0 mismatch=0 rf=0 mode=0
CSRDBG 19 addr=000 priv=3 dec=0 csr=0 raw=1 pw=0 dbg=0 op=0
SECDET 19 pc=0 rf=0 intg=0
R 19 7 00000098 0000006f
C 19 00000098 1 0 0 1 5 0
LOCK 20 rst=1 cmp=5 mismatch=0 rf=0 cap=0
SAMPLE 20 ai=0 ab=0 am=0 pc=0 mismatch=0 rf=0 mode=0
SECDET 20 pc=0 rf=0 intg=0
C 20 00000098 0 0 0 0 5 0
LOCK 21 rst=1 cmp=5 mismatch=0 rf=0 cap=0
SAMPLE 21 ai=0 ab=0 am=0 pc=0 mismatch=0 rf=0 mode=0
CSRDBG 21 addr=000 priv=3 dec=0 csr=0 raw=1 pw=0 dbg=0 op=0
SECDET 21 pc=0 rf=0 intg=0
R 21 8 00000098 0000006f
C 21 00000098 1 0 0 1 5 0
LOCK 22 rst=1 cmp=5 mismatch=0 rf=0 cap=0
SAMPLE 22 ai=0 ab=0 am=0 pc=0 mismatch=0 rf=0 mode=0
SECDET 22 pc=0 rf=0 intg=0
C 22 00000098 0 0 0 0 5 0
LOCK 23 rst=1 cmp=5 mismatch=0 rf=0 cap=0
SAMPLE 23 ai=0 ab=0 am=0 pc=0 mismatch=0 rf=0 mode=0
CSRDBG 23 addr=000 priv=3 dec=0 csr=0 raw=1 pw=0 dbg=0 op=0
SECDET 23 pc=0 rf=0 intg=0
R 23 9 00000098 0000006f
C 23 00000098 1 0 0 1 5 0
LOCK 24 rst=1 cmp=5 mismatch=0 rf=0 cap=0
SAMPLE 24 ai=0 ab=0 am=0 pc=0 mismatch=0 rf=0 mode=0
SECDET 24 pc=0 rf=0 intg=0
C 24 00000098 0 0 0 0 5 0
LOCK 25 rst=1 cmp=5 mismatch=0 rf=0 cap=0
SAMPLE 25 ai=0 ab=0 am=0 pc=0 mismatch=0 rf=0 mode=0
CSRDBG 25 addr=000 priv=3 dec=0 csr=0 raw=1 pw=0 dbg=0 op=0
SECDET 25 pc=0 rf=0 intg=0
R 25 10 00000098 0000006f
C 25 00000098 1 0 0 1 5 0
LOCK 26 rst=1 cmp=5 mismatch=0 rf=0 cap=0
SAMPLE 26 ai=0 ab=0 am=0 pc=0 mismatch=0 rf=0 mode=0
SECDET 26 pc=0 rf=0 intg=0
C 26 00000098 0 0 0 0 5 0
LOCK 27 rst=1 cmp=5 mismatch=0 rf=0 cap=0
SAMPLE 27 ai=0 ab=0 am=0 pc=0 mismatch=0 rf=0 mode=0
CSRDBG 27 addr=000 priv=3 dec=0 csr=0 raw=1 pw=0 dbg=0 op=0
SECDET 27 pc=0 rf=0 intg=0
R 27 11 00000098 0000006f
C 27 00000098 1 0 0 1 5 0
LOCK 28 rst=1 cmp=5 mismatch=0 rf=0 cap=0
SAMPLE 28 ai=0 ab=0 am=0 pc=0 mismatch=0 rf=0 mode=0
SECDET 28 pc=0 rf=0 intg=0
C 28 00000098 0 0 0 0 5 0
LOCK 29 rst=1 cmp=5 mismatch=0 rf=0 cap=0
SAMPLE 29 ai=0 ab=0 am=0 pc=0 mismatch=0 rf=0 mode=0
CSRDBG 29 addr=000 priv=3 dec=0 csr=0 raw=1 pw=0 dbg=0 op=0
SECDET 29 pc=0 rf=0 intg=0
R 29 12 00000098 0000006f
C 29 00000098 1 0 0 1 5 0
LOCK 30 rst=1 cmp=5 mismatch=0 rf=0 cap=0
SAMPLE 30 ai=0 ab=0 am=0 pc=0 mismatch=0 rf=0 mode=0
SECDET 30 pc=0 rf=0 intg=0
C 30 00000098 0 0 0 0 5 0
LOCK 31 rst=1 cmp=5 mismatch=0 rf=0 cap=0
SAMPLE 31 ai=0 ab=0 am=0 pc=0 mismatch=0 rf=0 mode=0
CSRDBG 31 addr=000 priv=3 dec=0 csr=0 raw=1 pw=0 dbg=0 op=0
SECDET 31 pc=0 rf=0 intg=0
R 31 13 00000098 0000006f
C 31 00000098 1 0 0 1 5 0
LOCK 32 rst=1 cmp=5 mismatch=0 rf=0 cap=0
SAMPLE 32 ai=0 ab=0 am=0 pc=0 mismatch=0 rf=0 mode=0
SECDET 32 pc=0 rf=0 intg=0
C 32 00000098 0 0 0 0 5 0
LOCK 33 rst=1 cmp=5 mismatch=0 rf=0 cap=0
SAMPLE 33 ai=0 ab=0 am=0 pc=0 mismatch=0 rf=0 mode=0
CSRDBG 33 addr=000 priv=3 dec=0 csr=0 raw=1 pw=0 dbg=0 op=0
SECDET 33 pc=0 rf=0 intg=0
R 33 14 00000098 0000006f
C 33 00000098 1 0 0 1 5 0
LOCK 34 rst=1 cmp=5 mismatch=0 rf=0 cap=0
SAMPLE 34 ai=0 ab=0 am=0 pc=0 mismatch=0 rf=0 mode=0
SECDET 34 pc=0 rf=0 intg=0
C 34 00000098 0 0 0 0 5 0
LOCK 35 rst=1 cmp=5 mismatch=0 rf=0 cap=0
SAMPLE 35 ai=0 ab=0 am=0 pc=0 mismatch=0 rf=0 mode=0
CSRDBG 35 addr=000 priv=3 dec=0 csr=0 raw=1 pw=0 dbg=0 op=0
SECDET 35 pc=0 rf=0 intg=0
R 35 15 00000098 0000006f
C 35 00000098 1 0 0 1 5 0
LOCK 36 rst=1 cmp=5 mismatch=0 rf=0 cap=0
SAMPLE 36 ai=0 ab=0 am=0 pc=0 mismatch=0 rf=0 mode=0
SECDET 36 pc=0 rf=0 intg=0
C 36 00000098 0 0 0 0 5 0
LOCK 37 rst=1 cmp=5 mismatch=0 rf=0 cap=0
SAMPLE 37 ai=0 ab=0 am=0 pc=0 mismatch=0 rf=0 mode=0
CSRDBG 37 addr=000 priv=3 dec=0 csr=0 raw=1 pw=0 dbg=0 op=0
SECDET 37 pc=0 rf=0 intg=0
R 37 16 00000098 0000006f
C 37 00000098 1 0 0 1 5 0
LOCK 38 rst=1 cmp=5 mismatch=0 rf=0 cap=0
SAMPLE 38 ai=0 ab=0 am=0 pc=0 mismatch=0 rf=0 mode=0
SECDET 38 pc=0 rf=0 intg=0
C 38 00000098 0 0 0 0 5 0
LOCK 39 rst=1 cmp=5 mismatch=0 rf=0 cap=0
SAMPLE 39 ai=0 ab=0 am=0 pc=0 mismatch=0 rf=0 mode=0
CSRDBG 39 addr=000 priv=3 dec=0 csr=0 raw=1 pw=0 dbg=0 op=0
SECDET 39 pc=0 rf=0 intg=0
R 39 17 00000098 0000006f
C 39 00000098 1 0 0 1 5 0
LOCK 40 rst=1 cmp=5 mismatch=0 rf=0 cap=0
SAMPLE 40 ai=0 ab=0 am=0 pc=0 mismatch=0 rf=0 mode=0
SECDET 40 pc=0 rf=0 intg=0
C 40 00000098 0 0 0 0 5 0
LOCK 41 rst=1 cmp=5 mismatch=0 rf=0 cap=0
SAMPLE 41 ai=0 ab=0 am=0 pc=0 mismatch=0 rf=0 mode=0
CSRDBG 41 addr=000 priv=3 dec=0 csr=0 raw=1 pw=0 dbg=0 op=0
SECDET 41 pc=0 rf=0 intg=0
R 41 18 00000098 0000006f
C 41 00000098 1 0 0 1 5 0
LOCK 42 rst=1 cmp=5 mismatch=0 rf=0 cap=0
SAMPLE 42 ai=0 ab=0 am=0 pc=0 mismatch=0 rf=0 mode=0
SECDET 42 pc=0 rf=0 intg=0
C 42 00000098 0 0 0 0 5 0
LOCK 43 rst=1 cmp=5 mismatch=0 rf=0 cap=0
SAMPLE 43 ai=0 ab=0 am=0 pc=0 mismatch=0 rf=0 mode=0
CSRDBG 43 addr=000 priv=3 dec=0 csr=0 raw=1 pw=0 dbg=0 op=0
SECDET 43 pc=0 rf=0 intg=0
R 43 19 00000098 0000006f
C 43 00000098 1 0 0 1 5 0
LOCK 44 rst=1 cmp=5 mismatch=0 rf=0 cap=0
SAMPLE 44 ai=0 ab=0 am=0 pc=0 mismatch=0 rf=0 mode=0
SECDET 44 pc=0 rf=0 intg=0
C 44 00000098 0 0 0 0 5 0
LOCK 45 rst=1 cmp=5 mismatch=0 rf=0 cap=0
SAMPLE 45 ai=0 ab=0 am=0 pc=0 mismatch=0 rf=0 mode=0
CSRDBG 45 addr=000 priv=3 dec=0 csr=0 raw=1 pw=0 dbg=0 op=0
SECDET 45 pc=0 rf=0 intg=0
R 45 20 00000098 0000006f
C 45 00000098 1 0 0 1 5 0
LOCK 46 rst=1 cmp=5 mismatch=0 rf=0 cap=0
SAMPLE 46 ai=0 ab=0 am=0 pc=0 mismatch=0 rf=0 mode=0
SECDET 46 pc=0 rf=0 intg=0
C 46 00000098 0 0 0 0 5 0
LOCK 47 rst=1 cmp=5 mismatch=0 rf=0 cap=0
SAMPLE 47 ai=0 ab=0 am=0 pc=0 mismatch=0 rf=0 mode=0
CSRDBG 47 addr=000 priv=3 dec=0 csr=0 raw=1 pw=0 dbg=0 op=0
SECDET 47 pc=0 rf=0 intg=0
R 47 21 00000098 0000006f
C 47 00000098 1 0 0 1 5 0
LOCK 48 rst=1 cmp=5 mismatch=0 rf=0 cap=0
SAMPLE 48 ai=0 ab=0 am=0 pc=0 mismatch=0 rf=0 mode=0
SECDET 48 pc=0 rf=0 intg=0
C 48 00000098 0 0 0 0 5 0
LOCK 49 rst=1 cmp=5 mismatch=0 rf=0 cap=0
SAMPLE 49 ai=0 ab=0 am=0 pc=0 mismatch=0 rf=0 mode=0
CSRDBG 49 addr=000 priv=3 dec=0 csr=0 raw=1 pw=0 dbg=0 op=0
SECDET 49 pc=0 rf=0 intg=0
R 49 22 00000098 0000006f
C 49 00000098 1 0 0 1 5 0
LOCK 50 rst=1 cmp=5 mismatch=0 rf=0 cap=0
SAMPLE 50 ai=0 ab=0 am=0 pc=0 mismatch=0 rf=0 mode=0
SECDET 50 pc=0 rf=0 intg=0
C 50 00000098 0 0 0 0 5 0
LOCK 51 rst=1 cmp=5 mismatch=0 rf=0 cap=0
SAMPLE 51 ai=0 ab=0 am=0 pc=0 mismatch=0 rf=0 mode=0
CSRDBG 51 addr=000 priv=3 dec=0 csr=0 raw=1 pw=0 dbg=0 op=0
SECDET 51 pc=0 rf=0 intg=0
R 51 23 00000098 0000006f
C 51 00000098 1 0 0 1 5 0
LOCK 52 rst=1 cmp=5 mismatch=0 rf=0 cap=0
SAMPLE 52 ai=0 ab=0 am=0 pc=0 mismatch=0 rf=0 mode=0
SECDET 52 pc=0 rf=0 intg=0
C 52 00000098 0 0 0 0 5 0
LOCK 53 rst=1 cmp=5 mismatch=0 rf=0 cap=0
SAMPLE 53 ai=0 ab=0 am=0 pc=0 mismatch=0 rf=0 mode=0
CSRDBG 53 addr=000 priv=3 dec=0 csr=0 raw=1 pw=0 dbg=0 op=0
SECDET 53 pc=0 rf=0 intg=0
R 53 24 00000098 0000006f
C 53 00000098 1 0 0 1 5 0
LOCK 54 rst=1 cmp=5 mismatch=0 rf=0 cap=0
SAMPLE 54 ai=0 ab=0 am=0 pc=0 mismatch=0 rf=0 mode=0
SECDET 54 pc=0 rf=0 intg=0
C 54 00000098 0 0 0 0 5 0
LOCK 55 rst=1 cmp=5 mismatch=0 rf=0 cap=0
SAMPLE 55 ai=0 ab=0 am=0 pc=0 mismatch=0 rf=0 mode=0
CSRDBG 55 addr=000 priv=3 dec=0 csr=0 raw=1 pw=0 dbg=0 op=0
SECDET 55 pc=0 rf=0 intg=0
R 55 25 00000098 0000006f
C 55 00000098 1 0 0 1 5 0
LOCK 56 rst=1 cmp=5 mismatch=0 rf=0 cap=0
SAMPLE 56 ai=0 ab=0 am=0 pc=0 mismatch=0 rf=0 mode=0
SECDET 56 pc=0 rf=0 intg=0
C 56 00000098 0 0 0 0 5 0
LOCK 57 rst=1 cmp=5 mismatch=0 rf=0 cap=0
SAMPLE 57 ai=0 ab=0 am=0 pc=0 mismatch=0 rf=0 mode=0
CSRDBG 57 addr=000 priv=3 dec=0 csr=0 raw=1 pw=0 dbg=0 op=0
SECDET 57 pc=0 rf=0 intg=0
R 57 26 00000098 0000006f
C 57 00000098 1 0 0 1 5 0
LOCK 58 rst=1 cmp=5 mismatch=0 rf=0 cap=0
SAMPLE 58 ai=0 ab=0 am=0 pc=0 mismatch=0 rf=0 mode=0
SECDET 58 pc=0 rf=0 intg=0
C 58 00000098 0 0 0 0 5 0
LOCK 59 rst=1 cmp=5 mismatch=0 rf=0 cap=0
SAMPLE 59 ai=0 ab=0 am=0 pc=0 mismatch=0 rf=0 mode=0
CSRDBG 59 addr=000 priv=3 dec=0 csr=0 raw=1 pw=0 dbg=0 op=0
SECDET 59 pc=0 rf=0 intg=0
R 59 27 00000098 0000006f
C 59 00000098 1 0 0 1 5 0
LOCK 60 rst=1 cmp=5 mismatch=0 rf=0 cap=0
SAMPLE 60 ai=0 ab=0 am=0 pc=0 mismatch=0 rf=0 mode=0
SECDET 60 pc=0 rf=0 intg=0
C 60 00000098 0 0 0 0 5 0
LOCK 61 rst=1 cmp=5 mismatch=0 rf=0 cap=0
SAMPLE 61 ai=0 ab=0 am=0 pc=0 mismatch=0 rf=0 mode=0
CSRDBG 61 addr=000 priv=3 dec=0 csr=0 raw=1 pw=0 dbg=0 op=0
SECDET 61 pc=0 rf=0 intg=0
R 61 28 00000098 0000006f
C 61 00000098 1 0 0 1 5 0
LOCK 62 rst=1 cmp=5 mismatch=0 rf=0 cap=0
SAMPLE 62 ai=0 ab=0 am=0 pc=0 mismatch=0 rf=0 mode=0
SECDET 62 pc=0 rf=0 intg=0
C 62 00000098 0 0 0 0 5 0
LOCK 63 rst=1 cmp=5 mismatch=0 rf=0 cap=0
SAMPLE 63 ai=0 ab=0 am=0 pc=0 mismatch=0 rf=0 mode=0
CSRDBG 63 addr=000 priv=3 dec=0 csr=0 raw=1 pw=0 dbg=0 op=0
SECDET 63 pc=0 rf=0 intg=0
R 63 29 00000098 0000006f
C 63 00000098 1 0 0 1 5 0
LOCK 64 rst=1 cmp=5 mismatch=0 rf=0 cap=0
SAMPLE 64 ai=0 ab=0 am=0 pc=0 mismatch=0 rf=0 mode=0
SECDET 64 pc=0 rf=0 intg=0
C 64 00000098 0 0 0 0 5 0
LOCK 65 rst=1 cmp=5 mismatch=0 rf=0 cap=0
SAMPLE 65 ai=0 ab=0 am=0 pc=0 mismatch=0 rf=0 mode=0
CSRDBG 65 addr=000 priv=3 dec=0 csr=0 raw=1 pw=0 dbg=0 op=0
SECDET 65 pc=0 rf=0 intg=0
R 65 30 00000098 0000006f
C 65 00000098 1 0 0 1 5 0
LOCK 66 rst=1 cmp=5 mismatch=0 rf=0 cap=0
SAMPLE 66 ai=0 ab=0 am=0 pc=0 mismatch=0 rf=0 mode=0
SECDET 66 pc=0 rf=0 intg=0
C 66 00000098 0 0 0 0 5 0
LOCK 67 rst=1 cmp=5 mismatch=0 rf=0 cap=0
SAMPLE 67 ai=0 ab=0 am=0 pc=0 mismatch=0 rf=0 mode=0
CSRDBG 67 addr=000 priv=3 dec=0 csr=0 raw=1 pw=0 dbg=0 op=0
SECDET 67 pc=0 rf=0 intg=0
R 67 31 00000098 0000006f
C 67 00000098 1 0 0 1 5 0
LOCK 68 rst=1 cmp=5 mismatch=0 rf=0 cap=0
SAMPLE 68 ai=0 ab=0 am=0 pc=0 mismatch=0 rf=0 mode=0
SECDET 68 pc=0 rf=0 intg=0
C 68 00000098 0 0 0 0 5 0
LOCK 69 rst=1 cmp=5 mismatch=0 rf=0 cap=0
SAMPLE 69 ai=0 ab=0 am=0 pc=0 mismatch=0 rf=0 mode=0
CSRDBG 69 addr=000 priv=3 dec=0 csr=0 raw=1 pw=0 dbg=0 op=0
SECDET 69 pc=0 rf=0 intg=0
R 69 32 00000098 0000006f
C 69 00000098 1 0 0 1 5 0
LOCK 70 rst=1 cmp=5 mismatch=0 rf=0 cap=0
SAMPLE 70 ai=0 ab=0 am=0 pc=0 mismatch=0 rf=0 mode=0
SECDET 70 pc=0 rf=0 intg=0
C 70 00000098 0 0 0 0 5 0
LOCK 71 rst=1 cmp=5 mismatch=0 rf=0 cap=0
SAMPLE 71 ai=0 ab=0 am=0 pc=0 mismatch=0 rf=0 mode=0
CSRDBG 71 addr=000 priv=3 dec=0 csr=0 raw=1 pw=0 dbg=0 op=0
SECDET 71 pc=0 rf=0 intg=0
R 71 33 00000098 0000006f
C 71 00000098 1 0 0 1 5 0
LOCK 72 rst=1 cmp=5 mismatch=0 rf=0 cap=0
SAMPLE 72 ai=0 ab=0 am=0 pc=0 mismatch=0 rf=0 mode=0
SECDET 72 pc=0 rf=0 intg=0
C 72 00000098 0 0 0 0 5 0
LOCK 73 rst=1 cmp=5 mismatch=0 rf=0 cap=0
SAMPLE 73 ai=0 ab=0 am=0 pc=0 mismatch=0 rf=0 mode=0
CSRDBG 73 addr=000 priv=3 dec=0 csr=0 raw=1 pw=0 dbg=0 op=0
SECDET 73 pc=0 rf=0 intg=0
R 73 34 00000098 0000006f
C 73 00000098 1 0 0 1 5 0
LOCK 74 rst=1 cmp=5 mismatch=0 rf=0 cap=0
SAMPLE 74 ai=0 ab=0 am=0 pc=0 mismatch=0 rf=0 mode=0
SECDET 74 pc=0 rf=0 intg=0
C 74 00000098 0 0 0 0 5 0
LOCK 75 rst=1 cmp=5 mismatch=0 rf=0 cap=0
SAMPLE 75 ai=0 ab=0 am=0 pc=0 mismatch=0 rf=0 mode=0
CSRDBG 75 addr=000 priv=3 dec=0 csr=0 raw=1 pw=0 dbg=0 op=0
SECDET 75 pc=0 rf=0 intg=0
R 75 35 00000098 0000006f
C 75 00000098 1 0 0 1 5 0
LOCK 76 rst=1 cmp=5 mismatch=0 rf=0 cap=0
SAMPLE 76 ai=0 ab=0 am=0 pc=0 mismatch=0 rf=0 mode=0
SECDET 76 pc=0 rf=0 intg=0
C 76 00000098 0 0 0 0 5 0
LOCK 77 rst=1 cmp=5 mismatch=0 rf=0 cap=0
SAMPLE 77 ai=0 ab=0 am=0 pc=0 mismatch=0 rf=0 mode=0
CSRDBG 77 addr=000 priv=3 dec=0 csr=0 raw=1 pw=0 dbg=0 op=0
SECDET 77 pc=0 rf=0 intg=0
R 77 36 00000098 0000006f
C 77 00000098 1 0 0 1 5 0
LOCK 78 rst=1 cmp=5 mismatch=0 rf=0 cap=0
SAMPLE 78 ai=0 ab=0 am=0 pc=0 mismatch=0 rf=0 mode=0
SECDET 78 pc=0 rf=0 intg=0
C 78 00000098 0 0 0 0 5 0
LOCK 79 rst=1 cmp=5 mismatch=0 rf=0 cap=0
SAMPLE 79 ai=0 ab=0 am=0 pc=0 mismatch=0 rf=0 mode=0
CSRDBG 79 addr=000 priv=3 dec=0 csr=0 raw=1 pw=0 dbg=0 op=0
SECDET 79 pc=0 rf=0 intg=0
R 79 37 00000098 0000006f
C 79 00000098 1 0 0 1 5 0
LOCK 80 rst=1 cmp=5 mismatch=0 rf=0 cap=0
SAMPLE 80 ai=0 ab=0 am=0 pc=0 mismatch=0 rf=0 mode=0
SECDET 80 pc=0 rf=0 intg=0
C 80 00000098 0 0 0 0 5 0
LOCK 81 rst=1 cmp=5 mismatch=0 rf=0 cap=0
SAMPLE 81 ai=0 ab=0 am=0 pc=0 mismatch=0 rf=0 mode=0
SECDET 81 pc=0 rf=0 intg=0
R 81 38 00000098 0000006f
C 81 00000098 1 0 0 1 5 0
LOCK 82 rst=1 cmp=5 mismatch=0 rf=0 cap=0
SAMPLE 82 ai=0 ab=0 am=0 pc=0 mismatch=0 rf=0 mode=0
SECDET 82 pc=0 rf=0 intg=0
C 82 00000098 0 0 0 0 5 0
LOCK 83 rst=1 cmp=5 mismatch=0 rf=0 cap=0
SAMPLE 83 ai=0 ab=0 am=0 pc=0 mismatch=0 rf=0 mode=0
SECDET 83 pc=0 rf=0 intg=0
R 83 39 00000098 0000006f
C 83 00000098 1 0 0 1 5 0
LOCK 84 rst=1 cmp=5 mismatch=0 rf=0 cap=0
SAMPLE 84 ai=0 ab=0 am=0 pc=0 mismatch=0 rf=0 mode=0
SECDET 84 pc=0 rf=0 intg=0
C 84 00000098 0 0 0 0 5 0
LOCK 85 rst=1 cmp=5 mismatch=0 rf=0 cap=0
SAMPLE 85 ai=0 ab=0 am=0 pc=0 mismatch=0 rf=0 mode=0
SECDET 85 pc=0 rf=0 intg=0
R 85 40 00000098 0000006f
C 85 00000098 1 0 0 1 5 0
LOCK 86 rst=1 cmp=5 mismatch=0 rf=0 cap=0
SAMPLE 86 ai=0 ab=0 am=0 pc=0 mismatch=0 rf=0 mode=0
SECDET 86 pc=0 rf=0 intg=0
C 86 00000098 0 0 0 0 5 0
LOCK 87 rst=1 cmp=5 mismatch=0 rf=0 cap=0
SAMPLE 87 ai=0 ab=0 am=0 pc=0 mismatch=0 rf=0 mode=0
SECDET 87 pc=0 rf=0 intg=0
R 87 41 00000098 0000006f
C 87 00000098 1 0 0 1 5 0
LOCK 88 rst=1 cmp=5 mismatch=0 rf=0 cap=0
SAMPLE 88 ai=0 ab=0 am=0 pc=0 mismatch=0 rf=0 mode=0
SECDET 88 pc=0 rf=0 intg=0
C 88 00000098 0 0 0 0 5 0
LOCK 89 rst=1 cmp=5 mismatch=0 rf=0 cap=0
SAMPLE 89 ai=0 ab=0 am=0 pc=0 mismatch=0 rf=0 mode=0
SECDET 89 pc=0 rf=0 intg=0
R 89 42 00000098 0000006f
C 89 00000098 1 0 0 1 5 0
LOCK 90 rst=1 cmp=5 mismatch=0 rf=0 cap=0
SAMPLE 90 ai=0 ab=0 am=0 pc=0 mismatch=0 rf=0 mode=0
SECDET 90 pc=0 rf=0 intg=0
C 90 00000098 0 0 0 0 5 0
LOCK 91 rst=1 cmp=5 mismatch=0 rf=0 cap=0
SAMPLE 91 ai=0 ab=0 am=0 pc=0 mismatch=0 rf=0 mode=0
SECDET 91 pc=0 rf=0 intg=0
R 91 43 00000098 0000006f
C 91 00000098 1 0 0 1 5 0
LOCK 92 rst=1 cmp=5 mismatch=0 rf=0 cap=0
SAMPLE 92 ai=0 ab=0 am=0 pc=0 mismatch=0 rf=0 mode=0
SECDET 92 pc=0 rf=0 intg=0
C 92 00000098 0 0 0 0 5 0
LOCK 93 rst=1 cmp=5 mismatch=0 rf=0 cap=0
SAMPLE 93 ai=0 ab=0 am=0 pc=0 mismatch=0 rf=0 mode=0
SECDET 93 pc=0 rf=0 intg=0
R 93 44 00000098 0000006f
C 93 00000098 1 0 0 1 5 0
LOCK 94 rst=1 cmp=5 mismatch=0 rf=0 cap=0
SAMPLE 94 ai=0 ab=0 am=0 pc=0 mismatch=0 rf=0 mode=0
SECDET 94 pc=0 rf=0 intg=0
C 94 00000098 0 0 0 0 5 0
LOCK 95 rst=1 cmp=5 mismatch=0 rf=0 cap=0
SAMPLE 95 ai=0 ab=0 am=0 pc=0 mismatch=0 rf=0 mode=0
SECDET 95 pc=0 rf=0 intg=0
R 95 45 00000098 0000006f
C 95 00000098 1 0 0 1 5 0
LOCK 96 rst=1 cmp=5 mismatch=0 rf=0 cap=0
SAMPLE 96 ai=0 ab=0 am=0 pc=0 mismatch=0 rf=0 mode=0
SECDET 96 pc=0 rf=0 intg=0
C 96 00000098 0 0 0 0 5 0
LOCK 97 rst=1 cmp=5 mismatch=0 rf=0 cap=0
SAMPLE 97 ai=0 ab=0 am=0 pc=0 mismatch=0 rf=0 mode=0
SECDET 97 pc=0 rf=0 intg=0
R 97 46 00000098 0000006f
C 97 00000098 1 0 0 1 5 0
LOCK 98 rst=1 cmp=5 mismatch=0 rf=0 cap=0
SAMPLE 98 ai=0 ab=0 am=0 pc=0 mismatch=0 rf=0 mode=0
SECDET 98 pc=0 rf=0 intg=0
C 98 00000098 0 0 0 0 5 0
LOCK 99 rst=1 cmp=5 mismatch=0 rf=0 cap=0
SAMPLE 99 ai=0 ab=0 am=0 pc=0 mismatch=0 rf=0 mode=0
SECDET 99 pc=0 rf=0 intg=0
R 99 47 00000098 0000006f
C 99 00000098 1 0 0 1 5 0
LOCK 100 rst=1 cmp=5 mismatch=0 rf=0 cap=0
SAMPLE 100 ai=0 ab=0 am=0 pc=0 mismatch=0 rf=0 mode=0
SECDET 100 pc=0 rf=0 intg=0
C 100 00000098 0 0 0 0 5 0
LOCK 101 rst=1 cmp=5 mismatch=0 rf=0 cap=0
SAMPLE 101 ai=0 ab=0 am=0 pc=0 mismatch=0 rf=0 mode=0
SECDET 101 pc=0 rf=0 intg=0
R 101 48 00000098 0000006f
C 101 00000098 1 0 0 1 5 0
LOCK 102 rst=1 cmp=5 mismatch=0 rf=0 cap=0
SAMPLE 102 ai=0 ab=0 am=0 pc=0 mismatch=0 rf=0 mode=0
SECDET 102 pc=0 rf=0 intg=0
C 102 00000098 0 0 0 0 5 0
LOCK 103 rst=1 cmp=5 mismatch=0 rf=0 cap=0
SAMPLE 103 ai=0 ab=0 am=0 pc=0 mismatch=0 rf=0 mode=0
SECDET 103 pc=0 rf=0 intg=0
R 103 49 00000098 0000006f
C 103 00000098 1 0 0 1 5 0
LOCK 104 rst=1 cmp=5 mismatch=0 rf=0 cap=0
SAMPLE 104 ai=0 ab=0 am=0 pc=0 mismatch=0 rf=0 mode=0
SECDET 104 pc=0 rf=0 intg=0
C 104 00000098 0 0 0 0 5 0
LOCK 105 rst=1 cmp=5 mismatch=0 rf=0 cap=0
SAMPLE 105 ai=0 ab=0 am=0 pc=0 mismatch=0 rf=0 mode=0
SECDET 105 pc=0 rf=0 intg=0
R 105 50 00000098 0000006f
C 105 00000098 1 0 0 1 5 0
LOCK 106 rst=1 cmp=5 mismatch=0 rf=0 cap=0
SAMPLE 106 ai=0 ab=0 am=0 pc=0 mismatch=0 rf=0 mode=0
SECDET 106 pc=0 rf=0 intg=0
C 106 00000098 0 0 0 0 5 0
LOCK 107 rst=1 cmp=5 mismatch=0 rf=0 cap=0
SAMPLE 107 ai=0 ab=0 am=0 pc=0 mismatch=0 rf=0 mode=0
SECDET 107 pc=0 rf=0 intg=0
R 107 51 00000098 0000006f
C 107 00000098 1 0 0 1 5 0
LOCK 108 rst=1 cmp=5 mismatch=0 rf=0 cap=0
SAMPLE 108 ai=0 ab=0 am=0 pc=0 mismatch=0 rf=0 mode=0
SECDET 108 pc=0 rf=0 intg=0
C 108 00000098 0 0 0 0 5 0
LOCK 109 rst=1 cmp=5 mismatch=0 rf=0 cap=0
SAMPLE 109 ai=0 ab=0 am=0 pc=0 mismatch=0 rf=0 mode=0
SECDET 109 pc=0 rf=0 intg=0
R 109 52 00000098 0000006f
C 109 00000098 1 0 0 1 5 0
LOCK 110 rst=1 cmp=5 mismatch=0 rf=0 cap=0
SAMPLE 110 ai=0 ab=0 am=0 pc=0 mismatch=0 rf=0 mode=0
SECDET 110 pc=0 rf=0 intg=0
C 110 00000098 0 0 0 0 5 0
LOCK 111 rst=1 cmp=5 mismatch=0 rf=0 cap=0
SAMPLE 111 ai=0 ab=0 am=0 pc=0 mismatch=0 rf=0 mode=0
SECDET 111 pc=0 rf=0 intg=0
R 111 53 00000098 0000006f
C 111 00000098 1 0 0 1 5 0
LOCK 112 rst=1 cmp=5 mismatch=0 rf=0 cap=0
SAMPLE 112 ai=0 ab=0 am=0 pc=0 mismatch=0 rf=0 mode=0
SECDET 112 pc=0 rf=0 intg=0
C 112 00000098 0 0 0 0 5 0
LOCK 113 rst=1 cmp=5 mismatch=0 rf=0 cap=0
SAMPLE 113 ai=0 ab=0 am=0 pc=0 mismatch=0 rf=0 mode=0
SECDET 113 pc=0 rf=0 intg=0
R 113 54 00000098 0000006f
C 113 00000098 1 0 0 1 5 0
LOCK 114 rst=1 cmp=5 mismatch=0 rf=0 cap=0
SAMPLE 114 ai=0 ab=0 am=0 pc=0 mismatch=0 rf=0 mode=0
SECDET 114 pc=0 rf=0 intg=0
C 114 00000098 0 0 0 0 5 0
LOCK 115 rst=1 cmp=5 mismatch=0 rf=0 cap=0
SAMPLE 115 ai=0 ab=0 am=0 pc=0 mismatch=0 rf=0 mode=0
SECDET 115 pc=0 rf=0 intg=0
R 115 55 00000098 0000006f
C 115 00000098 1 0 0 1 5 0
LOCK 116 rst=1 cmp=5 mismatch=0 rf=0 cap=0
SAMPLE 116 ai=0 ab=0 am=0 pc=0 mismatch=0 rf=0 mode=0
SECDET 116 pc=0 rf=0 intg=0
C 116 00000098 0 0 0 0 5 0
LOCK 117 rst=1 cmp=5 mismatch=0 rf=0 cap=0
SAMPLE 117 ai=0 ab=0 am=0 pc=0 mismatch=0 rf=0 mode=0
SECDET 117 pc=0 rf=0 intg=0
R 117 56 00000098 0000006f
C 117 00000098 1 0 0 1 5 0
LOCK 118 rst=1 cmp=5 mismatch=0 rf=0 cap=0
SAMPLE 118 ai=0 ab=0 am=0 pc=0 mismatch=0 rf=0 mode=0
SECDET 118 pc=0 rf=0 intg=0
C 118 00000098 0 0 0 0 5 0
LOCK 119 rst=1 cmp=5 mismatch=0 rf=0 cap=0
SAMPLE 119 ai=0 ab=0 am=0 pc=0 mismatch=0 rf=0 mode=0
SECDET 119 pc=0 rf=0 intg=0
R 119 57 00000098 0000006f
C 119 00000098 1 0 0 1 5 0
C 120 00000098 0 0 0 0 5 0
R 121 58 00000098 0000006f
C 121 00000098 1 0 0 1 5 0
C 122 00000098 0 0 0 0 5 0
R 123 59 00000098 0000006f
C 123 00000098 1 0 0 1 5 0
C 124 00000098 0 0 0 0 5 0
R 125 60 00000098 0000006f
C 125 00000098 1 0 0 1 5 0
C 126 00000098 0 0 0 0 5 0
R 127 61 00000098 0000006f
C 127 00000098 1 0 0 1 5 0
C 128 00000098 0 0 0 0 5 0
R 129 62 00000098 0000006f
C 129 00000098 1 0 0 1 5 0
C 130 00000098 0 0 0 0 5 0
R 131 63 00000098 0000006f
C 131 00000098 1 0 0 1 5 0
C 132 00000098 0 0 0 0 5 0
R 133 64 00000098 0000006f
C 133 00000098 1 0 0 1 5 0
C 134 00000098 0 0 0 0 5 0
R 135 65 00000098 0000006f
C 135 00000098 1 0 0 1 5 0
C 136 00000098 0 0 0 0 5 0
R 137 66 00000098 0000006f
C 137 00000098 1 0 0 1 5 0
C 138 00000098 0 0 0 0 5 0
R 139 67 00000098 0000006f
C 139 00000098 1 0 0 1 5 0
C 140 00000098 0 0 0 0 5 0
R 141 68 00000098 0000006f
C 141 00000098 1 0 0 1 5 0
C 142 00000098 0 0 0 0 5 0
R 143 69 00000098 0000006f
C 143 00000098 1 0 0 1 5 0
C 144 00000098 0 0 0 0 5 0
R 145 70 00000098 0000006f
C 145 00000098 1 0 0 1 5 0
C 146 00000098 0 0 0 0 5 0
R 147 71 00000098 0000006f
C 147 00000098 1 0 0 1 5 0
C 148 00000098 0 0 0 0 5 0
R 149 72 00000098 0000006f
C 149 00000098 1 0 0 1 5 0
C 150 00000098 0 0 0 0 5 0
R 151 73 00000098 0000006f
C 151 00000098 1 0 0 1 5 0
C 152 00000098 0 0 0 0 5 0
R 153 74 00000098 0000006f
C 153 00000098 1 0 0 1 5 0
C 154 00000098 0 0 0 0 5 0
R 155 75 00000098 0000006f
C 155 00000098 1 0 0 1 5 0
C 156 00000098 0 0 0 0 5 0
R 157 76 00000098 0000006f
C 157 00000098 1 0 0 1 5 0
C 158 00000098 0 0 0 0 5 0
R 159 77 00000098 0000006f
C 159 00000098 1 0 0 1 5 0
C 160 00000098 0 0 0 0 5 0
R 161 78 00000098 0000006f
C 161 00000098 1 0 0 1 5 0
C 162 00000098 0 0 0 0 5 0
R 163 79 00000098 0000006f
C 163 00000098 1 0 0 1 5 0
C 164 00000098 0 0 0 0 5 0
R 165 80 00000098 0000006f
C 165 00000098 1 0 0 1 5 0
C 166 00000098 0 0 0 0 5 0
R 167 81 00000098 0000006f
C 167 00000098 1 0 0 1 5 0
C 168 00000098 0 0 0 0 5 0
R 169 82 00000098 0000006f
C 169 00000098 1 0 0 1 5 0
C 170 00000098 0 0 0 0 5 0
R 171 83 00000098 0000006f
C 171 00000098 1 0 0 1 5 0
C 172 00000098 0 0 0 0 5 0
R 173 84 00000098 0000006f
C 173 00000098 1 0 0 1 5 0
C 174 00000098 0 0 0 0 5 0
R 175 85 00000098 0000006f
C 175 00000098 1 0 0 1 5 0
C 176 00000098 0 0 0 0 5 0
R 177 86 00000098 0000006f
C 177 00000098 1 0 0 1 5 0
C 178 00000098 0 0 0 0 5 0
R 179 87 00000098 0000006f
C 179 00000098 1 0 0 1 5 0
R 181 88 00000098 0000006f
R 183 89 00000098 0000006f
R 185 90 00000098 0000006f
R 187 91 00000098 0000006f
R 189 92 00000098 0000006f
R 191 93 00000098 0000006f
R 193 94 00000098 0000006f
R 195 95 00000098 0000006f
R 197 96 00000098 0000006f
R 199 97 00000098 0000006f
R 201 98 00000098 0000006f
R 203 99 00000098 0000006f
R 205 100 00000098 0000006f
R 207 101 00000098 0000006f
R 209 102 00000098 0000006f
R 211 103 00000098 0000006f
R 213 104 00000098 0000006f
R 215 105 00000098 0000006f
R 217 106 00000098 0000006f
R 219 107 00000098 0000006f
R 221 108 00000098 0000006f
R 223 109 00000098 0000006f
R 225 110 00000098 0000006f
R 227 111 00000098 0000006f
R 229 112 00000098 0000006f
R 231 113 00000098 0000006f
R 233 114 00000098 0000006f
R 235 115 00000098 0000006f
R 237 116 00000098 0000006f
R 239 117 00000098 0000006f
R 241 118 00000098 0000006f
R 243 119 00000098 0000006f
R 245 120 00000098 0000006f
R 247 121 00000098 0000006f
R 249 122 00000098 0000006f
R 251 123 00000098 0000006f
R 253 124 00000098 0000006f
R 255 125 00000098 0000006f
R 257 126 00000098 0000006f
R 259 127 00000098 0000006f
R 261 128 00000098 0000006f
R 263 129 00000098 0000006f
R 265 130 00000098 0000006f
R 267 131 00000098 0000006f
R 269 132 00000098 0000006f
R 271 133 00000098 0000006f
R 273 134 00000098 0000006f
R 275 135 00000098 0000006f
R 277 136 00000098 0000006f
R 279 137 00000098 0000006f
R 281 138 00000098 0000006f
R 283 139 00000098 0000006f
R 285 140 00000098 0000006f
R 287 141 00000098 0000006f
R 289 142 00000098 0000006f
R 291 143 00000098 0000006f
R 293 144 00000098 0000006f
R 295 145 00000098 0000006f
R 297 146 00000098 0000006f
R 299 147 00000098 0000006f
R 301 148 00000098 0000006f
R 303 149 00000098 0000006f
R 305 150 00000098 0000006f
R 307 151 00000098 0000006f
R 309 152 00000098 0000006f
R 311 153 00000098 0000006f
R 313 154 00000098 0000006f
R 315 155 00000098 0000006f
R 317 156 00000098 0000006f
R 319 157 00000098 0000006f
R 321 158 00000098 0000006f
R 323 159 00000098 0000006f
R 325 160 00000098 0000006f
R 327 161 00000098 0000006f
R 329 162 00000098 0000006f
R 331 163 00000098 0000006f
R 333 164 00000098 0000006f
R 335 165 00000098 0000006f
R 337 166 00000098 0000006f
R 339 167 00000098 0000006f
R 341 168 00000098 0000006f
R 343 169 00000098 0000006f
R 345 170 00000098 0000006f
R 347 171 00000098 0000006f
R 349 172 00000098 0000006f
R 351 173 00000098 0000006f
R 353 174 00000098 0000006f
R 355 175 00000098 0000006f
R 357 176 00000098 0000006f
R 359 177 00000098 0000006f
R 361 178 00000098 0000006f
R 363 179 00000098 0000006f
R 365 180 00000098 0000006f
R 367 181 00000098 0000006f
R 369 182 00000098 0000006f
R 371 183 00000098 0000006f
R 373 184 00000098 0000006f
R 375 185 00000098 0000006f
R 377 186 00000098 0000006f
R 379 187 00000098 0000006f
R 381 188 00000098 0000006f
R 383 189 00000098 0000006f
R 385 190 00000098 0000006f
R 387 191 00000098 0000006f
R 389 192 00000098 0000006f
R 391 193 00000098 0000006f
R 393 194 00000098 0000006f
R 395 195 00000098 0000006f
R 397 196 00000098 0000006f
R 399 197 00000098 0000006f
R 401 198 00000098 0000006f
R 403 199 00000098 0000006f
R 405 200 00000098 0000006f
R 407 201 00000098 0000006f
R 409 202 00000098 0000006f
R 411 203 00000098 0000006f
R 413 204 00000098 0000006f
R 415 205 00000098 0000006f
R 417 206 00000098 0000006f
R 419 207 00000098 0000006f
R 421 208 00000098 0000006f
R 423 209 00000098 0000006f
R 425 210 00000098 0000006f
R 427 211 00000098 0000006f
R 429 212 00000098 0000006f
R 431 213 00000098 0000006f
R 433 214 00000098 0000006f
R 435 215 00000098 0000006f
R 437 216 00000098 0000006f
R 439 217 00000098 0000006f
R 441 218 00000098 0000006f
R 443 219 00000098 0000006f
R 445 220 00000098 0000006f
R 447 221 00000098 0000006f
R 449 222 00000098 0000006f
R 451 223 00000098 0000006f
R 453 224 00000098 0000006f
R 455 225 00000098 0000006f
R 457 226 00000098 0000006f
R 459 227 00000098 0000006f
R 461 228 00000098 0000006f
R 463 229 00000098 0000006f
R 465 230 00000098 0000006f
R 467 231 00000098 0000006f
R 469 232 00000098 0000006f
R 471 233 00000098 0000006f
R 473 234 00000098 0000006f
R 475 235 00000098 0000006f
R 477 236 00000098 0000006f
R 479 237 00000098 0000006f
R 481 238 00000098 0000006f
R 483 239 00000098 0000006f
R 485 240 00000098 0000006f
R 487 241 00000098 0000006f
R 489 242 00000098 0000006f
R 491 243 00000098 0000006f
R 493 244 00000098 0000006f
R 495 245 00000098 0000006f
R 497 246 00000098 0000006f
R 499 247 00000098 0000006f
R 501 248 00000098 0000006f
R 503 249 00000098 0000006f
R 505 250 00000098 0000006f
R 507 251 00000098 0000006f
R 509 252 00000098 0000006f
R 511 253 00000098 0000006f
R 513 254 00000098 0000006f
R 515 255 00000098 0000006f
R 517 256 00000098 0000006f
R 519 257 00000098 0000006f
R 521 258 00000098 0000006f
R 523 259 00000098 0000006f
R 525 260 00000098 0000006f
R 527 261 00000098 0000006f
R 529 262 00000098 0000006f
R 531 263 00000098 0000006f
R 533 264 00000098 0000006f
R 535 265 00000098 0000006f
R 537 266 00000098 0000006f
R 539 267 00000098 0000006f
R 541 268 00000098 0000006f
R 543 269 00000098 0000006f
R 545 270 00000098 0000006f
R 547 271 00000098 0000006f
R 549 272 00000098 0000006f
R 551 273 00000098 0000006f
R 553 274 00000098 0000006f
R 555 275 00000098 0000006f
R 557 276 00000098 0000006f
R 559 277 00000098 0000006f
R 561 278 00000098 0000006f
R 563 279 00000098 0000006f
R 565 280 00000098 0000006f
R 567 281 00000098 0000006f
R 569 282 00000098 0000006f
R 571 283 00000098 0000006f
R 573 284 00000098 0000006f
R 575 285 00000098 0000006f
R 577 286 00000098 0000006f
R 579 287 00000098 0000006f
R 581 288 00000098 0000006f
R 583 289 00000098 0000006f
R 585 290 00000098 0000006f
R 587 291 00000098 0000006f
R 589 292 00000098 0000006f
R 591 293 00000098 0000006f
R 593 294 00000098 0000006f
R 595 295 00000098 0000006f
R 597 296 00000098 0000006f
R 599 297 00000098 0000006f
R 601 298 00000098 0000006f
R 603 299 00000098 0000006f
R 605 300 00000098 0000006f
R 607 301 00000098 0000006f
R 609 302 00000098 0000006f
R 611 303 00000098 0000006f
R 613 304 00000098 0000006f
R 615 305 00000098 0000006f
R 617 306 00000098 0000006f
R 619 307 00000098 0000006f
R 621 308 00000098 0000006f
R 623 309 00000098 0000006f
R 625 310 00000098 0000006f
R 627 311 00000098 0000006f
R 629 312 00000098 0000006f
R 631 313 00000098 0000006f
R 633 314 00000098 0000006f
R 635 315 00000098 0000006f
R 637 316 00000098 0000006f
R 639 317 00000098 0000006f
R 641 318 00000098 0000006f
R 643 319 00000098 0000006f
R 645 320 00000098 0000006f
R 647 321 00000098 0000006f
R 649 322 00000098 0000006f
R 651 323 00000098 0000006f
R 653 324 00000098 0000006f
R 655 325 00000098 0000006f
R 657 326 00000098 0000006f
R 659 327 00000098 0000006f
R 661 328 00000098 0000006f
R 663 329 00000098 0000006f
R 665 330 00000098 0000006f
R 667 331 00000098 0000006f
R 669 332 00000098 0000006f
R 671 333 00000098 0000006f
R 673 334 00000098 0000006f
R 675 335 00000098 0000006f
R 677 336 00000098 0000006f
R 679 337 00000098 0000006f
R 681 338 00000098 0000006f
R 683 339 00000098 0000006f
R 685 340 00000098 0000006f
R 687 341 00000098 0000006f
R 689 342 00000098 0000006f
R 691 343 00000098 0000006f
R 693 344 00000098 0000006f
R 695 345 00000098 0000006f
R 697 346 00000098 0000006f
R 699 347 00000098 0000006f
R 701 348 00000098 0000006f
R 703 349 00000098 0000006f
R 705 350 00000098 0000006f
R 707 351 00000098 0000006f
R 709 352 00000098 0000006f
R 711 353 00000098 0000006f
R 713 354 00000098 0000006f
R 715 355 00000098 0000006f
R 717 356 00000098 0000006f
R 719 357 00000098 0000006f
R 721 358 00000098 0000006f
R 723 359 00000098 0000006f
R 725 360 00000098 0000006f
R 727 361 00000098 0000006f
R 729 362 00000098 0000006f
R 731 363 00000098 0000006f
R 733 364 00000098 0000006f
R 735 365 00000098 0000006f
R 737 366 00000098 0000006f
R 739 367 00000098 0000006f
R 741 368 00000098 0000006f
R 743 369 00000098 0000006f
R 745 370 00000098 0000006f
R 747 371 00000098 0000006f
R 749 372 00000098 0000006f
R 751 373 00000098 0000006f
R 753 374 00000098 0000006f
R 755 375 00000098 0000006f
R 757 376 00000098 0000006f
R 759 377 00000098 0000006f
R 761 378 00000098 0000006f
R 763 379 00000098 0000006f
R 765 380 00000098 0000006f
R 767 381 00000098 0000006f
R 769 382 00000098 0000006f
R 771 383 00000098 0000006f
R 773 384 00000098 0000006f
R 775 385 00000098 0000006f
R 777 386 00000098 0000006f
R 779 387 00000098 0000006f
R 781 388 00000098 0000006f
R 783 389 00000098 0000006f
R 785 390 00000098 0000006f
R 787 391 00000098 0000006f
R 789 392 00000098 0000006f
R 791 393 00000098 0000006f
R 793 394 00000098 0000006f
R 795 395 00000098 0000006f
R 797 396 00000098 0000006f
R 799 397 00000098 0000006f
R 801 398 00000098 0000006f
R 803 399 00000098 0000006f
R 805 400 00000098 0000006f
R 807 401 00000098 0000006f
R 809 402 00000098 0000006f
R 811 403 00000098 0000006f
R 813 404 00000098 0000006f
R 815 405 00000098 0000006f
R 817 406 00000098 0000006f
R 819 407 00000098 0000006f
R 821 408 00000098 0000006f
R 823 409 00000098 0000006f
R 825 410 00000098 0000006f
R 827 411 00000098 0000006f
R 829 412 00000098 0000006f
R 831 413 00000098 0000006f
R 833 414 00000098 0000006f
R 835 415 00000098 0000006f
R 837 416 00000098 0000006f
R 839 417 00000098 0000006f
R 841 418 00000098 0000006f
R 843 419 00000098 0000006f
R 845 420 00000098 0000006f
R 847 421 00000098 0000006f
R 849 422 00000098 0000006f
R 851 423 00000098 0000006f
R 853 424 00000098 0000006f
R 855 425 00000098 0000006f
R 857 426 00000098 0000006f
R 859 427 00000098 0000006f
R 861 428 00000098 0000006f
R 863 429 00000098 0000006f
R 865 430 00000098 0000006f
R 867 431 00000098 0000006f
R 869 432 00000098 0000006f
R 871 433 00000098 0000006f
R 873 434 00000098 0000006f
R 875 435 00000098 0000006f
R 877 436 00000098 0000006f
R 879 437 00000098 0000006f
R 881 438 00000098 0000006f
R 883 439 00000098 0000006f
R 885 440 00000098 0000006f
R 887 441 00000098 0000006f
R 889 442 00000098 0000006f
R 891 443 00000098 0000006f
R 893 444 00000098 0000006f
R 895 445 00000098 0000006f
R 897 446 00000098 0000006f
R 899 447 00000098 0000006f
R 901 448 00000098 0000006f
R 903 449 00000098 0000006f
R 905 450 00000098 0000006f
R 907 451 00000098 0000006f
R 909 452 00000098 0000006f
R 911 453 00000098 0000006f
R 913 454 00000098 0000006f
R 915 455 00000098 0000006f
R 917 456 00000098 0000006f
R 919 457 00000098 0000006f
R 921 458 00000098 0000006f
R 923 459 00000098 0000006f
R 925 460 00000098 0000006f
R 927 461 00000098 0000006f
R 929 462 00000098 0000006f
R 931 463 00000098 0000006f
R 933 464 00000098 0000006f
R 935 465 00000098 0000006f
R 937 466 00000098 0000006f
R 939 467 00000098 0000006f
R 941 468 00000098 0000006f
R 943 469 00000098 0000006f
R 945 470 00000098 0000006f
R 947 471 00000098 0000006f
R 949 472 00000098 0000006f
R 951 473 00000098 0000006f
R 953 474 00000098 0000006f
R 955 475 00000098 0000006f
R 957 476 00000098 0000006f
R 959 477 00000098 0000006f
R 961 478 00000098 0000006f
R 963 479 00000098 0000006f
R 965 480 00000098 0000006f
R 967 481 00000098 0000006f
R 969 482 00000098 0000006f
R 971 483 00000098 0000006f
R 973 484 00000098 0000006f
R 975 485 00000098 0000006f
R 977 486 00000098 0000006f
R 979 487 00000098 0000006f
R 981 488 00000098 0000006f
R 983 489 00000098 0000006f
R 985 490 00000098 0000006f
R 987 491 00000098 0000006f
R 989 492 00000098 0000006f
R 991 493 00000098 0000006f
R 993 494 00000098 0000006f
R 995 495 00000098 0000006f
R 997 496 00000098 0000006f
R 999 497 00000098 0000006f
R 1001 498 00000098 0000006f
R 1003 499 00000098 0000006f
R 1005 500 00000098 0000006f
R 1007 501 00000098 0000006f
R 1009 502 00000098 0000006f
R 1011 503 00000098 0000006f
R 1013 504 00000098 0000006f
R 1015 505 00000098 0000006f
R 1017 506 00000098 0000006f
R 1019 507 00000098 0000006f
R 1021 508 00000098 0000006f
R 1023 509 00000098 0000006f
R 1025 510 00000098 0000006f
R 1027 511 00000098 0000006f
R 1029 512 00000098 0000006f
R 1031 513 00000098 0000006f
R 1033 514 00000098 0000006f
R 1035 515 00000098 0000006f
R 1037 516 00000098 0000006f
R 1039 517 00000098 0000006f
R 1041 518 00000098 0000006f
R 1043 519 00000098 0000006f
R 1045 520 00000098 0000006f
R 1047 521 00000098 0000006f
R 1049 522 00000098 0000006f
R 1051 523 00000098 0000006f
R 1053 524 00000098 0000006f
R 1055 525 00000098 0000006f
R 1057 526 00000098 0000006f
R 1059 527 00000098 0000006f
R 1061 528 00000098 0000006f
R 1063 529 00000098 0000006f
R 1065 530 00000098 0000006f
R 1067 531 00000098 0000006f
R 1069 532 00000098 0000006f
R 1071 533 00000098 0000006f
R 1073 534 00000098 0000006f
R 1075 535 00000098 0000006f
R 1077 536 00000098 0000006f
R 1079 537 00000098 0000006f
R 1081 538 00000098 0000006f
R 1083 539 00000098 0000006f
R 1085 540 00000098 0000006f
R 1087 541 00000098 0000006f
R 1089 542 00000098 0000006f
R 1091 543 00000098 0000006f
R 1093 544 00000098 0000006f
R 1095 545 00000098 0000006f
R 1097 546 00000098 0000006f
R 1099 547 00000098 0000006f
R 1101 548 00000098 0000006f
R 1103 549 00000098 0000006f
R 1105 550 00000098 0000006f
R 1107 551 00000098 0000006f
R 1109 552 00000098 0000006f
R 1111 553 00000098 0000006f
R 1113 554 00000098 0000006f
R 1115 555 00000098 0000006f
R 1117 556 00000098 0000006f
R 1119 557 00000098 0000006f
R 1121 558 00000098 0000006f
R 1123 559 00000098 0000006f
R 1125 560 00000098 0000006f
R 1127 561 00000098 0000006f
R 1129 562 00000098 0000006f
R 1131 563 00000098 0000006f
R 1133 564 00000098 0000006f
R 1135 565 00000098 0000006f
R 1137 566 00000098 0000006f
R 1139 567 00000098 0000006f
R 1141 568 00000098 0000006f
R 1143 569 00000098 0000006f
R 1145 570 00000098 0000006f
R 1147 571 00000098 0000006f
R 1149 572 00000098 0000006f
R 1151 573 00000098 0000006f
R 1153 574 00000098 0000006f
R 1155 575 00000098 0000006f
R 1157 576 00000098 0000006f
R 1159 577 00000098 0000006f
R 1161 578 00000098 0000006f
R 1163 579 00000098 0000006f
R 1165 580 00000098 0000006f
R 1167 581 00000098 0000006f
R 1169 582 00000098 0000006f
R 1171 583 00000098 0000006f
R 1173 584 00000098 0000006f
R 1175 585 00000098 0000006f
R 1177 586 00000098 0000006f
R 1179 587 00000098 0000006f
R 1181 588 00000098 0000006f
R 1183 589 00000098 0000006f
R 1185 590 00000098 0000006f
R 1187 591 00000098 0000006f
R 1189 592 00000098 0000006f
R 1191 593 00000098 0000006f
R 1193 594 00000098 0000006f
R 1195 595 00000098 0000006f
R 1197 596 00000098 0000006f
R 1199 597 00000098 0000006f
REG 0 00000000
REG 1 00000002
REG 2 00000001
REG 3 00000000
REG 4 00000000
REG 5 00000000
REG 6 00000000
REG 7 00000000
REG 8 00000000
REG 9 00000000
REG 10 00000000
REG 11 00000000
REG 12 00000000
REG 13 00000000
REG 14 00000000
REG 15 0000007b
REG 16 00000000
REG 17 00000000
REG 18 00000000
REG 19 00000000
REG 20 00000000
REG 21 00000000
REG 22 00000000
REG 23 00000000
REG 24 00000000
REG 25 00000000
REG 26 00000000
REG 27 00000000
REG 28 00000000
REG 29 00000000
REG 30 00000000
REG 31 00000000
COUNTS sleep=1 clocks=1197 ai=0 ab=0 am=0 ifetch=1195 data=0 bitmap=0 hit=0 miss=0 dummy=0 expanded=0 predict=0 mispredict=0 keys=0
FINISH
- /home/dungpc/ndmoney4porche/projects/ibex/doc/dungpc/secure_ibex/evidence/secure.harness.sv:217: Verilog $finish
