CONFIG SEC=1 CACHE=0 PRED=0 DUAL=0 MODE=0 ZC=0 SCR=0 ICECC=0 OFFSET=1 PMP=0
SAMPLE 3 ai=0 ab=0 am=0 pc=0 mismatch=0 rf=0 mode=0
SECDET 3 pc=0 rf=0 intg=0
C 3 00000000 0 0 0 1 0 0
LOCK 4 rst=0 cmp=a mismatch=0 rf=0 cap=0
SAMPLE 4 ai=0 ab=0 am=0 pc=0 mismatch=0 rf=0 mode=0
SECDET 4 pc=0 rf=0 intg=0
C 4 00000000 0 0 0 1 1 0
LOCK 5 rst=1 cmp=a mismatch=0 rf=0 cap=0
SAMPLE 5 ai=0 ab=0 am=0 pc=0 mismatch=0 rf=0 mode=0
SECDET 5 pc=0 rf=0 intg=0
C 5 00000000 0 0 0 0 4 0
LOCK 6 rst=1 cmp=5 mismatch=0 rf=0 cap=0
SAMPLE 6 ai=0 ab=0 am=0 pc=0 mismatch=0 rf=0 mode=0
CSRDBG 6 addr=208 priv=3 dec=0 csr=0 raw=1 pw=0 dbg=0 op=0
SECDET 6 pc=0 rf=0 intg=0
C 6 00000080 1 0 0 0 5 0
LOCK 7 rst=1 cmp=5 mismatch=0 rf=0 cap=0
SAMPLE 7 ai=0 ab=0 am=0 pc=0 mismatch=0 rf=0 mode=0
W 7 1 00000208 000000000
CSRDBG 7 addr=000 priv=3 dec=0 csr=0 raw=1 pw=0 dbg=0 op=0
SECDET 7 pc=0 rf=0 intg=0
C 7 00000084 1 0 0 0 5 0
D 7 0 00000208 f 00000000 tag=0
LOCK 8 rst=1 cmp=5 mismatch=0 rf=0 cap=0
SAMPLE 8 ai=0 ab=1 am=0 pc=0 mismatch=0 rf=0 mode=0
CSRDBG 8 addr=0c8 priv=3 dec=0 csr=0 raw=1 pw=0 dbg=0 op=0
SECDET 8 pc=0 rf=0 intg=0
R 8 1 00000080 20800093
C 8 00000088 1 0 0 0 5 0
ALERT bus 8
LOCK 9 rst=1 cmp=5 mismatch=0 rf=0 cap=0
SAMPLE 9 ai=0 ab=1 am=0 pc=0 mismatch=0 rf=0 mode=0
W 9 3 000000c8 000000000
CSRDBG 9 addr=fff priv=3 dec=0 csr=0 raw=1 pw=0 dbg=0 op=0
SECDET 9 pc=0 rf=0 intg=0
R 9 2 00000084 0000a103
C 9 0000008c 1 0 0 0 5 0
LOCK 10 rst=1 cmp=5 mismatch=0 rf=0 cap=0
SAMPLE 10 ai=0 ab=0 am=0 pc=0 mismatch=0 rf=0 mode=0
W 10 3 000000c7 000000000
SECDET 10 pc=0 rf=0 intg=0
R 10 3 00000088 0c800193
C 10 0000008c 0 0 0 0 5 0
LOCK 11 rst=1 cmp=5 mismatch=0 rf=0 cap=0
SAMPLE 11 ai=0 ab=0 am=0 pc=0 mismatch=0 rf=0 mode=0
SECDET 11 pc=0 rf=0 intg=0
R 11 4 0000008c fff18193
C 11 0000008c 0 0 0 1 7 0
LOCK 12 rst=1 cmp=5 mismatch=0 rf=0 cap=0
SAMPLE 12 ai=0 ab=0 am=0 pc=0 mismatch=0 rf=0 mode=0
SECDET 12 pc=0 rf=0 intg=0
C 12 0000008c 0 0 0 0 5 0
LOCK 13 rst=1 cmp=5 mismatch=0 rf=0 cap=0
SAMPLE 13 ai=0 ab=0 am=0 pc=0 mismatch=0 rf=0 mode=0
CSRDBG 13 addr=284 priv=3 dec=0 csr=0 raw=1 pw=0 dbg=0 op=0
SECDET 13 pc=0 rf=0 intg=0
C 13 0000007c 1 0 0 1 5 0
LOCK 14 rst=1 cmp=5 mismatch=0 rf=0 cap=0
SAMPLE 14 ai=0 ab=0 am=0 pc=0 mismatch=0 rf=0 mode=0
SECDET 14 pc=0 rf=0 intg=0
C 14 0000007c 0 0 0 0 5 0
LOCK 15 rst=1 cmp=5 mismatch=0 rf=0 cap=0
SAMPLE 15 ai=0 ab=0 am=0 pc=0 mismatch=0 rf=0 mode=0
CSRDBG 15 addr=342 priv=3 dec=0 csr=0 raw=0 pw=0 dbg=0 op=0
SECDET 15 pc=0 rf=0 intg=0
R 15 5 0000007c 2840006f
C 15 00000300 1 0 0 0 5 0
LOCK 16 rst=1 cmp=5 mismatch=0 rf=0 cap=0
SAMPLE 16 ai=0 ab=0 am=0 pc=0 mismatch=0 rf=0 mode=0
W 16 10 ffffffe0 000000000
CSRDBG 16 addr=341 priv=3 dec=0 csr=0 raw=0 pw=0 dbg=0 op=0
SECDET 16 pc=0 rf=0 intg=0
C 16 00000304 1 0 0 0 5 0
LOCK 17 rst=1 cmp=5 mismatch=0 rf=0 cap=0
SAMPLE 17 ai=0 ab=0 am=0 pc=0 mismatch=0 rf=0 mode=0
W 17 11 00000090 000000000
CSRDBG 17 addr=343 priv=3 dec=0 csr=0 raw=0 pw=0 dbg=0 op=0
SECDET 17 pc=0 rf=0 intg=0
R 17 6 00000300 34202573
C 17 00000308 1 0 0 0 5 0
LOCK 18 rst=1 cmp=5 mismatch=0 rf=0 cap=0
SAMPLE 18 ai=0 ab=0 am=0 pc=0 mismatch=0 rf=0 mode=0
W 18 12 00000208 000000000
CSRDBG 18 addr=077 priv=3 dec=0 csr=0 raw=1 pw=0 dbg=0 op=0
SECDET 18 pc=0 rf=0 intg=0
R 18 7 00000304 341025f3
C 18 0000030c 1 0 0 0 5 0
LOCK 19 rst=1 cmp=5 mismatch=0 rf=0 cap=0
SAMPLE 19 ai=0 ab=0 am=0 pc=0 mismatch=0 rf=0 mode=0
W 19 15 00000077 000000000
CSRDBG 19 addr=000 priv=3 dec=0 csr=0 raw=1 pw=0 dbg=0 op=0
SECDET 19 pc=0 rf=0 intg=0
R 19 8 00000308 34302673
C 19 00000310 1 0 0 1 5 0
LOCK 20 rst=1 cmp=5 mismatch=0 rf=0 cap=0
SAMPLE 20 ai=0 ab=0 am=0 pc=0 mismatch=0 rf=0 mode=0
SECDET 20 pc=0 rf=0 intg=0
R 20 9 0000030c 07700793
C 20 00000310 0 0 0 0 5 0
LOCK 21 rst=1 cmp=5 mismatch=0 rf=0 cap=0
SAMPLE 21 ai=0 ab=0 am=0 pc=0 mismatch=0 rf=0 mode=0
CSRDBG 21 addr=000 priv=3 dec=0 csr=0 raw=1 pw=0 dbg=0 op=0
SECDET 21 pc=0 rf=0 intg=0
R 21 10 00000310 0000006f
C 21 00000310 1 0 0 1 5 0
LOCK 22 rst=1 cmp=5 mismatch=0 rf=0 cap=0
SAMPLE 22 ai=0 ab=0 am=0 pc=0 mismatch=0 rf=0 mode=0
SECDET 22 pc=0 rf=0 intg=0
C 22 00000310 0 0 0 0 5 0
LOCK 23 rst=1 cmp=5 mismatch=0 rf=0 cap=0
SAMPLE 23 ai=0 ab=0 am=0 pc=0 mismatch=0 rf=0 mode=0
CSRDBG 23 addr=000 priv=3 dec=0 csr=0 raw=1 pw=0 dbg=0 op=0
SECDET 23 pc=0 rf=0 intg=0
R 23 11 00000310 0000006f
C 23 00000310 1 0 0 1 5 0
LOCK 24 rst=1 cmp=5 mismatch=0 rf=0 cap=0
SAMPLE 24 ai=0 ab=0 am=0 pc=0 mismatch=0 rf=0 mode=0
SECDET 24 pc=0 rf=0 intg=0
C 24 00000310 0 0 0 0 5 0
LOCK 25 rst=1 cmp=5 mismatch=0 rf=0 cap=0
SAMPLE 25 ai=0 ab=0 am=0 pc=0 mismatch=0 rf=0 mode=0
CSRDBG 25 addr=000 priv=3 dec=0 csr=0 raw=1 pw=0 dbg=0 op=0
SECDET 25 pc=0 rf=0 intg=0
R 25 12 00000310 0000006f
C 25 00000310 1 0 0 1 5 0
LOCK 26 rst=1 cmp=5 mismatch=0 rf=0 cap=0
SAMPLE 26 ai=0 ab=0 am=0 pc=0 mismatch=0 rf=0 mode=0
SECDET 26 pc=0 rf=0 intg=0
C 26 00000310 0 0 0 0 5 0
LOCK 27 rst=1 cmp=5 mismatch=0 rf=0 cap=0
SAMPLE 27 ai=0 ab=0 am=0 pc=0 mismatch=0 rf=0 mode=0
CSRDBG 27 addr=000 priv=3 dec=0 csr=0 raw=1 pw=0 dbg=0 op=0
SECDET 27 pc=0 rf=0 intg=0
R 27 13 00000310 0000006f
C 27 00000310 1 0 0 1 5 0
LOCK 28 rst=1 cmp=5 mismatch=0 rf=0 cap=0
SAMPLE 28 ai=0 ab=0 am=0 pc=0 mismatch=0 rf=0 mode=0
SECDET 28 pc=0 rf=0 intg=0
C 28 00000310 0 0 0 0 5 0
LOCK 29 rst=1 cmp=5 mismatch=0 rf=0 cap=0
SAMPLE 29 ai=0 ab=0 am=0 pc=0 mismatch=0 rf=0 mode=0
CSRDBG 29 addr=000 priv=3 dec=0 csr=0 raw=1 pw=0 dbg=0 op=0
SECDET 29 pc=0 rf=0 intg=0
R 29 14 00000310 0000006f
C 29 00000310 1 0 0 1 5 0
LOCK 30 rst=1 cmp=5 mismatch=0 rf=0 cap=0
SAMPLE 30 ai=0 ab=0 am=0 pc=0 mismatch=0 rf=0 mode=0
SECDET 30 pc=0 rf=0 intg=0
C 30 00000310 0 0 0 0 5 0
LOCK 31 rst=1 cmp=5 mismatch=0 rf=0 cap=0
SAMPLE 31 ai=0 ab=0 am=0 pc=0 mismatch=0 rf=0 mode=0
CSRDBG 31 addr=000 priv=3 dec=0 csr=0 raw=1 pw=0 dbg=0 op=0
SECDET 31 pc=0 rf=0 intg=0
R 31 15 00000310 0000006f
C 31 00000310 1 0 0 1 5 0
LOCK 32 rst=1 cmp=5 mismatch=0 rf=0 cap=0
SAMPLE 32 ai=0 ab=0 am=0 pc=0 mismatch=0 rf=0 mode=0
SECDET 32 pc=0 rf=0 intg=0
C 32 00000310 0 0 0 0 5 0
LOCK 33 rst=1 cmp=5 mismatch=0 rf=0 cap=0
SAMPLE 33 ai=0 ab=0 am=0 pc=0 mismatch=0 rf=0 mode=0
CSRDBG 33 addr=000 priv=3 dec=0 csr=0 raw=1 pw=0 dbg=0 op=0
SECDET 33 pc=0 rf=0 intg=0
R 33 16 00000310 0000006f
C 33 00000310 1 0 0 1 5 0
LOCK 34 rst=1 cmp=5 mismatch=0 rf=0 cap=0
SAMPLE 34 ai=0 ab=0 am=0 pc=0 mismatch=0 rf=0 mode=0
SECDET 34 pc=0 rf=0 intg=0
C 34 00000310 0 0 0 0 5 0
LOCK 35 rst=1 cmp=5 mismatch=0 rf=0 cap=0
SAMPLE 35 ai=0 ab=0 am=0 pc=0 mismatch=0 rf=0 mode=0
CSRDBG 35 addr=000 priv=3 dec=0 csr=0 raw=1 pw=0 dbg=0 op=0
SECDET 35 pc=0 rf=0 intg=0
R 35 17 00000310 0000006f
C 35 00000310 1 0 0 1 5 0
LOCK 36 rst=1 cmp=5 mismatch=0 rf=0 cap=0
SAMPLE 36 ai=0 ab=0 am=0 pc=0 mismatch=0 rf=0 mode=0
SECDET 36 pc=0 rf=0 intg=0
C 36 00000310 0 0 0 0 5 0
LOCK 37 rst=1 cmp=5 mismatch=0 rf=0 cap=0
SAMPLE 37 ai=0 ab=0 am=0 pc=0 mismatch=0 rf=0 mode=0
CSRDBG 37 addr=000 priv=3 dec=0 csr=0 raw=1 pw=0 dbg=0 op=0
SECDET 37 pc=0 rf=0 intg=0
R 37 18 00000310 0000006f
C 37 00000310 1 0 0 1 5 0
LOCK 38 rst=1 cmp=5 mismatch=0 rf=0 cap=0
SAMPLE 38 ai=0 ab=0 am=0 pc=0 mismatch=0 rf=0 mode=0
SECDET 38 pc=0 rf=0 intg=0
C 38 00000310 0 0 0 0 5 0
LOCK 39 rst=1 cmp=5 mismatch=0 rf=0 cap=0
SAMPLE 39 ai=0 ab=0 am=0 pc=0 mismatch=0 rf=0 mode=0
CSRDBG 39 addr=000 priv=3 dec=0 csr=0 raw=1 pw=0 dbg=0 op=0
SECDET 39 pc=0 rf=0 intg=0
R 39 19 00000310 0000006f
C 39 00000310 1 0 0 1 5 0
LOCK 40 rst=1 cmp=5 mismatch=0 rf=0 cap=0
SAMPLE 40 ai=0 ab=0 am=0 pc=0 mismatch=0 rf=0 mode=0
SECDET 40 pc=0 rf=0 intg=0
C 40 00000310 0 0 0 0 5 0
LOCK 41 rst=1 cmp=5 mismatch=0 rf=0 cap=0
SAMPLE 41 ai=0 ab=0 am=0 pc=0 mismatch=0 rf=0 mode=0
CSRDBG 41 addr=000 priv=3 dec=0 csr=0 raw=1 pw=0 dbg=0 op=0
SECDET 41 pc=0 rf=0 intg=0
R 41 20 00000310 0000006f
C 41 00000310 1 0 0 1 5 0
LOCK 42 rst=1 cmp=5 mismatch=0 rf=0 cap=0
SAMPLE 42 ai=0 ab=0 am=0 pc=0 mismatch=0 rf=0 mode=0
SECDET 42 pc=0 rf=0 intg=0
C 42 00000310 0 0 0 0 5 0
LOCK 43 rst=1 cmp=5 mismatch=0 rf=0 cap=0
SAMPLE 43 ai=0 ab=0 am=0 pc=0 mismatch=0 rf=0 mode=0
CSRDBG 43 addr=000 priv=3 dec=0 csr=0 raw=1 pw=0 dbg=0 op=0
SECDET 43 pc=0 rf=0 intg=0
R 43 21 00000310 0000006f
C 43 00000310 1 0 0 1 5 0
LOCK 44 rst=1 cmp=5 mismatch=0 rf=0 cap=0
SAMPLE 44 ai=0 ab=0 am=0 pc=0 mismatch=0 rf=0 mode=0
SECDET 44 pc=0 rf=0 intg=0
C 44 00000310 0 0 0 0 5 0
LOCK 45 rst=1 cmp=5 mismatch=0 rf=0 cap=0
SAMPLE 45 ai=0 ab=0 am=0 pc=0 mismatch=0 rf=0 mode=0
CSRDBG 45 addr=000 priv=3 dec=0 csr=0 raw=1 pw=0 dbg=0 op=0
SECDET 45 pc=0 rf=0 intg=0
R 45 22 00000310 0000006f
C 45 00000310 1 0 0 1 5 0
LOCK 46 rst=1 cmp=5 mismatch=0 rf=0 cap=0
SAMPLE 46 ai=0 ab=0 am=0 pc=0 mismatch=0 rf=0 mode=0
SECDET 46 pc=0 rf=0 intg=0
C 46 00000310 0 0 0 0 5 0
LOCK 47 rst=1 cmp=5 mismatch=0 rf=0 cap=0
SAMPLE 47 ai=0 ab=0 am=0 pc=0 mismatch=0 rf=0 mode=0
CSRDBG 47 addr=000 priv=3 dec=0 csr=0 raw=1 pw=0 dbg=0 op=0
SECDET 47 pc=0 rf=0 intg=0
R 47 23 00000310 0000006f
C 47 00000310 1 0 0 1 5 0
LOCK 48 rst=1 cmp=5 mismatch=0 rf=0 cap=0
SAMPLE 48 ai=0 ab=0 am=0 pc=0 mismatch=0 rf=0 mode=0
SECDET 48 pc=0 rf=0 intg=0
C 48 00000310 0 0 0 0 5 0
LOCK 49 rst=1 cmp=5 mismatch=0 rf=0 cap=0
SAMPLE 49 ai=0 ab=0 am=0 pc=0 mismatch=0 rf=0 mode=0
CSRDBG 49 addr=000 priv=3 dec=0 csr=0 raw=1 pw=0 dbg=0 op=0
SECDET 49 pc=0 rf=0 intg=0
R 49 24 00000310 0000006f
C 49 00000310 1 0 0 1 5 0
LOCK 50 rst=1 cmp=5 mismatch=0 rf=0 cap=0
SAMPLE 50 ai=0 ab=0 am=0 pc=0 mismatch=0 rf=0 mode=0
SECDET 50 pc=0 rf=0 intg=0
C 50 00000310 0 0 0 0 5 0
LOCK 51 rst=1 cmp=5 mismatch=0 rf=0 cap=0
SAMPLE 51 ai=0 ab=0 am=0 pc=0 mismatch=0 rf=0 mode=0
CSRDBG 51 addr=000 priv=3 dec=0 csr=0 raw=1 pw=0 dbg=0 op=0
SECDET 51 pc=0 rf=0 intg=0
R 51 25 00000310 0000006f
C 51 00000310 1 0 0 1 5 0
LOCK 52 rst=1 cmp=5 mismatch=0 rf=0 cap=0
SAMPLE 52 ai=0 ab=0 am=0 pc=0 mismatch=0 rf=0 mode=0
SECDET 52 pc=0 rf=0 intg=0
C 52 00000310 0 0 0 0 5 0
LOCK 53 rst=1 cmp=5 mismatch=0 rf=0 cap=0
SAMPLE 53 ai=0 ab=0 am=0 pc=0 mismatch=0 rf=0 mode=0
CSRDBG 53 addr=000 priv=3 dec=0 csr=0 raw=1 pw=0 dbg=0 op=0
SECDET 53 pc=0 rf=0 intg=0
R 53 26 00000310 0000006f
C 53 00000310 1 0 0 1 5 0
LOCK 54 rst=1 cmp=5 mismatch=0 rf=0 cap=0
SAMPLE 54 ai=0 ab=0 am=0 pc=0 mismatch=0 rf=0 mode=0
SECDET 54 pc=0 rf=0 intg=0
C 54 00000310 0 0 0 0 5 0
LOCK 55 rst=1 cmp=5 mismatch=0 rf=0 cap=0
SAMPLE 55 ai=0 ab=0 am=0 pc=0 mismatch=0 rf=0 mode=0
CSRDBG 55 addr=000 priv=3 dec=0 csr=0 raw=1 pw=0 dbg=0 op=0
SECDET 55 pc=0 rf=0 intg=0
R 55 27 00000310 0000006f
C 55 00000310 1 0 0 1 5 0
LOCK 56 rst=1 cmp=5 mismatch=0 rf=0 cap=0
SAMPLE 56 ai=0 ab=0 am=0 pc=0 mismatch=0 rf=0 mode=0
SECDET 56 pc=0 rf=0 intg=0
C 56 00000310 0 0 0 0 5 0
LOCK 57 rst=1 cmp=5 mismatch=0 rf=0 cap=0
SAMPLE 57 ai=0 ab=0 am=0 pc=0 mismatch=0 rf=0 mode=0
CSRDBG 57 addr=000 priv=3 dec=0 csr=0 raw=1 pw=0 dbg=0 op=0
SECDET 57 pc=0 rf=0 intg=0
R 57 28 00000310 0000006f
C 57 00000310 1 0 0 1 5 0
LOCK 58 rst=1 cmp=5 mismatch=0 rf=0 cap=0
SAMPLE 58 ai=0 ab=0 am=0 pc=0 mismatch=0 rf=0 mode=0
SECDET 58 pc=0 rf=0 intg=0
C 58 00000310 0 0 0 0 5 0
LOCK 59 rst=1 cmp=5 mismatch=0 rf=0 cap=0
SAMPLE 59 ai=0 ab=0 am=0 pc=0 mismatch=0 rf=0 mode=0
CSRDBG 59 addr=000 priv=3 dec=0 csr=0 raw=1 pw=0 dbg=0 op=0
SECDET 59 pc=0 rf=0 intg=0
R 59 29 00000310 0000006f
C 59 00000310 1 0 0 1 5 0
LOCK 60 rst=1 cmp=5 mismatch=0 rf=0 cap=0
SAMPLE 60 ai=0 ab=0 am=0 pc=0 mismatch=0 rf=0 mode=0
SECDET 60 pc=0 rf=0 intg=0
C 60 00000310 0 0 0 0 5 0
LOCK 61 rst=1 cmp=5 mismatch=0 rf=0 cap=0
SAMPLE 61 ai=0 ab=0 am=0 pc=0 mismatch=0 rf=0 mode=0
CSRDBG 61 addr=000 priv=3 dec=0 csr=0 raw=1 pw=0 dbg=0 op=0
SECDET 61 pc=0 rf=0 intg=0
R 61 30 00000310 0000006f
C 61 00000310 1 0 0 1 5 0
LOCK 62 rst=1 cmp=5 mismatch=0 rf=0 cap=0
SAMPLE 62 ai=0 ab=0 am=0 pc=0 mismatch=0 rf=0 mode=0
SECDET 62 pc=0 rf=0 intg=0
C 62 00000310 0 0 0 0 5 0
LOCK 63 rst=1 cmp=5 mismatch=0 rf=0 cap=0
SAMPLE 63 ai=0 ab=0 am=0 pc=0 mismatch=0 rf=0 mode=0
CSRDBG 63 addr=000 priv=3 dec=0 csr=0 raw=1 pw=0 dbg=0 op=0
SECDET 63 pc=0 rf=0 intg=0
R 63 31 00000310 0000006f
C 63 00000310 1 0 0 1 5 0
LOCK 64 rst=1 cmp=5 mismatch=0 rf=0 cap=0
SAMPLE 64 ai=0 ab=0 am=0 pc=0 mismatch=0 rf=0 mode=0
SECDET 64 pc=0 rf=0 intg=0
C 64 00000310 0 0 0 0 5 0
LOCK 65 rst=1 cmp=5 mismatch=0 rf=0 cap=0
SAMPLE 65 ai=0 ab=0 am=0 pc=0 mismatch=0 rf=0 mode=0
CSRDBG 65 addr=000 priv=3 dec=0 csr=0 raw=1 pw=0 dbg=0 op=0
SECDET 65 pc=0 rf=0 intg=0
R 65 32 00000310 0000006f
C 65 00000310 1 0 0 1 5 0
LOCK 66 rst=1 cmp=5 mismatch=0 rf=0 cap=0
SAMPLE 66 ai=0 ab=0 am=0 pc=0 mismatch=0 rf=0 mode=0
SECDET 66 pc=0 rf=0 intg=0
C 66 00000310 0 0 0 0 5 0
LOCK 67 rst=1 cmp=5 mismatch=0 rf=0 cap=0
SAMPLE 67 ai=0 ab=0 am=0 pc=0 mismatch=0 rf=0 mode=0
CSRDBG 67 addr=000 priv=3 dec=0 csr=0 raw=1 pw=0 dbg=0 op=0
SECDET 67 pc=0 rf=0 intg=0
R 67 33 00000310 0000006f
C 67 00000310 1 0 0 1 5 0
LOCK 68 rst=1 cmp=5 mismatch=0 rf=0 cap=0
SAMPLE 68 ai=0 ab=0 am=0 pc=0 mismatch=0 rf=0 mode=0
SECDET 68 pc=0 rf=0 intg=0
C 68 00000310 0 0 0 0 5 0
LOCK 69 rst=1 cmp=5 mismatch=0 rf=0 cap=0
SAMPLE 69 ai=0 ab=0 am=0 pc=0 mismatch=0 rf=0 mode=0
CSRDBG 69 addr=000 priv=3 dec=0 csr=0 raw=1 pw=0 dbg=0 op=0
SECDET 69 pc=0 rf=0 intg=0
R 69 34 00000310 0000006f
C 69 00000310 1 0 0 1 5 0
LOCK 70 rst=1 cmp=5 mismatch=0 rf=0 cap=0
SAMPLE 70 ai=0 ab=0 am=0 pc=0 mismatch=0 rf=0 mode=0
SECDET 70 pc=0 rf=0 intg=0
C 70 00000310 0 0 0 0 5 0
LOCK 71 rst=1 cmp=5 mismatch=0 rf=0 cap=0
SAMPLE 71 ai=0 ab=0 am=0 pc=0 mismatch=0 rf=0 mode=0
CSRDBG 71 addr=000 priv=3 dec=0 csr=0 raw=1 pw=0 dbg=0 op=0
SECDET 71 pc=0 rf=0 intg=0
R 71 35 00000310 0000006f
C 71 00000310 1 0 0 1 5 0
LOCK 72 rst=1 cmp=5 mismatch=0 rf=0 cap=0
SAMPLE 72 ai=0 ab=0 am=0 pc=0 mismatch=0 rf=0 mode=0
SECDET 72 pc=0 rf=0 intg=0
C 72 00000310 0 0 0 0 5 0
LOCK 73 rst=1 cmp=5 mismatch=0 rf=0 cap=0
SAMPLE 73 ai=0 ab=0 am=0 pc=0 mismatch=0 rf=0 mode=0
CSRDBG 73 addr=000 priv=3 dec=0 csr=0 raw=1 pw=0 dbg=0 op=0
SECDET 73 pc=0 rf=0 intg=0
R 73 36 00000310 0000006f
C 73 00000310 1 0 0 1 5 0
LOCK 74 rst=1 cmp=5 mismatch=0 rf=0 cap=0
SAMPLE 74 ai=0 ab=0 am=0 pc=0 mismatch=0 rf=0 mode=0
SECDET 74 pc=0 rf=0 intg=0
C 74 00000310 0 0 0 0 5 0
LOCK 75 rst=1 cmp=5 mismatch=0 rf=0 cap=0
SAMPLE 75 ai=0 ab=0 am=0 pc=0 mismatch=0 rf=0 mode=0
CSRDBG 75 addr=000 priv=3 dec=0 csr=0 raw=1 pw=0 dbg=0 op=0
SECDET 75 pc=0 rf=0 intg=0
R 75 37 00000310 0000006f
C 75 00000310 1 0 0 1 5 0
LOCK 76 rst=1 cmp=5 mismatch=0 rf=0 cap=0
SAMPLE 76 ai=0 ab=0 am=0 pc=0 mismatch=0 rf=0 mode=0
SECDET 76 pc=0 rf=0 intg=0
C 76 00000310 0 0 0 0 5 0
LOCK 77 rst=1 cmp=5 mismatch=0 rf=0 cap=0
SAMPLE 77 ai=0 ab=0 am=0 pc=0 mismatch=0 rf=0 mode=0
CSRDBG 77 addr=000 priv=3 dec=0 csr=0 raw=1 pw=0 dbg=0 op=0
SECDET 77 pc=0 rf=0 intg=0
R 77 38 00000310 0000006f
C 77 00000310 1 0 0 1 5 0
LOCK 78 rst=1 cmp=5 mismatch=0 rf=0 cap=0
SAMPLE 78 ai=0 ab=0 am=0 pc=0 mismatch=0 rf=0 mode=0
SECDET 78 pc=0 rf=0 intg=0
C 78 00000310 0 0 0 0 5 0
LOCK 79 rst=1 cmp=5 mismatch=0 rf=0 cap=0
SAMPLE 79 ai=0 ab=0 am=0 pc=0 mismatch=0 rf=0 mode=0
CSRDBG 79 addr=000 priv=3 dec=0 csr=0 raw=1 pw=0 dbg=0 op=0
SECDET 79 pc=0 rf=0 intg=0
R 79 39 00000310 0000006f
C 79 00000310 1 0 0 1 5 0
LOCK 80 rst=1 cmp=5 mismatch=0 rf=0 cap=0
SAMPLE 80 ai=0 ab=0 am=0 pc=0 mismatch=0 rf=0 mode=0
SECDET 80 pc=0 rf=0 intg=0
C 80 00000310 0 0 0 0 5 0
LOCK 81 rst=1 cmp=5 mismatch=0 rf=0 cap=0
SAMPLE 81 ai=0 ab=0 am=0 pc=0 mismatch=0 rf=0 mode=0
SECDET 81 pc=0 rf=0 intg=0
R 81 40 00000310 0000006f
C 81 00000310 1 0 0 1 5 0
LOCK 82 rst=1 cmp=5 mismatch=0 rf=0 cap=0
SAMPLE 82 ai=0 ab=0 am=0 pc=0 mismatch=0 rf=0 mode=0
SECDET 82 pc=0 rf=0 intg=0
C 82 00000310 0 0 0 0 5 0
LOCK 83 rst=1 cmp=5 mismatch=0 rf=0 cap=0
SAMPLE 83 ai=0 ab=0 am=0 pc=0 mismatch=0 rf=0 mode=0
SECDET 83 pc=0 rf=0 intg=0
R 83 41 00000310 0000006f
C 83 00000310 1 0 0 1 5 0
LOCK 84 rst=1 cmp=5 mismatch=0 rf=0 cap=0
SAMPLE 84 ai=0 ab=0 am=0 pc=0 mismatch=0 rf=0 mode=0
SECDET 84 pc=0 rf=0 intg=0
C 84 00000310 0 0 0 0 5 0
LOCK 85 rst=1 cmp=5 mismatch=0 rf=0 cap=0
SAMPLE 85 ai=0 ab=0 am=0 pc=0 mismatch=0 rf=0 mode=0
SECDET 85 pc=0 rf=0 intg=0
R 85 42 00000310 0000006f
C 85 00000310 1 0 0 1 5 0
LOCK 86 rst=1 cmp=5 mismatch=0 rf=0 cap=0
SAMPLE 86 ai=0 ab=0 am=0 pc=0 mismatch=0 rf=0 mode=0
SECDET 86 pc=0 rf=0 intg=0
C 86 00000310 0 0 0 0 5 0
LOCK 87 rst=1 cmp=5 mismatch=0 rf=0 cap=0
SAMPLE 87 ai=0 ab=0 am=0 pc=0 mismatch=0 rf=0 mode=0
SECDET 87 pc=0 rf=0 intg=0
R 87 43 00000310 0000006f
C 87 00000310 1 0 0 1 5 0
LOCK 88 rst=1 cmp=5 mismatch=0 rf=0 cap=0
SAMPLE 88 ai=0 ab=0 am=0 pc=0 mismatch=0 rf=0 mode=0
SECDET 88 pc=0 rf=0 intg=0
C 88 00000310 0 0 0 0 5 0
LOCK 89 rst=1 cmp=5 mismatch=0 rf=0 cap=0
SAMPLE 89 ai=0 ab=0 am=0 pc=0 mismatch=0 rf=0 mode=0
SECDET 89 pc=0 rf=0 intg=0
R 89 44 00000310 0000006f
C 89 00000310 1 0 0 1 5 0
LOCK 90 rst=1 cmp=5 mismatch=0 rf=0 cap=0
SAMPLE 90 ai=0 ab=0 am=0 pc=0 mismatch=0 rf=0 mode=0
SECDET 90 pc=0 rf=0 intg=0
C 90 00000310 0 0 0 0 5 0
LOCK 91 rst=1 cmp=5 mismatch=0 rf=0 cap=0
SAMPLE 91 ai=0 ab=0 am=0 pc=0 mismatch=0 rf=0 mode=0
SECDET 91 pc=0 rf=0 intg=0
R 91 45 00000310 0000006f
C 91 00000310 1 0 0 1 5 0
LOCK 92 rst=1 cmp=5 mismatch=0 rf=0 cap=0
SAMPLE 92 ai=0 ab=0 am=0 pc=0 mismatch=0 rf=0 mode=0
SECDET 92 pc=0 rf=0 intg=0
C 92 00000310 0 0 0 0 5 0
LOCK 93 rst=1 cmp=5 mismatch=0 rf=0 cap=0
SAMPLE 93 ai=0 ab=0 am=0 pc=0 mismatch=0 rf=0 mode=0
SECDET 93 pc=0 rf=0 intg=0
R 93 46 00000310 0000006f
C 93 00000310 1 0 0 1 5 0
LOCK 94 rst=1 cmp=5 mismatch=0 rf=0 cap=0
SAMPLE 94 ai=0 ab=0 am=0 pc=0 mismatch=0 rf=0 mode=0
SECDET 94 pc=0 rf=0 intg=0
C 94 00000310 0 0 0 0 5 0
LOCK 95 rst=1 cmp=5 mismatch=0 rf=0 cap=0
SAMPLE 95 ai=0 ab=0 am=0 pc=0 mismatch=0 rf=0 mode=0
SECDET 95 pc=0 rf=0 intg=0
R 95 47 00000310 0000006f
C 95 00000310 1 0 0 1 5 0
LOCK 96 rst=1 cmp=5 mismatch=0 rf=0 cap=0
SAMPLE 96 ai=0 ab=0 am=0 pc=0 mismatch=0 rf=0 mode=0
SECDET 96 pc=0 rf=0 intg=0
C 96 00000310 0 0 0 0 5 0
LOCK 97 rst=1 cmp=5 mismatch=0 rf=0 cap=0
SAMPLE 97 ai=0 ab=0 am=0 pc=0 mismatch=0 rf=0 mode=0
SECDET 97 pc=0 rf=0 intg=0
R 97 48 00000310 0000006f
C 97 00000310 1 0 0 1 5 0
LOCK 98 rst=1 cmp=5 mismatch=0 rf=0 cap=0
SAMPLE 98 ai=0 ab=0 am=0 pc=0 mismatch=0 rf=0 mode=0
SECDET 98 pc=0 rf=0 intg=0
C 98 00000310 0 0 0 0 5 0
LOCK 99 rst=1 cmp=5 mismatch=0 rf=0 cap=0
SAMPLE 99 ai=0 ab=0 am=0 pc=0 mismatch=0 rf=0 mode=0
SECDET 99 pc=0 rf=0 intg=0
R 99 49 00000310 0000006f
C 99 00000310 1 0 0 1 5 0
LOCK 100 rst=1 cmp=5 mismatch=0 rf=0 cap=0
INJECT 100 fault=2
SAMPLE 100 ai=0 ab=0 am=0 pc=0 mismatch=0 rf=0 mode=0
SECDET 100 pc=0 rf=0 intg=0
C 100 00000310 0 0 0 0 5 0
LOCK 101 rst=1 cmp=5 mismatch=0 rf=0 cap=0
SAMPLE 101 ai=0 ab=0 am=0 pc=0 mismatch=0 rf=0 mode=0
SECDET 101 pc=0 rf=0 intg=0
R 101 50 00000310 0000006f
C 101 00000310 1 0 0 1 5 0
LOCK 102 rst=1 cmp=5 mismatch=0 rf=0 cap=0
SAMPLE 102 ai=0 ab=0 am=0 pc=0 mismatch=0 rf=0 mode=0
SECDET 102 pc=0 rf=0 intg=0
C 102 00000310 0 0 0 0 5 0
LOCK 103 rst=1 cmp=5 mismatch=0 rf=0 cap=0
SAMPLE 103 ai=0 ab=0 am=0 pc=0 mismatch=0 rf=0 mode=0
SECDET 103 pc=0 rf=0 intg=0
R 103 51 00000310 0000006f
C 103 00000310 1 0 0 1 5 0
LOCK 104 rst=1 cmp=5 mismatch=0 rf=0 cap=0
SAMPLE 104 ai=0 ab=0 am=0 pc=0 mismatch=0 rf=0 mode=0
SECDET 104 pc=0 rf=0 intg=0
C 104 00000310 0 0 0 0 5 0
LOCK 105 rst=1 cmp=5 mismatch=0 rf=0 cap=0
SAMPLE 105 ai=0 ab=0 am=0 pc=0 mismatch=0 rf=0 mode=0
SECDET 105 pc=0 rf=0 intg=0
R 105 52 00000310 0000006f
C 105 00000310 1 0 0 1 5 0
LOCK 106 rst=1 cmp=5 mismatch=0 rf=0 cap=0
SAMPLE 106 ai=0 ab=0 am=0 pc=0 mismatch=0 rf=0 mode=0
SECDET 106 pc=0 rf=0 intg=0
C 106 00000310 0 0 0 0 5 0
LOCK 107 rst=1 cmp=5 mismatch=0 rf=0 cap=0
SAMPLE 107 ai=0 ab=0 am=0 pc=0 mismatch=0 rf=0 mode=0
SECDET 107 pc=0 rf=0 intg=0
R 107 53 00000310 0000006f
C 107 00000310 1 0 0 1 5 0
LOCK 108 rst=1 cmp=5 mismatch=0 rf=0 cap=0
SAMPLE 108 ai=0 ab=0 am=0 pc=0 mismatch=0 rf=0 mode=0
SECDET 108 pc=0 rf=0 intg=0
C 108 00000310 0 0 0 0 5 0
LOCK 109 rst=1 cmp=5 mismatch=0 rf=0 cap=0
SAMPLE 109 ai=0 ab=0 am=0 pc=0 mismatch=0 rf=0 mode=0
SECDET 109 pc=0 rf=0 intg=0
R 109 54 00000310 0000006f
C 109 00000310 1 0 0 1 5 0
LOCK 110 rst=1 cmp=5 mismatch=0 rf=0 cap=0
SAMPLE 110 ai=0 ab=0 am=0 pc=0 mismatch=0 rf=0 mode=0
SECDET 110 pc=0 rf=0 intg=0
C 110 00000310 0 0 0 0 5 0
LOCK 111 rst=1 cmp=5 mismatch=0 rf=0 cap=0
SAMPLE 111 ai=0 ab=0 am=0 pc=0 mismatch=0 rf=0 mode=0
SECDET 111 pc=0 rf=0 intg=0
R 111 55 00000310 0000006f
C 111 00000310 1 0 0 1 5 0
LOCK 112 rst=1 cmp=5 mismatch=0 rf=0 cap=0
SAMPLE 112 ai=0 ab=0 am=0 pc=0 mismatch=0 rf=0 mode=0
SECDET 112 pc=0 rf=0 intg=0
C 112 00000310 0 0 0 0 5 0
LOCK 113 rst=1 cmp=5 mismatch=0 rf=0 cap=0
SAMPLE 113 ai=0 ab=0 am=0 pc=0 mismatch=0 rf=0 mode=0
SECDET 113 pc=0 rf=0 intg=0
R 113 56 00000310 0000006f
C 113 00000310 1 0 0 1 5 0
LOCK 114 rst=1 cmp=5 mismatch=0 rf=0 cap=0
SAMPLE 114 ai=0 ab=0 am=0 pc=0 mismatch=0 rf=0 mode=0
SECDET 114 pc=0 rf=0 intg=0
C 114 00000310 0 0 0 0 5 0
LOCK 115 rst=1 cmp=5 mismatch=0 rf=0 cap=0
SAMPLE 115 ai=0 ab=0 am=0 pc=0 mismatch=0 rf=0 mode=0
SECDET 115 pc=0 rf=0 intg=0
R 115 57 00000310 0000006f
C 115 00000310 1 0 0 1 5 0
LOCK 116 rst=1 cmp=5 mismatch=0 rf=0 cap=0
SAMPLE 116 ai=0 ab=0 am=0 pc=0 mismatch=0 rf=0 mode=0
SECDET 116 pc=0 rf=0 intg=0
C 116 00000310 0 0 0 0 5 0
LOCK 117 rst=1 cmp=5 mismatch=0 rf=0 cap=0
SAMPLE 117 ai=0 ab=0 am=0 pc=0 mismatch=0 rf=0 mode=0
SECDET 117 pc=0 rf=0 intg=0
R 117 58 00000310 0000006f
C 117 00000310 1 0 0 1 5 0
LOCK 118 rst=1 cmp=5 mismatch=0 rf=0 cap=0
SAMPLE 118 ai=0 ab=0 am=0 pc=0 mismatch=0 rf=0 mode=0
SECDET 118 pc=0 rf=0 intg=0
C 118 00000310 0 0 0 0 5 0
LOCK 119 rst=1 cmp=5 mismatch=0 rf=0 cap=0
SAMPLE 119 ai=0 ab=0 am=0 pc=0 mismatch=0 rf=0 mode=0
SECDET 119 pc=0 rf=0 intg=0
R 119 59 00000310 0000006f
C 119 00000310 1 0 0 1 5 0
C 120 00000310 0 0 0 0 5 0
R 121 60 00000310 0000006f
C 121 00000310 1 0 0 1 5 0
C 122 00000310 0 0 0 0 5 0
R 123 61 00000310 0000006f
C 123 00000310 1 0 0 1 5 0
C 124 00000310 0 0 0 0 5 0
R 125 62 00000310 0000006f
C 125 00000310 1 0 0 1 5 0
C 126 00000310 0 0 0 0 5 0
R 127 63 00000310 0000006f
C 127 00000310 1 0 0 1 5 0
C 128 00000310 0 0 0 0 5 0
R 129 64 00000310 0000006f
C 129 00000310 1 0 0 1 5 0
C 130 00000310 0 0 0 0 5 0
R 131 65 00000310 0000006f
C 131 00000310 1 0 0 1 5 0
C 132 00000310 0 0 0 0 5 0
R 133 66 00000310 0000006f
C 133 00000310 1 0 0 1 5 0
C 134 00000310 0 0 0 0 5 0
R 135 67 00000310 0000006f
C 135 00000310 1 0 0 1 5 0
C 136 00000310 0 0 0 0 5 0
R 137 68 00000310 0000006f
C 137 00000310 1 0 0 1 5 0
C 138 00000310 0 0 0 0 5 0
R 139 69 00000310 0000006f
C 139 00000310 1 0 0 1 5 0
C 140 00000310 0 0 0 0 5 0
R 141 70 00000310 0000006f
C 141 00000310 1 0 0 1 5 0
C 142 00000310 0 0 0 0 5 0
R 143 71 00000310 0000006f
C 143 00000310 1 0 0 1 5 0
C 144 00000310 0 0 0 0 5 0
R 145 72 00000310 0000006f
C 145 00000310 1 0 0 1 5 0
C 146 00000310 0 0 0 0 5 0
R 147 73 00000310 0000006f
C 147 00000310 1 0 0 1 5 0
C 148 00000310 0 0 0 0 5 0
R 149 74 00000310 0000006f
C 149 00000310 1 0 0 1 5 0
C 150 00000310 0 0 0 0 5 0
R 151 75 00000310 0000006f
C 151 00000310 1 0 0 1 5 0
C 152 00000310 0 0 0 0 5 0
R 153 76 00000310 0000006f
C 153 00000310 1 0 0 1 5 0
C 154 00000310 0 0 0 0 5 0
R 155 77 00000310 0000006f
C 155 00000310 1 0 0 1 5 0
C 156 00000310 0 0 0 0 5 0
R 157 78 00000310 0000006f
C 157 00000310 1 0 0 1 5 0
C 158 00000310 0 0 0 0 5 0
R 159 79 00000310 0000006f
C 159 00000310 1 0 0 1 5 0
C 160 00000310 0 0 0 0 5 0
R 161 80 00000310 0000006f
C 161 00000310 1 0 0 1 5 0
C 162 00000310 0 0 0 0 5 0
R 163 81 00000310 0000006f
C 163 00000310 1 0 0 1 5 0
C 164 00000310 0 0 0 0 5 0
R 165 82 00000310 0000006f
C 165 00000310 1 0 0 1 5 0
C 166 00000310 0 0 0 0 5 0
R 167 83 00000310 0000006f
C 167 00000310 1 0 0 1 5 0
C 168 00000310 0 0 0 0 5 0
R 169 84 00000310 0000006f
C 169 00000310 1 0 0 1 5 0
C 170 00000310 0 0 0 0 5 0
R 171 85 00000310 0000006f
C 171 00000310 1 0 0 1 5 0
C 172 00000310 0 0 0 0 5 0
R 173 86 00000310 0000006f
C 173 00000310 1 0 0 1 5 0
C 174 00000310 0 0 0 0 5 0
R 175 87 00000310 0000006f
C 175 00000310 1 0 0 1 5 0
C 176 00000310 0 0 0 0 5 0
R 177 88 00000310 0000006f
C 177 00000310 1 0 0 1 5 0
C 178 00000310 0 0 0 0 5 0
R 179 89 00000310 0000006f
C 179 00000310 1 0 0 1 5 0
R 181 90 00000310 0000006f
R 183 91 00000310 0000006f
R 185 92 00000310 0000006f
R 187 93 00000310 0000006f
R 189 94 00000310 0000006f
R 191 95 00000310 0000006f
R 193 96 00000310 0000006f
R 195 97 00000310 0000006f
R 197 98 00000310 0000006f
R 199 99 00000310 0000006f
R 201 100 00000310 0000006f
R 203 101 00000310 0000006f
R 205 102 00000310 0000006f
R 207 103 00000310 0000006f
R 209 104 00000310 0000006f
R 211 105 00000310 0000006f
R 213 106 00000310 0000006f
R 215 107 00000310 0000006f
R 217 108 00000310 0000006f
R 219 109 00000310 0000006f
R 221 110 00000310 0000006f
R 223 111 00000310 0000006f
R 225 112 00000310 0000006f
R 227 113 00000310 0000006f
R 229 114 00000310 0000006f
R 231 115 00000310 0000006f
R 233 116 00000310 0000006f
R 235 117 00000310 0000006f
R 237 118 00000310 0000006f
R 239 119 00000310 0000006f
R 241 120 00000310 0000006f
R 243 121 00000310 0000006f
R 245 122 00000310 0000006f
R 247 123 00000310 0000006f
R 249 124 00000310 0000006f
R 251 125 00000310 0000006f
R 253 126 00000310 0000006f
R 255 127 00000310 0000006f
R 257 128 00000310 0000006f
R 259 129 00000310 0000006f
R 261 130 00000310 0000006f
R 263 131 00000310 0000006f
R 265 132 00000310 0000006f
R 267 133 00000310 0000006f
R 269 134 00000310 0000006f
R 271 135 00000310 0000006f
R 273 136 00000310 0000006f
R 275 137 00000310 0000006f
R 277 138 00000310 0000006f
R 279 139 00000310 0000006f
R 281 140 00000310 0000006f
R 283 141 00000310 0000006f
R 285 142 00000310 0000006f
R 287 143 00000310 0000006f
R 289 144 00000310 0000006f
R 291 145 00000310 0000006f
R 293 146 00000310 0000006f
R 295 147 00000310 0000006f
R 297 148 00000310 0000006f
R 299 149 00000310 0000006f
R 301 150 00000310 0000006f
R 303 151 00000310 0000006f
R 305 152 00000310 0000006f
R 307 153 00000310 0000006f
R 309 154 00000310 0000006f
R 311 155 00000310 0000006f
R 313 156 00000310 0000006f
R 315 157 00000310 0000006f
R 317 158 00000310 0000006f
R 319 159 00000310 0000006f
R 321 160 00000310 0000006f
R 323 161 00000310 0000006f
R 325 162 00000310 0000006f
R 327 163 00000310 0000006f
R 329 164 00000310 0000006f
R 331 165 00000310 0000006f
R 333 166 00000310 0000006f
R 335 167 00000310 0000006f
R 337 168 00000310 0000006f
R 339 169 00000310 0000006f
R 341 170 00000310 0000006f
R 343 171 00000310 0000006f
R 345 172 00000310 0000006f
R 347 173 00000310 0000006f
R 349 174 00000310 0000006f
R 351 175 00000310 0000006f
R 353 176 00000310 0000006f
R 355 177 00000310 0000006f
R 357 178 00000310 0000006f
R 359 179 00000310 0000006f
R 361 180 00000310 0000006f
R 363 181 00000310 0000006f
R 365 182 00000310 0000006f
R 367 183 00000310 0000006f
R 369 184 00000310 0000006f
R 371 185 00000310 0000006f
R 373 186 00000310 0000006f
R 375 187 00000310 0000006f
R 377 188 00000310 0000006f
R 379 189 00000310 0000006f
R 381 190 00000310 0000006f
R 383 191 00000310 0000006f
R 385 192 00000310 0000006f
R 387 193 00000310 0000006f
R 389 194 00000310 0000006f
R 391 195 00000310 0000006f
R 393 196 00000310 0000006f
R 395 197 00000310 0000006f
R 397 198 00000310 0000006f
R 399 199 00000310 0000006f
R 401 200 00000310 0000006f
R 403 201 00000310 0000006f
R 405 202 00000310 0000006f
R 407 203 00000310 0000006f
R 409 204 00000310 0000006f
R 411 205 00000310 0000006f
R 413 206 00000310 0000006f
R 415 207 00000310 0000006f
R 417 208 00000310 0000006f
R 419 209 00000310 0000006f
R 421 210 00000310 0000006f
R 423 211 00000310 0000006f
R 425 212 00000310 0000006f
R 427 213 00000310 0000006f
R 429 214 00000310 0000006f
R 431 215 00000310 0000006f
R 433 216 00000310 0000006f
R 435 217 00000310 0000006f
R 437 218 00000310 0000006f
R 439 219 00000310 0000006f
R 441 220 00000310 0000006f
R 443 221 00000310 0000006f
R 445 222 00000310 0000006f
R 447 223 00000310 0000006f
R 449 224 00000310 0000006f
R 451 225 00000310 0000006f
R 453 226 00000310 0000006f
R 455 227 00000310 0000006f
R 457 228 00000310 0000006f
R 459 229 00000310 0000006f
R 461 230 00000310 0000006f
R 463 231 00000310 0000006f
R 465 232 00000310 0000006f
R 467 233 00000310 0000006f
R 469 234 00000310 0000006f
R 471 235 00000310 0000006f
R 473 236 00000310 0000006f
R 475 237 00000310 0000006f
R 477 238 00000310 0000006f
R 479 239 00000310 0000006f
R 481 240 00000310 0000006f
R 483 241 00000310 0000006f
R 485 242 00000310 0000006f
R 487 243 00000310 0000006f
R 489 244 00000310 0000006f
R 491 245 00000310 0000006f
R 493 246 00000310 0000006f
R 495 247 00000310 0000006f
R 497 248 00000310 0000006f
R 499 249 00000310 0000006f
R 501 250 00000310 0000006f
R 503 251 00000310 0000006f
R 505 252 00000310 0000006f
R 507 253 00000310 0000006f
R 509 254 00000310 0000006f
R 511 255 00000310 0000006f
R 513 256 00000310 0000006f
R 515 257 00000310 0000006f
R 517 258 00000310 0000006f
R 519 259 00000310 0000006f
R 521 260 00000310 0000006f
R 523 261 00000310 0000006f
R 525 262 00000310 0000006f
R 527 263 00000310 0000006f
R 529 264 00000310 0000006f
R 531 265 00000310 0000006f
R 533 266 00000310 0000006f
R 535 267 00000310 0000006f
R 537 268 00000310 0000006f
R 539 269 00000310 0000006f
R 541 270 00000310 0000006f
R 543 271 00000310 0000006f
R 545 272 00000310 0000006f
R 547 273 00000310 0000006f
R 549 274 00000310 0000006f
R 551 275 00000310 0000006f
R 553 276 00000310 0000006f
R 555 277 00000310 0000006f
R 557 278 00000310 0000006f
R 559 279 00000310 0000006f
R 561 280 00000310 0000006f
R 563 281 00000310 0000006f
R 565 282 00000310 0000006f
R 567 283 00000310 0000006f
R 569 284 00000310 0000006f
R 571 285 00000310 0000006f
R 573 286 00000310 0000006f
R 575 287 00000310 0000006f
R 577 288 00000310 0000006f
R 579 289 00000310 0000006f
R 581 290 00000310 0000006f
R 583 291 00000310 0000006f
R 585 292 00000310 0000006f
R 587 293 00000310 0000006f
R 589 294 00000310 0000006f
R 591 295 00000310 0000006f
R 593 296 00000310 0000006f
R 595 297 00000310 0000006f
R 597 298 00000310 0000006f
R 599 299 00000310 0000006f
R 601 300 00000310 0000006f
R 603 301 00000310 0000006f
R 605 302 00000310 0000006f
R 607 303 00000310 0000006f
R 609 304 00000310 0000006f
R 611 305 00000310 0000006f
R 613 306 00000310 0000006f
R 615 307 00000310 0000006f
R 617 308 00000310 0000006f
R 619 309 00000310 0000006f
R 621 310 00000310 0000006f
R 623 311 00000310 0000006f
R 625 312 00000310 0000006f
R 627 313 00000310 0000006f
R 629 314 00000310 0000006f
R 631 315 00000310 0000006f
R 633 316 00000310 0000006f
R 635 317 00000310 0000006f
R 637 318 00000310 0000006f
R 639 319 00000310 0000006f
R 641 320 00000310 0000006f
R 643 321 00000310 0000006f
R 645 322 00000310 0000006f
R 647 323 00000310 0000006f
R 649 324 00000310 0000006f
R 651 325 00000310 0000006f
R 653 326 00000310 0000006f
R 655 327 00000310 0000006f
R 657 328 00000310 0000006f
R 659 329 00000310 0000006f
R 661 330 00000310 0000006f
R 663 331 00000310 0000006f
R 665 332 00000310 0000006f
R 667 333 00000310 0000006f
R 669 334 00000310 0000006f
R 671 335 00000310 0000006f
R 673 336 00000310 0000006f
R 675 337 00000310 0000006f
R 677 338 00000310 0000006f
R 679 339 00000310 0000006f
R 681 340 00000310 0000006f
R 683 341 00000310 0000006f
R 685 342 00000310 0000006f
R 687 343 00000310 0000006f
R 689 344 00000310 0000006f
R 691 345 00000310 0000006f
R 693 346 00000310 0000006f
R 695 347 00000310 0000006f
R 697 348 00000310 0000006f
R 699 349 00000310 0000006f
R 701 350 00000310 0000006f
R 703 351 00000310 0000006f
R 705 352 00000310 0000006f
R 707 353 00000310 0000006f
R 709 354 00000310 0000006f
R 711 355 00000310 0000006f
R 713 356 00000310 0000006f
R 715 357 00000310 0000006f
R 717 358 00000310 0000006f
R 719 359 00000310 0000006f
R 721 360 00000310 0000006f
R 723 361 00000310 0000006f
R 725 362 00000310 0000006f
R 727 363 00000310 0000006f
R 729 364 00000310 0000006f
R 731 365 00000310 0000006f
R 733 366 00000310 0000006f
R 735 367 00000310 0000006f
R 737 368 00000310 0000006f
R 739 369 00000310 0000006f
R 741 370 00000310 0000006f
R 743 371 00000310 0000006f
R 745 372 00000310 0000006f
R 747 373 00000310 0000006f
R 749 374 00000310 0000006f
R 751 375 00000310 0000006f
R 753 376 00000310 0000006f
R 755 377 00000310 0000006f
R 757 378 00000310 0000006f
R 759 379 00000310 0000006f
R 761 380 00000310 0000006f
R 763 381 00000310 0000006f
R 765 382 00000310 0000006f
R 767 383 00000310 0000006f
R 769 384 00000310 0000006f
R 771 385 00000310 0000006f
R 773 386 00000310 0000006f
R 775 387 00000310 0000006f
R 777 388 00000310 0000006f
R 779 389 00000310 0000006f
R 781 390 00000310 0000006f
R 783 391 00000310 0000006f
R 785 392 00000310 0000006f
R 787 393 00000310 0000006f
R 789 394 00000310 0000006f
R 791 395 00000310 0000006f
R 793 396 00000310 0000006f
R 795 397 00000310 0000006f
R 797 398 00000310 0000006f
R 799 399 00000310 0000006f
R 801 400 00000310 0000006f
R 803 401 00000310 0000006f
R 805 402 00000310 0000006f
R 807 403 00000310 0000006f
R 809 404 00000310 0000006f
R 811 405 00000310 0000006f
R 813 406 00000310 0000006f
R 815 407 00000310 0000006f
R 817 408 00000310 0000006f
R 819 409 00000310 0000006f
R 821 410 00000310 0000006f
R 823 411 00000310 0000006f
R 825 412 00000310 0000006f
R 827 413 00000310 0000006f
R 829 414 00000310 0000006f
R 831 415 00000310 0000006f
R 833 416 00000310 0000006f
R 835 417 00000310 0000006f
R 837 418 00000310 0000006f
R 839 419 00000310 0000006f
R 841 420 00000310 0000006f
R 843 421 00000310 0000006f
R 845 422 00000310 0000006f
R 847 423 00000310 0000006f
R 849 424 00000310 0000006f
R 851 425 00000310 0000006f
R 853 426 00000310 0000006f
R 855 427 00000310 0000006f
R 857 428 00000310 0000006f
R 859 429 00000310 0000006f
R 861 430 00000310 0000006f
R 863 431 00000310 0000006f
R 865 432 00000310 0000006f
R 867 433 00000310 0000006f
R 869 434 00000310 0000006f
R 871 435 00000310 0000006f
R 873 436 00000310 0000006f
R 875 437 00000310 0000006f
R 877 438 00000310 0000006f
R 879 439 00000310 0000006f
R 881 440 00000310 0000006f
R 883 441 00000310 0000006f
R 885 442 00000310 0000006f
R 887 443 00000310 0000006f
R 889 444 00000310 0000006f
R 891 445 00000310 0000006f
R 893 446 00000310 0000006f
R 895 447 00000310 0000006f
R 897 448 00000310 0000006f
R 899 449 00000310 0000006f
R 901 450 00000310 0000006f
R 903 451 00000310 0000006f
R 905 452 00000310 0000006f
R 907 453 00000310 0000006f
R 909 454 00000310 0000006f
R 911 455 00000310 0000006f
R 913 456 00000310 0000006f
R 915 457 00000310 0000006f
R 917 458 00000310 0000006f
R 919 459 00000310 0000006f
R 921 460 00000310 0000006f
R 923 461 00000310 0000006f
R 925 462 00000310 0000006f
R 927 463 00000310 0000006f
R 929 464 00000310 0000006f
R 931 465 00000310 0000006f
R 933 466 00000310 0000006f
R 935 467 00000310 0000006f
R 937 468 00000310 0000006f
R 939 469 00000310 0000006f
R 941 470 00000310 0000006f
R 943 471 00000310 0000006f
R 945 472 00000310 0000006f
R 947 473 00000310 0000006f
R 949 474 00000310 0000006f
R 951 475 00000310 0000006f
R 953 476 00000310 0000006f
R 955 477 00000310 0000006f
R 957 478 00000310 0000006f
R 959 479 00000310 0000006f
R 961 480 00000310 0000006f
R 963 481 00000310 0000006f
R 965 482 00000310 0000006f
R 967 483 00000310 0000006f
R 969 484 00000310 0000006f
R 971 485 00000310 0000006f
R 973 486 00000310 0000006f
R 975 487 00000310 0000006f
R 977 488 00000310 0000006f
R 979 489 00000310 0000006f
R 981 490 00000310 0000006f
R 983 491 00000310 0000006f
R 985 492 00000310 0000006f
R 987 493 00000310 0000006f
R 989 494 00000310 0000006f
R 991 495 00000310 0000006f
R 993 496 00000310 0000006f
R 995 497 00000310 0000006f
R 997 498 00000310 0000006f
R 999 499 00000310 0000006f
R 1001 500 00000310 0000006f
R 1003 501 00000310 0000006f
R 1005 502 00000310 0000006f
R 1007 503 00000310 0000006f
R 1009 504 00000310 0000006f
R 1011 505 00000310 0000006f
R 1013 506 00000310 0000006f
R 1015 507 00000310 0000006f
R 1017 508 00000310 0000006f
R 1019 509 00000310 0000006f
R 1021 510 00000310 0000006f
R 1023 511 00000310 0000006f
R 1025 512 00000310 0000006f
R 1027 513 00000310 0000006f
R 1029 514 00000310 0000006f
R 1031 515 00000310 0000006f
R 1033 516 00000310 0000006f
R 1035 517 00000310 0000006f
R 1037 518 00000310 0000006f
R 1039 519 00000310 0000006f
R 1041 520 00000310 0000006f
R 1043 521 00000310 0000006f
R 1045 522 00000310 0000006f
R 1047 523 00000310 0000006f
R 1049 524 00000310 0000006f
R 1051 525 00000310 0000006f
R 1053 526 00000310 0000006f
R 1055 527 00000310 0000006f
R 1057 528 00000310 0000006f
R 1059 529 00000310 0000006f
R 1061 530 00000310 0000006f
R 1063 531 00000310 0000006f
R 1065 532 00000310 0000006f
R 1067 533 00000310 0000006f
R 1069 534 00000310 0000006f
R 1071 535 00000310 0000006f
R 1073 536 00000310 0000006f
R 1075 537 00000310 0000006f
R 1077 538 00000310 0000006f
R 1079 539 00000310 0000006f
R 1081 540 00000310 0000006f
R 1083 541 00000310 0000006f
R 1085 542 00000310 0000006f
R 1087 543 00000310 0000006f
R 1089 544 00000310 0000006f
R 1091 545 00000310 0000006f
R 1093 546 00000310 0000006f
R 1095 547 00000310 0000006f
R 1097 548 00000310 0000006f
R 1099 549 00000310 0000006f
R 1101 550 00000310 0000006f
R 1103 551 00000310 0000006f
R 1105 552 00000310 0000006f
R 1107 553 00000310 0000006f
R 1109 554 00000310 0000006f
R 1111 555 00000310 0000006f
R 1113 556 00000310 0000006f
R 1115 557 00000310 0000006f
R 1117 558 00000310 0000006f
R 1119 559 00000310 0000006f
R 1121 560 00000310 0000006f
R 1123 561 00000310 0000006f
R 1125 562 00000310 0000006f
R 1127 563 00000310 0000006f
R 1129 564 00000310 0000006f
R 1131 565 00000310 0000006f
R 1133 566 00000310 0000006f
R 1135 567 00000310 0000006f
R 1137 568 00000310 0000006f
R 1139 569 00000310 0000006f
R 1141 570 00000310 0000006f
R 1143 571 00000310 0000006f
R 1145 572 00000310 0000006f
R 1147 573 00000310 0000006f
R 1149 574 00000310 0000006f
R 1151 575 00000310 0000006f
R 1153 576 00000310 0000006f
R 1155 577 00000310 0000006f
R 1157 578 00000310 0000006f
R 1159 579 00000310 0000006f
R 1161 580 00000310 0000006f
R 1163 581 00000310 0000006f
R 1165 582 00000310 0000006f
R 1167 583 00000310 0000006f
R 1169 584 00000310 0000006f
R 1171 585 00000310 0000006f
R 1173 586 00000310 0000006f
R 1175 587 00000310 0000006f
R 1177 588 00000310 0000006f
R 1179 589 00000310 0000006f
R 1181 590 00000310 0000006f
R 1183 591 00000310 0000006f
R 1185 592 00000310 0000006f
R 1187 593 00000310 0000006f
R 1189 594 00000310 0000006f
R 1191 595 00000310 0000006f
R 1193 596 00000310 0000006f
R 1195 597 00000310 0000006f
R 1197 598 00000310 0000006f
R 1199 599 00000310 0000006f
REG 0 00000000
REG 1 00000208
REG 2 00000000
REG 3 000000c7
REG 4 00000000
REG 5 00000000
REG 6 00000000
REG 7 00000000
REG 8 00000000
REG 9 00000000
REG 10 ffffffe0
REG 11 00000090
REG 12 00000208
REG 13 00000000
REG 14 00000000
REG 15 00000077
REG 16 00000000
REG 17 00000000
REG 18 00000000
REG 19 00000000
REG 20 00000000
REG 21 00000000
REG 22 00000000
REG 23 00000000
REG 24 00000000
REG 25 00000000
REG 26 00000000
REG 27 00000000
REG 28 00000000
REG 29 00000000
REG 30 00000000
REG 31 00000000
COUNTS sleep=1 clocks=1197 ai=0 ab=2 am=0 ifetch=1196 data=1 bitmap=0 hit=0 miss=0 dummy=0 expanded=0 predict=0 mispredict=0 keys=0
FINISH
- /home/dungpc/ndmoney4porche/projects/ibex/doc/dungpc/secure_ibex/evidence/secure.harness.sv:217: Verilog $finish
