CONFIG SEC=1 CACHE=0 PRED=0 DUAL=0 MODE=0 ZC=0 SCR=0 ICECC=0 OFFSET=1 PMP=0
SAMPLE 3 ai=0 ab=0 am=0 pc=0 mismatch=0 rf=0 mode=0
SECDET 3 pc=0 rf=0 intg=0
C 3 00000000 0 0 0 1 0 0
LOCK 4 rst=0 cmp=a mismatch=0 rf=0 cap=0
SAMPLE 4 ai=0 ab=0 am=0 pc=0 mismatch=0 rf=0 mode=0
SECDET 4 pc=0 rf=0 intg=0
C 4 00000000 0 0 0 1 1 0
LOCK 5 rst=1 cmp=a mismatch=0 rf=0 cap=0
SAMPLE 5 ai=0 ab=0 am=0 pc=0 mismatch=0 rf=0 mode=0
SECDET 5 pc=0 rf=0 intg=0
C 5 00000000 0 0 0 0 4 0
LOCK 6 rst=1 cmp=5 mismatch=0 rf=0 cap=0
SAMPLE 6 ai=0 ab=0 am=0 pc=0 mismatch=0 rf=0 mode=0
CSRDBG 6 addr=208 priv=3 dec=0 csr=0 raw=1 pw=0 dbg=0 op=0
SECDET 6 pc=0 rf=0 intg=0
C 6 00000080 1 0 0 0 5 0
LOCK 7 rst=1 cmp=5 mismatch=0 rf=0 cap=0
SAMPLE 7 ai=0 ab=0 am=0 pc=0 mismatch=0 rf=0 mode=0
W 7 1 00000208 000000000
CSRDBG 7 addr=000 priv=3 dec=0 csr=0 raw=1 pw=0 dbg=0 op=0
SECDET 7 pc=0 rf=0 intg=0
C 7 00000084 1 0 0 0 5 0
D 7 0 00000208 f 00000000 tag=0
LOCK 8 rst=1 cmp=5 mismatch=0 rf=0 cap=0
SAMPLE 8 ai=0 ab=0 am=0 pc=0 mismatch=0 rf=0 mode=0
W 8 2 44332211 000000000
CSRDBG 8 addr=0c8 priv=3 dec=0 csr=0 raw=1 pw=0 dbg=0 op=0
SECDET 8 pc=0 rf=0 intg=0
R 8 1 00000080 20800093
C 8 00000088 1 0 0 0 5 0
LOCK 9 rst=1 cmp=5 mismatch=0 rf=0 cap=0
SAMPLE 9 ai=0 ab=0 am=0 pc=0 mismatch=0 rf=0 mode=0
W 9 3 000000c8 000000000
CSRDBG 9 addr=fff priv=3 dec=0 csr=0 raw=1 pw=0 dbg=0 op=0
SECDET 9 pc=0 rf=0 intg=0
R 9 2 00000084 0000a103
C 9 0000008c 1 0 0 0 5 0
LOCK 10 rst=1 cmp=5 mismatch=0 rf=0 cap=0
SAMPLE 10 ai=0 ab=0 am=0 pc=0 mismatch=0 rf=0 mode=0
W 10 3 000000c7 000000000
CSRDBG 10 addr=fe0 priv=3 dec=0 csr=0 raw=1 pw=0 dbg=0 op=0
SECDET 10 pc=0 rf=0 intg=0
R 10 3 00000088 0c800193
C 10 00000090 1 0 0 1 5 0
LOCK 11 rst=1 cmp=5 mismatch=0 rf=0 cap=0
SAMPLE 11 ai=0 ab=0 am=0 pc=0 mismatch=0 rf=0 mode=0
SECDET 11 pc=0 rf=0 intg=0
R 11 4 0000008c fff18193
C 11 00000090 0 0 0 0 5 0
LOCK 12 rst=1 cmp=5 mismatch=0 rf=0 cap=0
SAMPLE 12 ai=0 ab=0 am=0 pc=0 mismatch=0 rf=0 mode=0
CSRDBG 12 addr=fff priv=3 dec=0 csr=0 raw=1 pw=0 dbg=0 op=0
SECDET 12 pc=0 rf=0 intg=0
R 12 5 00000090 fe019ee3
C 12 0000008c 1 0 0 0 5 0
LOCK 13 rst=1 cmp=5 mismatch=0 rf=0 cap=0
SAMPLE 13 ai=0 ab=0 am=0 pc=0 mismatch=0 rf=0 mode=0
W 13 3 000000c6 000000000
CSRDBG 13 addr=fe0 priv=3 dec=0 csr=0 raw=1 pw=0 dbg=0 op=0
SECDET 13 pc=0 rf=0 intg=0
C 13 00000090 1 0 0 1 5 0
LOCK 14 rst=1 cmp=5 mismatch=0 rf=0 cap=0
SAMPLE 14 ai=0 ab=0 am=0 pc=0 mismatch=0 rf=0 mode=0
SECDET 14 pc=0 rf=0 intg=0
R 14 6 0000008c fff18193
C 14 00000090 0 0 0 0 5 0
LOCK 15 rst=1 cmp=5 mismatch=0 rf=0 cap=0
SAMPLE 15 ai=0 ab=0 am=0 pc=0 mismatch=0 rf=0 mode=0
CSRDBG 15 addr=fff priv=3 dec=0 csr=0 raw=1 pw=0 dbg=0 op=0
SECDET 15 pc=0 rf=0 intg=0
R 15 7 00000090 fe019ee3
C 15 0000008c 1 0 0 0 5 0
LOCK 16 rst=1 cmp=5 mismatch=0 rf=0 cap=0
SAMPLE 16 ai=0 ab=0 am=0 pc=0 mismatch=0 rf=0 mode=0
W 16 3 000000c5 000000000
CSRDBG 16 addr=fe0 priv=3 dec=0 csr=0 raw=1 pw=0 dbg=0 op=0
SECDET 16 pc=0 rf=0 intg=0
C 16 00000090 1 0 0 1 5 0
LOCK 17 rst=1 cmp=5 mismatch=0 rf=0 cap=0
SAMPLE 17 ai=0 ab=0 am=0 pc=0 mismatch=0 rf=0 mode=0
SECDET 17 pc=0 rf=0 intg=0
R 17 8 0000008c fff18193
C 17 00000090 0 0 0 0 5 0
LOCK 18 rst=1 cmp=5 mismatch=0 rf=0 cap=0
SAMPLE 18 ai=0 ab=0 am=0 pc=0 mismatch=0 rf=0 mode=0
CSRDBG 18 addr=fff priv=3 dec=0 csr=0 raw=1 pw=0 dbg=0 op=0
SECDET 18 pc=0 rf=0 intg=0
R 18 9 00000090 fe019ee3
C 18 0000008c 1 0 0 0 5 0
LOCK 19 rst=1 cmp=5 mismatch=0 rf=0 cap=0
SAMPLE 19 ai=0 ab=0 am=0 pc=0 mismatch=0 rf=0 mode=0
W 19 3 000000c4 000000000
CSRDBG 19 addr=fe0 priv=3 dec=0 csr=0 raw=1 pw=0 dbg=0 op=0
SECDET 19 pc=0 rf=0 intg=0
C 19 00000090 1 0 0 1 5 0
LOCK 20 rst=1 cmp=5 mismatch=0 rf=0 cap=0
SAMPLE 20 ai=0 ab=0 am=0 pc=0 mismatch=0 rf=0 mode=0
SECDET 20 pc=0 rf=0 intg=0
R 20 10 0000008c fff18193
C 20 00000090 0 0 0 0 5 0
LOCK 21 rst=1 cmp=5 mismatch=0 rf=0 cap=0
SAMPLE 21 ai=0 ab=0 am=0 pc=0 mismatch=0 rf=0 mode=0
CSRDBG 21 addr=fff priv=3 dec=0 csr=0 raw=1 pw=0 dbg=0 op=0
SECDET 21 pc=0 rf=0 intg=0
R 21 11 00000090 fe019ee3
C 21 0000008c 1 0 0 0 5 0
LOCK 22 rst=1 cmp=5 mismatch=0 rf=0 cap=0
SAMPLE 22 ai=0 ab=0 am=0 pc=0 mismatch=0 rf=0 mode=0
W 22 3 000000c3 000000000
CSRDBG 22 addr=fe0 priv=3 dec=0 csr=0 raw=1 pw=0 dbg=0 op=0
SECDET 22 pc=0 rf=0 intg=0
C 22 00000090 1 0 0 1 5 0
LOCK 23 rst=1 cmp=5 mismatch=0 rf=0 cap=0
SAMPLE 23 ai=0 ab=0 am=0 pc=0 mismatch=0 rf=0 mode=0
SECDET 23 pc=0 rf=0 intg=0
R 23 12 0000008c fff18193
C 23 00000090 0 0 0 0 5 0
LOCK 24 rst=1 cmp=5 mismatch=0 rf=0 cap=0
SAMPLE 24 ai=0 ab=0 am=0 pc=0 mismatch=0 rf=0 mode=0
CSRDBG 24 addr=fff priv=3 dec=0 csr=0 raw=1 pw=0 dbg=0 op=0
SECDET 24 pc=0 rf=0 intg=0
R 24 13 00000090 fe019ee3
C 24 0000008c 1 0 0 0 5 0
LOCK 25 rst=1 cmp=5 mismatch=0 rf=0 cap=0
SAMPLE 25 ai=0 ab=0 am=0 pc=0 mismatch=0 rf=0 mode=0
W 25 3 000000c2 000000000
CSRDBG 25 addr=fe0 priv=3 dec=0 csr=0 raw=1 pw=0 dbg=0 op=0
SECDET 25 pc=0 rf=0 intg=0
C 25 00000090 1 0 0 1 5 0
LOCK 26 rst=1 cmp=5 mismatch=0 rf=0 cap=0
SAMPLE 26 ai=0 ab=0 am=0 pc=0 mismatch=0 rf=0 mode=0
SECDET 26 pc=0 rf=0 intg=0
R 26 14 0000008c fff18193
C 26 00000090 0 0 0 0 5 0
LOCK 27 rst=1 cmp=5 mismatch=0 rf=0 cap=0
SAMPLE 27 ai=0 ab=0 am=0 pc=0 mismatch=0 rf=0 mode=0
CSRDBG 27 addr=fff priv=3 dec=0 csr=0 raw=1 pw=0 dbg=0 op=0
SECDET 27 pc=0 rf=0 intg=0
R 27 15 00000090 fe019ee3
C 27 0000008c 1 0 0 0 5 0
LOCK 28 rst=1 cmp=5 mismatch=0 rf=0 cap=0
SAMPLE 28 ai=0 ab=0 am=0 pc=0 mismatch=0 rf=0 mode=0
W 28 3 000000c1 000000000
CSRDBG 28 addr=fe0 priv=3 dec=0 csr=0 raw=1 pw=0 dbg=0 op=0
SECDET 28 pc=0 rf=0 intg=0
C 28 00000090 1 0 0 1 5 0
LOCK 29 rst=1 cmp=5 mismatch=0 rf=0 cap=0
SAMPLE 29 ai=0 ab=0 am=0 pc=0 mismatch=0 rf=0 mode=0
SECDET 29 pc=0 rf=0 intg=0
R 29 16 0000008c fff18193
C 29 00000090 0 0 0 0 5 0
LOCK 30 rst=1 cmp=5 mismatch=0 rf=0 cap=0
SAMPLE 30 ai=0 ab=0 am=0 pc=0 mismatch=0 rf=0 mode=0
CSRDBG 30 addr=fff priv=3 dec=0 csr=0 raw=1 pw=0 dbg=0 op=0
SECDET 30 pc=0 rf=0 intg=0
R 30 17 00000090 fe019ee3
C 30 0000008c 1 0 0 0 5 0
LOCK 31 rst=1 cmp=5 mismatch=0 rf=0 cap=0
SAMPLE 31 ai=0 ab=0 am=0 pc=0 mismatch=0 rf=0 mode=0
W 31 3 000000c0 000000000
CSRDBG 31 addr=fe0 priv=3 dec=0 csr=0 raw=1 pw=0 dbg=0 op=0
SECDET 31 pc=0 rf=0 intg=0
C 31 00000090 1 0 0 1 5 0
LOCK 32 rst=1 cmp=5 mismatch=0 rf=0 cap=0
SAMPLE 32 ai=0 ab=0 am=0 pc=0 mismatch=0 rf=0 mode=0
SECDET 32 pc=0 rf=0 intg=0
R 32 18 0000008c fff18193
C 32 00000090 0 0 0 0 5 0
LOCK 33 rst=1 cmp=5 mismatch=0 rf=0 cap=0
SAMPLE 33 ai=0 ab=0 am=0 pc=0 mismatch=0 rf=0 mode=0
CSRDBG 33 addr=fff priv=3 dec=0 csr=0 raw=1 pw=0 dbg=0 op=0
SECDET 33 pc=0 rf=0 intg=0
R 33 19 00000090 fe019ee3
C 33 0000008c 1 0 0 0 5 0
LOCK 34 rst=1 cmp=5 mismatch=0 rf=0 cap=0
SAMPLE 34 ai=0 ab=0 am=0 pc=0 mismatch=0 rf=0 mode=0
W 34 3 000000bf 000000000
CSRDBG 34 addr=fe0 priv=3 dec=0 csr=0 raw=1 pw=0 dbg=0 op=0
SECDET 34 pc=0 rf=0 intg=0
C 34 00000090 1 0 0 1 5 0
LOCK 35 rst=1 cmp=5 mismatch=0 rf=0 cap=0
SAMPLE 35 ai=0 ab=0 am=0 pc=0 mismatch=0 rf=0 mode=0
SECDET 35 pc=0 rf=0 intg=0
R 35 20 0000008c fff18193
C 35 00000090 0 0 0 0 5 0
LOCK 36 rst=1 cmp=5 mismatch=0 rf=0 cap=0
SAMPLE 36 ai=0 ab=0 am=0 pc=0 mismatch=0 rf=0 mode=0
CSRDBG 36 addr=fff priv=3 dec=0 csr=0 raw=1 pw=0 dbg=0 op=0
SECDET 36 pc=0 rf=0 intg=0
R 36 21 00000090 fe019ee3
C 36 0000008c 1 0 0 0 5 0
LOCK 37 rst=1 cmp=5 mismatch=0 rf=0 cap=0
SAMPLE 37 ai=0 ab=0 am=0 pc=0 mismatch=0 rf=0 mode=0
W 37 3 000000be 000000000
CSRDBG 37 addr=fe0 priv=3 dec=0 csr=0 raw=1 pw=0 dbg=0 op=0
SECDET 37 pc=0 rf=0 intg=0
C 37 00000090 1 0 0 1 5 0
LOCK 38 rst=1 cmp=5 mismatch=0 rf=0 cap=0
SAMPLE 38 ai=0 ab=0 am=0 pc=0 mismatch=0 rf=0 mode=0
SECDET 38 pc=0 rf=0 intg=0
R 38 22 0000008c fff18193
C 38 00000090 0 0 0 0 5 0
LOCK 39 rst=1 cmp=5 mismatch=0 rf=0 cap=0
SAMPLE 39 ai=0 ab=0 am=0 pc=0 mismatch=0 rf=0 mode=0
CSRDBG 39 addr=fff priv=3 dec=0 csr=0 raw=1 pw=0 dbg=0 op=0
SECDET 39 pc=0 rf=0 intg=0
R 39 23 00000090 fe019ee3
C 39 0000008c 1 0 0 0 5 0
LOCK 40 rst=1 cmp=5 mismatch=0 rf=0 cap=0
SAMPLE 40 ai=0 ab=0 am=0 pc=0 mismatch=0 rf=0 mode=0
W 40 3 000000bd 000000000
CSRDBG 40 addr=fe0 priv=3 dec=0 csr=0 raw=1 pw=0 dbg=0 op=0
SECDET 40 pc=0 rf=0 intg=0
C 40 00000090 1 0 0 1 5 0
LOCK 41 rst=1 cmp=5 mismatch=0 rf=0 cap=0
SAMPLE 41 ai=0 ab=0 am=0 pc=0 mismatch=0 rf=0 mode=0
SECDET 41 pc=0 rf=0 intg=0
R 41 24 0000008c fff18193
C 41 00000090 0 0 0 0 5 0
LOCK 42 rst=1 cmp=5 mismatch=0 rf=0 cap=0
SAMPLE 42 ai=0 ab=0 am=0 pc=0 mismatch=0 rf=0 mode=0
CSRDBG 42 addr=fff priv=3 dec=0 csr=0 raw=1 pw=0 dbg=0 op=0
SECDET 42 pc=0 rf=0 intg=0
R 42 25 00000090 fe019ee3
C 42 0000008c 1 0 0 0 5 0
LOCK 43 rst=1 cmp=5 mismatch=0 rf=0 cap=0
SAMPLE 43 ai=0 ab=0 am=0 pc=0 mismatch=0 rf=0 mode=0
W 43 3 000000bc 000000000
CSRDBG 43 addr=fe0 priv=3 dec=0 csr=0 raw=1 pw=0 dbg=0 op=0
SECDET 43 pc=0 rf=0 intg=0
C 43 00000090 1 0 0 1 5 0
LOCK 44 rst=1 cmp=5 mismatch=0 rf=0 cap=0
SAMPLE 44 ai=0 ab=0 am=0 pc=0 mismatch=0 rf=0 mode=0
SECDET 44 pc=0 rf=0 intg=0
R 44 26 0000008c fff18193
C 44 00000090 0 0 0 0 5 0
LOCK 45 rst=1 cmp=5 mismatch=0 rf=0 cap=0
SAMPLE 45 ai=0 ab=0 am=0 pc=0 mismatch=0 rf=0 mode=0
CSRDBG 45 addr=fff priv=3 dec=0 csr=0 raw=1 pw=0 dbg=0 op=0
SECDET 45 pc=0 rf=0 intg=0
R 45 27 00000090 fe019ee3
C 45 0000008c 1 0 0 0 5 0
LOCK 46 rst=1 cmp=5 mismatch=0 rf=0 cap=0
SAMPLE 46 ai=0 ab=0 am=0 pc=0 mismatch=0 rf=0 mode=0
W 46 3 000000bb 000000000
CSRDBG 46 addr=fe0 priv=3 dec=0 csr=0 raw=1 pw=0 dbg=0 op=0
SECDET 46 pc=0 rf=0 intg=0
C 46 00000090 1 0 0 1 5 0
LOCK 47 rst=1 cmp=5 mismatch=0 rf=0 cap=0
SAMPLE 47 ai=0 ab=0 am=0 pc=0 mismatch=0 rf=0 mode=0
SECDET 47 pc=0 rf=0 intg=0
R 47 28 0000008c fff18193
C 47 00000090 0 0 0 0 5 0
LOCK 48 rst=1 cmp=5 mismatch=0 rf=0 cap=0
SAMPLE 48 ai=0 ab=0 am=0 pc=0 mismatch=0 rf=0 mode=0
CSRDBG 48 addr=fff priv=3 dec=0 csr=0 raw=1 pw=0 dbg=0 op=0
SECDET 48 pc=0 rf=0 intg=0
R 48 29 00000090 fe019ee3
C 48 0000008c 1 0 0 0 5 0
LOCK 49 rst=1 cmp=5 mismatch=0 rf=0 cap=0
SAMPLE 49 ai=0 ab=0 am=0 pc=0 mismatch=0 rf=0 mode=0
W 49 3 000000ba 000000000
CSRDBG 49 addr=fe0 priv=3 dec=0 csr=0 raw=1 pw=0 dbg=0 op=0
SECDET 49 pc=0 rf=0 intg=0
C 49 00000090 1 0 0 1 5 0
LOCK 50 rst=1 cmp=5 mismatch=0 rf=0 cap=0
SAMPLE 50 ai=0 ab=0 am=0 pc=0 mismatch=0 rf=0 mode=0
SECDET 50 pc=0 rf=0 intg=0
R 50 30 0000008c fff18193
C 50 00000090 0 0 0 0 5 0
LOCK 51 rst=1 cmp=5 mismatch=0 rf=0 cap=0
SAMPLE 51 ai=0 ab=0 am=0 pc=0 mismatch=0 rf=0 mode=0
CSRDBG 51 addr=fff priv=3 dec=0 csr=0 raw=1 pw=0 dbg=0 op=0
SECDET 51 pc=0 rf=0 intg=0
R 51 31 00000090 fe019ee3
C 51 0000008c 1 0 0 0 5 0
LOCK 52 rst=1 cmp=5 mismatch=0 rf=0 cap=0
SAMPLE 52 ai=0 ab=0 am=0 pc=0 mismatch=0 rf=0 mode=0
W 52 3 000000b9 000000000
CSRDBG 52 addr=fe0 priv=3 dec=0 csr=0 raw=1 pw=0 dbg=0 op=0
SECDET 52 pc=0 rf=0 intg=0
C 52 00000090 1 0 0 1 5 0
LOCK 53 rst=1 cmp=5 mismatch=0 rf=0 cap=0
SAMPLE 53 ai=0 ab=0 am=0 pc=0 mismatch=0 rf=0 mode=0
SECDET 53 pc=0 rf=0 intg=0
R 53 32 0000008c fff18193
C 53 00000090 0 0 0 0 5 0
LOCK 54 rst=1 cmp=5 mismatch=0 rf=0 cap=0
SAMPLE 54 ai=0 ab=0 am=0 pc=0 mismatch=0 rf=0 mode=0
CSRDBG 54 addr=fff priv=3 dec=0 csr=0 raw=1 pw=0 dbg=0 op=0
SECDET 54 pc=0 rf=0 intg=0
R 54 33 00000090 fe019ee3
C 54 0000008c 1 0 0 0 5 0
LOCK 55 rst=1 cmp=5 mismatch=0 rf=0 cap=0
SAMPLE 55 ai=0 ab=0 am=0 pc=0 mismatch=0 rf=0 mode=0
W 55 3 000000b8 000000000
CSRDBG 55 addr=fe0 priv=3 dec=0 csr=0 raw=1 pw=0 dbg=0 op=0
SECDET 55 pc=0 rf=0 intg=0
C 55 00000090 1 0 0 1 5 0
LOCK 56 rst=1 cmp=5 mismatch=0 rf=0 cap=0
SAMPLE 56 ai=0 ab=0 am=0 pc=0 mismatch=0 rf=0 mode=0
SECDET 56 pc=0 rf=0 intg=0
R 56 34 0000008c fff18193
C 56 00000090 0 0 0 0 5 0
LOCK 57 rst=1 cmp=5 mismatch=0 rf=0 cap=0
SAMPLE 57 ai=0 ab=0 am=0 pc=0 mismatch=0 rf=0 mode=0
CSRDBG 57 addr=fff priv=3 dec=0 csr=0 raw=1 pw=0 dbg=0 op=0
SECDET 57 pc=0 rf=0 intg=0
R 57 35 00000090 fe019ee3
C 57 0000008c 1 0 0 0 5 0
LOCK 58 rst=1 cmp=5 mismatch=0 rf=0 cap=0
SAMPLE 58 ai=0 ab=0 am=0 pc=0 mismatch=0 rf=0 mode=0
W 58 3 000000b7 000000000
CSRDBG 58 addr=fe0 priv=3 dec=0 csr=0 raw=1 pw=0 dbg=0 op=0
SECDET 58 pc=0 rf=0 intg=0
C 58 00000090 1 0 0 1 5 0
LOCK 59 rst=1 cmp=5 mismatch=0 rf=0 cap=0
SAMPLE 59 ai=0 ab=0 am=0 pc=0 mismatch=0 rf=0 mode=0
SECDET 59 pc=0 rf=0 intg=0
R 59 36 0000008c fff18193
C 59 00000090 0 0 0 0 5 0
LOCK 60 rst=1 cmp=5 mismatch=0 rf=0 cap=0
SAMPLE 60 ai=0 ab=0 am=0 pc=0 mismatch=0 rf=0 mode=0
CSRDBG 60 addr=fff priv=3 dec=0 csr=0 raw=1 pw=0 dbg=0 op=0
SECDET 60 pc=0 rf=0 intg=0
R 60 37 00000090 fe019ee3
C 60 0000008c 1 0 0 0 5 0
LOCK 61 rst=1 cmp=5 mismatch=0 rf=0 cap=0
SAMPLE 61 ai=0 ab=0 am=0 pc=0 mismatch=0 rf=0 mode=0
W 61 3 000000b6 000000000
CSRDBG 61 addr=fe0 priv=3 dec=0 csr=0 raw=1 pw=0 dbg=0 op=0
SECDET 61 pc=0 rf=0 intg=0
C 61 00000090 1 0 0 1 5 0
LOCK 62 rst=1 cmp=5 mismatch=0 rf=0 cap=0
SAMPLE 62 ai=0 ab=0 am=0 pc=0 mismatch=0 rf=0 mode=0
SECDET 62 pc=0 rf=0 intg=0
R 62 38 0000008c fff18193
C 62 00000090 0 0 0 0 5 0
LOCK 63 rst=1 cmp=5 mismatch=0 rf=0 cap=0
SAMPLE 63 ai=0 ab=0 am=0 pc=0 mismatch=0 rf=0 mode=0
CSRDBG 63 addr=fff priv=3 dec=0 csr=0 raw=1 pw=0 dbg=0 op=0
SECDET 63 pc=0 rf=0 intg=0
R 63 39 00000090 fe019ee3
C 63 0000008c 1 0 0 0 5 0
LOCK 64 rst=1 cmp=5 mismatch=0 rf=0 cap=0
SAMPLE 64 ai=0 ab=0 am=0 pc=0 mismatch=0 rf=0 mode=0
W 64 3 000000b5 000000000
CSRDBG 64 addr=fe0 priv=3 dec=0 csr=0 raw=1 pw=0 dbg=0 op=0
SECDET 64 pc=0 rf=0 intg=0
C 64 00000090 1 0 0 1 5 0
LOCK 65 rst=1 cmp=5 mismatch=0 rf=0 cap=0
SAMPLE 65 ai=0 ab=0 am=0 pc=0 mismatch=0 rf=0 mode=0
SECDET 65 pc=0 rf=0 intg=0
R 65 40 0000008c fff18193
C 65 00000090 0 0 0 0 5 0
LOCK 66 rst=1 cmp=5 mismatch=0 rf=0 cap=0
SAMPLE 66 ai=0 ab=0 am=0 pc=0 mismatch=0 rf=0 mode=0
CSRDBG 66 addr=fff priv=3 dec=0 csr=0 raw=1 pw=0 dbg=0 op=0
SECDET 66 pc=0 rf=0 intg=0
R 66 41 00000090 fe019ee3
C 66 0000008c 1 0 0 0 5 0
LOCK 67 rst=1 cmp=5 mismatch=0 rf=0 cap=0
SAMPLE 67 ai=0 ab=0 am=0 pc=0 mismatch=0 rf=0 mode=0
W 67 3 000000b4 000000000
CSRDBG 67 addr=fe0 priv=3 dec=0 csr=0 raw=1 pw=0 dbg=0 op=0
SECDET 67 pc=0 rf=0 intg=0
C 67 00000090 1 0 0 1 5 0
LOCK 68 rst=1 cmp=5 mismatch=0 rf=0 cap=0
SAMPLE 68 ai=0 ab=0 am=0 pc=0 mismatch=0 rf=0 mode=0
SECDET 68 pc=0 rf=0 intg=0
R 68 42 0000008c fff18193
C 68 00000090 0 0 0 0 5 0
LOCK 69 rst=1 cmp=5 mismatch=0 rf=0 cap=0
SAMPLE 69 ai=0 ab=0 am=0 pc=0 mismatch=0 rf=0 mode=0
CSRDBG 69 addr=fff priv=3 dec=0 csr=0 raw=1 pw=0 dbg=0 op=0
SECDET 69 pc=0 rf=0 intg=0
R 69 43 00000090 fe019ee3
C 69 0000008c 1 0 0 0 5 0
LOCK 70 rst=1 cmp=5 mismatch=0 rf=0 cap=0
SAMPLE 70 ai=0 ab=0 am=0 pc=0 mismatch=0 rf=0 mode=0
W 70 3 000000b3 000000000
CSRDBG 70 addr=fe0 priv=3 dec=0 csr=0 raw=1 pw=0 dbg=0 op=0
SECDET 70 pc=0 rf=0 intg=0
C 70 00000090 1 0 0 1 5 0
LOCK 71 rst=1 cmp=5 mismatch=0 rf=0 cap=0
SAMPLE 71 ai=0 ab=0 am=0 pc=0 mismatch=0 rf=0 mode=0
SECDET 71 pc=0 rf=0 intg=0
R 71 44 0000008c fff18193
C 71 00000090 0 0 0 0 5 0
LOCK 72 rst=1 cmp=5 mismatch=0 rf=0 cap=0
SAMPLE 72 ai=0 ab=0 am=0 pc=0 mismatch=0 rf=0 mode=0
CSRDBG 72 addr=fff priv=3 dec=0 csr=0 raw=1 pw=0 dbg=0 op=0
SECDET 72 pc=0 rf=0 intg=0
R 72 45 00000090 fe019ee3
C 72 0000008c 1 0 0 0 5 0
LOCK 73 rst=1 cmp=5 mismatch=0 rf=0 cap=0
SAMPLE 73 ai=0 ab=0 am=0 pc=0 mismatch=0 rf=0 mode=0
W 73 3 000000b2 000000000
CSRDBG 73 addr=fe0 priv=3 dec=0 csr=0 raw=1 pw=0 dbg=0 op=0
SECDET 73 pc=0 rf=0 intg=0
C 73 00000090 1 0 0 1 5 0
LOCK 74 rst=1 cmp=5 mismatch=0 rf=0 cap=0
SAMPLE 74 ai=0 ab=0 am=0 pc=0 mismatch=0 rf=0 mode=0
SECDET 74 pc=0 rf=0 intg=0
R 74 46 0000008c fff18193
C 74 00000090 0 0 0 0 5 0
LOCK 75 rst=1 cmp=5 mismatch=0 rf=0 cap=0
SAMPLE 75 ai=0 ab=0 am=0 pc=0 mismatch=0 rf=0 mode=0
CSRDBG 75 addr=fff priv=3 dec=0 csr=0 raw=1 pw=0 dbg=0 op=0
SECDET 75 pc=0 rf=0 intg=0
R 75 47 00000090 fe019ee3
C 75 0000008c 1 0 0 0 5 0
LOCK 76 rst=1 cmp=5 mismatch=0 rf=0 cap=0
SAMPLE 76 ai=0 ab=0 am=0 pc=0 mismatch=0 rf=0 mode=0
W 76 3 000000b1 000000000
CSRDBG 76 addr=fe0 priv=3 dec=0 csr=0 raw=1 pw=0 dbg=0 op=0
SECDET 76 pc=0 rf=0 intg=0
C 76 00000090 1 0 0 1 5 0
LOCK 77 rst=1 cmp=5 mismatch=0 rf=0 cap=0
SAMPLE 77 ai=0 ab=0 am=0 pc=0 mismatch=0 rf=0 mode=0
SECDET 77 pc=0 rf=0 intg=0
R 77 48 0000008c fff18193
C 77 00000090 0 0 0 0 5 0
LOCK 78 rst=1 cmp=5 mismatch=0 rf=0 cap=0
SAMPLE 78 ai=0 ab=0 am=0 pc=0 mismatch=0 rf=0 mode=0
CSRDBG 78 addr=fff priv=3 dec=0 csr=0 raw=1 pw=0 dbg=0 op=0
SECDET 78 pc=0 rf=0 intg=0
R 78 49 00000090 fe019ee3
C 78 0000008c 1 0 0 0 5 0
LOCK 79 rst=1 cmp=5 mismatch=0 rf=0 cap=0
SAMPLE 79 ai=0 ab=0 am=0 pc=0 mismatch=0 rf=0 mode=0
W 79 3 000000b0 000000000
CSRDBG 79 addr=fe0 priv=3 dec=0 csr=0 raw=1 pw=0 dbg=0 op=0
SECDET 79 pc=0 rf=0 intg=0
C 79 00000090 1 0 0 1 5 0
LOCK 80 rst=1 cmp=5 mismatch=0 rf=0 cap=0
SAMPLE 80 ai=0 ab=0 am=0 pc=0 mismatch=0 rf=0 mode=0
SECDET 80 pc=0 rf=0 intg=0
R 80 50 0000008c fff18193
C 80 00000090 0 0 0 0 5 0
LOCK 81 rst=1 cmp=5 mismatch=0 rf=0 cap=0
SAMPLE 81 ai=0 ab=0 am=0 pc=0 mismatch=0 rf=0 mode=0
SECDET 81 pc=0 rf=0 intg=0
R 81 51 00000090 fe019ee3
C 81 0000008c 1 0 0 0 5 0
LOCK 82 rst=1 cmp=5 mismatch=0 rf=0 cap=0
SAMPLE 82 ai=0 ab=0 am=0 pc=0 mismatch=0 rf=0 mode=0
W 82 3 000000af 000000000
SECDET 82 pc=0 rf=0 intg=0
C 82 00000090 1 0 0 1 5 0
LOCK 83 rst=1 cmp=5 mismatch=0 rf=0 cap=0
SAMPLE 83 ai=0 ab=0 am=0 pc=0 mismatch=0 rf=0 mode=0
SECDET 83 pc=0 rf=0 intg=0
R 83 52 0000008c fff18193
C 83 00000090 0 0 0 0 5 0
LOCK 84 rst=1 cmp=5 mismatch=0 rf=0 cap=0
SAMPLE 84 ai=0 ab=0 am=0 pc=0 mismatch=0 rf=0 mode=0
SECDET 84 pc=0 rf=0 intg=0
R 84 53 00000090 fe019ee3
C 84 0000008c 1 0 0 0 5 0
LOCK 85 rst=1 cmp=5 mismatch=0 rf=0 cap=0
SAMPLE 85 ai=0 ab=0 am=0 pc=0 mismatch=0 rf=0 mode=0
W 85 3 000000ae 000000000
SECDET 85 pc=0 rf=0 intg=0
C 85 00000090 1 0 0 1 5 0
LOCK 86 rst=1 cmp=5 mismatch=0 rf=0 cap=0
SAMPLE 86 ai=0 ab=0 am=0 pc=0 mismatch=0 rf=0 mode=0
SECDET 86 pc=0 rf=0 intg=0
R 86 54 0000008c fff18193
C 86 00000090 0 0 0 0 5 0
LOCK 87 rst=1 cmp=5 mismatch=0 rf=0 cap=0
SAMPLE 87 ai=0 ab=0 am=0 pc=0 mismatch=0 rf=0 mode=0
SECDET 87 pc=0 rf=0 intg=0
R 87 55 00000090 fe019ee3
C 87 0000008c 1 0 0 0 5 0
LOCK 88 rst=1 cmp=5 mismatch=0 rf=0 cap=0
SAMPLE 88 ai=0 ab=0 am=0 pc=0 mismatch=0 rf=0 mode=0
W 88 3 000000ad 000000000
SECDET 88 pc=0 rf=0 intg=0
C 88 00000090 1 0 0 1 5 0
LOCK 89 rst=1 cmp=5 mismatch=0 rf=0 cap=0
SAMPLE 89 ai=0 ab=0 am=0 pc=0 mismatch=0 rf=0 mode=0
SECDET 89 pc=0 rf=0 intg=0
R 89 56 0000008c fff18193
C 89 00000090 0 0 0 0 5 0
LOCK 90 rst=1 cmp=5 mismatch=0 rf=0 cap=0
SAMPLE 90 ai=0 ab=0 am=0 pc=0 mismatch=0 rf=0 mode=0
SECDET 90 pc=0 rf=0 intg=0
R 90 57 00000090 fe019ee3
C 90 0000008c 1 0 0 0 5 0
LOCK 91 rst=1 cmp=5 mismatch=0 rf=0 cap=0
SAMPLE 91 ai=0 ab=0 am=0 pc=0 mismatch=0 rf=0 mode=0
W 91 3 000000ac 000000000
SECDET 91 pc=0 rf=0 intg=0
C 91 00000090 1 0 0 1 5 0
LOCK 92 rst=1 cmp=5 mismatch=0 rf=0 cap=0
SAMPLE 92 ai=0 ab=0 am=0 pc=0 mismatch=0 rf=0 mode=0
SECDET 92 pc=0 rf=0 intg=0
R 92 58 0000008c fff18193
C 92 00000090 0 0 0 0 5 0
LOCK 93 rst=1 cmp=5 mismatch=0 rf=0 cap=0
SAMPLE 93 ai=0 ab=0 am=0 pc=0 mismatch=0 rf=0 mode=0
SECDET 93 pc=0 rf=0 intg=0
R 93 59 00000090 fe019ee3
C 93 0000008c 1 0 0 0 5 0
LOCK 94 rst=1 cmp=5 mismatch=0 rf=0 cap=0
SAMPLE 94 ai=0 ab=0 am=0 pc=0 mismatch=0 rf=0 mode=0
W 94 3 000000ab 000000000
SECDET 94 pc=0 rf=0 intg=0
C 94 00000090 1 0 0 1 5 0
LOCK 95 rst=1 cmp=5 mismatch=0 rf=0 cap=0
SAMPLE 95 ai=0 ab=0 am=0 pc=0 mismatch=0 rf=0 mode=0
SECDET 95 pc=0 rf=0 intg=0
R 95 60 0000008c fff18193
C 95 00000090 0 0 0 0 5 0
LOCK 96 rst=1 cmp=5 mismatch=0 rf=0 cap=0
SAMPLE 96 ai=0 ab=0 am=0 pc=0 mismatch=0 rf=0 mode=0
SECDET 96 pc=0 rf=0 intg=0
R 96 61 00000090 fe019ee3
C 96 0000008c 1 0 0 0 5 0
LOCK 97 rst=1 cmp=5 mismatch=0 rf=0 cap=0
SAMPLE 97 ai=0 ab=0 am=0 pc=0 mismatch=0 rf=0 mode=0
W 97 3 000000aa 000000000
SECDET 97 pc=0 rf=0 intg=0
C 97 00000090 1 0 0 1 5 0
LOCK 98 rst=1 cmp=5 mismatch=0 rf=0 cap=0
SAMPLE 98 ai=0 ab=0 am=0 pc=0 mismatch=0 rf=0 mode=0
SECDET 98 pc=0 rf=0 intg=0
R 98 62 0000008c fff18193
C 98 00000090 0 0 0 0 5 0
LOCK 99 rst=1 cmp=5 mismatch=0 rf=0 cap=0
SAMPLE 99 ai=0 ab=0 am=0 pc=0 mismatch=0 rf=0 mode=0
SECDET 99 pc=0 rf=0 intg=0
R 99 63 00000090 fe019ee3
C 99 0000008c 1 0 0 0 5 0
LOCK 100 rst=1 cmp=5 mismatch=0 rf=0 cap=0
INJECT 100 fault=7
SAMPLE 100 ai=0 ab=0 am=0 pc=0 mismatch=0 rf=0 mode=0
W 100 3 000000a9 000000000
SECDET 100 pc=0 rf=0 intg=0
C 100 00000090 1 0 0 1 5 0
LOCK 101 rst=1 cmp=5 mismatch=0 rf=0 cap=0
SAMPLE 101 ai=0 ab=0 am=0 pc=0 mismatch=0 rf=0 mode=0
SECDET 101 pc=0 rf=0 intg=0
R 101 64 0000008c fff18193
C 101 00000090 0 0 0 0 5 0
LOCK 102 rst=1 cmp=5 mismatch=0 rf=0 cap=0
SAMPLE 102 ai=0 ab=0 am=0 pc=0 mismatch=0 rf=0 mode=0
SECDET 102 pc=0 rf=0 intg=0
R 102 65 00000090 fe019ee3
C 102 0000008c 1 0 0 0 5 0
LOCK 103 rst=1 cmp=5 mismatch=0 rf=0 cap=0
SAMPLE 103 ai=0 ab=0 am=0 pc=0 mismatch=0 rf=0 mode=0
W 103 3 000000a8 000000000
SECDET 103 pc=0 rf=0 intg=0
C 103 00000090 1 0 0 1 5 0
LOCK 104 rst=1 cmp=5 mismatch=0 rf=0 cap=0
SAMPLE 104 ai=0 ab=0 am=0 pc=0 mismatch=0 rf=0 mode=0
SECDET 104 pc=0 rf=0 intg=0
R 104 66 0000008c fff18193
C 104 00000090 0 0 0 0 5 0
LOCK 105 rst=1 cmp=5 mismatch=0 rf=0 cap=0
SAMPLE 105 ai=0 ab=0 am=0 pc=0 mismatch=0 rf=0 mode=0
SECDET 105 pc=0 rf=0 intg=0
R 105 67 00000090 fe019ee3
C 105 0000008c 1 0 0 0 5 0
LOCK 106 rst=1 cmp=5 mismatch=0 rf=0 cap=0
SAMPLE 106 ai=0 ab=0 am=0 pc=0 mismatch=0 rf=0 mode=0
W 106 3 000000a7 000000000
SECDET 106 pc=0 rf=0 intg=0
C 106 00000090 1 0 0 1 5 0
LOCK 107 rst=1 cmp=5 mismatch=0 rf=0 cap=0
SAMPLE 107 ai=0 ab=0 am=0 pc=0 mismatch=0 rf=0 mode=0
SECDET 107 pc=0 rf=0 intg=0
R 107 68 0000008c fff18193
C 107 00000090 0 0 0 0 5 0
LOCK 108 rst=1 cmp=5 mismatch=0 rf=0 cap=0
SAMPLE 108 ai=0 ab=0 am=0 pc=0 mismatch=0 rf=0 mode=0
SECDET 108 pc=0 rf=0 intg=0
R 108 69 00000090 fe019ee3
C 108 0000008c 1 0 0 0 5 0
LOCK 109 rst=1 cmp=5 mismatch=0 rf=0 cap=0
SAMPLE 109 ai=0 ab=0 am=0 pc=0 mismatch=0 rf=0 mode=0
W 109 3 000000a6 000000000
SECDET 109 pc=0 rf=0 intg=0
C 109 00000090 1 0 0 1 5 0
LOCK 110 rst=1 cmp=5 mismatch=0 rf=0 cap=0
SAMPLE 110 ai=0 ab=0 am=0 pc=0 mismatch=0 rf=0 mode=0
SECDET 110 pc=0 rf=0 intg=0
R 110 70 0000008c fff18193
C 110 00000090 0 0 0 0 5 0
LOCK 111 rst=1 cmp=5 mismatch=0 rf=0 cap=0
SAMPLE 111 ai=0 ab=0 am=0 pc=0 mismatch=0 rf=0 mode=0
SECDET 111 pc=0 rf=0 intg=0
R 111 71 00000090 fe019ee3
C 111 0000008c 1 0 0 0 5 0
LOCK 112 rst=1 cmp=5 mismatch=0 rf=0 cap=0
SAMPLE 112 ai=0 ab=0 am=0 pc=0 mismatch=0 rf=0 mode=0
W 112 3 000000a5 000000000
SECDET 112 pc=0 rf=0 intg=0
C 112 00000090 1 0 0 1 5 0
LOCK 113 rst=1 cmp=5 mismatch=0 rf=0 cap=0
SAMPLE 113 ai=0 ab=0 am=0 pc=0 mismatch=0 rf=0 mode=0
SECDET 113 pc=0 rf=0 intg=0
R 113 72 0000008c fff18193
C 113 00000090 0 0 0 0 5 0
LOCK 114 rst=1 cmp=5 mismatch=0 rf=0 cap=0
SAMPLE 114 ai=0 ab=0 am=0 pc=0 mismatch=0 rf=0 mode=0
SECDET 114 pc=0 rf=0 intg=0
R 114 73 00000090 fe019ee3
C 114 0000008c 1 0 0 0 5 0
LOCK 115 rst=1 cmp=5 mismatch=0 rf=0 cap=0
SAMPLE 115 ai=0 ab=0 am=0 pc=0 mismatch=0 rf=0 mode=0
W 115 3 000000a4 000000000
SECDET 115 pc=0 rf=0 intg=0
C 115 00000090 1 0 0 1 5 0
LOCK 116 rst=1 cmp=5 mismatch=0 rf=0 cap=0
SAMPLE 116 ai=0 ab=0 am=0 pc=0 mismatch=0 rf=0 mode=0
SECDET 116 pc=0 rf=0 intg=0
R 116 74 0000008c fff18193
C 116 00000090 0 0 0 0 5 0
LOCK 117 rst=1 cmp=5 mismatch=0 rf=0 cap=0
SAMPLE 117 ai=0 ab=0 am=0 pc=0 mismatch=0 rf=0 mode=0
SECDET 117 pc=0 rf=0 intg=0
R 117 75 00000090 fe019ee3
C 117 0000008c 1 0 0 0 5 0
LOCK 118 rst=1 cmp=5 mismatch=0 rf=0 cap=0
SAMPLE 118 ai=0 ab=0 am=0 pc=0 mismatch=0 rf=0 mode=0
W 118 3 000000a3 000000000
SECDET 118 pc=0 rf=0 intg=0
C 118 00000090 1 0 0 1 5 0
LOCK 119 rst=1 cmp=5 mismatch=0 rf=0 cap=0
SAMPLE 119 ai=0 ab=0 am=0 pc=0 mismatch=0 rf=0 mode=0
SECDET 119 pc=0 rf=0 intg=0
R 119 76 0000008c fff18193
C 119 00000090 0 0 0 0 5 0
R 120 77 00000090 fe019ee3
C 120 0000008c 1 0 0 0 5 0
W 121 3 000000a2 000000000
C 121 00000090 1 0 0 1 5 0
R 122 78 0000008c fff18193
C 122 00000090 0 0 0 0 5 0
R 123 79 00000090 fe019ee3
C 123 0000008c 1 0 0 0 5 0
W 124 3 000000a1 000000000
C 124 00000090 1 0 0 1 5 0
R 125 80 0000008c fff18193
C 125 00000090 0 0 0 0 5 0
R 126 81 00000090 fe019ee3
C 126 0000008c 1 0 0 0 5 0
W 127 3 000000a0 000000000
C 127 00000090 1 0 0 1 5 0
R 128 82 0000008c fff18193
C 128 00000090 0 0 0 0 5 0
R 129 83 00000090 fe019ee3
C 129 0000008c 1 0 0 0 5 0
W 130 3 0000009f 000000000
C 130 00000090 1 0 0 1 5 0
R 131 84 0000008c fff18193
C 131 00000090 0 0 0 0 5 0
R 132 85 00000090 fe019ee3
C 132 0000008c 1 0 0 0 5 0
W 133 3 0000009e 000000000
C 133 00000090 1 0 0 1 5 0
R 134 86 0000008c fff18193
C 134 00000090 0 0 0 0 5 0
R 135 87 00000090 fe019ee3
C 135 0000008c 1 0 0 0 5 0
W 136 3 0000009d 000000000
C 136 00000090 1 0 0 1 5 0
R 137 88 0000008c fff18193
C 137 00000090 0 0 0 0 5 0
R 138 89 00000090 fe019ee3
C 138 0000008c 1 0 0 0 5 0
W 139 3 0000009c 000000000
C 139 00000090 1 0 0 1 5 0
R 140 90 0000008c fff18193
C 140 00000090 0 0 0 0 5 0
R 141 91 00000090 fe019ee3
C 141 0000008c 1 0 0 0 5 0
W 142 3 0000009b 000000000
C 142 00000090 1 0 0 1 5 0
R 143 92 0000008c fff18193
C 143 00000090 0 0 0 0 5 0
R 144 93 00000090 fe019ee3
C 144 0000008c 1 0 0 0 5 0
W 145 3 0000009a 000000000
C 145 00000090 1 0 0 1 5 0
R 146 94 0000008c fff18193
C 146 00000090 0 0 0 0 5 0
R 147 95 00000090 fe019ee3
C 147 0000008c 1 0 0 0 5 0
W 148 3 00000099 000000000
C 148 00000090 1 0 0 1 5 0
R 149 96 0000008c fff18193
C 149 00000090 0 0 0 0 5 0
R 150 97 00000090 fe019ee3
C 150 0000008c 1 0 0 0 5 0
W 151 3 00000098 000000000
C 151 00000090 1 0 0 1 5 0
R 152 98 0000008c fff18193
C 152 00000090 0 0 0 0 5 0
R 153 99 00000090 fe019ee3
C 153 0000008c 1 0 0 0 5 0
W 154 3 00000097 000000000
C 154 00000090 1 0 0 1 5 0
R 155 100 0000008c fff18193
C 155 00000090 0 0 0 0 5 0
R 156 101 00000090 fe019ee3
C 156 0000008c 1 0 0 0 5 0
W 157 3 00000096 000000000
C 157 00000090 1 0 0 1 5 0
R 158 102 0000008c fff18193
C 158 00000090 0 0 0 0 5 0
R 159 103 00000090 fe019ee3
C 159 0000008c 1 0 0 0 5 0
W 160 3 00000095 000000000
C 160 00000090 1 0 0 1 5 0
R 161 104 0000008c fff18193
C 161 00000090 0 0 0 0 5 0
R 162 105 00000090 fe019ee3
C 162 0000008c 1 0 0 0 5 0
W 163 3 00000094 000000000
C 163 00000090 1 0 0 1 5 0
R 164 106 0000008c fff18193
C 164 00000090 0 0 0 0 5 0
R 165 107 00000090 fe019ee3
C 165 0000008c 1 0 0 0 5 0
W 166 3 00000093 000000000
C 166 00000090 1 0 0 1 5 0
R 167 108 0000008c fff18193
C 167 00000090 0 0 0 0 5 0
R 168 109 00000090 fe019ee3
C 168 0000008c 1 0 0 0 5 0
W 169 3 00000092 000000000
C 169 00000090 1 0 0 1 5 0
R 170 110 0000008c fff18193
C 170 00000090 0 0 0 0 5 0
R 171 111 00000090 fe019ee3
C 171 0000008c 1 0 0 0 5 0
W 172 3 00000091 000000000
C 172 00000090 1 0 0 1 5 0
R 173 112 0000008c fff18193
C 173 00000090 0 0 0 0 5 0
R 174 113 00000090 fe019ee3
C 174 0000008c 1 0 0 0 5 0
W 175 3 00000090 000000000
C 175 00000090 1 0 0 1 5 0
R 176 114 0000008c fff18193
C 176 00000090 0 0 0 0 5 0
R 177 115 00000090 fe019ee3
C 177 0000008c 1 0 0 0 5 0
W 178 3 0000008f 000000000
C 178 00000090 1 0 0 1 5 0
R 179 116 0000008c fff18193
C 179 00000090 0 0 0 0 5 0
R 180 117 00000090 fe019ee3
W 181 3 0000008e 000000000
R 182 118 0000008c fff18193
R 183 119 00000090 fe019ee3
W 184 3 0000008d 000000000
R 185 120 0000008c fff18193
R 186 121 00000090 fe019ee3
W 187 3 0000008c 000000000
R 188 122 0000008c fff18193
R 189 123 00000090 fe019ee3
W 190 3 0000008b 000000000
R 191 124 0000008c fff18193
R 192 125 00000090 fe019ee3
W 193 3 0000008a 000000000
R 194 126 0000008c fff18193
R 195 127 00000090 fe019ee3
W 196 3 00000089 000000000
R 197 128 0000008c fff18193
R 198 129 00000090 fe019ee3
W 199 3 00000088 000000000
R 200 130 0000008c fff18193
R 201 131 00000090 fe019ee3
W 202 3 00000087 000000000
R 203 132 0000008c fff18193
R 204 133 00000090 fe019ee3
W 205 3 00000086 000000000
R 206 134 0000008c fff18193
R 207 135 00000090 fe019ee3
W 208 3 00000085 000000000
R 209 136 0000008c fff18193
R 210 137 00000090 fe019ee3
W 211 3 00000084 000000000
R 212 138 0000008c fff18193
R 213 139 00000090 fe019ee3
W 214 3 00000083 000000000
R 215 140 0000008c fff18193
R 216 141 00000090 fe019ee3
W 217 3 00000082 000000000
R 218 142 0000008c fff18193
R 219 143 00000090 fe019ee3
W 220 3 00000081 000000000
R 221 144 0000008c fff18193
R 222 145 00000090 fe019ee3
W 223 3 00000080 000000000
R 224 146 0000008c fff18193
R 225 147 00000090 fe019ee3
W 226 3 0000007f 000000000
R 227 148 0000008c fff18193
R 228 149 00000090 fe019ee3
W 229 3 0000007e 000000000
R 230 150 0000008c fff18193
R 231 151 00000090 fe019ee3
W 232 3 0000007d 000000000
R 233 152 0000008c fff18193
R 234 153 00000090 fe019ee3
W 235 3 0000007c 000000000
R 236 154 0000008c fff18193
R 237 155 00000090 fe019ee3
W 238 3 0000007b 000000000
R 239 156 0000008c fff18193
R 240 157 00000090 fe019ee3
W 241 3 0000007a 000000000
R 242 158 0000008c fff18193
R 243 159 00000090 fe019ee3
W 244 3 00000079 000000000
R 245 160 0000008c fff18193
R 246 161 00000090 fe019ee3
W 247 3 00000078 000000000
R 248 162 0000008c fff18193
R 249 163 00000090 fe019ee3
W 250 3 00000077 000000000
R 251 164 0000008c fff18193
R 252 165 00000090 fe019ee3
W 253 3 00000076 000000000
R 254 166 0000008c fff18193
R 255 167 00000090 fe019ee3
W 256 3 00000075 000000000
R 257 168 0000008c fff18193
R 258 169 00000090 fe019ee3
W 259 3 00000074 000000000
R 260 170 0000008c fff18193
R 261 171 00000090 fe019ee3
W 262 3 00000073 000000000
R 263 172 0000008c fff18193
R 264 173 00000090 fe019ee3
W 265 3 00000072 000000000
R 266 174 0000008c fff18193
R 267 175 00000090 fe019ee3
W 268 3 00000071 000000000
R 269 176 0000008c fff18193
R 270 177 00000090 fe019ee3
W 271 3 00000070 000000000
R 272 178 0000008c fff18193
R 273 179 00000090 fe019ee3
W 274 3 0000006f 000000000
R 275 180 0000008c fff18193
R 276 181 00000090 fe019ee3
W 277 3 0000006e 000000000
R 278 182 0000008c fff18193
R 279 183 00000090 fe019ee3
W 280 3 0000006d 000000000
R 281 184 0000008c fff18193
R 282 185 00000090 fe019ee3
W 283 3 0000006c 000000000
R 284 186 0000008c fff18193
R 285 187 00000090 fe019ee3
W 286 3 0000006b 000000000
R 287 188 0000008c fff18193
R 288 189 00000090 fe019ee3
W 289 3 0000006a 000000000
R 290 190 0000008c fff18193
R 291 191 00000090 fe019ee3
W 292 3 00000069 000000000
R 293 192 0000008c fff18193
R 294 193 00000090 fe019ee3
W 295 3 00000068 000000000
R 296 194 0000008c fff18193
R 297 195 00000090 fe019ee3
W 298 3 00000067 000000000
R 299 196 0000008c fff18193
R 300 197 00000090 fe019ee3
W 301 3 00000066 000000000
R 302 198 0000008c fff18193
R 303 199 00000090 fe019ee3
W 304 3 00000065 000000000
R 305 200 0000008c fff18193
R 306 201 00000090 fe019ee3
W 307 3 00000064 000000000
R 308 202 0000008c fff18193
R 309 203 00000090 fe019ee3
W 310 3 00000063 000000000
R 311 204 0000008c fff18193
R 312 205 00000090 fe019ee3
W 313 3 00000062 000000000
R 314 206 0000008c fff18193
R 315 207 00000090 fe019ee3
W 316 3 00000061 000000000
R 317 208 0000008c fff18193
R 318 209 00000090 fe019ee3
W 319 3 00000060 000000000
R 320 210 0000008c fff18193
R 321 211 00000090 fe019ee3
W 322 3 0000005f 000000000
R 323 212 0000008c fff18193
R 324 213 00000090 fe019ee3
W 325 3 0000005e 000000000
R 326 214 0000008c fff18193
R 327 215 00000090 fe019ee3
W 328 3 0000005d 000000000
R 329 216 0000008c fff18193
R 330 217 00000090 fe019ee3
W 331 3 0000005c 000000000
R 332 218 0000008c fff18193
R 333 219 00000090 fe019ee3
W 334 3 0000005b 000000000
R 335 220 0000008c fff18193
R 336 221 00000090 fe019ee3
W 337 3 0000005a 000000000
R 338 222 0000008c fff18193
R 339 223 00000090 fe019ee3
W 340 3 00000059 000000000
R 341 224 0000008c fff18193
R 342 225 00000090 fe019ee3
W 343 3 00000058 000000000
R 344 226 0000008c fff18193
R 345 227 00000090 fe019ee3
W 346 3 00000057 000000000
R 347 228 0000008c fff18193
R 348 229 00000090 fe019ee3
W 349 3 00000056 000000000
R 350 230 0000008c fff18193
R 351 231 00000090 fe019ee3
W 352 3 00000055 000000000
R 353 232 0000008c fff18193
R 354 233 00000090 fe019ee3
W 355 3 00000054 000000000
R 356 234 0000008c fff18193
R 357 235 00000090 fe019ee3
W 358 3 00000053 000000000
R 359 236 0000008c fff18193
R 360 237 00000090 fe019ee3
W 361 3 00000052 000000000
R 362 238 0000008c fff18193
R 363 239 00000090 fe019ee3
W 364 3 00000051 000000000
R 365 240 0000008c fff18193
R 366 241 00000090 fe019ee3
W 367 3 00000050 000000000
R 368 242 0000008c fff18193
R 369 243 00000090 fe019ee3
W 370 3 0000004f 000000000
R 371 244 0000008c fff18193
R 372 245 00000090 fe019ee3
W 373 3 0000004e 000000000
R 374 246 0000008c fff18193
R 375 247 00000090 fe019ee3
W 376 3 0000004d 000000000
R 377 248 0000008c fff18193
R 378 249 00000090 fe019ee3
W 379 3 0000004c 000000000
R 380 250 0000008c fff18193
R 381 251 00000090 fe019ee3
W 382 3 0000004b 000000000
R 383 252 0000008c fff18193
R 384 253 00000090 fe019ee3
W 385 3 0000004a 000000000
R 386 254 0000008c fff18193
R 387 255 00000090 fe019ee3
W 388 3 00000049 000000000
R 389 256 0000008c fff18193
R 390 257 00000090 fe019ee3
W 391 3 00000048 000000000
R 392 258 0000008c fff18193
R 393 259 00000090 fe019ee3
W 394 3 00000047 000000000
R 395 260 0000008c fff18193
R 396 261 00000090 fe019ee3
W 397 3 00000046 000000000
R 398 262 0000008c fff18193
R 399 263 00000090 fe019ee3
W 400 3 00000045 000000000
R 401 264 0000008c fff18193
R 402 265 00000090 fe019ee3
W 403 3 00000044 000000000
R 404 266 0000008c fff18193
R 405 267 00000090 fe019ee3
W 406 3 00000043 000000000
R 407 268 0000008c fff18193
R 408 269 00000090 fe019ee3
W 409 3 00000042 000000000
R 410 270 0000008c fff18193
R 411 271 00000090 fe019ee3
W 412 3 00000041 000000000
R 413 272 0000008c fff18193
R 414 273 00000090 fe019ee3
W 415 3 00000040 000000000
R 416 274 0000008c fff18193
R 417 275 00000090 fe019ee3
W 418 3 0000003f 000000000
R 419 276 0000008c fff18193
R 420 277 00000090 fe019ee3
W 421 3 0000003e 000000000
R 422 278 0000008c fff18193
R 423 279 00000090 fe019ee3
W 424 3 0000003d 000000000
R 425 280 0000008c fff18193
R 426 281 00000090 fe019ee3
W 427 3 0000003c 000000000
R 428 282 0000008c fff18193
R 429 283 00000090 fe019ee3
W 430 3 0000003b 000000000
R 431 284 0000008c fff18193
R 432 285 00000090 fe019ee3
W 433 3 0000003a 000000000
R 434 286 0000008c fff18193
R 435 287 00000090 fe019ee3
W 436 3 00000039 000000000
R 437 288 0000008c fff18193
R 438 289 00000090 fe019ee3
W 439 3 00000038 000000000
R 440 290 0000008c fff18193
R 441 291 00000090 fe019ee3
W 442 3 00000037 000000000
R 443 292 0000008c fff18193
R 444 293 00000090 fe019ee3
W 445 3 00000036 000000000
R 446 294 0000008c fff18193
R 447 295 00000090 fe019ee3
W 448 3 00000035 000000000
R 449 296 0000008c fff18193
R 450 297 00000090 fe019ee3
W 451 3 00000034 000000000
R 452 298 0000008c fff18193
R 453 299 00000090 fe019ee3
W 454 3 00000033 000000000
R 455 300 0000008c fff18193
R 456 301 00000090 fe019ee3
W 457 3 00000032 000000000
R 458 302 0000008c fff18193
R 459 303 00000090 fe019ee3
W 460 3 00000031 000000000
R 461 304 0000008c fff18193
R 462 305 00000090 fe019ee3
W 463 3 00000030 000000000
R 464 306 0000008c fff18193
R 465 307 00000090 fe019ee3
W 466 3 0000002f 000000000
R 467 308 0000008c fff18193
R 468 309 00000090 fe019ee3
W 469 3 0000002e 000000000
R 470 310 0000008c fff18193
R 471 311 00000090 fe019ee3
W 472 3 0000002d 000000000
R 473 312 0000008c fff18193
R 474 313 00000090 fe019ee3
W 475 3 0000002c 000000000
R 476 314 0000008c fff18193
R 477 315 00000090 fe019ee3
W 478 3 0000002b 000000000
R 479 316 0000008c fff18193
R 480 317 00000090 fe019ee3
W 481 3 0000002a 000000000
R 482 318 0000008c fff18193
R 483 319 00000090 fe019ee3
W 484 3 00000029 000000000
R 485 320 0000008c fff18193
R 486 321 00000090 fe019ee3
W 487 3 00000028 000000000
R 488 322 0000008c fff18193
R 489 323 00000090 fe019ee3
W 490 3 00000027 000000000
R 491 324 0000008c fff18193
R 492 325 00000090 fe019ee3
W 493 3 00000026 000000000
R 494 326 0000008c fff18193
R 495 327 00000090 fe019ee3
W 496 3 00000025 000000000
R 497 328 0000008c fff18193
R 498 329 00000090 fe019ee3
W 499 3 00000024 000000000
R 500 330 0000008c fff18193
R 501 331 00000090 fe019ee3
W 502 3 00000023 000000000
R 503 332 0000008c fff18193
R 504 333 00000090 fe019ee3
W 505 3 00000022 000000000
R 506 334 0000008c fff18193
R 507 335 00000090 fe019ee3
W 508 3 00000021 000000000
R 509 336 0000008c fff18193
R 510 337 00000090 fe019ee3
W 511 3 00000020 000000000
R 512 338 0000008c fff18193
R 513 339 00000090 fe019ee3
W 514 3 0000001f 000000000
R 515 340 0000008c fff18193
R 516 341 00000090 fe019ee3
W 517 3 0000001e 000000000
R 518 342 0000008c fff18193
R 519 343 00000090 fe019ee3
W 520 3 0000001d 000000000
R 521 344 0000008c fff18193
R 522 345 00000090 fe019ee3
W 523 3 0000001c 000000000
R 524 346 0000008c fff18193
R 525 347 00000090 fe019ee3
W 526 3 0000001b 000000000
R 527 348 0000008c fff18193
R 528 349 00000090 fe019ee3
W 529 3 0000001a 000000000
R 530 350 0000008c fff18193
R 531 351 00000090 fe019ee3
W 532 3 00000019 000000000
R 533 352 0000008c fff18193
R 534 353 00000090 fe019ee3
W 535 3 00000018 000000000
R 536 354 0000008c fff18193
R 537 355 00000090 fe019ee3
W 538 3 00000017 000000000
R 539 356 0000008c fff18193
R 540 357 00000090 fe019ee3
W 541 3 00000016 000000000
R 542 358 0000008c fff18193
R 543 359 00000090 fe019ee3
W 544 3 00000015 000000000
R 545 360 0000008c fff18193
R 546 361 00000090 fe019ee3
W 547 3 00000014 000000000
R 548 362 0000008c fff18193
R 549 363 00000090 fe019ee3
W 550 3 00000013 000000000
R 551 364 0000008c fff18193
R 552 365 00000090 fe019ee3
W 553 3 00000012 000000000
R 554 366 0000008c fff18193
R 555 367 00000090 fe019ee3
W 556 3 00000011 000000000
R 557 368 0000008c fff18193
R 558 369 00000090 fe019ee3
W 559 3 00000010 000000000
R 560 370 0000008c fff18193
R 561 371 00000090 fe019ee3
W 562 3 0000000f 000000000
R 563 372 0000008c fff18193
R 564 373 00000090 fe019ee3
W 565 3 0000000e 000000000
R 566 374 0000008c fff18193
R 567 375 00000090 fe019ee3
W 568 3 0000000d 000000000
R 569 376 0000008c fff18193
R 570 377 00000090 fe019ee3
W 571 3 0000000c 000000000
R 572 378 0000008c fff18193
R 573 379 00000090 fe019ee3
W 574 3 0000000b 000000000
R 575 380 0000008c fff18193
R 576 381 00000090 fe019ee3
W 577 3 0000000a 000000000
R 578 382 0000008c fff18193
R 579 383 00000090 fe019ee3
W 580 3 00000009 000000000
R 581 384 0000008c fff18193
R 582 385 00000090 fe019ee3
W 583 3 00000008 000000000
R 584 386 0000008c fff18193
R 585 387 00000090 fe019ee3
W 586 3 00000007 000000000
R 587 388 0000008c fff18193
R 588 389 00000090 fe019ee3
W 589 3 00000006 000000000
R 590 390 0000008c fff18193
R 591 391 00000090 fe019ee3
W 592 3 00000005 000000000
R 593 392 0000008c fff18193
R 594 393 00000090 fe019ee3
W 595 3 00000004 000000000
R 596 394 0000008c fff18193
R 597 395 00000090 fe019ee3
W 598 3 00000003 000000000
R 599 396 0000008c fff18193
R 600 397 00000090 fe019ee3
W 601 3 00000002 000000000
R 602 398 0000008c fff18193
R 603 399 00000090 fe019ee3
W 604 3 00000001 000000000
R 605 400 0000008c fff18193
R 606 401 00000090 fe019ee3
W 607 3 00000000 000000000
R 608 402 0000008c fff18193
W 609 15 0000007b 000000000
R 609 403 00000090 fe019ee3
R 610 404 00000094 07b00793
R 611 405 00000098 0000006f
R 613 406 00000098 0000006f
R 615 407 00000098 0000006f
R 617 408 00000098 0000006f
R 619 409 00000098 0000006f
R 621 410 00000098 0000006f
R 623 411 00000098 0000006f
R 625 412 00000098 0000006f
R 627 413 00000098 0000006f
R 629 414 00000098 0000006f
R 631 415 00000098 0000006f
R 633 416 00000098 0000006f
R 635 417 00000098 0000006f
R 637 418 00000098 0000006f
R 639 419 00000098 0000006f
R 641 420 00000098 0000006f
R 643 421 00000098 0000006f
R 645 422 00000098 0000006f
R 647 423 00000098 0000006f
R 649 424 00000098 0000006f
R 651 425 00000098 0000006f
R 653 426 00000098 0000006f
R 655 427 00000098 0000006f
R 657 428 00000098 0000006f
R 659 429 00000098 0000006f
R 661 430 00000098 0000006f
R 663 431 00000098 0000006f
R 665 432 00000098 0000006f
R 667 433 00000098 0000006f
R 669 434 00000098 0000006f
R 671 435 00000098 0000006f
R 673 436 00000098 0000006f
R 675 437 00000098 0000006f
R 677 438 00000098 0000006f
R 679 439 00000098 0000006f
R 681 440 00000098 0000006f
R 683 441 00000098 0000006f
R 685 442 00000098 0000006f
R 687 443 00000098 0000006f
R 689 444 00000098 0000006f
R 691 445 00000098 0000006f
R 693 446 00000098 0000006f
R 695 447 00000098 0000006f
R 697 448 00000098 0000006f
R 699 449 00000098 0000006f
R 701 450 00000098 0000006f
R 703 451 00000098 0000006f
R 705 452 00000098 0000006f
R 707 453 00000098 0000006f
R 709 454 00000098 0000006f
R 711 455 00000098 0000006f
R 713 456 00000098 0000006f
R 715 457 00000098 0000006f
R 717 458 00000098 0000006f
R 719 459 00000098 0000006f
R 721 460 00000098 0000006f
R 723 461 00000098 0000006f
R 725 462 00000098 0000006f
R 727 463 00000098 0000006f
R 729 464 00000098 0000006f
R 731 465 00000098 0000006f
R 733 466 00000098 0000006f
R 735 467 00000098 0000006f
R 737 468 00000098 0000006f
R 739 469 00000098 0000006f
R 741 470 00000098 0000006f
R 743 471 00000098 0000006f
R 745 472 00000098 0000006f
R 747 473 00000098 0000006f
R 749 474 00000098 0000006f
R 751 475 00000098 0000006f
R 753 476 00000098 0000006f
R 755 477 00000098 0000006f
R 757 478 00000098 0000006f
R 759 479 00000098 0000006f
R 761 480 00000098 0000006f
R 763 481 00000098 0000006f
R 765 482 00000098 0000006f
R 767 483 00000098 0000006f
R 769 484 00000098 0000006f
R 771 485 00000098 0000006f
R 773 486 00000098 0000006f
R 775 487 00000098 0000006f
R 777 488 00000098 0000006f
R 779 489 00000098 0000006f
R 781 490 00000098 0000006f
R 783 491 00000098 0000006f
R 785 492 00000098 0000006f
R 787 493 00000098 0000006f
R 789 494 00000098 0000006f
R 791 495 00000098 0000006f
R 793 496 00000098 0000006f
R 795 497 00000098 0000006f
R 797 498 00000098 0000006f
R 799 499 00000098 0000006f
R 801 500 00000098 0000006f
R 803 501 00000098 0000006f
R 805 502 00000098 0000006f
R 807 503 00000098 0000006f
R 809 504 00000098 0000006f
R 811 505 00000098 0000006f
R 813 506 00000098 0000006f
R 815 507 00000098 0000006f
R 817 508 00000098 0000006f
R 819 509 00000098 0000006f
R 821 510 00000098 0000006f
R 823 511 00000098 0000006f
R 825 512 00000098 0000006f
R 827 513 00000098 0000006f
R 829 514 00000098 0000006f
R 831 515 00000098 0000006f
R 833 516 00000098 0000006f
R 835 517 00000098 0000006f
R 837 518 00000098 0000006f
R 839 519 00000098 0000006f
R 841 520 00000098 0000006f
R 843 521 00000098 0000006f
R 845 522 00000098 0000006f
R 847 523 00000098 0000006f
R 849 524 00000098 0000006f
R 851 525 00000098 0000006f
R 853 526 00000098 0000006f
R 855 527 00000098 0000006f
R 857 528 00000098 0000006f
R 859 529 00000098 0000006f
R 861 530 00000098 0000006f
R 863 531 00000098 0000006f
R 865 532 00000098 0000006f
R 867 533 00000098 0000006f
R 869 534 00000098 0000006f
R 871 535 00000098 0000006f
R 873 536 00000098 0000006f
R 875 537 00000098 0000006f
R 877 538 00000098 0000006f
R 879 539 00000098 0000006f
R 881 540 00000098 0000006f
R 883 541 00000098 0000006f
R 885 542 00000098 0000006f
R 887 543 00000098 0000006f
R 889 544 00000098 0000006f
R 891 545 00000098 0000006f
R 893 546 00000098 0000006f
R 895 547 00000098 0000006f
R 897 548 00000098 0000006f
R 899 549 00000098 0000006f
R 901 550 00000098 0000006f
R 903 551 00000098 0000006f
R 905 552 00000098 0000006f
R 907 553 00000098 0000006f
R 909 554 00000098 0000006f
R 911 555 00000098 0000006f
R 913 556 00000098 0000006f
R 915 557 00000098 0000006f
R 917 558 00000098 0000006f
R 919 559 00000098 0000006f
R 921 560 00000098 0000006f
R 923 561 00000098 0000006f
R 925 562 00000098 0000006f
R 927 563 00000098 0000006f
R 929 564 00000098 0000006f
R 931 565 00000098 0000006f
R 933 566 00000098 0000006f
R 935 567 00000098 0000006f
R 937 568 00000098 0000006f
R 939 569 00000098 0000006f
R 941 570 00000098 0000006f
R 943 571 00000098 0000006f
R 945 572 00000098 0000006f
R 947 573 00000098 0000006f
R 949 574 00000098 0000006f
R 951 575 00000098 0000006f
R 953 576 00000098 0000006f
R 955 577 00000098 0000006f
R 957 578 00000098 0000006f
R 959 579 00000098 0000006f
R 961 580 00000098 0000006f
R 963 581 00000098 0000006f
R 965 582 00000098 0000006f
R 967 583 00000098 0000006f
R 969 584 00000098 0000006f
R 971 585 00000098 0000006f
R 973 586 00000098 0000006f
R 975 587 00000098 0000006f
R 977 588 00000098 0000006f
R 979 589 00000098 0000006f
R 981 590 00000098 0000006f
R 983 591 00000098 0000006f
R 985 592 00000098 0000006f
R 987 593 00000098 0000006f
R 989 594 00000098 0000006f
R 991 595 00000098 0000006f
R 993 596 00000098 0000006f
R 995 597 00000098 0000006f
R 997 598 00000098 0000006f
R 999 599 00000098 0000006f
R 1001 600 00000098 0000006f
R 1003 601 00000098 0000006f
R 1005 602 00000098 0000006f
R 1007 603 00000098 0000006f
R 1009 604 00000098 0000006f
R 1011 605 00000098 0000006f
R 1013 606 00000098 0000006f
R 1015 607 00000098 0000006f
R 1017 608 00000098 0000006f
R 1019 609 00000098 0000006f
R 1021 610 00000098 0000006f
R 1023 611 00000098 0000006f
R 1025 612 00000098 0000006f
R 1027 613 00000098 0000006f
R 1029 614 00000098 0000006f
R 1031 615 00000098 0000006f
R 1033 616 00000098 0000006f
R 1035 617 00000098 0000006f
R 1037 618 00000098 0000006f
R 1039 619 00000098 0000006f
R 1041 620 00000098 0000006f
R 1043 621 00000098 0000006f
R 1045 622 00000098 0000006f
R 1047 623 00000098 0000006f
R 1049 624 00000098 0000006f
R 1051 625 00000098 0000006f
R 1053 626 00000098 0000006f
R 1055 627 00000098 0000006f
R 1057 628 00000098 0000006f
R 1059 629 00000098 0000006f
R 1061 630 00000098 0000006f
R 1063 631 00000098 0000006f
R 1065 632 00000098 0000006f
R 1067 633 00000098 0000006f
R 1069 634 00000098 0000006f
R 1071 635 00000098 0000006f
R 1073 636 00000098 0000006f
R 1075 637 00000098 0000006f
R 1077 638 00000098 0000006f
R 1079 639 00000098 0000006f
R 1081 640 00000098 0000006f
R 1083 641 00000098 0000006f
R 1085 642 00000098 0000006f
R 1087 643 00000098 0000006f
R 1089 644 00000098 0000006f
R 1091 645 00000098 0000006f
R 1093 646 00000098 0000006f
R 1095 647 00000098 0000006f
R 1097 648 00000098 0000006f
R 1099 649 00000098 0000006f
R 1101 650 00000098 0000006f
R 1103 651 00000098 0000006f
R 1105 652 00000098 0000006f
R 1107 653 00000098 0000006f
R 1109 654 00000098 0000006f
R 1111 655 00000098 0000006f
R 1113 656 00000098 0000006f
R 1115 657 00000098 0000006f
R 1117 658 00000098 0000006f
R 1119 659 00000098 0000006f
R 1121 660 00000098 0000006f
R 1123 661 00000098 0000006f
R 1125 662 00000098 0000006f
R 1127 663 00000098 0000006f
R 1129 664 00000098 0000006f
R 1131 665 00000098 0000006f
R 1133 666 00000098 0000006f
R 1135 667 00000098 0000006f
R 1137 668 00000098 0000006f
R 1139 669 00000098 0000006f
R 1141 670 00000098 0000006f
R 1143 671 00000098 0000006f
R 1145 672 00000098 0000006f
R 1147 673 00000098 0000006f
R 1149 674 00000098 0000006f
R 1151 675 00000098 0000006f
R 1153 676 00000098 0000006f
R 1155 677 00000098 0000006f
R 1157 678 00000098 0000006f
R 1159 679 00000098 0000006f
R 1161 680 00000098 0000006f
R 1163 681 00000098 0000006f
R 1165 682 00000098 0000006f
R 1167 683 00000098 0000006f
R 1169 684 00000098 0000006f
R 1171 685 00000098 0000006f
R 1173 686 00000098 0000006f
R 1175 687 00000098 0000006f
R 1177 688 00000098 0000006f
R 1179 689 00000098 0000006f
R 1181 690 00000098 0000006f
R 1183 691 00000098 0000006f
R 1185 692 00000098 0000006f
R 1187 693 00000098 0000006f
R 1189 694 00000098 0000006f
R 1191 695 00000098 0000006f
R 1193 696 00000098 0000006f
R 1195 697 00000098 0000006f
R 1197 698 00000098 0000006f
R 1199 699 00000098 0000006f
REG 0 00000000
REG 1 00000208
REG 2 44332211
REG 3 00000000
REG 4 00000000
REG 5 00000000
REG 6 00000000
REG 7 00000000
REG 8 00000000
REG 9 00000000
REG 10 00000000
REG 11 00000000
REG 12 00000000
REG 13 00000000
REG 14 00000000
REG 15 0000007b
REG 16 00000000
REG 17 00000000
REG 18 00000000
REG 19 00000000
REG 20 00000000
REG 21 00000000
REG 22 00000000
REG 23 00000000
REG 24 00000000
REG 25 00000000
REG 26 00000000
REG 27 00000000
REG 28 00000000
REG 29 00000000
REG 30 00000000
REG 31 00000000
COUNTS sleep=1 clocks=1197 ai=0 ab=0 am=0 ifetch=1196 data=1 bitmap=0 hit=0 miss=0 dummy=0 expanded=0 predict=0 mispredict=0 keys=0
FINISH
- /home/dungpc/ndmoney4porche/projects/ibex/doc/dungpc/secure_ibex/evidence/secure.harness.sv:217: Verilog $finish
